 HDA

 Timestamp is 6ab1715b (Mon Sep 21 11:03:07 2026)

 Preferred load address is 00010000

 Start         Length     Name                   Class
 0001:00000000 00008607H .text                   CODE
 0002:00000000 000000e8H .idata$5                DATA
 0002:000000e8 00000a03H .rdata                  DATA
 0003:00000000 00000d58H .data                   DATA
 0003:00000d58 00000024H .bss                    DATA
 0004:00000000 0000aae4H PAGE                    CODE
 0005:00000000 000000a9H INIT                    CODE
 0005:000000ac 0000003cH .idata$2                CODE
 0005:000000e8 00000014H .idata$3                CODE
 0005:000000fc 000000e8H .idata$4                CODE
 0005:000001e4 0000049eH .idata$6                CODE
 0006:00000000 00000058H .rsrc$01                DATA
 0006:00000060 000003e0H .rsrc$02                DATA

  Address         Publics by Value              Rva+Base     Lib:Object

 0001:00000000       ??3@YAXPAX@Z               000102e0 f i common.obj
 0001:00000010       ??2@YGPAXIW4_POOL_TYPE@@K@Z 000102f0 f i common.obj
 0001:00000050       ??0CAdapterCommon@@QAE@PAUIUnknown@@@Z 00010330 f i common.obj
 0001:000000a0       ?QueryInterface@CAdapterCommon@@UAGJABU_GUID@@PAPAX@Z 00010380 f i common.obj
 0001:000000d0       ?GetOuterUnknown@CUnknown@@QAEPAUIUnknown@@XZ 000103b0 f i common.obj
 0001:000000f0       ?AddRef@CAdapterCommon@@UAGKXZ 000103d0 f i common.obj
 0001:00000120       ?Release@CAdapterCommon@@UAGKXZ 00010400 f i common.obj
 0001:00000150       ??_ECAdapterCommon@@UAEPAXI@Z 00010430 f i common.obj
 0001:00000150       ??_GCAdapterCommon@@UAEPAXI@Z 00010430 f i common.obj
 0001:00000380       _IsEqualGUIDAligned@8      00010660 f i common.obj
 0001:00000400       ??2@YGPAXIW4_POOL_TYPE@@@Z 000106e0 f i common.obj
 0001:00000450       ?hda_check_headphone_connection_change@CAdapterCommon@@QAGXXZ 00010730 f   common.obj
 0001:000004b0       ?hda_is_supported_sample_rate@CAdapterCommon@@UAGEK@Z 00010790 f   common.obj
 0001:000005f6       ?hda_send_verb@CAdapterCommon@@UAGKKKKK@Z 000108d6 f   common.obj
 0001:00000a06       ?MixerRegWrite@CAdapterCommon@@UAGXEE@Z 00010ce6 f   common.obj
 0001:00000bea       ?MixerRegRead@CAdapterCommon@@UAGEE@Z 00010eca f   common.obj
 0001:00000cce       ?MixerReset@CAdapterCommon@@UAGXXZ 00010fae f   common.obj
 0001:00000d6e       ?AcknowledgeIRQ@CAdapterCommon@@AAE?AW4_HDA_INTERRUPT_TYPE@@XZ 0001104e f   common.obj
 0001:00001012       ?ResetController@CAdapterCommon@@UAGJXZ 000112f2 f   common.obj
 0001:000010c6       ?RestoreMixerSettingsFromRegistry@CAdapterCommon@@UAGJXZ 000113a6 f   common.obj
 0001:00001372       ?SaveMixerSettingsToRegistry@CAdapterCommon@@UAGJXZ 00011652 f   common.obj
 0001:000015ce       ?ProgramSampleRate@CAdapterCommon@@UAGJK@Z 000118ae f   common.obj
 0001:0000180a       ?PowerChangeState@CAdapterCommon@@UAGXT_POWER_STATE@@@Z 00011aea f   common.obj
 0001:00001b96       ?QueryPowerChangeState@CAdapterCommon@@UAGJT_POWER_STATE@@@Z 00011e76 f   common.obj
 0001:00001c1a       ?QueryDeviceCapabilities@CAdapterCommon@@UAGJPAU_DEVICE_CAPABILITIES@@@Z 00011efa f   common.obj
 0001:00001cca       ?InterruptServiceRoutine@@YGJPAUIInterruptSync@@PAX@Z 00011faa f   common.obj
 0001:00001e56       ?hda_stop_stream@CAdapterCommon@@UAGJXZ 00012136 f   common.obj
 0001:0000213a       ?hda_start_sound@CAdapterCommon@@UAGXXZ 0001241a f   common.obj
 0001:000022aa       ?hda_stop_sound@CAdapterCommon@@UAGXXZ 0001258a f   common.obj
 0001:00002446       ?hda_get_actual_stream_position@CAdapterCommon@@UAGKXZ 00012726 f   common.obj
 0001:00002550       ?hda_set_volume@CAdapterCommon@@UAGXKEE@Z 00012830 f   common.obj
 0001:000025b0       ?readUCHAR@CAdapterCommon@@QAGEG@Z 00012890 f   common.obj
 0001:000025d0       ?writeUCHAR@CAdapterCommon@@QAGXGE@Z 000128b0 f   common.obj
 0001:00002600       ?readUSHORT@CAdapterCommon@@QAGGG@Z 000128e0 f   common.obj
 0001:00002620       ?writeUSHORT@CAdapterCommon@@QAGXGG@Z 00012900 f   common.obj
 0001:00002650       ?readULONG@CAdapterCommon@@QAGKG@Z 00012930 f   common.obj
 0001:00002670       ?writeULONG@CAdapterCommon@@QAGXGK@Z 00012950 f   common.obj
 0001:0000280a       ?hda_setup_stream_descriptor@CAdapterCommon@@UAGJPAUIDmaChannel@@@Z 00012aea f   common.obj
 0001:00002c00       ?ReadWriteConfigSpace@CAdapterCommon@@AAGJPAU_DEVICE_OBJECT@@KPAXKK@Z 00012ee0 f   common.obj
 0001:00002d2b       ?WriteConfigSpaceByte@CAdapterCommon@@AAGJEEE@Z 0001300b f   common.obj
 0001:00002e2b       ?WriteConfigSpaceWord@CAdapterCommon@@AAGJEGG@Z 0001310b f   common.obj
 0001:00002ef0       ?CacheLineFlush@CAdapterCommon@@UAGXPAXK@Z 000131d0 f   common.obj
 0001:00002f50       ?JackPollDpcRoutine@CAdapterCommon@@CGXPAU_KDPC@@PAX11@Z 00013230 f   common.obj
 0001:00002fc0       ?JackPollWorker@CAdapterCommon@@CGXPAX@Z 000132a0 f   common.obj
 0001:0000302a       ?StartJackPolling@CAdapterCommon@@AAGJXZ 0001330a f   common.obj
 0001:00003153       ?StopJackPolling@CAdapterCommon@@AAGXXZ 00013433 f   common.obj
 0001:00003200       ?QueryInterface@CAdapterCommon@@W3AGJABU_GUID@@PAPAX@Z 000134e0 f i common.obj
 0001:00003210       ?AddRef@CAdapterCommon@@W3AGKXZ 000134f0 f i common.obj
 0001:00003220       ?Release@CAdapterCommon@@W3AGKXZ 00013500 f i common.obj
 0001:00003230       ??0HDA_Codec@@QAE@EEEKPAUIAdapterCommon@@@Z 00013510 f   codec.obj
 0001:00003310       ??1HDA_Codec@@QAE@XZ       000135f0 f   codec.obj
 0001:00003456       ?InitializeCodec@HDA_Codec@@QAGJXZ 00013736 f   codec.obj
 0001:00003d03       ?hda_initialize_audio_function_group@HDA_Codec@@QAGJK@Z 00013fe3 f   codec.obj
 0001:00004cba       ?hda_get_node_type@HDA_Codec@@QAGEK@Z 00014f9a f   codec.obj
 0001:00004d6a       ?hda_get_node_connection_entries@HDA_Codec@@QAGKKK@Z 0001504a f   codec.obj
 0001:00004f3a       ?hda_initialize_output_pin@HDA_Codec@@QAGJKAAUHDA_NODE_PATH@@@Z 0001521a f   codec.obj
 0001:000053a6       ?hda_initialize_audio_output@HDA_Codec@@QAGXKAAUHDA_NODE_PATH@@@Z 00015686 f   codec.obj
 0001:0000582a       ?hda_initialize_audio_mixer@HDA_Codec@@QAGXKAAUHDA_NODE_PATH@@@Z 00015b0a f   codec.obj
 0001:00005bee       ?hda_initialize_audio_selector@HDA_Codec@@QAGXKAAUHDA_NODE_PATH@@@Z 00015ece f   codec.obj
 0001:000060a2       ?ProgramSampleRate@HDA_Codec@@QAGJK@Z 00016382 f   codec.obj
 0001:00006452       ?ForceEapd@HDA_Codec@@AAEXKE@Z 00016732 f   codec.obj
 0001:000065bf       ?SetOutAmpLR@HDA_Codec@@AAEXKEE@Z 0001689f f   codec.obj
 0001:00006670       ?ReadCoef@HDA_Codec@@AAEKGG@Z 00016950 f   codec.obj
 0001:000066d0       ?WriteCoef@HDA_Codec@@AAEXGGG@Z 000169b0 f   codec.obj
 0001:00006730       ?ApplyAlc292HeadphoneMode@HDA_Codec@@AAEXXZ 00016a10 f   codec.obj
 0001:000067c6       ?ApplyEeeInit@HDA_Codec@@AAEXXZ 00016aa6 f   codec.obj
 0001:000068f9       ?hda_check_headphone_connection_change@HDA_Codec@@QAGXXZ 00016bd9 f   codec.obj
 0001:00006ac0       ?IsDockLineoutPresent@HDA_Codec@@AAEEXZ 00016da0 f   codec.obj
 0001:00006b52       ?hda_is_supported_sample_rate@HDA_Codec@@QAGEK@Z 00016e32 f   codec.obj
 0001:00006c70       ?hda_set_volume@HDA_Codec@@QAGXKEE@Z 00016f50 f   codec.obj
 0001:00006d30       ?hda_set_node_gain@HDA_Codec@@QAGXKKKKEE@Z 00017010 f   codec.obj
 0001:00006df0       ?hda_send_verb@HDA_Codec@@QAGKKKK@Z 000170d0 f   codec.obj
 0001:00006e62       ?hda_enable_pin_output@HDA_Codec@@QAGXKE@Z 00017142 f   codec.obj
 0001:00006fac       ?hda_disable_pin@HDA_Codec@@QAGXK@Z 0001728c f   codec.obj
 0001:00006ff0       ?hda_is_headphone_connected@HDA_Codec@@QAGEXZ 000172d0 f   codec.obj
 0001:00007040       ?hda_return_sound_data_format@HDA_Codec@@QAGGKKK@Z 00017320 f i codec.obj
 0001:00007040       ?hda_return_sound_data_format@CAdapterCommon@@QAGGKKK@Z 00017320 f i codec.obj
 0001:000071b0       ?shutdown@HDA_Codec@@QAGXE@Z 00017490 f   codec.obj
 0001:000071d0       ??0CMiniportTopologyHDA@@QAE@PAUIUnknown@@@Z 000174b0 f i mintopo.obj
 0001:00007210       ?QueryInterface@CMiniportWaveCyclicStreamHDA@@UAGJABU_GUID@@PAPAX@Z 000174f0 f i mintopo.obj
 0001:00007210       ?QueryInterface@CMiniportWaveCyclicHDA@@UAGJABU_GUID@@PAPAX@Z 000174f0 f i mintopo.obj
 0001:00007210       ?QueryInterface@CMiniportTopologyHDA@@UAGJABU_GUID@@PAPAX@Z 000174f0 f i mintopo.obj
 0001:00007240       ?AddRef@CMiniportWaveCyclicHDA@@UAGKXZ 00017520 f i mintopo.obj
 0001:00007240       ?AddRef@CMiniportTopologyHDA@@UAGKXZ 00017520 f i mintopo.obj
 0001:00007240       ?AddRef@CMiniportWaveCyclicStreamHDA@@UAGKXZ 00017520 f i mintopo.obj
 0001:00007270       ?DataRangeIntersection@CMiniportTopologyHDA@@UAGJKPATKSDATAFORMAT@@0KPAXPAK@Z 00017550 f i mintopo.obj
 0001:00007280       ??_ECMiniportTopologyHDA@@UAEPAXI@Z 00017560 f i mintopo.obj
 0001:00007280       ??_GCMiniportTopologyHDA@@UAEPAXI@Z 00017560 f i mintopo.obj
 0001:000072c0       ??0IMiniport@@QAE@XZ       000175a0 f i mintopo.obj
 0001:000072c0       ??0IMiniportWaveCyclicStream@@QAE@XZ 000175a0 f i mintopo.obj
 0001:000072c0       ??0IAdapterCommon@@QAE@XZ  000175a0 f i mintopo.obj
 0001:000072c0       ??0IDmaChannel@@QAE@XZ     000175a0 f i mintopo.obj
 0001:000072c0       ??0IAdapterPowerManagement@@QAE@XZ 000175a0 f i mintopo.obj
 0001:00007970       ?ReadBitsFromMixer@CMiniportTopologyHDA@@AAEEEEE@Z 00017c50 f   mintopo.obj
 0001:000079c0       ?ThisManyOnes@@YGEE@Z      00017ca0 f i mintopo.obj
 0001:000079e0       ?WriteBitsToMixer@CMiniportTopologyHDA@@AAEXEEEE@Z 00017cc0 f   mintopo.obj
 0001:00007a80       ??0CMiniportWaveCyclicHDA@@QAE@PAUIUnknown@@@Z 00017d60 f i minwave.obj
 0001:00007ac0       ??_GCMiniportWaveCyclicHDA@@UAEPAXI@Z 00017da0 f i minwave.obj
 0001:00007ac0       ??_ECMiniportWaveCyclicHDA@@UAEPAXI@Z 00017da0 f i minwave.obj
 0001:00007b00       ??0IMiniportTopology@@QAE@XZ 00017de0 f i minwave.obj
 0001:00007b00       ??0IMiniportWaveCyclic@@QAE@XZ 00017de0 f i minwave.obj
 0001:00007b20       ??0CMyDmaChannel@@QAE@PAUIDmaChannel@@@Z 00017e00 f i minwave.obj
 0001:00007be0       ?QueryInterface@CMyDmaChannel@@UAGJABU_GUID@@PAPAX@Z 00017ec0 f i minwave.obj
 0001:00007c40       _IsEqualGUID@8             00017f20 f i minwave.obj
 0001:00007c70       ?AddRef@CMyDmaChannel@@UAGKXZ 00017f50 f i minwave.obj
 0001:00007c90       ?Release@CMyDmaChannel@@UAGKXZ 00017f70 f i minwave.obj
 0001:00007ce0       ?AllocateBuffer@CMyDmaChannel@@UAGJKPAT_LARGE_INTEGER@@@Z 00017fc0 f i minwave.obj
 0001:00007e80       ?FreeBuffer@CMyDmaChannel@@UAGXXZ 00018160 f i minwave.obj
 0001:00007ed0       ?SystemAddress@CMyDmaChannel@@UAGPAXXZ 000181b0 f i minwave.obj
 0001:00007f00       ?CopyTo@CMyDmaChannel@@UAGXPAX0K@Z 000181e0 f i minwave.obj
 0001:00007f80       ?CopyFrom@CMyDmaChannel@@UAGXPAX0K@Z 00018260 f i minwave.obj
 0001:00007fb0       ?AllocatedBufferSize@CMyDmaChannel@@UAGKXZ 00018290 f i minwave.obj
 0001:00007fe0       ?BufferSize@CMyDmaChannel@@UAGKXZ 000182c0 f i minwave.obj
 0001:00008010       ?SetBufferSize@CMyDmaChannel@@UAGXK@Z 000182f0 f i minwave.obj
 0001:00008040       ?PhysicalAddress@CMyDmaChannel@@UAG?AT_LARGE_INTEGER@@XZ 00018320 f i minwave.obj
 0001:000080a0       ?MaximumBufferSize@CMyDmaChannel@@UAGKXZ 00018380 f i minwave.obj
 0001:000080d0       ?TransferCount@CMyDmaChannel@@UAGKXZ 000183b0 f i minwave.obj
 0001:000080f0       ?GetAdapterObject@CMyDmaChannel@@UAGPAU_DMA_ADAPTER@@XZ 000183d0 f i minwave.obj
 0001:00008110       ??0CMiniportWaveCyclicStreamHDA@@QAE@PAUIUnknown@@@Z 000183f0 f i minwave.obj
 0001:00008150       ?Release@CMiniportWaveCyclicHDA@@UAGKXZ 00018430 f i minwave.obj
 0001:00008150       ?Release@CMiniportWaveCyclicStreamHDA@@UAGKXZ 00018430 f i minwave.obj
 0001:00008150       ?Release@CMiniportTopologyHDA@@UAGKXZ 00018430 f i minwave.obj
 0001:00008180       ??_GCMiniportWaveCyclicStreamHDA@@UAEPAXI@Z 00018460 f i minwave.obj
 0001:00008180       ??_ECMiniportWaveCyclicStreamHDA@@UAEPAXI@Z 00018460 f i minwave.obj
 0001:000081d9       ?GetPosition@CMiniportWaveCyclicStreamHDA@@UAGJPAK@Z 000184b9 f   minwave.obj
 0001:000082ee       ?NormalizePhysicalPosition@CMiniportWaveCyclicStreamHDA@@UAGJPA_J@Z 000185ce f   minwave.obj
 0001:00008390       ?Silence@CMiniportWaveCyclicStreamHDA@@UAGXPAXK@Z 00018670 f   minwave.obj
 0001:000083ce       _DbgPrint                  000186ae f   ntoskrnl:ntoskrnl.exe
 0001:000083d4       _DbgBreakPoint@0           000186b4 f   ntoskrnl:ntoskrnl.exe
 0001:000083da       __alldiv                   000186ba f   ntoskrnl:ntoskrnl.exe
 0001:000083e0       __allmul                   000186c0 f   ntoskrnl:ntoskrnl.exe
 0001:000083e6       _PcInitializeAdapterDriver@12 000186c6 f   portcls:portcls.sys
 0001:000083ec       _PcAddAdapterDevice@20     000186cc f   portcls:portcls.sys
 0001:000083f2       _PcRegisterSubdevice@12    000186d2 f   portcls:portcls.sys
 0001:000083f8       _PcNewMiniport@8           000186d8 f   portcls:portcls.sys
 0001:000083fe       _PcNewPort@8               000186de f   portcls:portcls.sys
 0001:00008404       _PcRegisterPhysicalConnection@20 000186e4 f   portcls:portcls.sys
 0001:0000840a       _PcRegisterAdapterPowerManagement@8 000186ea f   portcls:portcls.sys
 0001:00008410       _PcNewResourceSublist@20   000186f0 f   portcls:portcls.sys
 0001:00008416       _PcNewInterruptSync@20     000186f6 f   portcls:portcls.sys
 0001:0000841c       _PcNewRegistryKey@36       000186fc f   portcls:portcls.sys
 0001:00008422       _PcNewServiceGroup@8       00018702 f   portcls:portcls.sys
 0001:00008430       ??0CUnknown@@QAE@PAUIUnknown@@@Z 00018710 f   stdunk:stdunk.obj
 0001:00008480       ??_ECUnknown@@UAEPAXI@Z    00018760 f i stdunk:stdunk.obj
 0001:00008480       ??_GCUnknown@@UAEPAXI@Z    00018760 f i stdunk:stdunk.obj
 0001:000084b0       ??0IUnknown@@QAE@XZ        00018790 f i stdunk:stdunk.obj
 0001:000084b0       ??0INonDelegatingUnknown@@QAE@XZ 00018790 f i stdunk:stdunk.obj
 0001:000084c0       ??1CUnknown@@UAE@XZ        000187a0 f   stdunk:stdunk.obj
 0001:000084e0       ?NonDelegatingAddRef@CUnknown@@UAGKXZ 000187c0 f   stdunk:stdunk.obj
 0001:00008520       ?NonDelegatingRelease@CUnknown@@UAGKXZ 00018800 f   stdunk:stdunk.obj
 0001:000085a0       ?NonDelegatingQueryInterface@CUnknown@@UAGJABU_GUID@@PAPAX@Z 00018880 f   stdunk:stdunk.obj
 0002:00000000       __imp_@ExAcquireFastMutex@4 00018900     hal:HAL.dll
 0002:00000004       __imp_@KfAcquireSpinLock@4 00018904     hal:HAL.dll
 0002:00000008       __imp_@KfReleaseSpinLock@8 00018908     hal:HAL.dll
 0002:0000000c       __imp_@ExReleaseFastMutex@4 0001890c     hal:HAL.dll
 0002:00000010       __imp__KeStallExecutionProcessor@4 00018910     hal:HAL.dll
 0002:00000014       __imp__KeGetCurrentIrql@0  00018914     hal:HAL.dll
 0002:00000018       \177HAL_NULL_THUNK_DATA    00018918     hal:HAL.dll
 0002:0000001c       __imp__KeInitializeEvent@12 0001891c     ntoskrnl:ntoskrnl.exe
 0002:00000020       __imp__MmUnmapIoSpace@8    00018920     ntoskrnl:ntoskrnl.exe
 0002:00000024       __imp__RtlInitUnicodeString@8 00018924     ntoskrnl:ntoskrnl.exe
 0002:00000028       __imp__READ_REGISTER_ULONG@4 00018928     ntoskrnl:ntoskrnl.exe
 0002:0000002c       __imp__WRITE_REGISTER_ULONG@8 0001892c     ntoskrnl:ntoskrnl.exe
 0002:00000030       __imp__READ_REGISTER_UCHAR@4 00018930     ntoskrnl:ntoskrnl.exe
 0002:00000034       __imp__KeInitializeSpinLock@4 00018934     ntoskrnl:ntoskrnl.exe
 0002:00000038       __imp__WRITE_REGISTER_UCHAR@8 00018938     ntoskrnl:ntoskrnl.exe
 0002:0000003c       __imp__READ_REGISTER_USHORT@4 0001893c     ntoskrnl:ntoskrnl.exe
 0002:00000040       __imp__WRITE_REGISTER_USHORT@8 00018940     ntoskrnl:ntoskrnl.exe
 0002:00000044       __imp_@ObfDereferenceObject@4 00018944     ntoskrnl:ntoskrnl.exe
 0002:00000048       __imp__KeWaitForSingleObject@20 00018948     ntoskrnl:ntoskrnl.exe
 0002:0000004c       __imp_@IofCallDriver@8     0001894c     ntoskrnl:ntoskrnl.exe
 0002:00000050       __imp__IoBuildSynchronousFsdRequest@28 00018950     ntoskrnl:ntoskrnl.exe
 0002:00000054       __imp__IoGetAttachedDeviceReference@4 00018954     ntoskrnl:ntoskrnl.exe
 0002:00000058       __imp__IoGetDmaAdapter@12  00018958     ntoskrnl:ntoskrnl.exe
 0002:0000005c       __imp__MmMapIoSpace@16     0001895c     ntoskrnl:ntoskrnl.exe
 0002:00000060       __imp_@InterlockedCompareExchange@12 00018960     ntoskrnl:ntoskrnl.exe
 0002:00000064       __imp__KeSetEvent@12       00018964     ntoskrnl:ntoskrnl.exe
 0002:00000068       __imp_@InterlockedExchange@8 00018968     ntoskrnl:ntoskrnl.exe
 0002:0000006c       __imp__KeSetTimerEx@20     0001896c     ntoskrnl:ntoskrnl.exe
 0002:00000070       __imp__KeInitializeDpc@12  00018970     ntoskrnl:ntoskrnl.exe
 0002:00000074       __imp__RtlAssert@16        00018974     ntoskrnl:ntoskrnl.exe
 0002:00000078       __imp__KeRemoveQueueDpc@4  00018978     ntoskrnl:ntoskrnl.exe
 0002:0000007c       __imp__KeCancelTimer@4     0001897c     ntoskrnl:ntoskrnl.exe
 0002:00000080       __imp_@InterlockedIncrement@4 00018980     ntoskrnl:ntoskrnl.exe
 0002:00000084       __imp_@InterlockedDecrement@4 00018984     ntoskrnl:ntoskrnl.exe
 0002:00000088       __imp__KeInitializeMutex@8 00018988     ntoskrnl:ntoskrnl.exe
 0002:0000008c       __imp__KeReleaseMutex@8    0001898c     ntoskrnl:ntoskrnl.exe
 0002:00000090       __imp___alldiv             00018990     ntoskrnl:ntoskrnl.exe
 0002:00000094       __imp___allmul             00018994     ntoskrnl:ntoskrnl.exe
 0002:00000098       __imp__ExAllocatePoolWithTag@12 00018998     ntoskrnl:ntoskrnl.exe
 0002:0000009c       __imp__ExFreePool@4        0001899c     ntoskrnl:ntoskrnl.exe
 0002:000000a0       __imp__DbgBreakPoint@0     000189a0     ntoskrnl:ntoskrnl.exe
 0002:000000a4       __imp__DbgPrint            000189a4     ntoskrnl:ntoskrnl.exe
 0002:000000a8       __imp__KeClearEvent@4      000189a8     ntoskrnl:ntoskrnl.exe
 0002:000000ac       __imp__ExQueueWorkItem@8   000189ac     ntoskrnl:ntoskrnl.exe
 0002:000000b0       __imp__KeInitializeTimer@4 000189b0     ntoskrnl:ntoskrnl.exe
 0002:000000b4       \177ntoskrnl_NULL_THUNK_DATA 000189b4     ntoskrnl:ntoskrnl.exe
 0002:000000b8       __imp__PcRegisterAdapterPowerManagement@8 000189b8     portcls:portcls.sys
 0002:000000bc       __imp__PcAddAdapterDevice@20 000189bc     portcls:portcls.sys
 0002:000000c0       __imp__PcRegisterSubdevice@12 000189c0     portcls:portcls.sys
 0002:000000c4       __imp__PcNewMiniport@8     000189c4     portcls:portcls.sys
 0002:000000c8       __imp__PcNewPort@8         000189c8     portcls:portcls.sys
 0002:000000cc       __imp__PcRegisterPhysicalConnection@20 000189cc     portcls:portcls.sys
 0002:000000d0       __imp__PcInitializeAdapterDriver@12 000189d0     portcls:portcls.sys
 0002:000000d4       __imp__PcNewResourceSublist@20 000189d4     portcls:portcls.sys
 0002:000000d8       __imp__PcNewInterruptSync@20 000189d8     portcls:portcls.sys
 0002:000000dc       __imp__PcNewRegistryKey@36 000189dc     portcls:portcls.sys
 0002:000000e0       __imp__PcNewServiceGroup@8 000189e0     portcls:portcls.sys
 0002:000000e4       \177portcls_NULL_THUNK_DATA 000189e4     portcls:portcls.sys
 0002:00000160       _IID_IAdapterCommon        00018a60     adapter.obj
 0002:00000170       _CLSID_MiniportDriverFmSynth 00018a70     adapter.obj
 0002:00000180       _CLSID_PortWaveCyclic      00018a80     adapter.obj
 0002:00000190       _CLSID_PortTopology        00018a90     adapter.obj
 0002:000001a0       _CLSID_PortMidi            00018aa0     adapter.obj
 0002:000001b0       _IID_IAdapterPowerManagment 00018ab0     adapter.obj
 0002:000001c0       _IID_IMiniportWaveCyclicStream 00018ac0     adapter.obj
 0002:000001d0       _IID_IMiniportWaveCyclic   00018ad0     adapter.obj
 0002:000001e0       _IID_IPortWaveCyclic       00018ae0     adapter.obj
 0002:000001f0       _IID_IMiniportTopology     00018af0     adapter.obj
 0002:00000200       _IID_IDmaChannel           00018b00     adapter.obj
 0002:00000210       _IID_IMiniport             00018b10     adapter.obj
 0002:00000220       _IID_IUnknown              00018b20     adapter.obj
 0002:00000230       ??_C@_1BK@EGDE@?$AAF?$AAo?$AAr?$AAc?$AAe?$AAP?$AAi?$AAo?$AAM?$AAo?$AAd?$AAe?$AA?$AA@ 00018b30     common.obj
 0002:0000024c       ??_C@_1BE@FFBG@?$AAU?$AAs?$AAe?$AAD?$AAm?$AAa?$AAP?$AAo?$AAs?$AA?$AA@ 00018b4c     common.obj
 0002:00000260       ??_C@_1CA@DADJ@?$AAU?$AAs?$AAe?$AAD?$AAi?$AAs?$AAa?$AAb?$AAl?$AAe?$AAd?$AAP?$AAi?$AAn?$AAs?$AA?$AA@ 00018b60     common.obj
 0002:00000280       ??_C@_1BC@MBIB@?$AAU?$AAs?$AAe?$AAS?$AAP?$AAD?$AAI?$AAF?$AA?$AA@ 00018b80     common.obj
 0002:00000294       ??_C@_1BE@ONOC@?$AAU?$AAs?$AAe?$AAA?$AAl?$AAt?$AAO?$AAu?$AAt?$AA?$AA@ 00018b94     common.obj
 0002:000002a8       ??_C@_1BO@LMMA@?$AAS?$AAk?$AAi?$AAp?$AAC?$AAo?$AAd?$AAe?$AAc?$AAR?$AAe?$AAs?$AAe?$AAt?$AA?$AA@ 00018ba8     common.obj
 0002:000002c8       ??_C@_1CI@JKGI@?$AAS?$AAk?$AAi?$AAp?$AAC?$AAo?$AAn?$AAt?$AAr?$AAo?$AAl?$AAl?$AAe?$AAr?$AAR?$AAe?$AAs?$AAe?$AAt?$AA?$AA@ 00018bc8     common.obj
 0002:000002f0       ??_C@_1BE@ENEK@?$AAR?$AAi?$AAg?$AAh?$AAt?$AAB?$AAa?$AAs?$AAs?$AA?$AA@ 00018bf0     common.obj
 0002:00000304       ??_C@_1BC@JMJO@?$AAL?$AAe?$AAf?$AAt?$AAB?$AAa?$AAs?$AAs?$AA?$AA@ 00018c04     common.obj
 0002:00000318       ??_C@_1BI@KGAJ@?$AAR?$AAi?$AAg?$AAh?$AAt?$AAT?$AAr?$AAe?$AAb?$AAl?$AAe?$AA?$AA@ 00018c18     common.obj
 0002:00000330       ??_C@_1BG@BGGD@?$AAL?$AAe?$AAf?$AAt?$AAT?$AAr?$AAe?$AAb?$AAl?$AAe?$AA?$AA@ 00018c30     common.obj
 0002:00000348       ??_C@_1O@IECC@?$AAM?$AAi?$AAc?$AAA?$AAG?$AAC?$AA?$AA@ 00018c48     common.obj
 0002:00000358       ??_C@_1CA@EJHI@?$AAR?$AAi?$AAg?$AAh?$AAt?$AAO?$AAu?$AAt?$AAp?$AAu?$AAt?$AAG?$AAa?$AAi?$AAn?$AA?$AA@ 00018c58     common.obj
 0002:00000378       ??_C@_1BO@PPLI@?$AAL?$AAe?$AAf?$AAt?$AAO?$AAu?$AAt?$AAp?$AAu?$AAt?$AAG?$AAa?$AAi?$AAn?$AA?$AA@ 00018c78     common.obj
 0002:00000398       ??_C@_1BO@PMCJ@?$AAR?$AAi?$AAg?$AAh?$AAt?$AAI?$AAn?$AAp?$AAu?$AAt?$AAG?$AAa?$AAi?$AAn?$AA?$AA@ 00018c98     common.obj
 0002:000003b8       ??_C@_1BM@CFEM@?$AAL?$AAe?$AAf?$AAt?$AAI?$AAn?$AAp?$AAu?$AAt?$AAG?$AAa?$AAi?$AAn?$AA?$AA@ 00018cb8     common.obj
 0002:000003d4       ??_C@_1CA@CIKM@?$AAR?$AAi?$AAg?$AAh?$AAt?$AAI?$AAn?$AAp?$AAu?$AAt?$AAM?$AAi?$AAx?$AAe?$AAr?$AA?$AA@ 00018cd4     common.obj
 0002:000003f4       ??_C@_1BO@JOGM@?$AAL?$AAe?$AAf?$AAt?$AAI?$AAn?$AAp?$AAu?$AAt?$AAM?$AAi?$AAx?$AAe?$AAr?$AA?$AA@ 00018cf4     common.obj
 0002:00000414       ??_C@_1BI@BMOJ@?$AAO?$AAu?$AAt?$AAp?$AAu?$AAt?$AAM?$AAi?$AAx?$AAe?$AAr?$AA?$AA@ 00018d14     common.obj
 0002:0000042c       ??_C@_1BE@GLOL@?$AAP?$AAc?$AAS?$AAp?$AAk?$AAr?$AAV?$AAo?$AAl?$AA?$AA@ 00018d2c     common.obj
 0002:00000440       ??_C@_1O@MNBB@?$AAM?$AAi?$AAc?$AAV?$AAo?$AAl?$AA?$AA@ 00018d40     common.obj
 0002:00000450       ??_C@_1BO@HCKE@?$AAR?$AAi?$AAg?$AAh?$AAt?$AAL?$AAi?$AAn?$AAe?$AAI?$AAn?$AAV?$AAo?$AAl?$AA?$AA@ 00018d50     common.obj
 0002:00000470       ??_C@_1BM@KLMB@?$AAL?$AAe?$AAf?$AAt?$AAL?$AAi?$AAn?$AAe?$AAI?$AAn?$AAV?$AAo?$AAl?$AA?$AA@ 00018d70     common.obj
 0002:0000048c       ??_C@_1BG@COJL@?$AAR?$AAi?$AAg?$AAh?$AAt?$AAC?$AAD?$AAV?$AAo?$AAl?$AA?$AA@ 00018d8c     common.obj
 0002:000004a4       ??_C@_1BE@KMKA@?$AAL?$AAe?$AAf?$AAt?$AAC?$AAD?$AAV?$AAo?$AAl?$AA?$AA@ 00018da4     common.obj
 0002:000004b8       ??_C@_1BK@JCIM@?$AAR?$AAi?$AAg?$AAh?$AAt?$AAM?$AAi?$AAd?$AAi?$AAV?$AAo?$AAl?$AA?$AA@ 00018db8     common.obj
 0002:000004d4       ??_C@_1BI@KBIJ@?$AAL?$AAe?$AAf?$AAt?$AAM?$AAi?$AAd?$AAi?$AAV?$AAo?$AAl?$AA?$AA@ 00018dd4     common.obj
 0002:000004ec       ??_C@_1BK@MFCG@?$AAR?$AAi?$AAg?$AAh?$AAt?$AAW?$AAa?$AAv?$AAe?$AAV?$AAo?$AAl?$AA?$AA@ 00018dec     common.obj
 0002:00000508       ??_C@_1BI@PGCD@?$AAL?$AAe?$AAf?$AAt?$AAW?$AAa?$AAv?$AAe?$AAV?$AAo?$AAl?$AA?$AA@ 00018e08     common.obj
 0002:00000520       ??_C@_1BO@NHA@?$AAR?$AAi?$AAg?$AAh?$AAt?$AAM?$AAa?$AAs?$AAt?$AAe?$AAr?$AAV?$AAo?$AAl?$AA?$AA@ 00018e20     common.obj
 0002:00000540       ??_C@_1BM@NEBF@?$AAL?$AAe?$AAf?$AAt?$AAM?$AAa?$AAs?$AAt?$AAe?$AAr?$AAV?$AAo?$AAl?$AA?$AA@ 00018e40     common.obj
 0002:0000055c       ??_7CAdapterCommon@@6BCUnknown@@@ 00018e5c     common.obj
 0002:0000056c       ??_7CAdapterCommon@@6BIAdapterPowerManagement@@@ 00018e6c     common.obj
 0002:00000584       ??_7CAdapterCommon@@6BIAdapterCommon@@@ 00018e84     common.obj
 0002:00000998       ??_7CMiniportTopologyHDA@@6BCUnknown@@@ 00019298     mintopo.obj
 0002:000009a8       ??_7CMiniportTopologyHDA@@6BIMiniportTopology@@@ 000192a8     mintopo.obj
 0002:000009c0       ??_7CMiniportWaveCyclicHDA@@6BCUnknown@@@ 000192c0     minwave.obj
 0002:000009d0       ??_7CMiniportWaveCyclicHDA@@6BIMiniportWaveCyclic@@@ 000192d0     minwave.obj
 0002:000009ec       ??_C@_09BAJA@SSE2?5?$CFd?5?6?$AA@ 000192ec     minwave.obj
 0002:000009f8       ??_7CMyDmaChannel@@6B@     000192f8     minwave.obj
 0002:00000a34       ??_C@_0DG@LDEH@Aligned?5DMA?5view?5invalid?5?$CIoff?$DN?$CFl@ 00019334     minwave.obj
 0002:00000a6c       ??_7CMiniportWaveCyclicStreamHDA@@6BCUnknown@@@ 0001936c     minwave.obj
 0002:00000a7c       ??_7CMiniportWaveCyclicStreamHDA@@6BIMiniportWaveCyclicStream@@@ 0001937c     minwave.obj
 0002:00000aa0       ??_7CUnknown@@6B@          000193a0     stdunk:stdunk.obj
 0002:00000ab0       ??_C@_0BB@CHNF@m_lRefCount?5?$DO?$DN?50?$AA@ 000193b0     stdunk:stdunk.obj
 0002:00000ac4       ??_C@_0N@DIKJ@?4?2stdunk?4cpp?$AA@ 000193c4     stdunk:stdunk.obj
 0002:00000ad4       ??_C@_0BA@HPDB@m_lRefCount?5?$DO?50?$AA@ 000193d4     stdunk:stdunk.obj
 0002:00000ae4       ??_C@_06DPDC@ppVoid?$AA@   000193e4     stdunk:stdunk.obj
 0003:00000000       ?ulDebugOut@@3KA           00019400     adapter.obj
 0003:00000008       __GUID_b7902fe9_fb0a_11d1_81b0_0060083316c1 00019408     adapter.obj
 0003:00000018       __GUID_d3f0ce1c_fffc_11d1_81b0_0060083316c1 00019418     adapter.obj
 0003:00000028       __GUID_c096df9c_fb09_11d1_81b0_0060083316c1 00019428     adapter.obj
 0003:0000014c       ?BdlSize@@3KA              0001954c     common.obj
 0003:00000870       __GUID_185fedf6_9905_11d1_95a9_00c04fb925d3 00019c70     mintopo.obj
 0003:00000880       __GUID_185fedef_9905_11d1_95a9_00c04fb925d3 00019c80     mintopo.obj
 0003:00000890       __GUID_185fede1_9905_11d1_95a9_00c04fb925d3 00019c90     mintopo.obj
 0003:000008a0       __GUID_185fede0_9905_11d1_95a9_00c04fb925d3 00019ca0     mintopo.obj
 0003:000008b0       __GUID_7607e580_c557_11d0_8a2b_00a0c9255ac1 00019cb0     mintopo.obj
 0003:000008c0       __GUID_185fede4_9905_11d1_95a9_00c04fb925d3 00019cc0     mintopo.obj
 0003:000008d0       __GUID_185fede3_9905_11d1_95a9_00c04fb925d3 00019cd0     mintopo.obj
 0003:000008e0       __GUID_da441a60_c556_11d0_8a2b_00a0c9255ac1 00019ce0     mintopo.obj
 0003:000008f0       __GUID_185fedee_9905_11d1_95a9_00c04fb925d3 00019cf0     mintopo.obj
 0003:00000900       __GUID_02b223c0_c557_11d0_8a2b_00a0c9255ac1 00019d00     mintopo.obj
 0003:00000910       __GUID_185feded_9905_11d1_95a9_00c04fb925d3 00019d10     mintopo.obj
 0003:00000920       __GUID_e88c9ba0_c557_11d0_8a2b_00a0c9255ac1 00019d20     mintopo.obj
 0003:00000930       __GUID_185fedec_9905_11d1_95a9_00c04fb925d3 00019d30     mintopo.obj
 0003:00000940       __GUID_185fedeb_9905_11d1_95a9_00c04fb925d3 00019d40     mintopo.obj
 0003:00000950       __GUID_185fedea_9905_11d1_95a9_00c04fb925d3 00019d50     mintopo.obj
 0003:00000960       __GUID_185fede9_9905_11d1_95a9_00c04fb925d3 00019d60     mintopo.obj
 0003:00000970       __GUID_185fede8_9905_11d1_95a9_00c04fb925d3 00019d70     mintopo.obj
 0003:00000980       __GUID_e573adc0_c555_11d0_8a2b_00a0c9255ac1 00019d80     mintopo.obj
 0003:00000990       __GUID_185fede7_9905_11d1_95a9_00c04fb925d3 00019d90     mintopo.obj
 0003:000009a0       __GUID_185fede5_9905_11d1_95a9_00c04fb925d3 00019da0     mintopo.obj
 0003:000009b0       __GUID_3a5acc00_c557_11d0_8a2b_00a0c9255ac1 00019db0     mintopo.obj
 0003:000009c0       __GUID_45ffaaa0_6e1b_11d0_bcf2_444553540000 00019dc0     mintopo.obj
 0003:000009d0       __GUID_6994ad04_93ef_11d0_a3cc_00a0c9223196 00019dd0     mintopo.obj
 0003:000009e0       __GUID_185fedf7_9905_11d1_95a9_00c04fb925d3 00019de0     mintopo.obj
 0003:000009f0       __GUID_dff21ce1_f70f_11d0_b917_00a0c9223196 00019df0     mintopo.obj
 0003:00000a00       __GUID_dff21be1_f70f_11d0_b917_00a0c9223196 00019e00     mintopo.obj
 0003:00000a10       __GUID_185fedf9_9905_11d1_95a9_00c04fb925d3 00019e10     mintopo.obj
 0003:00000a20       __GUID_dff21fe3_f70f_11d0_b917_00a0c9223196 00019e20     mintopo.obj
 0003:00000a30       __GUID_185fedfb_9905_11d1_95a9_00c04fb925d3 00019e30     mintopo.obj
 0003:00000a40       __GUID_dff220e3_f70f_11d0_b917_00a0c9223196 00019e40     mintopo.obj
 0003:00000a50       __GUID_185fedf8_9905_11d1_95a9_00c04fb925d3 00019e50     mintopo.obj
 0003:00000a60       __GUID_dff220f3_f70f_11d0_b917_00a0c9223196 00019e60     mintopo.obj
 0003:00000a70       __GUID_dff21fe4_f70f_11d0_b917_00a0c9223196 00019e70     mintopo.obj
 0003:00000a80       __GUID_97e99ba0_bdea_11cf_a5d6_28db04c10000 00019e80     mintopo.obj
 0003:00000cc8       __GUID_507ae360_c554_11d0_8a2b_00a0c9255ac1 0001a0c8     minwave.obj
 0003:00000cd8       __GUID_4d837fe0_c555_11d0_8a2b_00a0c9255ac1 0001a0d8     minwave.obj
 0003:00000ce8       __GUID_185fedfa_9905_11d1_95a9_00c04fb925d3 0001a0e8     minwave.obj
 0003:00000cf8       __GUID_fb6c4281_0353_11d1_905f_0000c0cc16ba 0001a0f8     minwave.obj
 0003:00000d08       __GUID_05589f81_c356_11ce_bf01_00aa0055595a 0001a108     minwave.obj
 0003:00000d18       __GUID_00000001_0000_0010_8000_00aa00389b71 0001a118     minwave.obj
 0003:00000d28       __GUID_73647561_0000_0010_8000_00aa00389b71 0001a128     minwave.obj
 0003:00000d38       __GUID_518590a2_a184_11d0_8522_00c04fd9baf3 0001a138     minwave.obj
 0003:00000d48       __GUID_0f6417d6_c318_11d0_a43f_00a0c9223196 0001a148     minwave.obj
 0003:00000d58       ?PDO@@3PAU_DEVICE_OBJECT@@A 0001a158     adapter.obj
 0003:00000d60       __GUID_00000000_0000_0000_0000_000000000000 0001a160     adapter.obj
 0004:000000ae       _AddDevice@8               0001a22e f   adapter.obj
 0004:0000036a       ?InstallSubdevice@@YGJPAU_DEVICE_OBJECT@@PAU_IRP@@PAGABU_GUID@@3P6GJPAPAUIUnknown@@3PAU4@W4_POOL_TYPE@@@Z5PAUIResourceList@@344@Z 0001a4ea f   adapter.obj
 0004:0000076e       ?StartDevice@@YGJPAU_DEVICE_OBJECT@@PAU_IRP@@PAUIResourceList@@@Z 0001a8ee f   adapter.obj
 0004:00000f6e       ?AssignResources@@YGJPAUIResourceList@@PAPAU1@11111@Z 0001b0ee f   adapter.obj
 0004:000014d8       ?NewAdapterCommon@@YGJPAPAUIUnknown@@ABU_GUID@@PAU1@W4_POOL_TYPE@@@Z 0001b658 f   common.obj
 0004:0000217d       ?Init@CAdapterCommon@@UAGJPAUIResourceList@@PAU_DEVICE_OBJECT@@1@Z 0001c2fd f   common.obj
 0004:000039d2       ??1CAdapterCommon@@UAE@XZ  0001db52 f   common.obj
 0004:00003e50       ??_GHDA_Codec@@QAEPAXI@Z   0001dfd0 f i common.obj
 0004:00003ed7       ?NonDelegatingQueryInterface@CAdapterCommon@@UAGJABU_GUID@@PAPAX@Z 0001e057 f   common.obj
 0004:0000402e       ?WavePortDriverDest@CAdapterCommon@@UAGPAPAUIUnknown@@XZ 0001e1ae f   common.obj
 0004:000040ce       ?GetInterruptSync@CAdapterCommon@@UAGPAUIInterruptSync@@XZ 0001e24e f   common.obj
 0004:0000416e       ?GetDeviceDescription@CAdapterCommon@@UAGPAU_DEVICE_DESCRIPTION@@XZ 0001e2ee f   common.obj
 0004:0000420e       ?MidiPortDriverDest@CAdapterCommon@@UAGPAPAUIUnknown@@XZ 0001e38e f   common.obj
 0004:000042ae       ?SetWaveServiceGroup@CAdapterCommon@@UAGXPAUIServiceGroup@@@Z 0001e42e f   common.obj
 0004:00004a8e       ?InitHDAController@CAdapterCommon@@QAGJXZ 0001ec0e f   common.obj
 0004:00005c9e       ?TryInitializeCodecSlot@CAdapterCommon@@AAGJEPBD@Z 0001fe1e f   common.obj
 0004:00005ee2       ?ReadRegistryBoolean@CAdapterCommon@@AAGEPBGE@Z 00020062 f   common.obj
 0004:000060c8       ?CreateMiniportTopologyHDA@@YGJPAPAUIUnknown@@ABU_GUID@@PAU1@W4_POOL_TYPE@@@Z 00020248 f   mintopo.obj
 0004:0000623a       ?ProcessResources@CMiniportTopologyHDA@@AAEJPAUIResourceList@@@Z 000203ba f   mintopo.obj
 0004:000063ba       ?NonDelegatingQueryInterface@CMiniportTopologyHDA@@UAGJABU_GUID@@PAPAX@Z 0002053a f   mintopo.obj
 0004:0000655e       ??1CMiniportTopologyHDA@@UAE@XZ 000206de f   mintopo.obj
 0004:00006736       ?Init@CMiniportTopologyHDA@@UAGJPAUIUnknown@@PAUIResourceList@@PAUIPortTopology@@@Z 000208b6 f   mintopo.obj
 0004:0000694a       ?GetDescription@CMiniportTopologyHDA@@UAGJPAPAUPCFILTER_DESCRIPTOR@@@Z 00020aca f   mintopo.obj
 0004:00008228       ?CreateMiniportWaveCyclicHDA@@YGJPAPAUIUnknown@@ABU_GUID@@PAU1@W4_POOL_TYPE@@@Z 000223a8 f   minwave.obj
 0004:000084e6       ?ProcessResources@CMiniportWaveCyclicHDA@@AAEJPAUIResourceList@@@Z 00022666 f   minwave.obj
 0004:00008992       ?ValidateFormat@CMiniportWaveCyclicHDA@@AAEJPATKSDATAFORMAT@@@Z 00022b12 f   minwave.obj
 0004:00008bce       ?NonDelegatingQueryInterface@CMiniportWaveCyclicHDA@@UAGJABU_GUID@@PAPAX@Z 00022d4e f   minwave.obj
 0004:00008d82       ??1CMiniportWaveCyclicHDA@@UAE@XZ 00022f02 f   minwave.obj
 0004:00008f76       ?Init@CMiniportWaveCyclicHDA@@UAGJPAUIUnknown@@PAUIResourceList@@PAUIPortWaveCyclic@@@Z 000230f6 f   minwave.obj
 0004:0000920e       ?GetDescription@CMiniportWaveCyclicHDA@@UAGJPAPAUPCFILTER_DESCRIPTOR@@@Z 0002338e f   minwave.obj
 0004:000093ea       ?DataRangeIntersection@CMiniportWaveCyclicHDA@@UAGJKPATKSDATAFORMAT@@0KPAXPAK@Z 0002356a f   minwave.obj
 0004:000099da       ?NewStream@CMiniportWaveCyclicHDA@@UAGJPAPAUIMiniportWaveCyclicStream@@PAUIUnknown@@W4_POOL_TYPE@@KEPATKSDATAFORMAT@@PAPAUIDmaChannel@@PAPAUIServiceGroup@@@Z 00023b5a f   minwave.obj
 0004:00009d72       ?NonDelegatingQueryInterface@CMiniportWaveCyclicStreamHDA@@UAGJABU_GUID@@PAPAX@Z 00023ef2 f   minwave.obj
 0004:00009f0e       ??1CMiniportWaveCyclicStreamHDA@@UAE@XZ 0002408e f   minwave.obj
 0004:0000a190       ?Init@CMiniportWaveCyclicStreamHDA@@QAEJPAVCMiniportWaveCyclicHDA@@KEPATKSDATAFORMAT@@PAUIDmaChannel@@@Z 00024310 f   minwave.obj
 0004:0000a442       ?SetNotificationFreq@CMiniportWaveCyclicStreamHDA@@UAGKKPAK@Z 000245c2 f   minwave.obj
 0004:0000a5d6       ?SetFormat@CMiniportWaveCyclicStreamHDA@@UAGJPATKSDATAFORMAT@@@Z 00024756 f   minwave.obj
 0004:0000a7fe       ?SetState@CMiniportWaveCyclicStreamHDA@@UAGJW4KSSTATE@@@Z 0002497e f   minwave.obj
 0005:0000003e       _DriverEntry@8             00024cbe f   adapter.obj
 0005:000000ac       __IMPORT_DESCRIPTOR_ntoskrnl 00024d2c     ntoskrnl:ntoskrnl.exe
 0005:000000c0       __IMPORT_DESCRIPTOR_HAL    00024d40     hal:HAL.dll
 0005:000000d4       __IMPORT_DESCRIPTOR_portcls 00024d54     portcls:portcls.sys
 0005:000000e8       __NULL_IMPORT_DESCRIPTOR   00024d68     ntoskrnl:ntoskrnl.exe

 entry point at        0005:0000003e

 Static symbols

 0004:00006a9e       ?PropertyHandler_OnOff@@YGJPAU_PCPROPERTY_REQUEST@@@Z 00020c1e f   mintopo.obj
 0004:00006fd6       ?PropertyHandler_SuperMixCaps@@YGJPAU_PCPROPERTY_REQUEST@@@Z 00021156 f   mintopo.obj
 0004:000075d6       ?PropertyHandler_SuperMixTable@@YGJPAU_PCPROPERTY_REQUEST@@@Z 00021756 f   mintopo.obj
 0004:00007d06       ?PropertyHandler_CpuResources@@YGJPAU_PCPROPERTY_REQUEST@@@Z 00021e86 f   mintopo.obj
 0001:0000733e       ?PropertyHandler_Level@@YGJPAU_PCPROPERTY_REQUEST@@@Z 0001761e f   mintopo.obj
 0004:00007f56       ?BasicSupportHandler@@YGJPAU_PCPROPERTY_REQUEST@@@Z 000220d6 f   mintopo.obj
 0001:00007940       ?VolumeLevelToMixerCount@@YGEJ@Z 00017c20 f   mintopo.obj
 0001:00004b3b       ?hda_lookup_codec_quirks@@YGKKKK@Z 00014e1b f   codec.obj
 0001:000064f0       ?amp_set_cmd@@YGKEEEEE@Z   000167d0 f   codec.obj
 0001:00000190       ?AllocateAlignedCommonBuffer@@YGJPAU_DMA_ADAPTER@@KKPAU_HDA_DMA_COMMON_BUFFER@@@Z 00010470 f   common.obj
 0001:00000310       ?ResetCommonBufferDescriptor@@YGXPAU_HDA_DMA_COMMON_BUFFER@@@Z 000105f0 f   common.obj
 0001:00000330       ?FreeAlignedCommonBuffer@@YGXPAU_DMA_ADAPTER@@PAU_HDA_DMA_COMMON_BUFFER@@@Z 00010610 f   common.obj

 712 bytes saved through ICF

