 HDA

 Timestamp is 696ffb57 (Tue Jan 20 14:01:59 2026)

 Preferred load address is 00010000

 Start         Length     Name                   Class
 0001:00000000 00003f4cH .text                   CODE
 0002:00000000 000000b8H .idata$5                DATA
 0002:000000b8 000006b8H .rdata                  DATA
 0003:00000000 00000d70H .data                   DATA
 0003:00000d70 00000014H .bss                    DATA
 0004:00000000 0000bfe0H PAGE                    CODE
 0005:00000000 000000a9H INIT                    CODE
 0005:000000ac 0000003cH .idata$2                CODE
 0005:000000e8 00000014H .idata$3                CODE
 0005:000000fc 000000b8H .idata$4                CODE
 0005:000001b4 000003b4H .idata$6                CODE
 0006:00000000 00000058H .rsrc$01                DATA
 0006:00000060 000003d8H .rsrc$02                DATA

  Address         Publics by Value              Rva+Base     Lib:Object

 0001:00000000       ??3@YAXPAX@Z               000102e0 f i common.obj
 0001:00000010       ??2@YGPAXIW4_POOL_TYPE@@K@Z 000102f0 f i common.obj
 0001:00000050       ??0CAdapterCommon@@QAE@PAUIUnknown@@@Z 00010330 f i common.obj
 0001:000000a0       ?QueryInterface@CAdapterCommon@@UAGJABU_GUID@@PAPAX@Z 00010380 f i common.obj
 0001:000000d0       ?GetOuterUnknown@CUnknown@@QAEPAUIUnknown@@XZ 000103b0 f i common.obj
 0001:000000f0       ?AddRef@CAdapterCommon@@UAGKXZ 000103d0 f i common.obj
 0001:00000120       ?Release@CAdapterCommon@@UAGKXZ 00010400 f i common.obj
 0001:00000150       ??_ECAdapterCommon@@UAEPAXI@Z 00010430 f i common.obj
 0001:00000150       ??_GCAdapterCommon@@UAEPAXI@Z 00010430 f i common.obj
 0001:00000190       ??0IUnknown@@QAE@XZ        00010470 f i common.obj
 0001:000001a0       _IsEqualGUIDAligned@8      00010480 f i common.obj
 0001:00000220       ?hda_check_headphone_connection_change@CAdapterCommon@@QAGXXZ 00010500 f   common.obj
 0001:00000312       ?hda_is_supported_sample_rate@CAdapterCommon@@UAGEK@Z 000105f2 f   common.obj
 0001:00000496       ?hda_send_verb@CAdapterCommon@@QAGKKKKK@Z 00010776 f   common.obj
 0001:00000792       ?ReadController@CAdapterCommon@@UAGEXZ 00010a72 f   common.obj
 0001:00000836       ?WriteController@CAdapterCommon@@UAGEE@Z 00010b16 f   common.obj
 0001:00000942       ?MixerRegWrite@CAdapterCommon@@UAGXEE@Z 00010c22 f   common.obj
 0001:00000b2a       ?MixerRegRead@CAdapterCommon@@UAGEE@Z 00010e0a f   common.obj
 0001:00000c0e       ?MixerReset@CAdapterCommon@@UAGXXZ 00010eee f   common.obj
 0001:00000cae       ?AcknowledgeIRQ@CAdapterCommon@@AAE?AW4_HDA_INTERRUPT_TYPE@@XZ 00010f8e f   common.obj
 0001:00000f52       ?ResetController@CAdapterCommon@@UAGJXZ 00011232 f   common.obj
 0001:00000ff6       ?RestoreMixerSettingsFromRegistry@CAdapterCommon@@UAGJXZ 000112d6 f   common.obj
 0001:000012a2       ?SaveMixerSettingsToRegistry@CAdapterCommon@@UAGJXZ 00011582 f   common.obj
 0001:0000168a       ?ProgramSampleRate@CAdapterCommon@@UAGJK@Z 0001196a f   common.obj
 0001:00001b06       ?PowerChangeState@CAdapterCommon@@UAGXT_POWER_STATE@@@Z 00011de6 f   common.obj
 0001:00001cf6       ?QueryPowerChangeState@CAdapterCommon@@UAGJT_POWER_STATE@@@Z 00011fd6 f   common.obj
 0001:00001d7a       ?QueryDeviceCapabilities@CAdapterCommon@@UAGJPAU_DEVICE_CAPABILITIES@@@Z 0001205a f   common.obj
 0001:00001e2a       ?InterruptServiceRoutine@@YGJPAUIInterruptSync@@PAX@Z 0001210a f   common.obj
 0001:00001fb6       ?hda_stop_stream@CAdapterCommon@@UAGJXZ 00012296 f   common.obj
 0001:00002230       ?hda_start_sound@CAdapterCommon@@UAGXXZ 00012510 f   common.obj
 0001:0000229a       ?hda_stop_sound@CAdapterCommon@@UAGXXZ 0001257a f   common.obj
 0001:000023be       ?hda_get_actual_stream_position@CAdapterCommon@@UAGKXZ 0001269e f   common.obj
 0001:00002520       ?hda_set_volume@CAdapterCommon@@QAGXKE@Z 00012800 f   common.obj
 0001:00002590       ?hda_set_node_gain@CAdapterCommon@@QAGXKKKKKE@Z 00012870 f   common.obj
 0001:00002630       ?readUCHAR@CAdapterCommon@@QAGEG@Z 00012910 f   common.obj
 0001:00002650       ?writeUCHAR@CAdapterCommon@@QAGXGE@Z 00012930 f   common.obj
 0001:00002680       ?readUSHORT@CAdapterCommon@@QAGGG@Z 00012960 f   common.obj
 0001:000026a0       ?writeUSHORT@CAdapterCommon@@QAGXGG@Z 00012980 f   common.obj
 0001:000026d0       ?readULONG@CAdapterCommon@@QAGKG@Z 000129b0 f   common.obj
 0001:000026f0       ?writeULONG@CAdapterCommon@@QAGXGK@Z 000129d0 f   common.obj
 0001:000028ca       ?hda_showtime@CAdapterCommon@@UAGJPAUIDmaChannel@@@Z 00012baa f   common.obj
 0001:00002d50       ?hda_return_sound_data_format@CAdapterCommon@@QAGGKKK@Z 00013030 f   common.obj
 0001:00002ec0       ?ReadWriteConfigSpace@CAdapterCommon@@AAGJPAU_DEVICE_OBJECT@@KPAXKK@Z 000131a0 f   common.obj
 0001:00002feb       ?WriteConfigSpaceByte@CAdapterCommon@@AAGJEEE@Z 000132cb f   common.obj
 0001:000030eb       ?WriteConfigSpaceWord@CAdapterCommon@@AAGJEGG@Z 000133cb f   common.obj
 0001:000031b0       ?QueryInterface@CAdapterCommon@@W3AGJABU_GUID@@PAPAX@Z 00013490 f i common.obj
 0001:000031c0       ?AddRef@CAdapterCommon@@W3AGKXZ 000134a0 f i common.obj
 0001:000031d0       ?Release@CAdapterCommon@@W3AGKXZ 000134b0 f i common.obj
 0001:000031e0       ??0CMiniportTopologyHDA@@QAE@PAUIUnknown@@@Z 000134c0 f i mintopo.obj
 0001:00003220       ?QueryInterface@CMiniportTopologyHDA@@UAGJABU_GUID@@PAPAX@Z 00013500 f i mintopo.obj
 0001:00003220       ?QueryInterface@CMiniportWaveCyclicStreamHDA@@UAGJABU_GUID@@PAPAX@Z 00013500 f i mintopo.obj
 0001:00003220       ?QueryInterface@CMiniportWaveCyclicHDA@@UAGJABU_GUID@@PAPAX@Z 00013500 f i mintopo.obj
 0001:00003250       ?DataRangeIntersection@CMiniportTopologyHDA@@UAGJKPATKSDATAFORMAT@@0KPAXPAK@Z 00013530 f i mintopo.obj
 0001:00003260       ??_GCMiniportTopologyHDA@@UAEPAXI@Z 00013540 f i mintopo.obj
 0001:00003260       ??_ECMiniportTopologyHDA@@UAEPAXI@Z 00013540 f i mintopo.obj
 0001:00003920       ?ReadBitsFromMixer@CMiniportTopologyHDA@@AAEEEEE@Z 00013c00 f   mintopo.obj
 0001:00003970       ?ThisManyOnes@@YGEE@Z      00013c50 f i mintopo.obj
 0001:00003990       ?WriteBitsToMixer@CMiniportTopologyHDA@@AAEXEEEE@Z 00013c70 f   mintopo.obj
 0001:00003a30       ??0CMiniportWaveCyclicHDA@@QAE@PAUIUnknown@@@Z 00013d10 f i minwave.obj
 0001:00003a70       ?AddRef@CMiniportWaveCyclicHDA@@UAGKXZ 00013d50 f i minwave.obj
 0001:00003a70       ?AddRef@CMiniportWaveCyclicStreamHDA@@UAGKXZ 00013d50 f i minwave.obj
 0001:00003a70       ?AddRef@CMiniportTopologyHDA@@UAGKXZ 00013d50 f i minwave.obj
 0001:00003aa0       ??_ECMiniportWaveCyclicHDA@@UAEPAXI@Z 00013d80 f i minwave.obj
 0001:00003aa0       ??_GCMiniportWaveCyclicHDA@@UAEPAXI@Z 00013d80 f i minwave.obj
 0001:00003ae0       ??0IMiniportWaveCyclic@@QAE@XZ 00013dc0 f i minwave.obj
 0001:00003ae0       ??0IMiniportTopology@@QAE@XZ 00013dc0 f i minwave.obj
 0001:00003b00       ??2@YGPAXIW4_POOL_TYPE@@@Z 00013de0 f i minwave.obj
 0001:00003b50       ??0CMiniportWaveCyclicStreamHDA@@QAE@PAUIUnknown@@@Z 00013e30 f i minwave.obj
 0001:00003b90       ?Release@CMiniportWaveCyclicHDA@@UAGKXZ 00013e70 f i minwave.obj
 0001:00003b90       ?Release@CMiniportTopologyHDA@@UAGKXZ 00013e70 f i minwave.obj
 0001:00003b90       ?Release@CMiniportWaveCyclicStreamHDA@@UAGKXZ 00013e70 f i minwave.obj
 0001:00003bc0       ??_GCMiniportWaveCyclicStreamHDA@@UAEPAXI@Z 00013ea0 f i minwave.obj
 0001:00003bc0       ??_ECMiniportWaveCyclicStreamHDA@@UAEPAXI@Z 00013ea0 f i minwave.obj
 0001:00003c00       ??0IMiniport@@QAE@XZ       00013ee0 f i minwave.obj
 0001:00003c00       ??0IAdapterCommon@@QAE@XZ  00013ee0 f i minwave.obj
 0001:00003c00       ??0IAdapterPowerManagement@@QAE@XZ 00013ee0 f i minwave.obj
 0001:00003c00       ??0IMiniportWaveCyclicStream@@QAE@XZ 00013ee0 f i minwave.obj
 0001:00003c39       ?GetPosition@CMiniportWaveCyclicStreamHDA@@UAGJPAK@Z 00013f19 f   minwave.obj
 0001:00003d2e       ?NormalizePhysicalPosition@CMiniportWaveCyclicStreamHDA@@UAGJPA_J@Z 0001400e f   minwave.obj
 0001:00003dd0       ?Silence@CMiniportWaveCyclicStreamHDA@@UAGXPAXK@Z 000140b0 f   minwave.obj
 0001:00003e0e       _DbgPrint                  000140ee f   ntoskrnl:ntoskrnl.exe
 0001:00003e14       _DbgBreakPoint@0           000140f4 f   ntoskrnl:ntoskrnl.exe
 0001:00003e1a       __alldiv                   000140fa f   ntoskrnl:ntoskrnl.exe
 0001:00003e20       __allmul                   00014100 f   ntoskrnl:ntoskrnl.exe
 0001:00003e26       _PcInitializeAdapterDriver@12 00014106 f   portcls:portcls.sys
 0001:00003e2c       _PcAddAdapterDevice@20     0001410c f   portcls:portcls.sys
 0001:00003e32       _PcRegisterSubdevice@12    00014112 f   portcls:portcls.sys
 0001:00003e38       _PcNewMiniport@8           00014118 f   portcls:portcls.sys
 0001:00003e3e       _PcNewPort@8               0001411e f   portcls:portcls.sys
 0001:00003e44       _PcRegisterPhysicalConnection@20 00014124 f   portcls:portcls.sys
 0001:00003e4a       _PcRegisterAdapterPowerManagement@8 0001412a f   portcls:portcls.sys
 0001:00003e50       _PcNewResourceSublist@20   00014130 f   portcls:portcls.sys
 0001:00003e56       _PcNewInterruptSync@20     00014136 f   portcls:portcls.sys
 0001:00003e5c       _PcNewRegistryKey@36       0001413c f   portcls:portcls.sys
 0001:00003e62       _PcNewServiceGroup@8       00014142 f   portcls:portcls.sys
 0001:00003e68       ??0CUnknown@@QAE@PAUIUnknown@@@Z 00014148 f   stdunk:stdunk.obj
 0001:00003e87       ??_ECUnknown@@UAEPAXI@Z    00014167 f i stdunk:stdunk.obj
 0001:00003e87       ??_GCUnknown@@UAEPAXI@Z    00014167 f i stdunk:stdunk.obj
 0001:00003ea3       ??1CUnknown@@UAE@XZ        00014183 f   stdunk:stdunk.obj
 0001:00003eaa       ?NonDelegatingAddRef@CUnknown@@UAGKXZ 0001418a f   stdunk:stdunk.obj
 0001:00003ec0       ?NonDelegatingRelease@CUnknown@@UAGKXZ 000141a0 f   stdunk:stdunk.obj
 0001:00003eef       ?NonDelegatingQueryInterface@CUnknown@@UAGJABU_GUID@@PAPAX@Z 000141cf f   stdunk:stdunk.obj
 0002:00000000       __imp_@KfAcquireSpinLock@4 00014240     hal:HAL.dll
 0002:00000004       __imp_@KfReleaseSpinLock@8 00014244     hal:HAL.dll
 0002:00000008       __imp__KeStallExecutionProcessor@4 00014248     hal:HAL.dll
 0002:0000000c       __imp__KeGetCurrentIrql@0  0001424c     hal:HAL.dll
 0002:00000010       \177HAL_NULL_THUNK_DATA    00014250     hal:HAL.dll
 0002:00000014       __imp__MmMapIoSpace@16     00014254     ntoskrnl:ntoskrnl.exe
 0002:00000018       __imp__KeInitializeSpinLock@4 00014258     ntoskrnl:ntoskrnl.exe
 0002:0000001c       __imp__MmUnmapIoSpace@8    0001425c     ntoskrnl:ntoskrnl.exe
 0002:00000020       __imp__IoGetDmaAdapter@12  00014260     ntoskrnl:ntoskrnl.exe
 0002:00000024       __imp__RtlInitUnicodeString@8 00014264     ntoskrnl:ntoskrnl.exe
 0002:00000028       __imp__READ_REGISTER_ULONG@4 00014268     ntoskrnl:ntoskrnl.exe
 0002:0000002c       __imp__WRITE_REGISTER_ULONG@8 0001426c     ntoskrnl:ntoskrnl.exe
 0002:00000030       __imp__READ_REGISTER_UCHAR@4 00014270     ntoskrnl:ntoskrnl.exe
 0002:00000034       __imp__WRITE_REGISTER_UCHAR@8 00014274     ntoskrnl:ntoskrnl.exe
 0002:00000038       __imp__READ_REGISTER_USHORT@4 00014278     ntoskrnl:ntoskrnl.exe
 0002:0000003c       __imp__ExFreePool@4        0001427c     ntoskrnl:ntoskrnl.exe
 0002:00000040       __imp__ExAllocatePoolWithTag@12 00014280     ntoskrnl:ntoskrnl.exe
 0002:00000044       __imp__KeWaitForSingleObject@20 00014284     ntoskrnl:ntoskrnl.exe
 0002:00000048       __imp_@IofCallDriver@8     00014288     ntoskrnl:ntoskrnl.exe
 0002:0000004c       __imp__IoBuildSynchronousFsdRequest@28 0001428c     ntoskrnl:ntoskrnl.exe
 0002:00000050       __imp__IoGetAttachedDeviceReference@4 00014290     ntoskrnl:ntoskrnl.exe
 0002:00000054       __imp__KeInitializeEvent@12 00014294     ntoskrnl:ntoskrnl.exe
 0002:00000058       __imp__KeInitializeMutex@8 00014298     ntoskrnl:ntoskrnl.exe
 0002:0000005c       __imp__RtlAssert@16        0001429c     ntoskrnl:ntoskrnl.exe
 0002:00000060       __imp___alldiv             000142a0     ntoskrnl:ntoskrnl.exe
 0002:00000064       __imp___allmul             000142a4     ntoskrnl:ntoskrnl.exe
 0002:00000068       __imp__DbgBreakPoint@0     000142a8     ntoskrnl:ntoskrnl.exe
 0002:0000006c       __imp__DbgPrint            000142ac     ntoskrnl:ntoskrnl.exe
 0002:00000070       __imp_@ObfDereferenceObject@4 000142b0     ntoskrnl:ntoskrnl.exe
 0002:00000074       __imp__WRITE_REGISTER_USHORT@8 000142b4     ntoskrnl:ntoskrnl.exe
 0002:00000078       __imp__KeReleaseMutex@8    000142b8     ntoskrnl:ntoskrnl.exe
 0002:0000007c       __imp_@InterlockedDecrement@4 000142bc     ntoskrnl:ntoskrnl.exe
 0002:00000080       __imp_@InterlockedIncrement@4 000142c0     ntoskrnl:ntoskrnl.exe
 0002:00000084       \177ntoskrnl_NULL_THUNK_DATA 000142c4     ntoskrnl:ntoskrnl.exe
 0002:00000088       __imp__PcInitializeAdapterDriver@12 000142c8     portcls:portcls.sys
 0002:0000008c       __imp__PcNewMiniport@8     000142cc     portcls:portcls.sys
 0002:00000090       __imp__PcNewPort@8         000142d0     portcls:portcls.sys
 0002:00000094       __imp__PcRegisterPhysicalConnection@20 000142d4     portcls:portcls.sys
 0002:00000098       __imp__PcAddAdapterDevice@20 000142d8     portcls:portcls.sys
 0002:0000009c       __imp__PcRegisterSubdevice@12 000142dc     portcls:portcls.sys
 0002:000000a0       __imp__PcNewInterruptSync@20 000142e0     portcls:portcls.sys
 0002:000000a4       __imp__PcNewRegistryKey@36 000142e4     portcls:portcls.sys
 0002:000000a8       __imp__PcNewServiceGroup@8 000142e8     portcls:portcls.sys
 0002:000000ac       __imp__PcRegisterAdapterPowerManagement@8 000142ec     portcls:portcls.sys
 0002:000000b0       __imp__PcNewResourceSublist@20 000142f0     portcls:portcls.sys
 0002:000000b4       \177portcls_NULL_THUNK_DATA 000142f4     portcls:portcls.sys
 0002:00000130       _IID_IAdapterCommon        00014370     adapter.obj
 0002:00000140       _CLSID_MiniportDriverFmSynth 00014380     adapter.obj
 0002:00000150       _CLSID_PortWaveCyclic      00014390     adapter.obj
 0002:00000160       _CLSID_PortTopology        000143a0     adapter.obj
 0002:00000170       _CLSID_PortMidi            000143b0     adapter.obj
 0002:00000180       _IID_IAdapterPowerManagment 000143c0     adapter.obj
 0002:00000190       _IID_IMiniportWaveCyclicStream 000143d0     adapter.obj
 0002:000001a0       _IID_IMiniportWaveCyclic   000143e0     adapter.obj
 0002:000001b0       _IID_IPortWaveCyclic       000143f0     adapter.obj
 0002:000001c0       _IID_IMiniportTopology     00014400     adapter.obj
 0002:000001d0       _IID_IMiniport             00014410     adapter.obj
 0002:000001e0       _IID_IUnknown              00014420     adapter.obj
 0002:000001f0       ??_C@_1BE@DCLA@?$AAD?$AAi?$AAs?$AAa?$AAb?$AAl?$AAe?$AAC?$AAD?$AA?$AA@ 00014430     common.obj
 0002:00000204       ??_C@_1BM@HKPL@?$AAD?$AAi?$AAs?$AAa?$AAb?$AAl?$AAe?$AAL?$AAi?$AAn?$AAe?$AAI?$AAn?$AA?$AA@ 00014444     common.obj
 0002:00000220       ??_C@_1BG@OEIB@?$AAD?$AAi?$AAs?$AAa?$AAb?$AAl?$AAe?$AAM?$AAi?$AAc?$AA?$AA@ 00014460     common.obj
 0002:00000238       ??_C@_1BK@PFJA@?$AAD?$AAi?$AAs?$AAa?$AAb?$AAl?$AAe?$AAM?$AAi?$AAc?$AAI?$AAn?$AA?$AA@ 00014478     common.obj
 0002:00000254       ??_C@_1BO@PIPO@?$AAD?$AAi?$AAs?$AAa?$AAb?$AAl?$AAe?$AAM?$AAo?$AAn?$AAo?$AAO?$AAu?$AAt?$AA?$AA@ 00014494     common.obj
 0002:00000274       ??_C@_1CC@CCGC@?$AAD?$AAi?$AAs?$AAa?$AAb?$AAl?$AAe?$AAH?$AAe?$AAa?$AAd?$AAp?$AAh?$AAo?$AAn?$AAe?$AA?$AA@ 000144b4     common.obj
 0002:00000298       ??_C@_1BG@KIAL@?$AAD?$AAi?$AAs?$AAa?$AAb?$AAl?$AAe?$AAA?$AAU?$AAX?$AA?$AA@ 000144d8     common.obj
 0002:000002b0       ??_C@_1BK@CIGJ@?$AAD?$AAi?$AAs?$AAa?$AAb?$AAl?$AAe?$AAV?$AAi?$AAd?$AAe?$AAo?$AA?$AA@ 000144f0     common.obj
 0002:000002cc       ??_C@_1BI@JAOF@?$AAD?$AAi?$AAs?$AAa?$AAb?$AAl?$AAe?$AAM?$AAi?$AAc?$AA2?$AA?$AA@ 0001450c     common.obj
 0002:000002e4       ??_C@_1BK@EHMP@?$AAD?$AAi?$AAs?$AAa?$AAb?$AAl?$AAe?$AAP?$AAh?$AAo?$AAn?$AAe?$AA?$AA@ 00014524     common.obj
 0002:00000300       ??_C@_1BM@PILN@?$AAD?$AAi?$AAs?$AAa?$AAb?$AAl?$AAe?$AAP?$AAC?$AAB?$AAe?$AAe?$AAp?$AA?$AA@ 00014540     common.obj
 0002:0000031c       ??_C@_1BE@ENEK@?$AAR?$AAi?$AAg?$AAh?$AAt?$AAB?$AAa?$AAs?$AAs?$AA?$AA@ 0001455c     common.obj
 0002:00000330       ??_C@_1BC@JMJO@?$AAL?$AAe?$AAf?$AAt?$AAB?$AAa?$AAs?$AAs?$AA?$AA@ 00014570     common.obj
 0002:00000344       ??_C@_1BI@KGAJ@?$AAR?$AAi?$AAg?$AAh?$AAt?$AAT?$AAr?$AAe?$AAb?$AAl?$AAe?$AA?$AA@ 00014584     common.obj
 0002:0000035c       ??_C@_1BG@BGGD@?$AAL?$AAe?$AAf?$AAt?$AAT?$AAr?$AAe?$AAb?$AAl?$AAe?$AA?$AA@ 0001459c     common.obj
 0002:00000374       ??_C@_1O@IECC@?$AAM?$AAi?$AAc?$AAA?$AAG?$AAC?$AA?$AA@ 000145b4     common.obj
 0002:00000384       ??_C@_1CA@EJHI@?$AAR?$AAi?$AAg?$AAh?$AAt?$AAO?$AAu?$AAt?$AAp?$AAu?$AAt?$AAG?$AAa?$AAi?$AAn?$AA?$AA@ 000145c4     common.obj
 0002:000003a4       ??_C@_1BO@PPLI@?$AAL?$AAe?$AAf?$AAt?$AAO?$AAu?$AAt?$AAp?$AAu?$AAt?$AAG?$AAa?$AAi?$AAn?$AA?$AA@ 000145e4     common.obj
 0002:000003c4       ??_C@_1BO@PMCJ@?$AAR?$AAi?$AAg?$AAh?$AAt?$AAI?$AAn?$AAp?$AAu?$AAt?$AAG?$AAa?$AAi?$AAn?$AA?$AA@ 00014604     common.obj
 0002:000003e4       ??_C@_1BM@CFEM@?$AAL?$AAe?$AAf?$AAt?$AAI?$AAn?$AAp?$AAu?$AAt?$AAG?$AAa?$AAi?$AAn?$AA?$AA@ 00014624     common.obj
 0002:00000400       ??_C@_1CA@CIKM@?$AAR?$AAi?$AAg?$AAh?$AAt?$AAI?$AAn?$AAp?$AAu?$AAt?$AAM?$AAi?$AAx?$AAe?$AAr?$AA?$AA@ 00014640     common.obj
 0002:00000420       ??_C@_1BO@JOGM@?$AAL?$AAe?$AAf?$AAt?$AAI?$AAn?$AAp?$AAu?$AAt?$AAM?$AAi?$AAx?$AAe?$AAr?$AA?$AA@ 00014660     common.obj
 0002:00000440       ??_C@_1BI@BMOJ@?$AAO?$AAu?$AAt?$AAp?$AAu?$AAt?$AAM?$AAi?$AAx?$AAe?$AAr?$AA?$AA@ 00014680     common.obj
 0002:00000458       ??_C@_1BE@GLOL@?$AAP?$AAc?$AAS?$AAp?$AAk?$AAr?$AAV?$AAo?$AAl?$AA?$AA@ 00014698     common.obj
 0002:0000046c       ??_C@_1O@MNBB@?$AAM?$AAi?$AAc?$AAV?$AAo?$AAl?$AA?$AA@ 000146ac     common.obj
 0002:0000047c       ??_C@_1BO@HCKE@?$AAR?$AAi?$AAg?$AAh?$AAt?$AAL?$AAi?$AAn?$AAe?$AAI?$AAn?$AAV?$AAo?$AAl?$AA?$AA@ 000146bc     common.obj
 0002:0000049c       ??_C@_1BM@KLMB@?$AAL?$AAe?$AAf?$AAt?$AAL?$AAi?$AAn?$AAe?$AAI?$AAn?$AAV?$AAo?$AAl?$AA?$AA@ 000146dc     common.obj
 0002:000004b8       ??_C@_1BG@COJL@?$AAR?$AAi?$AAg?$AAh?$AAt?$AAC?$AAD?$AAV?$AAo?$AAl?$AA?$AA@ 000146f8     common.obj
 0002:000004d0       ??_C@_1BE@KMKA@?$AAL?$AAe?$AAf?$AAt?$AAC?$AAD?$AAV?$AAo?$AAl?$AA?$AA@ 00014710     common.obj
 0002:000004e4       ??_C@_1BK@JCIM@?$AAR?$AAi?$AAg?$AAh?$AAt?$AAM?$AAi?$AAd?$AAi?$AAV?$AAo?$AAl?$AA?$AA@ 00014724     common.obj
 0002:00000500       ??_C@_1BI@KBIJ@?$AAL?$AAe?$AAf?$AAt?$AAM?$AAi?$AAd?$AAi?$AAV?$AAo?$AAl?$AA?$AA@ 00014740     common.obj
 0002:00000518       ??_C@_1BK@MFCG@?$AAR?$AAi?$AAg?$AAh?$AAt?$AAW?$AAa?$AAv?$AAe?$AAV?$AAo?$AAl?$AA?$AA@ 00014758     common.obj
 0002:00000534       ??_C@_1BI@PGCD@?$AAL?$AAe?$AAf?$AAt?$AAW?$AAa?$AAv?$AAe?$AAV?$AAo?$AAl?$AA?$AA@ 00014774     common.obj
 0002:0000054c       ??_C@_1BO@NHA@?$AAR?$AAi?$AAg?$AAh?$AAt?$AAM?$AAa?$AAs?$AAt?$AAe?$AAr?$AAV?$AAo?$AAl?$AA?$AA@ 0001478c     common.obj
 0002:0000056c       ??_C@_1BM@NEBF@?$AAL?$AAe?$AAf?$AAt?$AAM?$AAa?$AAs?$AAt?$AAe?$AAr?$AAV?$AAo?$AAl?$AA?$AA@ 000147ac     common.obj
 0002:00000588       ??_7CAdapterCommon@@6BCUnknown@@@ 000147c8     common.obj
 0002:00000598       ??_7CAdapterCommon@@6BIAdapterPowerManagement@@@ 000147d8     common.obj
 0002:000005b0       ??_7CAdapterCommon@@6BIAdapterCommon@@@ 000147f0     common.obj
 0002:000006d8       ??_7CMiniportTopologyHDA@@6BCUnknown@@@ 00014918     mintopo.obj
 0002:000006e8       ??_7CMiniportTopologyHDA@@6BIMiniportTopology@@@ 00014928     mintopo.obj
 0002:00000700       ??_7CMiniportWaveCyclicHDA@@6BCUnknown@@@ 00014940     minwave.obj
 0002:00000710       ??_7CMiniportWaveCyclicHDA@@6BIMiniportWaveCyclic@@@ 00014950     minwave.obj
 0002:0000072c       ??_7CMiniportWaveCyclicStreamHDA@@6BCUnknown@@@ 0001496c     minwave.obj
 0002:0000073c       ??_7CMiniportWaveCyclicStreamHDA@@6BIMiniportWaveCyclicStream@@@ 0001497c     minwave.obj
 0002:00000760       ??_7CUnknown@@6B@          000149a0     stdunk:stdunk.obj
 0003:00000000       ?ulDebugOut@@3KA           000149c0     adapter.obj
 0003:00000008       __GUID_b7902fe9_fb0a_11d1_81b0_0060083316c1 000149c8     adapter.obj
 0003:00000018       __GUID_d3f0ce1c_fffc_11d1_81b0_0060083316c1 000149d8     adapter.obj
 0003:00000028       __GUID_c096df9c_fb09_11d1_81b0_0060083316c1 000149e8     adapter.obj
 0003:00000100       ?m_stHardwareConfig@CAdapterCommon@@0UtHardwareConfig@@A 00014ac0     common.obj
 0003:00000194       ?audBufSize@@3KA           00014b54     common.obj
 0003:00000198       ?BdlSize@@3KA              00014b58     common.obj
 0003:00000898       __GUID_185fedf6_9905_11d1_95a9_00c04fb925d3 00015258     mintopo.obj
 0003:000008a8       __GUID_185fedef_9905_11d1_95a9_00c04fb925d3 00015268     mintopo.obj
 0003:000008b8       __GUID_185fede1_9905_11d1_95a9_00c04fb925d3 00015278     mintopo.obj
 0003:000008c8       __GUID_185fede0_9905_11d1_95a9_00c04fb925d3 00015288     mintopo.obj
 0003:000008d8       __GUID_7607e580_c557_11d0_8a2b_00a0c9255ac1 00015298     mintopo.obj
 0003:000008e8       __GUID_185fede3_9905_11d1_95a9_00c04fb925d3 000152a8     mintopo.obj
 0003:000008f8       __GUID_da441a60_c556_11d0_8a2b_00a0c9255ac1 000152b8     mintopo.obj
 0003:00000908       __GUID_185fedee_9905_11d1_95a9_00c04fb925d3 000152c8     mintopo.obj
 0003:00000918       __GUID_02b223c0_c557_11d0_8a2b_00a0c9255ac1 000152d8     mintopo.obj
 0003:00000928       __GUID_185feded_9905_11d1_95a9_00c04fb925d3 000152e8     mintopo.obj
 0003:00000938       __GUID_e88c9ba0_c557_11d0_8a2b_00a0c9255ac1 000152f8     mintopo.obj
 0003:00000948       __GUID_185fedec_9905_11d1_95a9_00c04fb925d3 00015308     mintopo.obj
 0003:00000958       __GUID_185fedeb_9905_11d1_95a9_00c04fb925d3 00015318     mintopo.obj
 0003:00000968       __GUID_185fedea_9905_11d1_95a9_00c04fb925d3 00015328     mintopo.obj
 0003:00000978       __GUID_185fede9_9905_11d1_95a9_00c04fb925d3 00015338     mintopo.obj
 0003:00000988       __GUID_185fede8_9905_11d1_95a9_00c04fb925d3 00015348     mintopo.obj
 0003:00000998       __GUID_e573adc0_c555_11d0_8a2b_00a0c9255ac1 00015358     mintopo.obj
 0003:000009a8       __GUID_185fede7_9905_11d1_95a9_00c04fb925d3 00015368     mintopo.obj
 0003:000009b8       __GUID_185fede5_9905_11d1_95a9_00c04fb925d3 00015378     mintopo.obj
 0003:000009c8       __GUID_3a5acc00_c557_11d0_8a2b_00a0c9255ac1 00015388     mintopo.obj
 0003:000009d8       __GUID_45ffaaa0_6e1b_11d0_bcf2_444553540000 00015398     mintopo.obj
 0003:000009e8       __GUID_6994ad04_93ef_11d0_a3cc_00a0c9223196 000153a8     mintopo.obj
 0003:000009f8       __GUID_185fedf7_9905_11d1_95a9_00c04fb925d3 000153b8     mintopo.obj
 0003:00000a08       __GUID_dff21ce1_f70f_11d0_b917_00a0c9223196 000153c8     mintopo.obj
 0003:00000a18       __GUID_dff21be1_f70f_11d0_b917_00a0c9223196 000153d8     mintopo.obj
 0003:00000a28       __GUID_185fedf9_9905_11d1_95a9_00c04fb925d3 000153e8     mintopo.obj
 0003:00000a38       __GUID_dff21fe3_f70f_11d0_b917_00a0c9223196 000153f8     mintopo.obj
 0003:00000a48       __GUID_185fedfb_9905_11d1_95a9_00c04fb925d3 00015408     mintopo.obj
 0003:00000a58       __GUID_dff220e3_f70f_11d0_b917_00a0c9223196 00015418     mintopo.obj
 0003:00000a68       __GUID_185fedf8_9905_11d1_95a9_00c04fb925d3 00015428     mintopo.obj
 0003:00000a78       __GUID_dff220f3_f70f_11d0_b917_00a0c9223196 00015438     mintopo.obj
 0003:00000a88       __GUID_dff21fe4_f70f_11d0_b917_00a0c9223196 00015448     mintopo.obj
 0003:00000a98       __GUID_97e99ba0_bdea_11cf_a5d6_28db04c10000 00015458     mintopo.obj
 0003:00000ce0       __GUID_507ae360_c554_11d0_8a2b_00a0c9255ac1 000156a0     minwave.obj
 0003:00000cf0       __GUID_4d837fe0_c555_11d0_8a2b_00a0c9255ac1 000156b0     minwave.obj
 0003:00000d00       __GUID_185fedfa_9905_11d1_95a9_00c04fb925d3 000156c0     minwave.obj
 0003:00000d10       __GUID_fb6c4281_0353_11d1_905f_0000c0cc16ba 000156d0     minwave.obj
 0003:00000d20       __GUID_05589f81_c356_11ce_bf01_00aa0055595a 000156e0     minwave.obj
 0003:00000d30       __GUID_00000001_0000_0010_8000_00aa00389b71 000156f0     minwave.obj
 0003:00000d40       __GUID_73647561_0000_0010_8000_00aa00389b71 00015700     minwave.obj
 0003:00000d50       __GUID_518590a2_a184_11d0_8522_00c04fd9baf3 00015710     minwave.obj
 0003:00000d60       __GUID_0f6417d6_c318_11d0_a43f_00a0c9223196 00015720     minwave.obj
 0003:00000d70       __GUID_00000000_0000_0000_0000_000000000000 00015730     adapter.obj
 0004:0000003e       _AddDevice@8               0001579e f   adapter.obj
 0004:0000026a       ?InstallSubdevice@@YGJPAU_DEVICE_OBJECT@@PAU_IRP@@PAGABU_GUID@@3P6GJPAPAUIUnknown@@3PAU4@W4_POOL_TYPE@@@Z5PAUIResourceList@@344@Z 000159ca f   adapter.obj
 0004:0000066e       ?StartDevice@@YGJPAU_DEVICE_OBJECT@@PAU_IRP@@PAUIResourceList@@@Z 00015dce f   adapter.obj
 0004:00000e6e       ?AssignResources@@YGJPAUIResourceList@@PAPAU1@11111@Z 000165ce f   adapter.obj
 0004:000013c8       ?NewAdapterCommon@@YGJPAPAUIUnknown@@ABU_GUID@@PAU1@W4_POOL_TYPE@@@Z 00016b28 f   common.obj
 0004:00001d49       ?Init@CAdapterCommon@@UAGJPAUIResourceList@@PAU_DEVICE_OBJECT@@@Z 000174a9 f   common.obj
 0004:00003212       ??1CAdapterCommon@@UAE@XZ  00018972 f   common.obj
 0004:00003677       ?NonDelegatingQueryInterface@CAdapterCommon@@UAGJABU_GUID@@PAPAX@Z 00018dd7 f   common.obj
 0004:000037ce       ?WavePortDriverDest@CAdapterCommon@@UAGPAPAUIUnknown@@XZ 00018f2e f   common.obj
 0004:0000386e       ?GetInterruptSync@CAdapterCommon@@UAGPAUIInterruptSync@@XZ 00018fce f   common.obj
 0004:0000390e       ?MidiPortDriverDest@CAdapterCommon@@UAGPAPAUIUnknown@@XZ 0001906e f   common.obj
 0004:000039ae       ?SetWaveServiceGroup@CAdapterCommon@@UAGXPAUIServiceGroup@@@Z 0001910e f   common.obj
 0004:000040c2       ?InitHDAController@CAdapterCommon@@QAGJXZ 00019822 f   common.obj
 0004:000050e6       ?InitializeCodec@CAdapterCommon@@QAGJE@Z 0001a846 f   common.obj
 0004:000057eb       ?hda_initialize_audio_function_group@CAdapterCommon@@QAGJKK@Z 0001af4b f   common.obj
 0004:000066ce       ?hda_get_node_type@CAdapterCommon@@QAGEKK@Z 0001be2e f   common.obj
 0004:0000677e       ?hda_get_node_connection_entries@CAdapterCommon@@QAGKKKK@Z 0001bede f   common.obj
 0004:00006890       ?hda_enable_pin_output@CAdapterCommon@@QAGXKK@Z 0001bff0 f   common.obj
 0004:000068d0       ?hda_disable_pin_output@CAdapterCommon@@QAGXKK@Z 0001c030 f   common.obj
 0004:00006910       ?hda_is_headphone_connected@CAdapterCommon@@QAGEXZ 0001c070 f   common.obj
 0004:00006a12       ?hda_initialize_output_pin@CAdapterCommon@@QAGXK@Z 0001c172 f   common.obj
 0004:00006e36       ?hda_initialize_audio_output@CAdapterCommon@@QAGXK@Z 0001c596 f   common.obj
 0004:0000725a       ?hda_initialize_audio_mixer@CAdapterCommon@@QAGXK@Z 0001c9ba f   common.obj
 0004:00007592       ?hda_initialize_audio_selector@CAdapterCommon@@QAGXK@Z 0001ccf2 f   common.obj
 0004:00007898       ?CreateMiniportTopologyHDA@@YGJPAPAUIUnknown@@ABU_GUID@@PAU1@W4_POOL_TYPE@@@Z 0001cff8 f   mintopo.obj
 0004:00007a0a       ?ProcessResources@CMiniportTopologyHDA@@AAEJPAUIResourceList@@@Z 0001d16a f   mintopo.obj
 0004:00007b9a       ?NonDelegatingQueryInterface@CMiniportTopologyHDA@@UAGJABU_GUID@@PAPAX@Z 0001d2fa f   mintopo.obj
 0004:00007d4e       ??1CMiniportTopologyHDA@@UAE@XZ 0001d4ae f   mintopo.obj
 0004:00007f26       ?Init@CMiniportTopologyHDA@@UAGJPAUIUnknown@@PAUIResourceList@@PAUIPortTopology@@@Z 0001d686 f   mintopo.obj
 0004:0000813a       ?GetDescription@CMiniportTopologyHDA@@UAGJPAPAUPCFILTER_DESCRIPTOR@@@Z 0001d89a f   mintopo.obj
 0004:00009918       ?CreateMiniportWaveCyclicHDA@@YGJPAPAUIUnknown@@ABU_GUID@@PAU1@W4_POOL_TYPE@@@Z 0001f078 f   minwave.obj
 0004:00009be6       ?ProcessResources@CMiniportWaveCyclicHDA@@AAEJPAUIResourceList@@@Z 0001f346 f   minwave.obj
 0004:0000a052       ?ValidateFormat@CMiniportWaveCyclicHDA@@AAEJPATKSDATAFORMAT@@@Z 0001f7b2 f   minwave.obj
 0004:0000a28e       ?NonDelegatingQueryInterface@CMiniportWaveCyclicHDA@@UAGJABU_GUID@@PAPAX@Z 0001f9ee f   minwave.obj
 0004:0000a442       ??1CMiniportWaveCyclicHDA@@UAE@XZ 0001fba2 f   minwave.obj
 0004:0000a646       ?Init@CMiniportWaveCyclicHDA@@UAGJPAUIUnknown@@PAUIResourceList@@PAUIPortWaveCyclic@@@Z 0001fda6 f   minwave.obj
 0004:0000a8de       ?GetDescription@CMiniportWaveCyclicHDA@@UAGJPAPAUPCFILTER_DESCRIPTOR@@@Z 0002003e f   minwave.obj
 0004:0000aaca       ?DataRangeIntersection@CMiniportWaveCyclicHDA@@UAGJKPATKSDATAFORMAT@@0KPAXPAK@Z 0002022a f   minwave.obj
 0004:0000b0ca       ?NewStream@CMiniportWaveCyclicHDA@@UAGJPAPAUIMiniportWaveCyclicStream@@PAUIUnknown@@W4_POOL_TYPE@@KEPATKSDATAFORMAT@@PAPAUIDmaChannel@@PAPAUIServiceGroup@@@Z 0002082a f   minwave.obj
 0004:0000b462       ?NonDelegatingQueryInterface@CMiniportWaveCyclicStreamHDA@@UAGJABU_GUID@@PAPAX@Z 00020bc2 f   minwave.obj
 0004:0000b60e       ??1CMiniportWaveCyclicStreamHDA@@UAE@XZ 00020d6e f   minwave.obj
 0004:0000b880       ?Init@CMiniportWaveCyclicStreamHDA@@QAEJPAVCMiniportWaveCyclicHDA@@KEPATKSDATAFORMAT@@PAUIDmaChannel@@@Z 00020fe0 f   minwave.obj
 0004:0000baf2       ?SetNotificationFreq@CMiniportWaveCyclicStreamHDA@@UAGKKPAK@Z 00021252 f   minwave.obj
 0004:0000bc86       ?SetFormat@CMiniportWaveCyclicStreamHDA@@UAGJPATKSDATAFORMAT@@@Z 000213e6 f   minwave.obj
 0004:0000bece       ?SetState@CMiniportWaveCyclicStreamHDA@@UAGJW4KSSTATE@@@Z 0002162e f   minwave.obj
 0005:0000003e       _DriverEntry@8             0002177e f   adapter.obj
 0005:000000ac       __IMPORT_DESCRIPTOR_ntoskrnl 000217ec     ntoskrnl:ntoskrnl.exe
 0005:000000c0       __IMPORT_DESCRIPTOR_HAL    00021800     hal:HAL.dll
 0005:000000d4       __IMPORT_DESCRIPTOR_portcls 00021814     portcls:portcls.sys
 0005:000000e8       __NULL_IMPORT_DESCRIPTOR   00021828     ntoskrnl:ntoskrnl.exe

 entry point at        0005:0000003e

 Static symbols

 0004:0000828e       ?PropertyHandler_OnOff@@YGJPAU_PCPROPERTY_REQUEST@@@Z 0001d9ee f   mintopo.obj
 0004:000086a6       ?PropertyHandler_SuperMixCaps@@YGJPAU_PCPROPERTY_REQUEST@@@Z 0001de06 f   mintopo.obj
 0004:00008cb6       ?PropertyHandler_SuperMixTable@@YGJPAU_PCPROPERTY_REQUEST@@@Z 0001e416 f   mintopo.obj
 0004:000093e6       ?PropertyHandler_CpuResources@@YGJPAU_PCPROPERTY_REQUEST@@@Z 0001eb46 f   mintopo.obj
 0001:000032fe       ?PropertyHandler_Level@@YGJPAU_PCPROPERTY_REQUEST@@@Z 000135de f   mintopo.obj
 0004:00009646       ?BasicSupportHandler@@YGJPAU_PCPROPERTY_REQUEST@@@Z 0001eda6 f   mintopo.obj

 318 bytes saved through ICF

