 HDA

 Timestamp is 68ed8f18 (Mon Oct 13 16:45:28 2025)

 Preferred load address is 00010000

 Start         Length     Name                   Class
 0001:00000000 00002606H .text                   CODE
 0002:00000000 000000a4H .idata$5                DATA
 0002:000000a8 00000570H .rdata                  DATA
 0003:00000000 00000d00H .data                   DATA
 0003:00000d00 00000010H .bss                    DATA
 0004:00000000 0000ac6aH PAGE                    CODE
 0005:00000000 000000a9H INIT                    CODE
 0005:000000ac 0000003cH .idata$2                CODE
 0005:000000e8 00000014H .idata$3                CODE
 0005:000000fc 000000a4H .idata$4                CODE
 0005:000001a0 00000336H .idata$6                CODE
 0006:00000000 00000058H .rsrc$01                DATA
 0006:00000060 00000338H .rsrc$02                DATA

  Address         Publics by Value              Rva+Base     Lib:Object

 0001:00000000       ??3@YAXPAX@Z               000102e0 f i common.obj
 0001:00000010       ??2@YGPAXIW4_POOL_TYPE@@K@Z 000102f0 f i common.obj
 0001:00000050       ??0CAdapterCommon@@QAE@PAUIUnknown@@@Z 00010330 f i common.obj
 0001:000000a0       ?QueryInterface@CAdapterCommon@@UAGJABU_GUID@@PAPAX@Z 00010380 f i common.obj
 0001:000000d0       ?GetOuterUnknown@CUnknown@@QAEPAUIUnknown@@XZ 000103b0 f i common.obj
 0001:000000f0       ?AddRef@CAdapterCommon@@UAGKXZ 000103d0 f i common.obj
 0001:00000120       ?Release@CAdapterCommon@@UAGKXZ 00010400 f i common.obj
 0001:00000150       ??_ECAdapterCommon@@UAEPAXI@Z 00010430 f i common.obj
 0001:00000150       ??_GCAdapterCommon@@UAEPAXI@Z 00010430 f i common.obj
 0001:00000190       ??0IUnknown@@QAE@XZ        00010470 f i common.obj
 0001:000001a0       _IsEqualGUIDAligned@8      00010480 f i common.obj
 0001:0000024e       ?hda_send_verb@CAdapterCommon@@QAGKKKKK@Z 0001052e f   common.obj
 0001:00000426       ?ReadController@CAdapterCommon@@UAGEXZ 00010706 f   common.obj
 0001:000004ce       ?WriteController@CAdapterCommon@@UAGEE@Z 000107ae f   common.obj
 0001:000005d6       ?MixerRegWrite@CAdapterCommon@@UAGXEE@Z 000108b6 f   common.obj
 0001:0000071e       ?MixerRegRead@CAdapterCommon@@UAGEE@Z 000109fe f   common.obj
 0001:000007dc       ?MixerReset@CAdapterCommon@@UAGXXZ 00010abc f   common.obj
 0001:00000840       ?ResetController@CAdapterCommon@@UAGJXZ 00010b20 f   common.obj
 0001:0000090a       ?RestoreMixerSettingsFromRegistry@CAdapterCommon@@UAGJXZ 00010bea f   common.obj
 0001:00000b86       ?SaveMixerSettingsToRegistry@CAdapterCommon@@UAGJXZ 00010e66 f   common.obj
 0001:00000dca       ?ProgramSampleRate@CAdapterCommon@@QAGJK@Z 000110aa f   common.obj
 0001:0000106e       ?PowerChangeState@CAdapterCommon@@UAGXT_POWER_STATE@@@Z 0001134e f   common.obj
 0001:000011fa       ?QueryPowerChangeState@CAdapterCommon@@UAGJT_POWER_STATE@@@Z 000114da f   common.obj
 0001:0000127e       ?QueryDeviceCapabilities@CAdapterCommon@@UAGJPAU_DEVICE_CAPABILITIES@@@Z 0001155e f   common.obj
 0001:000013a6       ?hda_stop_stream@CAdapterCommon@@QAGJXZ 00011686 f   common.obj
 0001:00001610       ?hda_set_volume@CAdapterCommon@@QAGXK@Z 000118f0 f   common.obj
 0001:00001690       ?readUCHAR@CAdapterCommon@@QAGEG@Z 00011970 f   common.obj
 0001:000016b0       ?writeUCHAR@CAdapterCommon@@QAGXGE@Z 00011990 f   common.obj
 0001:000016e0       ?readUSHORT@CAdapterCommon@@QAGGG@Z 000119c0 f   common.obj
 0001:00001700       ?writeUSHORT@CAdapterCommon@@QAGXGG@Z 000119e0 f   common.obj
 0001:00001730       ?writeULONG@CAdapterCommon@@QAGXGK@Z 00011a10 f   common.obj
 0001:00001760       ?hda_return_sound_data_format@CAdapterCommon@@QAGGKKK@Z 00011a40 f   common.obj
 0001:000018d0       ?QueryInterface@CAdapterCommon@@W3AGJABU_GUID@@PAPAX@Z 00011bb0 f i common.obj
 0001:000018e0       ?AddRef@CAdapterCommon@@W3AGKXZ 00011bc0 f i common.obj
 0001:000018f0       ?Release@CAdapterCommon@@W3AGKXZ 00011bd0 f i common.obj
 0001:00001900       ??0CMiniportTopologyHDA@@QAE@PAUIUnknown@@@Z 00011be0 f i mintopo.obj
 0001:00001940       ?AddRef@CMiniportTopologyHDA@@UAGKXZ 00011c20 f i mintopo.obj
 0001:00001940       ?AddRef@CMiniportWaveCyclicHDA@@UAGKXZ 00011c20 f i mintopo.obj
 0001:00001940       ?AddRef@CMiniportWaveCyclicStreamHDA@@UAGKXZ 00011c20 f i mintopo.obj
 0001:00001970       ?DataRangeIntersection@CMiniportTopologyHDA@@UAGJKPATKSDATAFORMAT@@0KPAXPAK@Z 00011c50 f i mintopo.obj
 0001:00001980       ??_GCMiniportTopologyHDA@@UAEPAXI@Z 00011c60 f i mintopo.obj
 0001:00001980       ??_ECMiniportTopologyHDA@@UAEPAXI@Z 00011c60 f i mintopo.obj
 0001:000019c0       ??0IMiniportTopology@@QAE@XZ 00011ca0 f i mintopo.obj
 0001:000019c0       ??0IMiniportWaveCyclic@@QAE@XZ 00011ca0 f i mintopo.obj
 0001:00002060       ?ReadBitsFromMixer@CMiniportTopologyHDA@@AAEEEEE@Z 00012340 f   mintopo.obj
 0001:000020b0       ?ThisManyOnes@@YGEE@Z      00012390 f i mintopo.obj
 0001:000020d0       ?WriteBitsToMixer@CMiniportTopologyHDA@@AAEXEEEE@Z 000123b0 f   mintopo.obj
 0001:00002170       ??0CMiniportWaveCyclicHDA@@QAE@PAUIUnknown@@@Z 00012450 f i minwave.obj
 0001:000021b0       ?QueryInterface@CMiniportWaveCyclicHDA@@UAGJABU_GUID@@PAPAX@Z 00012490 f i minwave.obj
 0001:000021b0       ?QueryInterface@CMiniportTopologyHDA@@UAGJABU_GUID@@PAPAX@Z 00012490 f i minwave.obj
 0001:000021b0       ?QueryInterface@CMiniportWaveCyclicStreamHDA@@UAGJABU_GUID@@PAPAX@Z 00012490 f i minwave.obj
 0001:000021e0       ??_ECMiniportWaveCyclicHDA@@UAEPAXI@Z 000124c0 f i minwave.obj
 0001:000021e0       ??_GCMiniportWaveCyclicHDA@@UAEPAXI@Z 000124c0 f i minwave.obj
 0001:00002220       ??2@YGPAXIW4_POOL_TYPE@@@Z 00012500 f i minwave.obj
 0001:00002270       ??0CMiniportWaveCyclicStreamHDA@@QAE@PAUIUnknown@@@Z 00012550 f i minwave.obj
 0001:000022b0       ?Release@CMiniportWaveCyclicHDA@@UAGKXZ 00012590 f i minwave.obj
 0001:000022b0       ?Release@CMiniportTopologyHDA@@UAGKXZ 00012590 f i minwave.obj
 0001:000022b0       ?Release@CMiniportWaveCyclicStreamHDA@@UAGKXZ 00012590 f i minwave.obj
 0001:000022e0       ??_GCMiniportWaveCyclicStreamHDA@@UAEPAXI@Z 000125c0 f i minwave.obj
 0001:000022e0       ??_ECMiniportWaveCyclicStreamHDA@@UAEPAXI@Z 000125c0 f i minwave.obj
 0001:00002320       ??0IAdapterCommon@@QAE@XZ  00012600 f i minwave.obj
 0001:00002320       ??0IAdapterPowerManagement@@QAE@XZ 00012600 f i minwave.obj
 0001:00002320       ??0IMiniportWaveCyclicStream@@QAE@XZ 00012600 f i minwave.obj
 0001:00002320       ??0IMiniport@@QAE@XZ       00012600 f i minwave.obj
 0001:00002387       ?GetPosition@CMiniportWaveCyclicStreamHDA@@UAGJPAK@Z 00012667 f   minwave.obj
 0001:00002430       ?NormalizePhysicalPosition@CMiniportWaveCyclicStreamHDA@@UAGJPA_J@Z 00012710 f   minwave.obj
 0001:00002490       ?Silence@CMiniportWaveCyclicStreamHDA@@UAGXPAXK@Z 00012770 f   minwave.obj
 0001:000024ce       _DbgPrint                  000127ae f   ntoskrnl:ntoskrnl.exe
 0001:000024d4       _DbgBreakPoint@0           000127b4 f   ntoskrnl:ntoskrnl.exe
 0001:000024da       __alldiv                   000127ba f   ntoskrnl:ntoskrnl.exe
 0001:000024e0       __allmul                   000127c0 f   ntoskrnl:ntoskrnl.exe
 0001:000024e6       _PcInitializeAdapterDriver@12 000127c6 f   portcls:portcls.sys
 0001:000024ec       _PcAddAdapterDevice@20     000127cc f   portcls:portcls.sys
 0001:000024f2       _PcRegisterSubdevice@12    000127d2 f   portcls:portcls.sys
 0001:000024f8       _PcNewMiniport@8           000127d8 f   portcls:portcls.sys
 0001:000024fe       _PcNewPort@8               000127de f   portcls:portcls.sys
 0001:00002504       _PcRegisterPhysicalConnection@20 000127e4 f   portcls:portcls.sys
 0001:0000250a       _PcRegisterAdapterPowerManagement@8 000127ea f   portcls:portcls.sys
 0001:00002510       _PcNewResourceSublist@20   000127f0 f   portcls:portcls.sys
 0001:00002516       _PcNewRegistryKey@36       000127f6 f   portcls:portcls.sys
 0001:0000251c       _PcNewServiceGroup@8       000127fc f   portcls:portcls.sys
 0001:00002522       ??0CUnknown@@QAE@PAUIUnknown@@@Z 00012802 f   stdunk:stdunk.obj
 0001:00002541       ??_GCUnknown@@UAEPAXI@Z    00012821 f i stdunk:stdunk.obj
 0001:00002541       ??_ECUnknown@@UAEPAXI@Z    00012821 f i stdunk:stdunk.obj
 0001:0000255d       ??1CUnknown@@UAE@XZ        0001283d f   stdunk:stdunk.obj
 0001:00002564       ?NonDelegatingAddRef@CUnknown@@UAGKXZ 00012844 f   stdunk:stdunk.obj
 0001:0000257a       ?NonDelegatingRelease@CUnknown@@UAGKXZ 0001285a f   stdunk:stdunk.obj
 0001:000025a9       ?NonDelegatingQueryInterface@CUnknown@@UAGJABU_GUID@@PAPAX@Z 00012889 f   stdunk:stdunk.obj
 0002:00000000       __imp__WRITE_PORT_UCHAR@8  00012900     hal:HAL.dll
 0002:00000004       __imp_@KfReleaseSpinLock@8 00012904     hal:HAL.dll
 0002:00000008       __imp__KeStallExecutionProcessor@4 00012908     hal:HAL.dll
 0002:0000000c       __imp_@KfAcquireSpinLock@4 0001290c     hal:HAL.dll
 0002:00000010       __imp__KeGetCurrentIrql@0  00012910     hal:HAL.dll
 0002:00000014       \177HAL_NULL_THUNK_DATA    00012914     hal:HAL.dll
 0002:00000018       __imp__MmUnmapIoSpace@8    00012918     ntoskrnl:ntoskrnl.exe
 0002:0000001c       __imp__READ_REGISTER_ULONG@4 0001291c     ntoskrnl:ntoskrnl.exe
 0002:00000020       __imp__WRITE_REGISTER_ULONG@8 00012920     ntoskrnl:ntoskrnl.exe
 0002:00000024       __imp__RtlInitUnicodeString@8 00012924     ntoskrnl:ntoskrnl.exe
 0002:00000028       __imp__READ_REGISTER_UCHAR@4 00012928     ntoskrnl:ntoskrnl.exe
 0002:0000002c       __imp__ExAllocatePoolWithTag@12 0001292c     ntoskrnl:ntoskrnl.exe
 0002:00000030       __imp__KeInitializeSpinLock@4 00012930     ntoskrnl:ntoskrnl.exe
 0002:00000034       __imp__MmMapIoSpace@16     00012934     ntoskrnl:ntoskrnl.exe
 0002:00000038       __imp__WRITE_REGISTER_USHORT@8 00012938     ntoskrnl:ntoskrnl.exe
 0002:0000003c       __imp__KeInitializeMutex@8 0001293c     ntoskrnl:ntoskrnl.exe
 0002:00000040       __imp__KeReleaseMutex@8    00012940     ntoskrnl:ntoskrnl.exe
 0002:00000044       __imp__KeWaitForSingleObject@20 00012944     ntoskrnl:ntoskrnl.exe
 0002:00000048       __imp___alldiv             00012948     ntoskrnl:ntoskrnl.exe
 0002:0000004c       __imp___allmul             0001294c     ntoskrnl:ntoskrnl.exe
 0002:00000050       __imp__RtlAssert@16        00012950     ntoskrnl:ntoskrnl.exe
 0002:00000054       __imp__IoGetDmaAdapter@12  00012954     ntoskrnl:ntoskrnl.exe
 0002:00000058       __imp__DbgPrint            00012958     ntoskrnl:ntoskrnl.exe
 0002:0000005c       __imp__ExFreePool@4        0001295c     ntoskrnl:ntoskrnl.exe
 0002:00000060       __imp__DbgBreakPoint@0     00012960     ntoskrnl:ntoskrnl.exe
 0002:00000064       __imp__WRITE_REGISTER_UCHAR@8 00012964     ntoskrnl:ntoskrnl.exe
 0002:00000068       __imp__READ_REGISTER_USHORT@4 00012968     ntoskrnl:ntoskrnl.exe
 0002:0000006c       __imp_@InterlockedIncrement@4 0001296c     ntoskrnl:ntoskrnl.exe
 0002:00000070       __imp_@InterlockedDecrement@4 00012970     ntoskrnl:ntoskrnl.exe
 0002:00000074       \177ntoskrnl_NULL_THUNK_DATA 00012974     ntoskrnl:ntoskrnl.exe
 0002:00000078       __imp__PcNewMiniport@8     00012978     portcls:portcls.sys
 0002:0000007c       __imp__PcNewPort@8         0001297c     portcls:portcls.sys
 0002:00000080       __imp__PcRegisterSubdevice@12 00012980     portcls:portcls.sys
 0002:00000084       __imp__PcAddAdapterDevice@20 00012984     portcls:portcls.sys
 0002:00000088       __imp__PcRegisterPhysicalConnection@20 00012988     portcls:portcls.sys
 0002:0000008c       __imp__PcNewResourceSublist@20 0001298c     portcls:portcls.sys
 0002:00000090       __imp__PcNewRegistryKey@36 00012990     portcls:portcls.sys
 0002:00000094       __imp__PcNewServiceGroup@8 00012994     portcls:portcls.sys
 0002:00000098       __imp__PcInitializeAdapterDriver@12 00012998     portcls:portcls.sys
 0002:0000009c       __imp__PcRegisterAdapterPowerManagement@8 0001299c     portcls:portcls.sys
 0002:000000a0       \177portcls_NULL_THUNK_DATA 000129a0     portcls:portcls.sys
 0002:00000120       _IID_IAdapterCommon        00012a20     adapter.obj
 0002:00000130       _CLSID_MiniportDriverFmSynth 00012a30     adapter.obj
 0002:00000140       _CLSID_PortWaveCyclic      00012a40     adapter.obj
 0002:00000150       _CLSID_PortTopology        00012a50     adapter.obj
 0002:00000160       _CLSID_PortMidi            00012a60     adapter.obj
 0002:00000170       _IID_IAdapterPowerManagment 00012a70     adapter.obj
 0002:00000180       _IID_IMiniportWaveCyclicStream 00012a80     adapter.obj
 0002:00000190       _IID_IMiniportWaveCyclic   00012a90     adapter.obj
 0002:000001a0       _IID_IPortWaveCyclic       00012aa0     adapter.obj
 0002:000001b0       _IID_IMiniportTopology     00012ab0     adapter.obj
 0002:000001c0       _IID_IMiniport             00012ac0     adapter.obj
 0002:000001d0       _IID_IUnknown              00012ad0     adapter.obj
 0002:000001e0       ??_C@_1BE@ENEK@?$AAR?$AAi?$AAg?$AAh?$AAt?$AAB?$AAa?$AAs?$AAs?$AA?$AA@ 00012ae0     common.obj
 0002:000001f4       ??_C@_1BC@JMJO@?$AAL?$AAe?$AAf?$AAt?$AAB?$AAa?$AAs?$AAs?$AA?$AA@ 00012af4     common.obj
 0002:00000208       ??_C@_1BI@KGAJ@?$AAR?$AAi?$AAg?$AAh?$AAt?$AAT?$AAr?$AAe?$AAb?$AAl?$AAe?$AA?$AA@ 00012b08     common.obj
 0002:00000220       ??_C@_1BG@BGGD@?$AAL?$AAe?$AAf?$AAt?$AAT?$AAr?$AAe?$AAb?$AAl?$AAe?$AA?$AA@ 00012b20     common.obj
 0002:00000238       ??_C@_1O@IECC@?$AAM?$AAi?$AAc?$AAA?$AAG?$AAC?$AA?$AA@ 00012b38     common.obj
 0002:00000248       ??_C@_1CA@EJHI@?$AAR?$AAi?$AAg?$AAh?$AAt?$AAO?$AAu?$AAt?$AAp?$AAu?$AAt?$AAG?$AAa?$AAi?$AAn?$AA?$AA@ 00012b48     common.obj
 0002:00000268       ??_C@_1BO@PPLI@?$AAL?$AAe?$AAf?$AAt?$AAO?$AAu?$AAt?$AAp?$AAu?$AAt?$AAG?$AAa?$AAi?$AAn?$AA?$AA@ 00012b68     common.obj
 0002:00000288       ??_C@_1BO@PMCJ@?$AAR?$AAi?$AAg?$AAh?$AAt?$AAI?$AAn?$AAp?$AAu?$AAt?$AAG?$AAa?$AAi?$AAn?$AA?$AA@ 00012b88     common.obj
 0002:000002a8       ??_C@_1BM@CFEM@?$AAL?$AAe?$AAf?$AAt?$AAI?$AAn?$AAp?$AAu?$AAt?$AAG?$AAa?$AAi?$AAn?$AA?$AA@ 00012ba8     common.obj
 0002:000002c4       ??_C@_1CA@CIKM@?$AAR?$AAi?$AAg?$AAh?$AAt?$AAI?$AAn?$AAp?$AAu?$AAt?$AAM?$AAi?$AAx?$AAe?$AAr?$AA?$AA@ 00012bc4     common.obj
 0002:000002e4       ??_C@_1BO@JOGM@?$AAL?$AAe?$AAf?$AAt?$AAI?$AAn?$AAp?$AAu?$AAt?$AAM?$AAi?$AAx?$AAe?$AAr?$AA?$AA@ 00012be4     common.obj
 0002:00000304       ??_C@_1BI@BMOJ@?$AAO?$AAu?$AAt?$AAp?$AAu?$AAt?$AAM?$AAi?$AAx?$AAe?$AAr?$AA?$AA@ 00012c04     common.obj
 0002:0000031c       ??_C@_1BE@GLOL@?$AAP?$AAc?$AAS?$AAp?$AAk?$AAr?$AAV?$AAo?$AAl?$AA?$AA@ 00012c1c     common.obj
 0002:00000330       ??_C@_1O@MNBB@?$AAM?$AAi?$AAc?$AAV?$AAo?$AAl?$AA?$AA@ 00012c30     common.obj
 0002:00000340       ??_C@_1BO@HCKE@?$AAR?$AAi?$AAg?$AAh?$AAt?$AAL?$AAi?$AAn?$AAe?$AAI?$AAn?$AAV?$AAo?$AAl?$AA?$AA@ 00012c40     common.obj
 0002:00000360       ??_C@_1BM@KLMB@?$AAL?$AAe?$AAf?$AAt?$AAL?$AAi?$AAn?$AAe?$AAI?$AAn?$AAV?$AAo?$AAl?$AA?$AA@ 00012c60     common.obj
 0002:0000037c       ??_C@_1BG@COJL@?$AAR?$AAi?$AAg?$AAh?$AAt?$AAC?$AAD?$AAV?$AAo?$AAl?$AA?$AA@ 00012c7c     common.obj
 0002:00000394       ??_C@_1BE@KMKA@?$AAL?$AAe?$AAf?$AAt?$AAC?$AAD?$AAV?$AAo?$AAl?$AA?$AA@ 00012c94     common.obj
 0002:000003a8       ??_C@_1BK@JCIM@?$AAR?$AAi?$AAg?$AAh?$AAt?$AAM?$AAi?$AAd?$AAi?$AAV?$AAo?$AAl?$AA?$AA@ 00012ca8     common.obj
 0002:000003c4       ??_C@_1BI@KBIJ@?$AAL?$AAe?$AAf?$AAt?$AAM?$AAi?$AAd?$AAi?$AAV?$AAo?$AAl?$AA?$AA@ 00012cc4     common.obj
 0002:000003dc       ??_C@_1BK@MFCG@?$AAR?$AAi?$AAg?$AAh?$AAt?$AAW?$AAa?$AAv?$AAe?$AAV?$AAo?$AAl?$AA?$AA@ 00012cdc     common.obj
 0002:000003f8       ??_C@_1BI@PGCD@?$AAL?$AAe?$AAf?$AAt?$AAW?$AAa?$AAv?$AAe?$AAV?$AAo?$AAl?$AA?$AA@ 00012cf8     common.obj
 0002:00000410       ??_C@_1BO@NHA@?$AAR?$AAi?$AAg?$AAh?$AAt?$AAM?$AAa?$AAs?$AAt?$AAe?$AAr?$AAV?$AAo?$AAl?$AA?$AA@ 00012d10     common.obj
 0002:00000430       ??_C@_1BM@NEBF@?$AAL?$AAe?$AAf?$AAt?$AAM?$AAa?$AAs?$AAt?$AAe?$AAr?$AAV?$AAo?$AAl?$AA?$AA@ 00012d30     common.obj
 0002:0000044c       ??_7CAdapterCommon@@6BCUnknown@@@ 00012d4c     common.obj
 0002:0000045c       ??_7CAdapterCommon@@6BIAdapterPowerManagement@@@ 00012d5c     common.obj
 0002:00000474       ??_7CAdapterCommon@@6BIAdapterCommon@@@ 00012d74     common.obj
 0002:00000580       ??_7CMiniportTopologyHDA@@6BCUnknown@@@ 00012e80     mintopo.obj
 0002:00000590       ??_7CMiniportTopologyHDA@@6BIMiniportTopology@@@ 00012e90     mintopo.obj
 0002:000005a8       ??_7CMiniportWaveCyclicHDA@@6BCUnknown@@@ 00012ea8     minwave.obj
 0002:000005b8       ??_7CMiniportWaveCyclicHDA@@6BIMiniportWaveCyclic@@@ 00012eb8     minwave.obj
 0002:000005d4       ??_7CMiniportWaveCyclicStreamHDA@@6BCUnknown@@@ 00012ed4     minwave.obj
 0002:000005e4       ??_7CMiniportWaveCyclicStreamHDA@@6BIMiniportWaveCyclicStream@@@ 00012ee4     minwave.obj
 0002:00000608       ??_7CUnknown@@6B@          00012f08     stdunk:stdunk.obj
 0003:00000000       ?ulDebugOut@@3KA           00012f20     adapter.obj
 0003:00000008       __GUID_b7902fe9_fb0a_11d1_81b0_0060083316c1 00012f28     adapter.obj
 0003:00000018       __GUID_d3f0ce1c_fffc_11d1_81b0_0060083316c1 00012f38     adapter.obj
 0003:00000028       __GUID_c096df9c_fb09_11d1_81b0_0060083316c1 00012f48     adapter.obj
 0003:000000f8       ?audBufSize@@3KA           00013018     common.obj
 0003:000000fc       ?BdlSize@@3KA              0001301c     common.obj
 0003:000007f8       __GUID_185fedf6_9905_11d1_95a9_00c04fb925d3 00013718     mintopo.obj
 0003:00000808       __GUID_185fedef_9905_11d1_95a9_00c04fb925d3 00013728     mintopo.obj
 0003:00000818       __GUID_185fede1_9905_11d1_95a9_00c04fb925d3 00013738     mintopo.obj
 0003:00000828       __GUID_185fede0_9905_11d1_95a9_00c04fb925d3 00013748     mintopo.obj
 0003:00000838       __GUID_7607e580_c557_11d0_8a2b_00a0c9255ac1 00013758     mintopo.obj
 0003:00000848       __GUID_185fede3_9905_11d1_95a9_00c04fb925d3 00013768     mintopo.obj
 0003:00000858       __GUID_da441a60_c556_11d0_8a2b_00a0c9255ac1 00013778     mintopo.obj
 0003:00000868       __GUID_185fedee_9905_11d1_95a9_00c04fb925d3 00013788     mintopo.obj
 0003:00000878       __GUID_02b223c0_c557_11d0_8a2b_00a0c9255ac1 00013798     mintopo.obj
 0003:00000888       __GUID_185feded_9905_11d1_95a9_00c04fb925d3 000137a8     mintopo.obj
 0003:00000898       __GUID_e88c9ba0_c557_11d0_8a2b_00a0c9255ac1 000137b8     mintopo.obj
 0003:000008a8       __GUID_185fedec_9905_11d1_95a9_00c04fb925d3 000137c8     mintopo.obj
 0003:000008b8       __GUID_185fedeb_9905_11d1_95a9_00c04fb925d3 000137d8     mintopo.obj
 0003:000008c8       __GUID_185fedea_9905_11d1_95a9_00c04fb925d3 000137e8     mintopo.obj
 0003:000008d8       __GUID_185fede9_9905_11d1_95a9_00c04fb925d3 000137f8     mintopo.obj
 0003:000008e8       __GUID_185fede8_9905_11d1_95a9_00c04fb925d3 00013808     mintopo.obj
 0003:000008f8       __GUID_e573adc0_c555_11d0_8a2b_00a0c9255ac1 00013818     mintopo.obj
 0003:00000908       __GUID_185fede7_9905_11d1_95a9_00c04fb925d3 00013828     mintopo.obj
 0003:00000918       __GUID_185fede5_9905_11d1_95a9_00c04fb925d3 00013838     mintopo.obj
 0003:00000928       __GUID_3a5acc00_c557_11d0_8a2b_00a0c9255ac1 00013848     mintopo.obj
 0003:00000938       __GUID_45ffaaa0_6e1b_11d0_bcf2_444553540000 00013858     mintopo.obj
 0003:00000948       __GUID_6994ad04_93ef_11d0_a3cc_00a0c9223196 00013868     mintopo.obj
 0003:00000958       __GUID_185fedf7_9905_11d1_95a9_00c04fb925d3 00013878     mintopo.obj
 0003:00000968       __GUID_dff21ce1_f70f_11d0_b917_00a0c9223196 00013888     mintopo.obj
 0003:00000978       __GUID_dff21be1_f70f_11d0_b917_00a0c9223196 00013898     mintopo.obj
 0003:00000988       __GUID_185fedf9_9905_11d1_95a9_00c04fb925d3 000138a8     mintopo.obj
 0003:00000998       __GUID_dff21fe3_f70f_11d0_b917_00a0c9223196 000138b8     mintopo.obj
 0003:000009a8       __GUID_185fedfb_9905_11d1_95a9_00c04fb925d3 000138c8     mintopo.obj
 0003:000009b8       __GUID_dff220e3_f70f_11d0_b917_00a0c9223196 000138d8     mintopo.obj
 0003:000009c8       __GUID_185fedf8_9905_11d1_95a9_00c04fb925d3 000138e8     mintopo.obj
 0003:000009d8       __GUID_dff220f3_f70f_11d0_b917_00a0c9223196 000138f8     mintopo.obj
 0003:000009e8       __GUID_dff21fe4_f70f_11d0_b917_00a0c9223196 00013908     mintopo.obj
 0003:000009f8       __GUID_97e99ba0_bdea_11cf_a5d6_28db04c10000 00013918     mintopo.obj
 0003:00000c70       __GUID_507ae360_c554_11d0_8a2b_00a0c9255ac1 00013b90     minwave.obj
 0003:00000c80       __GUID_4d837fe0_c555_11d0_8a2b_00a0c9255ac1 00013ba0     minwave.obj
 0003:00000c90       __GUID_185fedfa_9905_11d1_95a9_00c04fb925d3 00013bb0     minwave.obj
 0003:00000ca0       __GUID_fb6c4281_0353_11d1_905f_0000c0cc16ba 00013bc0     minwave.obj
 0003:00000cb0       __GUID_05589f81_c356_11ce_bf01_00aa0055595a 00013bd0     minwave.obj
 0003:00000cc0       __GUID_00000001_0000_0010_8000_00aa00389b71 00013be0     minwave.obj
 0003:00000cd0       __GUID_73647561_0000_0010_8000_00aa00389b71 00013bf0     minwave.obj
 0003:00000ce0       __GUID_518590a2_a184_11d0_8522_00c04fd9baf3 00013c00     minwave.obj
 0003:00000cf0       __GUID_0f6417d6_c318_11d0_a43f_00a0c9223196 00013c10     minwave.obj
 0003:00000d00       __GUID_00000000_0000_0000_0000_000000000000 00013c20     adapter.obj
 0004:0000003e       _AddDevice@8               00013c7e f   adapter.obj
 0004:0000026a       ?InstallSubdevice@@YGJPAU_DEVICE_OBJECT@@PAU_IRP@@PAGABU_GUID@@3P6GJPAPAUIUnknown@@3PAU4@W4_POOL_TYPE@@@Z5PAUIResourceList@@344@Z 00013eaa f   adapter.obj
 0004:0000066e       ?StartDevice@@YGJPAU_DEVICE_OBJECT@@PAU_IRP@@PAUIResourceList@@@Z 000142ae f   adapter.obj
 0004:00000e6e       ?AssignResources@@YGJPAUIResourceList@@PAPAU1@11111@Z 00014aae f   adapter.obj
 0004:000014d8       ?NewAdapterCommon@@YGJPAPAUIUnknown@@ABU_GUID@@PAU1@W4_POOL_TYPE@@@Z 00015118 f   common.obj
 0004:00001d26       ?Init@CAdapterCommon@@UAGJPAUIResourceList@@PAU_DEVICE_OBJECT@@@Z 00015966 f   common.obj
 0004:00002ea2       ??1CAdapterCommon@@UAE@XZ  00016ae2 f   common.obj
 0004:00003317       ?NonDelegatingQueryInterface@CAdapterCommon@@UAGJABU_GUID@@PAPAX@Z 00016f57 f   common.obj
 0004:0000346e       ?WavePortDriverDest@CAdapterCommon@@UAGPAPAUIUnknown@@XZ 000170ae f   common.obj
 0004:0000350e       ?GetInterruptSync@CAdapterCommon@@UAGPAUIInterruptSync@@XZ 0001714e f   common.obj
 0004:000035ae       ?MidiPortDriverDest@CAdapterCommon@@UAGPAPAUIUnknown@@XZ 000171ee f   common.obj
 0004:00003610       ?SetWaveServiceGroup@CAdapterCommon@@UAGXPAUIServiceGroup@@@Z 00017250 f   common.obj
 0004:00003a46       ?InitHDA@CAdapterCommon@@QAGJXZ 00017686 f   common.obj
 0004:0000446a       ?InitializeCodec@CAdapterCommon@@QAGJE@Z 000180aa f   common.obj
 0004:00004a5f       ?hda_initialize_audio_function_group@CAdapterCommon@@QAGXKK@Z 0001869f f   common.obj
 0004:00005350       ?hda_get_node_type@CAdapterCommon@@QAGEKK@Z 00018f90 f   common.obj
 0004:00005380       ?hda_get_node_connection_entry@CAdapterCommon@@QAGKKKK@Z 00018fc0 f   common.obj
 0004:00005440       ?hda_set_node_gain@CAdapterCommon@@QAGXKKKKK@Z 00019080 f   common.obj
 0004:000054e0       ?hda_disable_pin_output@CAdapterCommon@@QAGXKK@Z 00019120 f   common.obj
 0004:00005520       ?hda_is_headphone_connected@CAdapterCommon@@QAGHXZ 00019160 f   common.obj
 0004:00005626       ?hda_initialize_output_pin@CAdapterCommon@@QAGXK@Z 00019266 f   common.obj
 0004:000059e6       ?hda_initalize_audio_output@CAdapterCommon@@QAGXK@Z 00019626 f   common.obj
 0004:00005d66       ?hda_initalize_audio_mixer@CAdapterCommon@@QAGXK@Z 000199a6 f   common.obj
 0004:00005ffe       ?hda_initalize_audio_selector@CAdapterCommon@@QAGXK@Z 00019c3e f   common.obj
 0004:00006240       ?hda_is_supported_sample_rate@CAdapterCommon@@QAGEK@Z 00019e80 f   common.obj
 0004:00006358       ?CreateMiniportTopologyHDA@@YGJPAPAUIUnknown@@ABU_GUID@@PAU1@W4_POOL_TYPE@@@Z 00019f98 f   mintopo.obj
 0004:000064ca       ?ProcessResources@CMiniportTopologyHDA@@AAEJPAUIResourceList@@@Z 0001a10a f   mintopo.obj
 0004:0000664a       ?NonDelegatingQueryInterface@CMiniportTopologyHDA@@UAGJABU_GUID@@PAPAX@Z 0001a28a f   mintopo.obj
 0004:000067ee       ??1CMiniportTopologyHDA@@UAE@XZ 0001a42e f   mintopo.obj
 0004:000069c6       ?Init@CMiniportTopologyHDA@@UAGJPAUIUnknown@@PAUIResourceList@@PAUIPortTopology@@@Z 0001a606 f   mintopo.obj
 0004:00006bda       ?GetDescription@CMiniportTopologyHDA@@UAGJPAPAUPCFILTER_DESCRIPTOR@@@Z 0001a81a f   mintopo.obj
 0004:00008398       ?CreateMiniportWaveCyclicHDA@@YGJPAPAUIUnknown@@ABU_GUID@@PAU1@W4_POOL_TYPE@@@Z 0001bfd8 f   minwave.obj
 0004:000085ca       ?ProcessResources@CMiniportWaveCyclicHDA@@AAEJPAUIResourceList@@@Z 0001c20a f   minwave.obj
 0004:000088e2       ?ValidateFormat@CMiniportWaveCyclicHDA@@AAEJPATKSDATAFORMAT@@@Z 0001c522 f   minwave.obj
 0004:00008afe       ?NonDelegatingQueryInterface@CMiniportWaveCyclicHDA@@UAGJABU_GUID@@PAPAX@Z 0001c73e f   minwave.obj
 0004:00008cb2       ??1CMiniportWaveCyclicHDA@@UAE@XZ 0001c8f2 f   minwave.obj
 0004:00008ec6       ?Init@CMiniportWaveCyclicHDA@@UAGJPAUIUnknown@@PAUIResourceList@@PAUIPortWaveCyclic@@@Z 0001cb06 f   minwave.obj
 0004:0000915e       ?GetDescription@CMiniportWaveCyclicHDA@@UAGJPAPAUPCFILTER_DESCRIPTOR@@@Z 0001cd9e f   minwave.obj
 0004:0000933a       ?DataRangeIntersection@CMiniportWaveCyclicHDA@@UAGJKPATKSDATAFORMAT@@0KPAXPAK@Z 0001cf7a f   minwave.obj
 0004:0000992a       ?NewStream@CMiniportWaveCyclicHDA@@UAGJPAPAUIMiniportWaveCyclicStream@@PAUIUnknown@@W4_POOL_TYPE@@KEPATKSDATAFORMAT@@PAPAUIDmaChannel@@PAPAUIServiceGroup@@@Z 0001d56a f   minwave.obj
 0004:00009cc2       ?NonDelegatingQueryInterface@CMiniportWaveCyclicStreamHDA@@UAGJABU_GUID@@PAPAX@Z 0001d902 f   minwave.obj
 0004:00009e5e       ??1CMiniportWaveCyclicStreamHDA@@UAE@XZ 0001da9e f   minwave.obj
 0004:0000a0d0       ?Init@CMiniportWaveCyclicStreamHDA@@QAEJPAVCMiniportWaveCyclicHDA@@KEPATKSDATAFORMAT@@PAUIDmaChannelSlave@@@Z 0001dd10 f   minwave.obj
 0004:0000a342       ?SetNotificationFreq@CMiniportWaveCyclicStreamHDA@@UAGKKPAK@Z 0001df82 f   minwave.obj
 0004:0000a4d6       ?SetFormat@CMiniportWaveCyclicStreamHDA@@UAGJPATKSDATAFORMAT@@@Z 0001e116 f   minwave.obj
 0004:0000a79a       ?SetState@CMiniportWaveCyclicStreamHDA@@UAGJW4KSSTATE@@@Z 0001e3da f   minwave.obj
 0005:0000003e       _DriverEntry@8             0001e8fe f   adapter.obj
 0005:000000ac       __IMPORT_DESCRIPTOR_ntoskrnl 0001e96c     ntoskrnl:ntoskrnl.exe
 0005:000000c0       __IMPORT_DESCRIPTOR_HAL    0001e980     hal:HAL.dll
 0005:000000d4       __IMPORT_DESCRIPTOR_portcls 0001e994     portcls:portcls.sys
 0005:000000e8       __NULL_IMPORT_DESCRIPTOR   0001e9a8     ntoskrnl:ntoskrnl.exe

 entry point at        0005:0000003e

 Static symbols

 0004:00006d2e       ?PropertyHandler_OnOff@@YGJPAU_PCPROPERTY_REQUEST@@@Z 0001a96e f   mintopo.obj
 0004:00007146       ?PropertyHandler_SuperMixCaps@@YGJPAU_PCPROPERTY_REQUEST@@@Z 0001ad86 f   mintopo.obj
 0004:00007746       ?PropertyHandler_SuperMixTable@@YGJPAU_PCPROPERTY_REQUEST@@@Z 0001b386 f   mintopo.obj
 0004:00007e76       ?PropertyHandler_CpuResources@@YGJPAU_PCPROPERTY_REQUEST@@@Z 0001bab6 f   mintopo.obj
 0001:00001a3e       ?PropertyHandler_Level@@YGJPAU_PCPROPERTY_REQUEST@@@Z 00011d1e f   mintopo.obj
 0004:000080c6       ?BasicSupportHandler@@YGJPAU_PCPROPERTY_REQUEST@@@Z 0001bd06 f   mintopo.obj

 318 bytes saved through ICF

