 HDA

 Timestamp is 6981512c (Mon Feb 02 17:36:44 2026)

 Preferred load address is 00010000

 Start         Length     Name                   Class
 0001:00000000 0000625cH .text                   CODE
 0002:00000000 000000b8H .idata$5                DATA
 0002:000000b8 00000630H .rdata                  DATA
 0003:00000000 00000d18H .data                   DATA
 0003:00000d18 00000016H .bss                    DATA
 0004:00000000 00009d40H PAGE                    CODE
 0005:00000000 000000a9H INIT                    CODE
 0005:000000ac 0000003cH .idata$2                CODE
 0005:000000e8 00000014H .idata$3                CODE
 0005:000000fc 000000b8H .idata$4                CODE
 0005:000001b4 000003b4H .idata$6                CODE
 0006:00000000 00000058H .rsrc$01                DATA
 0006:00000060 000003d8H .rsrc$02                DATA

  Address         Publics by Value              Rva+Base     Lib:Object

 0001:00000000       ??3@YAXPAX@Z               000102e0 f i common.obj
 0001:00000010       ??2@YGPAXIW4_POOL_TYPE@@K@Z 000102f0 f i common.obj
 0001:00000050       ??0CAdapterCommon@@QAE@PAUIUnknown@@@Z 00010330 f i common.obj
 0001:000000a0       ?QueryInterface@CAdapterCommon@@UAGJABU_GUID@@PAPAX@Z 00010380 f i common.obj
 0001:000000d0       ?GetOuterUnknown@CUnknown@@QAEPAUIUnknown@@XZ 000103b0 f i common.obj
 0001:000000f0       ?AddRef@CAdapterCommon@@UAGKXZ 000103d0 f i common.obj
 0001:00000120       ?Release@CAdapterCommon@@UAGKXZ 00010400 f i common.obj
 0001:00000150       ??_GCAdapterCommon@@UAEPAXI@Z 00010430 f i common.obj
 0001:00000150       ??_ECAdapterCommon@@UAEPAXI@Z 00010430 f i common.obj
 0001:00000190       ??0IUnknown@@QAE@XZ        00010470 f i common.obj
 0001:000001a0       _IsEqualGUIDAligned@8      00010480 f i common.obj
 0001:00000220       ??2@YGPAXIW4_POOL_TYPE@@@Z 00010500 f i common.obj
 0001:00000270       ?hda_is_supported_sample_rate@CAdapterCommon@@UAGEK@Z 00010550 f   common.obj
 0001:00000346       ?hda_send_verb@CAdapterCommon@@UAGKKKKK@Z 00010626 f   common.obj
 0001:00000642       ?ReadController@CAdapterCommon@@UAGEXZ 00010922 f   common.obj
 0001:000006e6       ?WriteController@CAdapterCommon@@UAGEE@Z 000109c6 f   common.obj
 0001:000007f2       ?MixerRegWrite@CAdapterCommon@@UAGXEE@Z 00010ad2 f   common.obj
 0001:000009ba       ?MixerRegRead@CAdapterCommon@@UAGEE@Z 00010c9a f   common.obj
 0001:00000a9e       ?MixerReset@CAdapterCommon@@UAGXXZ 00010d7e f   common.obj
 0001:00000b3e       ?AcknowledgeIRQ@CAdapterCommon@@AAE?AW4_HDA_INTERRUPT_TYPE@@XZ 00010e1e f   common.obj
 0001:00000de2       ?ResetController@CAdapterCommon@@UAGJXZ 000110c2 f   common.obj
 0001:00000e96       ?RestoreMixerSettingsFromRegistry@CAdapterCommon@@UAGJXZ 00011176 f   common.obj
 0001:00001142       ?SaveMixerSettingsToRegistry@CAdapterCommon@@UAGJXZ 00011422 f   common.obj
 0001:000013ae       ?ProgramSampleRate@CAdapterCommon@@UAGJK@Z 0001168e f   common.obj
 0001:000015a6       ?PowerChangeState@CAdapterCommon@@UAGXT_POWER_STATE@@@Z 00011886 f   common.obj
 0001:00001796       ?QueryPowerChangeState@CAdapterCommon@@UAGJT_POWER_STATE@@@Z 00011a76 f   common.obj
 0001:0000181a       ?QueryDeviceCapabilities@CAdapterCommon@@UAGJPAU_DEVICE_CAPABILITIES@@@Z 00011afa f   common.obj
 0001:000018ca       ?InterruptServiceRoutine@@YGJPAUIInterruptSync@@PAX@Z 00011baa f   common.obj
 0001:00001a56       ?hda_stop_stream@CAdapterCommon@@UAGJXZ 00011d36 f   common.obj
 0001:00001cd0       ?hda_start_sound@CAdapterCommon@@UAGXXZ 00011fb0 f   common.obj
 0001:00001d3a       ?hda_stop_sound@CAdapterCommon@@UAGXXZ 0001201a f   common.obj
 0001:00001e36       ?hda_get_actual_stream_position@CAdapterCommon@@UAGKXZ 00012116 f   common.obj
 0001:00001f30       ?hda_set_volume@CAdapterCommon@@QAGXKE@Z 00012210 f   common.obj
 0001:00001f90       ?readUCHAR@CAdapterCommon@@QAGEG@Z 00012270 f   common.obj
 0001:00001fb0       ?writeUCHAR@CAdapterCommon@@QAGXGE@Z 00012290 f   common.obj
 0001:00001fe0       ?readUSHORT@CAdapterCommon@@QAGGG@Z 000122c0 f   common.obj
 0001:00002000       ?writeUSHORT@CAdapterCommon@@QAGXGG@Z 000122e0 f   common.obj
 0001:00002030       ?readULONG@CAdapterCommon@@QAGKG@Z 00012310 f   common.obj
 0001:00002050       ?writeULONG@CAdapterCommon@@QAGXGK@Z 00012330 f   common.obj
 0001:0000222a       ?hda_showtime@CAdapterCommon@@UAGJPAUIDmaChannel@@@Z 0001250a f   common.obj
 0001:000026b0       ?ReadWriteConfigSpace@CAdapterCommon@@AAGJPAU_DEVICE_OBJECT@@KPAXKK@Z 00012990 f   common.obj
 0001:000027db       ?WriteConfigSpaceByte@CAdapterCommon@@AAGJEEE@Z 00012abb f   common.obj
 0001:000028db       ?WriteConfigSpaceWord@CAdapterCommon@@AAGJEGG@Z 00012bbb f   common.obj
 0001:000029a0       ?QueryInterface@CAdapterCommon@@W3AGJABU_GUID@@PAPAX@Z 00012c80 f i common.obj
 0001:000029b0       ?AddRef@CAdapterCommon@@W3AGKXZ 00012c90 f i common.obj
 0001:000029c0       ?Release@CAdapterCommon@@W3AGKXZ 00012ca0 f i common.obj
 0001:000029d0       ??0HDA_Codec@@QAE@EEEPAUIAdapterCommon@@@Z 00012cb0 f   codec.obj
 0001:00002a70       ??1HDA_Codec@@QAE@XZ       00012d50 f   codec.obj
 0001:00002b72       ?InitializeCodec@HDA_Codec@@QAGJXZ 00012e52 f   codec.obj
 0001:00003234       ?hda_initialize_audio_function_group@HDA_Codec@@QAGJK@Z 00013514 f   codec.obj
 0001:00003c5a       ?hda_get_node_type@HDA_Codec@@QAGEK@Z 00013f3a f   codec.obj
 0001:00003d0a       ?hda_get_node_connection_entries@HDA_Codec@@QAGKKK@Z 00013fea f   codec.obj
 0001:00003e10       ?hda_enable_pin_output@HDA_Codec@@QAGXK@Z 000140f0 f   codec.obj
 0001:00003e40       ?hda_disable_pin_output@HDA_Codec@@QAGXK@Z 00014120 f   codec.obj
 0001:00003e70       ?hda_is_headphone_connected@HDA_Codec@@QAGEXZ 00014150 f   codec.obj
 0001:00003f5a       ?hda_initialize_output_pin@HDA_Codec@@QAGXKAAUHDA_NODE_PATH@@@Z 0001423a f   codec.obj
 0001:000042d2       ?hda_initialize_audio_output@HDA_Codec@@QAGXKAAUHDA_NODE_PATH@@@Z 000145b2 f   codec.obj
 0001:00004656       ?hda_initialize_audio_mixer@HDA_Codec@@QAGXKAAUHDA_NODE_PATH@@@Z 00014936 f   codec.obj
 0001:00004a56       ?ProgramSampleRate@HDA_Codec@@QAGJK@Z 00014d36 f   codec.obj
 0001:00004e6e       ?hda_initialize_audio_selector@HDA_Codec@@QAGXKAAUHDA_NODE_PATH@@@Z 0001514e f   codec.obj
 0001:000050b0       ?hda_check_headphone_connection_change@HDA_Codec@@QAGXXZ 00015390 f   codec.obj
 0001:00005182       ?hda_is_supported_sample_rate@HDA_Codec@@QAGEK@Z 00015462 f   codec.obj
 0001:000052a0       ?hda_set_volume@HDA_Codec@@QAGXKE@Z 00015580 f   codec.obj
 0001:00005300       ?hda_set_node_gain@HDA_Codec@@QAGXKKKKE@Z 000155e0 f   codec.obj
 0001:000053a0       ?hda_send_verb@HDA_Codec@@QAGJKKK@Z 00015680 f   codec.obj
 0001:000053d0       ?hda_return_sound_data_format@HDA_Codec@@QAGGKKK@Z 000156b0 f   codec.obj
 0001:000053d0       ?hda_return_sound_data_format@CAdapterCommon@@QAGGKKK@Z 000156b0 f   codec.obj
 0001:00005540       ??0CMiniportTopologyHDA@@QAE@PAUIUnknown@@@Z 00015820 f i mintopo.obj
 0001:00005580       ?Release@CMiniportTopologyHDA@@UAGKXZ 00015860 f i mintopo.obj
 0001:00005580       ?Release@CMiniportWaveCyclicHDA@@UAGKXZ 00015860 f i mintopo.obj
 0001:00005580       ?Release@CMiniportWaveCyclicStreamHDA@@UAGKXZ 00015860 f i mintopo.obj
 0001:000055b0       ?DataRangeIntersection@CMiniportTopologyHDA@@UAGJKPATKSDATAFORMAT@@0KPAXPAK@Z 00015890 f i mintopo.obj
 0001:000055c0       ??_ECMiniportTopologyHDA@@UAEPAXI@Z 000158a0 f i mintopo.obj
 0001:000055c0       ??_GCMiniportTopologyHDA@@UAEPAXI@Z 000158a0 f i mintopo.obj
 0001:00005600       ??0IAdapterCommon@@QAE@XZ  000158e0 f i mintopo.obj
 0001:00005600       ??0IMiniport@@QAE@XZ       000158e0 f i mintopo.obj
 0001:00005600       ??0IMiniportWaveCyclicStream@@QAE@XZ 000158e0 f i mintopo.obj
 0001:00005600       ??0IAdapterPowerManagement@@QAE@XZ 000158e0 f i mintopo.obj
 0001:00005ca0       ?ReadBitsFromMixer@CMiniportTopologyHDA@@AAEEEEE@Z 00015f80 f   mintopo.obj
 0001:00005cf0       ?ThisManyOnes@@YGEE@Z      00015fd0 f i mintopo.obj
 0001:00005d10       ?WriteBitsToMixer@CMiniportTopologyHDA@@AAEXEEEE@Z 00015ff0 f   mintopo.obj
 0001:00005db0       ??0CMiniportWaveCyclicHDA@@QAE@PAUIUnknown@@@Z 00016090 f i minwave.obj
 0001:00005df0       ?QueryInterface@CMiniportWaveCyclicHDA@@UAGJABU_GUID@@PAPAX@Z 000160d0 f i minwave.obj
 0001:00005df0       ?QueryInterface@CMiniportTopologyHDA@@UAGJABU_GUID@@PAPAX@Z 000160d0 f i minwave.obj
 0001:00005df0       ?QueryInterface@CMiniportWaveCyclicStreamHDA@@UAGJABU_GUID@@PAPAX@Z 000160d0 f i minwave.obj
 0001:00005e20       ??_GCMiniportWaveCyclicHDA@@UAEPAXI@Z 00016100 f i minwave.obj
 0001:00005e20       ??_ECMiniportWaveCyclicHDA@@UAEPAXI@Z 00016100 f i minwave.obj
 0001:00005e60       ??0IMiniportWaveCyclic@@QAE@XZ 00016140 f i minwave.obj
 0001:00005e60       ??0IMiniportTopology@@QAE@XZ 00016140 f i minwave.obj
 0001:00005e80       ??0CMiniportWaveCyclicStreamHDA@@QAE@PAUIUnknown@@@Z 00016160 f i minwave.obj
 0001:00005ec0       ?AddRef@CMiniportTopologyHDA@@UAGKXZ 000161a0 f i minwave.obj
 0001:00005ec0       ?AddRef@CMiniportWaveCyclicHDA@@UAGKXZ 000161a0 f i minwave.obj
 0001:00005ec0       ?AddRef@CMiniportWaveCyclicStreamHDA@@UAGKXZ 000161a0 f i minwave.obj
 0001:00005ef0       ??_ECMiniportWaveCyclicStreamHDA@@UAEPAXI@Z 000161d0 f i minwave.obj
 0001:00005ef0       ??_GCMiniportWaveCyclicStreamHDA@@UAEPAXI@Z 000161d0 f i minwave.obj
 0001:00005f49       ?GetPosition@CMiniportWaveCyclicStreamHDA@@UAGJPAK@Z 00016229 f   minwave.obj
 0001:0000603e       ?NormalizePhysicalPosition@CMiniportWaveCyclicStreamHDA@@UAGJPA_J@Z 0001631e f   minwave.obj
 0001:000060e0       ?Silence@CMiniportWaveCyclicStreamHDA@@UAGXPAXK@Z 000163c0 f   minwave.obj
 0001:0000611e       _DbgPrint                  000163fe f   ntoskrnl:ntoskrnl.exe
 0001:00006124       _DbgBreakPoint@0           00016404 f   ntoskrnl:ntoskrnl.exe
 0001:0000612a       __alldiv                   0001640a f   ntoskrnl:ntoskrnl.exe
 0001:00006130       __allmul                   00016410 f   ntoskrnl:ntoskrnl.exe
 0001:00006136       _PcInitializeAdapterDriver@12 00016416 f   portcls:portcls.sys
 0001:0000613c       _PcAddAdapterDevice@20     0001641c f   portcls:portcls.sys
 0001:00006142       _PcRegisterSubdevice@12    00016422 f   portcls:portcls.sys
 0001:00006148       _PcNewMiniport@8           00016428 f   portcls:portcls.sys
 0001:0000614e       _PcNewPort@8               0001642e f   portcls:portcls.sys
 0001:00006154       _PcRegisterPhysicalConnection@20 00016434 f   portcls:portcls.sys
 0001:0000615a       _PcRegisterAdapterPowerManagement@8 0001643a f   portcls:portcls.sys
 0001:00006160       _PcNewResourceSublist@20   00016440 f   portcls:portcls.sys
 0001:00006166       _PcNewInterruptSync@20     00016446 f   portcls:portcls.sys
 0001:0000616c       _PcNewRegistryKey@36       0001644c f   portcls:portcls.sys
 0001:00006172       _PcNewServiceGroup@8       00016452 f   portcls:portcls.sys
 0001:00006178       ??0CUnknown@@QAE@PAUIUnknown@@@Z 00016458 f   stdunk:stdunk.obj
 0001:00006197       ??_GCUnknown@@UAEPAXI@Z    00016477 f i stdunk:stdunk.obj
 0001:00006197       ??_ECUnknown@@UAEPAXI@Z    00016477 f i stdunk:stdunk.obj
 0001:000061b3       ??1CUnknown@@UAE@XZ        00016493 f   stdunk:stdunk.obj
 0001:000061ba       ?NonDelegatingAddRef@CUnknown@@UAGKXZ 0001649a f   stdunk:stdunk.obj
 0001:000061d0       ?NonDelegatingRelease@CUnknown@@UAGKXZ 000164b0 f   stdunk:stdunk.obj
 0001:000061ff       ?NonDelegatingQueryInterface@CUnknown@@UAGJABU_GUID@@PAPAX@Z 000164df f   stdunk:stdunk.obj
 0002:00000000       __imp_@KfAcquireSpinLock@4 00016540     hal:HAL.dll
 0002:00000004       __imp_@KfReleaseSpinLock@8 00016544     hal:HAL.dll
 0002:00000008       __imp__KeStallExecutionProcessor@4 00016548     hal:HAL.dll
 0002:0000000c       __imp__KeGetCurrentIrql@0  0001654c     hal:HAL.dll
 0002:00000010       \177HAL_NULL_THUNK_DATA    00016550     hal:HAL.dll
 0002:00000014       __imp__MmMapIoSpace@16     00016554     ntoskrnl:ntoskrnl.exe
 0002:00000018       __imp__KeInitializeSpinLock@4 00016558     ntoskrnl:ntoskrnl.exe
 0002:0000001c       __imp__MmUnmapIoSpace@8    0001655c     ntoskrnl:ntoskrnl.exe
 0002:00000020       __imp__IoGetDmaAdapter@12  00016560     ntoskrnl:ntoskrnl.exe
 0002:00000024       __imp__RtlInitUnicodeString@8 00016564     ntoskrnl:ntoskrnl.exe
 0002:00000028       __imp__READ_REGISTER_ULONG@4 00016568     ntoskrnl:ntoskrnl.exe
 0002:0000002c       __imp__WRITE_REGISTER_ULONG@8 0001656c     ntoskrnl:ntoskrnl.exe
 0002:00000030       __imp__READ_REGISTER_UCHAR@4 00016570     ntoskrnl:ntoskrnl.exe
 0002:00000034       __imp__WRITE_REGISTER_UCHAR@8 00016574     ntoskrnl:ntoskrnl.exe
 0002:00000038       __imp__READ_REGISTER_USHORT@4 00016578     ntoskrnl:ntoskrnl.exe
 0002:0000003c       __imp__ExFreePool@4        0001657c     ntoskrnl:ntoskrnl.exe
 0002:00000040       __imp__ExAllocatePoolWithTag@12 00016580     ntoskrnl:ntoskrnl.exe
 0002:00000044       __imp__KeWaitForSingleObject@20 00016584     ntoskrnl:ntoskrnl.exe
 0002:00000048       __imp_@IofCallDriver@8     00016588     ntoskrnl:ntoskrnl.exe
 0002:0000004c       __imp__IoBuildSynchronousFsdRequest@28 0001658c     ntoskrnl:ntoskrnl.exe
 0002:00000050       __imp__IoGetAttachedDeviceReference@4 00016590     ntoskrnl:ntoskrnl.exe
 0002:00000054       __imp__KeInitializeEvent@12 00016594     ntoskrnl:ntoskrnl.exe
 0002:00000058       __imp__KeInitializeMutex@8 00016598     ntoskrnl:ntoskrnl.exe
 0002:0000005c       __imp__RtlAssert@16        0001659c     ntoskrnl:ntoskrnl.exe
 0002:00000060       __imp___alldiv             000165a0     ntoskrnl:ntoskrnl.exe
 0002:00000064       __imp___allmul             000165a4     ntoskrnl:ntoskrnl.exe
 0002:00000068       __imp__DbgBreakPoint@0     000165a8     ntoskrnl:ntoskrnl.exe
 0002:0000006c       __imp__DbgPrint            000165ac     ntoskrnl:ntoskrnl.exe
 0002:00000070       __imp_@ObfDereferenceObject@4 000165b0     ntoskrnl:ntoskrnl.exe
 0002:00000074       __imp__WRITE_REGISTER_USHORT@8 000165b4     ntoskrnl:ntoskrnl.exe
 0002:00000078       __imp__KeReleaseMutex@8    000165b8     ntoskrnl:ntoskrnl.exe
 0002:0000007c       __imp_@InterlockedDecrement@4 000165bc     ntoskrnl:ntoskrnl.exe
 0002:00000080       __imp_@InterlockedIncrement@4 000165c0     ntoskrnl:ntoskrnl.exe
 0002:00000084       \177ntoskrnl_NULL_THUNK_DATA 000165c4     ntoskrnl:ntoskrnl.exe
 0002:00000088       __imp__PcInitializeAdapterDriver@12 000165c8     portcls:portcls.sys
 0002:0000008c       __imp__PcNewMiniport@8     000165cc     portcls:portcls.sys
 0002:00000090       __imp__PcNewPort@8         000165d0     portcls:portcls.sys
 0002:00000094       __imp__PcRegisterPhysicalConnection@20 000165d4     portcls:portcls.sys
 0002:00000098       __imp__PcAddAdapterDevice@20 000165d8     portcls:portcls.sys
 0002:0000009c       __imp__PcRegisterSubdevice@12 000165dc     portcls:portcls.sys
 0002:000000a0       __imp__PcNewInterruptSync@20 000165e0     portcls:portcls.sys
 0002:000000a4       __imp__PcNewRegistryKey@36 000165e4     portcls:portcls.sys
 0002:000000a8       __imp__PcNewServiceGroup@8 000165e8     portcls:portcls.sys
 0002:000000ac       __imp__PcRegisterAdapterPowerManagement@8 000165ec     portcls:portcls.sys
 0002:000000b0       __imp__PcNewResourceSublist@20 000165f0     portcls:portcls.sys
 0002:000000b4       \177portcls_NULL_THUNK_DATA 000165f4     portcls:portcls.sys
 0002:00000130       _IID_IAdapterCommon        00016670     adapter.obj
 0002:00000140       _CLSID_MiniportDriverFmSynth 00016680     adapter.obj
 0002:00000150       _CLSID_PortWaveCyclic      00016690     adapter.obj
 0002:00000160       _CLSID_PortTopology        000166a0     adapter.obj
 0002:00000170       _CLSID_PortMidi            000166b0     adapter.obj
 0002:00000180       _IID_IAdapterPowerManagment 000166c0     adapter.obj
 0002:00000190       _IID_IMiniportWaveCyclicStream 000166d0     adapter.obj
 0002:000001a0       _IID_IMiniportWaveCyclic   000166e0     adapter.obj
 0002:000001b0       _IID_IPortWaveCyclic       000166f0     adapter.obj
 0002:000001c0       _IID_IMiniportTopology     00016700     adapter.obj
 0002:000001d0       _IID_IMiniport             00016710     adapter.obj
 0002:000001e0       _IID_IUnknown              00016720     adapter.obj
 0002:000001f0       ??_C@_1BE@FFBG@?$AAU?$AAs?$AAe?$AAD?$AAm?$AAa?$AAP?$AAo?$AAs?$AA?$AA@ 00016730     common.obj
 0002:00000204       ??_C@_1CA@DADJ@?$AAU?$AAs?$AAe?$AAD?$AAi?$AAs?$AAa?$AAb?$AAl?$AAe?$AAd?$AAP?$AAi?$AAn?$AAs?$AA?$AA@ 00016744     common.obj
 0002:00000224       ??_C@_1BC@MBIB@?$AAU?$AAs?$AAe?$AAS?$AAP?$AAD?$AAI?$AAF?$AA?$AA@ 00016764     common.obj
 0002:00000238       ??_C@_1BE@ONOC@?$AAU?$AAs?$AAe?$AAA?$AAl?$AAt?$AAO?$AAu?$AAt?$AA?$AA@ 00016778     common.obj
 0002:0000024c       ??_C@_1BO@LMMA@?$AAS?$AAk?$AAi?$AAp?$AAC?$AAo?$AAd?$AAe?$AAc?$AAR?$AAe?$AAs?$AAe?$AAt?$AA?$AA@ 0001678c     common.obj
 0002:0000026c       ??_C@_1CI@JKGI@?$AAS?$AAk?$AAi?$AAp?$AAC?$AAo?$AAn?$AAt?$AAr?$AAo?$AAl?$AAl?$AAe?$AAr?$AAR?$AAe?$AAs?$AAe?$AAt?$AA?$AA@ 000167ac     common.obj
 0002:00000294       ??_C@_1BE@ENEK@?$AAR?$AAi?$AAg?$AAh?$AAt?$AAB?$AAa?$AAs?$AAs?$AA?$AA@ 000167d4     common.obj
 0002:000002a8       ??_C@_1BC@JMJO@?$AAL?$AAe?$AAf?$AAt?$AAB?$AAa?$AAs?$AAs?$AA?$AA@ 000167e8     common.obj
 0002:000002bc       ??_C@_1BI@KGAJ@?$AAR?$AAi?$AAg?$AAh?$AAt?$AAT?$AAr?$AAe?$AAb?$AAl?$AAe?$AA?$AA@ 000167fc     common.obj
 0002:000002d4       ??_C@_1BG@BGGD@?$AAL?$AAe?$AAf?$AAt?$AAT?$AAr?$AAe?$AAb?$AAl?$AAe?$AA?$AA@ 00016814     common.obj
 0002:000002ec       ??_C@_1O@IECC@?$AAM?$AAi?$AAc?$AAA?$AAG?$AAC?$AA?$AA@ 0001682c     common.obj
 0002:000002fc       ??_C@_1CA@EJHI@?$AAR?$AAi?$AAg?$AAh?$AAt?$AAO?$AAu?$AAt?$AAp?$AAu?$AAt?$AAG?$AAa?$AAi?$AAn?$AA?$AA@ 0001683c     common.obj
 0002:0000031c       ??_C@_1BO@PPLI@?$AAL?$AAe?$AAf?$AAt?$AAO?$AAu?$AAt?$AAp?$AAu?$AAt?$AAG?$AAa?$AAi?$AAn?$AA?$AA@ 0001685c     common.obj
 0002:0000033c       ??_C@_1BO@PMCJ@?$AAR?$AAi?$AAg?$AAh?$AAt?$AAI?$AAn?$AAp?$AAu?$AAt?$AAG?$AAa?$AAi?$AAn?$AA?$AA@ 0001687c     common.obj
 0002:0000035c       ??_C@_1BM@CFEM@?$AAL?$AAe?$AAf?$AAt?$AAI?$AAn?$AAp?$AAu?$AAt?$AAG?$AAa?$AAi?$AAn?$AA?$AA@ 0001689c     common.obj
 0002:00000378       ??_C@_1CA@CIKM@?$AAR?$AAi?$AAg?$AAh?$AAt?$AAI?$AAn?$AAp?$AAu?$AAt?$AAM?$AAi?$AAx?$AAe?$AAr?$AA?$AA@ 000168b8     common.obj
 0002:00000398       ??_C@_1BO@JOGM@?$AAL?$AAe?$AAf?$AAt?$AAI?$AAn?$AAp?$AAu?$AAt?$AAM?$AAi?$AAx?$AAe?$AAr?$AA?$AA@ 000168d8     common.obj
 0002:000003b8       ??_C@_1BI@BMOJ@?$AAO?$AAu?$AAt?$AAp?$AAu?$AAt?$AAM?$AAi?$AAx?$AAe?$AAr?$AA?$AA@ 000168f8     common.obj
 0002:000003d0       ??_C@_1BE@GLOL@?$AAP?$AAc?$AAS?$AAp?$AAk?$AAr?$AAV?$AAo?$AAl?$AA?$AA@ 00016910     common.obj
 0002:000003e4       ??_C@_1O@MNBB@?$AAM?$AAi?$AAc?$AAV?$AAo?$AAl?$AA?$AA@ 00016924     common.obj
 0002:000003f4       ??_C@_1BO@HCKE@?$AAR?$AAi?$AAg?$AAh?$AAt?$AAL?$AAi?$AAn?$AAe?$AAI?$AAn?$AAV?$AAo?$AAl?$AA?$AA@ 00016934     common.obj
 0002:00000414       ??_C@_1BM@KLMB@?$AAL?$AAe?$AAf?$AAt?$AAL?$AAi?$AAn?$AAe?$AAI?$AAn?$AAV?$AAo?$AAl?$AA?$AA@ 00016954     common.obj
 0002:00000430       ??_C@_1BG@COJL@?$AAR?$AAi?$AAg?$AAh?$AAt?$AAC?$AAD?$AAV?$AAo?$AAl?$AA?$AA@ 00016970     common.obj
 0002:00000448       ??_C@_1BE@KMKA@?$AAL?$AAe?$AAf?$AAt?$AAC?$AAD?$AAV?$AAo?$AAl?$AA?$AA@ 00016988     common.obj
 0002:0000045c       ??_C@_1BK@JCIM@?$AAR?$AAi?$AAg?$AAh?$AAt?$AAM?$AAi?$AAd?$AAi?$AAV?$AAo?$AAl?$AA?$AA@ 0001699c     common.obj
 0002:00000478       ??_C@_1BI@KBIJ@?$AAL?$AAe?$AAf?$AAt?$AAM?$AAi?$AAd?$AAi?$AAV?$AAo?$AAl?$AA?$AA@ 000169b8     common.obj
 0002:00000490       ??_C@_1BK@MFCG@?$AAR?$AAi?$AAg?$AAh?$AAt?$AAW?$AAa?$AAv?$AAe?$AAV?$AAo?$AAl?$AA?$AA@ 000169d0     common.obj
 0002:000004ac       ??_C@_1BI@PGCD@?$AAL?$AAe?$AAf?$AAt?$AAW?$AAa?$AAv?$AAe?$AAV?$AAo?$AAl?$AA?$AA@ 000169ec     common.obj
 0002:000004c4       ??_C@_1BO@NHA@?$AAR?$AAi?$AAg?$AAh?$AAt?$AAM?$AAa?$AAs?$AAt?$AAe?$AAr?$AAV?$AAo?$AAl?$AA?$AA@ 00016a04     common.obj
 0002:000004e4       ??_C@_1BM@NEBF@?$AAL?$AAe?$AAf?$AAt?$AAM?$AAa?$AAs?$AAt?$AAe?$AAr?$AAV?$AAo?$AAl?$AA?$AA@ 00016a24     common.obj
 0002:00000500       ??_7CAdapterCommon@@6BCUnknown@@@ 00016a40     common.obj
 0002:00000510       ??_7CAdapterCommon@@6BIAdapterPowerManagement@@@ 00016a50     common.obj
 0002:00000528       ??_7CAdapterCommon@@6BIAdapterCommon@@@ 00016a68     common.obj
 0002:00000650       ??_7CMiniportTopologyHDA@@6BCUnknown@@@ 00016b90     mintopo.obj
 0002:00000660       ??_7CMiniportTopologyHDA@@6BIMiniportTopology@@@ 00016ba0     mintopo.obj
 0002:00000678       ??_7CMiniportWaveCyclicHDA@@6BCUnknown@@@ 00016bb8     minwave.obj
 0002:00000688       ??_7CMiniportWaveCyclicHDA@@6BIMiniportWaveCyclic@@@ 00016bc8     minwave.obj
 0002:000006a4       ??_7CMiniportWaveCyclicStreamHDA@@6BCUnknown@@@ 00016be4     minwave.obj
 0002:000006b4       ??_7CMiniportWaveCyclicStreamHDA@@6BIMiniportWaveCyclicStream@@@ 00016bf4     minwave.obj
 0002:000006d8       ??_7CUnknown@@6B@          00016c18     stdunk:stdunk.obj
 0003:00000000       ?ulDebugOut@@3KA           00016c40     adapter.obj
 0003:00000008       __GUID_b7902fe9_fb0a_11d1_81b0_0060083316c1 00016c48     adapter.obj
 0003:00000018       __GUID_d3f0ce1c_fffc_11d1_81b0_0060083316c1 00016c58     adapter.obj
 0003:00000028       __GUID_c096df9c_fb09_11d1_81b0_0060083316c1 00016c68     adapter.obj
 0003:00000140       ?audBufSize@@3KA           00016d80     common.obj
 0003:00000144       ?BdlSize@@3KA              00016d84     common.obj
 0003:00000840       __GUID_185fedf6_9905_11d1_95a9_00c04fb925d3 00017480     mintopo.obj
 0003:00000850       __GUID_185fedef_9905_11d1_95a9_00c04fb925d3 00017490     mintopo.obj
 0003:00000860       __GUID_185fede1_9905_11d1_95a9_00c04fb925d3 000174a0     mintopo.obj
 0003:00000870       __GUID_185fede0_9905_11d1_95a9_00c04fb925d3 000174b0     mintopo.obj
 0003:00000880       __GUID_7607e580_c557_11d0_8a2b_00a0c9255ac1 000174c0     mintopo.obj
 0003:00000890       __GUID_185fede3_9905_11d1_95a9_00c04fb925d3 000174d0     mintopo.obj
 0003:000008a0       __GUID_da441a60_c556_11d0_8a2b_00a0c9255ac1 000174e0     mintopo.obj
 0003:000008b0       __GUID_185fedee_9905_11d1_95a9_00c04fb925d3 000174f0     mintopo.obj
 0003:000008c0       __GUID_02b223c0_c557_11d0_8a2b_00a0c9255ac1 00017500     mintopo.obj
 0003:000008d0       __GUID_185feded_9905_11d1_95a9_00c04fb925d3 00017510     mintopo.obj
 0003:000008e0       __GUID_e88c9ba0_c557_11d0_8a2b_00a0c9255ac1 00017520     mintopo.obj
 0003:000008f0       __GUID_185fedec_9905_11d1_95a9_00c04fb925d3 00017530     mintopo.obj
 0003:00000900       __GUID_185fedeb_9905_11d1_95a9_00c04fb925d3 00017540     mintopo.obj
 0003:00000910       __GUID_185fedea_9905_11d1_95a9_00c04fb925d3 00017550     mintopo.obj
 0003:00000920       __GUID_185fede9_9905_11d1_95a9_00c04fb925d3 00017560     mintopo.obj
 0003:00000930       __GUID_185fede8_9905_11d1_95a9_00c04fb925d3 00017570     mintopo.obj
 0003:00000940       __GUID_e573adc0_c555_11d0_8a2b_00a0c9255ac1 00017580     mintopo.obj
 0003:00000950       __GUID_185fede7_9905_11d1_95a9_00c04fb925d3 00017590     mintopo.obj
 0003:00000960       __GUID_185fede5_9905_11d1_95a9_00c04fb925d3 000175a0     mintopo.obj
 0003:00000970       __GUID_3a5acc00_c557_11d0_8a2b_00a0c9255ac1 000175b0     mintopo.obj
 0003:00000980       __GUID_45ffaaa0_6e1b_11d0_bcf2_444553540000 000175c0     mintopo.obj
 0003:00000990       __GUID_6994ad04_93ef_11d0_a3cc_00a0c9223196 000175d0     mintopo.obj
 0003:000009a0       __GUID_185fedf7_9905_11d1_95a9_00c04fb925d3 000175e0     mintopo.obj
 0003:000009b0       __GUID_dff21ce1_f70f_11d0_b917_00a0c9223196 000175f0     mintopo.obj
 0003:000009c0       __GUID_dff21be1_f70f_11d0_b917_00a0c9223196 00017600     mintopo.obj
 0003:000009d0       __GUID_185fedf9_9905_11d1_95a9_00c04fb925d3 00017610     mintopo.obj
 0003:000009e0       __GUID_dff21fe3_f70f_11d0_b917_00a0c9223196 00017620     mintopo.obj
 0003:000009f0       __GUID_185fedfb_9905_11d1_95a9_00c04fb925d3 00017630     mintopo.obj
 0003:00000a00       __GUID_dff220e3_f70f_11d0_b917_00a0c9223196 00017640     mintopo.obj
 0003:00000a10       __GUID_185fedf8_9905_11d1_95a9_00c04fb925d3 00017650     mintopo.obj
 0003:00000a20       __GUID_dff220f3_f70f_11d0_b917_00a0c9223196 00017660     mintopo.obj
 0003:00000a30       __GUID_dff21fe4_f70f_11d0_b917_00a0c9223196 00017670     mintopo.obj
 0003:00000a40       __GUID_97e99ba0_bdea_11cf_a5d6_28db04c10000 00017680     mintopo.obj
 0003:00000c88       __GUID_507ae360_c554_11d0_8a2b_00a0c9255ac1 000178c8     minwave.obj
 0003:00000c98       __GUID_4d837fe0_c555_11d0_8a2b_00a0c9255ac1 000178d8     minwave.obj
 0003:00000ca8       __GUID_185fedfa_9905_11d1_95a9_00c04fb925d3 000178e8     minwave.obj
 0003:00000cb8       __GUID_fb6c4281_0353_11d1_905f_0000c0cc16ba 000178f8     minwave.obj
 0003:00000cc8       __GUID_05589f81_c356_11ce_bf01_00aa0055595a 00017908     minwave.obj
 0003:00000cd8       __GUID_00000001_0000_0010_8000_00aa00389b71 00017918     minwave.obj
 0003:00000ce8       __GUID_73647561_0000_0010_8000_00aa00389b71 00017928     minwave.obj
 0003:00000cf8       __GUID_518590a2_a184_11d0_8522_00c04fd9baf3 00017938     minwave.obj
 0003:00000d08       __GUID_0f6417d6_c318_11d0_a43f_00a0c9223196 00017948     minwave.obj
 0003:00000d18       __GUID_00000000_0000_0000_0000_000000000000 00017958     adapter.obj
 0004:0000003e       _AddDevice@8               000179be f   adapter.obj
 0004:0000026a       ?InstallSubdevice@@YGJPAU_DEVICE_OBJECT@@PAU_IRP@@PAGABU_GUID@@3P6GJPAPAUIUnknown@@3PAU4@W4_POOL_TYPE@@@Z5PAUIResourceList@@344@Z 00017bea f   adapter.obj
 0004:0000066e       ?StartDevice@@YGJPAU_DEVICE_OBJECT@@PAU_IRP@@PAUIResourceList@@@Z 00017fee f   adapter.obj
 0004:00000e6e       ?AssignResources@@YGJPAUIResourceList@@PAPAU1@11111@Z 000187ee f   adapter.obj
 0004:000013c8       ?NewAdapterCommon@@YGJPAPAUIUnknown@@ABU_GUID@@PAU1@W4_POOL_TYPE@@@Z 00018d48 f   common.obj
 0004:00001d49       ?Init@CAdapterCommon@@UAGJPAUIResourceList@@PAU_DEVICE_OBJECT@@@Z 000196c9 f   common.obj
 0004:00003282       ??1CAdapterCommon@@UAE@XZ  0001ac02 f   common.obj
 0004:00003710       ??_GHDA_Codec@@QAEPAXI@Z   0001b090 f i common.obj
 0004:00003797       ?NonDelegatingQueryInterface@CAdapterCommon@@UAGJABU_GUID@@PAPAX@Z 0001b117 f   common.obj
 0004:000038ee       ?WavePortDriverDest@CAdapterCommon@@UAGPAPAUIUnknown@@XZ 0001b26e f   common.obj
 0004:0000398e       ?GetInterruptSync@CAdapterCommon@@UAGPAUIInterruptSync@@XZ 0001b30e f   common.obj
 0004:00003a2e       ?MidiPortDriverDest@CAdapterCommon@@UAGPAPAUIUnknown@@XZ 0001b3ae f   common.obj
 0004:00003ace       ?SetWaveServiceGroup@CAdapterCommon@@UAGXPAUIServiceGroup@@@Z 0001b44e f   common.obj
 0004:000041e2       ?InitHDAController@CAdapterCommon@@QAGJXZ 0001bb62 f   common.obj
 0004:00005412       ?ReadRegistryBoolean@CAdapterCommon@@AAGEPBGE@Z 0001cd92 f   common.obj
 0004:000055f8       ?CreateMiniportTopologyHDA@@YGJPAPAUIUnknown@@ABU_GUID@@PAU1@W4_POOL_TYPE@@@Z 0001cf78 f   mintopo.obj
 0004:0000576a       ?ProcessResources@CMiniportTopologyHDA@@AAEJPAUIResourceList@@@Z 0001d0ea f   mintopo.obj
 0004:000058fa       ?NonDelegatingQueryInterface@CMiniportTopologyHDA@@UAGJABU_GUID@@PAPAX@Z 0001d27a f   mintopo.obj
 0004:00005aae       ??1CMiniportTopologyHDA@@UAE@XZ 0001d42e f   mintopo.obj
 0004:00005c86       ?Init@CMiniportTopologyHDA@@UAGJPAUIUnknown@@PAUIResourceList@@PAUIPortTopology@@@Z 0001d606 f   mintopo.obj
 0004:00005e9a       ?GetDescription@CMiniportTopologyHDA@@UAGJPAPAUPCFILTER_DESCRIPTOR@@@Z 0001d81a f   mintopo.obj
 0004:00007678       ?CreateMiniportWaveCyclicHDA@@YGJPAPAUIUnknown@@ABU_GUID@@PAU1@W4_POOL_TYPE@@@Z 0001eff8 f   minwave.obj
 0004:00007946       ?ProcessResources@CMiniportWaveCyclicHDA@@AAEJPAUIResourceList@@@Z 0001f2c6 f   minwave.obj
 0004:00007db2       ?ValidateFormat@CMiniportWaveCyclicHDA@@AAEJPATKSDATAFORMAT@@@Z 0001f732 f   minwave.obj
 0004:00007fee       ?NonDelegatingQueryInterface@CMiniportWaveCyclicHDA@@UAGJABU_GUID@@PAPAX@Z 0001f96e f   minwave.obj
 0004:000081a2       ??1CMiniportWaveCyclicHDA@@UAE@XZ 0001fb22 f   minwave.obj
 0004:000083a6       ?Init@CMiniportWaveCyclicHDA@@UAGJPAUIUnknown@@PAUIResourceList@@PAUIPortWaveCyclic@@@Z 0001fd26 f   minwave.obj
 0004:0000863e       ?GetDescription@CMiniportWaveCyclicHDA@@UAGJPAPAUPCFILTER_DESCRIPTOR@@@Z 0001ffbe f   minwave.obj
 0004:0000882a       ?DataRangeIntersection@CMiniportWaveCyclicHDA@@UAGJKPATKSDATAFORMAT@@0KPAXPAK@Z 000201aa f   minwave.obj
 0004:00008e2a       ?NewStream@CMiniportWaveCyclicHDA@@UAGJPAPAUIMiniportWaveCyclicStream@@PAUIUnknown@@W4_POOL_TYPE@@KEPATKSDATAFORMAT@@PAPAUIDmaChannel@@PAPAUIServiceGroup@@@Z 000207aa f   minwave.obj
 0004:000091c2       ?NonDelegatingQueryInterface@CMiniportWaveCyclicStreamHDA@@UAGJABU_GUID@@PAPAX@Z 00020b42 f   minwave.obj
 0004:0000936e       ??1CMiniportWaveCyclicStreamHDA@@UAE@XZ 00020cee f   minwave.obj
 0004:000095e0       ?Init@CMiniportWaveCyclicStreamHDA@@QAEJPAVCMiniportWaveCyclicHDA@@KEPATKSDATAFORMAT@@PAUIDmaChannel@@@Z 00020f60 f   minwave.obj
 0004:00009852       ?SetNotificationFreq@CMiniportWaveCyclicStreamHDA@@UAGKKPAK@Z 000211d2 f   minwave.obj
 0004:000099e6       ?SetFormat@CMiniportWaveCyclicStreamHDA@@UAGJPATKSDATAFORMAT@@@Z 00021366 f   minwave.obj
 0004:00009c2e       ?SetState@CMiniportWaveCyclicStreamHDA@@UAGJW4KSSTATE@@@Z 000215ae f   minwave.obj
 0005:0000003e       _DriverEntry@8             000216fe f   adapter.obj
 0005:000000ac       __IMPORT_DESCRIPTOR_ntoskrnl 0002176c     ntoskrnl:ntoskrnl.exe
 0005:000000c0       __IMPORT_DESCRIPTOR_HAL    00021780     hal:HAL.dll
 0005:000000d4       __IMPORT_DESCRIPTOR_portcls 00021794     portcls:portcls.sys
 0005:000000e8       __NULL_IMPORT_DESCRIPTOR   000217a8     ntoskrnl:ntoskrnl.exe

 entry point at        0005:0000003e

 Static symbols

 0004:00005fee       ?PropertyHandler_OnOff@@YGJPAU_PCPROPERTY_REQUEST@@@Z 0001d96e f   mintopo.obj
 0004:00006406       ?PropertyHandler_SuperMixCaps@@YGJPAU_PCPROPERTY_REQUEST@@@Z 0001dd86 f   mintopo.obj
 0004:00006a16       ?PropertyHandler_SuperMixTable@@YGJPAU_PCPROPERTY_REQUEST@@@Z 0001e396 f   mintopo.obj
 0004:00007146       ?PropertyHandler_CpuResources@@YGJPAU_PCPROPERTY_REQUEST@@@Z 0001eac6 f   mintopo.obj
 0001:0000567e       ?PropertyHandler_Level@@YGJPAU_PCPROPERTY_REQUEST@@@Z 0001595e f   mintopo.obj
 0004:000073a6       ?BasicSupportHandler@@YGJPAU_PCPROPERTY_REQUEST@@@Z 0001ed26 f   mintopo.obj

 676 bytes saved through ICF

