 HDA

 Timestamp is 68f7d18f (Tue Oct 21 11:31:43 2025)

 Preferred load address is 00010000

 Start         Length     Name                   Class
 0001:00000000 0000321cH .text                   CODE
 0002:00000000 000000a4H .idata$5                DATA
 0002:000000a8 00000580H .rdata                  DATA
 0003:00000000 00000cd0H .data                   DATA
 0003:00000cd0 00000010H .bss                    DATA
 0004:00000000 0000a820H PAGE                    CODE
 0005:00000000 000000a9H INIT                    CODE
 0005:000000ac 0000003cH .idata$2                CODE
 0005:000000e8 00000014H .idata$3                CODE
 0005:000000fc 000000a4H .idata$4                CODE
 0005:000001a0 00000338H .idata$6                CODE
 0006:00000000 00000058H .rsrc$01                DATA
 0006:00000060 00000338H .rsrc$02                DATA

  Address         Publics by Value              Rva+Base     Lib:Object

 0001:00000000       ??3@YAXPAX@Z               000102e0 f i common.obj
 0001:00000010       ??2@YGPAXIW4_POOL_TYPE@@K@Z 000102f0 f i common.obj
 0001:00000050       ??0CAdapterCommon@@QAE@PAUIUnknown@@@Z 00010330 f i common.obj
 0001:000000a0       ?QueryInterface@CAdapterCommon@@UAGJABU_GUID@@PAPAX@Z 00010380 f i common.obj
 0001:000000d0       ?GetOuterUnknown@CUnknown@@QAEPAUIUnknown@@XZ 000103b0 f i common.obj
 0001:000000f0       ?AddRef@CAdapterCommon@@UAGKXZ 000103d0 f i common.obj
 0001:00000120       ?Release@CAdapterCommon@@UAGKXZ 00010400 f i common.obj
 0001:00000150       ??_GCAdapterCommon@@UAEPAXI@Z 00010430 f i common.obj
 0001:00000150       ??_ECAdapterCommon@@UAEPAXI@Z 00010430 f i common.obj
 0001:00000190       ??0IUnknown@@QAE@XZ        00010470 f i common.obj
 0001:000001a0       _IsEqualGUIDAligned@8      00010480 f i common.obj
 0001:00000220       ?hda_is_supported_sample_rate@CAdapterCommon@@QAGEK@Z 00010500 f   common.obj
 0001:0000030e       ?hda_send_verb@CAdapterCommon@@QAGKKKKK@Z 000105ee f   common.obj
 0001:000004e6       ?ReadController@CAdapterCommon@@UAGEXZ 000107c6 f   common.obj
 0001:0000058e       ?WriteController@CAdapterCommon@@UAGEE@Z 0001086e f   common.obj
 0001:00000696       ?MixerRegWrite@CAdapterCommon@@UAGXEE@Z 00010976 f   common.obj
 0001:000007de       ?MixerRegRead@CAdapterCommon@@UAGEE@Z 00010abe f   common.obj
 0001:000008b2       ?MixerReset@CAdapterCommon@@UAGXXZ 00010b92 f   common.obj
 0001:0000093e       ?AcknowledgeIRQ@CAdapterCommon@@AAEEXZ 00010c1e f   common.obj
 0001:00000a46       ?ResetController@CAdapterCommon@@UAGJXZ 00010d26 f   common.obj
 0001:00000aea       ?RestoreMixerSettingsFromRegistry@CAdapterCommon@@UAGJXZ 00010dca f   common.obj
 0001:00000d66       ?SaveMixerSettingsToRegistry@CAdapterCommon@@UAGJXZ 00011046 f   common.obj
 0001:00000faa       ?ProgramSampleRate@CAdapterCommon@@QAGJK@Z 0001128a f   common.obj
 0001:0000124e       ?PowerChangeState@CAdapterCommon@@UAGXT_POWER_STATE@@@Z 0001152e f   common.obj
 0001:000013ea       ?QueryPowerChangeState@CAdapterCommon@@UAGJT_POWER_STATE@@@Z 000116ca f   common.obj
 0001:0000146e       ?QueryDeviceCapabilities@CAdapterCommon@@UAGJPAU_DEVICE_CAPABILITIES@@@Z 0001174e f   common.obj
 0001:0000152a       ?InterruptServiceRoutine@@YGJPAUIInterruptSync@@PAX@Z 0001180a f   common.obj
 0001:000016c6       ?hda_stop_stream@CAdapterCommon@@UAGJXZ 000119a6 f   common.obj
 0001:00001930       ?hda_start_sound@CAdapterCommon@@UAGXXZ 00011c10 f   common.obj
 0001:00001970       ?hda_stop_sound@CAdapterCommon@@UAGXXZ 00011c50 f   common.obj
 0001:00001990       ?hda_get_actual_stream_position@CAdapterCommon@@UAGKXZ 00011c70 f   common.obj
 0001:000019b0       ?hda_set_volume@CAdapterCommon@@QAGXK@Z 00011c90 f   common.obj
 0001:00001a30       ?readUCHAR@CAdapterCommon@@QAGEG@Z 00011d10 f   common.obj
 0001:00001a50       ?writeUCHAR@CAdapterCommon@@QAGXGE@Z 00011d30 f   common.obj
 0001:00001a80       ?setUCHARBit@CAdapterCommon@@QAGXGE@Z 00011d60 f   common.obj
 0001:00001ac0       ?readUSHORT@CAdapterCommon@@QAGGG@Z 00011da0 f   common.obj
 0001:00001ae0       ?writeUSHORT@CAdapterCommon@@QAGXGG@Z 00011dc0 f   common.obj
 0001:00001b10       ?readULONG@CAdapterCommon@@QAGKG@Z 00011df0 f   common.obj
 0001:00001b30       ?writeULONG@CAdapterCommon@@QAGXGK@Z 00011e10 f   common.obj
 0001:00001d82       ?hda_showtime@CAdapterCommon@@UAGJPAUIDmaChannel@@@Z 00012062 f   common.obj
 0001:00002310       ?hda_return_sound_data_format@CAdapterCommon@@QAGGKKK@Z 000125f0 f   common.obj
 0001:00002480       ?QueryInterface@CAdapterCommon@@W3AGJABU_GUID@@PAPAX@Z 00012760 f i common.obj
 0001:00002490       ?AddRef@CAdapterCommon@@W3AGKXZ 00012770 f i common.obj
 0001:000024a0       ?Release@CAdapterCommon@@W3AGKXZ 00012780 f i common.obj
 0001:000024b0       ??0CMiniportTopologyHDA@@QAE@PAUIUnknown@@@Z 00012790 f i mintopo.obj
 0001:000024f0       ?Release@CMiniportWaveCyclicHDA@@UAGKXZ 000127d0 f i mintopo.obj
 0001:000024f0       ?Release@CMiniportTopologyHDA@@UAGKXZ 000127d0 f i mintopo.obj
 0001:000024f0       ?Release@CMiniportWaveCyclicStreamHDA@@UAGKXZ 000127d0 f i mintopo.obj
 0001:00002520       ?DataRangeIntersection@CMiniportTopologyHDA@@UAGJKPATKSDATAFORMAT@@0KPAXPAK@Z 00012800 f i mintopo.obj
 0001:00002530       ??_GCMiniportTopologyHDA@@UAEPAXI@Z 00012810 f i mintopo.obj
 0001:00002530       ??_ECMiniportTopologyHDA@@UAEPAXI@Z 00012810 f i mintopo.obj
 0001:00002570       ??0IMiniportTopology@@QAE@XZ 00012850 f i mintopo.obj
 0001:00002570       ??0IMiniportWaveCyclic@@QAE@XZ 00012850 f i mintopo.obj
 0001:00002590       ??0IMiniport@@QAE@XZ       00012870 f i mintopo.obj
 0001:00002590       ??0IAdapterCommon@@QAE@XZ  00012870 f i mintopo.obj
 0001:00002590       ??0IMiniportWaveCyclicStream@@QAE@XZ 00012870 f i mintopo.obj
 0001:00002590       ??0IAdapterPowerManagement@@QAE@XZ 00012870 f i mintopo.obj
 0001:00002c30       ?ReadBitsFromMixer@CMiniportTopologyHDA@@AAEEEEE@Z 00012f10 f   mintopo.obj
 0001:00002c80       ?ThisManyOnes@@YGEE@Z      00012f60 f i mintopo.obj
 0001:00002ca0       ?WriteBitsToMixer@CMiniportTopologyHDA@@AAEXEEEE@Z 00012f80 f   mintopo.obj
 0001:00002d40       ??0CMiniportWaveCyclicHDA@@QAE@PAUIUnknown@@@Z 00013020 f i minwave.obj
 0001:00002d80       ?AddRef@CMiniportWaveCyclicStreamHDA@@UAGKXZ 00013060 f i minwave.obj
 0001:00002d80       ?AddRef@CMiniportTopologyHDA@@UAGKXZ 00013060 f i minwave.obj
 0001:00002d80       ?AddRef@CMiniportWaveCyclicHDA@@UAGKXZ 00013060 f i minwave.obj
 0001:00002db0       ??_GCMiniportWaveCyclicHDA@@UAEPAXI@Z 00013090 f i minwave.obj
 0001:00002db0       ??_ECMiniportWaveCyclicHDA@@UAEPAXI@Z 00013090 f i minwave.obj
 0001:00002df0       ??2@YGPAXIW4_POOL_TYPE@@@Z 000130d0 f i minwave.obj
 0001:00002e40       ??0CMiniportWaveCyclicStreamHDA@@QAE@PAUIUnknown@@@Z 00013120 f i minwave.obj
 0001:00002e80       ?QueryInterface@CMiniportWaveCyclicStreamHDA@@UAGJABU_GUID@@PAPAX@Z 00013160 f i minwave.obj
 0001:00002e80       ?QueryInterface@CMiniportTopologyHDA@@UAGJABU_GUID@@PAPAX@Z 00013160 f i minwave.obj
 0001:00002e80       ?QueryInterface@CMiniportWaveCyclicHDA@@UAGJABU_GUID@@PAPAX@Z 00013160 f i minwave.obj
 0001:00002eb0       ??_ECMiniportWaveCyclicStreamHDA@@UAEPAXI@Z 00013190 f i minwave.obj
 0001:00002eb0       ??_GCMiniportWaveCyclicStreamHDA@@UAEPAXI@Z 00013190 f i minwave.obj
 0001:00002f09       ?GetPosition@CMiniportWaveCyclicStreamHDA@@UAGJPAK@Z 000131e9 f   minwave.obj
 0001:00002ffe       ?NormalizePhysicalPosition@CMiniportWaveCyclicStreamHDA@@UAGJPA_J@Z 000132de f   minwave.obj
 0001:000030a0       ?Silence@CMiniportWaveCyclicStreamHDA@@UAGXPAXK@Z 00013380 f   minwave.obj
 0001:000030de       _DbgPrint                  000133be f   ntoskrnl:ntoskrnl.exe
 0001:000030e4       _DbgBreakPoint@0           000133c4 f   ntoskrnl:ntoskrnl.exe
 0001:000030ea       __alldiv                   000133ca f   ntoskrnl:ntoskrnl.exe
 0001:000030f0       __allmul                   000133d0 f   ntoskrnl:ntoskrnl.exe
 0001:000030f6       _PcInitializeAdapterDriver@12 000133d6 f   portcls:portcls.sys
 0001:000030fc       _PcAddAdapterDevice@20     000133dc f   portcls:portcls.sys
 0001:00003102       _PcRegisterSubdevice@12    000133e2 f   portcls:portcls.sys
 0001:00003108       _PcNewMiniport@8           000133e8 f   portcls:portcls.sys
 0001:0000310e       _PcNewPort@8               000133ee f   portcls:portcls.sys
 0001:00003114       _PcRegisterPhysicalConnection@20 000133f4 f   portcls:portcls.sys
 0001:0000311a       _PcRegisterAdapterPowerManagement@8 000133fa f   portcls:portcls.sys
 0001:00003120       _PcNewResourceSublist@20   00013400 f   portcls:portcls.sys
 0001:00003126       _PcNewInterruptSync@20     00013406 f   portcls:portcls.sys
 0001:0000312c       _PcNewRegistryKey@36       0001340c f   portcls:portcls.sys
 0001:00003132       _PcNewServiceGroup@8       00013412 f   portcls:portcls.sys
 0001:00003138       ??0CUnknown@@QAE@PAUIUnknown@@@Z 00013418 f   stdunk:stdunk.obj
 0001:00003157       ??_GCUnknown@@UAEPAXI@Z    00013437 f i stdunk:stdunk.obj
 0001:00003157       ??_ECUnknown@@UAEPAXI@Z    00013437 f i stdunk:stdunk.obj
 0001:00003173       ??1CUnknown@@UAE@XZ        00013453 f   stdunk:stdunk.obj
 0001:0000317a       ?NonDelegatingAddRef@CUnknown@@UAGKXZ 0001345a f   stdunk:stdunk.obj
 0001:00003190       ?NonDelegatingRelease@CUnknown@@UAGKXZ 00013470 f   stdunk:stdunk.obj
 0001:000031bf       ?NonDelegatingQueryInterface@CUnknown@@UAGJABU_GUID@@PAPAX@Z 0001349f f   stdunk:stdunk.obj
 0002:00000000       __imp_@KfAcquireSpinLock@4 00013500     hal:HAL.dll
 0002:00000004       __imp_@KfReleaseSpinLock@8 00013504     hal:HAL.dll
 0002:00000008       __imp__KeGetCurrentIrql@0  00013508     hal:HAL.dll
 0002:0000000c       __imp__KeStallExecutionProcessor@4 0001350c     hal:HAL.dll
 0002:00000010       \177HAL_NULL_THUNK_DATA    00013510     hal:HAL.dll
 0002:00000014       __imp__MmMapIoSpace@16     00013514     ntoskrnl:ntoskrnl.exe
 0002:00000018       __imp__IoGetDmaAdapter@12  00013518     ntoskrnl:ntoskrnl.exe
 0002:0000001c       __imp__ExAllocatePoolWithTag@12 0001351c     ntoskrnl:ntoskrnl.exe
 0002:00000020       __imp__KeInitializeSpinLock@4 00013520     ntoskrnl:ntoskrnl.exe
 0002:00000024       __imp__READ_REGISTER_ULONG@4 00013524     ntoskrnl:ntoskrnl.exe
 0002:00000028       __imp__WRITE_REGISTER_ULONG@8 00013528     ntoskrnl:ntoskrnl.exe
 0002:0000002c       __imp__RtlInitUnicodeString@8 0001352c     ntoskrnl:ntoskrnl.exe
 0002:00000030       __imp__MmUnmapIoSpace@8    00013530     ntoskrnl:ntoskrnl.exe
 0002:00000034       __imp__DbgPrint            00013534     ntoskrnl:ntoskrnl.exe
 0002:00000038       __imp__READ_REGISTER_USHORT@4 00013538     ntoskrnl:ntoskrnl.exe
 0002:0000003c       __imp__WRITE_REGISTER_USHORT@8 0001353c     ntoskrnl:ntoskrnl.exe
 0002:00000040       __imp__KeInitializeMutex@8 00013540     ntoskrnl:ntoskrnl.exe
 0002:00000044       __imp__KeReleaseMutex@8    00013544     ntoskrnl:ntoskrnl.exe
 0002:00000048       __imp__KeWaitForSingleObject@20 00013548     ntoskrnl:ntoskrnl.exe
 0002:0000004c       __imp___alldiv             0001354c     ntoskrnl:ntoskrnl.exe
 0002:00000050       __imp__RtlAssert@16        00013550     ntoskrnl:ntoskrnl.exe
 0002:00000054       __imp__ExFreePool@4        00013554     ntoskrnl:ntoskrnl.exe
 0002:00000058       __imp__DbgBreakPoint@0     00013558     ntoskrnl:ntoskrnl.exe
 0002:0000005c       __imp__READ_REGISTER_UCHAR@4 0001355c     ntoskrnl:ntoskrnl.exe
 0002:00000060       __imp__WRITE_REGISTER_UCHAR@8 00013560     ntoskrnl:ntoskrnl.exe
 0002:00000064       __imp___allmul             00013564     ntoskrnl:ntoskrnl.exe
 0002:00000068       __imp_@InterlockedDecrement@4 00013568     ntoskrnl:ntoskrnl.exe
 0002:0000006c       __imp_@InterlockedIncrement@4 0001356c     ntoskrnl:ntoskrnl.exe
 0002:00000070       \177ntoskrnl_NULL_THUNK_DATA 00013570     ntoskrnl:ntoskrnl.exe
 0002:00000074       __imp__PcInitializeAdapterDriver@12 00013574     portcls:portcls.sys
 0002:00000078       __imp__PcNewMiniport@8     00013578     portcls:portcls.sys
 0002:0000007c       __imp__PcNewPort@8         0001357c     portcls:portcls.sys
 0002:00000080       __imp__PcRegisterPhysicalConnection@20 00013580     portcls:portcls.sys
 0002:00000084       __imp__PcAddAdapterDevice@20 00013584     portcls:portcls.sys
 0002:00000088       __imp__PcRegisterSubdevice@12 00013588     portcls:portcls.sys
 0002:0000008c       __imp__PcNewInterruptSync@20 0001358c     portcls:portcls.sys
 0002:00000090       __imp__PcNewRegistryKey@36 00013590     portcls:portcls.sys
 0002:00000094       __imp__PcNewServiceGroup@8 00013594     portcls:portcls.sys
 0002:00000098       __imp__PcRegisterAdapterPowerManagement@8 00013598     portcls:portcls.sys
 0002:0000009c       __imp__PcNewResourceSublist@20 0001359c     portcls:portcls.sys
 0002:000000a0       \177portcls_NULL_THUNK_DATA 000135a0     portcls:portcls.sys
 0002:00000120       _IID_IAdapterCommon        00013620     adapter.obj
 0002:00000130       _CLSID_MiniportDriverFmSynth 00013630     adapter.obj
 0002:00000140       _CLSID_PortWaveCyclic      00013640     adapter.obj
 0002:00000150       _CLSID_PortTopology        00013650     adapter.obj
 0002:00000160       _CLSID_PortMidi            00013660     adapter.obj
 0002:00000170       _IID_IAdapterPowerManagment 00013670     adapter.obj
 0002:00000180       _IID_IMiniportWaveCyclicStream 00013680     adapter.obj
 0002:00000190       _IID_IMiniportWaveCyclic   00013690     adapter.obj
 0002:000001a0       _IID_IPortWaveCyclic       000136a0     adapter.obj
 0002:000001b0       _IID_IMiniportTopology     000136b0     adapter.obj
 0002:000001c0       _IID_IMiniport             000136c0     adapter.obj
 0002:000001d0       _IID_IUnknown              000136d0     adapter.obj
 0002:000001e0       ??_C@_1BE@ENEK@?$AAR?$AAi?$AAg?$AAh?$AAt?$AAB?$AAa?$AAs?$AAs?$AA?$AA@ 000136e0     common.obj
 0002:000001f4       ??_C@_1BC@JMJO@?$AAL?$AAe?$AAf?$AAt?$AAB?$AAa?$AAs?$AAs?$AA?$AA@ 000136f4     common.obj
 0002:00000208       ??_C@_1BI@KGAJ@?$AAR?$AAi?$AAg?$AAh?$AAt?$AAT?$AAr?$AAe?$AAb?$AAl?$AAe?$AA?$AA@ 00013708     common.obj
 0002:00000220       ??_C@_1BG@BGGD@?$AAL?$AAe?$AAf?$AAt?$AAT?$AAr?$AAe?$AAb?$AAl?$AAe?$AA?$AA@ 00013720     common.obj
 0002:00000238       ??_C@_1O@IECC@?$AAM?$AAi?$AAc?$AAA?$AAG?$AAC?$AA?$AA@ 00013738     common.obj
 0002:00000248       ??_C@_1CA@EJHI@?$AAR?$AAi?$AAg?$AAh?$AAt?$AAO?$AAu?$AAt?$AAp?$AAu?$AAt?$AAG?$AAa?$AAi?$AAn?$AA?$AA@ 00013748     common.obj
 0002:00000268       ??_C@_1BO@PPLI@?$AAL?$AAe?$AAf?$AAt?$AAO?$AAu?$AAt?$AAp?$AAu?$AAt?$AAG?$AAa?$AAi?$AAn?$AA?$AA@ 00013768     common.obj
 0002:00000288       ??_C@_1BO@PMCJ@?$AAR?$AAi?$AAg?$AAh?$AAt?$AAI?$AAn?$AAp?$AAu?$AAt?$AAG?$AAa?$AAi?$AAn?$AA?$AA@ 00013788     common.obj
 0002:000002a8       ??_C@_1BM@CFEM@?$AAL?$AAe?$AAf?$AAt?$AAI?$AAn?$AAp?$AAu?$AAt?$AAG?$AAa?$AAi?$AAn?$AA?$AA@ 000137a8     common.obj
 0002:000002c4       ??_C@_1CA@CIKM@?$AAR?$AAi?$AAg?$AAh?$AAt?$AAI?$AAn?$AAp?$AAu?$AAt?$AAM?$AAi?$AAx?$AAe?$AAr?$AA?$AA@ 000137c4     common.obj
 0002:000002e4       ??_C@_1BO@JOGM@?$AAL?$AAe?$AAf?$AAt?$AAI?$AAn?$AAp?$AAu?$AAt?$AAM?$AAi?$AAx?$AAe?$AAr?$AA?$AA@ 000137e4     common.obj
 0002:00000304       ??_C@_1BI@BMOJ@?$AAO?$AAu?$AAt?$AAp?$AAu?$AAt?$AAM?$AAi?$AAx?$AAe?$AAr?$AA?$AA@ 00013804     common.obj
 0002:0000031c       ??_C@_1BE@GLOL@?$AAP?$AAc?$AAS?$AAp?$AAk?$AAr?$AAV?$AAo?$AAl?$AA?$AA@ 0001381c     common.obj
 0002:00000330       ??_C@_1O@MNBB@?$AAM?$AAi?$AAc?$AAV?$AAo?$AAl?$AA?$AA@ 00013830     common.obj
 0002:00000340       ??_C@_1BO@HCKE@?$AAR?$AAi?$AAg?$AAh?$AAt?$AAL?$AAi?$AAn?$AAe?$AAI?$AAn?$AAV?$AAo?$AAl?$AA?$AA@ 00013840     common.obj
 0002:00000360       ??_C@_1BM@KLMB@?$AAL?$AAe?$AAf?$AAt?$AAL?$AAi?$AAn?$AAe?$AAI?$AAn?$AAV?$AAo?$AAl?$AA?$AA@ 00013860     common.obj
 0002:0000037c       ??_C@_1BG@COJL@?$AAR?$AAi?$AAg?$AAh?$AAt?$AAC?$AAD?$AAV?$AAo?$AAl?$AA?$AA@ 0001387c     common.obj
 0002:00000394       ??_C@_1BE@KMKA@?$AAL?$AAe?$AAf?$AAt?$AAC?$AAD?$AAV?$AAo?$AAl?$AA?$AA@ 00013894     common.obj
 0002:000003a8       ??_C@_1BK@JCIM@?$AAR?$AAi?$AAg?$AAh?$AAt?$AAM?$AAi?$AAd?$AAi?$AAV?$AAo?$AAl?$AA?$AA@ 000138a8     common.obj
 0002:000003c4       ??_C@_1BI@KBIJ@?$AAL?$AAe?$AAf?$AAt?$AAM?$AAi?$AAd?$AAi?$AAV?$AAo?$AAl?$AA?$AA@ 000138c4     common.obj
 0002:000003dc       ??_C@_1BK@MFCG@?$AAR?$AAi?$AAg?$AAh?$AAt?$AAW?$AAa?$AAv?$AAe?$AAV?$AAo?$AAl?$AA?$AA@ 000138dc     common.obj
 0002:000003f8       ??_C@_1BI@PGCD@?$AAL?$AAe?$AAf?$AAt?$AAW?$AAa?$AAv?$AAe?$AAV?$AAo?$AAl?$AA?$AA@ 000138f8     common.obj
 0002:00000410       ??_C@_1BO@NHA@?$AAR?$AAi?$AAg?$AAh?$AAt?$AAM?$AAa?$AAs?$AAt?$AAe?$AAr?$AAV?$AAo?$AAl?$AA?$AA@ 00013910     common.obj
 0002:00000430       ??_C@_1BM@NEBF@?$AAL?$AAe?$AAf?$AAt?$AAM?$AAa?$AAs?$AAt?$AAe?$AAr?$AAV?$AAo?$AAl?$AA?$AA@ 00013930     common.obj
 0002:0000044c       ??_7CAdapterCommon@@6BCUnknown@@@ 0001394c     common.obj
 0002:0000045c       ??_7CAdapterCommon@@6BIAdapterPowerManagement@@@ 0001395c     common.obj
 0002:00000474       ??_7CAdapterCommon@@6BIAdapterCommon@@@ 00013974     common.obj
 0002:00000590       ??_7CMiniportTopologyHDA@@6BCUnknown@@@ 00013a90     mintopo.obj
 0002:000005a0       ??_7CMiniportTopologyHDA@@6BIMiniportTopology@@@ 00013aa0     mintopo.obj
 0002:000005b8       ??_7CMiniportWaveCyclicHDA@@6BCUnknown@@@ 00013ab8     minwave.obj
 0002:000005c8       ??_7CMiniportWaveCyclicHDA@@6BIMiniportWaveCyclic@@@ 00013ac8     minwave.obj
 0002:000005e4       ??_7CMiniportWaveCyclicStreamHDA@@6BCUnknown@@@ 00013ae4     minwave.obj
 0002:000005f4       ??_7CMiniportWaveCyclicStreamHDA@@6BIMiniportWaveCyclicStream@@@ 00013af4     minwave.obj
 0002:00000618       ??_7CUnknown@@6B@          00013b18     stdunk:stdunk.obj
 0003:00000000       ?ulDebugOut@@3KA           00013b40     adapter.obj
 0003:00000008       __GUID_b7902fe9_fb0a_11d1_81b0_0060083316c1 00013b48     adapter.obj
 0003:00000018       __GUID_d3f0ce1c_fffc_11d1_81b0_0060083316c1 00013b58     adapter.obj
 0003:00000028       __GUID_c096df9c_fb09_11d1_81b0_0060083316c1 00013b68     adapter.obj
 0003:000000f8       ?audBufSize@@3KA           00013c38     common.obj
 0003:000000fc       ?BdlSize@@3KA              00013c3c     common.obj
 0003:000007f8       __GUID_185fedf6_9905_11d1_95a9_00c04fb925d3 00014338     mintopo.obj
 0003:00000808       __GUID_185fedef_9905_11d1_95a9_00c04fb925d3 00014348     mintopo.obj
 0003:00000818       __GUID_185fede1_9905_11d1_95a9_00c04fb925d3 00014358     mintopo.obj
 0003:00000828       __GUID_185fede0_9905_11d1_95a9_00c04fb925d3 00014368     mintopo.obj
 0003:00000838       __GUID_7607e580_c557_11d0_8a2b_00a0c9255ac1 00014378     mintopo.obj
 0003:00000848       __GUID_185fede3_9905_11d1_95a9_00c04fb925d3 00014388     mintopo.obj
 0003:00000858       __GUID_da441a60_c556_11d0_8a2b_00a0c9255ac1 00014398     mintopo.obj
 0003:00000868       __GUID_185fedee_9905_11d1_95a9_00c04fb925d3 000143a8     mintopo.obj
 0003:00000878       __GUID_02b223c0_c557_11d0_8a2b_00a0c9255ac1 000143b8     mintopo.obj
 0003:00000888       __GUID_185feded_9905_11d1_95a9_00c04fb925d3 000143c8     mintopo.obj
 0003:00000898       __GUID_e88c9ba0_c557_11d0_8a2b_00a0c9255ac1 000143d8     mintopo.obj
 0003:000008a8       __GUID_185fedec_9905_11d1_95a9_00c04fb925d3 000143e8     mintopo.obj
 0003:000008b8       __GUID_185fedeb_9905_11d1_95a9_00c04fb925d3 000143f8     mintopo.obj
 0003:000008c8       __GUID_185fedea_9905_11d1_95a9_00c04fb925d3 00014408     mintopo.obj
 0003:000008d8       __GUID_185fede9_9905_11d1_95a9_00c04fb925d3 00014418     mintopo.obj
 0003:000008e8       __GUID_185fede8_9905_11d1_95a9_00c04fb925d3 00014428     mintopo.obj
 0003:000008f8       __GUID_e573adc0_c555_11d0_8a2b_00a0c9255ac1 00014438     mintopo.obj
 0003:00000908       __GUID_185fede7_9905_11d1_95a9_00c04fb925d3 00014448     mintopo.obj
 0003:00000918       __GUID_185fede5_9905_11d1_95a9_00c04fb925d3 00014458     mintopo.obj
 0003:00000928       __GUID_3a5acc00_c557_11d0_8a2b_00a0c9255ac1 00014468     mintopo.obj
 0003:00000938       __GUID_45ffaaa0_6e1b_11d0_bcf2_444553540000 00014478     mintopo.obj
 0003:00000948       __GUID_6994ad04_93ef_11d0_a3cc_00a0c9223196 00014488     mintopo.obj
 0003:00000958       __GUID_185fedf7_9905_11d1_95a9_00c04fb925d3 00014498     mintopo.obj
 0003:00000968       __GUID_dff21ce1_f70f_11d0_b917_00a0c9223196 000144a8     mintopo.obj
 0003:00000978       __GUID_dff21be1_f70f_11d0_b917_00a0c9223196 000144b8     mintopo.obj
 0003:00000988       __GUID_185fedf9_9905_11d1_95a9_00c04fb925d3 000144c8     mintopo.obj
 0003:00000998       __GUID_dff21fe3_f70f_11d0_b917_00a0c9223196 000144d8     mintopo.obj
 0003:000009a8       __GUID_185fedfb_9905_11d1_95a9_00c04fb925d3 000144e8     mintopo.obj
 0003:000009b8       __GUID_dff220e3_f70f_11d0_b917_00a0c9223196 000144f8     mintopo.obj
 0003:000009c8       __GUID_185fedf8_9905_11d1_95a9_00c04fb925d3 00014508     mintopo.obj
 0003:000009d8       __GUID_dff220f3_f70f_11d0_b917_00a0c9223196 00014518     mintopo.obj
 0003:000009e8       __GUID_dff21fe4_f70f_11d0_b917_00a0c9223196 00014528     mintopo.obj
 0003:000009f8       __GUID_97e99ba0_bdea_11cf_a5d6_28db04c10000 00014538     mintopo.obj
 0003:00000c40       __GUID_507ae360_c554_11d0_8a2b_00a0c9255ac1 00014780     minwave.obj
 0003:00000c50       __GUID_4d837fe0_c555_11d0_8a2b_00a0c9255ac1 00014790     minwave.obj
 0003:00000c60       __GUID_185fedfa_9905_11d1_95a9_00c04fb925d3 000147a0     minwave.obj
 0003:00000c70       __GUID_fb6c4281_0353_11d1_905f_0000c0cc16ba 000147b0     minwave.obj
 0003:00000c80       __GUID_05589f81_c356_11ce_bf01_00aa0055595a 000147c0     minwave.obj
 0003:00000c90       __GUID_00000001_0000_0010_8000_00aa00389b71 000147d0     minwave.obj
 0003:00000ca0       __GUID_73647561_0000_0010_8000_00aa00389b71 000147e0     minwave.obj
 0003:00000cb0       __GUID_518590a2_a184_11d0_8522_00c04fd9baf3 000147f0     minwave.obj
 0003:00000cc0       __GUID_0f6417d6_c318_11d0_a43f_00a0c9223196 00014800     minwave.obj
 0003:00000cd0       __GUID_00000000_0000_0000_0000_000000000000 00014810     adapter.obj
 0004:0000003e       _AddDevice@8               0001485e f   adapter.obj
 0004:0000026a       ?InstallSubdevice@@YGJPAU_DEVICE_OBJECT@@PAU_IRP@@PAGABU_GUID@@3P6GJPAPAUIUnknown@@3PAU4@W4_POOL_TYPE@@@Z5PAUIResourceList@@344@Z 00014a8a f   adapter.obj
 0004:0000066e       ?StartDevice@@YGJPAU_DEVICE_OBJECT@@PAU_IRP@@PAUIResourceList@@@Z 00014e8e f   adapter.obj
 0004:00000e6e       ?AssignResources@@YGJPAUIResourceList@@PAPAU1@11111@Z 0001568e f   adapter.obj
 0004:000014d8       ?NewAdapterCommon@@YGJPAPAUIUnknown@@ABU_GUID@@PAU1@W4_POOL_TYPE@@@Z 00015cf8 f   common.obj
 0004:00001b8a       ?Init@CAdapterCommon@@UAGJPAUIResourceList@@PAU_DEVICE_OBJECT@@@Z 000163aa f   common.obj
 0004:00002882       ??1CAdapterCommon@@UAE@XZ  000170a2 f   common.obj
 0004:00002d07       ?NonDelegatingQueryInterface@CAdapterCommon@@UAGJABU_GUID@@PAPAX@Z 00017527 f   common.obj
 0004:00002e5e       ?WavePortDriverDest@CAdapterCommon@@UAGPAPAUIUnknown@@XZ 0001767e f   common.obj
 0004:00002efe       ?GetInterruptSync@CAdapterCommon@@UAGPAUIInterruptSync@@XZ 0001771e f   common.obj
 0004:00002f9e       ?MidiPortDriverDest@CAdapterCommon@@UAGPAPAUIUnknown@@XZ 000177be f   common.obj
 0004:0000303e       ?SetWaveServiceGroup@CAdapterCommon@@UAGXPAUIServiceGroup@@@Z 0001785e f   common.obj
 0004:000034c6       ?InitHDA@CAdapterCommon@@QAGJXZ 00017ce6 f   common.obj
 0004:00003eea       ?InitializeCodec@CAdapterCommon@@QAGJE@Z 0001870a f   common.obj
 0004:0000451f       ?hda_initialize_audio_function_group@CAdapterCommon@@QAGXKK@Z 00018d3f f   common.obj
 0004:00004e8e       ?hda_get_node_type@CAdapterCommon@@QAGEKK@Z 000196ae f   common.obj
 0004:00004f3e       ?hda_get_node_connection_entries@CAdapterCommon@@QAGKKKK@Z 0001975e f   common.obj
 0004:0000508e       ?hda_set_node_gain@CAdapterCommon@@QAGXKKKKK@Z 000198ae f   common.obj
 0004:00005170       ?hda_disable_pin_output@CAdapterCommon@@QAGXKK@Z 00019990 f   common.obj
 0004:000051b0       ?hda_is_headphone_connected@CAdapterCommon@@QAGHXZ 000199d0 f   common.obj
 0004:000052b6       ?hda_initialize_output_pin@CAdapterCommon@@QAGXK@Z 00019ad6 f   common.obj
 0004:000056b6       ?hda_initalize_audio_output@CAdapterCommon@@QAGXK@Z 00019ed6 f   common.obj
 0004:00005ab6       ?hda_initalize_audio_mixer@CAdapterCommon@@QAGXK@Z 0001a2d6 f   common.obj
 0004:00005dde       ?hda_initalize_audio_selector@CAdapterCommon@@QAGXK@Z 0001a5fe f   common.obj
 0004:000060b8       ?CreateMiniportTopologyHDA@@YGJPAPAUIUnknown@@ABU_GUID@@PAU1@W4_POOL_TYPE@@@Z 0001a8d8 f   mintopo.obj
 0004:0000622a       ?ProcessResources@CMiniportTopologyHDA@@AAEJPAUIResourceList@@@Z 0001aa4a f   mintopo.obj
 0004:000063ba       ?NonDelegatingQueryInterface@CMiniportTopologyHDA@@UAGJABU_GUID@@PAPAX@Z 0001abda f   mintopo.obj
 0004:0000656e       ??1CMiniportTopologyHDA@@UAE@XZ 0001ad8e f   mintopo.obj
 0004:00006746       ?Init@CMiniportTopologyHDA@@UAGJPAUIUnknown@@PAUIResourceList@@PAUIPortTopology@@@Z 0001af66 f   mintopo.obj
 0004:0000695a       ?GetDescription@CMiniportTopologyHDA@@UAGJPAPAUPCFILTER_DESCRIPTOR@@@Z 0001b17a f   mintopo.obj
 0004:00008138       ?CreateMiniportWaveCyclicHDA@@YGJPAPAUIUnknown@@ABU_GUID@@PAU1@W4_POOL_TYPE@@@Z 0001c958 f   minwave.obj
 0004:00008406       ?ProcessResources@CMiniportWaveCyclicHDA@@AAEJPAUIResourceList@@@Z 0001cc26 f   minwave.obj
 0004:00008872       ?ValidateFormat@CMiniportWaveCyclicHDA@@AAEJPATKSDATAFORMAT@@@Z 0001d092 f   minwave.obj
 0004:00008a7e       ?NonDelegatingQueryInterface@CMiniportWaveCyclicHDA@@UAGJABU_GUID@@PAPAX@Z 0001d29e f   minwave.obj
 0004:00008c32       ??1CMiniportWaveCyclicHDA@@UAE@XZ 0001d452 f   minwave.obj
 0004:00008e36       ?Init@CMiniportWaveCyclicHDA@@UAGJPAUIUnknown@@PAUIResourceList@@PAUIPortWaveCyclic@@@Z 0001d656 f   minwave.obj
 0004:000090ce       ?GetDescription@CMiniportWaveCyclicHDA@@UAGJPAPAUPCFILTER_DESCRIPTOR@@@Z 0001d8ee f   minwave.obj
 0004:000092ba       ?DataRangeIntersection@CMiniportWaveCyclicHDA@@UAGJKPATKSDATAFORMAT@@0KPAXPAK@Z 0001dada f   minwave.obj
 0004:000098ba       ?NewStream@CMiniportWaveCyclicHDA@@UAGJPAPAUIMiniportWaveCyclicStream@@PAUIUnknown@@W4_POOL_TYPE@@KEPATKSDATAFORMAT@@PAPAUIDmaChannel@@PAPAUIServiceGroup@@@Z 0001e0da f   minwave.obj
 0004:00009c52       ?NonDelegatingQueryInterface@CMiniportWaveCyclicStreamHDA@@UAGJABU_GUID@@PAPAX@Z 0001e472 f   minwave.obj
 0004:00009dfe       ??1CMiniportWaveCyclicStreamHDA@@UAE@XZ 0001e61e f   minwave.obj
 0004:0000a070       ?Init@CMiniportWaveCyclicStreamHDA@@QAEJPAVCMiniportWaveCyclicHDA@@KEPATKSDATAFORMAT@@PAUIDmaChannel@@@Z 0001e890 f   minwave.obj
 0004:0000a2e2       ?SetNotificationFreq@CMiniportWaveCyclicStreamHDA@@UAGKKPAK@Z 0001eb02 f   minwave.obj
 0004:0000a476       ?SetFormat@CMiniportWaveCyclicStreamHDA@@UAGJPATKSDATAFORMAT@@@Z 0001ec96 f   minwave.obj
 0004:0000a70e       ?SetState@CMiniportWaveCyclicStreamHDA@@UAGJW4KSSTATE@@@Z 0001ef2e f   minwave.obj
 0005:0000003e       _DriverEntry@8             0001f07e f   adapter.obj
 0005:000000ac       __IMPORT_DESCRIPTOR_ntoskrnl 0001f0ec     ntoskrnl:ntoskrnl.exe
 0005:000000c0       __IMPORT_DESCRIPTOR_HAL    0001f100     hal:HAL.dll
 0005:000000d4       __IMPORT_DESCRIPTOR_portcls 0001f114     portcls:portcls.sys
 0005:000000e8       __NULL_IMPORT_DESCRIPTOR   0001f128     ntoskrnl:ntoskrnl.exe

 entry point at        0005:0000003e

 Static symbols

 0004:00006aae       ?PropertyHandler_OnOff@@YGJPAU_PCPROPERTY_REQUEST@@@Z 0001b2ce f   mintopo.obj
 0004:00006ec6       ?PropertyHandler_SuperMixCaps@@YGJPAU_PCPROPERTY_REQUEST@@@Z 0001b6e6 f   mintopo.obj
 0004:000074d6       ?PropertyHandler_SuperMixTable@@YGJPAU_PCPROPERTY_REQUEST@@@Z 0001bcf6 f   mintopo.obj
 0004:00007c06       ?PropertyHandler_CpuResources@@YGJPAU_PCPROPERTY_REQUEST@@@Z 0001c426 f   mintopo.obj
 0001:0000260e       ?PropertyHandler_Level@@YGJPAU_PCPROPERTY_REQUEST@@@Z 000128ee f   mintopo.obj
 0004:00007e66       ?BasicSupportHandler@@YGJPAU_PCPROPERTY_REQUEST@@@Z 0001c686 f   mintopo.obj

 318 bytes saved through ICF

