 HDA

 Timestamp is 696ed448 (Mon Jan 19 17:03:04 2026)

 Preferred load address is 00010000

 Start         Length     Name                   Class
 0001:00000000 00003d4cH .text                   CODE
 0002:00000000 000000b8H .idata$5                DATA
 0002:000000b8 000006b0H .rdata                  DATA
 0003:00000000 00000d70H .data                   DATA
 0003:00000d70 00000014H .bss                    DATA
 0004:00000000 0000bfc0H PAGE                    CODE
 0005:00000000 000000a9H INIT                    CODE
 0005:000000ac 0000003cH .idata$2                CODE
 0005:000000e8 00000014H .idata$3                CODE
 0005:000000fc 000000b8H .idata$4                CODE
 0005:000001b4 000003b4H .idata$6                CODE
 0006:00000000 00000058H .rsrc$01                DATA
 0006:00000060 000003d8H .rsrc$02                DATA

  Address         Publics by Value              Rva+Base     Lib:Object

 0001:00000000       ??3@YAXPAX@Z               000102e0 f i common.obj
 0001:00000010       ??2@YGPAXIW4_POOL_TYPE@@K@Z 000102f0 f i common.obj
 0001:00000050       ??0CAdapterCommon@@QAE@PAUIUnknown@@@Z 00010330 f i common.obj
 0001:000000a0       ?QueryInterface@CAdapterCommon@@UAGJABU_GUID@@PAPAX@Z 00010380 f i common.obj
 0001:000000d0       ?GetOuterUnknown@CUnknown@@QAEPAUIUnknown@@XZ 000103b0 f i common.obj
 0001:000000f0       ?AddRef@CAdapterCommon@@UAGKXZ 000103d0 f i common.obj
 0001:00000120       ?Release@CAdapterCommon@@UAGKXZ 00010400 f i common.obj
 0001:00000150       ??_ECAdapterCommon@@UAEPAXI@Z 00010430 f i common.obj
 0001:00000150       ??_GCAdapterCommon@@UAEPAXI@Z 00010430 f i common.obj
 0001:00000190       ??0IUnknown@@QAE@XZ        00010470 f i common.obj
 0001:000001a0       _IsEqualGUIDAligned@8      00010480 f i common.obj
 0001:00000220       ?hda_check_headphone_connection_change@CAdapterCommon@@QAGXXZ 00010500 f   common.obj
 0001:00000312       ?hda_is_supported_sample_rate@CAdapterCommon@@QAGEK@Z 000105f2 f   common.obj
 0001:000004a6       ?hda_send_verb@CAdapterCommon@@QAGKKKKK@Z 00010786 f   common.obj
 0001:000007a2       ?ReadController@CAdapterCommon@@UAGEXZ 00010a82 f   common.obj
 0001:00000846       ?WriteController@CAdapterCommon@@UAGEE@Z 00010b26 f   common.obj
 0001:00000952       ?MixerRegWrite@CAdapterCommon@@UAGXEE@Z 00010c32 f   common.obj
 0001:00000b2a       ?MixerRegRead@CAdapterCommon@@UAGEE@Z 00010e0a f   common.obj
 0001:00000c0e       ?MixerReset@CAdapterCommon@@UAGXXZ 00010eee f   common.obj
 0001:00000cae       ?AcknowledgeIRQ@CAdapterCommon@@AAE?AW4_HDA_INTERRUPT_TYPE@@XZ 00010f8e f   common.obj
 0001:00000f52       ?ResetController@CAdapterCommon@@UAGJXZ 00011232 f   common.obj
 0001:00000ff6       ?RestoreMixerSettingsFromRegistry@CAdapterCommon@@UAGJXZ 000112d6 f   common.obj
 0001:000012a2       ?SaveMixerSettingsToRegistry@CAdapterCommon@@UAGJXZ 00011582 f   common.obj
 0001:000015ca       ?ProgramSampleRate@CAdapterCommon@@UAGJK@Z 000118aa f   common.obj
 0001:00001906       ?PowerChangeState@CAdapterCommon@@UAGXT_POWER_STATE@@@Z 00011be6 f   common.obj
 0001:00001af6       ?QueryPowerChangeState@CAdapterCommon@@UAGJT_POWER_STATE@@@Z 00011dd6 f   common.obj
 0001:00001b7a       ?QueryDeviceCapabilities@CAdapterCommon@@UAGJPAU_DEVICE_CAPABILITIES@@@Z 00011e5a f   common.obj
 0001:00001c2a       ?InterruptServiceRoutine@@YGJPAUIInterruptSync@@PAX@Z 00011f0a f   common.obj
 0001:00001db6       ?hda_stop_stream@CAdapterCommon@@UAGJXZ 00012096 f   common.obj
 0001:00002030       ?hda_start_sound@CAdapterCommon@@UAGXXZ 00012310 f   common.obj
 0001:0000209a       ?hda_stop_sound@CAdapterCommon@@UAGXXZ 0001237a f   common.obj
 0001:000021be       ?hda_get_actual_stream_position@CAdapterCommon@@UAGKXZ 0001249e f   common.obj
 0001:00002320       ?hda_set_volume@CAdapterCommon@@QAGXKE@Z 00012600 f   common.obj
 0001:00002390       ?hda_set_node_gain@CAdapterCommon@@QAGXKKKKKE@Z 00012670 f   common.obj
 0001:00002430       ?readUCHAR@CAdapterCommon@@QAGEG@Z 00012710 f   common.obj
 0001:00002450       ?writeUCHAR@CAdapterCommon@@QAGXGE@Z 00012730 f   common.obj
 0001:00002480       ?readUSHORT@CAdapterCommon@@QAGGG@Z 00012760 f   common.obj
 0001:000024a0       ?writeUSHORT@CAdapterCommon@@QAGXGG@Z 00012780 f   common.obj
 0001:000024d0       ?readULONG@CAdapterCommon@@QAGKG@Z 000127b0 f   common.obj
 0001:000024f0       ?writeULONG@CAdapterCommon@@QAGXGK@Z 000127d0 f   common.obj
 0001:000026ca       ?hda_showtime@CAdapterCommon@@UAGJPAUIDmaChannel@@@Z 000129aa f   common.obj
 0001:00002b50       ?hda_return_sound_data_format@CAdapterCommon@@QAGGKKK@Z 00012e30 f   common.obj
 0001:00002cc0       ?ReadWriteConfigSpace@CAdapterCommon@@AAGJPAU_DEVICE_OBJECT@@KPAXKK@Z 00012fa0 f   common.obj
 0001:00002deb       ?WriteConfigSpaceByte@CAdapterCommon@@AAGJEEE@Z 000130cb f   common.obj
 0001:00002eeb       ?WriteConfigSpaceWord@CAdapterCommon@@AAGJEGG@Z 000131cb f   common.obj
 0001:00002fb0       ?QueryInterface@CAdapterCommon@@W3AGJABU_GUID@@PAPAX@Z 00013290 f i common.obj
 0001:00002fc0       ?AddRef@CAdapterCommon@@W3AGKXZ 000132a0 f i common.obj
 0001:00002fd0       ?Release@CAdapterCommon@@W3AGKXZ 000132b0 f i common.obj
 0001:00002fe0       ??0CMiniportTopologyHDA@@QAE@PAUIUnknown@@@Z 000132c0 f i mintopo.obj
 0001:00003020       ?QueryInterface@CMiniportTopologyHDA@@UAGJABU_GUID@@PAPAX@Z 00013300 f i mintopo.obj
 0001:00003020       ?QueryInterface@CMiniportWaveCyclicStreamHDA@@UAGJABU_GUID@@PAPAX@Z 00013300 f i mintopo.obj
 0001:00003020       ?QueryInterface@CMiniportWaveCyclicHDA@@UAGJABU_GUID@@PAPAX@Z 00013300 f i mintopo.obj
 0001:00003050       ?DataRangeIntersection@CMiniportTopologyHDA@@UAGJKPATKSDATAFORMAT@@0KPAXPAK@Z 00013330 f i mintopo.obj
 0001:00003060       ??_GCMiniportTopologyHDA@@UAEPAXI@Z 00013340 f i mintopo.obj
 0001:00003060       ??_ECMiniportTopologyHDA@@UAEPAXI@Z 00013340 f i mintopo.obj
 0001:00003720       ?ReadBitsFromMixer@CMiniportTopologyHDA@@AAEEEEE@Z 00013a00 f   mintopo.obj
 0001:00003770       ?ThisManyOnes@@YGEE@Z      00013a50 f i mintopo.obj
 0001:00003790       ?WriteBitsToMixer@CMiniportTopologyHDA@@AAEXEEEE@Z 00013a70 f   mintopo.obj
 0001:00003830       ??0CMiniportWaveCyclicHDA@@QAE@PAUIUnknown@@@Z 00013b10 f i minwave.obj
 0001:00003870       ?AddRef@CMiniportWaveCyclicHDA@@UAGKXZ 00013b50 f i minwave.obj
 0001:00003870       ?AddRef@CMiniportWaveCyclicStreamHDA@@UAGKXZ 00013b50 f i minwave.obj
 0001:00003870       ?AddRef@CMiniportTopologyHDA@@UAGKXZ 00013b50 f i minwave.obj
 0001:000038a0       ??_ECMiniportWaveCyclicHDA@@UAEPAXI@Z 00013b80 f i minwave.obj
 0001:000038a0       ??_GCMiniportWaveCyclicHDA@@UAEPAXI@Z 00013b80 f i minwave.obj
 0001:000038e0       ??0IMiniportWaveCyclic@@QAE@XZ 00013bc0 f i minwave.obj
 0001:000038e0       ??0IMiniportTopology@@QAE@XZ 00013bc0 f i minwave.obj
 0001:00003900       ??2@YGPAXIW4_POOL_TYPE@@@Z 00013be0 f i minwave.obj
 0001:00003950       ??0CMiniportWaveCyclicStreamHDA@@QAE@PAUIUnknown@@@Z 00013c30 f i minwave.obj
 0001:00003990       ?Release@CMiniportWaveCyclicHDA@@UAGKXZ 00013c70 f i minwave.obj
 0001:00003990       ?Release@CMiniportTopologyHDA@@UAGKXZ 00013c70 f i minwave.obj
 0001:00003990       ?Release@CMiniportWaveCyclicStreamHDA@@UAGKXZ 00013c70 f i minwave.obj
 0001:000039c0       ??_GCMiniportWaveCyclicStreamHDA@@UAEPAXI@Z 00013ca0 f i minwave.obj
 0001:000039c0       ??_ECMiniportWaveCyclicStreamHDA@@UAEPAXI@Z 00013ca0 f i minwave.obj
 0001:00003a00       ??0IMiniport@@QAE@XZ       00013ce0 f i minwave.obj
 0001:00003a00       ??0IAdapterCommon@@QAE@XZ  00013ce0 f i minwave.obj
 0001:00003a00       ??0IAdapterPowerManagement@@QAE@XZ 00013ce0 f i minwave.obj
 0001:00003a00       ??0IMiniportWaveCyclicStream@@QAE@XZ 00013ce0 f i minwave.obj
 0001:00003a39       ?GetPosition@CMiniportWaveCyclicStreamHDA@@UAGJPAK@Z 00013d19 f   minwave.obj
 0001:00003b2e       ?NormalizePhysicalPosition@CMiniportWaveCyclicStreamHDA@@UAGJPA_J@Z 00013e0e f   minwave.obj
 0001:00003bd0       ?Silence@CMiniportWaveCyclicStreamHDA@@UAGXPAXK@Z 00013eb0 f   minwave.obj
 0001:00003c0e       _DbgPrint                  00013eee f   ntoskrnl:ntoskrnl.exe
 0001:00003c14       _DbgBreakPoint@0           00013ef4 f   ntoskrnl:ntoskrnl.exe
 0001:00003c1a       __alldiv                   00013efa f   ntoskrnl:ntoskrnl.exe
 0001:00003c20       __allmul                   00013f00 f   ntoskrnl:ntoskrnl.exe
 0001:00003c26       _PcInitializeAdapterDriver@12 00013f06 f   portcls:portcls.sys
 0001:00003c2c       _PcAddAdapterDevice@20     00013f0c f   portcls:portcls.sys
 0001:00003c32       _PcRegisterSubdevice@12    00013f12 f   portcls:portcls.sys
 0001:00003c38       _PcNewMiniport@8           00013f18 f   portcls:portcls.sys
 0001:00003c3e       _PcNewPort@8               00013f1e f   portcls:portcls.sys
 0001:00003c44       _PcRegisterPhysicalConnection@20 00013f24 f   portcls:portcls.sys
 0001:00003c4a       _PcRegisterAdapterPowerManagement@8 00013f2a f   portcls:portcls.sys
 0001:00003c50       _PcNewResourceSublist@20   00013f30 f   portcls:portcls.sys
 0001:00003c56       _PcNewInterruptSync@20     00013f36 f   portcls:portcls.sys
 0001:00003c5c       _PcNewRegistryKey@36       00013f3c f   portcls:portcls.sys
 0001:00003c62       _PcNewServiceGroup@8       00013f42 f   portcls:portcls.sys
 0001:00003c68       ??0CUnknown@@QAE@PAUIUnknown@@@Z 00013f48 f   stdunk:stdunk.obj
 0001:00003c87       ??_ECUnknown@@UAEPAXI@Z    00013f67 f i stdunk:stdunk.obj
 0001:00003c87       ??_GCUnknown@@UAEPAXI@Z    00013f67 f i stdunk:stdunk.obj
 0001:00003ca3       ??1CUnknown@@UAE@XZ        00013f83 f   stdunk:stdunk.obj
 0001:00003caa       ?NonDelegatingAddRef@CUnknown@@UAGKXZ 00013f8a f   stdunk:stdunk.obj
 0001:00003cc0       ?NonDelegatingRelease@CUnknown@@UAGKXZ 00013fa0 f   stdunk:stdunk.obj
 0001:00003cef       ?NonDelegatingQueryInterface@CUnknown@@UAGJABU_GUID@@PAPAX@Z 00013fcf f   stdunk:stdunk.obj
 0002:00000000       __imp_@KfAcquireSpinLock@4 00014040     hal:HAL.dll
 0002:00000004       __imp_@KfReleaseSpinLock@8 00014044     hal:HAL.dll
 0002:00000008       __imp__KeStallExecutionProcessor@4 00014048     hal:HAL.dll
 0002:0000000c       __imp__KeGetCurrentIrql@0  0001404c     hal:HAL.dll
 0002:00000010       \177HAL_NULL_THUNK_DATA    00014050     hal:HAL.dll
 0002:00000014       __imp__MmMapIoSpace@16     00014054     ntoskrnl:ntoskrnl.exe
 0002:00000018       __imp__KeInitializeSpinLock@4 00014058     ntoskrnl:ntoskrnl.exe
 0002:0000001c       __imp__MmUnmapIoSpace@8    0001405c     ntoskrnl:ntoskrnl.exe
 0002:00000020       __imp__IoGetDmaAdapter@12  00014060     ntoskrnl:ntoskrnl.exe
 0002:00000024       __imp__RtlInitUnicodeString@8 00014064     ntoskrnl:ntoskrnl.exe
 0002:00000028       __imp__READ_REGISTER_ULONG@4 00014068     ntoskrnl:ntoskrnl.exe
 0002:0000002c       __imp__WRITE_REGISTER_ULONG@8 0001406c     ntoskrnl:ntoskrnl.exe
 0002:00000030       __imp__READ_REGISTER_UCHAR@4 00014070     ntoskrnl:ntoskrnl.exe
 0002:00000034       __imp__WRITE_REGISTER_UCHAR@8 00014074     ntoskrnl:ntoskrnl.exe
 0002:00000038       __imp__READ_REGISTER_USHORT@4 00014078     ntoskrnl:ntoskrnl.exe
 0002:0000003c       __imp__ExFreePool@4        0001407c     ntoskrnl:ntoskrnl.exe
 0002:00000040       __imp__ExAllocatePoolWithTag@12 00014080     ntoskrnl:ntoskrnl.exe
 0002:00000044       __imp__KeWaitForSingleObject@20 00014084     ntoskrnl:ntoskrnl.exe
 0002:00000048       __imp_@IofCallDriver@8     00014088     ntoskrnl:ntoskrnl.exe
 0002:0000004c       __imp__IoBuildSynchronousFsdRequest@28 0001408c     ntoskrnl:ntoskrnl.exe
 0002:00000050       __imp__IoGetAttachedDeviceReference@4 00014090     ntoskrnl:ntoskrnl.exe
 0002:00000054       __imp__KeInitializeEvent@12 00014094     ntoskrnl:ntoskrnl.exe
 0002:00000058       __imp__KeInitializeMutex@8 00014098     ntoskrnl:ntoskrnl.exe
 0002:0000005c       __imp__RtlAssert@16        0001409c     ntoskrnl:ntoskrnl.exe
 0002:00000060       __imp___alldiv             000140a0     ntoskrnl:ntoskrnl.exe
 0002:00000064       __imp___allmul             000140a4     ntoskrnl:ntoskrnl.exe
 0002:00000068       __imp__DbgBreakPoint@0     000140a8     ntoskrnl:ntoskrnl.exe
 0002:0000006c       __imp__DbgPrint            000140ac     ntoskrnl:ntoskrnl.exe
 0002:00000070       __imp_@ObfDereferenceObject@4 000140b0     ntoskrnl:ntoskrnl.exe
 0002:00000074       __imp__WRITE_REGISTER_USHORT@8 000140b4     ntoskrnl:ntoskrnl.exe
 0002:00000078       __imp__KeReleaseMutex@8    000140b8     ntoskrnl:ntoskrnl.exe
 0002:0000007c       __imp_@InterlockedDecrement@4 000140bc     ntoskrnl:ntoskrnl.exe
 0002:00000080       __imp_@InterlockedIncrement@4 000140c0     ntoskrnl:ntoskrnl.exe
 0002:00000084       \177ntoskrnl_NULL_THUNK_DATA 000140c4     ntoskrnl:ntoskrnl.exe
 0002:00000088       __imp__PcInitializeAdapterDriver@12 000140c8     portcls:portcls.sys
 0002:0000008c       __imp__PcNewMiniport@8     000140cc     portcls:portcls.sys
 0002:00000090       __imp__PcNewPort@8         000140d0     portcls:portcls.sys
 0002:00000094       __imp__PcRegisterPhysicalConnection@20 000140d4     portcls:portcls.sys
 0002:00000098       __imp__PcAddAdapterDevice@20 000140d8     portcls:portcls.sys
 0002:0000009c       __imp__PcRegisterSubdevice@12 000140dc     portcls:portcls.sys
 0002:000000a0       __imp__PcNewInterruptSync@20 000140e0     portcls:portcls.sys
 0002:000000a4       __imp__PcNewRegistryKey@36 000140e4     portcls:portcls.sys
 0002:000000a8       __imp__PcNewServiceGroup@8 000140e8     portcls:portcls.sys
 0002:000000ac       __imp__PcRegisterAdapterPowerManagement@8 000140ec     portcls:portcls.sys
 0002:000000b0       __imp__PcNewResourceSublist@20 000140f0     portcls:portcls.sys
 0002:000000b4       \177portcls_NULL_THUNK_DATA 000140f4     portcls:portcls.sys
 0002:00000130       _IID_IAdapterCommon        00014170     adapter.obj
 0002:00000140       _CLSID_MiniportDriverFmSynth 00014180     adapter.obj
 0002:00000150       _CLSID_PortWaveCyclic      00014190     adapter.obj
 0002:00000160       _CLSID_PortTopology        000141a0     adapter.obj
 0002:00000170       _CLSID_PortMidi            000141b0     adapter.obj
 0002:00000180       _IID_IAdapterPowerManagment 000141c0     adapter.obj
 0002:00000190       _IID_IMiniportWaveCyclicStream 000141d0     adapter.obj
 0002:000001a0       _IID_IMiniportWaveCyclic   000141e0     adapter.obj
 0002:000001b0       _IID_IPortWaveCyclic       000141f0     adapter.obj
 0002:000001c0       _IID_IMiniportTopology     00014200     adapter.obj
 0002:000001d0       _IID_IMiniport             00014210     adapter.obj
 0002:000001e0       _IID_IUnknown              00014220     adapter.obj
 0002:000001f0       ??_C@_1BE@DCLA@?$AAD?$AAi?$AAs?$AAa?$AAb?$AAl?$AAe?$AAC?$AAD?$AA?$AA@ 00014230     common.obj
 0002:00000204       ??_C@_1BM@HKPL@?$AAD?$AAi?$AAs?$AAa?$AAb?$AAl?$AAe?$AAL?$AAi?$AAn?$AAe?$AAI?$AAn?$AA?$AA@ 00014244     common.obj
 0002:00000220       ??_C@_1BG@OEIB@?$AAD?$AAi?$AAs?$AAa?$AAb?$AAl?$AAe?$AAM?$AAi?$AAc?$AA?$AA@ 00014260     common.obj
 0002:00000238       ??_C@_1BK@PFJA@?$AAD?$AAi?$AAs?$AAa?$AAb?$AAl?$AAe?$AAM?$AAi?$AAc?$AAI?$AAn?$AA?$AA@ 00014278     common.obj
 0002:00000254       ??_C@_1BO@PIPO@?$AAD?$AAi?$AAs?$AAa?$AAb?$AAl?$AAe?$AAM?$AAo?$AAn?$AAo?$AAO?$AAu?$AAt?$AA?$AA@ 00014294     common.obj
 0002:00000274       ??_C@_1CC@CCGC@?$AAD?$AAi?$AAs?$AAa?$AAb?$AAl?$AAe?$AAH?$AAe?$AAa?$AAd?$AAp?$AAh?$AAo?$AAn?$AAe?$AA?$AA@ 000142b4     common.obj
 0002:00000298       ??_C@_1BG@KIAL@?$AAD?$AAi?$AAs?$AAa?$AAb?$AAl?$AAe?$AAA?$AAU?$AAX?$AA?$AA@ 000142d8     common.obj
 0002:000002b0       ??_C@_1BK@CIGJ@?$AAD?$AAi?$AAs?$AAa?$AAb?$AAl?$AAe?$AAV?$AAi?$AAd?$AAe?$AAo?$AA?$AA@ 000142f0     common.obj
 0002:000002cc       ??_C@_1BI@JAOF@?$AAD?$AAi?$AAs?$AAa?$AAb?$AAl?$AAe?$AAM?$AAi?$AAc?$AA2?$AA?$AA@ 0001430c     common.obj
 0002:000002e4       ??_C@_1BK@EHMP@?$AAD?$AAi?$AAs?$AAa?$AAb?$AAl?$AAe?$AAP?$AAh?$AAo?$AAn?$AAe?$AA?$AA@ 00014324     common.obj
 0002:00000300       ??_C@_1BM@PILN@?$AAD?$AAi?$AAs?$AAa?$AAb?$AAl?$AAe?$AAP?$AAC?$AAB?$AAe?$AAe?$AAp?$AA?$AA@ 00014340     common.obj
 0002:0000031c       ??_C@_1BE@ENEK@?$AAR?$AAi?$AAg?$AAh?$AAt?$AAB?$AAa?$AAs?$AAs?$AA?$AA@ 0001435c     common.obj
 0002:00000330       ??_C@_1BC@JMJO@?$AAL?$AAe?$AAf?$AAt?$AAB?$AAa?$AAs?$AAs?$AA?$AA@ 00014370     common.obj
 0002:00000344       ??_C@_1BI@KGAJ@?$AAR?$AAi?$AAg?$AAh?$AAt?$AAT?$AAr?$AAe?$AAb?$AAl?$AAe?$AA?$AA@ 00014384     common.obj
 0002:0000035c       ??_C@_1BG@BGGD@?$AAL?$AAe?$AAf?$AAt?$AAT?$AAr?$AAe?$AAb?$AAl?$AAe?$AA?$AA@ 0001439c     common.obj
 0002:00000374       ??_C@_1O@IECC@?$AAM?$AAi?$AAc?$AAA?$AAG?$AAC?$AA?$AA@ 000143b4     common.obj
 0002:00000384       ??_C@_1CA@EJHI@?$AAR?$AAi?$AAg?$AAh?$AAt?$AAO?$AAu?$AAt?$AAp?$AAu?$AAt?$AAG?$AAa?$AAi?$AAn?$AA?$AA@ 000143c4     common.obj
 0002:000003a4       ??_C@_1BO@PPLI@?$AAL?$AAe?$AAf?$AAt?$AAO?$AAu?$AAt?$AAp?$AAu?$AAt?$AAG?$AAa?$AAi?$AAn?$AA?$AA@ 000143e4     common.obj
 0002:000003c4       ??_C@_1BO@PMCJ@?$AAR?$AAi?$AAg?$AAh?$AAt?$AAI?$AAn?$AAp?$AAu?$AAt?$AAG?$AAa?$AAi?$AAn?$AA?$AA@ 00014404     common.obj
 0002:000003e4       ??_C@_1BM@CFEM@?$AAL?$AAe?$AAf?$AAt?$AAI?$AAn?$AAp?$AAu?$AAt?$AAG?$AAa?$AAi?$AAn?$AA?$AA@ 00014424     common.obj
 0002:00000400       ??_C@_1CA@CIKM@?$AAR?$AAi?$AAg?$AAh?$AAt?$AAI?$AAn?$AAp?$AAu?$AAt?$AAM?$AAi?$AAx?$AAe?$AAr?$AA?$AA@ 00014440     common.obj
 0002:00000420       ??_C@_1BO@JOGM@?$AAL?$AAe?$AAf?$AAt?$AAI?$AAn?$AAp?$AAu?$AAt?$AAM?$AAi?$AAx?$AAe?$AAr?$AA?$AA@ 00014460     common.obj
 0002:00000440       ??_C@_1BI@BMOJ@?$AAO?$AAu?$AAt?$AAp?$AAu?$AAt?$AAM?$AAi?$AAx?$AAe?$AAr?$AA?$AA@ 00014480     common.obj
 0002:00000458       ??_C@_1BE@GLOL@?$AAP?$AAc?$AAS?$AAp?$AAk?$AAr?$AAV?$AAo?$AAl?$AA?$AA@ 00014498     common.obj
 0002:0000046c       ??_C@_1O@MNBB@?$AAM?$AAi?$AAc?$AAV?$AAo?$AAl?$AA?$AA@ 000144ac     common.obj
 0002:0000047c       ??_C@_1BO@HCKE@?$AAR?$AAi?$AAg?$AAh?$AAt?$AAL?$AAi?$AAn?$AAe?$AAI?$AAn?$AAV?$AAo?$AAl?$AA?$AA@ 000144bc     common.obj
 0002:0000049c       ??_C@_1BM@KLMB@?$AAL?$AAe?$AAf?$AAt?$AAL?$AAi?$AAn?$AAe?$AAI?$AAn?$AAV?$AAo?$AAl?$AA?$AA@ 000144dc     common.obj
 0002:000004b8       ??_C@_1BG@COJL@?$AAR?$AAi?$AAg?$AAh?$AAt?$AAC?$AAD?$AAV?$AAo?$AAl?$AA?$AA@ 000144f8     common.obj
 0002:000004d0       ??_C@_1BE@KMKA@?$AAL?$AAe?$AAf?$AAt?$AAC?$AAD?$AAV?$AAo?$AAl?$AA?$AA@ 00014510     common.obj
 0002:000004e4       ??_C@_1BK@JCIM@?$AAR?$AAi?$AAg?$AAh?$AAt?$AAM?$AAi?$AAd?$AAi?$AAV?$AAo?$AAl?$AA?$AA@ 00014524     common.obj
 0002:00000500       ??_C@_1BI@KBIJ@?$AAL?$AAe?$AAf?$AAt?$AAM?$AAi?$AAd?$AAi?$AAV?$AAo?$AAl?$AA?$AA@ 00014540     common.obj
 0002:00000518       ??_C@_1BK@MFCG@?$AAR?$AAi?$AAg?$AAh?$AAt?$AAW?$AAa?$AAv?$AAe?$AAV?$AAo?$AAl?$AA?$AA@ 00014558     common.obj
 0002:00000534       ??_C@_1BI@PGCD@?$AAL?$AAe?$AAf?$AAt?$AAW?$AAa?$AAv?$AAe?$AAV?$AAo?$AAl?$AA?$AA@ 00014574     common.obj
 0002:0000054c       ??_C@_1BO@NHA@?$AAR?$AAi?$AAg?$AAh?$AAt?$AAM?$AAa?$AAs?$AAt?$AAe?$AAr?$AAV?$AAo?$AAl?$AA?$AA@ 0001458c     common.obj
 0002:0000056c       ??_C@_1BM@NEBF@?$AAL?$AAe?$AAf?$AAt?$AAM?$AAa?$AAs?$AAt?$AAe?$AAr?$AAV?$AAo?$AAl?$AA?$AA@ 000145ac     common.obj
 0002:00000588       ??_7CAdapterCommon@@6BCUnknown@@@ 000145c8     common.obj
 0002:00000598       ??_7CAdapterCommon@@6BIAdapterPowerManagement@@@ 000145d8     common.obj
 0002:000005b0       ??_7CAdapterCommon@@6BIAdapterCommon@@@ 000145f0     common.obj
 0002:000006d0       ??_7CMiniportTopologyHDA@@6BCUnknown@@@ 00014710     mintopo.obj
 0002:000006e0       ??_7CMiniportTopologyHDA@@6BIMiniportTopology@@@ 00014720     mintopo.obj
 0002:000006f8       ??_7CMiniportWaveCyclicHDA@@6BCUnknown@@@ 00014738     minwave.obj
 0002:00000708       ??_7CMiniportWaveCyclicHDA@@6BIMiniportWaveCyclic@@@ 00014748     minwave.obj
 0002:00000724       ??_7CMiniportWaveCyclicStreamHDA@@6BCUnknown@@@ 00014764     minwave.obj
 0002:00000734       ??_7CMiniportWaveCyclicStreamHDA@@6BIMiniportWaveCyclicStream@@@ 00014774     minwave.obj
 0002:00000758       ??_7CUnknown@@6B@          00014798     stdunk:stdunk.obj
 0003:00000000       ?ulDebugOut@@3KA           000147c0     adapter.obj
 0003:00000008       __GUID_b7902fe9_fb0a_11d1_81b0_0060083316c1 000147c8     adapter.obj
 0003:00000018       __GUID_d3f0ce1c_fffc_11d1_81b0_0060083316c1 000147d8     adapter.obj
 0003:00000028       __GUID_c096df9c_fb09_11d1_81b0_0060083316c1 000147e8     adapter.obj
 0003:00000100       ?m_stHardwareConfig@CAdapterCommon@@0UtHardwareConfig@@A 000148c0     common.obj
 0003:00000194       ?audBufSize@@3KA           00014954     common.obj
 0003:00000198       ?BdlSize@@3KA              00014958     common.obj
 0003:00000898       __GUID_185fedf6_9905_11d1_95a9_00c04fb925d3 00015058     mintopo.obj
 0003:000008a8       __GUID_185fedef_9905_11d1_95a9_00c04fb925d3 00015068     mintopo.obj
 0003:000008b8       __GUID_185fede1_9905_11d1_95a9_00c04fb925d3 00015078     mintopo.obj
 0003:000008c8       __GUID_185fede0_9905_11d1_95a9_00c04fb925d3 00015088     mintopo.obj
 0003:000008d8       __GUID_7607e580_c557_11d0_8a2b_00a0c9255ac1 00015098     mintopo.obj
 0003:000008e8       __GUID_185fede3_9905_11d1_95a9_00c04fb925d3 000150a8     mintopo.obj
 0003:000008f8       __GUID_da441a60_c556_11d0_8a2b_00a0c9255ac1 000150b8     mintopo.obj
 0003:00000908       __GUID_185fedee_9905_11d1_95a9_00c04fb925d3 000150c8     mintopo.obj
 0003:00000918       __GUID_02b223c0_c557_11d0_8a2b_00a0c9255ac1 000150d8     mintopo.obj
 0003:00000928       __GUID_185feded_9905_11d1_95a9_00c04fb925d3 000150e8     mintopo.obj
 0003:00000938       __GUID_e88c9ba0_c557_11d0_8a2b_00a0c9255ac1 000150f8     mintopo.obj
 0003:00000948       __GUID_185fedec_9905_11d1_95a9_00c04fb925d3 00015108     mintopo.obj
 0003:00000958       __GUID_185fedeb_9905_11d1_95a9_00c04fb925d3 00015118     mintopo.obj
 0003:00000968       __GUID_185fedea_9905_11d1_95a9_00c04fb925d3 00015128     mintopo.obj
 0003:00000978       __GUID_185fede9_9905_11d1_95a9_00c04fb925d3 00015138     mintopo.obj
 0003:00000988       __GUID_185fede8_9905_11d1_95a9_00c04fb925d3 00015148     mintopo.obj
 0003:00000998       __GUID_e573adc0_c555_11d0_8a2b_00a0c9255ac1 00015158     mintopo.obj
 0003:000009a8       __GUID_185fede7_9905_11d1_95a9_00c04fb925d3 00015168     mintopo.obj
 0003:000009b8       __GUID_185fede5_9905_11d1_95a9_00c04fb925d3 00015178     mintopo.obj
 0003:000009c8       __GUID_3a5acc00_c557_11d0_8a2b_00a0c9255ac1 00015188     mintopo.obj
 0003:000009d8       __GUID_45ffaaa0_6e1b_11d0_bcf2_444553540000 00015198     mintopo.obj
 0003:000009e8       __GUID_6994ad04_93ef_11d0_a3cc_00a0c9223196 000151a8     mintopo.obj
 0003:000009f8       __GUID_185fedf7_9905_11d1_95a9_00c04fb925d3 000151b8     mintopo.obj
 0003:00000a08       __GUID_dff21ce1_f70f_11d0_b917_00a0c9223196 000151c8     mintopo.obj
 0003:00000a18       __GUID_dff21be1_f70f_11d0_b917_00a0c9223196 000151d8     mintopo.obj
 0003:00000a28       __GUID_185fedf9_9905_11d1_95a9_00c04fb925d3 000151e8     mintopo.obj
 0003:00000a38       __GUID_dff21fe3_f70f_11d0_b917_00a0c9223196 000151f8     mintopo.obj
 0003:00000a48       __GUID_185fedfb_9905_11d1_95a9_00c04fb925d3 00015208     mintopo.obj
 0003:00000a58       __GUID_dff220e3_f70f_11d0_b917_00a0c9223196 00015218     mintopo.obj
 0003:00000a68       __GUID_185fedf8_9905_11d1_95a9_00c04fb925d3 00015228     mintopo.obj
 0003:00000a78       __GUID_dff220f3_f70f_11d0_b917_00a0c9223196 00015238     mintopo.obj
 0003:00000a88       __GUID_dff21fe4_f70f_11d0_b917_00a0c9223196 00015248     mintopo.obj
 0003:00000a98       __GUID_97e99ba0_bdea_11cf_a5d6_28db04c10000 00015258     mintopo.obj
 0003:00000ce0       __GUID_507ae360_c554_11d0_8a2b_00a0c9255ac1 000154a0     minwave.obj
 0003:00000cf0       __GUID_4d837fe0_c555_11d0_8a2b_00a0c9255ac1 000154b0     minwave.obj
 0003:00000d00       __GUID_185fedfa_9905_11d1_95a9_00c04fb925d3 000154c0     minwave.obj
 0003:00000d10       __GUID_fb6c4281_0353_11d1_905f_0000c0cc16ba 000154d0     minwave.obj
 0003:00000d20       __GUID_05589f81_c356_11ce_bf01_00aa0055595a 000154e0     minwave.obj
 0003:00000d30       __GUID_00000001_0000_0010_8000_00aa00389b71 000154f0     minwave.obj
 0003:00000d40       __GUID_73647561_0000_0010_8000_00aa00389b71 00015500     minwave.obj
 0003:00000d50       __GUID_518590a2_a184_11d0_8522_00c04fd9baf3 00015510     minwave.obj
 0003:00000d60       __GUID_0f6417d6_c318_11d0_a43f_00a0c9223196 00015520     minwave.obj
 0003:00000d70       __GUID_00000000_0000_0000_0000_000000000000 00015530     adapter.obj
 0004:0000003e       _AddDevice@8               0001559e f   adapter.obj
 0004:0000026a       ?InstallSubdevice@@YGJPAU_DEVICE_OBJECT@@PAU_IRP@@PAGABU_GUID@@3P6GJPAPAUIUnknown@@3PAU4@W4_POOL_TYPE@@@Z5PAUIResourceList@@344@Z 000157ca f   adapter.obj
 0004:0000066e       ?StartDevice@@YGJPAU_DEVICE_OBJECT@@PAU_IRP@@PAUIResourceList@@@Z 00015bce f   adapter.obj
 0004:00000e6e       ?AssignResources@@YGJPAUIResourceList@@PAPAU1@11111@Z 000163ce f   adapter.obj
 0004:000013c8       ?NewAdapterCommon@@YGJPAPAUIUnknown@@ABU_GUID@@PAU1@W4_POOL_TYPE@@@Z 00016928 f   common.obj
 0004:00001d49       ?Init@CAdapterCommon@@UAGJPAUIResourceList@@PAU_DEVICE_OBJECT@@@Z 000172a9 f   common.obj
 0004:00003212       ??1CAdapterCommon@@UAE@XZ  00018772 f   common.obj
 0004:00003677       ?NonDelegatingQueryInterface@CAdapterCommon@@UAGJABU_GUID@@PAPAX@Z 00018bd7 f   common.obj
 0004:000037ce       ?WavePortDriverDest@CAdapterCommon@@UAGPAPAUIUnknown@@XZ 00018d2e f   common.obj
 0004:0000386e       ?GetInterruptSync@CAdapterCommon@@UAGPAUIInterruptSync@@XZ 00018dce f   common.obj
 0004:0000390e       ?MidiPortDriverDest@CAdapterCommon@@UAGPAPAUIUnknown@@XZ 00018e6e f   common.obj
 0004:000039ae       ?SetWaveServiceGroup@CAdapterCommon@@UAGXPAUIServiceGroup@@@Z 00018f0e f   common.obj
 0004:000040c2       ?InitHDAController@CAdapterCommon@@QAGJXZ 00019622 f   common.obj
 0004:000050e6       ?InitializeCodec@CAdapterCommon@@QAGJE@Z 0001a646 f   common.obj
 0004:000057eb       ?hda_initialize_audio_function_group@CAdapterCommon@@QAGJKK@Z 0001ad4b f   common.obj
 0004:000066ce       ?hda_get_node_type@CAdapterCommon@@QAGEKK@Z 0001bc2e f   common.obj
 0004:0000677e       ?hda_get_node_connection_entries@CAdapterCommon@@QAGKKKK@Z 0001bcde f   common.obj
 0004:00006890       ?hda_enable_pin_output@CAdapterCommon@@QAGXKK@Z 0001bdf0 f   common.obj
 0004:000068d0       ?hda_disable_pin_output@CAdapterCommon@@QAGXKK@Z 0001be30 f   common.obj
 0004:00006910       ?hda_is_headphone_connected@CAdapterCommon@@QAGEXZ 0001be70 f   common.obj
 0004:00006a12       ?hda_initialize_output_pin@CAdapterCommon@@QAGXK@Z 0001bf72 f   common.obj
 0004:00006e36       ?hda_initialize_audio_output@CAdapterCommon@@QAGXK@Z 0001c396 f   common.obj
 0004:0000725a       ?hda_initialize_audio_mixer@CAdapterCommon@@QAGXK@Z 0001c7ba f   common.obj
 0004:00007592       ?hda_initialize_audio_selector@CAdapterCommon@@QAGXK@Z 0001caf2 f   common.obj
 0004:00007898       ?CreateMiniportTopologyHDA@@YGJPAPAUIUnknown@@ABU_GUID@@PAU1@W4_POOL_TYPE@@@Z 0001cdf8 f   mintopo.obj
 0004:00007a0a       ?ProcessResources@CMiniportTopologyHDA@@AAEJPAUIResourceList@@@Z 0001cf6a f   mintopo.obj
 0004:00007b9a       ?NonDelegatingQueryInterface@CMiniportTopologyHDA@@UAGJABU_GUID@@PAPAX@Z 0001d0fa f   mintopo.obj
 0004:00007d4e       ??1CMiniportTopologyHDA@@UAE@XZ 0001d2ae f   mintopo.obj
 0004:00007f26       ?Init@CMiniportTopologyHDA@@UAGJPAUIUnknown@@PAUIResourceList@@PAUIPortTopology@@@Z 0001d486 f   mintopo.obj
 0004:0000813a       ?GetDescription@CMiniportTopologyHDA@@UAGJPAPAUPCFILTER_DESCRIPTOR@@@Z 0001d69a f   mintopo.obj
 0004:00009918       ?CreateMiniportWaveCyclicHDA@@YGJPAPAUIUnknown@@ABU_GUID@@PAU1@W4_POOL_TYPE@@@Z 0001ee78 f   minwave.obj
 0004:00009be6       ?ProcessResources@CMiniportWaveCyclicHDA@@AAEJPAUIResourceList@@@Z 0001f146 f   minwave.obj
 0004:0000a052       ?ValidateFormat@CMiniportWaveCyclicHDA@@AAEJPATKSDATAFORMAT@@@Z 0001f5b2 f   minwave.obj
 0004:0000a26e       ?NonDelegatingQueryInterface@CMiniportWaveCyclicHDA@@UAGJABU_GUID@@PAPAX@Z 0001f7ce f   minwave.obj
 0004:0000a422       ??1CMiniportWaveCyclicHDA@@UAE@XZ 0001f982 f   minwave.obj
 0004:0000a626       ?Init@CMiniportWaveCyclicHDA@@UAGJPAUIUnknown@@PAUIResourceList@@PAUIPortWaveCyclic@@@Z 0001fb86 f   minwave.obj
 0004:0000a8be       ?GetDescription@CMiniportWaveCyclicHDA@@UAGJPAPAUPCFILTER_DESCRIPTOR@@@Z 0001fe1e f   minwave.obj
 0004:0000aaaa       ?DataRangeIntersection@CMiniportWaveCyclicHDA@@UAGJKPATKSDATAFORMAT@@0KPAXPAK@Z 0002000a f   minwave.obj
 0004:0000b0aa       ?NewStream@CMiniportWaveCyclicHDA@@UAGJPAPAUIMiniportWaveCyclicStream@@PAUIUnknown@@W4_POOL_TYPE@@KEPATKSDATAFORMAT@@PAPAUIDmaChannel@@PAPAUIServiceGroup@@@Z 0002060a f   minwave.obj
 0004:0000b442       ?NonDelegatingQueryInterface@CMiniportWaveCyclicStreamHDA@@UAGJABU_GUID@@PAPAX@Z 000209a2 f   minwave.obj
 0004:0000b5ee       ??1CMiniportWaveCyclicStreamHDA@@UAE@XZ 00020b4e f   minwave.obj
 0004:0000b860       ?Init@CMiniportWaveCyclicStreamHDA@@QAEJPAVCMiniportWaveCyclicHDA@@KEPATKSDATAFORMAT@@PAUIDmaChannel@@@Z 00020dc0 f   minwave.obj
 0004:0000bad2       ?SetNotificationFreq@CMiniportWaveCyclicStreamHDA@@UAGKKPAK@Z 00021032 f   minwave.obj
 0004:0000bc66       ?SetFormat@CMiniportWaveCyclicStreamHDA@@UAGJPATKSDATAFORMAT@@@Z 000211c6 f   minwave.obj
 0004:0000beae       ?SetState@CMiniportWaveCyclicStreamHDA@@UAGJW4KSSTATE@@@Z 0002140e f   minwave.obj
 0005:0000003e       _DriverEntry@8             0002155e f   adapter.obj
 0005:000000ac       __IMPORT_DESCRIPTOR_ntoskrnl 000215cc     ntoskrnl:ntoskrnl.exe
 0005:000000c0       __IMPORT_DESCRIPTOR_HAL    000215e0     hal:HAL.dll
 0005:000000d4       __IMPORT_DESCRIPTOR_portcls 000215f4     portcls:portcls.sys
 0005:000000e8       __NULL_IMPORT_DESCRIPTOR   00021608     ntoskrnl:ntoskrnl.exe

 entry point at        0005:0000003e

 Static symbols

 0004:0000828e       ?PropertyHandler_OnOff@@YGJPAU_PCPROPERTY_REQUEST@@@Z 0001d7ee f   mintopo.obj
 0004:000086a6       ?PropertyHandler_SuperMixCaps@@YGJPAU_PCPROPERTY_REQUEST@@@Z 0001dc06 f   mintopo.obj
 0004:00008cb6       ?PropertyHandler_SuperMixTable@@YGJPAU_PCPROPERTY_REQUEST@@@Z 0001e216 f   mintopo.obj
 0004:000093e6       ?PropertyHandler_CpuResources@@YGJPAU_PCPROPERTY_REQUEST@@@Z 0001e946 f   mintopo.obj
 0001:000030fe       ?PropertyHandler_Level@@YGJPAU_PCPROPERTY_REQUEST@@@Z 000133de f   mintopo.obj
 0004:00009646       ?BasicSupportHandler@@YGJPAU_PCPROPERTY_REQUEST@@@Z 0001eba6 f   mintopo.obj

 318 bytes saved through ICF

