 HDA

 Timestamp is 692245c6 (Sat Nov 22 15:22:46 2025)

 Preferred load address is 00010000

 Start         Length     Name                   Class
 0001:00000000 0000379cH .text                   CODE
 0002:00000000 000000b8H .idata$5                DATA
 0002:000000b8 00000588H .rdata                  DATA
 0003:00000000 00000cd0H .data                   DATA
 0003:00000cd0 00000010H .bss                    DATA
 0004:00000000 0000b450H PAGE                    CODE
 0005:00000000 000000a9H INIT                    CODE
 0005:000000ac 0000003cH .idata$2                CODE
 0005:000000e8 00000014H .idata$3                CODE
 0005:000000fc 000000b8H .idata$4                CODE
 0005:000001b4 000003b4H .idata$6                CODE
 0006:00000000 00000058H .rsrc$01                DATA
 0006:00000060 00000338H .rsrc$02                DATA

  Address         Publics by Value              Rva+Base     Lib:Object

 0001:00000000       ??3@YAXPAX@Z               000102e0 f i common.obj
 0001:00000010       ??2@YGPAXIW4_POOL_TYPE@@K@Z 000102f0 f i common.obj
 0001:00000050       ??0CAdapterCommon@@QAE@PAUIUnknown@@@Z 00010330 f i common.obj
 0001:000000a0       ?QueryInterface@CAdapterCommon@@UAGJABU_GUID@@PAPAX@Z 00010380 f i common.obj
 0001:000000d0       ?GetOuterUnknown@CUnknown@@QAEPAUIUnknown@@XZ 000103b0 f i common.obj
 0001:000000f0       ?AddRef@CAdapterCommon@@UAGKXZ 000103d0 f i common.obj
 0001:00000120       ?Release@CAdapterCommon@@UAGKXZ 00010400 f i common.obj
 0001:00000150       ??_ECAdapterCommon@@UAEPAXI@Z 00010430 f i common.obj
 0001:00000150       ??_GCAdapterCommon@@UAEPAXI@Z 00010430 f i common.obj
 0001:00000190       ??0IUnknown@@QAE@XZ        00010470 f i common.obj
 0001:000001a0       _IsEqualGUIDAligned@8      00010480 f i common.obj
 0001:00000220       ?hda_check_headphone_connection_change@CAdapterCommon@@QAGXXZ 00010500 f   common.obj
 0001:000002d0       ?hda_is_supported_sample_rate@CAdapterCommon@@QAGEK@Z 000105b0 f   common.obj
 0001:000003e6       ?hda_send_verb@CAdapterCommon@@QAGKKKKK@Z 000106c6 f   common.obj
 0001:00000702       ?ReadController@CAdapterCommon@@UAGEXZ 000109e2 f   common.obj
 0001:000007a6       ?WriteController@CAdapterCommon@@UAGEE@Z 00010a86 f   common.obj
 0001:000008aa       ?MixerRegWrite@CAdapterCommon@@UAGXEE@Z 00010b8a f   common.obj
 0001:00000a1a       ?MixerRegRead@CAdapterCommon@@UAGEE@Z 00010cfa f   common.obj
 0001:00000afe       ?MixerReset@CAdapterCommon@@UAGXXZ 00010dde f   common.obj
 0001:00000bc2       ?AcknowledgeIRQ@CAdapterCommon@@AAEEXZ 00010ea2 f   common.obj
 0001:00000d72       ?ResetController@CAdapterCommon@@UAGJXZ 00011052 f   common.obj
 0001:00000e16       ?RestoreMixerSettingsFromRegistry@CAdapterCommon@@UAGJXZ 000110f6 f   common.obj
 0001:00001092       ?SaveMixerSettingsToRegistry@CAdapterCommon@@UAGJXZ 00011372 f   common.obj
 0001:000012f2       ?ProgramSampleRate@CAdapterCommon@@UAGJK@Z 000115d2 f   common.obj
 0001:000015e6       ?PowerChangeState@CAdapterCommon@@UAGXT_POWER_STATE@@@Z 000118c6 f   common.obj
 0001:00001786       ?QueryPowerChangeState@CAdapterCommon@@UAGJT_POWER_STATE@@@Z 00011a66 f   common.obj
 0001:0000180a       ?QueryDeviceCapabilities@CAdapterCommon@@UAGJPAU_DEVICE_CAPABILITIES@@@Z 00011aea f   common.obj
 0001:000018ba       ?InterruptServiceRoutine@@YGJPAUIInterruptSync@@PAX@Z 00011b9a f   common.obj
 0001:00001a36       ?hda_stop_stream@CAdapterCommon@@UAGJXZ 00011d16 f   common.obj
 0001:00001cb0       ?hda_start_sound@CAdapterCommon@@UAGXXZ 00011f90 f   common.obj
 0001:00001d1a       ?hda_stop_sound@CAdapterCommon@@UAGXXZ 00011ffa f   common.obj
 0001:00001dd0       ?hda_get_actual_stream_position@CAdapterCommon@@UAGKXZ 000120b0 f   common.obj
 0001:00001df0       ?hda_set_volume@CAdapterCommon@@QAGXK@Z 000120d0 f   common.obj
 0001:00001e70       ?readUCHAR@CAdapterCommon@@QAGEG@Z 00012150 f   common.obj
 0001:00001e90       ?writeUCHAR@CAdapterCommon@@QAGXGE@Z 00012170 f   common.obj
 0001:00001ec0       ?readUSHORT@CAdapterCommon@@QAGGG@Z 000121a0 f   common.obj
 0001:00001ee0       ?writeUSHORT@CAdapterCommon@@QAGXGG@Z 000121c0 f   common.obj
 0001:00001f10       ?readULONG@CAdapterCommon@@QAGKG@Z 000121f0 f   common.obj
 0001:00001f30       ?writeULONG@CAdapterCommon@@QAGXGK@Z 00012210 f   common.obj
 0001:0000216e       ?hda_showtime@CAdapterCommon@@UAGJPAUIDmaChannel@@@Z 0001244e f   common.obj
 0001:000026e0       ?hda_return_sound_data_format@CAdapterCommon@@QAGGKKK@Z 000129c0 f   common.obj
 0001:00002850       ?ReadWriteConfigSpace@CAdapterCommon@@AAGJPAU_DEVICE_OBJECT@@KPAXKK@Z 00012b30 f   common.obj
 0001:0000297a       ?WriteConfigSpace@CAdapterCommon@@AAGJE@Z 00012c5a f   common.obj
 0001:00002a00       ?QueryInterface@CAdapterCommon@@W3AGJABU_GUID@@PAPAX@Z 00012ce0 f i common.obj
 0001:00002a10       ?AddRef@CAdapterCommon@@W3AGKXZ 00012cf0 f i common.obj
 0001:00002a20       ?Release@CAdapterCommon@@W3AGKXZ 00012d00 f i common.obj
 0001:00002a30       ??0CMiniportTopologyHDA@@QAE@PAUIUnknown@@@Z 00012d10 f i mintopo.obj
 0001:00002a70       ?QueryInterface@CMiniportWaveCyclicHDA@@UAGJABU_GUID@@PAPAX@Z 00012d50 f i mintopo.obj
 0001:00002a70       ?QueryInterface@CMiniportTopologyHDA@@UAGJABU_GUID@@PAPAX@Z 00012d50 f i mintopo.obj
 0001:00002a70       ?QueryInterface@CMiniportWaveCyclicStreamHDA@@UAGJABU_GUID@@PAPAX@Z 00012d50 f i mintopo.obj
 0001:00002aa0       ?DataRangeIntersection@CMiniportTopologyHDA@@UAGJKPATKSDATAFORMAT@@0KPAXPAK@Z 00012d80 f i mintopo.obj
 0001:00002ab0       ??_GCMiniportTopologyHDA@@UAEPAXI@Z 00012d90 f i mintopo.obj
 0001:00002ab0       ??_ECMiniportTopologyHDA@@UAEPAXI@Z 00012d90 f i mintopo.obj
 0001:00003170       ?ReadBitsFromMixer@CMiniportTopologyHDA@@AAEEEEE@Z 00013450 f   mintopo.obj
 0001:000031c0       ?ThisManyOnes@@YGEE@Z      000134a0 f i mintopo.obj
 0001:000031e0       ?WriteBitsToMixer@CMiniportTopologyHDA@@AAEXEEEE@Z 000134c0 f   mintopo.obj
 0001:00003280       ??0CMiniportWaveCyclicHDA@@QAE@PAUIUnknown@@@Z 00013560 f i minwave.obj
 0001:000032c0       ?AddRef@CMiniportWaveCyclicStreamHDA@@UAGKXZ 000135a0 f i minwave.obj
 0001:000032c0       ?AddRef@CMiniportTopologyHDA@@UAGKXZ 000135a0 f i minwave.obj
 0001:000032c0       ?AddRef@CMiniportWaveCyclicHDA@@UAGKXZ 000135a0 f i minwave.obj
 0001:000032f0       ?Release@CMiniportTopologyHDA@@UAGKXZ 000135d0 f i minwave.obj
 0001:000032f0       ?Release@CMiniportWaveCyclicHDA@@UAGKXZ 000135d0 f i minwave.obj
 0001:000032f0       ?Release@CMiniportWaveCyclicStreamHDA@@UAGKXZ 000135d0 f i minwave.obj
 0001:00003320       ??_ECMiniportWaveCyclicHDA@@UAEPAXI@Z 00013600 f i minwave.obj
 0001:00003320       ??_GCMiniportWaveCyclicHDA@@UAEPAXI@Z 00013600 f i minwave.obj
 0001:00003360       ??0IMiniportWaveCyclic@@QAE@XZ 00013640 f i minwave.obj
 0001:00003360       ??0IMiniportTopology@@QAE@XZ 00013640 f i minwave.obj
 0001:00003380       ??2@YGPAXIW4_POOL_TYPE@@@Z 00013660 f i minwave.obj
 0001:000033d0       ??0CMiniportWaveCyclicStreamHDA@@QAE@PAUIUnknown@@@Z 000136b0 f i minwave.obj
 0001:00003410       ??_ECMiniportWaveCyclicStreamHDA@@UAEPAXI@Z 000136f0 f i minwave.obj
 0001:00003410       ??_GCMiniportWaveCyclicStreamHDA@@UAEPAXI@Z 000136f0 f i minwave.obj
 0001:00003450       ??0IMiniportWaveCyclicStream@@QAE@XZ 00013730 f i minwave.obj
 0001:00003450       ??0IAdapterPowerManagement@@QAE@XZ 00013730 f i minwave.obj
 0001:00003450       ??0IAdapterCommon@@QAE@XZ  00013730 f i minwave.obj
 0001:00003450       ??0IMiniport@@QAE@XZ       00013730 f i minwave.obj
 0001:00003489       ?GetPosition@CMiniportWaveCyclicStreamHDA@@UAGJPAK@Z 00013769 f   minwave.obj
 0001:0000357e       ?NormalizePhysicalPosition@CMiniportWaveCyclicStreamHDA@@UAGJPA_J@Z 0001385e f   minwave.obj
 0001:00003620       ?Silence@CMiniportWaveCyclicStreamHDA@@UAGXPAXK@Z 00013900 f   minwave.obj
 0001:0000365e       _DbgPrint                  0001393e f   ntoskrnl:ntoskrnl.exe
 0001:00003664       _DbgBreakPoint@0           00013944 f   ntoskrnl:ntoskrnl.exe
 0001:0000366a       __alldiv                   0001394a f   ntoskrnl:ntoskrnl.exe
 0001:00003670       __allmul                   00013950 f   ntoskrnl:ntoskrnl.exe
 0001:00003676       _PcInitializeAdapterDriver@12 00013956 f   portcls:portcls.sys
 0001:0000367c       _PcAddAdapterDevice@20     0001395c f   portcls:portcls.sys
 0001:00003682       _PcRegisterSubdevice@12    00013962 f   portcls:portcls.sys
 0001:00003688       _PcNewMiniport@8           00013968 f   portcls:portcls.sys
 0001:0000368e       _PcNewPort@8               0001396e f   portcls:portcls.sys
 0001:00003694       _PcRegisterPhysicalConnection@20 00013974 f   portcls:portcls.sys
 0001:0000369a       _PcRegisterAdapterPowerManagement@8 0001397a f   portcls:portcls.sys
 0001:000036a0       _PcNewResourceSublist@20   00013980 f   portcls:portcls.sys
 0001:000036a6       _PcNewInterruptSync@20     00013986 f   portcls:portcls.sys
 0001:000036ac       _PcNewRegistryKey@36       0001398c f   portcls:portcls.sys
 0001:000036b2       _PcNewServiceGroup@8       00013992 f   portcls:portcls.sys
 0001:000036b8       ??0CUnknown@@QAE@PAUIUnknown@@@Z 00013998 f   stdunk:stdunk.obj
 0001:000036d7       ??_GCUnknown@@UAEPAXI@Z    000139b7 f i stdunk:stdunk.obj
 0001:000036d7       ??_ECUnknown@@UAEPAXI@Z    000139b7 f i stdunk:stdunk.obj
 0001:000036f3       ??1CUnknown@@UAE@XZ        000139d3 f   stdunk:stdunk.obj
 0001:000036fa       ?NonDelegatingAddRef@CUnknown@@UAGKXZ 000139da f   stdunk:stdunk.obj
 0001:00003710       ?NonDelegatingRelease@CUnknown@@UAGKXZ 000139f0 f   stdunk:stdunk.obj
 0001:0000373f       ?NonDelegatingQueryInterface@CUnknown@@UAGJABU_GUID@@PAPAX@Z 00013a1f f   stdunk:stdunk.obj
 0002:00000000       __imp_@KfAcquireSpinLock@4 00013a80     hal:HAL.dll
 0002:00000004       __imp_@KfReleaseSpinLock@8 00013a84     hal:HAL.dll
 0002:00000008       __imp__KeStallExecutionProcessor@4 00013a88     hal:HAL.dll
 0002:0000000c       __imp__KeGetCurrentIrql@0  00013a8c     hal:HAL.dll
 0002:00000010       \177HAL_NULL_THUNK_DATA    00013a90     hal:HAL.dll
 0002:00000014       __imp__MmMapIoSpace@16     00013a94     ntoskrnl:ntoskrnl.exe
 0002:00000018       __imp__KeInitializeSpinLock@4 00013a98     ntoskrnl:ntoskrnl.exe
 0002:0000001c       __imp__MmUnmapIoSpace@8    00013a9c     ntoskrnl:ntoskrnl.exe
 0002:00000020       __imp__IoGetDmaAdapter@12  00013aa0     ntoskrnl:ntoskrnl.exe
 0002:00000024       __imp__READ_REGISTER_ULONG@4 00013aa4     ntoskrnl:ntoskrnl.exe
 0002:00000028       __imp__WRITE_REGISTER_ULONG@8 00013aa8     ntoskrnl:ntoskrnl.exe
 0002:0000002c       __imp__RtlInitUnicodeString@8 00013aac     ntoskrnl:ntoskrnl.exe
 0002:00000030       __imp__READ_REGISTER_UCHAR@4 00013ab0     ntoskrnl:ntoskrnl.exe
 0002:00000034       __imp__WRITE_REGISTER_UCHAR@8 00013ab4     ntoskrnl:ntoskrnl.exe
 0002:00000038       __imp__READ_REGISTER_USHORT@4 00013ab8     ntoskrnl:ntoskrnl.exe
 0002:0000003c       __imp__ExFreePool@4        00013abc     ntoskrnl:ntoskrnl.exe
 0002:00000040       __imp__ExAllocatePoolWithTag@12 00013ac0     ntoskrnl:ntoskrnl.exe
 0002:00000044       __imp__KeWaitForSingleObject@20 00013ac4     ntoskrnl:ntoskrnl.exe
 0002:00000048       __imp_@IofCallDriver@8     00013ac8     ntoskrnl:ntoskrnl.exe
 0002:0000004c       __imp__IoBuildSynchronousFsdRequest@28 00013acc     ntoskrnl:ntoskrnl.exe
 0002:00000050       __imp__IoGetAttachedDeviceReference@4 00013ad0     ntoskrnl:ntoskrnl.exe
 0002:00000054       __imp__KeInitializeEvent@12 00013ad4     ntoskrnl:ntoskrnl.exe
 0002:00000058       __imp__KeInitializeMutex@8 00013ad8     ntoskrnl:ntoskrnl.exe
 0002:0000005c       __imp__RtlAssert@16        00013adc     ntoskrnl:ntoskrnl.exe
 0002:00000060       __imp___alldiv             00013ae0     ntoskrnl:ntoskrnl.exe
 0002:00000064       __imp___allmul             00013ae4     ntoskrnl:ntoskrnl.exe
 0002:00000068       __imp__DbgBreakPoint@0     00013ae8     ntoskrnl:ntoskrnl.exe
 0002:0000006c       __imp__DbgPrint            00013aec     ntoskrnl:ntoskrnl.exe
 0002:00000070       __imp_@ObfDereferenceObject@4 00013af0     ntoskrnl:ntoskrnl.exe
 0002:00000074       __imp__WRITE_REGISTER_USHORT@8 00013af4     ntoskrnl:ntoskrnl.exe
 0002:00000078       __imp__KeReleaseMutex@8    00013af8     ntoskrnl:ntoskrnl.exe
 0002:0000007c       __imp_@InterlockedDecrement@4 00013afc     ntoskrnl:ntoskrnl.exe
 0002:00000080       __imp_@InterlockedIncrement@4 00013b00     ntoskrnl:ntoskrnl.exe
 0002:00000084       \177ntoskrnl_NULL_THUNK_DATA 00013b04     ntoskrnl:ntoskrnl.exe
 0002:00000088       __imp__PcInitializeAdapterDriver@12 00013b08     portcls:portcls.sys
 0002:0000008c       __imp__PcNewMiniport@8     00013b0c     portcls:portcls.sys
 0002:00000090       __imp__PcNewPort@8         00013b10     portcls:portcls.sys
 0002:00000094       __imp__PcRegisterPhysicalConnection@20 00013b14     portcls:portcls.sys
 0002:00000098       __imp__PcAddAdapterDevice@20 00013b18     portcls:portcls.sys
 0002:0000009c       __imp__PcRegisterSubdevice@12 00013b1c     portcls:portcls.sys
 0002:000000a0       __imp__PcNewInterruptSync@20 00013b20     portcls:portcls.sys
 0002:000000a4       __imp__PcNewRegistryKey@36 00013b24     portcls:portcls.sys
 0002:000000a8       __imp__PcNewServiceGroup@8 00013b28     portcls:portcls.sys
 0002:000000ac       __imp__PcRegisterAdapterPowerManagement@8 00013b2c     portcls:portcls.sys
 0002:000000b0       __imp__PcNewResourceSublist@20 00013b30     portcls:portcls.sys
 0002:000000b4       \177portcls_NULL_THUNK_DATA 00013b34     portcls:portcls.sys
 0002:00000130       _IID_IAdapterCommon        00013bb0     adapter.obj
 0002:00000140       _CLSID_MiniportDriverFmSynth 00013bc0     adapter.obj
 0002:00000150       _CLSID_PortWaveCyclic      00013bd0     adapter.obj
 0002:00000160       _CLSID_PortTopology        00013be0     adapter.obj
 0002:00000170       _CLSID_PortMidi            00013bf0     adapter.obj
 0002:00000180       _IID_IAdapterPowerManagment 00013c00     adapter.obj
 0002:00000190       _IID_IMiniportWaveCyclicStream 00013c10     adapter.obj
 0002:000001a0       _IID_IMiniportWaveCyclic   00013c20     adapter.obj
 0002:000001b0       _IID_IPortWaveCyclic       00013c30     adapter.obj
 0002:000001c0       _IID_IMiniportTopology     00013c40     adapter.obj
 0002:000001d0       _IID_IMiniport             00013c50     adapter.obj
 0002:000001e0       _IID_IUnknown              00013c60     adapter.obj
 0002:000001f0       ??_C@_1BE@ENEK@?$AAR?$AAi?$AAg?$AAh?$AAt?$AAB?$AAa?$AAs?$AAs?$AA?$AA@ 00013c70     common.obj
 0002:00000204       ??_C@_1BC@JMJO@?$AAL?$AAe?$AAf?$AAt?$AAB?$AAa?$AAs?$AAs?$AA?$AA@ 00013c84     common.obj
 0002:00000218       ??_C@_1BI@KGAJ@?$AAR?$AAi?$AAg?$AAh?$AAt?$AAT?$AAr?$AAe?$AAb?$AAl?$AAe?$AA?$AA@ 00013c98     common.obj
 0002:00000230       ??_C@_1BG@BGGD@?$AAL?$AAe?$AAf?$AAt?$AAT?$AAr?$AAe?$AAb?$AAl?$AAe?$AA?$AA@ 00013cb0     common.obj
 0002:00000248       ??_C@_1O@IECC@?$AAM?$AAi?$AAc?$AAA?$AAG?$AAC?$AA?$AA@ 00013cc8     common.obj
 0002:00000258       ??_C@_1CA@EJHI@?$AAR?$AAi?$AAg?$AAh?$AAt?$AAO?$AAu?$AAt?$AAp?$AAu?$AAt?$AAG?$AAa?$AAi?$AAn?$AA?$AA@ 00013cd8     common.obj
 0002:00000278       ??_C@_1BO@PPLI@?$AAL?$AAe?$AAf?$AAt?$AAO?$AAu?$AAt?$AAp?$AAu?$AAt?$AAG?$AAa?$AAi?$AAn?$AA?$AA@ 00013cf8     common.obj
 0002:00000298       ??_C@_1BO@PMCJ@?$AAR?$AAi?$AAg?$AAh?$AAt?$AAI?$AAn?$AAp?$AAu?$AAt?$AAG?$AAa?$AAi?$AAn?$AA?$AA@ 00013d18     common.obj
 0002:000002b8       ??_C@_1BM@CFEM@?$AAL?$AAe?$AAf?$AAt?$AAI?$AAn?$AAp?$AAu?$AAt?$AAG?$AAa?$AAi?$AAn?$AA?$AA@ 00013d38     common.obj
 0002:000002d4       ??_C@_1CA@CIKM@?$AAR?$AAi?$AAg?$AAh?$AAt?$AAI?$AAn?$AAp?$AAu?$AAt?$AAM?$AAi?$AAx?$AAe?$AAr?$AA?$AA@ 00013d54     common.obj
 0002:000002f4       ??_C@_1BO@JOGM@?$AAL?$AAe?$AAf?$AAt?$AAI?$AAn?$AAp?$AAu?$AAt?$AAM?$AAi?$AAx?$AAe?$AAr?$AA?$AA@ 00013d74     common.obj
 0002:00000314       ??_C@_1BI@BMOJ@?$AAO?$AAu?$AAt?$AAp?$AAu?$AAt?$AAM?$AAi?$AAx?$AAe?$AAr?$AA?$AA@ 00013d94     common.obj
 0002:0000032c       ??_C@_1BE@GLOL@?$AAP?$AAc?$AAS?$AAp?$AAk?$AAr?$AAV?$AAo?$AAl?$AA?$AA@ 00013dac     common.obj
 0002:00000340       ??_C@_1O@MNBB@?$AAM?$AAi?$AAc?$AAV?$AAo?$AAl?$AA?$AA@ 00013dc0     common.obj
 0002:00000350       ??_C@_1BO@HCKE@?$AAR?$AAi?$AAg?$AAh?$AAt?$AAL?$AAi?$AAn?$AAe?$AAI?$AAn?$AAV?$AAo?$AAl?$AA?$AA@ 00013dd0     common.obj
 0002:00000370       ??_C@_1BM@KLMB@?$AAL?$AAe?$AAf?$AAt?$AAL?$AAi?$AAn?$AAe?$AAI?$AAn?$AAV?$AAo?$AAl?$AA?$AA@ 00013df0     common.obj
 0002:0000038c       ??_C@_1BG@COJL@?$AAR?$AAi?$AAg?$AAh?$AAt?$AAC?$AAD?$AAV?$AAo?$AAl?$AA?$AA@ 00013e0c     common.obj
 0002:000003a4       ??_C@_1BE@KMKA@?$AAL?$AAe?$AAf?$AAt?$AAC?$AAD?$AAV?$AAo?$AAl?$AA?$AA@ 00013e24     common.obj
 0002:000003b8       ??_C@_1BK@JCIM@?$AAR?$AAi?$AAg?$AAh?$AAt?$AAM?$AAi?$AAd?$AAi?$AAV?$AAo?$AAl?$AA?$AA@ 00013e38     common.obj
 0002:000003d4       ??_C@_1BI@KBIJ@?$AAL?$AAe?$AAf?$AAt?$AAM?$AAi?$AAd?$AAi?$AAV?$AAo?$AAl?$AA?$AA@ 00013e54     common.obj
 0002:000003ec       ??_C@_1BK@MFCG@?$AAR?$AAi?$AAg?$AAh?$AAt?$AAW?$AAa?$AAv?$AAe?$AAV?$AAo?$AAl?$AA?$AA@ 00013e6c     common.obj
 0002:00000408       ??_C@_1BI@PGCD@?$AAL?$AAe?$AAf?$AAt?$AAW?$AAa?$AAv?$AAe?$AAV?$AAo?$AAl?$AA?$AA@ 00013e88     common.obj
 0002:00000420       ??_C@_1BO@NHA@?$AAR?$AAi?$AAg?$AAh?$AAt?$AAM?$AAa?$AAs?$AAt?$AAe?$AAr?$AAV?$AAo?$AAl?$AA?$AA@ 00013ea0     common.obj
 0002:00000440       ??_C@_1BM@NEBF@?$AAL?$AAe?$AAf?$AAt?$AAM?$AAa?$AAs?$AAt?$AAe?$AAr?$AAV?$AAo?$AAl?$AA?$AA@ 00013ec0     common.obj
 0002:0000045c       ??_7CAdapterCommon@@6BCUnknown@@@ 00013edc     common.obj
 0002:0000046c       ??_7CAdapterCommon@@6BIAdapterPowerManagement@@@ 00013eec     common.obj
 0002:00000484       ??_7CAdapterCommon@@6BIAdapterCommon@@@ 00013f04     common.obj
 0002:000005a8       ??_7CMiniportTopologyHDA@@6BCUnknown@@@ 00014028     mintopo.obj
 0002:000005b8       ??_7CMiniportTopologyHDA@@6BIMiniportTopology@@@ 00014038     mintopo.obj
 0002:000005d0       ??_7CMiniportWaveCyclicHDA@@6BCUnknown@@@ 00014050     minwave.obj
 0002:000005e0       ??_7CMiniportWaveCyclicHDA@@6BIMiniportWaveCyclic@@@ 00014060     minwave.obj
 0002:000005fc       ??_7CMiniportWaveCyclicStreamHDA@@6BCUnknown@@@ 0001407c     minwave.obj
 0002:0000060c       ??_7CMiniportWaveCyclicStreamHDA@@6BIMiniportWaveCyclicStream@@@ 0001408c     minwave.obj
 0002:00000630       ??_7CUnknown@@6B@          000140b0     stdunk:stdunk.obj
 0003:00000000       ?ulDebugOut@@3KA           000140c0     adapter.obj
 0003:00000008       __GUID_b7902fe9_fb0a_11d1_81b0_0060083316c1 000140c8     adapter.obj
 0003:00000018       __GUID_d3f0ce1c_fffc_11d1_81b0_0060083316c1 000140d8     adapter.obj
 0003:00000028       __GUID_c096df9c_fb09_11d1_81b0_0060083316c1 000140e8     adapter.obj
 0003:000000f8       ?audBufSize@@3KA           000141b8     common.obj
 0003:000000fc       ?BdlSize@@3KA              000141bc     common.obj
 0003:000007f8       __GUID_185fedf6_9905_11d1_95a9_00c04fb925d3 000148b8     mintopo.obj
 0003:00000808       __GUID_185fedef_9905_11d1_95a9_00c04fb925d3 000148c8     mintopo.obj
 0003:00000818       __GUID_185fede1_9905_11d1_95a9_00c04fb925d3 000148d8     mintopo.obj
 0003:00000828       __GUID_185fede0_9905_11d1_95a9_00c04fb925d3 000148e8     mintopo.obj
 0003:00000838       __GUID_7607e580_c557_11d0_8a2b_00a0c9255ac1 000148f8     mintopo.obj
 0003:00000848       __GUID_185fede3_9905_11d1_95a9_00c04fb925d3 00014908     mintopo.obj
 0003:00000858       __GUID_da441a60_c556_11d0_8a2b_00a0c9255ac1 00014918     mintopo.obj
 0003:00000868       __GUID_185fedee_9905_11d1_95a9_00c04fb925d3 00014928     mintopo.obj
 0003:00000878       __GUID_02b223c0_c557_11d0_8a2b_00a0c9255ac1 00014938     mintopo.obj
 0003:00000888       __GUID_185feded_9905_11d1_95a9_00c04fb925d3 00014948     mintopo.obj
 0003:00000898       __GUID_e88c9ba0_c557_11d0_8a2b_00a0c9255ac1 00014958     mintopo.obj
 0003:000008a8       __GUID_185fedec_9905_11d1_95a9_00c04fb925d3 00014968     mintopo.obj
 0003:000008b8       __GUID_185fedeb_9905_11d1_95a9_00c04fb925d3 00014978     mintopo.obj
 0003:000008c8       __GUID_185fedea_9905_11d1_95a9_00c04fb925d3 00014988     mintopo.obj
 0003:000008d8       __GUID_185fede9_9905_11d1_95a9_00c04fb925d3 00014998     mintopo.obj
 0003:000008e8       __GUID_185fede8_9905_11d1_95a9_00c04fb925d3 000149a8     mintopo.obj
 0003:000008f8       __GUID_e573adc0_c555_11d0_8a2b_00a0c9255ac1 000149b8     mintopo.obj
 0003:00000908       __GUID_185fede7_9905_11d1_95a9_00c04fb925d3 000149c8     mintopo.obj
 0003:00000918       __GUID_185fede5_9905_11d1_95a9_00c04fb925d3 000149d8     mintopo.obj
 0003:00000928       __GUID_3a5acc00_c557_11d0_8a2b_00a0c9255ac1 000149e8     mintopo.obj
 0003:00000938       __GUID_45ffaaa0_6e1b_11d0_bcf2_444553540000 000149f8     mintopo.obj
 0003:00000948       __GUID_6994ad04_93ef_11d0_a3cc_00a0c9223196 00014a08     mintopo.obj
 0003:00000958       __GUID_185fedf7_9905_11d1_95a9_00c04fb925d3 00014a18     mintopo.obj
 0003:00000968       __GUID_dff21ce1_f70f_11d0_b917_00a0c9223196 00014a28     mintopo.obj
 0003:00000978       __GUID_dff21be1_f70f_11d0_b917_00a0c9223196 00014a38     mintopo.obj
 0003:00000988       __GUID_185fedf9_9905_11d1_95a9_00c04fb925d3 00014a48     mintopo.obj
 0003:00000998       __GUID_dff21fe3_f70f_11d0_b917_00a0c9223196 00014a58     mintopo.obj
 0003:000009a8       __GUID_185fedfb_9905_11d1_95a9_00c04fb925d3 00014a68     mintopo.obj
 0003:000009b8       __GUID_dff220e3_f70f_11d0_b917_00a0c9223196 00014a78     mintopo.obj
 0003:000009c8       __GUID_185fedf8_9905_11d1_95a9_00c04fb925d3 00014a88     mintopo.obj
 0003:000009d8       __GUID_dff220f3_f70f_11d0_b917_00a0c9223196 00014a98     mintopo.obj
 0003:000009e8       __GUID_dff21fe4_f70f_11d0_b917_00a0c9223196 00014aa8     mintopo.obj
 0003:000009f8       __GUID_97e99ba0_bdea_11cf_a5d6_28db04c10000 00014ab8     mintopo.obj
 0003:00000c40       __GUID_507ae360_c554_11d0_8a2b_00a0c9255ac1 00014d00     minwave.obj
 0003:00000c50       __GUID_4d837fe0_c555_11d0_8a2b_00a0c9255ac1 00014d10     minwave.obj
 0003:00000c60       __GUID_185fedfa_9905_11d1_95a9_00c04fb925d3 00014d20     minwave.obj
 0003:00000c70       __GUID_fb6c4281_0353_11d1_905f_0000c0cc16ba 00014d30     minwave.obj
 0003:00000c80       __GUID_05589f81_c356_11ce_bf01_00aa0055595a 00014d40     minwave.obj
 0003:00000c90       __GUID_00000001_0000_0010_8000_00aa00389b71 00014d50     minwave.obj
 0003:00000ca0       __GUID_73647561_0000_0010_8000_00aa00389b71 00014d60     minwave.obj
 0003:00000cb0       __GUID_518590a2_a184_11d0_8522_00c04fd9baf3 00014d70     minwave.obj
 0003:00000cc0       __GUID_0f6417d6_c318_11d0_a43f_00a0c9223196 00014d80     minwave.obj
 0003:00000cd0       __GUID_00000000_0000_0000_0000_000000000000 00014d90     adapter.obj
 0004:0000003e       _AddDevice@8               00014dde f   adapter.obj
 0004:0000026a       ?InstallSubdevice@@YGJPAU_DEVICE_OBJECT@@PAU_IRP@@PAGABU_GUID@@3P6GJPAPAUIUnknown@@3PAU4@W4_POOL_TYPE@@@Z5PAUIResourceList@@344@Z 0001500a f   adapter.obj
 0004:0000066e       ?StartDevice@@YGJPAU_DEVICE_OBJECT@@PAU_IRP@@PAUIResourceList@@@Z 0001540e f   adapter.obj
 0004:00000e6e       ?AssignResources@@YGJPAUIResourceList@@PAPAU1@11111@Z 00015c0e f   adapter.obj
 0004:000014d8       ?NewAdapterCommon@@YGJPAPAUIUnknown@@ABU_GUID@@PAU1@W4_POOL_TYPE@@@Z 00016278 f   common.obj
 0004:00001e51       ?Init@CAdapterCommon@@UAGJPAUIResourceList@@PAU_DEVICE_OBJECT@@@Z 00016bf1 f   common.obj
 0004:0000308a       ??1CAdapterCommon@@UAE@XZ  00017e2a f   common.obj
 0004:00003527       ?NonDelegatingQueryInterface@CAdapterCommon@@UAGJABU_GUID@@PAPAX@Z 000182c7 f   common.obj
 0004:0000367e       ?WavePortDriverDest@CAdapterCommon@@UAGPAPAUIUnknown@@XZ 0001841e f   common.obj
 0004:0000371e       ?GetInterruptSync@CAdapterCommon@@UAGPAUIInterruptSync@@XZ 000184be f   common.obj
 0004:000037be       ?MidiPortDriverDest@CAdapterCommon@@UAGPAPAUIUnknown@@XZ 0001855e f   common.obj
 0004:0000385e       ?SetWaveServiceGroup@CAdapterCommon@@UAGXPAUIServiceGroup@@@Z 000185fe f   common.obj
 0004:00003e06       ?InitHDA@CAdapterCommon@@QAGJXZ 00018ba6 f   common.obj
 0004:00004b36       ?InitializeCodec@CAdapterCommon@@QAGJE@Z 000198d6 f   common.obj
 0004:0000514b       ?hda_initialize_audio_function_group@CAdapterCommon@@QAGXKK@Z 00019eeb f   common.obj
 0004:00005ace       ?hda_get_node_type@CAdapterCommon@@QAGEKK@Z 0001a86e f   common.obj
 0004:00005b7e       ?hda_get_node_connection_entries@CAdapterCommon@@QAGKKKK@Z 0001a91e f   common.obj
 0004:00005cce       ?hda_set_node_gain@CAdapterCommon@@QAGXKKKKK@Z 0001aa6e f   common.obj
 0004:00005db0       ?hda_enable_pin_output@CAdapterCommon@@QAGXKK@Z 0001ab50 f   common.obj
 0004:00005df0       ?hda_disable_pin_output@CAdapterCommon@@QAGXKK@Z 0001ab90 f   common.obj
 0004:00005e30       ?hda_is_headphone_connected@CAdapterCommon@@QAGHXZ 0001abd0 f   common.obj
 0004:00005f2e       ?hda_initialize_output_pin@CAdapterCommon@@QAGXK@Z 0001acce f   common.obj
 0004:00006322       ?hda_initalize_audio_output@CAdapterCommon@@QAGXK@Z 0001b0c2 f   common.obj
 0004:0000671a       ?hda_initalize_audio_mixer@CAdapterCommon@@QAGXK@Z 0001b4ba f   common.obj
 0004:00006a32       ?hda_initalize_audio_selector@CAdapterCommon@@QAGXK@Z 0001b7d2 f   common.obj
 0004:00006d18       ?CreateMiniportTopologyHDA@@YGJPAPAUIUnknown@@ABU_GUID@@PAU1@W4_POOL_TYPE@@@Z 0001bab8 f   mintopo.obj
 0004:00006e8a       ?ProcessResources@CMiniportTopologyHDA@@AAEJPAUIResourceList@@@Z 0001bc2a f   mintopo.obj
 0004:0000701a       ?NonDelegatingQueryInterface@CMiniportTopologyHDA@@UAGJABU_GUID@@PAPAX@Z 0001bdba f   mintopo.obj
 0004:000071ce       ??1CMiniportTopologyHDA@@UAE@XZ 0001bf6e f   mintopo.obj
 0004:000073a6       ?Init@CMiniportTopologyHDA@@UAGJPAUIUnknown@@PAUIResourceList@@PAUIPortTopology@@@Z 0001c146 f   mintopo.obj
 0004:000075ba       ?GetDescription@CMiniportTopologyHDA@@UAGJPAPAUPCFILTER_DESCRIPTOR@@@Z 0001c35a f   mintopo.obj
 0004:00008d98       ?CreateMiniportWaveCyclicHDA@@YGJPAPAUIUnknown@@ABU_GUID@@PAU1@W4_POOL_TYPE@@@Z 0001db38 f   minwave.obj
 0004:00009066       ?ProcessResources@CMiniportWaveCyclicHDA@@AAEJPAUIResourceList@@@Z 0001de06 f   minwave.obj
 0004:000094d2       ?ValidateFormat@CMiniportWaveCyclicHDA@@AAEJPATKSDATAFORMAT@@@Z 0001e272 f   minwave.obj
 0004:000096fe       ?NonDelegatingQueryInterface@CMiniportWaveCyclicHDA@@UAGJABU_GUID@@PAPAX@Z 0001e49e f   minwave.obj
 0004:000098b2       ??1CMiniportWaveCyclicHDA@@UAE@XZ 0001e652 f   minwave.obj
 0004:00009ab6       ?Init@CMiniportWaveCyclicHDA@@UAGJPAUIUnknown@@PAUIResourceList@@PAUIPortWaveCyclic@@@Z 0001e856 f   minwave.obj
 0004:00009d4e       ?GetDescription@CMiniportWaveCyclicHDA@@UAGJPAPAUPCFILTER_DESCRIPTOR@@@Z 0001eaee f   minwave.obj
 0004:00009f3a       ?DataRangeIntersection@CMiniportWaveCyclicHDA@@UAGJKPATKSDATAFORMAT@@0KPAXPAK@Z 0001ecda f   minwave.obj
 0004:0000a53a       ?NewStream@CMiniportWaveCyclicHDA@@UAGJPAPAUIMiniportWaveCyclicStream@@PAUIUnknown@@W4_POOL_TYPE@@KEPATKSDATAFORMAT@@PAPAUIDmaChannel@@PAPAUIServiceGroup@@@Z 0001f2da f   minwave.obj
 0004:0000a8d2       ?NonDelegatingQueryInterface@CMiniportWaveCyclicStreamHDA@@UAGJABU_GUID@@PAPAX@Z 0001f672 f   minwave.obj
 0004:0000aa7e       ??1CMiniportWaveCyclicStreamHDA@@UAE@XZ 0001f81e f   minwave.obj
 0004:0000acf0       ?Init@CMiniportWaveCyclicStreamHDA@@QAEJPAVCMiniportWaveCyclicHDA@@KEPATKSDATAFORMAT@@PAUIDmaChannel@@@Z 0001fa90 f   minwave.obj
 0004:0000af62       ?SetNotificationFreq@CMiniportWaveCyclicStreamHDA@@UAGKKPAK@Z 0001fd02 f   minwave.obj
 0004:0000b0f6       ?SetFormat@CMiniportWaveCyclicStreamHDA@@UAGJPATKSDATAFORMAT@@@Z 0001fe96 f   minwave.obj
 0004:0000b33e       ?SetState@CMiniportWaveCyclicStreamHDA@@UAGJW4KSSTATE@@@Z 000200de f   minwave.obj
 0005:0000003e       _DriverEntry@8             0002023e f   adapter.obj
 0005:000000ac       __IMPORT_DESCRIPTOR_ntoskrnl 000202ac     ntoskrnl:ntoskrnl.exe
 0005:000000c0       __IMPORT_DESCRIPTOR_HAL    000202c0     hal:HAL.dll
 0005:000000d4       __IMPORT_DESCRIPTOR_portcls 000202d4     portcls:portcls.sys
 0005:000000e8       __NULL_IMPORT_DESCRIPTOR   000202e8     ntoskrnl:ntoskrnl.exe

 entry point at        0005:0000003e

 Static symbols

 0004:0000770e       ?PropertyHandler_OnOff@@YGJPAU_PCPROPERTY_REQUEST@@@Z 0001c4ae f   mintopo.obj
 0004:00007b26       ?PropertyHandler_SuperMixCaps@@YGJPAU_PCPROPERTY_REQUEST@@@Z 0001c8c6 f   mintopo.obj
 0004:00008136       ?PropertyHandler_SuperMixTable@@YGJPAU_PCPROPERTY_REQUEST@@@Z 0001ced6 f   mintopo.obj
 0004:00008866       ?PropertyHandler_CpuResources@@YGJPAU_PCPROPERTY_REQUEST@@@Z 0001d606 f   mintopo.obj
 0001:00002b4e       ?PropertyHandler_Level@@YGJPAU_PCPROPERTY_REQUEST@@@Z 00012e2e f   mintopo.obj
 0004:00008ac6       ?BasicSupportHandler@@YGJPAU_PCPROPERTY_REQUEST@@@Z 0001d866 f   mintopo.obj

 318 bytes saved through ICF

