 HDA

 Timestamp is 69029c5e (Wed Oct 29 14:59:42 2025)

 Preferred load address is 00010000

 Start         Length     Name                   Class
 0001:00000000 00003707H .text                   CODE
 0002:00000000 000000a4H .idata$5                DATA
 0002:000000a8 000005bbH .rdata                  DATA
 0003:00000000 00000cd0H .data                   DATA
 0003:00000cd0 00000010H .bss                    DATA
 0004:00000000 0000aea0H PAGE                    CODE
 0005:00000000 000000a9H INIT                    CODE
 0005:000000ac 0000003cH .idata$2                CODE
 0005:000000e8 00000014H .idata$3                CODE
 0005:000000fc 000000a4H .idata$4                CODE
 0005:000001a0 00000338H .idata$6                CODE
 0006:00000000 00000058H .rsrc$01                DATA
 0006:00000060 00000338H .rsrc$02                DATA

  Address         Publics by Value              Rva+Base     Lib:Object

 0001:00000000       ??3@YAXPAX@Z               000102e0 f i common.obj
 0001:00000010       ??2@YGPAXIW4_POOL_TYPE@@K@Z 000102f0 f i common.obj
 0001:00000050       ??0CAdapterCommon@@QAE@PAUIUnknown@@@Z 00010330 f i common.obj
 0001:000000a0       ?QueryInterface@CAdapterCommon@@UAGJABU_GUID@@PAPAX@Z 00010380 f i common.obj
 0001:000000d0       ?GetOuterUnknown@CUnknown@@QAEPAUIUnknown@@XZ 000103b0 f i common.obj
 0001:000000f0       ?AddRef@CAdapterCommon@@UAGKXZ 000103d0 f i common.obj
 0001:00000120       ?Release@CAdapterCommon@@UAGKXZ 00010400 f i common.obj
 0001:00000150       ??_GCAdapterCommon@@UAEPAXI@Z 00010430 f i common.obj
 0001:00000150       ??_ECAdapterCommon@@UAEPAXI@Z 00010430 f i common.obj
 0001:00000190       ??0INonDelegatingUnknown@@QAE@XZ 00010470 f i common.obj
 0001:00000190       ??0IUnknown@@QAE@XZ        00010470 f i common.obj
 0001:000001a0       _IsEqualGUIDAligned@8      00010480 f i common.obj
 0001:00000220       ?hda_check_headphone_connection_change@CAdapterCommon@@QAGXXZ 00010500 f   common.obj
 0001:000002d0       ?hda_is_supported_sample_rate@CAdapterCommon@@QAGEK@Z 000105b0 f   common.obj
 0001:00000416       ?hda_send_verb@CAdapterCommon@@QAGKKKKK@Z 000106f6 f   common.obj
 0001:00000762       ?ReadController@CAdapterCommon@@UAGEXZ 00010a42 f   common.obj
 0001:00000806       ?WriteController@CAdapterCommon@@UAGEE@Z 00010ae6 f   common.obj
 0001:0000090a       ?MixerRegWrite@CAdapterCommon@@UAGXEE@Z 00010bea f   common.obj
 0001:00000a56       ?MixerRegRead@CAdapterCommon@@UAGEE@Z 00010d36 f   common.obj
 0001:00000b2e       ?MixerReset@CAdapterCommon@@UAGXXZ 00010e0e f   common.obj
 0001:00000bf2       ?AcknowledgeIRQ@CAdapterCommon@@AAEEXZ 00010ed2 f   common.obj
 0001:00000da2       ?ResetController@CAdapterCommon@@UAGJXZ 00011082 f   common.obj
 0001:00000e46       ?RestoreMixerSettingsFromRegistry@CAdapterCommon@@UAGJXZ 00011126 f   common.obj
 0001:000010c2       ?SaveMixerSettingsToRegistry@CAdapterCommon@@UAGJXZ 000113a2 f   common.obj
 0001:000012fa       ?ProgramSampleRate@CAdapterCommon@@QAGJK@Z 000115da f   common.obj
 0001:00001592       ?PowerChangeState@CAdapterCommon@@UAGXT_POWER_STATE@@@Z 00011872 f   common.obj
 0001:00001726       ?QueryPowerChangeState@CAdapterCommon@@UAGJT_POWER_STATE@@@Z 00011a06 f   common.obj
 0001:000017aa       ?QueryDeviceCapabilities@CAdapterCommon@@UAGJPAU_DEVICE_CAPABILITIES@@@Z 00011a8a f   common.obj
 0001:0000185a       ?InterruptServiceRoutine@@YGJPAUIInterruptSync@@PAX@Z 00011b3a f   common.obj
 0001:000019d6       ?hda_stop_stream@CAdapterCommon@@UAGJXZ 00011cb6 f   common.obj
 0001:00001c50       ?hda_start_sound@CAdapterCommon@@UAGXXZ 00011f30 f   common.obj
 0001:00001cba       ?hda_stop_sound@CAdapterCommon@@UAGXXZ 00011f9a f   common.obj
 0001:00001d70       ?hda_get_actual_stream_position@CAdapterCommon@@UAGKXZ 00012050 f   common.obj
 0001:00001d90       ?hda_set_volume@CAdapterCommon@@QAGXK@Z 00012070 f   common.obj
 0001:00001e10       ?readUCHAR@CAdapterCommon@@QAGEG@Z 000120f0 f   common.obj
 0001:00001e30       ?writeUCHAR@CAdapterCommon@@QAGXGE@Z 00012110 f   common.obj
 0001:00001e60       ?readUSHORT@CAdapterCommon@@QAGGG@Z 00012140 f   common.obj
 0001:00001e80       ?writeUSHORT@CAdapterCommon@@QAGXGG@Z 00012160 f   common.obj
 0001:00001eb0       ?readULONG@CAdapterCommon@@QAGKG@Z 00012190 f   common.obj
 0001:00001ed0       ?writeULONG@CAdapterCommon@@QAGXGK@Z 000121b0 f   common.obj
 0001:0000210e       ?hda_showtime@CAdapterCommon@@UAGJPAUIDmaChannel@@@Z 000123ee f   common.obj
 0001:00002710       ?hda_return_sound_data_format@CAdapterCommon@@QAGGKKK@Z 000129f0 f   common.obj
 0001:00002880       ?QueryInterface@CAdapterCommon@@W3AGJABU_GUID@@PAPAX@Z 00012b60 f i common.obj
 0001:00002890       ?AddRef@CAdapterCommon@@W3AGKXZ 00012b70 f i common.obj
 0001:000028a0       ?Release@CAdapterCommon@@W3AGKXZ 00012b80 f i common.obj
 0001:000028b0       ??0CMiniportTopologyHDA@@QAE@PAUIUnknown@@@Z 00012b90 f i mintopo.obj
 0001:000028f0       ?AddRef@CMiniportWaveCyclicHDA@@UAGKXZ 00012bd0 f i mintopo.obj
 0001:000028f0       ?AddRef@CMiniportTopologyHDA@@UAGKXZ 00012bd0 f i mintopo.obj
 0001:000028f0       ?AddRef@CMiniportWaveCyclicStreamHDA@@UAGKXZ 00012bd0 f i mintopo.obj
 0001:00002920       ?Release@CMiniportWaveCyclicStreamHDA@@UAGKXZ 00012c00 f i mintopo.obj
 0001:00002920       ?Release@CMiniportTopologyHDA@@UAGKXZ 00012c00 f i mintopo.obj
 0001:00002920       ?Release@CMiniportWaveCyclicHDA@@UAGKXZ 00012c00 f i mintopo.obj
 0001:00002950       ?DataRangeIntersection@CMiniportTopologyHDA@@UAGJKPATKSDATAFORMAT@@0KPAXPAK@Z 00012c30 f i mintopo.obj
 0001:00002960       ??_GCMiniportTopologyHDA@@UAEPAXI@Z 00012c40 f i mintopo.obj
 0001:00002960       ??_ECMiniportTopologyHDA@@UAEPAXI@Z 00012c40 f i mintopo.obj
 0001:00003020       ?ReadBitsFromMixer@CMiniportTopologyHDA@@AAEEEEE@Z 00013300 f   mintopo.obj
 0001:00003070       ?ThisManyOnes@@YGEE@Z      00013350 f i mintopo.obj
 0001:00003090       ?WriteBitsToMixer@CMiniportTopologyHDA@@AAEXEEEE@Z 00013370 f   mintopo.obj
 0001:00003130       ??0CMiniportWaveCyclicHDA@@QAE@PAUIUnknown@@@Z 00013410 f i minwave.obj
 0001:00003170       ?QueryInterface@CMiniportTopologyHDA@@UAGJABU_GUID@@PAPAX@Z 00013450 f i minwave.obj
 0001:00003170       ?QueryInterface@CMiniportWaveCyclicStreamHDA@@UAGJABU_GUID@@PAPAX@Z 00013450 f i minwave.obj
 0001:00003170       ?QueryInterface@CMiniportWaveCyclicHDA@@UAGJABU_GUID@@PAPAX@Z 00013450 f i minwave.obj
 0001:000031a0       ??_ECMiniportWaveCyclicHDA@@UAEPAXI@Z 00013480 f i minwave.obj
 0001:000031a0       ??_GCMiniportWaveCyclicHDA@@UAEPAXI@Z 00013480 f i minwave.obj
 0001:000031e0       ??0IMiniportWaveCyclic@@QAE@XZ 000134c0 f i minwave.obj
 0001:000031e0       ??0IMiniportTopology@@QAE@XZ 000134c0 f i minwave.obj
 0001:00003200       ??2@YGPAXIW4_POOL_TYPE@@@Z 000134e0 f i minwave.obj
 0001:00003250       ??0CMiniportWaveCyclicStreamHDA@@QAE@PAUIUnknown@@@Z 00013530 f i minwave.obj
 0001:00003290       ??_GCMiniportWaveCyclicStreamHDA@@UAEPAXI@Z 00013570 f i minwave.obj
 0001:00003290       ??_ECMiniportWaveCyclicStreamHDA@@UAEPAXI@Z 00013570 f i minwave.obj
 0001:000032d0       ??0IAdapterCommon@@QAE@XZ  000135b0 f i minwave.obj
 0001:000032d0       ??0IMiniport@@QAE@XZ       000135b0 f i minwave.obj
 0001:000032d0       ??0IAdapterPowerManagement@@QAE@XZ 000135b0 f i minwave.obj
 0001:000032d0       ??0IMiniportWaveCyclicStream@@QAE@XZ 000135b0 f i minwave.obj
 0001:00003309       ?GetPosition@CMiniportWaveCyclicStreamHDA@@UAGJPAK@Z 000135e9 f   minwave.obj
 0001:000033fe       ?NormalizePhysicalPosition@CMiniportWaveCyclicStreamHDA@@UAGJPA_J@Z 000136de f   minwave.obj
 0001:000034a0       ?Silence@CMiniportWaveCyclicStreamHDA@@UAGXPAXK@Z 00013780 f   minwave.obj
 0001:000034de       _DbgPrint                  000137be f   ntoskrnl:ntoskrnl.exe
 0001:000034e4       _DbgBreakPoint@0           000137c4 f   ntoskrnl:ntoskrnl.exe
 0001:000034ea       __alldiv                   000137ca f   ntoskrnl:ntoskrnl.exe
 0001:000034f0       __allmul                   000137d0 f   ntoskrnl:ntoskrnl.exe
 0001:000034f6       _PcInitializeAdapterDriver@12 000137d6 f   portcls:portcls.sys
 0001:000034fc       _PcAddAdapterDevice@20     000137dc f   portcls:portcls.sys
 0001:00003502       _PcRegisterSubdevice@12    000137e2 f   portcls:portcls.sys
 0001:00003508       _PcNewMiniport@8           000137e8 f   portcls:portcls.sys
 0001:0000350e       _PcNewPort@8               000137ee f   portcls:portcls.sys
 0001:00003514       _PcRegisterPhysicalConnection@20 000137f4 f   portcls:portcls.sys
 0001:0000351a       _PcRegisterAdapterPowerManagement@8 000137fa f   portcls:portcls.sys
 0001:00003520       _PcNewResourceSublist@20   00013800 f   portcls:portcls.sys
 0001:00003526       _PcNewInterruptSync@20     00013806 f   portcls:portcls.sys
 0001:0000352c       _PcNewRegistryKey@36       0001380c f   portcls:portcls.sys
 0001:00003532       _PcNewServiceGroup@8       00013812 f   portcls:portcls.sys
 0001:00003540       ??0CUnknown@@QAE@PAUIUnknown@@@Z 00013820 f   stdunk:stdunk.obj
 0001:00003590       ??_GCUnknown@@UAEPAXI@Z    00013870 f i stdunk:stdunk.obj
 0001:00003590       ??_ECUnknown@@UAEPAXI@Z    00013870 f i stdunk:stdunk.obj
 0001:000035c0       ??1CUnknown@@UAE@XZ        000138a0 f   stdunk:stdunk.obj
 0001:000035e0       ?NonDelegatingAddRef@CUnknown@@UAGKXZ 000138c0 f   stdunk:stdunk.obj
 0001:00003620       ?NonDelegatingRelease@CUnknown@@UAGKXZ 00013900 f   stdunk:stdunk.obj
 0001:000036a0       ?NonDelegatingQueryInterface@CUnknown@@UAGJABU_GUID@@PAPAX@Z 00013980 f   stdunk:stdunk.obj
 0002:00000000       __imp_@KfAcquireSpinLock@4 00013a00     hal:HAL.dll
 0002:00000004       __imp_@KfReleaseSpinLock@8 00013a04     hal:HAL.dll
 0002:00000008       __imp__KeGetCurrentIrql@0  00013a08     hal:HAL.dll
 0002:0000000c       __imp__KeStallExecutionProcessor@4 00013a0c     hal:HAL.dll
 0002:00000010       \177HAL_NULL_THUNK_DATA    00013a10     hal:HAL.dll
 0002:00000014       __imp__MmMapIoSpace@16     00013a14     ntoskrnl:ntoskrnl.exe
 0002:00000018       __imp__IoGetDmaAdapter@12  00013a18     ntoskrnl:ntoskrnl.exe
 0002:0000001c       __imp__ExAllocatePoolWithTag@12 00013a1c     ntoskrnl:ntoskrnl.exe
 0002:00000020       __imp__KeInitializeSpinLock@4 00013a20     ntoskrnl:ntoskrnl.exe
 0002:00000024       __imp__READ_REGISTER_ULONG@4 00013a24     ntoskrnl:ntoskrnl.exe
 0002:00000028       __imp__WRITE_REGISTER_ULONG@8 00013a28     ntoskrnl:ntoskrnl.exe
 0002:0000002c       __imp__RtlInitUnicodeString@8 00013a2c     ntoskrnl:ntoskrnl.exe
 0002:00000030       __imp__MmUnmapIoSpace@8    00013a30     ntoskrnl:ntoskrnl.exe
 0002:00000034       __imp__DbgPrint            00013a34     ntoskrnl:ntoskrnl.exe
 0002:00000038       __imp__READ_REGISTER_USHORT@4 00013a38     ntoskrnl:ntoskrnl.exe
 0002:0000003c       __imp__WRITE_REGISTER_USHORT@8 00013a3c     ntoskrnl:ntoskrnl.exe
 0002:00000040       __imp__KeInitializeMutex@8 00013a40     ntoskrnl:ntoskrnl.exe
 0002:00000044       __imp__KeReleaseMutex@8    00013a44     ntoskrnl:ntoskrnl.exe
 0002:00000048       __imp__KeWaitForSingleObject@20 00013a48     ntoskrnl:ntoskrnl.exe
 0002:0000004c       __imp___alldiv             00013a4c     ntoskrnl:ntoskrnl.exe
 0002:00000050       __imp__RtlAssert@16        00013a50     ntoskrnl:ntoskrnl.exe
 0002:00000054       __imp__ExFreePool@4        00013a54     ntoskrnl:ntoskrnl.exe
 0002:00000058       __imp__DbgBreakPoint@0     00013a58     ntoskrnl:ntoskrnl.exe
 0002:0000005c       __imp__READ_REGISTER_UCHAR@4 00013a5c     ntoskrnl:ntoskrnl.exe
 0002:00000060       __imp__WRITE_REGISTER_UCHAR@8 00013a60     ntoskrnl:ntoskrnl.exe
 0002:00000064       __imp___allmul             00013a64     ntoskrnl:ntoskrnl.exe
 0002:00000068       __imp_@InterlockedDecrement@4 00013a68     ntoskrnl:ntoskrnl.exe
 0002:0000006c       __imp_@InterlockedIncrement@4 00013a6c     ntoskrnl:ntoskrnl.exe
 0002:00000070       \177ntoskrnl_NULL_THUNK_DATA 00013a70     ntoskrnl:ntoskrnl.exe
 0002:00000074       __imp__PcInitializeAdapterDriver@12 00013a74     portcls:portcls.sys
 0002:00000078       __imp__PcNewMiniport@8     00013a78     portcls:portcls.sys
 0002:0000007c       __imp__PcNewPort@8         00013a7c     portcls:portcls.sys
 0002:00000080       __imp__PcRegisterPhysicalConnection@20 00013a80     portcls:portcls.sys
 0002:00000084       __imp__PcAddAdapterDevice@20 00013a84     portcls:portcls.sys
 0002:00000088       __imp__PcRegisterSubdevice@12 00013a88     portcls:portcls.sys
 0002:0000008c       __imp__PcNewInterruptSync@20 00013a8c     portcls:portcls.sys
 0002:00000090       __imp__PcNewRegistryKey@36 00013a90     portcls:portcls.sys
 0002:00000094       __imp__PcNewServiceGroup@8 00013a94     portcls:portcls.sys
 0002:00000098       __imp__PcRegisterAdapterPowerManagement@8 00013a98     portcls:portcls.sys
 0002:0000009c       __imp__PcNewResourceSublist@20 00013a9c     portcls:portcls.sys
 0002:000000a0       \177portcls_NULL_THUNK_DATA 00013aa0     portcls:portcls.sys
 0002:00000120       _IID_IAdapterCommon        00013b20     adapter.obj
 0002:00000130       _CLSID_MiniportDriverFmSynth 00013b30     adapter.obj
 0002:00000140       _CLSID_PortWaveCyclic      00013b40     adapter.obj
 0002:00000150       _CLSID_PortTopology        00013b50     adapter.obj
 0002:00000160       _CLSID_PortMidi            00013b60     adapter.obj
 0002:00000170       _IID_IAdapterPowerManagment 00013b70     adapter.obj
 0002:00000180       _IID_IMiniportWaveCyclicStream 00013b80     adapter.obj
 0002:00000190       _IID_IMiniportWaveCyclic   00013b90     adapter.obj
 0002:000001a0       _IID_IPortWaveCyclic       00013ba0     adapter.obj
 0002:000001b0       _IID_IMiniportTopology     00013bb0     adapter.obj
 0002:000001c0       _IID_IMiniport             00013bc0     adapter.obj
 0002:000001d0       _IID_IUnknown              00013bd0     adapter.obj
 0002:000001e0       ??_C@_1BE@ENEK@?$AAR?$AAi?$AAg?$AAh?$AAt?$AAB?$AAa?$AAs?$AAs?$AA?$AA@ 00013be0     common.obj
 0002:000001f4       ??_C@_1BC@JMJO@?$AAL?$AAe?$AAf?$AAt?$AAB?$AAa?$AAs?$AAs?$AA?$AA@ 00013bf4     common.obj
 0002:00000208       ??_C@_1BI@KGAJ@?$AAR?$AAi?$AAg?$AAh?$AAt?$AAT?$AAr?$AAe?$AAb?$AAl?$AAe?$AA?$AA@ 00013c08     common.obj
 0002:00000220       ??_C@_1BG@BGGD@?$AAL?$AAe?$AAf?$AAt?$AAT?$AAr?$AAe?$AAb?$AAl?$AAe?$AA?$AA@ 00013c20     common.obj
 0002:00000238       ??_C@_1O@IECC@?$AAM?$AAi?$AAc?$AAA?$AAG?$AAC?$AA?$AA@ 00013c38     common.obj
 0002:00000248       ??_C@_1CA@EJHI@?$AAR?$AAi?$AAg?$AAh?$AAt?$AAO?$AAu?$AAt?$AAp?$AAu?$AAt?$AAG?$AAa?$AAi?$AAn?$AA?$AA@ 00013c48     common.obj
 0002:00000268       ??_C@_1BO@PPLI@?$AAL?$AAe?$AAf?$AAt?$AAO?$AAu?$AAt?$AAp?$AAu?$AAt?$AAG?$AAa?$AAi?$AAn?$AA?$AA@ 00013c68     common.obj
 0002:00000288       ??_C@_1BO@PMCJ@?$AAR?$AAi?$AAg?$AAh?$AAt?$AAI?$AAn?$AAp?$AAu?$AAt?$AAG?$AAa?$AAi?$AAn?$AA?$AA@ 00013c88     common.obj
 0002:000002a8       ??_C@_1BM@CFEM@?$AAL?$AAe?$AAf?$AAt?$AAI?$AAn?$AAp?$AAu?$AAt?$AAG?$AAa?$AAi?$AAn?$AA?$AA@ 00013ca8     common.obj
 0002:000002c4       ??_C@_1CA@CIKM@?$AAR?$AAi?$AAg?$AAh?$AAt?$AAI?$AAn?$AAp?$AAu?$AAt?$AAM?$AAi?$AAx?$AAe?$AAr?$AA?$AA@ 00013cc4     common.obj
 0002:000002e4       ??_C@_1BO@JOGM@?$AAL?$AAe?$AAf?$AAt?$AAI?$AAn?$AAp?$AAu?$AAt?$AAM?$AAi?$AAx?$AAe?$AAr?$AA?$AA@ 00013ce4     common.obj
 0002:00000304       ??_C@_1BI@BMOJ@?$AAO?$AAu?$AAt?$AAp?$AAu?$AAt?$AAM?$AAi?$AAx?$AAe?$AAr?$AA?$AA@ 00013d04     common.obj
 0002:0000031c       ??_C@_1BE@GLOL@?$AAP?$AAc?$AAS?$AAp?$AAk?$AAr?$AAV?$AAo?$AAl?$AA?$AA@ 00013d1c     common.obj
 0002:00000330       ??_C@_1O@MNBB@?$AAM?$AAi?$AAc?$AAV?$AAo?$AAl?$AA?$AA@ 00013d30     common.obj
 0002:00000340       ??_C@_1BO@HCKE@?$AAR?$AAi?$AAg?$AAh?$AAt?$AAL?$AAi?$AAn?$AAe?$AAI?$AAn?$AAV?$AAo?$AAl?$AA?$AA@ 00013d40     common.obj
 0002:00000360       ??_C@_1BM@KLMB@?$AAL?$AAe?$AAf?$AAt?$AAL?$AAi?$AAn?$AAe?$AAI?$AAn?$AAV?$AAo?$AAl?$AA?$AA@ 00013d60     common.obj
 0002:0000037c       ??_C@_1BG@COJL@?$AAR?$AAi?$AAg?$AAh?$AAt?$AAC?$AAD?$AAV?$AAo?$AAl?$AA?$AA@ 00013d7c     common.obj
 0002:00000394       ??_C@_1BE@KMKA@?$AAL?$AAe?$AAf?$AAt?$AAC?$AAD?$AAV?$AAo?$AAl?$AA?$AA@ 00013d94     common.obj
 0002:000003a8       ??_C@_1BK@JCIM@?$AAR?$AAi?$AAg?$AAh?$AAt?$AAM?$AAi?$AAd?$AAi?$AAV?$AAo?$AAl?$AA?$AA@ 00013da8     common.obj
 0002:000003c4       ??_C@_1BI@KBIJ@?$AAL?$AAe?$AAf?$AAt?$AAM?$AAi?$AAd?$AAi?$AAV?$AAo?$AAl?$AA?$AA@ 00013dc4     common.obj
 0002:000003dc       ??_C@_1BK@MFCG@?$AAR?$AAi?$AAg?$AAh?$AAt?$AAW?$AAa?$AAv?$AAe?$AAV?$AAo?$AAl?$AA?$AA@ 00013ddc     common.obj
 0002:000003f8       ??_C@_1BI@PGCD@?$AAL?$AAe?$AAf?$AAt?$AAW?$AAa?$AAv?$AAe?$AAV?$AAo?$AAl?$AA?$AA@ 00013df8     common.obj
 0002:00000410       ??_C@_1BO@NHA@?$AAR?$AAi?$AAg?$AAh?$AAt?$AAM?$AAa?$AAs?$AAt?$AAe?$AAr?$AAV?$AAo?$AAl?$AA?$AA@ 00013e10     common.obj
 0002:00000430       ??_C@_1BM@NEBF@?$AAL?$AAe?$AAf?$AAt?$AAM?$AAa?$AAs?$AAt?$AAe?$AAr?$AAV?$AAo?$AAl?$AA?$AA@ 00013e30     common.obj
 0002:0000044c       ??_7CAdapterCommon@@6BCUnknown@@@ 00013e4c     common.obj
 0002:0000045c       ??_7CAdapterCommon@@6BIAdapterPowerManagement@@@ 00013e5c     common.obj
 0002:00000474       ??_7CAdapterCommon@@6BIAdapterCommon@@@ 00013e74     common.obj
 0002:00000590       ??_7CMiniportTopologyHDA@@6BCUnknown@@@ 00013f90     mintopo.obj
 0002:000005a0       ??_7CMiniportTopologyHDA@@6BIMiniportTopology@@@ 00013fa0     mintopo.obj
 0002:000005b8       ??_7CMiniportWaveCyclicHDA@@6BCUnknown@@@ 00013fb8     minwave.obj
 0002:000005c8       ??_7CMiniportWaveCyclicHDA@@6BIMiniportWaveCyclic@@@ 00013fc8     minwave.obj
 0002:000005e4       ??_7CMiniportWaveCyclicStreamHDA@@6BCUnknown@@@ 00013fe4     minwave.obj
 0002:000005f4       ??_7CMiniportWaveCyclicStreamHDA@@6BIMiniportWaveCyclicStream@@@ 00013ff4     minwave.obj
 0002:00000618       ??_7CUnknown@@6B@          00014018     stdunk:stdunk.obj
 0002:00000628       ??_C@_0BB@CHNF@m_lRefCount?5?$DO?$DN?50?$AA@ 00014028     stdunk:stdunk.obj
 0002:0000063c       ??_C@_0N@DIKJ@?4?2stdunk?4cpp?$AA@ 0001403c     stdunk:stdunk.obj
 0002:0000064c       ??_C@_0BA@HPDB@m_lRefCount?5?$DO?50?$AA@ 0001404c     stdunk:stdunk.obj
 0002:0000065c       ??_C@_06DPDC@ppVoid?$AA@   0001405c     stdunk:stdunk.obj
 0003:00000000       ?ulDebugOut@@3KA           00014080     adapter.obj
 0003:00000008       __GUID_b7902fe9_fb0a_11d1_81b0_0060083316c1 00014088     adapter.obj
 0003:00000018       __GUID_d3f0ce1c_fffc_11d1_81b0_0060083316c1 00014098     adapter.obj
 0003:00000028       __GUID_c096df9c_fb09_11d1_81b0_0060083316c1 000140a8     adapter.obj
 0003:000000f8       ?audBufSize@@3KA           00014178     common.obj
 0003:000000fc       ?BdlSize@@3KA              0001417c     common.obj
 0003:000007f8       __GUID_185fedf6_9905_11d1_95a9_00c04fb925d3 00014878     mintopo.obj
 0003:00000808       __GUID_185fedef_9905_11d1_95a9_00c04fb925d3 00014888     mintopo.obj
 0003:00000818       __GUID_185fede1_9905_11d1_95a9_00c04fb925d3 00014898     mintopo.obj
 0003:00000828       __GUID_185fede0_9905_11d1_95a9_00c04fb925d3 000148a8     mintopo.obj
 0003:00000838       __GUID_7607e580_c557_11d0_8a2b_00a0c9255ac1 000148b8     mintopo.obj
 0003:00000848       __GUID_185fede3_9905_11d1_95a9_00c04fb925d3 000148c8     mintopo.obj
 0003:00000858       __GUID_da441a60_c556_11d0_8a2b_00a0c9255ac1 000148d8     mintopo.obj
 0003:00000868       __GUID_185fedee_9905_11d1_95a9_00c04fb925d3 000148e8     mintopo.obj
 0003:00000878       __GUID_02b223c0_c557_11d0_8a2b_00a0c9255ac1 000148f8     mintopo.obj
 0003:00000888       __GUID_185feded_9905_11d1_95a9_00c04fb925d3 00014908     mintopo.obj
 0003:00000898       __GUID_e88c9ba0_c557_11d0_8a2b_00a0c9255ac1 00014918     mintopo.obj
 0003:000008a8       __GUID_185fedec_9905_11d1_95a9_00c04fb925d3 00014928     mintopo.obj
 0003:000008b8       __GUID_185fedeb_9905_11d1_95a9_00c04fb925d3 00014938     mintopo.obj
 0003:000008c8       __GUID_185fedea_9905_11d1_95a9_00c04fb925d3 00014948     mintopo.obj
 0003:000008d8       __GUID_185fede9_9905_11d1_95a9_00c04fb925d3 00014958     mintopo.obj
 0003:000008e8       __GUID_185fede8_9905_11d1_95a9_00c04fb925d3 00014968     mintopo.obj
 0003:000008f8       __GUID_e573adc0_c555_11d0_8a2b_00a0c9255ac1 00014978     mintopo.obj
 0003:00000908       __GUID_185fede7_9905_11d1_95a9_00c04fb925d3 00014988     mintopo.obj
 0003:00000918       __GUID_185fede5_9905_11d1_95a9_00c04fb925d3 00014998     mintopo.obj
 0003:00000928       __GUID_3a5acc00_c557_11d0_8a2b_00a0c9255ac1 000149a8     mintopo.obj
 0003:00000938       __GUID_45ffaaa0_6e1b_11d0_bcf2_444553540000 000149b8     mintopo.obj
 0003:00000948       __GUID_6994ad04_93ef_11d0_a3cc_00a0c9223196 000149c8     mintopo.obj
 0003:00000958       __GUID_185fedf7_9905_11d1_95a9_00c04fb925d3 000149d8     mintopo.obj
 0003:00000968       __GUID_dff21ce1_f70f_11d0_b917_00a0c9223196 000149e8     mintopo.obj
 0003:00000978       __GUID_dff21be1_f70f_11d0_b917_00a0c9223196 000149f8     mintopo.obj
 0003:00000988       __GUID_185fedf9_9905_11d1_95a9_00c04fb925d3 00014a08     mintopo.obj
 0003:00000998       __GUID_dff21fe3_f70f_11d0_b917_00a0c9223196 00014a18     mintopo.obj
 0003:000009a8       __GUID_185fedfb_9905_11d1_95a9_00c04fb925d3 00014a28     mintopo.obj
 0003:000009b8       __GUID_dff220e3_f70f_11d0_b917_00a0c9223196 00014a38     mintopo.obj
 0003:000009c8       __GUID_185fedf8_9905_11d1_95a9_00c04fb925d3 00014a48     mintopo.obj
 0003:000009d8       __GUID_dff220f3_f70f_11d0_b917_00a0c9223196 00014a58     mintopo.obj
 0003:000009e8       __GUID_dff21fe4_f70f_11d0_b917_00a0c9223196 00014a68     mintopo.obj
 0003:000009f8       __GUID_97e99ba0_bdea_11cf_a5d6_28db04c10000 00014a78     mintopo.obj
 0003:00000c40       __GUID_507ae360_c554_11d0_8a2b_00a0c9255ac1 00014cc0     minwave.obj
 0003:00000c50       __GUID_4d837fe0_c555_11d0_8a2b_00a0c9255ac1 00014cd0     minwave.obj
 0003:00000c60       __GUID_185fedfa_9905_11d1_95a9_00c04fb925d3 00014ce0     minwave.obj
 0003:00000c70       __GUID_fb6c4281_0353_11d1_905f_0000c0cc16ba 00014cf0     minwave.obj
 0003:00000c80       __GUID_05589f81_c356_11ce_bf01_00aa0055595a 00014d00     minwave.obj
 0003:00000c90       __GUID_00000001_0000_0010_8000_00aa00389b71 00014d10     minwave.obj
 0003:00000ca0       __GUID_73647561_0000_0010_8000_00aa00389b71 00014d20     minwave.obj
 0003:00000cb0       __GUID_518590a2_a184_11d0_8522_00c04fd9baf3 00014d30     minwave.obj
 0003:00000cc0       __GUID_0f6417d6_c318_11d0_a43f_00a0c9223196 00014d40     minwave.obj
 0003:00000cd0       __GUID_00000000_0000_0000_0000_000000000000 00014d50     adapter.obj
 0004:0000003e       _AddDevice@8               00014d9e f   adapter.obj
 0004:0000026a       ?InstallSubdevice@@YGJPAU_DEVICE_OBJECT@@PAU_IRP@@PAGABU_GUID@@3P6GJPAPAUIUnknown@@3PAU4@W4_POOL_TYPE@@@Z5PAUIResourceList@@344@Z 00014fca f   adapter.obj
 0004:0000066e       ?StartDevice@@YGJPAU_DEVICE_OBJECT@@PAU_IRP@@PAUIResourceList@@@Z 000153ce f   adapter.obj
 0004:00000e6e       ?AssignResources@@YGJPAUIResourceList@@PAPAU1@11111@Z 00015bce f   adapter.obj
 0004:000014d8       ?NewAdapterCommon@@YGJPAPAUIUnknown@@ABU_GUID@@PAU1@W4_POOL_TYPE@@@Z 00016238 f   common.obj
 0004:00001d35       ?Init@CAdapterCommon@@UAGJPAUIResourceList@@PAU_DEVICE_OBJECT@@@Z 00016a95 f   common.obj
 0004:00002c7a       ??1CAdapterCommon@@UAE@XZ  000179da f   common.obj
 0004:000030f7       ?NonDelegatingQueryInterface@CAdapterCommon@@UAGJABU_GUID@@PAPAX@Z 00017e57 f   common.obj
 0004:0000324e       ?WavePortDriverDest@CAdapterCommon@@UAGPAPAUIUnknown@@XZ 00017fae f   common.obj
 0004:000032ee       ?GetInterruptSync@CAdapterCommon@@UAGPAUIInterruptSync@@XZ 0001804e f   common.obj
 0004:0000338e       ?MidiPortDriverDest@CAdapterCommon@@UAGPAPAUIUnknown@@XZ 000180ee f   common.obj
 0004:0000342e       ?SetWaveServiceGroup@CAdapterCommon@@UAGXPAUIServiceGroup@@@Z 0001818e f   common.obj
 0004:0000397e       ?InitHDA@CAdapterCommon@@QAGJXZ 000186de f   common.obj
 0004:00004566       ?InitializeCodec@CAdapterCommon@@QAGJE@Z 000192c6 f   common.obj
 0004:00004b7b       ?hda_initialize_audio_function_group@CAdapterCommon@@QAGXKK@Z 000198db f   common.obj
 0004:000054fe       ?hda_get_node_type@CAdapterCommon@@QAGEKK@Z 0001a25e f   common.obj
 0004:000055ae       ?hda_get_node_connection_entries@CAdapterCommon@@QAGKKKK@Z 0001a30e f   common.obj
 0004:000056fe       ?hda_set_node_gain@CAdapterCommon@@QAGXKKKKK@Z 0001a45e f   common.obj
 0004:000057e0       ?hda_enable_pin_output@CAdapterCommon@@QAGXKK@Z 0001a540 f   common.obj
 0004:00005820       ?hda_disable_pin_output@CAdapterCommon@@QAGXKK@Z 0001a580 f   common.obj
 0004:00005860       ?hda_is_headphone_connected@CAdapterCommon@@QAGHXZ 0001a5c0 f   common.obj
 0004:0000595e       ?hda_initialize_output_pin@CAdapterCommon@@QAGXK@Z 0001a6be f   common.obj
 0004:00005d52       ?hda_initalize_audio_output@CAdapterCommon@@QAGXK@Z 0001aab2 f   common.obj
 0004:0000614a       ?hda_initalize_audio_mixer@CAdapterCommon@@QAGXK@Z 0001aeaa f   common.obj
 0004:00006462       ?hda_initalize_audio_selector@CAdapterCommon@@QAGXK@Z 0001b1c2 f   common.obj
 0004:00006738       ?CreateMiniportTopologyHDA@@YGJPAPAUIUnknown@@ABU_GUID@@PAU1@W4_POOL_TYPE@@@Z 0001b498 f   mintopo.obj
 0004:000068aa       ?ProcessResources@CMiniportTopologyHDA@@AAEJPAUIResourceList@@@Z 0001b60a f   mintopo.obj
 0004:00006a3a       ?NonDelegatingQueryInterface@CMiniportTopologyHDA@@UAGJABU_GUID@@PAPAX@Z 0001b79a f   mintopo.obj
 0004:00006bee       ??1CMiniportTopologyHDA@@UAE@XZ 0001b94e f   mintopo.obj
 0004:00006dc6       ?Init@CMiniportTopologyHDA@@UAGJPAUIUnknown@@PAUIResourceList@@PAUIPortTopology@@@Z 0001bb26 f   mintopo.obj
 0004:00006fda       ?GetDescription@CMiniportTopologyHDA@@UAGJPAPAUPCFILTER_DESCRIPTOR@@@Z 0001bd3a f   mintopo.obj
 0004:000087b8       ?CreateMiniportWaveCyclicHDA@@YGJPAPAUIUnknown@@ABU_GUID@@PAU1@W4_POOL_TYPE@@@Z 0001d518 f   minwave.obj
 0004:00008a86       ?ProcessResources@CMiniportWaveCyclicHDA@@AAEJPAUIResourceList@@@Z 0001d7e6 f   minwave.obj
 0004:00008ef2       ?ValidateFormat@CMiniportWaveCyclicHDA@@AAEJPATKSDATAFORMAT@@@Z 0001dc52 f   minwave.obj
 0004:000090fe       ?NonDelegatingQueryInterface@CMiniportWaveCyclicHDA@@UAGJABU_GUID@@PAPAX@Z 0001de5e f   minwave.obj
 0004:000092b2       ??1CMiniportWaveCyclicHDA@@UAE@XZ 0001e012 f   minwave.obj
 0004:000094b6       ?Init@CMiniportWaveCyclicHDA@@UAGJPAUIUnknown@@PAUIResourceList@@PAUIPortWaveCyclic@@@Z 0001e216 f   minwave.obj
 0004:0000974e       ?GetDescription@CMiniportWaveCyclicHDA@@UAGJPAPAUPCFILTER_DESCRIPTOR@@@Z 0001e4ae f   minwave.obj
 0004:0000993a       ?DataRangeIntersection@CMiniportWaveCyclicHDA@@UAGJKPATKSDATAFORMAT@@0KPAXPAK@Z 0001e69a f   minwave.obj
 0004:00009f3a       ?NewStream@CMiniportWaveCyclicHDA@@UAGJPAPAUIMiniportWaveCyclicStream@@PAUIUnknown@@W4_POOL_TYPE@@KEPATKSDATAFORMAT@@PAPAUIDmaChannel@@PAPAUIServiceGroup@@@Z 0001ec9a f   minwave.obj
 0004:0000a2d2       ?NonDelegatingQueryInterface@CMiniportWaveCyclicStreamHDA@@UAGJABU_GUID@@PAPAX@Z 0001f032 f   minwave.obj
 0004:0000a47e       ??1CMiniportWaveCyclicStreamHDA@@UAE@XZ 0001f1de f   minwave.obj
 0004:0000a6f0       ?Init@CMiniportWaveCyclicStreamHDA@@QAEJPAVCMiniportWaveCyclicHDA@@KEPATKSDATAFORMAT@@PAUIDmaChannel@@@Z 0001f450 f   minwave.obj
 0004:0000a962       ?SetNotificationFreq@CMiniportWaveCyclicStreamHDA@@UAGKKPAK@Z 0001f6c2 f   minwave.obj
 0004:0000aaf6       ?SetFormat@CMiniportWaveCyclicStreamHDA@@UAGJPATKSDATAFORMAT@@@Z 0001f856 f   minwave.obj
 0004:0000ad8e       ?SetState@CMiniportWaveCyclicStreamHDA@@UAGJW4KSSTATE@@@Z 0001faee f   minwave.obj
 0005:0000003e       _DriverEntry@8             0001fc3e f   adapter.obj
 0005:000000ac       __IMPORT_DESCRIPTOR_ntoskrnl 0001fcac     ntoskrnl:ntoskrnl.exe
 0005:000000c0       __IMPORT_DESCRIPTOR_HAL    0001fcc0     hal:HAL.dll
 0005:000000d4       __IMPORT_DESCRIPTOR_portcls 0001fcd4     portcls:portcls.sys
 0005:000000e8       __NULL_IMPORT_DESCRIPTOR   0001fce8     ntoskrnl:ntoskrnl.exe

 entry point at        0005:0000003e

 Static symbols

 0004:0000712e       ?PropertyHandler_OnOff@@YGJPAU_PCPROPERTY_REQUEST@@@Z 0001be8e f   mintopo.obj
 0004:00007546       ?PropertyHandler_SuperMixCaps@@YGJPAU_PCPROPERTY_REQUEST@@@Z 0001c2a6 f   mintopo.obj
 0004:00007b56       ?PropertyHandler_SuperMixTable@@YGJPAU_PCPROPERTY_REQUEST@@@Z 0001c8b6 f   mintopo.obj
 0004:00008286       ?PropertyHandler_CpuResources@@YGJPAU_PCPROPERTY_REQUEST@@@Z 0001cfe6 f   mintopo.obj
 0001:000029fe       ?PropertyHandler_Level@@YGJPAU_PCPROPERTY_REQUEST@@@Z 00012cde f   mintopo.obj
 0004:000084e6       ?BasicSupportHandler@@YGJPAU_PCPROPERTY_REQUEST@@@Z 0001d246 f   mintopo.obj

 332 bytes saved through ICF

