 HDA

 Timestamp is 6a20b28a (Wed Jun 03 16:02:34 2026)

 Preferred load address is 00010000

 Start         Length     Name                   Class
 0001:00000000 000072dcH .text                   CODE
 0002:00000000 000000c0H .idata$5                DATA
 0002:000000c0 000006c0H .rdata                  DATA
 0003:00000000 00000d18H .data                   DATA
 0003:00000d18 0000001eH .bss                    DATA
 0004:00000000 0000a960H PAGE                    CODE
 0005:00000000 000000a9H INIT                    CODE
 0005:000000ac 0000003cH .idata$2                CODE
 0005:000000e8 00000014H .idata$3                CODE
 0005:000000fc 000000c0H .idata$4                CODE
 0005:000001bc 000003e0H .idata$6                CODE
 0006:00000000 00000058H .rsrc$01                DATA
 0006:00000060 000003d0H .rsrc$02                DATA

  Address         Publics by Value              Rva+Base     Lib:Object

 0001:00000000       ??3@YAXPAX@Z               000102e0 f i common.obj
 0001:00000010       ??2@YGPAXIW4_POOL_TYPE@@K@Z 000102f0 f i common.obj
 0001:00000050       ??0CAdapterCommon@@QAE@PAUIUnknown@@@Z 00010330 f i common.obj
 0001:000000a0       ?QueryInterface@CAdapterCommon@@UAGJABU_GUID@@PAPAX@Z 00010380 f i common.obj
 0001:000000d0       ?GetOuterUnknown@CUnknown@@QAEPAUIUnknown@@XZ 000103b0 f i common.obj
 0001:000000f0       ?AddRef@CAdapterCommon@@UAGKXZ 000103d0 f i common.obj
 0001:00000120       ?Release@CAdapterCommon@@UAGKXZ 00010400 f i common.obj
 0001:00000150       ??_GCAdapterCommon@@UAEPAXI@Z 00010430 f i common.obj
 0001:00000150       ??_ECAdapterCommon@@UAEPAXI@Z 00010430 f i common.obj
 0001:00000190       ??0IUnknown@@QAE@XZ        00010470 f i common.obj
 0001:00000390       _IsEqualGUIDAligned@8      00010670 f i common.obj
 0001:00000410       ??2@YGPAXIW4_POOL_TYPE@@@Z 000106f0 f i common.obj
 0001:00000460       ?hda_is_supported_sample_rate@CAdapterCommon@@UAGEK@Z 00010740 f   common.obj
 0001:000005a6       ?hda_send_verb@CAdapterCommon@@UAGKKKKK@Z 00010886 f   common.obj
 0001:00000962       ?ReadController@CAdapterCommon@@UAGEXZ 00010c42 f   common.obj
 0001:00000a06       ?WriteController@CAdapterCommon@@UAGEE@Z 00010ce6 f   common.obj
 0001:00000b12       ?MixerRegWrite@CAdapterCommon@@UAGXEE@Z 00010df2 f   common.obj
 0001:00000cda       ?MixerRegRead@CAdapterCommon@@UAGEE@Z 00010fba f   common.obj
 0001:00000dbe       ?MixerReset@CAdapterCommon@@UAGXXZ 0001109e f   common.obj
 0001:00000e5e       ?AcknowledgeIRQ@CAdapterCommon@@AAE?AW4_HDA_INTERRUPT_TYPE@@XZ 0001113e f   common.obj
 0001:00001102       ?ResetController@CAdapterCommon@@UAGJXZ 000113e2 f   common.obj
 0001:000011b6       ?RestoreMixerSettingsFromRegistry@CAdapterCommon@@UAGJXZ 00011496 f   common.obj
 0001:00001462       ?SaveMixerSettingsToRegistry@CAdapterCommon@@UAGJXZ 00011742 f   common.obj
 0001:000016ce       ?ProgramSampleRate@CAdapterCommon@@UAGJK@Z 000119ae f   common.obj
 0001:000018ca       ?PowerChangeState@CAdapterCommon@@UAGXT_POWER_STATE@@@Z 00011baa f   common.obj
 0001:00001ab6       ?QueryPowerChangeState@CAdapterCommon@@UAGJT_POWER_STATE@@@Z 00011d96 f   common.obj
 0001:00001b3a       ?QueryDeviceCapabilities@CAdapterCommon@@UAGJPAU_DEVICE_CAPABILITIES@@@Z 00011e1a f   common.obj
 0001:00001bea       ?InterruptServiceRoutine@@YGJPAUIInterruptSync@@PAX@Z 00011eca f   common.obj
 0001:00001d76       ?hda_stop_stream@CAdapterCommon@@UAGJXZ 00012056 f   common.obj
 0001:0000205a       ?hda_start_sound@CAdapterCommon@@UAGXXZ 0001233a f   common.obj
 0001:000021ca       ?hda_stop_sound@CAdapterCommon@@UAGXXZ 000124aa f   common.obj
 0001:00002366       ?hda_get_actual_stream_position@CAdapterCommon@@UAGKXZ 00012646 f   common.obj
 0001:00002470       ?hda_set_volume@CAdapterCommon@@QAGXKE@Z 00012750 f   common.obj
 0001:000024d0       ?readUCHAR@CAdapterCommon@@QAGEG@Z 000127b0 f   common.obj
 0001:000024f0       ?writeUCHAR@CAdapterCommon@@QAGXGE@Z 000127d0 f   common.obj
 0001:00002520       ?readUSHORT@CAdapterCommon@@QAGGG@Z 00012800 f   common.obj
 0001:00002540       ?writeUSHORT@CAdapterCommon@@QAGXGG@Z 00012820 f   common.obj
 0001:00002570       ?readULONG@CAdapterCommon@@QAGKG@Z 00012850 f   common.obj
 0001:00002590       ?writeULONG@CAdapterCommon@@QAGXGK@Z 00012870 f   common.obj
 0001:0000272a       ?hda_setup_stream_descriptor@CAdapterCommon@@UAGJPAUIDmaChannel@@@Z 00012a0a f   common.obj
 0001:00002b80       ?ReadWriteConfigSpace@CAdapterCommon@@AAGJPAU_DEVICE_OBJECT@@KPAXKK@Z 00012e60 f   common.obj
 0001:00002cab       ?WriteConfigSpaceByte@CAdapterCommon@@AAGJEEE@Z 00012f8b f   common.obj
 0001:00002dab       ?WriteConfigSpaceWord@CAdapterCommon@@AAGJEGG@Z 0001308b f   common.obj
 0001:00002e70       ?CacheLineFlush@CAdapterCommon@@UAGXPAXK@Z 00013150 f   common.obj
 0001:00002ed0       ?QueryInterface@CAdapterCommon@@W3AGJABU_GUID@@PAPAX@Z 000131b0 f i common.obj
 0001:00002ee0       ?AddRef@CAdapterCommon@@W3AGKXZ 000131c0 f i common.obj
 0001:00002ef0       ?Release@CAdapterCommon@@W3AGKXZ 000131d0 f i common.obj
 0001:00002f00       ??0HDA_Codec@@QAE@EEEPAUIAdapterCommon@@@Z 000131e0 f   codec.obj
 0001:00002fa0       ??1HDA_Codec@@QAE@XZ       00013280 f   codec.obj
 0001:000030d6       ?InitializeCodec@HDA_Codec@@QAGJXZ 000133b6 f   codec.obj
 0001:00003894       ?hda_initialize_audio_function_group@HDA_Codec@@QAGJK@Z 00013b74 f   codec.obj
 0001:000044ea       ?hda_get_node_type@HDA_Codec@@QAGEK@Z 000147ca f   codec.obj
 0001:0000459a       ?hda_get_node_connection_entries@HDA_Codec@@QAGKKK@Z 0001487a f   codec.obj
 0001:000046a0       ?hda_enable_pin_output@HDA_Codec@@QAGXK@Z 00014980 f   codec.obj
 0001:000046d0       ?hda_disable_pin_output@HDA_Codec@@QAGXK@Z 000149b0 f   codec.obj
 0001:00004700       ?hda_is_headphone_connected@HDA_Codec@@QAGEXZ 000149e0 f   codec.obj
 0001:0000480a       ?hda_initialize_output_pin@HDA_Codec@@QAGXKAAUHDA_NODE_PATH@@@Z 00014aea f   codec.obj
 0001:00004bc6       ?hda_initialize_audio_output@HDA_Codec@@QAGXKAAUHDA_NODE_PATH@@@Z 00014ea6 f   codec.obj
 0001:00004fea       ?hda_initialize_audio_mixer@HDA_Codec@@QAGXKAAUHDA_NODE_PATH@@@Z 000152ca f   codec.obj
 0001:0000533e       ?hda_initialize_audio_selector@HDA_Codec@@QAGXKAAUHDA_NODE_PATH@@@Z 0001561e f   codec.obj
 0001:000057d6       ?ProgramSampleRate@HDA_Codec@@QAGJK@Z 00015ab6 f   codec.obj
 0001:00005b20       ?hda_check_headphone_connection_change@HDA_Codec@@QAGXXZ 00015e00 f   codec.obj
 0001:00005bf2       ?hda_is_supported_sample_rate@HDA_Codec@@QAGEK@Z 00015ed2 f   codec.obj
 0001:00005d10       ?hda_set_volume@HDA_Codec@@QAGXKE@Z 00015ff0 f   codec.obj
 0001:00005d70       ?hda_set_node_gain@HDA_Codec@@QAGXKKKKE@Z 00016050 f   codec.obj
 0001:00005e10       ?hda_send_verb@HDA_Codec@@QAGKKKK@Z 000160f0 f   codec.obj
 0001:00005e40       ?hda_return_sound_data_format@CAdapterCommon@@QAGGKKK@Z 00016120 f   codec.obj
 0001:00005e40       ?hda_return_sound_data_format@HDA_Codec@@QAGGKKK@Z 00016120 f   codec.obj
 0001:00005fb0       ??0CMiniportTopologyHDA@@QAE@PAUIUnknown@@@Z 00016290 f i mintopo.obj
 0001:00005ff0       ?Release@CMiniportTopologyHDA@@UAGKXZ 000162d0 f i mintopo.obj
 0001:00005ff0       ?Release@CMiniportWaveCyclicHDA@@UAGKXZ 000162d0 f i mintopo.obj
 0001:00005ff0       ?Release@CMiniportWaveCyclicStreamHDA@@UAGKXZ 000162d0 f i mintopo.obj
 0001:00006020       ?DataRangeIntersection@CMiniportTopologyHDA@@UAGJKPATKSDATAFORMAT@@0KPAXPAK@Z 00016300 f i mintopo.obj
 0001:00006030       ??_ECMiniportTopologyHDA@@UAEPAXI@Z 00016310 f i mintopo.obj
 0001:00006030       ??_GCMiniportTopologyHDA@@UAEPAXI@Z 00016310 f i mintopo.obj
 0001:00006070       ??0IMiniportTopology@@QAE@XZ 00016350 f i mintopo.obj
 0001:00006070       ??0IMiniportWaveCyclic@@QAE@XZ 00016350 f i mintopo.obj
 0001:00006090       ??0IAdapterCommon@@QAE@XZ  00016370 f i mintopo.obj
 0001:00006090       ??0IAdapterPowerManagement@@QAE@XZ 00016370 f i mintopo.obj
 0001:00006090       ??0IDmaChannel@@QAE@XZ     00016370 f i mintopo.obj
 0001:00006090       ??0IMiniportWaveCyclicStream@@QAE@XZ 00016370 f i mintopo.obj
 0001:00006090       ??0IMiniport@@QAE@XZ       00016370 f i mintopo.obj
 0001:00006730       ?ReadBitsFromMixer@CMiniportTopologyHDA@@AAEEEEE@Z 00016a10 f   mintopo.obj
 0001:00006780       ?ThisManyOnes@@YGEE@Z      00016a60 f i mintopo.obj
 0001:000067a0       ?WriteBitsToMixer@CMiniportTopologyHDA@@AAEXEEEE@Z 00016a80 f   mintopo.obj
 0001:00006840       ??0CMiniportWaveCyclicHDA@@QAE@PAUIUnknown@@@Z 00016b20 f i minwave.obj
 0001:00006880       ?AddRef@CMiniportTopologyHDA@@UAGKXZ 00016b60 f i minwave.obj
 0001:00006880       ?AddRef@CMiniportWaveCyclicStreamHDA@@UAGKXZ 00016b60 f i minwave.obj
 0001:00006880       ?AddRef@CMiniportWaveCyclicHDA@@UAGKXZ 00016b60 f i minwave.obj
 0001:000068b0       ??_ECMiniportWaveCyclicHDA@@UAEPAXI@Z 00016b90 f i minwave.obj
 0001:000068b0       ??_GCMiniportWaveCyclicHDA@@UAEPAXI@Z 00016b90 f i minwave.obj
 0001:000068f0       ??0CMyDmaChannel@@QAE@PAUIDmaChannel@@@Z 00016bd0 f i minwave.obj
 0001:000069b0       ?QueryInterface@CMyDmaChannel@@UAGJABU_GUID@@PAPAX@Z 00016c90 f i minwave.obj
 0001:00006a10       _IsEqualGUID@8             00016cf0 f i minwave.obj
 0001:00006a40       ?AddRef@CMyDmaChannel@@UAGKXZ 00016d20 f i minwave.obj
 0001:00006a60       ?Release@CMyDmaChannel@@UAGKXZ 00016d40 f i minwave.obj
 0001:00006ab0       ?AllocateBuffer@CMyDmaChannel@@UAGJKPAT_LARGE_INTEGER@@@Z 00016d90 f i minwave.obj
 0001:00006c50       ?FreeBuffer@CMyDmaChannel@@UAGXXZ 00016f30 f i minwave.obj
 0001:00006ca0       ?SystemAddress@CMyDmaChannel@@UAGPAXXZ 00016f80 f i minwave.obj
 0001:00006cd0       ?CopyTo@CMyDmaChannel@@UAGXPAX0K@Z 00016fb0 f i minwave.obj
 0001:00006d50       ?CopyFrom@CMyDmaChannel@@UAGXPAX0K@Z 00017030 f i minwave.obj
 0001:00006d80       ?AllocatedBufferSize@CMyDmaChannel@@UAGKXZ 00017060 f i minwave.obj
 0001:00006db0       ?BufferSize@CMyDmaChannel@@UAGKXZ 00017090 f i minwave.obj
 0001:00006de0       ?SetBufferSize@CMyDmaChannel@@UAGXK@Z 000170c0 f i minwave.obj
 0001:00006e10       ?PhysicalAddress@CMyDmaChannel@@UAG?AT_LARGE_INTEGER@@XZ 000170f0 f i minwave.obj
 0001:00006e70       ?MaximumBufferSize@CMyDmaChannel@@UAGKXZ 00017150 f i minwave.obj
 0001:00006ea0       ?TransferCount@CMyDmaChannel@@UAGKXZ 00017180 f i minwave.obj
 0001:00006ec0       ?GetAdapterObject@CMyDmaChannel@@UAGPAU_DMA_ADAPTER@@XZ 000171a0 f i minwave.obj
 0001:00006ee0       ??0CMiniportWaveCyclicStreamHDA@@QAE@PAUIUnknown@@@Z 000171c0 f i minwave.obj
 0001:00006f20       ?QueryInterface@CMiniportWaveCyclicStreamHDA@@UAGJABU_GUID@@PAPAX@Z 00017200 f i minwave.obj
 0001:00006f20       ?QueryInterface@CMiniportWaveCyclicHDA@@UAGJABU_GUID@@PAPAX@Z 00017200 f i minwave.obj
 0001:00006f20       ?QueryInterface@CMiniportTopologyHDA@@UAGJABU_GUID@@PAPAX@Z 00017200 f i minwave.obj
 0001:00006f50       ??_ECMiniportWaveCyclicStreamHDA@@UAEPAXI@Z 00017230 f i minwave.obj
 0001:00006f50       ??_GCMiniportWaveCyclicStreamHDA@@UAEPAXI@Z 00017230 f i minwave.obj
 0001:00006fa9       ?GetPosition@CMiniportWaveCyclicStreamHDA@@UAGJPAK@Z 00017289 f   minwave.obj
 0001:000070be       ?NormalizePhysicalPosition@CMiniportWaveCyclicStreamHDA@@UAGJPA_J@Z 0001739e f   minwave.obj
 0001:00007160       ?Silence@CMiniportWaveCyclicStreamHDA@@UAGXPAXK@Z 00017440 f   minwave.obj
 0001:0000719e       _DbgPrint                  0001747e f   ntoskrnl:ntoskrnl.exe
 0001:000071a4       _DbgBreakPoint@0           00017484 f   ntoskrnl:ntoskrnl.exe
 0001:000071aa       __alldiv                   0001748a f   ntoskrnl:ntoskrnl.exe
 0001:000071b0       __allmul                   00017490 f   ntoskrnl:ntoskrnl.exe
 0001:000071b6       _PcInitializeAdapterDriver@12 00017496 f   portcls:portcls.sys
 0001:000071bc       _PcAddAdapterDevice@20     0001749c f   portcls:portcls.sys
 0001:000071c2       _PcRegisterSubdevice@12    000174a2 f   portcls:portcls.sys
 0001:000071c8       _PcNewMiniport@8           000174a8 f   portcls:portcls.sys
 0001:000071ce       _PcNewPort@8               000174ae f   portcls:portcls.sys
 0001:000071d4       _PcRegisterPhysicalConnection@20 000174b4 f   portcls:portcls.sys
 0001:000071da       _PcRegisterAdapterPowerManagement@8 000174ba f   portcls:portcls.sys
 0001:000071e0       _PcNewResourceSublist@20   000174c0 f   portcls:portcls.sys
 0001:000071e6       _PcNewInterruptSync@20     000174c6 f   portcls:portcls.sys
 0001:000071ec       _PcNewRegistryKey@36       000174cc f   portcls:portcls.sys
 0001:000071f2       _PcNewServiceGroup@8       000174d2 f   portcls:portcls.sys
 0001:000071f8       ??0CUnknown@@QAE@PAUIUnknown@@@Z 000174d8 f   stdunk:stdunk.obj
 0001:00007217       ??_ECUnknown@@UAEPAXI@Z    000174f7 f i stdunk:stdunk.obj
 0001:00007217       ??_GCUnknown@@UAEPAXI@Z    000174f7 f i stdunk:stdunk.obj
 0001:00007233       ??1CUnknown@@UAE@XZ        00017513 f   stdunk:stdunk.obj
 0001:0000723a       ?NonDelegatingAddRef@CUnknown@@UAGKXZ 0001751a f   stdunk:stdunk.obj
 0001:00007250       ?NonDelegatingRelease@CUnknown@@UAGKXZ 00017530 f   stdunk:stdunk.obj
 0001:0000727f       ?NonDelegatingQueryInterface@CUnknown@@UAGJABU_GUID@@PAPAX@Z 0001755f f   stdunk:stdunk.obj
 0002:00000000       __imp_@ExAcquireFastMutex@4 000175c0     hal:HAL.dll
 0002:00000004       __imp_@KfAcquireSpinLock@4 000175c4     hal:HAL.dll
 0002:00000008       __imp_@KfReleaseSpinLock@8 000175c8     hal:HAL.dll
 0002:0000000c       __imp_@ExReleaseFastMutex@4 000175cc     hal:HAL.dll
 0002:00000010       __imp__KeStallExecutionProcessor@4 000175d0     hal:HAL.dll
 0002:00000014       __imp__KeGetCurrentIrql@0  000175d4     hal:HAL.dll
 0002:00000018       \177HAL_NULL_THUNK_DATA    000175d8     hal:HAL.dll
 0002:0000001c       __imp__KeInitializeEvent@12 000175dc     ntoskrnl:ntoskrnl.exe
 0002:00000020       __imp__MmUnmapIoSpace@8    000175e0     ntoskrnl:ntoskrnl.exe
 0002:00000024       __imp__RtlInitUnicodeString@8 000175e4     ntoskrnl:ntoskrnl.exe
 0002:00000028       __imp__KeInitializeSpinLock@4 000175e8     ntoskrnl:ntoskrnl.exe
 0002:0000002c       __imp__READ_REGISTER_ULONG@4 000175ec     ntoskrnl:ntoskrnl.exe
 0002:00000030       __imp__WRITE_REGISTER_ULONG@8 000175f0     ntoskrnl:ntoskrnl.exe
 0002:00000034       __imp__READ_REGISTER_UCHAR@4 000175f4     ntoskrnl:ntoskrnl.exe
 0002:00000038       __imp__WRITE_REGISTER_UCHAR@8 000175f8     ntoskrnl:ntoskrnl.exe
 0002:0000003c       __imp__READ_REGISTER_USHORT@4 000175fc     ntoskrnl:ntoskrnl.exe
 0002:00000040       __imp__WRITE_REGISTER_USHORT@8 00017600     ntoskrnl:ntoskrnl.exe
 0002:00000044       __imp__IoGetDmaAdapter@12  00017604     ntoskrnl:ntoskrnl.exe
 0002:00000048       __imp__MmMapIoSpace@16     00017608     ntoskrnl:ntoskrnl.exe
 0002:0000004c       __imp_@IofCallDriver@8     0001760c     ntoskrnl:ntoskrnl.exe
 0002:00000050       __imp__IoBuildSynchronousFsdRequest@28 00017610     ntoskrnl:ntoskrnl.exe
 0002:00000054       __imp__IoGetAttachedDeviceReference@4 00017614     ntoskrnl:ntoskrnl.exe
 0002:00000058       __imp_@InterlockedIncrement@4 00017618     ntoskrnl:ntoskrnl.exe
 0002:0000005c       __imp_@InterlockedDecrement@4 0001761c     ntoskrnl:ntoskrnl.exe
 0002:00000060       __imp__RtlAssert@16        00017620     ntoskrnl:ntoskrnl.exe
 0002:00000064       __imp__KeReleaseMutex@8    00017624     ntoskrnl:ntoskrnl.exe
 0002:00000068       __imp___alldiv             00017628     ntoskrnl:ntoskrnl.exe
 0002:0000006c       __imp___allmul             0001762c     ntoskrnl:ntoskrnl.exe
 0002:00000070       __imp__ExAllocatePoolWithTag@12 00017630     ntoskrnl:ntoskrnl.exe
 0002:00000074       __imp__ExFreePool@4        00017634     ntoskrnl:ntoskrnl.exe
 0002:00000078       __imp__DbgBreakPoint@0     00017638     ntoskrnl:ntoskrnl.exe
 0002:0000007c       __imp__DbgPrint            0001763c     ntoskrnl:ntoskrnl.exe
 0002:00000080       __imp__KeWaitForSingleObject@20 00017640     ntoskrnl:ntoskrnl.exe
 0002:00000084       __imp_@ObfDereferenceObject@4 00017644     ntoskrnl:ntoskrnl.exe
 0002:00000088       __imp__KeInitializeMutex@8 00017648     ntoskrnl:ntoskrnl.exe
 0002:0000008c       \177ntoskrnl_NULL_THUNK_DATA 0001764c     ntoskrnl:ntoskrnl.exe
 0002:00000090       __imp__PcRegisterAdapterPowerManagement@8 00017650     portcls:portcls.sys
 0002:00000094       __imp__PcAddAdapterDevice@20 00017654     portcls:portcls.sys
 0002:00000098       __imp__PcRegisterSubdevice@12 00017658     portcls:portcls.sys
 0002:0000009c       __imp__PcNewMiniport@8     0001765c     portcls:portcls.sys
 0002:000000a0       __imp__PcNewPort@8         00017660     portcls:portcls.sys
 0002:000000a4       __imp__PcRegisterPhysicalConnection@20 00017664     portcls:portcls.sys
 0002:000000a8       __imp__PcInitializeAdapterDriver@12 00017668     portcls:portcls.sys
 0002:000000ac       __imp__PcNewResourceSublist@20 0001766c     portcls:portcls.sys
 0002:000000b0       __imp__PcNewInterruptSync@20 00017670     portcls:portcls.sys
 0002:000000b4       __imp__PcNewRegistryKey@36 00017674     portcls:portcls.sys
 0002:000000b8       __imp__PcNewServiceGroup@8 00017678     portcls:portcls.sys
 0002:000000bc       \177portcls_NULL_THUNK_DATA 0001767c     portcls:portcls.sys
 0002:00000130       _IID_IAdapterCommon        000176f0     adapter.obj
 0002:00000140       _CLSID_MiniportDriverFmSynth 00017700     adapter.obj
 0002:00000150       _CLSID_PortWaveCyclic      00017710     adapter.obj
 0002:00000160       _CLSID_PortTopology        00017720     adapter.obj
 0002:00000170       _CLSID_PortMidi            00017730     adapter.obj
 0002:00000180       _IID_IAdapterPowerManagment 00017740     adapter.obj
 0002:00000190       _IID_IMiniportWaveCyclicStream 00017750     adapter.obj
 0002:000001a0       _IID_IMiniportWaveCyclic   00017760     adapter.obj
 0002:000001b0       _IID_IPortWaveCyclic       00017770     adapter.obj
 0002:000001c0       _IID_IMiniportTopology     00017780     adapter.obj
 0002:000001d0       _IID_IDmaChannel           00017790     adapter.obj
 0002:000001e0       _IID_IMiniport             000177a0     adapter.obj
 0002:000001f0       _IID_IUnknown              000177b0     adapter.obj
 0002:00000200       ??_C@_1BE@FFBG@?$AAU?$AAs?$AAe?$AAD?$AAm?$AAa?$AAP?$AAo?$AAs?$AA?$AA@ 000177c0     common.obj
 0002:00000214       ??_C@_1CA@DADJ@?$AAU?$AAs?$AAe?$AAD?$AAi?$AAs?$AAa?$AAb?$AAl?$AAe?$AAd?$AAP?$AAi?$AAn?$AAs?$AA?$AA@ 000177d4     common.obj
 0002:00000234       ??_C@_1BC@MBIB@?$AAU?$AAs?$AAe?$AAS?$AAP?$AAD?$AAI?$AAF?$AA?$AA@ 000177f4     common.obj
 0002:00000248       ??_C@_1BE@ONOC@?$AAU?$AAs?$AAe?$AAA?$AAl?$AAt?$AAO?$AAu?$AAt?$AA?$AA@ 00017808     common.obj
 0002:0000025c       ??_C@_1BO@LMMA@?$AAS?$AAk?$AAi?$AAp?$AAC?$AAo?$AAd?$AAe?$AAc?$AAR?$AAe?$AAs?$AAe?$AAt?$AA?$AA@ 0001781c     common.obj
 0002:0000027c       ??_C@_1CI@JKGI@?$AAS?$AAk?$AAi?$AAp?$AAC?$AAo?$AAn?$AAt?$AAr?$AAo?$AAl?$AAl?$AAe?$AAr?$AAR?$AAe?$AAs?$AAe?$AAt?$AA?$AA@ 0001783c     common.obj
 0002:000002a4       ??_C@_1BE@ENEK@?$AAR?$AAi?$AAg?$AAh?$AAt?$AAB?$AAa?$AAs?$AAs?$AA?$AA@ 00017864     common.obj
 0002:000002b8       ??_C@_1BC@JMJO@?$AAL?$AAe?$AAf?$AAt?$AAB?$AAa?$AAs?$AAs?$AA?$AA@ 00017878     common.obj
 0002:000002cc       ??_C@_1BI@KGAJ@?$AAR?$AAi?$AAg?$AAh?$AAt?$AAT?$AAr?$AAe?$AAb?$AAl?$AAe?$AA?$AA@ 0001788c     common.obj
 0002:000002e4       ??_C@_1BG@BGGD@?$AAL?$AAe?$AAf?$AAt?$AAT?$AAr?$AAe?$AAb?$AAl?$AAe?$AA?$AA@ 000178a4     common.obj
 0002:000002fc       ??_C@_1O@IECC@?$AAM?$AAi?$AAc?$AAA?$AAG?$AAC?$AA?$AA@ 000178bc     common.obj
 0002:0000030c       ??_C@_1CA@EJHI@?$AAR?$AAi?$AAg?$AAh?$AAt?$AAO?$AAu?$AAt?$AAp?$AAu?$AAt?$AAG?$AAa?$AAi?$AAn?$AA?$AA@ 000178cc     common.obj
 0002:0000032c       ??_C@_1BO@PPLI@?$AAL?$AAe?$AAf?$AAt?$AAO?$AAu?$AAt?$AAp?$AAu?$AAt?$AAG?$AAa?$AAi?$AAn?$AA?$AA@ 000178ec     common.obj
 0002:0000034c       ??_C@_1BO@PMCJ@?$AAR?$AAi?$AAg?$AAh?$AAt?$AAI?$AAn?$AAp?$AAu?$AAt?$AAG?$AAa?$AAi?$AAn?$AA?$AA@ 0001790c     common.obj
 0002:0000036c       ??_C@_1BM@CFEM@?$AAL?$AAe?$AAf?$AAt?$AAI?$AAn?$AAp?$AAu?$AAt?$AAG?$AAa?$AAi?$AAn?$AA?$AA@ 0001792c     common.obj
 0002:00000388       ??_C@_1CA@CIKM@?$AAR?$AAi?$AAg?$AAh?$AAt?$AAI?$AAn?$AAp?$AAu?$AAt?$AAM?$AAi?$AAx?$AAe?$AAr?$AA?$AA@ 00017948     common.obj
 0002:000003a8       ??_C@_1BO@JOGM@?$AAL?$AAe?$AAf?$AAt?$AAI?$AAn?$AAp?$AAu?$AAt?$AAM?$AAi?$AAx?$AAe?$AAr?$AA?$AA@ 00017968     common.obj
 0002:000003c8       ??_C@_1BI@BMOJ@?$AAO?$AAu?$AAt?$AAp?$AAu?$AAt?$AAM?$AAi?$AAx?$AAe?$AAr?$AA?$AA@ 00017988     common.obj
 0002:000003e0       ??_C@_1BE@GLOL@?$AAP?$AAc?$AAS?$AAp?$AAk?$AAr?$AAV?$AAo?$AAl?$AA?$AA@ 000179a0     common.obj
 0002:000003f4       ??_C@_1O@MNBB@?$AAM?$AAi?$AAc?$AAV?$AAo?$AAl?$AA?$AA@ 000179b4     common.obj
 0002:00000404       ??_C@_1BO@HCKE@?$AAR?$AAi?$AAg?$AAh?$AAt?$AAL?$AAi?$AAn?$AAe?$AAI?$AAn?$AAV?$AAo?$AAl?$AA?$AA@ 000179c4     common.obj
 0002:00000424       ??_C@_1BM@KLMB@?$AAL?$AAe?$AAf?$AAt?$AAL?$AAi?$AAn?$AAe?$AAI?$AAn?$AAV?$AAo?$AAl?$AA?$AA@ 000179e4     common.obj
 0002:00000440       ??_C@_1BG@COJL@?$AAR?$AAi?$AAg?$AAh?$AAt?$AAC?$AAD?$AAV?$AAo?$AAl?$AA?$AA@ 00017a00     common.obj
 0002:00000458       ??_C@_1BE@KMKA@?$AAL?$AAe?$AAf?$AAt?$AAC?$AAD?$AAV?$AAo?$AAl?$AA?$AA@ 00017a18     common.obj
 0002:0000046c       ??_C@_1BK@JCIM@?$AAR?$AAi?$AAg?$AAh?$AAt?$AAM?$AAi?$AAd?$AAi?$AAV?$AAo?$AAl?$AA?$AA@ 00017a2c     common.obj
 0002:00000488       ??_C@_1BI@KBIJ@?$AAL?$AAe?$AAf?$AAt?$AAM?$AAi?$AAd?$AAi?$AAV?$AAo?$AAl?$AA?$AA@ 00017a48     common.obj
 0002:000004a0       ??_C@_1BK@MFCG@?$AAR?$AAi?$AAg?$AAh?$AAt?$AAW?$AAa?$AAv?$AAe?$AAV?$AAo?$AAl?$AA?$AA@ 00017a60     common.obj
 0002:000004bc       ??_C@_1BI@PGCD@?$AAL?$AAe?$AAf?$AAt?$AAW?$AAa?$AAv?$AAe?$AAV?$AAo?$AAl?$AA?$AA@ 00017a7c     common.obj
 0002:000004d4       ??_C@_1BO@NHA@?$AAR?$AAi?$AAg?$AAh?$AAt?$AAM?$AAa?$AAs?$AAt?$AAe?$AAr?$AAV?$AAo?$AAl?$AA?$AA@ 00017a94     common.obj
 0002:000004f4       ??_C@_1BM@NEBF@?$AAL?$AAe?$AAf?$AAt?$AAM?$AAa?$AAs?$AAt?$AAe?$AAr?$AAV?$AAo?$AAl?$AA?$AA@ 00017ab4     common.obj
 0002:00000510       ??_7CAdapterCommon@@6BCUnknown@@@ 00017ad0     common.obj
 0002:00000520       ??_7CAdapterCommon@@6BIAdapterPowerManagement@@@ 00017ae0     common.obj
 0002:00000538       ??_7CAdapterCommon@@6BIAdapterCommon@@@ 00017af8     common.obj
 0002:00000668       ??_7CMiniportTopologyHDA@@6BCUnknown@@@ 00017c28     mintopo.obj
 0002:00000678       ??_7CMiniportTopologyHDA@@6BIMiniportTopology@@@ 00017c38     mintopo.obj
 0002:00000690       ??_7CMiniportWaveCyclicHDA@@6BCUnknown@@@ 00017c50     minwave.obj
 0002:000006a0       ??_7CMiniportWaveCyclicHDA@@6BIMiniportWaveCyclic@@@ 00017c60     minwave.obj
 0002:000006bc       ??_C@_09BAJA@SSE2?5?$CFd?5?6?$AA@ 00017c7c     minwave.obj
 0002:000006c8       ??_7CMyDmaChannel@@6B@     00017c88     minwave.obj
 0002:00000704       ??_C@_0DG@LDEH@Aligned?5DMA?5view?5invalid?5?$CIoff?$DN?$CFl@ 00017cc4     minwave.obj
 0002:0000073c       ??_7CMiniportWaveCyclicStreamHDA@@6BCUnknown@@@ 00017cfc     minwave.obj
 0002:0000074c       ??_7CMiniportWaveCyclicStreamHDA@@6BIMiniportWaveCyclicStream@@@ 00017d0c     minwave.obj
 0002:00000770       ??_7CUnknown@@6B@          00017d30     stdunk:stdunk.obj
 0003:00000000       ?ulDebugOut@@3KA           00017d40     adapter.obj
 0003:00000008       __GUID_b7902fe9_fb0a_11d1_81b0_0060083316c1 00017d48     adapter.obj
 0003:00000018       __GUID_d3f0ce1c_fffc_11d1_81b0_0060083316c1 00017d58     adapter.obj
 0003:00000028       __GUID_c096df9c_fb09_11d1_81b0_0060083316c1 00017d68     adapter.obj
 0003:00000140       ?audBufSize@@3KA           00017e80     common.obj
 0003:00000144       ?BdlSize@@3KA              00017e84     common.obj
 0003:00000840       __GUID_185fedf6_9905_11d1_95a9_00c04fb925d3 00018580     mintopo.obj
 0003:00000850       __GUID_185fedef_9905_11d1_95a9_00c04fb925d3 00018590     mintopo.obj
 0003:00000860       __GUID_185fede1_9905_11d1_95a9_00c04fb925d3 000185a0     mintopo.obj
 0003:00000870       __GUID_185fede0_9905_11d1_95a9_00c04fb925d3 000185b0     mintopo.obj
 0003:00000880       __GUID_7607e580_c557_11d0_8a2b_00a0c9255ac1 000185c0     mintopo.obj
 0003:00000890       __GUID_185fede3_9905_11d1_95a9_00c04fb925d3 000185d0     mintopo.obj
 0003:000008a0       __GUID_da441a60_c556_11d0_8a2b_00a0c9255ac1 000185e0     mintopo.obj
 0003:000008b0       __GUID_185fedee_9905_11d1_95a9_00c04fb925d3 000185f0     mintopo.obj
 0003:000008c0       __GUID_02b223c0_c557_11d0_8a2b_00a0c9255ac1 00018600     mintopo.obj
 0003:000008d0       __GUID_185feded_9905_11d1_95a9_00c04fb925d3 00018610     mintopo.obj
 0003:000008e0       __GUID_e88c9ba0_c557_11d0_8a2b_00a0c9255ac1 00018620     mintopo.obj
 0003:000008f0       __GUID_185fedec_9905_11d1_95a9_00c04fb925d3 00018630     mintopo.obj
 0003:00000900       __GUID_185fedeb_9905_11d1_95a9_00c04fb925d3 00018640     mintopo.obj
 0003:00000910       __GUID_185fedea_9905_11d1_95a9_00c04fb925d3 00018650     mintopo.obj
 0003:00000920       __GUID_185fede9_9905_11d1_95a9_00c04fb925d3 00018660     mintopo.obj
 0003:00000930       __GUID_185fede8_9905_11d1_95a9_00c04fb925d3 00018670     mintopo.obj
 0003:00000940       __GUID_e573adc0_c555_11d0_8a2b_00a0c9255ac1 00018680     mintopo.obj
 0003:00000950       __GUID_185fede7_9905_11d1_95a9_00c04fb925d3 00018690     mintopo.obj
 0003:00000960       __GUID_185fede5_9905_11d1_95a9_00c04fb925d3 000186a0     mintopo.obj
 0003:00000970       __GUID_3a5acc00_c557_11d0_8a2b_00a0c9255ac1 000186b0     mintopo.obj
 0003:00000980       __GUID_45ffaaa0_6e1b_11d0_bcf2_444553540000 000186c0     mintopo.obj
 0003:00000990       __GUID_6994ad04_93ef_11d0_a3cc_00a0c9223196 000186d0     mintopo.obj
 0003:000009a0       __GUID_185fedf7_9905_11d1_95a9_00c04fb925d3 000186e0     mintopo.obj
 0003:000009b0       __GUID_dff21ce1_f70f_11d0_b917_00a0c9223196 000186f0     mintopo.obj
 0003:000009c0       __GUID_dff21be1_f70f_11d0_b917_00a0c9223196 00018700     mintopo.obj
 0003:000009d0       __GUID_185fedf9_9905_11d1_95a9_00c04fb925d3 00018710     mintopo.obj
 0003:000009e0       __GUID_dff21fe3_f70f_11d0_b917_00a0c9223196 00018720     mintopo.obj
 0003:000009f0       __GUID_185fedfb_9905_11d1_95a9_00c04fb925d3 00018730     mintopo.obj
 0003:00000a00       __GUID_dff220e3_f70f_11d0_b917_00a0c9223196 00018740     mintopo.obj
 0003:00000a10       __GUID_185fedf8_9905_11d1_95a9_00c04fb925d3 00018750     mintopo.obj
 0003:00000a20       __GUID_dff220f3_f70f_11d0_b917_00a0c9223196 00018760     mintopo.obj
 0003:00000a30       __GUID_dff21fe4_f70f_11d0_b917_00a0c9223196 00018770     mintopo.obj
 0003:00000a40       __GUID_97e99ba0_bdea_11cf_a5d6_28db04c10000 00018780     mintopo.obj
 0003:00000c88       __GUID_507ae360_c554_11d0_8a2b_00a0c9255ac1 000189c8     minwave.obj
 0003:00000c98       __GUID_4d837fe0_c555_11d0_8a2b_00a0c9255ac1 000189d8     minwave.obj
 0003:00000ca8       __GUID_185fedfa_9905_11d1_95a9_00c04fb925d3 000189e8     minwave.obj
 0003:00000cb8       __GUID_fb6c4281_0353_11d1_905f_0000c0cc16ba 000189f8     minwave.obj
 0003:00000cc8       __GUID_05589f81_c356_11ce_bf01_00aa0055595a 00018a08     minwave.obj
 0003:00000cd8       __GUID_00000001_0000_0010_8000_00aa00389b71 00018a18     minwave.obj
 0003:00000ce8       __GUID_73647561_0000_0010_8000_00aa00389b71 00018a28     minwave.obj
 0003:00000cf8       __GUID_518590a2_a184_11d0_8522_00c04fd9baf3 00018a38     minwave.obj
 0003:00000d08       __GUID_0f6417d6_c318_11d0_a43f_00a0c9223196 00018a48     minwave.obj
 0003:00000d18       ?PDO@@3PAU_DEVICE_OBJECT@@A 00018a58     adapter.obj
 0003:00000d20       __GUID_00000000_0000_0000_0000_000000000000 00018a60     adapter.obj
 0004:000000ae       _AddDevice@8               00018b2e f   adapter.obj
 0004:0000036a       ?InstallSubdevice@@YGJPAU_DEVICE_OBJECT@@PAU_IRP@@PAGABU_GUID@@3P6GJPAPAUIUnknown@@3PAU4@W4_POOL_TYPE@@@Z5PAUIResourceList@@344@Z 00018dea f   adapter.obj
 0004:0000076e       ?StartDevice@@YGJPAU_DEVICE_OBJECT@@PAU_IRP@@PAUIResourceList@@@Z 000191ee f   adapter.obj
 0004:00000f6e       ?AssignResources@@YGJPAUIResourceList@@PAPAU1@11111@Z 000199ee f   adapter.obj
 0004:000014d8       ?NewAdapterCommon@@YGJPAPAUIUnknown@@ABU_GUID@@PAU1@W4_POOL_TYPE@@@Z 00019f58 f   common.obj
 0004:00002151       ?Init@CAdapterCommon@@UAGJPAUIResourceList@@PAU_DEVICE_OBJECT@@1@Z 0001abd1 f   common.obj
 0004:00003ae2       ??1CAdapterCommon@@UAE@XZ  0001c562 f   common.obj
 0004:00003f00       ??_GHDA_Codec@@QAEPAXI@Z   0001c980 f i common.obj
 0004:00003f87       ?NonDelegatingQueryInterface@CAdapterCommon@@UAGJABU_GUID@@PAPAX@Z 0001ca07 f   common.obj
 0004:000040de       ?WavePortDriverDest@CAdapterCommon@@UAGPAPAUIUnknown@@XZ 0001cb5e f   common.obj
 0004:0000417e       ?GetInterruptSync@CAdapterCommon@@UAGPAUIInterruptSync@@XZ 0001cbfe f   common.obj
 0004:0000421e       ?GetDeviceDescription@CAdapterCommon@@UAGPAU_DEVICE_DESCRIPTION@@XZ 0001cc9e f   common.obj
 0004:000042be       ?MidiPortDriverDest@CAdapterCommon@@UAGPAPAUIUnknown@@XZ 0001cd3e f   common.obj
 0004:0000435e       ?SetWaveServiceGroup@CAdapterCommon@@UAGXPAUIServiceGroup@@@Z 0001cdde f   common.obj
 0004:00004b52       ?InitHDAController@CAdapterCommon@@QAGJXZ 0001d5d2 f   common.obj
 0004:00005d5e       ?TryInitializeCodecSlot@CAdapterCommon@@AAGJEPBD@Z 0001e7de f   common.obj
 0004:00005fa2       ?ReadRegistryBoolean@CAdapterCommon@@AAGEPBGE@Z 0001ea22 f   common.obj
 0004:00006188       ?CreateMiniportTopologyHDA@@YGJPAPAUIUnknown@@ABU_GUID@@PAU1@W4_POOL_TYPE@@@Z 0001ec08 f   mintopo.obj
 0004:000062fa       ?ProcessResources@CMiniportTopologyHDA@@AAEJPAUIResourceList@@@Z 0001ed7a f   mintopo.obj
 0004:0000648a       ?NonDelegatingQueryInterface@CMiniportTopologyHDA@@UAGJABU_GUID@@PAPAX@Z 0001ef0a f   mintopo.obj
 0004:0000663e       ??1CMiniportTopologyHDA@@UAE@XZ 0001f0be f   mintopo.obj
 0004:00006816       ?Init@CMiniportTopologyHDA@@UAGJPAUIUnknown@@PAUIResourceList@@PAUIPortTopology@@@Z 0001f296 f   mintopo.obj
 0004:00006a2a       ?GetDescription@CMiniportTopologyHDA@@UAGJPAPAUPCFILTER_DESCRIPTOR@@@Z 0001f4aa f   mintopo.obj
 0004:00008208       ?CreateMiniportWaveCyclicHDA@@YGJPAPAUIUnknown@@ABU_GUID@@PAU1@W4_POOL_TYPE@@@Z 00020c88 f   minwave.obj
 0004:000084c6       ?ProcessResources@CMiniportWaveCyclicHDA@@AAEJPAUIResourceList@@@Z 00020f46 f   minwave.obj
 0004:00008982       ?ValidateFormat@CMiniportWaveCyclicHDA@@AAEJPATKSDATAFORMAT@@@Z 00021402 f   minwave.obj
 0004:00008bbe       ?NonDelegatingQueryInterface@CMiniportWaveCyclicHDA@@UAGJABU_GUID@@PAPAX@Z 0002163e f   minwave.obj
 0004:00008d72       ??1CMiniportWaveCyclicHDA@@UAE@XZ 000217f2 f   minwave.obj
 0004:00008f76       ?Init@CMiniportWaveCyclicHDA@@UAGJPAUIUnknown@@PAUIResourceList@@PAUIPortWaveCyclic@@@Z 000219f6 f   minwave.obj
 0004:0000920e       ?GetDescription@CMiniportWaveCyclicHDA@@UAGJPAPAUPCFILTER_DESCRIPTOR@@@Z 00021c8e f   minwave.obj
 0004:000093fa       ?DataRangeIntersection@CMiniportWaveCyclicHDA@@UAGJKPATKSDATAFORMAT@@0KPAXPAK@Z 00021e7a f   minwave.obj
 0004:000099fa       ?NewStream@CMiniportWaveCyclicHDA@@UAGJPAPAUIMiniportWaveCyclicStream@@PAUIUnknown@@W4_POOL_TYPE@@KEPATKSDATAFORMAT@@PAPAUIDmaChannel@@PAPAUIServiceGroup@@@Z 0002247a f   minwave.obj
 0004:00009d92       ?NonDelegatingQueryInterface@CMiniportWaveCyclicStreamHDA@@UAGJABU_GUID@@PAPAX@Z 00022812 f   minwave.obj
 0004:00009f3e       ??1CMiniportWaveCyclicStreamHDA@@UAE@XZ 000229be f   minwave.obj
 0004:0000a1d0       ?Init@CMiniportWaveCyclicStreamHDA@@QAEJPAVCMiniportWaveCyclicHDA@@KEPATKSDATAFORMAT@@PAUIDmaChannel@@@Z 00022c50 f   minwave.obj
 0004:0000a472       ?SetNotificationFreq@CMiniportWaveCyclicStreamHDA@@UAGKKPAK@Z 00022ef2 f   minwave.obj
 0004:0000a606       ?SetFormat@CMiniportWaveCyclicStreamHDA@@UAGJPATKSDATAFORMAT@@@Z 00023086 f   minwave.obj
 0004:0000a84e       ?SetState@CMiniportWaveCyclicStreamHDA@@UAGJW4KSSTATE@@@Z 000232ce f   minwave.obj
 0005:0000003e       _DriverEntry@8             0002341e f   adapter.obj
 0005:000000ac       __IMPORT_DESCRIPTOR_ntoskrnl 0002348c     ntoskrnl:ntoskrnl.exe
 0005:000000c0       __IMPORT_DESCRIPTOR_HAL    000234a0     hal:HAL.dll
 0005:000000d4       __IMPORT_DESCRIPTOR_portcls 000234b4     portcls:portcls.sys
 0005:000000e8       __NULL_IMPORT_DESCRIPTOR   000234c8     ntoskrnl:ntoskrnl.exe

 entry point at        0005:0000003e

 Static symbols

 0004:00006b7e       ?PropertyHandler_OnOff@@YGJPAU_PCPROPERTY_REQUEST@@@Z 0001f5fe f   mintopo.obj
 0004:00006f96       ?PropertyHandler_SuperMixCaps@@YGJPAU_PCPROPERTY_REQUEST@@@Z 0001fa16 f   mintopo.obj
 0004:000075a6       ?PropertyHandler_SuperMixTable@@YGJPAU_PCPROPERTY_REQUEST@@@Z 00020026 f   mintopo.obj
 0004:00007cd6       ?PropertyHandler_CpuResources@@YGJPAU_PCPROPERTY_REQUEST@@@Z 00020756 f   mintopo.obj
 0001:0000610e       ?PropertyHandler_Level@@YGJPAU_PCPROPERTY_REQUEST@@@Z 000163ee f   mintopo.obj
 0004:00007f36       ?BasicSupportHandler@@YGJPAU_PCPROPERTY_REQUEST@@@Z 000209b6 f   mintopo.obj
 0001:000001a0       ?AllocateAlignedCommonBuffer@@YGJPAU_DMA_ADAPTER@@KKPAU_HDA_DMA_COMMON_BUFFER@@@Z 00010480 f   common.obj
 0001:00000320       ?ResetCommonBufferDescriptor@@YGXPAU_HDA_DMA_COMMON_BUFFER@@@Z 00010600 f   common.obj
 0001:00000340       ?FreeAlignedCommonBuffer@@YGXPAU_DMA_ADAPTER@@PAU_HDA_DMA_COMMON_BUFFER@@@Z 00010620 f   common.obj

 698 bytes saved through ICF

