 HDA

 Timestamp is 6a400beb (Sat Jun 27 10:44:11 2026)

 Preferred load address is 00010000

 Start         Length     Name                   Class
 0001:00000000 00007827H .text                   CODE
 0002:00000000 000000e8H .idata$5                DATA
 0002:000000e8 000006fbH .rdata                  DATA
 0003:00000000 00000d18H .data                   DATA
 0003:00000d18 0000001eH .bss                    DATA
 0004:00000000 0000aaf4H PAGE                    CODE
 0005:00000000 000000a9H INIT                    CODE
 0005:000000ac 0000003cH .idata$2                CODE
 0005:000000e8 00000014H .idata$3                CODE
 0005:000000fc 000000e8H .idata$4                CODE
 0005:000001e4 0000049eH .idata$6                CODE
 0006:00000000 00000058H .rsrc$01                DATA
 0006:00000060 000003d0H .rsrc$02                DATA

  Address         Publics by Value              Rva+Base     Lib:Object

 0001:00000000       ??3@YAXPAX@Z               000102e0 f i common.obj
 0001:00000010       ??2@YGPAXIW4_POOL_TYPE@@K@Z 000102f0 f i common.obj
 0001:00000050       ??0CAdapterCommon@@QAE@PAUIUnknown@@@Z 00010330 f i common.obj
 0001:000000a0       ?QueryInterface@CAdapterCommon@@UAGJABU_GUID@@PAPAX@Z 00010380 f i common.obj
 0001:000000d0       ?GetOuterUnknown@CUnknown@@QAEPAUIUnknown@@XZ 000103b0 f i common.obj
 0001:000000f0       ?AddRef@CAdapterCommon@@UAGKXZ 000103d0 f i common.obj
 0001:00000120       ?Release@CAdapterCommon@@UAGKXZ 00010400 f i common.obj
 0001:00000150       ??_ECAdapterCommon@@UAEPAXI@Z 00010430 f i common.obj
 0001:00000150       ??_GCAdapterCommon@@UAEPAXI@Z 00010430 f i common.obj
 0001:00000380       _IsEqualGUIDAligned@8      00010660 f i common.obj
 0001:00000400       ??2@YGPAXIW4_POOL_TYPE@@@Z 000106e0 f i common.obj
 0001:00000450       ?hda_check_headphone_connection_change@CAdapterCommon@@QAGXXZ 00010730 f   common.obj
 0001:000004b0       ?hda_is_supported_sample_rate@CAdapterCommon@@UAGEK@Z 00010790 f   common.obj
 0001:000005f6       ?hda_send_verb@CAdapterCommon@@UAGKKKKK@Z 000108d6 f   common.obj
 0001:00000a02       ?MixerRegWrite@CAdapterCommon@@UAGXEE@Z 00010ce2 f   common.obj
 0001:00000bca       ?MixerRegRead@CAdapterCommon@@UAGEE@Z 00010eaa f   common.obj
 0001:00000cae       ?MixerReset@CAdapterCommon@@UAGXXZ 00010f8e f   common.obj
 0001:00000d4e       ?AcknowledgeIRQ@CAdapterCommon@@AAE?AW4_HDA_INTERRUPT_TYPE@@XZ 0001102e f   common.obj
 0001:00000ff2       ?ResetController@CAdapterCommon@@UAGJXZ 000112d2 f   common.obj
 0001:000010a6       ?RestoreMixerSettingsFromRegistry@CAdapterCommon@@UAGJXZ 00011386 f   common.obj
 0001:00001352       ?SaveMixerSettingsToRegistry@CAdapterCommon@@UAGJXZ 00011632 f   common.obj
 0001:000015ae       ?ProgramSampleRate@CAdapterCommon@@UAGJK@Z 0001188e f   common.obj
 0001:000017aa       ?PowerChangeState@CAdapterCommon@@UAGXT_POWER_STATE@@@Z 00011a8a f   common.obj
 0001:00001996       ?QueryPowerChangeState@CAdapterCommon@@UAGJT_POWER_STATE@@@Z 00011c76 f   common.obj
 0001:00001a1a       ?QueryDeviceCapabilities@CAdapterCommon@@UAGJPAU_DEVICE_CAPABILITIES@@@Z 00011cfa f   common.obj
 0001:00001aca       ?InterruptServiceRoutine@@YGJPAUIInterruptSync@@PAX@Z 00011daa f   common.obj
 0001:00001c56       ?hda_stop_stream@CAdapterCommon@@UAGJXZ 00011f36 f   common.obj
 0001:00001f3a       ?hda_start_sound@CAdapterCommon@@UAGXXZ 0001221a f   common.obj
 0001:000020aa       ?hda_stop_sound@CAdapterCommon@@UAGXXZ 0001238a f   common.obj
 0001:00002246       ?hda_get_actual_stream_position@CAdapterCommon@@UAGKXZ 00012526 f   common.obj
 0001:00002350       ?hda_set_volume@CAdapterCommon@@QAGXKE@Z 00012630 f   common.obj
 0001:000023b0       ?readUCHAR@CAdapterCommon@@QAGEG@Z 00012690 f   common.obj
 0001:000023d0       ?writeUCHAR@CAdapterCommon@@QAGXGE@Z 000126b0 f   common.obj
 0001:00002400       ?readUSHORT@CAdapterCommon@@QAGGG@Z 000126e0 f   common.obj
 0001:00002420       ?writeUSHORT@CAdapterCommon@@QAGXGG@Z 00012700 f   common.obj
 0001:00002450       ?readULONG@CAdapterCommon@@QAGKG@Z 00012730 f   common.obj
 0001:00002470       ?writeULONG@CAdapterCommon@@QAGXGK@Z 00012750 f   common.obj
 0001:0000260a       ?hda_setup_stream_descriptor@CAdapterCommon@@UAGJPAUIDmaChannel@@@Z 000128ea f   common.obj
 0001:00002a00       ?hda_return_sound_data_format@CAdapterCommon@@QAGGKKK@Z 00012ce0 f   common.obj
 0001:00002b70       ?ReadWriteConfigSpace@CAdapterCommon@@AAGJPAU_DEVICE_OBJECT@@KPAXKK@Z 00012e50 f   common.obj
 0001:00002c9b       ?WriteConfigSpaceByte@CAdapterCommon@@AAGJEEE@Z 00012f7b f   common.obj
 0001:00002d9b       ?WriteConfigSpaceWord@CAdapterCommon@@AAGJEGG@Z 0001307b f   common.obj
 0001:00002e60       ?CacheLineFlush@CAdapterCommon@@UAGXPAXK@Z 00013140 f   common.obj
 0001:00002ec0       ?JackPollDpcRoutine@CAdapterCommon@@CGXPAU_KDPC@@PAX11@Z 000131a0 f   common.obj
 0001:00002f30       ?JackPollWorker@CAdapterCommon@@CGXPAX@Z 00013210 f   common.obj
 0001:00002f9a       ?StartJackPolling@CAdapterCommon@@AAGJXZ 0001327a f   common.obj
 0001:000030c3       ?StopJackPolling@CAdapterCommon@@AAGXXZ 000133a3 f   common.obj
 0001:00003170       ?QueryInterface@CAdapterCommon@@W3AGJABU_GUID@@PAPAX@Z 00013450 f i common.obj
 0001:00003180       ?AddRef@CAdapterCommon@@W3AGKXZ 00013460 f i common.obj
 0001:00003190       ?Release@CAdapterCommon@@W3AGKXZ 00013470 f i common.obj
 0001:000031a0       ??0HDA_Codec@@QAE@EEEPAUIAdapterCommon@@@Z 00013480 f   codec.obj
 0001:00003240       ??1HDA_Codec@@QAE@XZ       00013520 f   codec.obj
 0001:00003376       ?InitializeCodec@HDA_Codec@@QAGJXZ 00013656 f   codec.obj
 0001:00003ba3       ?hda_initialize_audio_function_group@HDA_Codec@@QAGJK@Z 00013e83 f   codec.obj
 0001:000048aa       ?hda_get_node_type@HDA_Codec@@QAGEK@Z 00014b8a f   codec.obj
 0001:0000495a       ?hda_get_node_connection_entries@HDA_Codec@@QAGKKK@Z 00014c3a f   codec.obj
 0001:00004b2a       ?hda_initialize_output_pin@HDA_Codec@@QAGJKAAUHDA_NODE_PATH@@@Z 00014e0a f   codec.obj
 0001:00004f16       ?hda_initialize_audio_output@HDA_Codec@@QAGXKAAUHDA_NODE_PATH@@@Z 000151f6 f   codec.obj
 0001:0000533a       ?hda_initialize_audio_mixer@HDA_Codec@@QAGXKAAUHDA_NODE_PATH@@@Z 0001561a f   codec.obj
 0001:0000568e       ?hda_initialize_audio_selector@HDA_Codec@@QAGXKAAUHDA_NODE_PATH@@@Z 0001596e f   codec.obj
 0001:00005b12       ?ProgramSampleRate@HDA_Codec@@QAGJK@Z 00015df2 f   codec.obj
 0001:00005ebd       ?hda_check_headphone_connection_change@HDA_Codec@@QAGXXZ 0001619d f   codec.obj
 0001:00005fa2       ?hda_is_supported_sample_rate@HDA_Codec@@QAGEK@Z 00016282 f   codec.obj
 0001:000060c0       ?hda_set_volume@HDA_Codec@@QAGXKE@Z 000163a0 f   codec.obj
 0001:00006120       ?hda_set_node_gain@HDA_Codec@@QAGXKKKKE@Z 00016400 f   codec.obj
 0001:000061c0       ?hda_send_verb@HDA_Codec@@QAGKKKK@Z 000164a0 f   codec.obj
 0001:000061f0       ?hda_enable_pin_output@HDA_Codec@@QAGXK@Z 000164d0 f   codec.obj
 0001:00006220       ?hda_disable_pin_output@HDA_Codec@@QAGXK@Z 00016500 f   codec.obj
 0001:00006250       ?hda_is_headphone_connected@HDA_Codec@@QAGEXZ 00016530 f   codec.obj
 0001:00006290       ?hda_return_sound_data_format@HDA_Codec@@QAGGKKK@Z 00016570 f i codec.obj
 0001:00006400       ??0CMiniportTopologyHDA@@QAE@PAUIUnknown@@@Z 000166e0 f i mintopo.obj
 0001:00006440       ?DataRangeIntersection@CMiniportTopologyHDA@@UAGJKPATKSDATAFORMAT@@0KPAXPAK@Z 00016720 f i mintopo.obj
 0001:00006450       ??_GCMiniportTopologyHDA@@UAEPAXI@Z 00016730 f i mintopo.obj
 0001:00006450       ??_ECMiniportTopologyHDA@@UAEPAXI@Z 00016730 f i mintopo.obj
 0001:00006490       ??0IMiniportWaveCyclic@@QAE@XZ 00016770 f i mintopo.obj
 0001:00006490       ??0IMiniportTopology@@QAE@XZ 00016770 f i mintopo.obj
 0001:000064b0       ??0IMiniport@@QAE@XZ       00016790 f i mintopo.obj
 0001:000064b0       ??0IAdapterPowerManagement@@QAE@XZ 00016790 f i mintopo.obj
 0001:000064b0       ??0IDmaChannel@@QAE@XZ     00016790 f i mintopo.obj
 0001:000064b0       ??0IMiniportWaveCyclicStream@@QAE@XZ 00016790 f i mintopo.obj
 0001:000064b0       ??0IAdapterCommon@@QAE@XZ  00016790 f i mintopo.obj
 0001:00006b50       ?ReadBitsFromMixer@CMiniportTopologyHDA@@AAEEEEE@Z 00016e30 f   mintopo.obj
 0001:00006ba0       ?ThisManyOnes@@YGEE@Z      00016e80 f i mintopo.obj
 0001:00006bc0       ?WriteBitsToMixer@CMiniportTopologyHDA@@AAEXEEEE@Z 00016ea0 f   mintopo.obj
 0001:00006c60       ??0CMiniportWaveCyclicHDA@@QAE@PAUIUnknown@@@Z 00016f40 f i minwave.obj
 0001:00006ca0       ?QueryInterface@CMiniportWaveCyclicHDA@@UAGJABU_GUID@@PAPAX@Z 00016f80 f i minwave.obj
 0001:00006ca0       ?QueryInterface@CMiniportWaveCyclicStreamHDA@@UAGJABU_GUID@@PAPAX@Z 00016f80 f i minwave.obj
 0001:00006ca0       ?QueryInterface@CMiniportTopologyHDA@@UAGJABU_GUID@@PAPAX@Z 00016f80 f i minwave.obj
 0001:00006cd0       ??_ECMiniportWaveCyclicHDA@@UAEPAXI@Z 00016fb0 f i minwave.obj
 0001:00006cd0       ??_GCMiniportWaveCyclicHDA@@UAEPAXI@Z 00016fb0 f i minwave.obj
 0001:00006d10       ??0CMyDmaChannel@@QAE@PAUIDmaChannel@@@Z 00016ff0 f i minwave.obj
 0001:00006dd0       ?QueryInterface@CMyDmaChannel@@UAGJABU_GUID@@PAPAX@Z 000170b0 f i minwave.obj
 0001:00006e30       _IsEqualGUID@8             00017110 f i minwave.obj
 0001:00006e60       ?AddRef@CMyDmaChannel@@UAGKXZ 00017140 f i minwave.obj
 0001:00006e80       ?Release@CMyDmaChannel@@UAGKXZ 00017160 f i minwave.obj
 0001:00006ed0       ?AllocateBuffer@CMyDmaChannel@@UAGJKPAT_LARGE_INTEGER@@@Z 000171b0 f i minwave.obj
 0001:00007070       ?FreeBuffer@CMyDmaChannel@@UAGXXZ 00017350 f i minwave.obj
 0001:000070c0       ?SystemAddress@CMyDmaChannel@@UAGPAXXZ 000173a0 f i minwave.obj
 0001:000070f0       ?CopyTo@CMyDmaChannel@@UAGXPAX0K@Z 000173d0 f i minwave.obj
 0001:00007170       ?CopyFrom@CMyDmaChannel@@UAGXPAX0K@Z 00017450 f i minwave.obj
 0001:000071a0       ?AllocatedBufferSize@CMyDmaChannel@@UAGKXZ 00017480 f i minwave.obj
 0001:000071d0       ?BufferSize@CMyDmaChannel@@UAGKXZ 000174b0 f i minwave.obj
 0001:00007200       ?SetBufferSize@CMyDmaChannel@@UAGXK@Z 000174e0 f i minwave.obj
 0001:00007230       ?PhysicalAddress@CMyDmaChannel@@UAG?AT_LARGE_INTEGER@@XZ 00017510 f i minwave.obj
 0001:00007290       ?MaximumBufferSize@CMyDmaChannel@@UAGKXZ 00017570 f i minwave.obj
 0001:000072c0       ?TransferCount@CMyDmaChannel@@UAGKXZ 000175a0 f i minwave.obj
 0001:000072e0       ?GetAdapterObject@CMyDmaChannel@@UAGPAU_DMA_ADAPTER@@XZ 000175c0 f i minwave.obj
 0001:00007300       ??0CMiniportWaveCyclicStreamHDA@@QAE@PAUIUnknown@@@Z 000175e0 f i minwave.obj
 0001:00007340       ?AddRef@CMiniportWaveCyclicStreamHDA@@UAGKXZ 00017620 f i minwave.obj
 0001:00007340       ?AddRef@CMiniportTopologyHDA@@UAGKXZ 00017620 f i minwave.obj
 0001:00007340       ?AddRef@CMiniportWaveCyclicHDA@@UAGKXZ 00017620 f i minwave.obj
 0001:00007370       ?Release@CMiniportWaveCyclicStreamHDA@@UAGKXZ 00017650 f i minwave.obj
 0001:00007370       ?Release@CMiniportTopologyHDA@@UAGKXZ 00017650 f i minwave.obj
 0001:00007370       ?Release@CMiniportWaveCyclicHDA@@UAGKXZ 00017650 f i minwave.obj
 0001:000073a0       ??_GCMiniportWaveCyclicStreamHDA@@UAEPAXI@Z 00017680 f i minwave.obj
 0001:000073a0       ??_ECMiniportWaveCyclicStreamHDA@@UAEPAXI@Z 00017680 f i minwave.obj
 0001:000073f9       ?GetPosition@CMiniportWaveCyclicStreamHDA@@UAGJPAK@Z 000176d9 f   minwave.obj
 0001:0000750e       ?NormalizePhysicalPosition@CMiniportWaveCyclicStreamHDA@@UAGJPA_J@Z 000177ee f   minwave.obj
 0001:000075b0       ?Silence@CMiniportWaveCyclicStreamHDA@@UAGXPAXK@Z 00017890 f   minwave.obj
 0001:000075ee       _DbgPrint                  000178ce f   ntoskrnl:ntoskrnl.exe
 0001:000075f4       _DbgBreakPoint@0           000178d4 f   ntoskrnl:ntoskrnl.exe
 0001:000075fa       __alldiv                   000178da f   ntoskrnl:ntoskrnl.exe
 0001:00007600       __allmul                   000178e0 f   ntoskrnl:ntoskrnl.exe
 0001:00007606       _PcInitializeAdapterDriver@12 000178e6 f   portcls:portcls.sys
 0001:0000760c       _PcAddAdapterDevice@20     000178ec f   portcls:portcls.sys
 0001:00007612       _PcRegisterSubdevice@12    000178f2 f   portcls:portcls.sys
 0001:00007618       _PcNewMiniport@8           000178f8 f   portcls:portcls.sys
 0001:0000761e       _PcNewPort@8               000178fe f   portcls:portcls.sys
 0001:00007624       _PcRegisterPhysicalConnection@20 00017904 f   portcls:portcls.sys
 0001:0000762a       _PcRegisterAdapterPowerManagement@8 0001790a f   portcls:portcls.sys
 0001:00007630       _PcNewResourceSublist@20   00017910 f   portcls:portcls.sys
 0001:00007636       _PcNewInterruptSync@20     00017916 f   portcls:portcls.sys
 0001:0000763c       _PcNewRegistryKey@36       0001791c f   portcls:portcls.sys
 0001:00007642       _PcNewServiceGroup@8       00017922 f   portcls:portcls.sys
 0001:00007650       ??0CUnknown@@QAE@PAUIUnknown@@@Z 00017930 f   stdunk:stdunk.obj
 0001:000076a0       ??_ECUnknown@@UAEPAXI@Z    00017980 f i stdunk:stdunk.obj
 0001:000076a0       ??_GCUnknown@@UAEPAXI@Z    00017980 f i stdunk:stdunk.obj
 0001:000076d0       ??0IUnknown@@QAE@XZ        000179b0 f i stdunk:stdunk.obj
 0001:000076d0       ??0INonDelegatingUnknown@@QAE@XZ 000179b0 f i stdunk:stdunk.obj
 0001:000076e0       ??1CUnknown@@UAE@XZ        000179c0 f   stdunk:stdunk.obj
 0001:00007700       ?NonDelegatingAddRef@CUnknown@@UAGKXZ 000179e0 f   stdunk:stdunk.obj
 0001:00007740       ?NonDelegatingRelease@CUnknown@@UAGKXZ 00017a20 f   stdunk:stdunk.obj
 0001:000077c0       ?NonDelegatingQueryInterface@CUnknown@@UAGJABU_GUID@@PAPAX@Z 00017aa0 f   stdunk:stdunk.obj
 0002:00000000       __imp_@ExAcquireFastMutex@4 00017b20     hal:HAL.dll
 0002:00000004       __imp_@KfAcquireSpinLock@4 00017b24     hal:HAL.dll
 0002:00000008       __imp_@KfReleaseSpinLock@8 00017b28     hal:HAL.dll
 0002:0000000c       __imp_@ExReleaseFastMutex@4 00017b2c     hal:HAL.dll
 0002:00000010       __imp__KeStallExecutionProcessor@4 00017b30     hal:HAL.dll
 0002:00000014       __imp__KeGetCurrentIrql@0  00017b34     hal:HAL.dll
 0002:00000018       \177HAL_NULL_THUNK_DATA    00017b38     hal:HAL.dll
 0002:0000001c       __imp__KeInitializeEvent@12 00017b3c     ntoskrnl:ntoskrnl.exe
 0002:00000020       __imp__MmUnmapIoSpace@8    00017b40     ntoskrnl:ntoskrnl.exe
 0002:00000024       __imp__RtlInitUnicodeString@8 00017b44     ntoskrnl:ntoskrnl.exe
 0002:00000028       __imp__READ_REGISTER_ULONG@4 00017b48     ntoskrnl:ntoskrnl.exe
 0002:0000002c       __imp__WRITE_REGISTER_ULONG@8 00017b4c     ntoskrnl:ntoskrnl.exe
 0002:00000030       __imp__READ_REGISTER_UCHAR@4 00017b50     ntoskrnl:ntoskrnl.exe
 0002:00000034       __imp__KeInitializeSpinLock@4 00017b54     ntoskrnl:ntoskrnl.exe
 0002:00000038       __imp__WRITE_REGISTER_UCHAR@8 00017b58     ntoskrnl:ntoskrnl.exe
 0002:0000003c       __imp__READ_REGISTER_USHORT@4 00017b5c     ntoskrnl:ntoskrnl.exe
 0002:00000040       __imp__WRITE_REGISTER_USHORT@8 00017b60     ntoskrnl:ntoskrnl.exe
 0002:00000044       __imp_@ObfDereferenceObject@4 00017b64     ntoskrnl:ntoskrnl.exe
 0002:00000048       __imp__KeWaitForSingleObject@20 00017b68     ntoskrnl:ntoskrnl.exe
 0002:0000004c       __imp_@IofCallDriver@8     00017b6c     ntoskrnl:ntoskrnl.exe
 0002:00000050       __imp__IoBuildSynchronousFsdRequest@28 00017b70     ntoskrnl:ntoskrnl.exe
 0002:00000054       __imp__IoGetAttachedDeviceReference@4 00017b74     ntoskrnl:ntoskrnl.exe
 0002:00000058       __imp__IoGetDmaAdapter@12  00017b78     ntoskrnl:ntoskrnl.exe
 0002:0000005c       __imp__MmMapIoSpace@16     00017b7c     ntoskrnl:ntoskrnl.exe
 0002:00000060       __imp_@InterlockedCompareExchange@12 00017b80     ntoskrnl:ntoskrnl.exe
 0002:00000064       __imp__KeSetEvent@12       00017b84     ntoskrnl:ntoskrnl.exe
 0002:00000068       __imp_@InterlockedExchange@8 00017b88     ntoskrnl:ntoskrnl.exe
 0002:0000006c       __imp__KeSetTimerEx@20     00017b8c     ntoskrnl:ntoskrnl.exe
 0002:00000070       __imp__KeInitializeDpc@12  00017b90     ntoskrnl:ntoskrnl.exe
 0002:00000074       __imp__RtlAssert@16        00017b94     ntoskrnl:ntoskrnl.exe
 0002:00000078       __imp__KeRemoveQueueDpc@4  00017b98     ntoskrnl:ntoskrnl.exe
 0002:0000007c       __imp__KeCancelTimer@4     00017b9c     ntoskrnl:ntoskrnl.exe
 0002:00000080       __imp_@InterlockedIncrement@4 00017ba0     ntoskrnl:ntoskrnl.exe
 0002:00000084       __imp_@InterlockedDecrement@4 00017ba4     ntoskrnl:ntoskrnl.exe
 0002:00000088       __imp__KeInitializeMutex@8 00017ba8     ntoskrnl:ntoskrnl.exe
 0002:0000008c       __imp__KeReleaseMutex@8    00017bac     ntoskrnl:ntoskrnl.exe
 0002:00000090       __imp___alldiv             00017bb0     ntoskrnl:ntoskrnl.exe
 0002:00000094       __imp___allmul             00017bb4     ntoskrnl:ntoskrnl.exe
 0002:00000098       __imp__ExAllocatePoolWithTag@12 00017bb8     ntoskrnl:ntoskrnl.exe
 0002:0000009c       __imp__ExFreePool@4        00017bbc     ntoskrnl:ntoskrnl.exe
 0002:000000a0       __imp__DbgBreakPoint@0     00017bc0     ntoskrnl:ntoskrnl.exe
 0002:000000a4       __imp__DbgPrint            00017bc4     ntoskrnl:ntoskrnl.exe
 0002:000000a8       __imp__KeClearEvent@4      00017bc8     ntoskrnl:ntoskrnl.exe
 0002:000000ac       __imp__ExQueueWorkItem@8   00017bcc     ntoskrnl:ntoskrnl.exe
 0002:000000b0       __imp__KeInitializeTimer@4 00017bd0     ntoskrnl:ntoskrnl.exe
 0002:000000b4       \177ntoskrnl_NULL_THUNK_DATA 00017bd4     ntoskrnl:ntoskrnl.exe
 0002:000000b8       __imp__PcRegisterAdapterPowerManagement@8 00017bd8     portcls:portcls.sys
 0002:000000bc       __imp__PcAddAdapterDevice@20 00017bdc     portcls:portcls.sys
 0002:000000c0       __imp__PcRegisterSubdevice@12 00017be0     portcls:portcls.sys
 0002:000000c4       __imp__PcNewMiniport@8     00017be4     portcls:portcls.sys
 0002:000000c8       __imp__PcNewPort@8         00017be8     portcls:portcls.sys
 0002:000000cc       __imp__PcRegisterPhysicalConnection@20 00017bec     portcls:portcls.sys
 0002:000000d0       __imp__PcInitializeAdapterDriver@12 00017bf0     portcls:portcls.sys
 0002:000000d4       __imp__PcNewResourceSublist@20 00017bf4     portcls:portcls.sys
 0002:000000d8       __imp__PcNewInterruptSync@20 00017bf8     portcls:portcls.sys
 0002:000000dc       __imp__PcNewRegistryKey@36 00017bfc     portcls:portcls.sys
 0002:000000e0       __imp__PcNewServiceGroup@8 00017c00     portcls:portcls.sys
 0002:000000e4       \177portcls_NULL_THUNK_DATA 00017c04     portcls:portcls.sys
 0002:00000160       _IID_IAdapterCommon        00017c80     adapter.obj
 0002:00000170       _CLSID_MiniportDriverFmSynth 00017c90     adapter.obj
 0002:00000180       _CLSID_PortWaveCyclic      00017ca0     adapter.obj
 0002:00000190       _CLSID_PortTopology        00017cb0     adapter.obj
 0002:000001a0       _CLSID_PortMidi            00017cc0     adapter.obj
 0002:000001b0       _IID_IAdapterPowerManagment 00017cd0     adapter.obj
 0002:000001c0       _IID_IMiniportWaveCyclicStream 00017ce0     adapter.obj
 0002:000001d0       _IID_IMiniportWaveCyclic   00017cf0     adapter.obj
 0002:000001e0       _IID_IPortWaveCyclic       00017d00     adapter.obj
 0002:000001f0       _IID_IMiniportTopology     00017d10     adapter.obj
 0002:00000200       _IID_IDmaChannel           00017d20     adapter.obj
 0002:00000210       _IID_IMiniport             00017d30     adapter.obj
 0002:00000220       _IID_IUnknown              00017d40     adapter.obj
 0002:00000230       ??_C@_1BE@FFBG@?$AAU?$AAs?$AAe?$AAD?$AAm?$AAa?$AAP?$AAo?$AAs?$AA?$AA@ 00017d50     common.obj
 0002:00000244       ??_C@_1CA@DADJ@?$AAU?$AAs?$AAe?$AAD?$AAi?$AAs?$AAa?$AAb?$AAl?$AAe?$AAd?$AAP?$AAi?$AAn?$AAs?$AA?$AA@ 00017d64     common.obj
 0002:00000264       ??_C@_1BC@MBIB@?$AAU?$AAs?$AAe?$AAS?$AAP?$AAD?$AAI?$AAF?$AA?$AA@ 00017d84     common.obj
 0002:00000278       ??_C@_1BE@ONOC@?$AAU?$AAs?$AAe?$AAA?$AAl?$AAt?$AAO?$AAu?$AAt?$AA?$AA@ 00017d98     common.obj
 0002:0000028c       ??_C@_1BO@LMMA@?$AAS?$AAk?$AAi?$AAp?$AAC?$AAo?$AAd?$AAe?$AAc?$AAR?$AAe?$AAs?$AAe?$AAt?$AA?$AA@ 00017dac     common.obj
 0002:000002ac       ??_C@_1CI@JKGI@?$AAS?$AAk?$AAi?$AAp?$AAC?$AAo?$AAn?$AAt?$AAr?$AAo?$AAl?$AAl?$AAe?$AAr?$AAR?$AAe?$AAs?$AAe?$AAt?$AA?$AA@ 00017dcc     common.obj
 0002:000002d4       ??_C@_1BE@ENEK@?$AAR?$AAi?$AAg?$AAh?$AAt?$AAB?$AAa?$AAs?$AAs?$AA?$AA@ 00017df4     common.obj
 0002:000002e8       ??_C@_1BC@JMJO@?$AAL?$AAe?$AAf?$AAt?$AAB?$AAa?$AAs?$AAs?$AA?$AA@ 00017e08     common.obj
 0002:000002fc       ??_C@_1BI@KGAJ@?$AAR?$AAi?$AAg?$AAh?$AAt?$AAT?$AAr?$AAe?$AAb?$AAl?$AAe?$AA?$AA@ 00017e1c     common.obj
 0002:00000314       ??_C@_1BG@BGGD@?$AAL?$AAe?$AAf?$AAt?$AAT?$AAr?$AAe?$AAb?$AAl?$AAe?$AA?$AA@ 00017e34     common.obj
 0002:0000032c       ??_C@_1O@IECC@?$AAM?$AAi?$AAc?$AAA?$AAG?$AAC?$AA?$AA@ 00017e4c     common.obj
 0002:0000033c       ??_C@_1CA@EJHI@?$AAR?$AAi?$AAg?$AAh?$AAt?$AAO?$AAu?$AAt?$AAp?$AAu?$AAt?$AAG?$AAa?$AAi?$AAn?$AA?$AA@ 00017e5c     common.obj
 0002:0000035c       ??_C@_1BO@PPLI@?$AAL?$AAe?$AAf?$AAt?$AAO?$AAu?$AAt?$AAp?$AAu?$AAt?$AAG?$AAa?$AAi?$AAn?$AA?$AA@ 00017e7c     common.obj
 0002:0000037c       ??_C@_1BO@PMCJ@?$AAR?$AAi?$AAg?$AAh?$AAt?$AAI?$AAn?$AAp?$AAu?$AAt?$AAG?$AAa?$AAi?$AAn?$AA?$AA@ 00017e9c     common.obj
 0002:0000039c       ??_C@_1BM@CFEM@?$AAL?$AAe?$AAf?$AAt?$AAI?$AAn?$AAp?$AAu?$AAt?$AAG?$AAa?$AAi?$AAn?$AA?$AA@ 00017ebc     common.obj
 0002:000003b8       ??_C@_1CA@CIKM@?$AAR?$AAi?$AAg?$AAh?$AAt?$AAI?$AAn?$AAp?$AAu?$AAt?$AAM?$AAi?$AAx?$AAe?$AAr?$AA?$AA@ 00017ed8     common.obj
 0002:000003d8       ??_C@_1BO@JOGM@?$AAL?$AAe?$AAf?$AAt?$AAI?$AAn?$AAp?$AAu?$AAt?$AAM?$AAi?$AAx?$AAe?$AAr?$AA?$AA@ 00017ef8     common.obj
 0002:000003f8       ??_C@_1BI@BMOJ@?$AAO?$AAu?$AAt?$AAp?$AAu?$AAt?$AAM?$AAi?$AAx?$AAe?$AAr?$AA?$AA@ 00017f18     common.obj
 0002:00000410       ??_C@_1BE@GLOL@?$AAP?$AAc?$AAS?$AAp?$AAk?$AAr?$AAV?$AAo?$AAl?$AA?$AA@ 00017f30     common.obj
 0002:00000424       ??_C@_1O@MNBB@?$AAM?$AAi?$AAc?$AAV?$AAo?$AAl?$AA?$AA@ 00017f44     common.obj
 0002:00000434       ??_C@_1BO@HCKE@?$AAR?$AAi?$AAg?$AAh?$AAt?$AAL?$AAi?$AAn?$AAe?$AAI?$AAn?$AAV?$AAo?$AAl?$AA?$AA@ 00017f54     common.obj
 0002:00000454       ??_C@_1BM@KLMB@?$AAL?$AAe?$AAf?$AAt?$AAL?$AAi?$AAn?$AAe?$AAI?$AAn?$AAV?$AAo?$AAl?$AA?$AA@ 00017f74     common.obj
 0002:00000470       ??_C@_1BG@COJL@?$AAR?$AAi?$AAg?$AAh?$AAt?$AAC?$AAD?$AAV?$AAo?$AAl?$AA?$AA@ 00017f90     common.obj
 0002:00000488       ??_C@_1BE@KMKA@?$AAL?$AAe?$AAf?$AAt?$AAC?$AAD?$AAV?$AAo?$AAl?$AA?$AA@ 00017fa8     common.obj
 0002:0000049c       ??_C@_1BK@JCIM@?$AAR?$AAi?$AAg?$AAh?$AAt?$AAM?$AAi?$AAd?$AAi?$AAV?$AAo?$AAl?$AA?$AA@ 00017fbc     common.obj
 0002:000004b8       ??_C@_1BI@KBIJ@?$AAL?$AAe?$AAf?$AAt?$AAM?$AAi?$AAd?$AAi?$AAV?$AAo?$AAl?$AA?$AA@ 00017fd8     common.obj
 0002:000004d0       ??_C@_1BK@MFCG@?$AAR?$AAi?$AAg?$AAh?$AAt?$AAW?$AAa?$AAv?$AAe?$AAV?$AAo?$AAl?$AA?$AA@ 00017ff0     common.obj
 0002:000004ec       ??_C@_1BI@PGCD@?$AAL?$AAe?$AAf?$AAt?$AAW?$AAa?$AAv?$AAe?$AAV?$AAo?$AAl?$AA?$AA@ 0001800c     common.obj
 0002:00000504       ??_C@_1BO@NHA@?$AAR?$AAi?$AAg?$AAh?$AAt?$AAM?$AAa?$AAs?$AAt?$AAe?$AAr?$AAV?$AAo?$AAl?$AA?$AA@ 00018024     common.obj
 0002:00000524       ??_C@_1BM@NEBF@?$AAL?$AAe?$AAf?$AAt?$AAM?$AAa?$AAs?$AAt?$AAe?$AAr?$AAV?$AAo?$AAl?$AA?$AA@ 00018044     common.obj
 0002:00000540       ??_7CAdapterCommon@@6BCUnknown@@@ 00018060     common.obj
 0002:00000550       ??_7CAdapterCommon@@6BIAdapterPowerManagement@@@ 00018070     common.obj
 0002:00000568       ??_7CAdapterCommon@@6BIAdapterCommon@@@ 00018088     common.obj
 0002:00000690       ??_7CMiniportTopologyHDA@@6BCUnknown@@@ 000181b0     mintopo.obj
 0002:000006a0       ??_7CMiniportTopologyHDA@@6BIMiniportTopology@@@ 000181c0     mintopo.obj
 0002:000006b8       ??_7CMiniportWaveCyclicHDA@@6BCUnknown@@@ 000181d8     minwave.obj
 0002:000006c8       ??_7CMiniportWaveCyclicHDA@@6BIMiniportWaveCyclic@@@ 000181e8     minwave.obj
 0002:000006e4       ??_C@_09BAJA@SSE2?5?$CFd?5?6?$AA@ 00018204     minwave.obj
 0002:000006f0       ??_7CMyDmaChannel@@6B@     00018210     minwave.obj
 0002:0000072c       ??_C@_0DG@LDEH@Aligned?5DMA?5view?5invalid?5?$CIoff?$DN?$CFl@ 0001824c     minwave.obj
 0002:00000764       ??_7CMiniportWaveCyclicStreamHDA@@6BCUnknown@@@ 00018284     minwave.obj
 0002:00000774       ??_7CMiniportWaveCyclicStreamHDA@@6BIMiniportWaveCyclicStream@@@ 00018294     minwave.obj
 0002:00000798       ??_7CUnknown@@6B@          000182b8     stdunk:stdunk.obj
 0002:000007a8       ??_C@_0BB@CHNF@m_lRefCount?5?$DO?$DN?50?$AA@ 000182c8     stdunk:stdunk.obj
 0002:000007bc       ??_C@_0N@DIKJ@?4?2stdunk?4cpp?$AA@ 000182dc     stdunk:stdunk.obj
 0002:000007cc       ??_C@_0BA@HPDB@m_lRefCount?5?$DO?50?$AA@ 000182ec     stdunk:stdunk.obj
 0002:000007dc       ??_C@_06DPDC@ppVoid?$AA@   000182fc     stdunk:stdunk.obj
 0003:00000000       ?ulDebugOut@@3KA           00018320     adapter.obj
 0003:00000008       __GUID_b7902fe9_fb0a_11d1_81b0_0060083316c1 00018328     adapter.obj
 0003:00000018       __GUID_d3f0ce1c_fffc_11d1_81b0_0060083316c1 00018338     adapter.obj
 0003:00000028       __GUID_c096df9c_fb09_11d1_81b0_0060083316c1 00018348     adapter.obj
 0003:00000140       ?BdlSize@@3KA              00018460     common.obj
 0003:00000840       __GUID_185fedf6_9905_11d1_95a9_00c04fb925d3 00018b60     mintopo.obj
 0003:00000850       __GUID_185fedef_9905_11d1_95a9_00c04fb925d3 00018b70     mintopo.obj
 0003:00000860       __GUID_185fede1_9905_11d1_95a9_00c04fb925d3 00018b80     mintopo.obj
 0003:00000870       __GUID_185fede0_9905_11d1_95a9_00c04fb925d3 00018b90     mintopo.obj
 0003:00000880       __GUID_7607e580_c557_11d0_8a2b_00a0c9255ac1 00018ba0     mintopo.obj
 0003:00000890       __GUID_185fede3_9905_11d1_95a9_00c04fb925d3 00018bb0     mintopo.obj
 0003:000008a0       __GUID_da441a60_c556_11d0_8a2b_00a0c9255ac1 00018bc0     mintopo.obj
 0003:000008b0       __GUID_185fedee_9905_11d1_95a9_00c04fb925d3 00018bd0     mintopo.obj
 0003:000008c0       __GUID_02b223c0_c557_11d0_8a2b_00a0c9255ac1 00018be0     mintopo.obj
 0003:000008d0       __GUID_185feded_9905_11d1_95a9_00c04fb925d3 00018bf0     mintopo.obj
 0003:000008e0       __GUID_e88c9ba0_c557_11d0_8a2b_00a0c9255ac1 00018c00     mintopo.obj
 0003:000008f0       __GUID_185fedec_9905_11d1_95a9_00c04fb925d3 00018c10     mintopo.obj
 0003:00000900       __GUID_185fedeb_9905_11d1_95a9_00c04fb925d3 00018c20     mintopo.obj
 0003:00000910       __GUID_185fedea_9905_11d1_95a9_00c04fb925d3 00018c30     mintopo.obj
 0003:00000920       __GUID_185fede9_9905_11d1_95a9_00c04fb925d3 00018c40     mintopo.obj
 0003:00000930       __GUID_185fede8_9905_11d1_95a9_00c04fb925d3 00018c50     mintopo.obj
 0003:00000940       __GUID_e573adc0_c555_11d0_8a2b_00a0c9255ac1 00018c60     mintopo.obj
 0003:00000950       __GUID_185fede7_9905_11d1_95a9_00c04fb925d3 00018c70     mintopo.obj
 0003:00000960       __GUID_185fede5_9905_11d1_95a9_00c04fb925d3 00018c80     mintopo.obj
 0003:00000970       __GUID_3a5acc00_c557_11d0_8a2b_00a0c9255ac1 00018c90     mintopo.obj
 0003:00000980       __GUID_45ffaaa0_6e1b_11d0_bcf2_444553540000 00018ca0     mintopo.obj
 0003:00000990       __GUID_6994ad04_93ef_11d0_a3cc_00a0c9223196 00018cb0     mintopo.obj
 0003:000009a0       __GUID_185fedf7_9905_11d1_95a9_00c04fb925d3 00018cc0     mintopo.obj
 0003:000009b0       __GUID_dff21ce1_f70f_11d0_b917_00a0c9223196 00018cd0     mintopo.obj
 0003:000009c0       __GUID_dff21be1_f70f_11d0_b917_00a0c9223196 00018ce0     mintopo.obj
 0003:000009d0       __GUID_185fedf9_9905_11d1_95a9_00c04fb925d3 00018cf0     mintopo.obj
 0003:000009e0       __GUID_dff21fe3_f70f_11d0_b917_00a0c9223196 00018d00     mintopo.obj
 0003:000009f0       __GUID_185fedfb_9905_11d1_95a9_00c04fb925d3 00018d10     mintopo.obj
 0003:00000a00       __GUID_dff220e3_f70f_11d0_b917_00a0c9223196 00018d20     mintopo.obj
 0003:00000a10       __GUID_185fedf8_9905_11d1_95a9_00c04fb925d3 00018d30     mintopo.obj
 0003:00000a20       __GUID_dff220f3_f70f_11d0_b917_00a0c9223196 00018d40     mintopo.obj
 0003:00000a30       __GUID_dff21fe4_f70f_11d0_b917_00a0c9223196 00018d50     mintopo.obj
 0003:00000a40       __GUID_97e99ba0_bdea_11cf_a5d6_28db04c10000 00018d60     mintopo.obj
 0003:00000c88       __GUID_507ae360_c554_11d0_8a2b_00a0c9255ac1 00018fa8     minwave.obj
 0003:00000c98       __GUID_4d837fe0_c555_11d0_8a2b_00a0c9255ac1 00018fb8     minwave.obj
 0003:00000ca8       __GUID_185fedfa_9905_11d1_95a9_00c04fb925d3 00018fc8     minwave.obj
 0003:00000cb8       __GUID_fb6c4281_0353_11d1_905f_0000c0cc16ba 00018fd8     minwave.obj
 0003:00000cc8       __GUID_05589f81_c356_11ce_bf01_00aa0055595a 00018fe8     minwave.obj
 0003:00000cd8       __GUID_00000001_0000_0010_8000_00aa00389b71 00018ff8     minwave.obj
 0003:00000ce8       __GUID_73647561_0000_0010_8000_00aa00389b71 00019008     minwave.obj
 0003:00000cf8       __GUID_518590a2_a184_11d0_8522_00c04fd9baf3 00019018     minwave.obj
 0003:00000d08       __GUID_0f6417d6_c318_11d0_a43f_00a0c9223196 00019028     minwave.obj
 0003:00000d18       ?PDO@@3PAU_DEVICE_OBJECT@@A 00019038     adapter.obj
 0003:00000d20       __GUID_00000000_0000_0000_0000_000000000000 00019040     adapter.obj
 0004:000000ae       _AddDevice@8               0001910e f   adapter.obj
 0004:0000036a       ?InstallSubdevice@@YGJPAU_DEVICE_OBJECT@@PAU_IRP@@PAGABU_GUID@@3P6GJPAPAUIUnknown@@3PAU4@W4_POOL_TYPE@@@Z5PAUIResourceList@@344@Z 000193ca f   adapter.obj
 0004:0000076e       ?StartDevice@@YGJPAU_DEVICE_OBJECT@@PAU_IRP@@PAUIResourceList@@@Z 000197ce f   adapter.obj
 0004:00000f6e       ?AssignResources@@YGJPAUIResourceList@@PAPAU1@11111@Z 00019fce f   adapter.obj
 0004:000014d8       ?NewAdapterCommon@@YGJPAPAUIUnknown@@ABU_GUID@@PAU1@W4_POOL_TYPE@@@Z 0001a538 f   common.obj
 0004:00002171       ?Init@CAdapterCommon@@UAGJPAUIResourceList@@PAU_DEVICE_OBJECT@@1@Z 0001b1d1 f   common.obj
 0004:00003b62       ??1CAdapterCommon@@UAE@XZ  0001cbc2 f   common.obj
 0004:00003f90       ??_GHDA_Codec@@QAEPAXI@Z   0001cff0 f i common.obj
 0004:00004017       ?NonDelegatingQueryInterface@CAdapterCommon@@UAGJABU_GUID@@PAPAX@Z 0001d077 f   common.obj
 0004:0000416e       ?WavePortDriverDest@CAdapterCommon@@UAGPAPAUIUnknown@@XZ 0001d1ce f   common.obj
 0004:0000420e       ?GetInterruptSync@CAdapterCommon@@UAGPAUIInterruptSync@@XZ 0001d26e f   common.obj
 0004:000042ae       ?GetDeviceDescription@CAdapterCommon@@UAGPAU_DEVICE_DESCRIPTION@@XZ 0001d30e f   common.obj
 0004:0000434e       ?MidiPortDriverDest@CAdapterCommon@@UAGPAPAUIUnknown@@XZ 0001d3ae f   common.obj
 0004:000043ee       ?SetWaveServiceGroup@CAdapterCommon@@UAGXPAUIServiceGroup@@@Z 0001d44e f   common.obj
 0004:00004bce       ?InitHDAController@CAdapterCommon@@QAGJXZ 0001dc2e f   common.obj
 0004:00005dce       ?TryInitializeCodecSlot@CAdapterCommon@@AAGJEPBD@Z 0001ee2e f   common.obj
 0004:00006012       ?ReadRegistryBoolean@CAdapterCommon@@AAGEPBGE@Z 0001f072 f   common.obj
 0004:000061f8       ?CreateMiniportTopologyHDA@@YGJPAPAUIUnknown@@ABU_GUID@@PAU1@W4_POOL_TYPE@@@Z 0001f258 f   mintopo.obj
 0004:0000636a       ?ProcessResources@CMiniportTopologyHDA@@AAEJPAUIResourceList@@@Z 0001f3ca f   mintopo.obj
 0004:000064ea       ?NonDelegatingQueryInterface@CMiniportTopologyHDA@@UAGJABU_GUID@@PAPAX@Z 0001f54a f   mintopo.obj
 0004:0000668e       ??1CMiniportTopologyHDA@@UAE@XZ 0001f6ee f   mintopo.obj
 0004:00006866       ?Init@CMiniportTopologyHDA@@UAGJPAUIUnknown@@PAUIResourceList@@PAUIPortTopology@@@Z 0001f8c6 f   mintopo.obj
 0004:00006a7a       ?GetDescription@CMiniportTopologyHDA@@UAGJPAPAUPCFILTER_DESCRIPTOR@@@Z 0001fada f   mintopo.obj
 0004:00008238       ?CreateMiniportWaveCyclicHDA@@YGJPAPAUIUnknown@@ABU_GUID@@PAU1@W4_POOL_TYPE@@@Z 00021298 f   minwave.obj
 0004:000084f6       ?ProcessResources@CMiniportWaveCyclicHDA@@AAEJPAUIResourceList@@@Z 00021556 f   minwave.obj
 0004:000089a2       ?ValidateFormat@CMiniportWaveCyclicHDA@@AAEJPATKSDATAFORMAT@@@Z 00021a02 f   minwave.obj
 0004:00008bde       ?NonDelegatingQueryInterface@CMiniportWaveCyclicHDA@@UAGJABU_GUID@@PAPAX@Z 00021c3e f   minwave.obj
 0004:00008d92       ??1CMiniportWaveCyclicHDA@@UAE@XZ 00021df2 f   minwave.obj
 0004:00008f86       ?Init@CMiniportWaveCyclicHDA@@UAGJPAUIUnknown@@PAUIResourceList@@PAUIPortWaveCyclic@@@Z 00021fe6 f   minwave.obj
 0004:0000921e       ?GetDescription@CMiniportWaveCyclicHDA@@UAGJPAPAUPCFILTER_DESCRIPTOR@@@Z 0002227e f   minwave.obj
 0004:000093fa       ?DataRangeIntersection@CMiniportWaveCyclicHDA@@UAGJKPATKSDATAFORMAT@@0KPAXPAK@Z 0002245a f   minwave.obj
 0004:000099ea       ?NewStream@CMiniportWaveCyclicHDA@@UAGJPAPAUIMiniportWaveCyclicStream@@PAUIUnknown@@W4_POOL_TYPE@@KEPATKSDATAFORMAT@@PAPAUIDmaChannel@@PAPAUIServiceGroup@@@Z 00022a4a f   minwave.obj
 0004:00009d82       ?NonDelegatingQueryInterface@CMiniportWaveCyclicStreamHDA@@UAGJABU_GUID@@PAPAX@Z 00022de2 f   minwave.obj
 0004:00009f1e       ??1CMiniportWaveCyclicStreamHDA@@UAE@XZ 00022f7e f   minwave.obj
 0004:0000a1a0       ?Init@CMiniportWaveCyclicStreamHDA@@QAEJPAVCMiniportWaveCyclicHDA@@KEPATKSDATAFORMAT@@PAUIDmaChannel@@@Z 00023200 f   minwave.obj
 0004:0000a452       ?SetNotificationFreq@CMiniportWaveCyclicStreamHDA@@UAGKKPAK@Z 000234b2 f   minwave.obj
 0004:0000a5e6       ?SetFormat@CMiniportWaveCyclicStreamHDA@@UAGJPATKSDATAFORMAT@@@Z 00023646 f   minwave.obj
 0004:0000a80e       ?SetState@CMiniportWaveCyclicStreamHDA@@UAGJW4KSSTATE@@@Z 0002386e f   minwave.obj
 0005:0000003e       _DriverEntry@8             00023b9e f   adapter.obj
 0005:000000ac       __IMPORT_DESCRIPTOR_ntoskrnl 00023c0c     ntoskrnl:ntoskrnl.exe
 0005:000000c0       __IMPORT_DESCRIPTOR_HAL    00023c20     hal:HAL.dll
 0005:000000d4       __IMPORT_DESCRIPTOR_portcls 00023c34     portcls:portcls.sys
 0005:000000e8       __NULL_IMPORT_DESCRIPTOR   00023c48     ntoskrnl:ntoskrnl.exe

 entry point at        0005:0000003e

 Static symbols

 0004:00006bce       ?PropertyHandler_OnOff@@YGJPAU_PCPROPERTY_REQUEST@@@Z 0001fc2e f   mintopo.obj
 0004:00006fe6       ?PropertyHandler_SuperMixCaps@@YGJPAU_PCPROPERTY_REQUEST@@@Z 00020046 f   mintopo.obj
 0004:000075e6       ?PropertyHandler_SuperMixTable@@YGJPAU_PCPROPERTY_REQUEST@@@Z 00020646 f   mintopo.obj
 0004:00007d16       ?PropertyHandler_CpuResources@@YGJPAU_PCPROPERTY_REQUEST@@@Z 00020d76 f   mintopo.obj
 0001:0000652e       ?PropertyHandler_Level@@YGJPAU_PCPROPERTY_REQUEST@@@Z 0001680e f   mintopo.obj
 0004:00007f66       ?BasicSupportHandler@@YGJPAU_PCPROPERTY_REQUEST@@@Z 00020fc6 f   mintopo.obj
 0001:00000190       ?AllocateAlignedCommonBuffer@@YGJPAU_DMA_ADAPTER@@KKPAU_HDA_DMA_COMMON_BUFFER@@@Z 00010470 f   common.obj
 0001:00000310       ?ResetCommonBufferDescriptor@@YGXPAU_HDA_DMA_COMMON_BUFFER@@@Z 000105f0 f   common.obj
 0001:00000330       ?FreeAlignedCommonBuffer@@YGXPAU_DMA_ADAPTER@@PAU_HDA_DMA_COMMON_BUFFER@@@Z 00010610 f   common.obj

 354 bytes saved through ICF

