 HDA

 Timestamp is 6961962a (Fri Jan 09 15:58:34 2026)

 Preferred load address is 00010000

 Start         Length     Name                   Class
 0001:00000000 00003a9cH .text                   CODE
 0002:00000000 000000b8H .idata$5                DATA
 0002:000000b8 000006b0H .rdata                  DATA
 0003:00000000 00000d70H .data                   DATA
 0003:00000d70 00000014H .bss                    DATA
 0004:00000000 0000c050H PAGE                    CODE
 0005:00000000 000000a9H INIT                    CODE
 0005:000000ac 0000003cH .idata$2                CODE
 0005:000000e8 00000014H .idata$3                CODE
 0005:000000fc 000000b8H .idata$4                CODE
 0005:000001b4 000003b4H .idata$6                CODE
 0006:00000000 00000058H .rsrc$01                DATA
 0006:00000060 000003d8H .rsrc$02                DATA

  Address         Publics by Value              Rva+Base     Lib:Object

 0001:00000000       ??3@YAXPAX@Z               000102e0 f i common.obj
 0001:00000010       ??2@YGPAXIW4_POOL_TYPE@@K@Z 000102f0 f i common.obj
 0001:00000050       ??0CAdapterCommon@@QAE@PAUIUnknown@@@Z 00010330 f i common.obj
 0001:000000a0       ?QueryInterface@CAdapterCommon@@UAGJABU_GUID@@PAPAX@Z 00010380 f i common.obj
 0001:000000d0       ?GetOuterUnknown@CUnknown@@QAEPAUIUnknown@@XZ 000103b0 f i common.obj
 0001:000000f0       ?AddRef@CAdapterCommon@@UAGKXZ 000103d0 f i common.obj
 0001:00000120       ?Release@CAdapterCommon@@UAGKXZ 00010400 f i common.obj
 0001:00000150       ??_ECAdapterCommon@@UAEPAXI@Z 00010430 f i common.obj
 0001:00000150       ??_GCAdapterCommon@@UAEPAXI@Z 00010430 f i common.obj
 0001:00000190       ??0IUnknown@@QAE@XZ        00010470 f i common.obj
 0001:000001a0       _IsEqualGUIDAligned@8      00010480 f i common.obj
 0001:00000220       ?hda_check_headphone_connection_change@CAdapterCommon@@QAGXXZ 00010500 f   common.obj
 0001:000002e0       ?hda_is_supported_sample_rate@CAdapterCommon@@QAGEK@Z 000105c0 f   common.obj
 0001:000003f6       ?hda_send_verb@CAdapterCommon@@QAGKKKKK@Z 000106d6 f   common.obj
 0001:000006f2       ?ReadController@CAdapterCommon@@UAGEXZ 000109d2 f   common.obj
 0001:00000796       ?WriteController@CAdapterCommon@@UAGEE@Z 00010a76 f   common.obj
 0001:000008a2       ?MixerRegWrite@CAdapterCommon@@UAGXEE@Z 00010b82 f   common.obj
 0001:00000a7a       ?MixerRegRead@CAdapterCommon@@UAGEE@Z 00010d5a f   common.obj
 0001:00000b5e       ?MixerReset@CAdapterCommon@@UAGXXZ 00010e3e f   common.obj
 0001:00000bfe       ?AcknowledgeIRQ@CAdapterCommon@@AAE?AW4_HDA_INTERRUPT_TYPE@@XZ 00010ede f   common.obj
 0001:00000ea2       ?ResetController@CAdapterCommon@@UAGJXZ 00011182 f   common.obj
 0001:00000f46       ?RestoreMixerSettingsFromRegistry@CAdapterCommon@@UAGJXZ 00011226 f   common.obj
 0001:000011f2       ?SaveMixerSettingsToRegistry@CAdapterCommon@@UAGJXZ 000114d2 f   common.obj
 0001:000014e2       ?ProgramSampleRate@CAdapterCommon@@UAGJK@Z 000117c2 f   common.obj
 0001:000017d6       ?PowerChangeState@CAdapterCommon@@UAGXT_POWER_STATE@@@Z 00011ab6 f   common.obj
 0001:000019c6       ?QueryPowerChangeState@CAdapterCommon@@UAGJT_POWER_STATE@@@Z 00011ca6 f   common.obj
 0001:00001a4a       ?QueryDeviceCapabilities@CAdapterCommon@@UAGJPAU_DEVICE_CAPABILITIES@@@Z 00011d2a f   common.obj
 0001:00001afa       ?InterruptServiceRoutine@@YGJPAUIInterruptSync@@PAX@Z 00011dda f   common.obj
 0001:00001c86       ?hda_stop_stream@CAdapterCommon@@UAGJXZ 00011f66 f   common.obj
 0001:00001f00       ?hda_start_sound@CAdapterCommon@@UAGXXZ 000121e0 f   common.obj
 0001:00001f6a       ?hda_stop_sound@CAdapterCommon@@UAGXXZ 0001224a f   common.obj
 0001:00002020       ?hda_get_actual_stream_position@CAdapterCommon@@UAGKXZ 00012300 f   common.obj
 0001:00002040       ?hda_set_volume@CAdapterCommon@@QAGXKE@Z 00012320 f   common.obj
 0001:000020b0       ?hda_set_node_gain@CAdapterCommon@@QAGXKKKKKE@Z 00012390 f   common.obj
 0001:00002150       ?readUCHAR@CAdapterCommon@@QAGEG@Z 00012430 f   common.obj
 0001:00002170       ?writeUCHAR@CAdapterCommon@@QAGXGE@Z 00012450 f   common.obj
 0001:000021a0       ?readUSHORT@CAdapterCommon@@QAGGG@Z 00012480 f   common.obj
 0001:000021c0       ?writeUSHORT@CAdapterCommon@@QAGXGG@Z 000124a0 f   common.obj
 0001:000021f0       ?readULONG@CAdapterCommon@@QAGKG@Z 000124d0 f   common.obj
 0001:00002210       ?writeULONG@CAdapterCommon@@QAGXGK@Z 000124f0 f   common.obj
 0001:000023ea       ?hda_showtime@CAdapterCommon@@UAGJPAUIDmaChannel@@@Z 000126ca f   common.obj
 0001:000028a0       ?hda_return_sound_data_format@CAdapterCommon@@QAGGKKK@Z 00012b80 f   common.obj
 0001:00002a10       ?ReadWriteConfigSpace@CAdapterCommon@@AAGJPAU_DEVICE_OBJECT@@KPAXKK@Z 00012cf0 f   common.obj
 0001:00002b3b       ?WriteConfigSpaceByte@CAdapterCommon@@AAGJEEE@Z 00012e1b f   common.obj
 0001:00002c3b       ?WriteConfigSpaceWord@CAdapterCommon@@AAGJEGG@Z 00012f1b f   common.obj
 0001:00002d00       ?QueryInterface@CAdapterCommon@@W3AGJABU_GUID@@PAPAX@Z 00012fe0 f i common.obj
 0001:00002d10       ?AddRef@CAdapterCommon@@W3AGKXZ 00012ff0 f i common.obj
 0001:00002d20       ?Release@CAdapterCommon@@W3AGKXZ 00013000 f i common.obj
 0001:00002d30       ??0CMiniportTopologyHDA@@QAE@PAUIUnknown@@@Z 00013010 f i mintopo.obj
 0001:00002d70       ?DataRangeIntersection@CMiniportTopologyHDA@@UAGJKPATKSDATAFORMAT@@0KPAXPAK@Z 00013050 f i mintopo.obj
 0001:00002d80       ??_GCMiniportTopologyHDA@@UAEPAXI@Z 00013060 f i mintopo.obj
 0001:00002d80       ??_ECMiniportTopologyHDA@@UAEPAXI@Z 00013060 f i mintopo.obj
 0001:00003440       ?ReadBitsFromMixer@CMiniportTopologyHDA@@AAEEEEE@Z 00013720 f   mintopo.obj
 0001:00003490       ?ThisManyOnes@@YGEE@Z      00013770 f i mintopo.obj
 0001:000034b0       ?WriteBitsToMixer@CMiniportTopologyHDA@@AAEXEEEE@Z 00013790 f   mintopo.obj
 0001:00003550       ??0CMiniportWaveCyclicHDA@@QAE@PAUIUnknown@@@Z 00013830 f i minwave.obj
 0001:00003590       ?QueryInterface@CMiniportTopologyHDA@@UAGJABU_GUID@@PAPAX@Z 00013870 f i minwave.obj
 0001:00003590       ?QueryInterface@CMiniportWaveCyclicStreamHDA@@UAGJABU_GUID@@PAPAX@Z 00013870 f i minwave.obj
 0001:00003590       ?QueryInterface@CMiniportWaveCyclicHDA@@UAGJABU_GUID@@PAPAX@Z 00013870 f i minwave.obj
 0001:000035c0       ?AddRef@CMiniportTopologyHDA@@UAGKXZ 000138a0 f i minwave.obj
 0001:000035c0       ?AddRef@CMiniportWaveCyclicHDA@@UAGKXZ 000138a0 f i minwave.obj
 0001:000035c0       ?AddRef@CMiniportWaveCyclicStreamHDA@@UAGKXZ 000138a0 f i minwave.obj
 0001:000035f0       ?Release@CMiniportWaveCyclicHDA@@UAGKXZ 000138d0 f i minwave.obj
 0001:000035f0       ?Release@CMiniportWaveCyclicStreamHDA@@UAGKXZ 000138d0 f i minwave.obj
 0001:000035f0       ?Release@CMiniportTopologyHDA@@UAGKXZ 000138d0 f i minwave.obj
 0001:00003620       ??_GCMiniportWaveCyclicHDA@@UAEPAXI@Z 00013900 f i minwave.obj
 0001:00003620       ??_ECMiniportWaveCyclicHDA@@UAEPAXI@Z 00013900 f i minwave.obj
 0001:00003660       ??0IMiniportWaveCyclic@@QAE@XZ 00013940 f i minwave.obj
 0001:00003660       ??0IMiniportTopology@@QAE@XZ 00013940 f i minwave.obj
 0001:00003680       ??2@YGPAXIW4_POOL_TYPE@@@Z 00013960 f i minwave.obj
 0001:000036d0       ??0CMiniportWaveCyclicStreamHDA@@QAE@PAUIUnknown@@@Z 000139b0 f i minwave.obj
 0001:00003710       ??_ECMiniportWaveCyclicStreamHDA@@UAEPAXI@Z 000139f0 f i minwave.obj
 0001:00003710       ??_GCMiniportWaveCyclicStreamHDA@@UAEPAXI@Z 000139f0 f i minwave.obj
 0001:00003750       ??0IMiniport@@QAE@XZ       00013a30 f i minwave.obj
 0001:00003750       ??0IAdapterCommon@@QAE@XZ  00013a30 f i minwave.obj
 0001:00003750       ??0IAdapterPowerManagement@@QAE@XZ 00013a30 f i minwave.obj
 0001:00003750       ??0IMiniportWaveCyclicStream@@QAE@XZ 00013a30 f i minwave.obj
 0001:00003789       ?GetPosition@CMiniportWaveCyclicStreamHDA@@UAGJPAK@Z 00013a69 f   minwave.obj
 0001:0000387e       ?NormalizePhysicalPosition@CMiniportWaveCyclicStreamHDA@@UAGJPA_J@Z 00013b5e f   minwave.obj
 0001:00003920       ?Silence@CMiniportWaveCyclicStreamHDA@@UAGXPAXK@Z 00013c00 f   minwave.obj
 0001:0000395e       _DbgPrint                  00013c3e f   ntoskrnl:ntoskrnl.exe
 0001:00003964       _DbgBreakPoint@0           00013c44 f   ntoskrnl:ntoskrnl.exe
 0001:0000396a       __alldiv                   00013c4a f   ntoskrnl:ntoskrnl.exe
 0001:00003970       __allmul                   00013c50 f   ntoskrnl:ntoskrnl.exe
 0001:00003976       _PcInitializeAdapterDriver@12 00013c56 f   portcls:portcls.sys
 0001:0000397c       _PcAddAdapterDevice@20     00013c5c f   portcls:portcls.sys
 0001:00003982       _PcRegisterSubdevice@12    00013c62 f   portcls:portcls.sys
 0001:00003988       _PcNewMiniport@8           00013c68 f   portcls:portcls.sys
 0001:0000398e       _PcNewPort@8               00013c6e f   portcls:portcls.sys
 0001:00003994       _PcRegisterPhysicalConnection@20 00013c74 f   portcls:portcls.sys
 0001:0000399a       _PcRegisterAdapterPowerManagement@8 00013c7a f   portcls:portcls.sys
 0001:000039a0       _PcNewResourceSublist@20   00013c80 f   portcls:portcls.sys
 0001:000039a6       _PcNewInterruptSync@20     00013c86 f   portcls:portcls.sys
 0001:000039ac       _PcNewRegistryKey@36       00013c8c f   portcls:portcls.sys
 0001:000039b2       _PcNewServiceGroup@8       00013c92 f   portcls:portcls.sys
 0001:000039b8       ??0CUnknown@@QAE@PAUIUnknown@@@Z 00013c98 f   stdunk:stdunk.obj
 0001:000039d7       ??_ECUnknown@@UAEPAXI@Z    00013cb7 f i stdunk:stdunk.obj
 0001:000039d7       ??_GCUnknown@@UAEPAXI@Z    00013cb7 f i stdunk:stdunk.obj
 0001:000039f3       ??1CUnknown@@UAE@XZ        00013cd3 f   stdunk:stdunk.obj
 0001:000039fa       ?NonDelegatingAddRef@CUnknown@@UAGKXZ 00013cda f   stdunk:stdunk.obj
 0001:00003a10       ?NonDelegatingRelease@CUnknown@@UAGKXZ 00013cf0 f   stdunk:stdunk.obj
 0001:00003a3f       ?NonDelegatingQueryInterface@CUnknown@@UAGJABU_GUID@@PAPAX@Z 00013d1f f   stdunk:stdunk.obj
 0002:00000000       __imp_@KfAcquireSpinLock@4 00013d80     hal:HAL.dll
 0002:00000004       __imp_@KfReleaseSpinLock@8 00013d84     hal:HAL.dll
 0002:00000008       __imp__KeStallExecutionProcessor@4 00013d88     hal:HAL.dll
 0002:0000000c       __imp__KeGetCurrentIrql@0  00013d8c     hal:HAL.dll
 0002:00000010       \177HAL_NULL_THUNK_DATA    00013d90     hal:HAL.dll
 0002:00000014       __imp__MmMapIoSpace@16     00013d94     ntoskrnl:ntoskrnl.exe
 0002:00000018       __imp__KeInitializeSpinLock@4 00013d98     ntoskrnl:ntoskrnl.exe
 0002:0000001c       __imp__MmUnmapIoSpace@8    00013d9c     ntoskrnl:ntoskrnl.exe
 0002:00000020       __imp__IoGetDmaAdapter@12  00013da0     ntoskrnl:ntoskrnl.exe
 0002:00000024       __imp__RtlInitUnicodeString@8 00013da4     ntoskrnl:ntoskrnl.exe
 0002:00000028       __imp__READ_REGISTER_ULONG@4 00013da8     ntoskrnl:ntoskrnl.exe
 0002:0000002c       __imp__WRITE_REGISTER_ULONG@8 00013dac     ntoskrnl:ntoskrnl.exe
 0002:00000030       __imp__READ_REGISTER_UCHAR@4 00013db0     ntoskrnl:ntoskrnl.exe
 0002:00000034       __imp__WRITE_REGISTER_UCHAR@8 00013db4     ntoskrnl:ntoskrnl.exe
 0002:00000038       __imp__READ_REGISTER_USHORT@4 00013db8     ntoskrnl:ntoskrnl.exe
 0002:0000003c       __imp__ExFreePool@4        00013dbc     ntoskrnl:ntoskrnl.exe
 0002:00000040       __imp__ExAllocatePoolWithTag@12 00013dc0     ntoskrnl:ntoskrnl.exe
 0002:00000044       __imp__KeWaitForSingleObject@20 00013dc4     ntoskrnl:ntoskrnl.exe
 0002:00000048       __imp_@IofCallDriver@8     00013dc8     ntoskrnl:ntoskrnl.exe
 0002:0000004c       __imp__IoBuildSynchronousFsdRequest@28 00013dcc     ntoskrnl:ntoskrnl.exe
 0002:00000050       __imp__IoGetAttachedDeviceReference@4 00013dd0     ntoskrnl:ntoskrnl.exe
 0002:00000054       __imp__KeInitializeEvent@12 00013dd4     ntoskrnl:ntoskrnl.exe
 0002:00000058       __imp__KeInitializeMutex@8 00013dd8     ntoskrnl:ntoskrnl.exe
 0002:0000005c       __imp__RtlAssert@16        00013ddc     ntoskrnl:ntoskrnl.exe
 0002:00000060       __imp___alldiv             00013de0     ntoskrnl:ntoskrnl.exe
 0002:00000064       __imp___allmul             00013de4     ntoskrnl:ntoskrnl.exe
 0002:00000068       __imp__DbgBreakPoint@0     00013de8     ntoskrnl:ntoskrnl.exe
 0002:0000006c       __imp__DbgPrint            00013dec     ntoskrnl:ntoskrnl.exe
 0002:00000070       __imp_@ObfDereferenceObject@4 00013df0     ntoskrnl:ntoskrnl.exe
 0002:00000074       __imp__WRITE_REGISTER_USHORT@8 00013df4     ntoskrnl:ntoskrnl.exe
 0002:00000078       __imp__KeReleaseMutex@8    00013df8     ntoskrnl:ntoskrnl.exe
 0002:0000007c       __imp_@InterlockedDecrement@4 00013dfc     ntoskrnl:ntoskrnl.exe
 0002:00000080       __imp_@InterlockedIncrement@4 00013e00     ntoskrnl:ntoskrnl.exe
 0002:00000084       \177ntoskrnl_NULL_THUNK_DATA 00013e04     ntoskrnl:ntoskrnl.exe
 0002:00000088       __imp__PcInitializeAdapterDriver@12 00013e08     portcls:portcls.sys
 0002:0000008c       __imp__PcNewMiniport@8     00013e0c     portcls:portcls.sys
 0002:00000090       __imp__PcNewPort@8         00013e10     portcls:portcls.sys
 0002:00000094       __imp__PcRegisterPhysicalConnection@20 00013e14     portcls:portcls.sys
 0002:00000098       __imp__PcAddAdapterDevice@20 00013e18     portcls:portcls.sys
 0002:0000009c       __imp__PcRegisterSubdevice@12 00013e1c     portcls:portcls.sys
 0002:000000a0       __imp__PcNewInterruptSync@20 00013e20     portcls:portcls.sys
 0002:000000a4       __imp__PcNewRegistryKey@36 00013e24     portcls:portcls.sys
 0002:000000a8       __imp__PcNewServiceGroup@8 00013e28     portcls:portcls.sys
 0002:000000ac       __imp__PcRegisterAdapterPowerManagement@8 00013e2c     portcls:portcls.sys
 0002:000000b0       __imp__PcNewResourceSublist@20 00013e30     portcls:portcls.sys
 0002:000000b4       \177portcls_NULL_THUNK_DATA 00013e34     portcls:portcls.sys
 0002:00000130       _IID_IAdapterCommon        00013eb0     adapter.obj
 0002:00000140       _CLSID_MiniportDriverFmSynth 00013ec0     adapter.obj
 0002:00000150       _CLSID_PortWaveCyclic      00013ed0     adapter.obj
 0002:00000160       _CLSID_PortTopology        00013ee0     adapter.obj
 0002:00000170       _CLSID_PortMidi            00013ef0     adapter.obj
 0002:00000180       _IID_IAdapterPowerManagment 00013f00     adapter.obj
 0002:00000190       _IID_IMiniportWaveCyclicStream 00013f10     adapter.obj
 0002:000001a0       _IID_IMiniportWaveCyclic   00013f20     adapter.obj
 0002:000001b0       _IID_IPortWaveCyclic       00013f30     adapter.obj
 0002:000001c0       _IID_IMiniportTopology     00013f40     adapter.obj
 0002:000001d0       _IID_IMiniport             00013f50     adapter.obj
 0002:000001e0       _IID_IUnknown              00013f60     adapter.obj
 0002:000001f0       ??_C@_1BE@DCLA@?$AAD?$AAi?$AAs?$AAa?$AAb?$AAl?$AAe?$AAC?$AAD?$AA?$AA@ 00013f70     common.obj
 0002:00000204       ??_C@_1BM@HKPL@?$AAD?$AAi?$AAs?$AAa?$AAb?$AAl?$AAe?$AAL?$AAi?$AAn?$AAe?$AAI?$AAn?$AA?$AA@ 00013f84     common.obj
 0002:00000220       ??_C@_1BG@OEIB@?$AAD?$AAi?$AAs?$AAa?$AAb?$AAl?$AAe?$AAM?$AAi?$AAc?$AA?$AA@ 00013fa0     common.obj
 0002:00000238       ??_C@_1BK@PFJA@?$AAD?$AAi?$AAs?$AAa?$AAb?$AAl?$AAe?$AAM?$AAi?$AAc?$AAI?$AAn?$AA?$AA@ 00013fb8     common.obj
 0002:00000254       ??_C@_1BO@PIPO@?$AAD?$AAi?$AAs?$AAa?$AAb?$AAl?$AAe?$AAM?$AAo?$AAn?$AAo?$AAO?$AAu?$AAt?$AA?$AA@ 00013fd4     common.obj
 0002:00000274       ??_C@_1CC@CCGC@?$AAD?$AAi?$AAs?$AAa?$AAb?$AAl?$AAe?$AAH?$AAe?$AAa?$AAd?$AAp?$AAh?$AAo?$AAn?$AAe?$AA?$AA@ 00013ff4     common.obj
 0002:00000298       ??_C@_1BG@KIAL@?$AAD?$AAi?$AAs?$AAa?$AAb?$AAl?$AAe?$AAA?$AAU?$AAX?$AA?$AA@ 00014018     common.obj
 0002:000002b0       ??_C@_1BK@CIGJ@?$AAD?$AAi?$AAs?$AAa?$AAb?$AAl?$AAe?$AAV?$AAi?$AAd?$AAe?$AAo?$AA?$AA@ 00014030     common.obj
 0002:000002cc       ??_C@_1BI@JAOF@?$AAD?$AAi?$AAs?$AAa?$AAb?$AAl?$AAe?$AAM?$AAi?$AAc?$AA2?$AA?$AA@ 0001404c     common.obj
 0002:000002e4       ??_C@_1BK@EHMP@?$AAD?$AAi?$AAs?$AAa?$AAb?$AAl?$AAe?$AAP?$AAh?$AAo?$AAn?$AAe?$AA?$AA@ 00014064     common.obj
 0002:00000300       ??_C@_1BM@PILN@?$AAD?$AAi?$AAs?$AAa?$AAb?$AAl?$AAe?$AAP?$AAC?$AAB?$AAe?$AAe?$AAp?$AA?$AA@ 00014080     common.obj
 0002:0000031c       ??_C@_1BE@ENEK@?$AAR?$AAi?$AAg?$AAh?$AAt?$AAB?$AAa?$AAs?$AAs?$AA?$AA@ 0001409c     common.obj
 0002:00000330       ??_C@_1BC@JMJO@?$AAL?$AAe?$AAf?$AAt?$AAB?$AAa?$AAs?$AAs?$AA?$AA@ 000140b0     common.obj
 0002:00000344       ??_C@_1BI@KGAJ@?$AAR?$AAi?$AAg?$AAh?$AAt?$AAT?$AAr?$AAe?$AAb?$AAl?$AAe?$AA?$AA@ 000140c4     common.obj
 0002:0000035c       ??_C@_1BG@BGGD@?$AAL?$AAe?$AAf?$AAt?$AAT?$AAr?$AAe?$AAb?$AAl?$AAe?$AA?$AA@ 000140dc     common.obj
 0002:00000374       ??_C@_1O@IECC@?$AAM?$AAi?$AAc?$AAA?$AAG?$AAC?$AA?$AA@ 000140f4     common.obj
 0002:00000384       ??_C@_1CA@EJHI@?$AAR?$AAi?$AAg?$AAh?$AAt?$AAO?$AAu?$AAt?$AAp?$AAu?$AAt?$AAG?$AAa?$AAi?$AAn?$AA?$AA@ 00014104     common.obj
 0002:000003a4       ??_C@_1BO@PPLI@?$AAL?$AAe?$AAf?$AAt?$AAO?$AAu?$AAt?$AAp?$AAu?$AAt?$AAG?$AAa?$AAi?$AAn?$AA?$AA@ 00014124     common.obj
 0002:000003c4       ??_C@_1BO@PMCJ@?$AAR?$AAi?$AAg?$AAh?$AAt?$AAI?$AAn?$AAp?$AAu?$AAt?$AAG?$AAa?$AAi?$AAn?$AA?$AA@ 00014144     common.obj
 0002:000003e4       ??_C@_1BM@CFEM@?$AAL?$AAe?$AAf?$AAt?$AAI?$AAn?$AAp?$AAu?$AAt?$AAG?$AAa?$AAi?$AAn?$AA?$AA@ 00014164     common.obj
 0002:00000400       ??_C@_1CA@CIKM@?$AAR?$AAi?$AAg?$AAh?$AAt?$AAI?$AAn?$AAp?$AAu?$AAt?$AAM?$AAi?$AAx?$AAe?$AAr?$AA?$AA@ 00014180     common.obj
 0002:00000420       ??_C@_1BO@JOGM@?$AAL?$AAe?$AAf?$AAt?$AAI?$AAn?$AAp?$AAu?$AAt?$AAM?$AAi?$AAx?$AAe?$AAr?$AA?$AA@ 000141a0     common.obj
 0002:00000440       ??_C@_1BI@BMOJ@?$AAO?$AAu?$AAt?$AAp?$AAu?$AAt?$AAM?$AAi?$AAx?$AAe?$AAr?$AA?$AA@ 000141c0     common.obj
 0002:00000458       ??_C@_1BE@GLOL@?$AAP?$AAc?$AAS?$AAp?$AAk?$AAr?$AAV?$AAo?$AAl?$AA?$AA@ 000141d8     common.obj
 0002:0000046c       ??_C@_1O@MNBB@?$AAM?$AAi?$AAc?$AAV?$AAo?$AAl?$AA?$AA@ 000141ec     common.obj
 0002:0000047c       ??_C@_1BO@HCKE@?$AAR?$AAi?$AAg?$AAh?$AAt?$AAL?$AAi?$AAn?$AAe?$AAI?$AAn?$AAV?$AAo?$AAl?$AA?$AA@ 000141fc     common.obj
 0002:0000049c       ??_C@_1BM@KLMB@?$AAL?$AAe?$AAf?$AAt?$AAL?$AAi?$AAn?$AAe?$AAI?$AAn?$AAV?$AAo?$AAl?$AA?$AA@ 0001421c     common.obj
 0002:000004b8       ??_C@_1BG@COJL@?$AAR?$AAi?$AAg?$AAh?$AAt?$AAC?$AAD?$AAV?$AAo?$AAl?$AA?$AA@ 00014238     common.obj
 0002:000004d0       ??_C@_1BE@KMKA@?$AAL?$AAe?$AAf?$AAt?$AAC?$AAD?$AAV?$AAo?$AAl?$AA?$AA@ 00014250     common.obj
 0002:000004e4       ??_C@_1BK@JCIM@?$AAR?$AAi?$AAg?$AAh?$AAt?$AAM?$AAi?$AAd?$AAi?$AAV?$AAo?$AAl?$AA?$AA@ 00014264     common.obj
 0002:00000500       ??_C@_1BI@KBIJ@?$AAL?$AAe?$AAf?$AAt?$AAM?$AAi?$AAd?$AAi?$AAV?$AAo?$AAl?$AA?$AA@ 00014280     common.obj
 0002:00000518       ??_C@_1BK@MFCG@?$AAR?$AAi?$AAg?$AAh?$AAt?$AAW?$AAa?$AAv?$AAe?$AAV?$AAo?$AAl?$AA?$AA@ 00014298     common.obj
 0002:00000534       ??_C@_1BI@PGCD@?$AAL?$AAe?$AAf?$AAt?$AAW?$AAa?$AAv?$AAe?$AAV?$AAo?$AAl?$AA?$AA@ 000142b4     common.obj
 0002:0000054c       ??_C@_1BO@NHA@?$AAR?$AAi?$AAg?$AAh?$AAt?$AAM?$AAa?$AAs?$AAt?$AAe?$AAr?$AAV?$AAo?$AAl?$AA?$AA@ 000142cc     common.obj
 0002:0000056c       ??_C@_1BM@NEBF@?$AAL?$AAe?$AAf?$AAt?$AAM?$AAa?$AAs?$AAt?$AAe?$AAr?$AAV?$AAo?$AAl?$AA?$AA@ 000142ec     common.obj
 0002:00000588       ??_7CAdapterCommon@@6BCUnknown@@@ 00014308     common.obj
 0002:00000598       ??_7CAdapterCommon@@6BIAdapterPowerManagement@@@ 00014318     common.obj
 0002:000005b0       ??_7CAdapterCommon@@6BIAdapterCommon@@@ 00014330     common.obj
 0002:000006d0       ??_7CMiniportTopologyHDA@@6BCUnknown@@@ 00014450     mintopo.obj
 0002:000006e0       ??_7CMiniportTopologyHDA@@6BIMiniportTopology@@@ 00014460     mintopo.obj
 0002:000006f8       ??_7CMiniportWaveCyclicHDA@@6BCUnknown@@@ 00014478     minwave.obj
 0002:00000708       ??_7CMiniportWaveCyclicHDA@@6BIMiniportWaveCyclic@@@ 00014488     minwave.obj
 0002:00000724       ??_7CMiniportWaveCyclicStreamHDA@@6BCUnknown@@@ 000144a4     minwave.obj
 0002:00000734       ??_7CMiniportWaveCyclicStreamHDA@@6BIMiniportWaveCyclicStream@@@ 000144b4     minwave.obj
 0002:00000758       ??_7CUnknown@@6B@          000144d8     stdunk:stdunk.obj
 0003:00000000       ?ulDebugOut@@3KA           00014500     adapter.obj
 0003:00000008       __GUID_b7902fe9_fb0a_11d1_81b0_0060083316c1 00014508     adapter.obj
 0003:00000018       __GUID_d3f0ce1c_fffc_11d1_81b0_0060083316c1 00014518     adapter.obj
 0003:00000028       __GUID_c096df9c_fb09_11d1_81b0_0060083316c1 00014528     adapter.obj
 0003:00000100       ?m_stHardwareConfig@CAdapterCommon@@0UtHardwareConfig@@A 00014600     common.obj
 0003:00000194       ?audBufSize@@3KA           00014694     common.obj
 0003:00000198       ?BdlSize@@3KA              00014698     common.obj
 0003:00000898       __GUID_185fedf6_9905_11d1_95a9_00c04fb925d3 00014d98     mintopo.obj
 0003:000008a8       __GUID_185fedef_9905_11d1_95a9_00c04fb925d3 00014da8     mintopo.obj
 0003:000008b8       __GUID_185fede1_9905_11d1_95a9_00c04fb925d3 00014db8     mintopo.obj
 0003:000008c8       __GUID_185fede0_9905_11d1_95a9_00c04fb925d3 00014dc8     mintopo.obj
 0003:000008d8       __GUID_7607e580_c557_11d0_8a2b_00a0c9255ac1 00014dd8     mintopo.obj
 0003:000008e8       __GUID_185fede3_9905_11d1_95a9_00c04fb925d3 00014de8     mintopo.obj
 0003:000008f8       __GUID_da441a60_c556_11d0_8a2b_00a0c9255ac1 00014df8     mintopo.obj
 0003:00000908       __GUID_185fedee_9905_11d1_95a9_00c04fb925d3 00014e08     mintopo.obj
 0003:00000918       __GUID_02b223c0_c557_11d0_8a2b_00a0c9255ac1 00014e18     mintopo.obj
 0003:00000928       __GUID_185feded_9905_11d1_95a9_00c04fb925d3 00014e28     mintopo.obj
 0003:00000938       __GUID_e88c9ba0_c557_11d0_8a2b_00a0c9255ac1 00014e38     mintopo.obj
 0003:00000948       __GUID_185fedec_9905_11d1_95a9_00c04fb925d3 00014e48     mintopo.obj
 0003:00000958       __GUID_185fedeb_9905_11d1_95a9_00c04fb925d3 00014e58     mintopo.obj
 0003:00000968       __GUID_185fedea_9905_11d1_95a9_00c04fb925d3 00014e68     mintopo.obj
 0003:00000978       __GUID_185fede9_9905_11d1_95a9_00c04fb925d3 00014e78     mintopo.obj
 0003:00000988       __GUID_185fede8_9905_11d1_95a9_00c04fb925d3 00014e88     mintopo.obj
 0003:00000998       __GUID_e573adc0_c555_11d0_8a2b_00a0c9255ac1 00014e98     mintopo.obj
 0003:000009a8       __GUID_185fede7_9905_11d1_95a9_00c04fb925d3 00014ea8     mintopo.obj
 0003:000009b8       __GUID_185fede5_9905_11d1_95a9_00c04fb925d3 00014eb8     mintopo.obj
 0003:000009c8       __GUID_3a5acc00_c557_11d0_8a2b_00a0c9255ac1 00014ec8     mintopo.obj
 0003:000009d8       __GUID_45ffaaa0_6e1b_11d0_bcf2_444553540000 00014ed8     mintopo.obj
 0003:000009e8       __GUID_6994ad04_93ef_11d0_a3cc_00a0c9223196 00014ee8     mintopo.obj
 0003:000009f8       __GUID_185fedf7_9905_11d1_95a9_00c04fb925d3 00014ef8     mintopo.obj
 0003:00000a08       __GUID_dff21ce1_f70f_11d0_b917_00a0c9223196 00014f08     mintopo.obj
 0003:00000a18       __GUID_dff21be1_f70f_11d0_b917_00a0c9223196 00014f18     mintopo.obj
 0003:00000a28       __GUID_185fedf9_9905_11d1_95a9_00c04fb925d3 00014f28     mintopo.obj
 0003:00000a38       __GUID_dff21fe3_f70f_11d0_b917_00a0c9223196 00014f38     mintopo.obj
 0003:00000a48       __GUID_185fedfb_9905_11d1_95a9_00c04fb925d3 00014f48     mintopo.obj
 0003:00000a58       __GUID_dff220e3_f70f_11d0_b917_00a0c9223196 00014f58     mintopo.obj
 0003:00000a68       __GUID_185fedf8_9905_11d1_95a9_00c04fb925d3 00014f68     mintopo.obj
 0003:00000a78       __GUID_dff220f3_f70f_11d0_b917_00a0c9223196 00014f78     mintopo.obj
 0003:00000a88       __GUID_dff21fe4_f70f_11d0_b917_00a0c9223196 00014f88     mintopo.obj
 0003:00000a98       __GUID_97e99ba0_bdea_11cf_a5d6_28db04c10000 00014f98     mintopo.obj
 0003:00000ce0       __GUID_507ae360_c554_11d0_8a2b_00a0c9255ac1 000151e0     minwave.obj
 0003:00000cf0       __GUID_4d837fe0_c555_11d0_8a2b_00a0c9255ac1 000151f0     minwave.obj
 0003:00000d00       __GUID_185fedfa_9905_11d1_95a9_00c04fb925d3 00015200     minwave.obj
 0003:00000d10       __GUID_fb6c4281_0353_11d1_905f_0000c0cc16ba 00015210     minwave.obj
 0003:00000d20       __GUID_05589f81_c356_11ce_bf01_00aa0055595a 00015220     minwave.obj
 0003:00000d30       __GUID_00000001_0000_0010_8000_00aa00389b71 00015230     minwave.obj
 0003:00000d40       __GUID_73647561_0000_0010_8000_00aa00389b71 00015240     minwave.obj
 0003:00000d50       __GUID_518590a2_a184_11d0_8522_00c04fd9baf3 00015250     minwave.obj
 0003:00000d60       __GUID_0f6417d6_c318_11d0_a43f_00a0c9223196 00015260     minwave.obj
 0003:00000d70       __GUID_00000000_0000_0000_0000_000000000000 00015270     adapter.obj
 0004:0000003e       _AddDevice@8               000152de f   adapter.obj
 0004:0000026a       ?InstallSubdevice@@YGJPAU_DEVICE_OBJECT@@PAU_IRP@@PAGABU_GUID@@3P6GJPAPAUIUnknown@@3PAU4@W4_POOL_TYPE@@@Z5PAUIResourceList@@344@Z 0001550a f   adapter.obj
 0004:0000066e       ?StartDevice@@YGJPAU_DEVICE_OBJECT@@PAU_IRP@@PAUIResourceList@@@Z 0001590e f   adapter.obj
 0004:00000e6e       ?AssignResources@@YGJPAUIResourceList@@PAPAU1@11111@Z 0001610e f   adapter.obj
 0004:000013c8       ?NewAdapterCommon@@YGJPAPAUIUnknown@@ABU_GUID@@PAU1@W4_POOL_TYPE@@@Z 00016668 f   common.obj
 0004:00001d41       ?Init@CAdapterCommon@@UAGJPAUIResourceList@@PAU_DEVICE_OBJECT@@@Z 00016fe1 f   common.obj
 0004:00003202       ??1CAdapterCommon@@UAE@XZ  000184a2 f   common.obj
 0004:00003667       ?NonDelegatingQueryInterface@CAdapterCommon@@UAGJABU_GUID@@PAPAX@Z 00018907 f   common.obj
 0004:000037be       ?WavePortDriverDest@CAdapterCommon@@UAGPAPAUIUnknown@@XZ 00018a5e f   common.obj
 0004:0000385e       ?GetInterruptSync@CAdapterCommon@@UAGPAUIInterruptSync@@XZ 00018afe f   common.obj
 0004:000038fe       ?MidiPortDriverDest@CAdapterCommon@@UAGPAPAUIUnknown@@XZ 00018b9e f   common.obj
 0004:0000399e       ?SetWaveServiceGroup@CAdapterCommon@@UAGXPAUIServiceGroup@@@Z 00018c3e f   common.obj
 0004:000040b2       ?InitHDAController@CAdapterCommon@@QAGJXZ 00019352 f   common.obj
 0004:000050e6       ?InitializeCodec@CAdapterCommon@@QAGJE@Z 0001a386 f   common.obj
 0004:0000586c       ?hda_initialize_audio_function_group@CAdapterCommon@@QAGJKK@Z 0001ab0c f   common.obj
 0004:0000674e       ?hda_get_node_type@CAdapterCommon@@QAGEKK@Z 0001b9ee f   common.obj
 0004:000067fe       ?hda_get_node_connection_entries@CAdapterCommon@@QAGKKKK@Z 0001ba9e f   common.obj
 0004:00006910       ?hda_enable_pin_output@CAdapterCommon@@QAGXKK@Z 0001bbb0 f   common.obj
 0004:00006950       ?hda_disable_pin_output@CAdapterCommon@@QAGXKK@Z 0001bbf0 f   common.obj
 0004:00006990       ?hda_is_headphone_connected@CAdapterCommon@@QAGEXZ 0001bc30 f   common.obj
 0004:00006a92       ?hda_initialize_output_pin@CAdapterCommon@@QAGXK@Z 0001bd32 f   common.obj
 0004:00006eb6       ?hda_initialize_audio_output@CAdapterCommon@@QAGXK@Z 0001c156 f   common.obj
 0004:000072da       ?hda_initialize_audio_mixer@CAdapterCommon@@QAGXK@Z 0001c57a f   common.obj
 0004:00007612       ?hda_initialize_audio_selector@CAdapterCommon@@QAGXK@Z 0001c8b2 f   common.obj
 0004:00007918       ?CreateMiniportTopologyHDA@@YGJPAPAUIUnknown@@ABU_GUID@@PAU1@W4_POOL_TYPE@@@Z 0001cbb8 f   mintopo.obj
 0004:00007a8a       ?ProcessResources@CMiniportTopologyHDA@@AAEJPAUIResourceList@@@Z 0001cd2a f   mintopo.obj
 0004:00007c1a       ?NonDelegatingQueryInterface@CMiniportTopologyHDA@@UAGJABU_GUID@@PAPAX@Z 0001ceba f   mintopo.obj
 0004:00007dce       ??1CMiniportTopologyHDA@@UAE@XZ 0001d06e f   mintopo.obj
 0004:00007fa6       ?Init@CMiniportTopologyHDA@@UAGJPAUIUnknown@@PAUIResourceList@@PAUIPortTopology@@@Z 0001d246 f   mintopo.obj
 0004:000081ba       ?GetDescription@CMiniportTopologyHDA@@UAGJPAPAUPCFILTER_DESCRIPTOR@@@Z 0001d45a f   mintopo.obj
 0004:00009998       ?CreateMiniportWaveCyclicHDA@@YGJPAPAUIUnknown@@ABU_GUID@@PAU1@W4_POOL_TYPE@@@Z 0001ec38 f   minwave.obj
 0004:00009c66       ?ProcessResources@CMiniportWaveCyclicHDA@@AAEJPAUIResourceList@@@Z 0001ef06 f   minwave.obj
 0004:0000a0d2       ?ValidateFormat@CMiniportWaveCyclicHDA@@AAEJPATKSDATAFORMAT@@@Z 0001f372 f   minwave.obj
 0004:0000a2fe       ?NonDelegatingQueryInterface@CMiniportWaveCyclicHDA@@UAGJABU_GUID@@PAPAX@Z 0001f59e f   minwave.obj
 0004:0000a4b2       ??1CMiniportWaveCyclicHDA@@UAE@XZ 0001f752 f   minwave.obj
 0004:0000a6b6       ?Init@CMiniportWaveCyclicHDA@@UAGJPAUIUnknown@@PAUIResourceList@@PAUIPortWaveCyclic@@@Z 0001f956 f   minwave.obj
 0004:0000a94e       ?GetDescription@CMiniportWaveCyclicHDA@@UAGJPAPAUPCFILTER_DESCRIPTOR@@@Z 0001fbee f   minwave.obj
 0004:0000ab3a       ?DataRangeIntersection@CMiniportWaveCyclicHDA@@UAGJKPATKSDATAFORMAT@@0KPAXPAK@Z 0001fdda f   minwave.obj
 0004:0000b13a       ?NewStream@CMiniportWaveCyclicHDA@@UAGJPAPAUIMiniportWaveCyclicStream@@PAUIUnknown@@W4_POOL_TYPE@@KEPATKSDATAFORMAT@@PAPAUIDmaChannel@@PAPAUIServiceGroup@@@Z 000203da f   minwave.obj
 0004:0000b4d2       ?NonDelegatingQueryInterface@CMiniportWaveCyclicStreamHDA@@UAGJABU_GUID@@PAPAX@Z 00020772 f   minwave.obj
 0004:0000b67e       ??1CMiniportWaveCyclicStreamHDA@@UAE@XZ 0002091e f   minwave.obj
 0004:0000b8f0       ?Init@CMiniportWaveCyclicStreamHDA@@QAEJPAVCMiniportWaveCyclicHDA@@KEPATKSDATAFORMAT@@PAUIDmaChannel@@@Z 00020b90 f   minwave.obj
 0004:0000bb62       ?SetNotificationFreq@CMiniportWaveCyclicStreamHDA@@UAGKKPAK@Z 00020e02 f   minwave.obj
 0004:0000bcf6       ?SetFormat@CMiniportWaveCyclicStreamHDA@@UAGJPATKSDATAFORMAT@@@Z 00020f96 f   minwave.obj
 0004:0000bf3e       ?SetState@CMiniportWaveCyclicStreamHDA@@UAGJW4KSSTATE@@@Z 000211de f   minwave.obj
 0005:0000003e       _DriverEntry@8             0002133e f   adapter.obj
 0005:000000ac       __IMPORT_DESCRIPTOR_ntoskrnl 000213ac     ntoskrnl:ntoskrnl.exe
 0005:000000c0       __IMPORT_DESCRIPTOR_HAL    000213c0     hal:HAL.dll
 0005:000000d4       __IMPORT_DESCRIPTOR_portcls 000213d4     portcls:portcls.sys
 0005:000000e8       __NULL_IMPORT_DESCRIPTOR   000213e8     ntoskrnl:ntoskrnl.exe

 entry point at        0005:0000003e

 Static symbols

 0004:0000830e       ?PropertyHandler_OnOff@@YGJPAU_PCPROPERTY_REQUEST@@@Z 0001d5ae f   mintopo.obj
 0004:00008726       ?PropertyHandler_SuperMixCaps@@YGJPAU_PCPROPERTY_REQUEST@@@Z 0001d9c6 f   mintopo.obj
 0004:00008d36       ?PropertyHandler_SuperMixTable@@YGJPAU_PCPROPERTY_REQUEST@@@Z 0001dfd6 f   mintopo.obj
 0004:00009466       ?PropertyHandler_CpuResources@@YGJPAU_PCPROPERTY_REQUEST@@@Z 0001e706 f   mintopo.obj
 0001:00002e1e       ?PropertyHandler_Level@@YGJPAU_PCPROPERTY_REQUEST@@@Z 000130fe f   mintopo.obj
 0004:000096c6       ?BasicSupportHandler@@YGJPAU_PCPROPERTY_REQUEST@@@Z 0001e966 f   mintopo.obj

 318 bytes saved through ICF

