 HDA

 Timestamp is 6a52a773 (Sat Jul 11 13:28:35 2026)

 Preferred load address is 00010000

 Start         Length     Name                   Class
 0001:00000000 000076f7H .text                   CODE
 0002:00000000 000000e8H .idata$5                DATA
 0002:000000e8 0000071bH .rdata                  DATA
 0003:00000000 00000d58H .data                   DATA
 0003:00000d58 00000024H .bss                    DATA
 0004:00000000 0000a8d4H PAGE                    CODE
 0005:00000000 000000a9H INIT                    CODE
 0005:000000ac 0000003cH .idata$2                CODE
 0005:000000e8 00000014H .idata$3                CODE
 0005:000000fc 000000e8H .idata$4                CODE
 0005:000001e4 0000049eH .idata$6                CODE
 0006:00000000 00000058H .rsrc$01                DATA
 0006:00000060 000003e0H .rsrc$02                DATA

  Address         Publics by Value              Rva+Base     Lib:Object

 0001:00000000       ??3@YAXPAX@Z               000102e0 f i common.obj
 0001:00000010       ??2@YGPAXIW4_POOL_TYPE@@K@Z 000102f0 f i common.obj
 0001:00000050       ??0CAdapterCommon@@QAE@PAUIUnknown@@@Z 00010330 f i common.obj
 0001:000000a0       ?QueryInterface@CAdapterCommon@@UAGJABU_GUID@@PAPAX@Z 00010380 f i common.obj
 0001:000000d0       ?GetOuterUnknown@CUnknown@@QAEPAUIUnknown@@XZ 000103b0 f i common.obj
 0001:000000f0       ?AddRef@CAdapterCommon@@UAGKXZ 000103d0 f i common.obj
 0001:00000120       ?Release@CAdapterCommon@@UAGKXZ 00010400 f i common.obj
 0001:00000150       ??_ECAdapterCommon@@UAEPAXI@Z 00010430 f i common.obj
 0001:00000150       ??_GCAdapterCommon@@UAEPAXI@Z 00010430 f i common.obj
 0001:00000380       _IsEqualGUIDAligned@8      00010660 f i common.obj
 0001:00000400       ??2@YGPAXIW4_POOL_TYPE@@@Z 000106e0 f i common.obj
 0001:00000450       ?hda_check_headphone_connection_change@CAdapterCommon@@QAGXXZ 00010730 f   common.obj
 0001:000004b0       ?hda_is_supported_sample_rate@CAdapterCommon@@UAGEK@Z 00010790 f   common.obj
 0001:000005f6       ?hda_send_verb@CAdapterCommon@@UAGKKKKK@Z 000108d6 f   common.obj
 0001:00000a06       ?MixerRegWrite@CAdapterCommon@@UAGXEE@Z 00010ce6 f   common.obj
 0001:00000bea       ?MixerRegRead@CAdapterCommon@@UAGEE@Z 00010eca f   common.obj
 0001:00000cce       ?MixerReset@CAdapterCommon@@UAGXXZ 00010fae f   common.obj
 0001:00000d6e       ?AcknowledgeIRQ@CAdapterCommon@@AAE?AW4_HDA_INTERRUPT_TYPE@@XZ 0001104e f   common.obj
 0001:00001012       ?ResetController@CAdapterCommon@@UAGJXZ 000112f2 f   common.obj
 0001:000010c6       ?RestoreMixerSettingsFromRegistry@CAdapterCommon@@UAGJXZ 000113a6 f   common.obj
 0001:00001372       ?SaveMixerSettingsToRegistry@CAdapterCommon@@UAGJXZ 00011652 f   common.obj
 0001:000015ce       ?ProgramSampleRate@CAdapterCommon@@UAGJK@Z 000118ae f   common.obj
 0001:000017ca       ?PowerChangeState@CAdapterCommon@@UAGXT_POWER_STATE@@@Z 00011aaa f   common.obj
 0001:000019b6       ?QueryPowerChangeState@CAdapterCommon@@UAGJT_POWER_STATE@@@Z 00011c96 f   common.obj
 0001:00001a3a       ?QueryDeviceCapabilities@CAdapterCommon@@UAGJPAU_DEVICE_CAPABILITIES@@@Z 00011d1a f   common.obj
 0001:00001aea       ?InterruptServiceRoutine@@YGJPAUIInterruptSync@@PAX@Z 00011dca f   common.obj
 0001:00001c76       ?hda_stop_stream@CAdapterCommon@@UAGJXZ 00011f56 f   common.obj
 0001:00001f5a       ?hda_start_sound@CAdapterCommon@@UAGXXZ 0001223a f   common.obj
 0001:000020ca       ?hda_stop_sound@CAdapterCommon@@UAGXXZ 000123aa f   common.obj
 0001:00002266       ?hda_get_actual_stream_position@CAdapterCommon@@UAGKXZ 00012546 f   common.obj
 0001:00002370       ?hda_set_volume@CAdapterCommon@@UAGXKEE@Z 00012650 f   common.obj
 0001:000023d0       ?readUCHAR@CAdapterCommon@@QAGEG@Z 000126b0 f   common.obj
 0001:000023f0       ?writeUCHAR@CAdapterCommon@@QAGXGE@Z 000126d0 f   common.obj
 0001:00002420       ?readUSHORT@CAdapterCommon@@QAGGG@Z 00012700 f   common.obj
 0001:00002440       ?writeUSHORT@CAdapterCommon@@QAGXGG@Z 00012720 f   common.obj
 0001:00002470       ?readULONG@CAdapterCommon@@QAGKG@Z 00012750 f   common.obj
 0001:00002490       ?writeULONG@CAdapterCommon@@QAGXGK@Z 00012770 f   common.obj
 0001:0000262a       ?hda_setup_stream_descriptor@CAdapterCommon@@UAGJPAUIDmaChannel@@@Z 0001290a f   common.obj
 0001:00002a20       ?ReadWriteConfigSpace@CAdapterCommon@@AAGJPAU_DEVICE_OBJECT@@KPAXKK@Z 00012d00 f   common.obj
 0001:00002b4b       ?WriteConfigSpaceByte@CAdapterCommon@@AAGJEEE@Z 00012e2b f   common.obj
 0001:00002c4b       ?WriteConfigSpaceWord@CAdapterCommon@@AAGJEGG@Z 00012f2b f   common.obj
 0001:00002d10       ?CacheLineFlush@CAdapterCommon@@UAGXPAXK@Z 00012ff0 f   common.obj
 0001:00002d70       ?JackPollDpcRoutine@CAdapterCommon@@CGXPAU_KDPC@@PAX11@Z 00013050 f   common.obj
 0001:00002de0       ?JackPollWorker@CAdapterCommon@@CGXPAX@Z 000130c0 f   common.obj
 0001:00002e4a       ?StartJackPolling@CAdapterCommon@@AAGJXZ 0001312a f   common.obj
 0001:00002f73       ?StopJackPolling@CAdapterCommon@@AAGXXZ 00013253 f   common.obj
 0001:00003020       ?QueryInterface@CAdapterCommon@@W3AGJABU_GUID@@PAPAX@Z 00013300 f i common.obj
 0001:00003030       ?AddRef@CAdapterCommon@@W3AGKXZ 00013310 f i common.obj
 0001:00003040       ?Release@CAdapterCommon@@W3AGKXZ 00013320 f i common.obj
 0001:00003050       ??0HDA_Codec@@QAE@EEEPAUIAdapterCommon@@@Z 00013330 f   codec.obj
 0001:000030f0       ??1HDA_Codec@@QAE@XZ       000133d0 f   codec.obj
 0001:00003226       ?InitializeCodec@HDA_Codec@@QAGJXZ 00013506 f   codec.obj
 0001:00003a53       ?hda_initialize_audio_function_group@HDA_Codec@@QAGJK@Z 00013d33 f   codec.obj
 0001:0000475a       ?hda_get_node_type@HDA_Codec@@QAGEK@Z 00014a3a f   codec.obj
 0001:0000480a       ?hda_get_node_connection_entries@HDA_Codec@@QAGKKK@Z 00014aea f   codec.obj
 0001:000049da       ?hda_initialize_output_pin@HDA_Codec@@QAGJKAAUHDA_NODE_PATH@@@Z 00014cba f   codec.obj
 0001:00004dc6       ?hda_initialize_audio_output@HDA_Codec@@QAGXKAAUHDA_NODE_PATH@@@Z 000150a6 f   codec.obj
 0001:000051ea       ?hda_initialize_audio_mixer@HDA_Codec@@QAGXKAAUHDA_NODE_PATH@@@Z 000154ca f   codec.obj
 0001:0000553e       ?hda_initialize_audio_selector@HDA_Codec@@QAGXKAAUHDA_NODE_PATH@@@Z 0001581e f   codec.obj
 0001:000059c2       ?ProgramSampleRate@HDA_Codec@@QAGJK@Z 00015ca2 f   codec.obj
 0001:00005d6d       ?hda_check_headphone_connection_change@HDA_Codec@@QAGXXZ 0001604d f   codec.obj
 0001:00005e52       ?hda_is_supported_sample_rate@HDA_Codec@@QAGEK@Z 00016132 f   codec.obj
 0001:00005f70       ?hda_set_volume@HDA_Codec@@QAGXKEE@Z 00016250 f   codec.obj
 0001:00005fd0       ?hda_set_node_gain@HDA_Codec@@QAGXKKKKEE@Z 000162b0 f   codec.obj
 0001:00006080       ?hda_send_verb@HDA_Codec@@QAGKKKK@Z 00016360 f   codec.obj
 0001:000060b0       ?hda_enable_pin_output@HDA_Codec@@QAGXK@Z 00016390 f   codec.obj
 0001:000060e0       ?hda_disable_pin_output@HDA_Codec@@QAGXK@Z 000163c0 f   codec.obj
 0001:00006110       ?hda_is_headphone_connected@HDA_Codec@@QAGEXZ 000163f0 f   codec.obj
 0001:00006150       ?hda_return_sound_data_format@HDA_Codec@@QAGGKKK@Z 00016430 f i codec.obj
 0001:00006150       ?hda_return_sound_data_format@CAdapterCommon@@QAGGKKK@Z 00016430 f i codec.obj
 0001:000062c0       ??0CMiniportTopologyHDA@@QAE@PAUIUnknown@@@Z 000165a0 f i mintopo.obj
 0001:00006300       ?QueryInterface@CMiniportTopologyHDA@@UAGJABU_GUID@@PAPAX@Z 000165e0 f i mintopo.obj
 0001:00006300       ?QueryInterface@CMiniportWaveCyclicStreamHDA@@UAGJABU_GUID@@PAPAX@Z 000165e0 f i mintopo.obj
 0001:00006300       ?QueryInterface@CMiniportWaveCyclicHDA@@UAGJABU_GUID@@PAPAX@Z 000165e0 f i mintopo.obj
 0001:00006330       ?AddRef@CMiniportWaveCyclicStreamHDA@@UAGKXZ 00016610 f i mintopo.obj
 0001:00006330       ?AddRef@CMiniportWaveCyclicHDA@@UAGKXZ 00016610 f i mintopo.obj
 0001:00006330       ?AddRef@CMiniportTopologyHDA@@UAGKXZ 00016610 f i mintopo.obj
 0001:00006360       ?DataRangeIntersection@CMiniportTopologyHDA@@UAGJKPATKSDATAFORMAT@@0KPAXPAK@Z 00016640 f i mintopo.obj
 0001:00006370       ??_ECMiniportTopologyHDA@@UAEPAXI@Z 00016650 f i mintopo.obj
 0001:00006370       ??_GCMiniportTopologyHDA@@UAEPAXI@Z 00016650 f i mintopo.obj
 0001:000063b0       ??0IAdapterCommon@@QAE@XZ  00016690 f i mintopo.obj
 0001:000063b0       ??0IAdapterPowerManagement@@QAE@XZ 00016690 f i mintopo.obj
 0001:000063b0       ??0IMiniportWaveCyclicStream@@QAE@XZ 00016690 f i mintopo.obj
 0001:000063b0       ??0IMiniport@@QAE@XZ       00016690 f i mintopo.obj
 0001:000063b0       ??0IDmaChannel@@QAE@XZ     00016690 f i mintopo.obj
 0001:00006a60       ?ReadBitsFromMixer@CMiniportTopologyHDA@@AAEEEEE@Z 00016d40 f   mintopo.obj
 0001:00006ab0       ?ThisManyOnes@@YGEE@Z      00016d90 f i mintopo.obj
 0001:00006ad0       ?WriteBitsToMixer@CMiniportTopologyHDA@@AAEXEEEE@Z 00016db0 f   mintopo.obj
 0001:00006b70       ??0CMiniportWaveCyclicHDA@@QAE@PAUIUnknown@@@Z 00016e50 f i minwave.obj
 0001:00006bb0       ??_GCMiniportWaveCyclicHDA@@UAEPAXI@Z 00016e90 f i minwave.obj
 0001:00006bb0       ??_ECMiniportWaveCyclicHDA@@UAEPAXI@Z 00016e90 f i minwave.obj
 0001:00006bf0       ??0IMiniportWaveCyclic@@QAE@XZ 00016ed0 f i minwave.obj
 0001:00006bf0       ??0IMiniportTopology@@QAE@XZ 00016ed0 f i minwave.obj
 0001:00006c10       ??0CMyDmaChannel@@QAE@PAUIDmaChannel@@@Z 00016ef0 f i minwave.obj
 0001:00006cd0       ?QueryInterface@CMyDmaChannel@@UAGJABU_GUID@@PAPAX@Z 00016fb0 f i minwave.obj
 0001:00006d30       _IsEqualGUID@8             00017010 f i minwave.obj
 0001:00006d60       ?AddRef@CMyDmaChannel@@UAGKXZ 00017040 f i minwave.obj
 0001:00006d80       ?Release@CMyDmaChannel@@UAGKXZ 00017060 f i minwave.obj
 0001:00006dd0       ?AllocateBuffer@CMyDmaChannel@@UAGJKPAT_LARGE_INTEGER@@@Z 000170b0 f i minwave.obj
 0001:00006f70       ?FreeBuffer@CMyDmaChannel@@UAGXXZ 00017250 f i minwave.obj
 0001:00006fc0       ?SystemAddress@CMyDmaChannel@@UAGPAXXZ 000172a0 f i minwave.obj
 0001:00006ff0       ?CopyTo@CMyDmaChannel@@UAGXPAX0K@Z 000172d0 f i minwave.obj
 0001:00007070       ?CopyFrom@CMyDmaChannel@@UAGXPAX0K@Z 00017350 f i minwave.obj
 0001:000070a0       ?AllocatedBufferSize@CMyDmaChannel@@UAGKXZ 00017380 f i minwave.obj
 0001:000070d0       ?BufferSize@CMyDmaChannel@@UAGKXZ 000173b0 f i minwave.obj
 0001:00007100       ?SetBufferSize@CMyDmaChannel@@UAGXK@Z 000173e0 f i minwave.obj
 0001:00007130       ?PhysicalAddress@CMyDmaChannel@@UAG?AT_LARGE_INTEGER@@XZ 00017410 f i minwave.obj
 0001:00007190       ?MaximumBufferSize@CMyDmaChannel@@UAGKXZ 00017470 f i minwave.obj
 0001:000071c0       ?TransferCount@CMyDmaChannel@@UAGKXZ 000174a0 f i minwave.obj
 0001:000071e0       ?GetAdapterObject@CMyDmaChannel@@UAGPAU_DMA_ADAPTER@@XZ 000174c0 f i minwave.obj
 0001:00007200       ??0CMiniportWaveCyclicStreamHDA@@QAE@PAUIUnknown@@@Z 000174e0 f i minwave.obj
 0001:00007240       ?Release@CMiniportTopologyHDA@@UAGKXZ 00017520 f i minwave.obj
 0001:00007240       ?Release@CMiniportWaveCyclicHDA@@UAGKXZ 00017520 f i minwave.obj
 0001:00007240       ?Release@CMiniportWaveCyclicStreamHDA@@UAGKXZ 00017520 f i minwave.obj
 0001:00007270       ??_GCMiniportWaveCyclicStreamHDA@@UAEPAXI@Z 00017550 f i minwave.obj
 0001:00007270       ??_ECMiniportWaveCyclicStreamHDA@@UAEPAXI@Z 00017550 f i minwave.obj
 0001:000072c9       ?GetPosition@CMiniportWaveCyclicStreamHDA@@UAGJPAK@Z 000175a9 f   minwave.obj
 0001:000073de       ?NormalizePhysicalPosition@CMiniportWaveCyclicStreamHDA@@UAGJPA_J@Z 000176be f   minwave.obj
 0001:00007480       ?Silence@CMiniportWaveCyclicStreamHDA@@UAGXPAXK@Z 00017760 f   minwave.obj
 0001:000074be       _DbgPrint                  0001779e f   ntoskrnl:ntoskrnl.exe
 0001:000074c4       _DbgBreakPoint@0           000177a4 f   ntoskrnl:ntoskrnl.exe
 0001:000074ca       __alldiv                   000177aa f   ntoskrnl:ntoskrnl.exe
 0001:000074d0       __allmul                   000177b0 f   ntoskrnl:ntoskrnl.exe
 0001:000074d6       _PcInitializeAdapterDriver@12 000177b6 f   portcls:portcls.sys
 0001:000074dc       _PcAddAdapterDevice@20     000177bc f   portcls:portcls.sys
 0001:000074e2       _PcRegisterSubdevice@12    000177c2 f   portcls:portcls.sys
 0001:000074e8       _PcNewMiniport@8           000177c8 f   portcls:portcls.sys
 0001:000074ee       _PcNewPort@8               000177ce f   portcls:portcls.sys
 0001:000074f4       _PcRegisterPhysicalConnection@20 000177d4 f   portcls:portcls.sys
 0001:000074fa       _PcRegisterAdapterPowerManagement@8 000177da f   portcls:portcls.sys
 0001:00007500       _PcNewResourceSublist@20   000177e0 f   portcls:portcls.sys
 0001:00007506       _PcNewInterruptSync@20     000177e6 f   portcls:portcls.sys
 0001:0000750c       _PcNewRegistryKey@36       000177ec f   portcls:portcls.sys
 0001:00007512       _PcNewServiceGroup@8       000177f2 f   portcls:portcls.sys
 0001:00007520       ??0CUnknown@@QAE@PAUIUnknown@@@Z 00017800 f   stdunk:stdunk.obj
 0001:00007570       ??_GCUnknown@@UAEPAXI@Z    00017850 f i stdunk:stdunk.obj
 0001:00007570       ??_ECUnknown@@UAEPAXI@Z    00017850 f i stdunk:stdunk.obj
 0001:000075a0       ??0INonDelegatingUnknown@@QAE@XZ 00017880 f i stdunk:stdunk.obj
 0001:000075a0       ??0IUnknown@@QAE@XZ        00017880 f i stdunk:stdunk.obj
 0001:000075b0       ??1CUnknown@@UAE@XZ        00017890 f   stdunk:stdunk.obj
 0001:000075d0       ?NonDelegatingAddRef@CUnknown@@UAGKXZ 000178b0 f   stdunk:stdunk.obj
 0001:00007610       ?NonDelegatingRelease@CUnknown@@UAGKXZ 000178f0 f   stdunk:stdunk.obj
 0001:00007690       ?NonDelegatingQueryInterface@CUnknown@@UAGJABU_GUID@@PAPAX@Z 00017970 f   stdunk:stdunk.obj
 0002:00000000       __imp_@ExAcquireFastMutex@4 000179e0     hal:HAL.dll
 0002:00000004       __imp_@KfAcquireSpinLock@4 000179e4     hal:HAL.dll
 0002:00000008       __imp_@KfReleaseSpinLock@8 000179e8     hal:HAL.dll
 0002:0000000c       __imp_@ExReleaseFastMutex@4 000179ec     hal:HAL.dll
 0002:00000010       __imp__KeStallExecutionProcessor@4 000179f0     hal:HAL.dll
 0002:00000014       __imp__KeGetCurrentIrql@0  000179f4     hal:HAL.dll
 0002:00000018       \177HAL_NULL_THUNK_DATA    000179f8     hal:HAL.dll
 0002:0000001c       __imp__KeInitializeEvent@12 000179fc     ntoskrnl:ntoskrnl.exe
 0002:00000020       __imp__MmUnmapIoSpace@8    00017a00     ntoskrnl:ntoskrnl.exe
 0002:00000024       __imp__RtlInitUnicodeString@8 00017a04     ntoskrnl:ntoskrnl.exe
 0002:00000028       __imp__READ_REGISTER_ULONG@4 00017a08     ntoskrnl:ntoskrnl.exe
 0002:0000002c       __imp__WRITE_REGISTER_ULONG@8 00017a0c     ntoskrnl:ntoskrnl.exe
 0002:00000030       __imp__READ_REGISTER_UCHAR@4 00017a10     ntoskrnl:ntoskrnl.exe
 0002:00000034       __imp__KeInitializeSpinLock@4 00017a14     ntoskrnl:ntoskrnl.exe
 0002:00000038       __imp__WRITE_REGISTER_UCHAR@8 00017a18     ntoskrnl:ntoskrnl.exe
 0002:0000003c       __imp__READ_REGISTER_USHORT@4 00017a1c     ntoskrnl:ntoskrnl.exe
 0002:00000040       __imp__WRITE_REGISTER_USHORT@8 00017a20     ntoskrnl:ntoskrnl.exe
 0002:00000044       __imp_@ObfDereferenceObject@4 00017a24     ntoskrnl:ntoskrnl.exe
 0002:00000048       __imp__KeWaitForSingleObject@20 00017a28     ntoskrnl:ntoskrnl.exe
 0002:0000004c       __imp_@IofCallDriver@8     00017a2c     ntoskrnl:ntoskrnl.exe
 0002:00000050       __imp__IoBuildSynchronousFsdRequest@28 00017a30     ntoskrnl:ntoskrnl.exe
 0002:00000054       __imp__IoGetAttachedDeviceReference@4 00017a34     ntoskrnl:ntoskrnl.exe
 0002:00000058       __imp__IoGetDmaAdapter@12  00017a38     ntoskrnl:ntoskrnl.exe
 0002:0000005c       __imp__MmMapIoSpace@16     00017a3c     ntoskrnl:ntoskrnl.exe
 0002:00000060       __imp_@InterlockedCompareExchange@12 00017a40     ntoskrnl:ntoskrnl.exe
 0002:00000064       __imp__KeSetEvent@12       00017a44     ntoskrnl:ntoskrnl.exe
 0002:00000068       __imp_@InterlockedExchange@8 00017a48     ntoskrnl:ntoskrnl.exe
 0002:0000006c       __imp__KeSetTimerEx@20     00017a4c     ntoskrnl:ntoskrnl.exe
 0002:00000070       __imp__KeInitializeDpc@12  00017a50     ntoskrnl:ntoskrnl.exe
 0002:00000074       __imp__RtlAssert@16        00017a54     ntoskrnl:ntoskrnl.exe
 0002:00000078       __imp__KeRemoveQueueDpc@4  00017a58     ntoskrnl:ntoskrnl.exe
 0002:0000007c       __imp__KeCancelTimer@4     00017a5c     ntoskrnl:ntoskrnl.exe
 0002:00000080       __imp_@InterlockedIncrement@4 00017a60     ntoskrnl:ntoskrnl.exe
 0002:00000084       __imp_@InterlockedDecrement@4 00017a64     ntoskrnl:ntoskrnl.exe
 0002:00000088       __imp__KeInitializeMutex@8 00017a68     ntoskrnl:ntoskrnl.exe
 0002:0000008c       __imp__KeReleaseMutex@8    00017a6c     ntoskrnl:ntoskrnl.exe
 0002:00000090       __imp___alldiv             00017a70     ntoskrnl:ntoskrnl.exe
 0002:00000094       __imp___allmul             00017a74     ntoskrnl:ntoskrnl.exe
 0002:00000098       __imp__ExAllocatePoolWithTag@12 00017a78     ntoskrnl:ntoskrnl.exe
 0002:0000009c       __imp__ExFreePool@4        00017a7c     ntoskrnl:ntoskrnl.exe
 0002:000000a0       __imp__DbgBreakPoint@0     00017a80     ntoskrnl:ntoskrnl.exe
 0002:000000a4       __imp__DbgPrint            00017a84     ntoskrnl:ntoskrnl.exe
 0002:000000a8       __imp__KeClearEvent@4      00017a88     ntoskrnl:ntoskrnl.exe
 0002:000000ac       __imp__ExQueueWorkItem@8   00017a8c     ntoskrnl:ntoskrnl.exe
 0002:000000b0       __imp__KeInitializeTimer@4 00017a90     ntoskrnl:ntoskrnl.exe
 0002:000000b4       \177ntoskrnl_NULL_THUNK_DATA 00017a94     ntoskrnl:ntoskrnl.exe
 0002:000000b8       __imp__PcRegisterAdapterPowerManagement@8 00017a98     portcls:portcls.sys
 0002:000000bc       __imp__PcAddAdapterDevice@20 00017a9c     portcls:portcls.sys
 0002:000000c0       __imp__PcRegisterSubdevice@12 00017aa0     portcls:portcls.sys
 0002:000000c4       __imp__PcNewMiniport@8     00017aa4     portcls:portcls.sys
 0002:000000c8       __imp__PcNewPort@8         00017aa8     portcls:portcls.sys
 0002:000000cc       __imp__PcRegisterPhysicalConnection@20 00017aac     portcls:portcls.sys
 0002:000000d0       __imp__PcInitializeAdapterDriver@12 00017ab0     portcls:portcls.sys
 0002:000000d4       __imp__PcNewResourceSublist@20 00017ab4     portcls:portcls.sys
 0002:000000d8       __imp__PcNewInterruptSync@20 00017ab8     portcls:portcls.sys
 0002:000000dc       __imp__PcNewRegistryKey@36 00017abc     portcls:portcls.sys
 0002:000000e0       __imp__PcNewServiceGroup@8 00017ac0     portcls:portcls.sys
 0002:000000e4       \177portcls_NULL_THUNK_DATA 00017ac4     portcls:portcls.sys
 0002:00000160       _IID_IAdapterCommon        00017b40     adapter.obj
 0002:00000170       _CLSID_MiniportDriverFmSynth 00017b50     adapter.obj
 0002:00000180       _CLSID_PortWaveCyclic      00017b60     adapter.obj
 0002:00000190       _CLSID_PortTopology        00017b70     adapter.obj
 0002:000001a0       _CLSID_PortMidi            00017b80     adapter.obj
 0002:000001b0       _IID_IAdapterPowerManagment 00017b90     adapter.obj
 0002:000001c0       _IID_IMiniportWaveCyclicStream 00017ba0     adapter.obj
 0002:000001d0       _IID_IMiniportWaveCyclic   00017bb0     adapter.obj
 0002:000001e0       _IID_IPortWaveCyclic       00017bc0     adapter.obj
 0002:000001f0       _IID_IMiniportTopology     00017bd0     adapter.obj
 0002:00000200       _IID_IDmaChannel           00017be0     adapter.obj
 0002:00000210       _IID_IMiniport             00017bf0     adapter.obj
 0002:00000220       _IID_IUnknown              00017c00     adapter.obj
 0002:00000230       ??_C@_1BK@EGDE@?$AAF?$AAo?$AAr?$AAc?$AAe?$AAP?$AAi?$AAo?$AAM?$AAo?$AAd?$AAe?$AA?$AA@ 00017c10     common.obj
 0002:0000024c       ??_C@_1BE@FFBG@?$AAU?$AAs?$AAe?$AAD?$AAm?$AAa?$AAP?$AAo?$AAs?$AA?$AA@ 00017c2c     common.obj
 0002:00000260       ??_C@_1CA@DADJ@?$AAU?$AAs?$AAe?$AAD?$AAi?$AAs?$AAa?$AAb?$AAl?$AAe?$AAd?$AAP?$AAi?$AAn?$AAs?$AA?$AA@ 00017c40     common.obj
 0002:00000280       ??_C@_1BC@MBIB@?$AAU?$AAs?$AAe?$AAS?$AAP?$AAD?$AAI?$AAF?$AA?$AA@ 00017c60     common.obj
 0002:00000294       ??_C@_1BE@ONOC@?$AAU?$AAs?$AAe?$AAA?$AAl?$AAt?$AAO?$AAu?$AAt?$AA?$AA@ 00017c74     common.obj
 0002:000002a8       ??_C@_1BO@LMMA@?$AAS?$AAk?$AAi?$AAp?$AAC?$AAo?$AAd?$AAe?$AAc?$AAR?$AAe?$AAs?$AAe?$AAt?$AA?$AA@ 00017c88     common.obj
 0002:000002c8       ??_C@_1CI@JKGI@?$AAS?$AAk?$AAi?$AAp?$AAC?$AAo?$AAn?$AAt?$AAr?$AAo?$AAl?$AAl?$AAe?$AAr?$AAR?$AAe?$AAs?$AAe?$AAt?$AA?$AA@ 00017ca8     common.obj
 0002:000002f0       ??_C@_1BE@ENEK@?$AAR?$AAi?$AAg?$AAh?$AAt?$AAB?$AAa?$AAs?$AAs?$AA?$AA@ 00017cd0     common.obj
 0002:00000304       ??_C@_1BC@JMJO@?$AAL?$AAe?$AAf?$AAt?$AAB?$AAa?$AAs?$AAs?$AA?$AA@ 00017ce4     common.obj
 0002:00000318       ??_C@_1BI@KGAJ@?$AAR?$AAi?$AAg?$AAh?$AAt?$AAT?$AAr?$AAe?$AAb?$AAl?$AAe?$AA?$AA@ 00017cf8     common.obj
 0002:00000330       ??_C@_1BG@BGGD@?$AAL?$AAe?$AAf?$AAt?$AAT?$AAr?$AAe?$AAb?$AAl?$AAe?$AA?$AA@ 00017d10     common.obj
 0002:00000348       ??_C@_1O@IECC@?$AAM?$AAi?$AAc?$AAA?$AAG?$AAC?$AA?$AA@ 00017d28     common.obj
 0002:00000358       ??_C@_1CA@EJHI@?$AAR?$AAi?$AAg?$AAh?$AAt?$AAO?$AAu?$AAt?$AAp?$AAu?$AAt?$AAG?$AAa?$AAi?$AAn?$AA?$AA@ 00017d38     common.obj
 0002:00000378       ??_C@_1BO@PPLI@?$AAL?$AAe?$AAf?$AAt?$AAO?$AAu?$AAt?$AAp?$AAu?$AAt?$AAG?$AAa?$AAi?$AAn?$AA?$AA@ 00017d58     common.obj
 0002:00000398       ??_C@_1BO@PMCJ@?$AAR?$AAi?$AAg?$AAh?$AAt?$AAI?$AAn?$AAp?$AAu?$AAt?$AAG?$AAa?$AAi?$AAn?$AA?$AA@ 00017d78     common.obj
 0002:000003b8       ??_C@_1BM@CFEM@?$AAL?$AAe?$AAf?$AAt?$AAI?$AAn?$AAp?$AAu?$AAt?$AAG?$AAa?$AAi?$AAn?$AA?$AA@ 00017d98     common.obj
 0002:000003d4       ??_C@_1CA@CIKM@?$AAR?$AAi?$AAg?$AAh?$AAt?$AAI?$AAn?$AAp?$AAu?$AAt?$AAM?$AAi?$AAx?$AAe?$AAr?$AA?$AA@ 00017db4     common.obj
 0002:000003f4       ??_C@_1BO@JOGM@?$AAL?$AAe?$AAf?$AAt?$AAI?$AAn?$AAp?$AAu?$AAt?$AAM?$AAi?$AAx?$AAe?$AAr?$AA?$AA@ 00017dd4     common.obj
 0002:00000414       ??_C@_1BI@BMOJ@?$AAO?$AAu?$AAt?$AAp?$AAu?$AAt?$AAM?$AAi?$AAx?$AAe?$AAr?$AA?$AA@ 00017df4     common.obj
 0002:0000042c       ??_C@_1BE@GLOL@?$AAP?$AAc?$AAS?$AAp?$AAk?$AAr?$AAV?$AAo?$AAl?$AA?$AA@ 00017e0c     common.obj
 0002:00000440       ??_C@_1O@MNBB@?$AAM?$AAi?$AAc?$AAV?$AAo?$AAl?$AA?$AA@ 00017e20     common.obj
 0002:00000450       ??_C@_1BO@HCKE@?$AAR?$AAi?$AAg?$AAh?$AAt?$AAL?$AAi?$AAn?$AAe?$AAI?$AAn?$AAV?$AAo?$AAl?$AA?$AA@ 00017e30     common.obj
 0002:00000470       ??_C@_1BM@KLMB@?$AAL?$AAe?$AAf?$AAt?$AAL?$AAi?$AAn?$AAe?$AAI?$AAn?$AAV?$AAo?$AAl?$AA?$AA@ 00017e50     common.obj
 0002:0000048c       ??_C@_1BG@COJL@?$AAR?$AAi?$AAg?$AAh?$AAt?$AAC?$AAD?$AAV?$AAo?$AAl?$AA?$AA@ 00017e6c     common.obj
 0002:000004a4       ??_C@_1BE@KMKA@?$AAL?$AAe?$AAf?$AAt?$AAC?$AAD?$AAV?$AAo?$AAl?$AA?$AA@ 00017e84     common.obj
 0002:000004b8       ??_C@_1BK@JCIM@?$AAR?$AAi?$AAg?$AAh?$AAt?$AAM?$AAi?$AAd?$AAi?$AAV?$AAo?$AAl?$AA?$AA@ 00017e98     common.obj
 0002:000004d4       ??_C@_1BI@KBIJ@?$AAL?$AAe?$AAf?$AAt?$AAM?$AAi?$AAd?$AAi?$AAV?$AAo?$AAl?$AA?$AA@ 00017eb4     common.obj
 0002:000004ec       ??_C@_1BK@MFCG@?$AAR?$AAi?$AAg?$AAh?$AAt?$AAW?$AAa?$AAv?$AAe?$AAV?$AAo?$AAl?$AA?$AA@ 00017ecc     common.obj
 0002:00000508       ??_C@_1BI@PGCD@?$AAL?$AAe?$AAf?$AAt?$AAW?$AAa?$AAv?$AAe?$AAV?$AAo?$AAl?$AA?$AA@ 00017ee8     common.obj
 0002:00000520       ??_C@_1BO@NHA@?$AAR?$AAi?$AAg?$AAh?$AAt?$AAM?$AAa?$AAs?$AAt?$AAe?$AAr?$AAV?$AAo?$AAl?$AA?$AA@ 00017f00     common.obj
 0002:00000540       ??_C@_1BM@NEBF@?$AAL?$AAe?$AAf?$AAt?$AAM?$AAa?$AAs?$AAt?$AAe?$AAr?$AAV?$AAo?$AAl?$AA?$AA@ 00017f20     common.obj
 0002:0000055c       ??_7CAdapterCommon@@6BCUnknown@@@ 00017f3c     common.obj
 0002:0000056c       ??_7CAdapterCommon@@6BIAdapterPowerManagement@@@ 00017f4c     common.obj
 0002:00000584       ??_7CAdapterCommon@@6BIAdapterCommon@@@ 00017f64     common.obj
 0002:000006b0       ??_7CMiniportTopologyHDA@@6BCUnknown@@@ 00018090     mintopo.obj
 0002:000006c0       ??_7CMiniportTopologyHDA@@6BIMiniportTopology@@@ 000180a0     mintopo.obj
 0002:000006d8       ??_7CMiniportWaveCyclicHDA@@6BCUnknown@@@ 000180b8     minwave.obj
 0002:000006e8       ??_7CMiniportWaveCyclicHDA@@6BIMiniportWaveCyclic@@@ 000180c8     minwave.obj
 0002:00000704       ??_C@_09BAJA@SSE2?5?$CFd?5?6?$AA@ 000180e4     minwave.obj
 0002:00000710       ??_7CMyDmaChannel@@6B@     000180f0     minwave.obj
 0002:0000074c       ??_C@_0DG@LDEH@Aligned?5DMA?5view?5invalid?5?$CIoff?$DN?$CFl@ 0001812c     minwave.obj
 0002:00000784       ??_7CMiniportWaveCyclicStreamHDA@@6BCUnknown@@@ 00018164     minwave.obj
 0002:00000794       ??_7CMiniportWaveCyclicStreamHDA@@6BIMiniportWaveCyclicStream@@@ 00018174     minwave.obj
 0002:000007b8       ??_7CUnknown@@6B@          00018198     stdunk:stdunk.obj
 0002:000007c8       ??_C@_0BB@CHNF@m_lRefCount?5?$DO?$DN?50?$AA@ 000181a8     stdunk:stdunk.obj
 0002:000007dc       ??_C@_0N@DIKJ@?4?2stdunk?4cpp?$AA@ 000181bc     stdunk:stdunk.obj
 0002:000007ec       ??_C@_0BA@HPDB@m_lRefCount?5?$DO?50?$AA@ 000181cc     stdunk:stdunk.obj
 0002:000007fc       ??_C@_06DPDC@ppVoid?$AA@   000181dc     stdunk:stdunk.obj
 0003:00000000       ?ulDebugOut@@3KA           00018200     adapter.obj
 0003:00000008       __GUID_b7902fe9_fb0a_11d1_81b0_0060083316c1 00018208     adapter.obj
 0003:00000018       __GUID_d3f0ce1c_fffc_11d1_81b0_0060083316c1 00018218     adapter.obj
 0003:00000028       __GUID_c096df9c_fb09_11d1_81b0_0060083316c1 00018228     adapter.obj
 0003:0000014c       ?BdlSize@@3KA              0001834c     common.obj
 0003:00000870       __GUID_185fedf6_9905_11d1_95a9_00c04fb925d3 00018a70     mintopo.obj
 0003:00000880       __GUID_185fedef_9905_11d1_95a9_00c04fb925d3 00018a80     mintopo.obj
 0003:00000890       __GUID_185fede1_9905_11d1_95a9_00c04fb925d3 00018a90     mintopo.obj
 0003:000008a0       __GUID_185fede0_9905_11d1_95a9_00c04fb925d3 00018aa0     mintopo.obj
 0003:000008b0       __GUID_7607e580_c557_11d0_8a2b_00a0c9255ac1 00018ab0     mintopo.obj
 0003:000008c0       __GUID_185fede4_9905_11d1_95a9_00c04fb925d3 00018ac0     mintopo.obj
 0003:000008d0       __GUID_185fede3_9905_11d1_95a9_00c04fb925d3 00018ad0     mintopo.obj
 0003:000008e0       __GUID_da441a60_c556_11d0_8a2b_00a0c9255ac1 00018ae0     mintopo.obj
 0003:000008f0       __GUID_185fedee_9905_11d1_95a9_00c04fb925d3 00018af0     mintopo.obj
 0003:00000900       __GUID_02b223c0_c557_11d0_8a2b_00a0c9255ac1 00018b00     mintopo.obj
 0003:00000910       __GUID_185feded_9905_11d1_95a9_00c04fb925d3 00018b10     mintopo.obj
 0003:00000920       __GUID_e88c9ba0_c557_11d0_8a2b_00a0c9255ac1 00018b20     mintopo.obj
 0003:00000930       __GUID_185fedec_9905_11d1_95a9_00c04fb925d3 00018b30     mintopo.obj
 0003:00000940       __GUID_185fedeb_9905_11d1_95a9_00c04fb925d3 00018b40     mintopo.obj
 0003:00000950       __GUID_185fedea_9905_11d1_95a9_00c04fb925d3 00018b50     mintopo.obj
 0003:00000960       __GUID_185fede9_9905_11d1_95a9_00c04fb925d3 00018b60     mintopo.obj
 0003:00000970       __GUID_185fede8_9905_11d1_95a9_00c04fb925d3 00018b70     mintopo.obj
 0003:00000980       __GUID_e573adc0_c555_11d0_8a2b_00a0c9255ac1 00018b80     mintopo.obj
 0003:00000990       __GUID_185fede7_9905_11d1_95a9_00c04fb925d3 00018b90     mintopo.obj
 0003:000009a0       __GUID_185fede5_9905_11d1_95a9_00c04fb925d3 00018ba0     mintopo.obj
 0003:000009b0       __GUID_3a5acc00_c557_11d0_8a2b_00a0c9255ac1 00018bb0     mintopo.obj
 0003:000009c0       __GUID_45ffaaa0_6e1b_11d0_bcf2_444553540000 00018bc0     mintopo.obj
 0003:000009d0       __GUID_6994ad04_93ef_11d0_a3cc_00a0c9223196 00018bd0     mintopo.obj
 0003:000009e0       __GUID_185fedf7_9905_11d1_95a9_00c04fb925d3 00018be0     mintopo.obj
 0003:000009f0       __GUID_dff21ce1_f70f_11d0_b917_00a0c9223196 00018bf0     mintopo.obj
 0003:00000a00       __GUID_dff21be1_f70f_11d0_b917_00a0c9223196 00018c00     mintopo.obj
 0003:00000a10       __GUID_185fedf9_9905_11d1_95a9_00c04fb925d3 00018c10     mintopo.obj
 0003:00000a20       __GUID_dff21fe3_f70f_11d0_b917_00a0c9223196 00018c20     mintopo.obj
 0003:00000a30       __GUID_185fedfb_9905_11d1_95a9_00c04fb925d3 00018c30     mintopo.obj
 0003:00000a40       __GUID_dff220e3_f70f_11d0_b917_00a0c9223196 00018c40     mintopo.obj
 0003:00000a50       __GUID_185fedf8_9905_11d1_95a9_00c04fb925d3 00018c50     mintopo.obj
 0003:00000a60       __GUID_dff220f3_f70f_11d0_b917_00a0c9223196 00018c60     mintopo.obj
 0003:00000a70       __GUID_dff21fe4_f70f_11d0_b917_00a0c9223196 00018c70     mintopo.obj
 0003:00000a80       __GUID_97e99ba0_bdea_11cf_a5d6_28db04c10000 00018c80     mintopo.obj
 0003:00000cc8       __GUID_507ae360_c554_11d0_8a2b_00a0c9255ac1 00018ec8     minwave.obj
 0003:00000cd8       __GUID_4d837fe0_c555_11d0_8a2b_00a0c9255ac1 00018ed8     minwave.obj
 0003:00000ce8       __GUID_185fedfa_9905_11d1_95a9_00c04fb925d3 00018ee8     minwave.obj
 0003:00000cf8       __GUID_fb6c4281_0353_11d1_905f_0000c0cc16ba 00018ef8     minwave.obj
 0003:00000d08       __GUID_05589f81_c356_11ce_bf01_00aa0055595a 00018f08     minwave.obj
 0003:00000d18       __GUID_00000001_0000_0010_8000_00aa00389b71 00018f18     minwave.obj
 0003:00000d28       __GUID_73647561_0000_0010_8000_00aa00389b71 00018f28     minwave.obj
 0003:00000d38       __GUID_518590a2_a184_11d0_8522_00c04fd9baf3 00018f38     minwave.obj
 0003:00000d48       __GUID_0f6417d6_c318_11d0_a43f_00a0c9223196 00018f48     minwave.obj
 0003:00000d58       ?PDO@@3PAU_DEVICE_OBJECT@@A 00018f58     adapter.obj
 0003:00000d60       __GUID_00000000_0000_0000_0000_000000000000 00018f60     adapter.obj
 0004:000000ae       _AddDevice@8               0001902e f   adapter.obj
 0004:0000036a       ?InstallSubdevice@@YGJPAU_DEVICE_OBJECT@@PAU_IRP@@PAGABU_GUID@@3P6GJPAPAUIUnknown@@3PAU4@W4_POOL_TYPE@@@Z5PAUIResourceList@@344@Z 000192ea f   adapter.obj
 0004:0000076e       ?StartDevice@@YGJPAU_DEVICE_OBJECT@@PAU_IRP@@PAUIResourceList@@@Z 000196ee f   adapter.obj
 0004:00000f6e       ?AssignResources@@YGJPAUIResourceList@@PAPAU1@11111@Z 00019eee f   adapter.obj
 0004:000014d8       ?NewAdapterCommon@@YGJPAPAUIUnknown@@ABU_GUID@@PAU1@W4_POOL_TYPE@@@Z 0001a458 f   common.obj
 0004:00002151       ?Init@CAdapterCommon@@UAGJPAUIResourceList@@PAU_DEVICE_OBJECT@@1@Z 0001b0d1 f   common.obj
 0004:00003812       ??1CAdapterCommon@@UAE@XZ  0001c792 f   common.obj
 0004:00003c40       ??_GHDA_Codec@@QAEPAXI@Z   0001cbc0 f i common.obj
 0004:00003cc7       ?NonDelegatingQueryInterface@CAdapterCommon@@UAGJABU_GUID@@PAPAX@Z 0001cc47 f   common.obj
 0004:00003e1e       ?WavePortDriverDest@CAdapterCommon@@UAGPAPAUIUnknown@@XZ 0001cd9e f   common.obj
 0004:00003ebe       ?GetInterruptSync@CAdapterCommon@@UAGPAUIInterruptSync@@XZ 0001ce3e f   common.obj
 0004:00003f5e       ?GetDeviceDescription@CAdapterCommon@@UAGPAU_DEVICE_DESCRIPTION@@XZ 0001cede f   common.obj
 0004:00003ffe       ?MidiPortDriverDest@CAdapterCommon@@UAGPAPAUIUnknown@@XZ 0001cf7e f   common.obj
 0004:0000409e       ?SetWaveServiceGroup@CAdapterCommon@@UAGXPAUIServiceGroup@@@Z 0001d01e f   common.obj
 0004:0000487e       ?InitHDAController@CAdapterCommon@@QAGJXZ 0001d7fe f   common.obj
 0004:00005a8e       ?TryInitializeCodecSlot@CAdapterCommon@@AAGJEPBD@Z 0001ea0e f   common.obj
 0004:00005cd2       ?ReadRegistryBoolean@CAdapterCommon@@AAGEPBGE@Z 0001ec52 f   common.obj
 0004:00005eb8       ?CreateMiniportTopologyHDA@@YGJPAPAUIUnknown@@ABU_GUID@@PAU1@W4_POOL_TYPE@@@Z 0001ee38 f   mintopo.obj
 0004:0000602a       ?ProcessResources@CMiniportTopologyHDA@@AAEJPAUIResourceList@@@Z 0001efaa f   mintopo.obj
 0004:000061aa       ?NonDelegatingQueryInterface@CMiniportTopologyHDA@@UAGJABU_GUID@@PAPAX@Z 0001f12a f   mintopo.obj
 0004:0000634e       ??1CMiniportTopologyHDA@@UAE@XZ 0001f2ce f   mintopo.obj
 0004:00006526       ?Init@CMiniportTopologyHDA@@UAGJPAUIUnknown@@PAUIResourceList@@PAUIPortTopology@@@Z 0001f4a6 f   mintopo.obj
 0004:0000673a       ?GetDescription@CMiniportTopologyHDA@@UAGJPAPAUPCFILTER_DESCRIPTOR@@@Z 0001f6ba f   mintopo.obj
 0004:00008018       ?CreateMiniportWaveCyclicHDA@@YGJPAPAUIUnknown@@ABU_GUID@@PAU1@W4_POOL_TYPE@@@Z 00020f98 f   minwave.obj
 0004:000082d6       ?ProcessResources@CMiniportWaveCyclicHDA@@AAEJPAUIResourceList@@@Z 00021256 f   minwave.obj
 0004:00008782       ?ValidateFormat@CMiniportWaveCyclicHDA@@AAEJPATKSDATAFORMAT@@@Z 00021702 f   minwave.obj
 0004:000089be       ?NonDelegatingQueryInterface@CMiniportWaveCyclicHDA@@UAGJABU_GUID@@PAPAX@Z 0002193e f   minwave.obj
 0004:00008b72       ??1CMiniportWaveCyclicHDA@@UAE@XZ 00021af2 f   minwave.obj
 0004:00008d66       ?Init@CMiniportWaveCyclicHDA@@UAGJPAUIUnknown@@PAUIResourceList@@PAUIPortWaveCyclic@@@Z 00021ce6 f   minwave.obj
 0004:00008ffe       ?GetDescription@CMiniportWaveCyclicHDA@@UAGJPAPAUPCFILTER_DESCRIPTOR@@@Z 00021f7e f   minwave.obj
 0004:000091da       ?DataRangeIntersection@CMiniportWaveCyclicHDA@@UAGJKPATKSDATAFORMAT@@0KPAXPAK@Z 0002215a f   minwave.obj
 0004:000097ca       ?NewStream@CMiniportWaveCyclicHDA@@UAGJPAPAUIMiniportWaveCyclicStream@@PAUIUnknown@@W4_POOL_TYPE@@KEPATKSDATAFORMAT@@PAPAUIDmaChannel@@PAPAUIServiceGroup@@@Z 0002274a f   minwave.obj
 0004:00009b62       ?NonDelegatingQueryInterface@CMiniportWaveCyclicStreamHDA@@UAGJABU_GUID@@PAPAX@Z 00022ae2 f   minwave.obj
 0004:00009cfe       ??1CMiniportWaveCyclicStreamHDA@@UAE@XZ 00022c7e f   minwave.obj
 0004:00009f80       ?Init@CMiniportWaveCyclicStreamHDA@@QAEJPAVCMiniportWaveCyclicHDA@@KEPATKSDATAFORMAT@@PAUIDmaChannel@@@Z 00022f00 f   minwave.obj
 0004:0000a232       ?SetNotificationFreq@CMiniportWaveCyclicStreamHDA@@UAGKKPAK@Z 000231b2 f   minwave.obj
 0004:0000a3c6       ?SetFormat@CMiniportWaveCyclicStreamHDA@@UAGJPATKSDATAFORMAT@@@Z 00023346 f   minwave.obj
 0004:0000a5ee       ?SetState@CMiniportWaveCyclicStreamHDA@@UAGJW4KSSTATE@@@Z 0002356e f   minwave.obj
 0005:0000003e       _DriverEntry@8             0002389e f   adapter.obj
 0005:000000ac       __IMPORT_DESCRIPTOR_ntoskrnl 0002390c     ntoskrnl:ntoskrnl.exe
 0005:000000c0       __IMPORT_DESCRIPTOR_HAL    00023920     hal:HAL.dll
 0005:000000d4       __IMPORT_DESCRIPTOR_portcls 00023934     portcls:portcls.sys
 0005:000000e8       __NULL_IMPORT_DESCRIPTOR   00023948     ntoskrnl:ntoskrnl.exe

 entry point at        0005:0000003e

 Static symbols

 0004:0000688e       ?PropertyHandler_OnOff@@YGJPAU_PCPROPERTY_REQUEST@@@Z 0001f80e f   mintopo.obj
 0004:00006dc6       ?PropertyHandler_SuperMixCaps@@YGJPAU_PCPROPERTY_REQUEST@@@Z 0001fd46 f   mintopo.obj
 0004:000073c6       ?PropertyHandler_SuperMixTable@@YGJPAU_PCPROPERTY_REQUEST@@@Z 00020346 f   mintopo.obj
 0004:00007af6       ?PropertyHandler_CpuResources@@YGJPAU_PCPROPERTY_REQUEST@@@Z 00020a76 f   mintopo.obj
 0001:0000642e       ?PropertyHandler_Level@@YGJPAU_PCPROPERTY_REQUEST@@@Z 0001670e f   mintopo.obj
 0004:00007d46       ?BasicSupportHandler@@YGJPAU_PCPROPERTY_REQUEST@@@Z 00020cc6 f   mintopo.obj
 0001:00006a30       ?VolumeLevelToMixerCount@@YGEJ@Z 00016d10 f   mintopo.obj
 0001:00000190       ?AllocateAlignedCommonBuffer@@YGJPAU_DMA_ADAPTER@@KKPAU_HDA_DMA_COMMON_BUFFER@@@Z 00010470 f   common.obj
 0001:00000310       ?ResetCommonBufferDescriptor@@YGXPAU_HDA_DMA_COMMON_BUFFER@@@Z 000105f0 f   common.obj
 0001:00000330       ?FreeAlignedCommonBuffer@@YGXPAU_DMA_ADAPTER@@PAU_HDA_DMA_COMMON_BUFFER@@@Z 00010610 f   common.obj

 712 bytes saved through ICF

