 HDA

 Timestamp is 6a1bbe70 (Sat May 30 21:52:00 2026)

 Preferred load address is 00010000

 Start         Length     Name                   Class
 0001:00000000 000071e7H .text                   CODE
 0002:00000000 000000b8H .idata$5                DATA
 0002:000000b8 00000703H .rdata                  DATA
 0003:00000000 00000d18H .data                   DATA
 0003:00000d18 0000001eH .bss                    DATA
 0004:00000000 0000a4e0H PAGE                    CODE
 0005:00000000 000000a9H INIT                    CODE
 0005:000000ac 0000003cH .idata$2                CODE
 0005:000000e8 00000014H .idata$3                CODE
 0005:000000fc 000000b8H .idata$4                CODE
 0005:000001b4 000003b4H .idata$6                CODE
 0006:00000000 00000058H .rsrc$01                DATA
 0006:00000060 000003d0H .rsrc$02                DATA

  Address         Publics by Value              Rva+Base     Lib:Object

 0001:00000000       ??3@YAXPAX@Z               000102e0 f i common.obj
 0001:00000010       ??2@YGPAXIW4_POOL_TYPE@@K@Z 000102f0 f i common.obj
 0001:00000050       ??0CAdapterCommon@@QAE@PAUIUnknown@@@Z 00010330 f i common.obj
 0001:000000a0       ?QueryInterface@CAdapterCommon@@UAGJABU_GUID@@PAPAX@Z 00010380 f i common.obj
 0001:000000d0       ?GetOuterUnknown@CUnknown@@QAEPAUIUnknown@@XZ 000103b0 f i common.obj
 0001:000000f0       ?AddRef@CAdapterCommon@@UAGKXZ 000103d0 f i common.obj
 0001:00000120       ?Release@CAdapterCommon@@UAGKXZ 00010400 f i common.obj
 0001:00000150       ??_GCAdapterCommon@@UAEPAXI@Z 00010430 f i common.obj
 0001:00000150       ??_ECAdapterCommon@@UAEPAXI@Z 00010430 f i common.obj
 0001:00000190       ??0IUnknown@@QAE@XZ        00010470 f i common.obj
 0001:00000190       ??0INonDelegatingUnknown@@QAE@XZ 00010470 f i common.obj
 0001:00000390       _IsEqualGUIDAligned@8      00010670 f i common.obj
 0001:00000410       ??2@YGPAXIW4_POOL_TYPE@@@Z 000106f0 f i common.obj
 0001:00000460       ?hda_is_supported_sample_rate@CAdapterCommon@@UAGEK@Z 00010740 f   common.obj
 0001:00000536       ?hda_send_verb@CAdapterCommon@@UAGKKKKK@Z 00010816 f   common.obj
 0001:00000852       ?ReadController@CAdapterCommon@@UAGEXZ 00010b32 f   common.obj
 0001:000008f6       ?WriteController@CAdapterCommon@@UAGEE@Z 00010bd6 f   common.obj
 0001:00000a02       ?MixerRegWrite@CAdapterCommon@@UAGXEE@Z 00010ce2 f   common.obj
 0001:00000bca       ?MixerRegRead@CAdapterCommon@@UAGEE@Z 00010eaa f   common.obj
 0001:00000cae       ?MixerReset@CAdapterCommon@@UAGXXZ 00010f8e f   common.obj
 0001:00000d4e       ?AcknowledgeIRQ@CAdapterCommon@@AAE?AW4_HDA_INTERRUPT_TYPE@@XZ 0001102e f   common.obj
 0001:00000ff2       ?ResetController@CAdapterCommon@@UAGJXZ 000112d2 f   common.obj
 0001:000010a6       ?RestoreMixerSettingsFromRegistry@CAdapterCommon@@UAGJXZ 00011386 f   common.obj
 0001:00001352       ?SaveMixerSettingsToRegistry@CAdapterCommon@@UAGJXZ 00011632 f   common.obj
 0001:000015be       ?ProgramSampleRate@CAdapterCommon@@UAGJK@Z 0001189e f   common.obj
 0001:000017ba       ?PowerChangeState@CAdapterCommon@@UAGXT_POWER_STATE@@@Z 00011a9a f   common.obj
 0001:000019a6       ?QueryPowerChangeState@CAdapterCommon@@UAGJT_POWER_STATE@@@Z 00011c86 f   common.obj
 0001:00001a2a       ?QueryDeviceCapabilities@CAdapterCommon@@UAGJPAU_DEVICE_CAPABILITIES@@@Z 00011d0a f   common.obj
 0001:00001ada       ?InterruptServiceRoutine@@YGJPAUIInterruptSync@@PAX@Z 00011dba f   common.obj
 0001:00001c66       ?hda_stop_stream@CAdapterCommon@@UAGJXZ 00011f46 f   common.obj
 0001:00001f4a       ?hda_start_sound@CAdapterCommon@@UAGXXZ 0001222a f   common.obj
 0001:000020ba       ?hda_stop_sound@CAdapterCommon@@UAGXXZ 0001239a f   common.obj
 0001:00002256       ?hda_get_actual_stream_position@CAdapterCommon@@UAGKXZ 00012536 f   common.obj
 0001:00002360       ?hda_set_volume@CAdapterCommon@@QAGXKE@Z 00012640 f   common.obj
 0001:000023c0       ?readUCHAR@CAdapterCommon@@QAGEG@Z 000126a0 f   common.obj
 0001:000023e0       ?writeUCHAR@CAdapterCommon@@QAGXGE@Z 000126c0 f   common.obj
 0001:00002410       ?readUSHORT@CAdapterCommon@@QAGGG@Z 000126f0 f   common.obj
 0001:00002430       ?writeUSHORT@CAdapterCommon@@QAGXGG@Z 00012710 f   common.obj
 0001:00002460       ?readULONG@CAdapterCommon@@QAGKG@Z 00012740 f   common.obj
 0001:00002480       ?writeULONG@CAdapterCommon@@QAGXGK@Z 00012760 f   common.obj
 0001:0000261a       ?hda_setup_stream_descriptor@CAdapterCommon@@UAGJPAUIDmaChannel@@@Z 000128fa f   common.obj
 0001:00002a70       ?hda_return_sound_data_format@CAdapterCommon@@QAGGKKK@Z 00012d50 f   common.obj
 0001:00002a70       ?hda_return_sound_data_format@HDA_Codec@@QAGGKKK@Z 00012d50 f   common.obj
 0001:00002be0       ?ReadWriteConfigSpace@CAdapterCommon@@AAGJPAU_DEVICE_OBJECT@@KPAXKK@Z 00012ec0 f   common.obj
 0001:00002d0b       ?WriteConfigSpaceByte@CAdapterCommon@@AAGJEEE@Z 00012feb f   common.obj
 0001:00002e0b       ?WriteConfigSpaceWord@CAdapterCommon@@AAGJEGG@Z 000130eb f   common.obj
 0001:00002ed0       ?CacheLineFlush@CAdapterCommon@@UAGXPAXK@Z 000131b0 f   common.obj
 0001:00002f30       ?QueryInterface@CAdapterCommon@@W3AGJABU_GUID@@PAPAX@Z 00013210 f i common.obj
 0001:00002f40       ?AddRef@CAdapterCommon@@W3AGKXZ 00013220 f i common.obj
 0001:00002f50       ?Release@CAdapterCommon@@W3AGKXZ 00013230 f i common.obj
 0001:00002f60       ??0HDA_Codec@@QAE@EEEPAUIAdapterCommon@@@Z 00013240 f   codec.obj
 0001:00003000       ??1HDA_Codec@@QAE@XZ       000132e0 f   codec.obj
 0001:0000311e       ?InitializeCodec@HDA_Codec@@QAGJXZ 000133fe f   codec.obj
 0001:000038d8       ?hda_initialize_audio_function_group@HDA_Codec@@QAGJK@Z 00013bb8 f   codec.obj
 0001:0000452a       ?hda_get_node_type@HDA_Codec@@QAGEK@Z 0001480a f   codec.obj
 0001:000045da       ?hda_get_node_connection_entries@HDA_Codec@@QAGKKK@Z 000148ba f   codec.obj
 0001:000046e0       ?hda_enable_pin_output@HDA_Codec@@QAGXK@Z 000149c0 f   codec.obj
 0001:00004710       ?hda_disable_pin_output@HDA_Codec@@QAGXK@Z 000149f0 f   codec.obj
 0001:00004740       ?hda_is_headphone_connected@HDA_Codec@@QAGEXZ 00014a20 f   codec.obj
 0001:0000482a       ?hda_initialize_output_pin@HDA_Codec@@QAGXKAAUHDA_NODE_PATH@@@Z 00014b0a f   codec.obj
 0001:00004bd2       ?hda_initialize_audio_output@HDA_Codec@@QAGXKAAUHDA_NODE_PATH@@@Z 00014eb2 f   codec.obj
 0001:00004fc6       ?hda_initialize_audio_mixer@HDA_Codec@@QAGXKAAUHDA_NODE_PATH@@@Z 000152a6 f   codec.obj
 0001:000052ee       ?hda_initialize_audio_selector@HDA_Codec@@QAGXKAAUHDA_NODE_PATH@@@Z 000155ce f   codec.obj
 0001:00005766       ?ProgramSampleRate@HDA_Codec@@QAGJK@Z 00015a46 f   codec.obj
 0001:00005ab0       ?hda_check_headphone_connection_change@HDA_Codec@@QAGXXZ 00015d90 f   codec.obj
 0001:00005b82       ?hda_is_supported_sample_rate@HDA_Codec@@QAGEK@Z 00015e62 f   codec.obj
 0001:00005ca0       ?hda_set_volume@HDA_Codec@@QAGXKE@Z 00015f80 f   codec.obj
 0001:00005d00       ?hda_set_node_gain@HDA_Codec@@QAGXKKKKE@Z 00015fe0 f   codec.obj
 0001:00005da0       ?hda_send_verb@HDA_Codec@@QAGKKKK@Z 00016080 f   codec.obj
 0001:00005dd0       ??0CMiniportTopologyHDA@@QAE@PAUIUnknown@@@Z 000160b0 f i mintopo.obj
 0001:00005e10       ?DataRangeIntersection@CMiniportTopologyHDA@@UAGJKPATKSDATAFORMAT@@0KPAXPAK@Z 000160f0 f i mintopo.obj
 0001:00005e20       ??_ECMiniportTopologyHDA@@UAEPAXI@Z 00016100 f i mintopo.obj
 0001:00005e20       ??_GCMiniportTopologyHDA@@UAEPAXI@Z 00016100 f i mintopo.obj
 0001:00005e60       ??0IMiniportTopology@@QAE@XZ 00016140 f i mintopo.obj
 0001:00005e60       ??0IMiniportWaveCyclic@@QAE@XZ 00016140 f i mintopo.obj
 0001:00006500       ?ReadBitsFromMixer@CMiniportTopologyHDA@@AAEEEEE@Z 000167e0 f   mintopo.obj
 0001:00006550       ?ThisManyOnes@@YGEE@Z      00016830 f i mintopo.obj
 0001:00006570       ?WriteBitsToMixer@CMiniportTopologyHDA@@AAEXEEEE@Z 00016850 f   mintopo.obj
 0001:00006610       ??0CMiniportWaveCyclicHDA@@QAE@PAUIUnknown@@@Z 000168f0 f i minwave.obj
 0001:00006650       ?AddRef@CMiniportWaveCyclicHDA@@UAGKXZ 00016930 f i minwave.obj
 0001:00006650       ?AddRef@CMiniportTopologyHDA@@UAGKXZ 00016930 f i minwave.obj
 0001:00006650       ?AddRef@CMiniportWaveCyclicStreamHDA@@UAGKXZ 00016930 f i minwave.obj
 0001:00006680       ??_GCMiniportWaveCyclicHDA@@UAEPAXI@Z 00016960 f i minwave.obj
 0001:00006680       ??_ECMiniportWaveCyclicHDA@@UAEPAXI@Z 00016960 f i minwave.obj
 0001:000066c0       ??0CMyDmaChannel@@QAE@PAUIDmaChannel@@@Z 000169a0 f i minwave.obj
 0001:00006780       ?QueryInterface@CMyDmaChannel@@UAGJABU_GUID@@PAPAX@Z 00016a60 f i minwave.obj
 0001:000067e0       _IsEqualGUID@8             00016ac0 f i minwave.obj
 0001:00006810       ?AddRef@CMyDmaChannel@@UAGKXZ 00016af0 f i minwave.obj
 0001:00006830       ?Release@CMyDmaChannel@@UAGKXZ 00016b10 f i minwave.obj
 0001:00006880       ?AllocateBuffer@CMyDmaChannel@@UAGJKPAT_LARGE_INTEGER@@@Z 00016b60 f i minwave.obj
 0001:00006a20       ?FreeBuffer@CMyDmaChannel@@UAGXXZ 00016d00 f i minwave.obj
 0001:00006a70       ?SystemAddress@CMyDmaChannel@@UAGPAXXZ 00016d50 f i minwave.obj
 0001:00006aa0       ?CopyTo@CMyDmaChannel@@UAGXPAX0K@Z 00016d80 f i minwave.obj
 0001:00006b20       ?CopyFrom@CMyDmaChannel@@UAGXPAX0K@Z 00016e00 f i minwave.obj
 0001:00006b50       ?AllocatedBufferSize@CMyDmaChannel@@UAGKXZ 00016e30 f i minwave.obj
 0001:00006b80       ?BufferSize@CMyDmaChannel@@UAGKXZ 00016e60 f i minwave.obj
 0001:00006bb0       ?SetBufferSize@CMyDmaChannel@@UAGXK@Z 00016e90 f i minwave.obj
 0001:00006be0       ?PhysicalAddress@CMyDmaChannel@@UAG?AT_LARGE_INTEGER@@XZ 00016ec0 f i minwave.obj
 0001:00006c40       ?MaximumBufferSize@CMyDmaChannel@@UAGKXZ 00016f20 f i minwave.obj
 0001:00006c70       ?TransferCount@CMyDmaChannel@@UAGKXZ 00016f50 f i minwave.obj
 0001:00006c90       ?GetAdapterObject@CMyDmaChannel@@UAGPAU_DMA_ADAPTER@@XZ 00016f70 f i minwave.obj
 0001:00006cb0       ??0IAdapterPowerManagement@@QAE@XZ 00016f90 f i minwave.obj
 0001:00006cb0       ??0IDmaChannel@@QAE@XZ     00016f90 f i minwave.obj
 0001:00006cb0       ??0IMiniport@@QAE@XZ       00016f90 f i minwave.obj
 0001:00006cb0       ??0IMiniportWaveCyclicStream@@QAE@XZ 00016f90 f i minwave.obj
 0001:00006cb0       ??0IAdapterCommon@@QAE@XZ  00016f90 f i minwave.obj
 0001:00006cd0       ??0CMiniportWaveCyclicStreamHDA@@QAE@PAUIUnknown@@@Z 00016fb0 f i minwave.obj
 0001:00006d10       ?QueryInterface@CMiniportWaveCyclicStreamHDA@@UAGJABU_GUID@@PAPAX@Z 00016ff0 f i minwave.obj
 0001:00006d10       ?QueryInterface@CMiniportTopologyHDA@@UAGJABU_GUID@@PAPAX@Z 00016ff0 f i minwave.obj
 0001:00006d10       ?QueryInterface@CMiniportWaveCyclicHDA@@UAGJABU_GUID@@PAPAX@Z 00016ff0 f i minwave.obj
 0001:00006d40       ?Release@CMiniportWaveCyclicStreamHDA@@UAGKXZ 00017020 f i minwave.obj
 0001:00006d40       ?Release@CMiniportWaveCyclicHDA@@UAGKXZ 00017020 f i minwave.obj
 0001:00006d40       ?Release@CMiniportTopologyHDA@@UAGKXZ 00017020 f i minwave.obj
 0001:00006d70       ??_ECMiniportWaveCyclicStreamHDA@@UAEPAXI@Z 00017050 f i minwave.obj
 0001:00006d70       ??_GCMiniportWaveCyclicStreamHDA@@UAEPAXI@Z 00017050 f i minwave.obj
 0001:00006dc9       ?GetPosition@CMiniportWaveCyclicStreamHDA@@UAGJPAK@Z 000170a9 f   minwave.obj
 0001:00006ede       ?NormalizePhysicalPosition@CMiniportWaveCyclicStreamHDA@@UAGJPA_J@Z 000171be f   minwave.obj
 0001:00006f80       ?Silence@CMiniportWaveCyclicStreamHDA@@UAGXPAXK@Z 00017260 f   minwave.obj
 0001:00006fbe       _DbgPrint                  0001729e f   ntoskrnl:ntoskrnl.exe
 0001:00006fc4       _DbgBreakPoint@0           000172a4 f   ntoskrnl:ntoskrnl.exe
 0001:00006fca       __alldiv                   000172aa f   ntoskrnl:ntoskrnl.exe
 0001:00006fd0       __allmul                   000172b0 f   ntoskrnl:ntoskrnl.exe
 0001:00006fd6       _PcInitializeAdapterDriver@12 000172b6 f   portcls:portcls.sys
 0001:00006fdc       _PcAddAdapterDevice@20     000172bc f   portcls:portcls.sys
 0001:00006fe2       _PcRegisterSubdevice@12    000172c2 f   portcls:portcls.sys
 0001:00006fe8       _PcNewMiniport@8           000172c8 f   portcls:portcls.sys
 0001:00006fee       _PcNewPort@8               000172ce f   portcls:portcls.sys
 0001:00006ff4       _PcRegisterPhysicalConnection@20 000172d4 f   portcls:portcls.sys
 0001:00006ffa       _PcRegisterAdapterPowerManagement@8 000172da f   portcls:portcls.sys
 0001:00007000       _PcNewResourceSublist@20   000172e0 f   portcls:portcls.sys
 0001:00007006       _PcNewInterruptSync@20     000172e6 f   portcls:portcls.sys
 0001:0000700c       _PcNewRegistryKey@36       000172ec f   portcls:portcls.sys
 0001:00007012       _PcNewServiceGroup@8       000172f2 f   portcls:portcls.sys
 0001:00007020       ??0CUnknown@@QAE@PAUIUnknown@@@Z 00017300 f   stdunk:stdunk.obj
 0001:00007070       ??_ECUnknown@@UAEPAXI@Z    00017350 f i stdunk:stdunk.obj
 0001:00007070       ??_GCUnknown@@UAEPAXI@Z    00017350 f i stdunk:stdunk.obj
 0001:000070a0       ??1CUnknown@@UAE@XZ        00017380 f   stdunk:stdunk.obj
 0001:000070c0       ?NonDelegatingAddRef@CUnknown@@UAGKXZ 000173a0 f   stdunk:stdunk.obj
 0001:00007100       ?NonDelegatingRelease@CUnknown@@UAGKXZ 000173e0 f   stdunk:stdunk.obj
 0001:00007180       ?NonDelegatingQueryInterface@CUnknown@@UAGJABU_GUID@@PAPAX@Z 00017460 f   stdunk:stdunk.obj
 0002:00000000       __imp_@KfAcquireSpinLock@4 000174e0     hal:HAL.dll
 0002:00000004       __imp_@KfReleaseSpinLock@8 000174e4     hal:HAL.dll
 0002:00000008       __imp__KeStallExecutionProcessor@4 000174e8     hal:HAL.dll
 0002:0000000c       __imp__KeGetCurrentIrql@0  000174ec     hal:HAL.dll
 0002:00000010       \177HAL_NULL_THUNK_DATA    000174f0     hal:HAL.dll
 0002:00000014       __imp__MmMapIoSpace@16     000174f4     ntoskrnl:ntoskrnl.exe
 0002:00000018       __imp__KeInitializeSpinLock@4 000174f8     ntoskrnl:ntoskrnl.exe
 0002:0000001c       __imp__MmUnmapIoSpace@8    000174fc     ntoskrnl:ntoskrnl.exe
 0002:00000020       __imp__RtlInitUnicodeString@8 00017500     ntoskrnl:ntoskrnl.exe
 0002:00000024       __imp__IoGetDmaAdapter@12  00017504     ntoskrnl:ntoskrnl.exe
 0002:00000028       __imp__READ_REGISTER_ULONG@4 00017508     ntoskrnl:ntoskrnl.exe
 0002:0000002c       __imp__WRITE_REGISTER_ULONG@8 0001750c     ntoskrnl:ntoskrnl.exe
 0002:00000030       __imp__READ_REGISTER_UCHAR@4 00017510     ntoskrnl:ntoskrnl.exe
 0002:00000034       __imp__WRITE_REGISTER_UCHAR@8 00017514     ntoskrnl:ntoskrnl.exe
 0002:00000038       __imp__READ_REGISTER_USHORT@4 00017518     ntoskrnl:ntoskrnl.exe
 0002:0000003c       __imp__WRITE_REGISTER_USHORT@8 0001751c     ntoskrnl:ntoskrnl.exe
 0002:00000040       __imp__ExFreePool@4        00017520     ntoskrnl:ntoskrnl.exe
 0002:00000044       __imp__ExAllocatePoolWithTag@12 00017524     ntoskrnl:ntoskrnl.exe
 0002:00000048       __imp_@IofCallDriver@8     00017528     ntoskrnl:ntoskrnl.exe
 0002:0000004c       __imp__IoBuildSynchronousFsdRequest@28 0001752c     ntoskrnl:ntoskrnl.exe
 0002:00000050       __imp__IoGetAttachedDeviceReference@4 00017530     ntoskrnl:ntoskrnl.exe
 0002:00000054       __imp__KeInitializeEvent@12 00017534     ntoskrnl:ntoskrnl.exe
 0002:00000058       __imp_@InterlockedIncrement@4 00017538     ntoskrnl:ntoskrnl.exe
 0002:0000005c       __imp__RtlAssert@16        0001753c     ntoskrnl:ntoskrnl.exe
 0002:00000060       __imp__KeInitializeMutex@8 00017540     ntoskrnl:ntoskrnl.exe
 0002:00000064       __imp__KeReleaseMutex@8    00017544     ntoskrnl:ntoskrnl.exe
 0002:00000068       __imp___alldiv             00017548     ntoskrnl:ntoskrnl.exe
 0002:0000006c       __imp___allmul             0001754c     ntoskrnl:ntoskrnl.exe
 0002:00000070       __imp__DbgBreakPoint@0     00017550     ntoskrnl:ntoskrnl.exe
 0002:00000074       __imp__DbgPrint            00017554     ntoskrnl:ntoskrnl.exe
 0002:00000078       __imp__KeWaitForSingleObject@20 00017558     ntoskrnl:ntoskrnl.exe
 0002:0000007c       __imp_@ObfDereferenceObject@4 0001755c     ntoskrnl:ntoskrnl.exe
 0002:00000080       __imp_@InterlockedDecrement@4 00017560     ntoskrnl:ntoskrnl.exe
 0002:00000084       \177ntoskrnl_NULL_THUNK_DATA 00017564     ntoskrnl:ntoskrnl.exe
 0002:00000088       __imp__PcRegisterAdapterPowerManagement@8 00017568     portcls:portcls.sys
 0002:0000008c       __imp__PcAddAdapterDevice@20 0001756c     portcls:portcls.sys
 0002:00000090       __imp__PcRegisterSubdevice@12 00017570     portcls:portcls.sys
 0002:00000094       __imp__PcNewMiniport@8     00017574     portcls:portcls.sys
 0002:00000098       __imp__PcNewPort@8         00017578     portcls:portcls.sys
 0002:0000009c       __imp__PcRegisterPhysicalConnection@20 0001757c     portcls:portcls.sys
 0002:000000a0       __imp__PcInitializeAdapterDriver@12 00017580     portcls:portcls.sys
 0002:000000a4       __imp__PcNewResourceSublist@20 00017584     portcls:portcls.sys
 0002:000000a8       __imp__PcNewInterruptSync@20 00017588     portcls:portcls.sys
 0002:000000ac       __imp__PcNewRegistryKey@36 0001758c     portcls:portcls.sys
 0002:000000b0       __imp__PcNewServiceGroup@8 00017590     portcls:portcls.sys
 0002:000000b4       \177portcls_NULL_THUNK_DATA 00017594     portcls:portcls.sys
 0002:00000130       _IID_IAdapterCommon        00017610     adapter.obj
 0002:00000140       _CLSID_MiniportDriverFmSynth 00017620     adapter.obj
 0002:00000150       _CLSID_PortWaveCyclic      00017630     adapter.obj
 0002:00000160       _CLSID_PortTopology        00017640     adapter.obj
 0002:00000170       _CLSID_PortMidi            00017650     adapter.obj
 0002:00000180       _IID_IAdapterPowerManagment 00017660     adapter.obj
 0002:00000190       _IID_IMiniportWaveCyclicStream 00017670     adapter.obj
 0002:000001a0       _IID_IMiniportWaveCyclic   00017680     adapter.obj
 0002:000001b0       _IID_IPortWaveCyclic       00017690     adapter.obj
 0002:000001c0       _IID_IMiniportTopology     000176a0     adapter.obj
 0002:000001d0       _IID_IDmaChannel           000176b0     adapter.obj
 0002:000001e0       _IID_IMiniport             000176c0     adapter.obj
 0002:000001f0       _IID_IUnknown              000176d0     adapter.obj
 0002:00000200       ??_C@_1BE@FFBG@?$AAU?$AAs?$AAe?$AAD?$AAm?$AAa?$AAP?$AAo?$AAs?$AA?$AA@ 000176e0     common.obj
 0002:00000214       ??_C@_1CA@DADJ@?$AAU?$AAs?$AAe?$AAD?$AAi?$AAs?$AAa?$AAb?$AAl?$AAe?$AAd?$AAP?$AAi?$AAn?$AAs?$AA?$AA@ 000176f4     common.obj
 0002:00000234       ??_C@_1BC@MBIB@?$AAU?$AAs?$AAe?$AAS?$AAP?$AAD?$AAI?$AAF?$AA?$AA@ 00017714     common.obj
 0002:00000248       ??_C@_1BE@ONOC@?$AAU?$AAs?$AAe?$AAA?$AAl?$AAt?$AAO?$AAu?$AAt?$AA?$AA@ 00017728     common.obj
 0002:0000025c       ??_C@_1BO@LMMA@?$AAS?$AAk?$AAi?$AAp?$AAC?$AAo?$AAd?$AAe?$AAc?$AAR?$AAe?$AAs?$AAe?$AAt?$AA?$AA@ 0001773c     common.obj
 0002:0000027c       ??_C@_1CI@JKGI@?$AAS?$AAk?$AAi?$AAp?$AAC?$AAo?$AAn?$AAt?$AAr?$AAo?$AAl?$AAl?$AAe?$AAr?$AAR?$AAe?$AAs?$AAe?$AAt?$AA?$AA@ 0001775c     common.obj
 0002:000002a4       ??_C@_1BE@ENEK@?$AAR?$AAi?$AAg?$AAh?$AAt?$AAB?$AAa?$AAs?$AAs?$AA?$AA@ 00017784     common.obj
 0002:000002b8       ??_C@_1BC@JMJO@?$AAL?$AAe?$AAf?$AAt?$AAB?$AAa?$AAs?$AAs?$AA?$AA@ 00017798     common.obj
 0002:000002cc       ??_C@_1BI@KGAJ@?$AAR?$AAi?$AAg?$AAh?$AAt?$AAT?$AAr?$AAe?$AAb?$AAl?$AAe?$AA?$AA@ 000177ac     common.obj
 0002:000002e4       ??_C@_1BG@BGGD@?$AAL?$AAe?$AAf?$AAt?$AAT?$AAr?$AAe?$AAb?$AAl?$AAe?$AA?$AA@ 000177c4     common.obj
 0002:000002fc       ??_C@_1O@IECC@?$AAM?$AAi?$AAc?$AAA?$AAG?$AAC?$AA?$AA@ 000177dc     common.obj
 0002:0000030c       ??_C@_1CA@EJHI@?$AAR?$AAi?$AAg?$AAh?$AAt?$AAO?$AAu?$AAt?$AAp?$AAu?$AAt?$AAG?$AAa?$AAi?$AAn?$AA?$AA@ 000177ec     common.obj
 0002:0000032c       ??_C@_1BO@PPLI@?$AAL?$AAe?$AAf?$AAt?$AAO?$AAu?$AAt?$AAp?$AAu?$AAt?$AAG?$AAa?$AAi?$AAn?$AA?$AA@ 0001780c     common.obj
 0002:0000034c       ??_C@_1BO@PMCJ@?$AAR?$AAi?$AAg?$AAh?$AAt?$AAI?$AAn?$AAp?$AAu?$AAt?$AAG?$AAa?$AAi?$AAn?$AA?$AA@ 0001782c     common.obj
 0002:0000036c       ??_C@_1BM@CFEM@?$AAL?$AAe?$AAf?$AAt?$AAI?$AAn?$AAp?$AAu?$AAt?$AAG?$AAa?$AAi?$AAn?$AA?$AA@ 0001784c     common.obj
 0002:00000388       ??_C@_1CA@CIKM@?$AAR?$AAi?$AAg?$AAh?$AAt?$AAI?$AAn?$AAp?$AAu?$AAt?$AAM?$AAi?$AAx?$AAe?$AAr?$AA?$AA@ 00017868     common.obj
 0002:000003a8       ??_C@_1BO@JOGM@?$AAL?$AAe?$AAf?$AAt?$AAI?$AAn?$AAp?$AAu?$AAt?$AAM?$AAi?$AAx?$AAe?$AAr?$AA?$AA@ 00017888     common.obj
 0002:000003c8       ??_C@_1BI@BMOJ@?$AAO?$AAu?$AAt?$AAp?$AAu?$AAt?$AAM?$AAi?$AAx?$AAe?$AAr?$AA?$AA@ 000178a8     common.obj
 0002:000003e0       ??_C@_1BE@GLOL@?$AAP?$AAc?$AAS?$AAp?$AAk?$AAr?$AAV?$AAo?$AAl?$AA?$AA@ 000178c0     common.obj
 0002:000003f4       ??_C@_1O@MNBB@?$AAM?$AAi?$AAc?$AAV?$AAo?$AAl?$AA?$AA@ 000178d4     common.obj
 0002:00000404       ??_C@_1BO@HCKE@?$AAR?$AAi?$AAg?$AAh?$AAt?$AAL?$AAi?$AAn?$AAe?$AAI?$AAn?$AAV?$AAo?$AAl?$AA?$AA@ 000178e4     common.obj
 0002:00000424       ??_C@_1BM@KLMB@?$AAL?$AAe?$AAf?$AAt?$AAL?$AAi?$AAn?$AAe?$AAI?$AAn?$AAV?$AAo?$AAl?$AA?$AA@ 00017904     common.obj
 0002:00000440       ??_C@_1BG@COJL@?$AAR?$AAi?$AAg?$AAh?$AAt?$AAC?$AAD?$AAV?$AAo?$AAl?$AA?$AA@ 00017920     common.obj
 0002:00000458       ??_C@_1BE@KMKA@?$AAL?$AAe?$AAf?$AAt?$AAC?$AAD?$AAV?$AAo?$AAl?$AA?$AA@ 00017938     common.obj
 0002:0000046c       ??_C@_1BK@JCIM@?$AAR?$AAi?$AAg?$AAh?$AAt?$AAM?$AAi?$AAd?$AAi?$AAV?$AAo?$AAl?$AA?$AA@ 0001794c     common.obj
 0002:00000488       ??_C@_1BI@KBIJ@?$AAL?$AAe?$AAf?$AAt?$AAM?$AAi?$AAd?$AAi?$AAV?$AAo?$AAl?$AA?$AA@ 00017968     common.obj
 0002:000004a0       ??_C@_1BK@MFCG@?$AAR?$AAi?$AAg?$AAh?$AAt?$AAW?$AAa?$AAv?$AAe?$AAV?$AAo?$AAl?$AA?$AA@ 00017980     common.obj
 0002:000004bc       ??_C@_1BI@PGCD@?$AAL?$AAe?$AAf?$AAt?$AAW?$AAa?$AAv?$AAe?$AAV?$AAo?$AAl?$AA?$AA@ 0001799c     common.obj
 0002:000004d4       ??_C@_1BO@NHA@?$AAR?$AAi?$AAg?$AAh?$AAt?$AAM?$AAa?$AAs?$AAt?$AAe?$AAr?$AAV?$AAo?$AAl?$AA?$AA@ 000179b4     common.obj
 0002:000004f4       ??_C@_1BM@NEBF@?$AAL?$AAe?$AAf?$AAt?$AAM?$AAa?$AAs?$AAt?$AAe?$AAr?$AAV?$AAo?$AAl?$AA?$AA@ 000179d4     common.obj
 0002:00000510       ??_7CAdapterCommon@@6BCUnknown@@@ 000179f0     common.obj
 0002:00000520       ??_7CAdapterCommon@@6BIAdapterPowerManagement@@@ 00017a00     common.obj
 0002:00000538       ??_7CAdapterCommon@@6BIAdapterCommon@@@ 00017a18     common.obj
 0002:00000668       ??_7CMiniportTopologyHDA@@6BCUnknown@@@ 00017b48     mintopo.obj
 0002:00000678       ??_7CMiniportTopologyHDA@@6BIMiniportTopology@@@ 00017b58     mintopo.obj
 0002:00000690       ??_7CMiniportWaveCyclicHDA@@6BCUnknown@@@ 00017b70     minwave.obj
 0002:000006a0       ??_7CMiniportWaveCyclicHDA@@6BIMiniportWaveCyclic@@@ 00017b80     minwave.obj
 0002:000006bc       ??_C@_09BAJA@SSE2?5?$CFd?5?6?$AA@ 00017b9c     minwave.obj
 0002:000006c8       ??_7CMyDmaChannel@@6B@     00017ba8     minwave.obj
 0002:00000704       ??_C@_0DG@LDEH@Aligned?5DMA?5view?5invalid?5?$CIoff?$DN?$CFl@ 00017be4     minwave.obj
 0002:0000073c       ??_7CMiniportWaveCyclicStreamHDA@@6BCUnknown@@@ 00017c1c     minwave.obj
 0002:0000074c       ??_7CMiniportWaveCyclicStreamHDA@@6BIMiniportWaveCyclicStream@@@ 00017c2c     minwave.obj
 0002:00000770       ??_7CUnknown@@6B@          00017c50     stdunk:stdunk.obj
 0002:00000780       ??_C@_0BB@CHNF@m_lRefCount?5?$DO?$DN?50?$AA@ 00017c60     stdunk:stdunk.obj
 0002:00000794       ??_C@_0N@DIKJ@?4?2stdunk?4cpp?$AA@ 00017c74     stdunk:stdunk.obj
 0002:000007a4       ??_C@_0BA@HPDB@m_lRefCount?5?$DO?50?$AA@ 00017c84     stdunk:stdunk.obj
 0002:000007b4       ??_C@_06DPDC@ppVoid?$AA@   00017c94     stdunk:stdunk.obj
 0003:00000000       ?ulDebugOut@@3KA           00017ca0     adapter.obj
 0003:00000008       __GUID_b7902fe9_fb0a_11d1_81b0_0060083316c1 00017ca8     adapter.obj
 0003:00000018       __GUID_d3f0ce1c_fffc_11d1_81b0_0060083316c1 00017cb8     adapter.obj
 0003:00000028       __GUID_c096df9c_fb09_11d1_81b0_0060083316c1 00017cc8     adapter.obj
 0003:00000140       ?audBufSize@@3KA           00017de0     common.obj
 0003:00000144       ?BdlSize@@3KA              00017de4     common.obj
 0003:00000840       __GUID_185fedf6_9905_11d1_95a9_00c04fb925d3 000184e0     mintopo.obj
 0003:00000850       __GUID_185fedef_9905_11d1_95a9_00c04fb925d3 000184f0     mintopo.obj
 0003:00000860       __GUID_185fede1_9905_11d1_95a9_00c04fb925d3 00018500     mintopo.obj
 0003:00000870       __GUID_185fede0_9905_11d1_95a9_00c04fb925d3 00018510     mintopo.obj
 0003:00000880       __GUID_7607e580_c557_11d0_8a2b_00a0c9255ac1 00018520     mintopo.obj
 0003:00000890       __GUID_185fede3_9905_11d1_95a9_00c04fb925d3 00018530     mintopo.obj
 0003:000008a0       __GUID_da441a60_c556_11d0_8a2b_00a0c9255ac1 00018540     mintopo.obj
 0003:000008b0       __GUID_185fedee_9905_11d1_95a9_00c04fb925d3 00018550     mintopo.obj
 0003:000008c0       __GUID_02b223c0_c557_11d0_8a2b_00a0c9255ac1 00018560     mintopo.obj
 0003:000008d0       __GUID_185feded_9905_11d1_95a9_00c04fb925d3 00018570     mintopo.obj
 0003:000008e0       __GUID_e88c9ba0_c557_11d0_8a2b_00a0c9255ac1 00018580     mintopo.obj
 0003:000008f0       __GUID_185fedec_9905_11d1_95a9_00c04fb925d3 00018590     mintopo.obj
 0003:00000900       __GUID_185fedeb_9905_11d1_95a9_00c04fb925d3 000185a0     mintopo.obj
 0003:00000910       __GUID_185fedea_9905_11d1_95a9_00c04fb925d3 000185b0     mintopo.obj
 0003:00000920       __GUID_185fede9_9905_11d1_95a9_00c04fb925d3 000185c0     mintopo.obj
 0003:00000930       __GUID_185fede8_9905_11d1_95a9_00c04fb925d3 000185d0     mintopo.obj
 0003:00000940       __GUID_e573adc0_c555_11d0_8a2b_00a0c9255ac1 000185e0     mintopo.obj
 0003:00000950       __GUID_185fede7_9905_11d1_95a9_00c04fb925d3 000185f0     mintopo.obj
 0003:00000960       __GUID_185fede5_9905_11d1_95a9_00c04fb925d3 00018600     mintopo.obj
 0003:00000970       __GUID_3a5acc00_c557_11d0_8a2b_00a0c9255ac1 00018610     mintopo.obj
 0003:00000980       __GUID_45ffaaa0_6e1b_11d0_bcf2_444553540000 00018620     mintopo.obj
 0003:00000990       __GUID_6994ad04_93ef_11d0_a3cc_00a0c9223196 00018630     mintopo.obj
 0003:000009a0       __GUID_185fedf7_9905_11d1_95a9_00c04fb925d3 00018640     mintopo.obj
 0003:000009b0       __GUID_dff21ce1_f70f_11d0_b917_00a0c9223196 00018650     mintopo.obj
 0003:000009c0       __GUID_dff21be1_f70f_11d0_b917_00a0c9223196 00018660     mintopo.obj
 0003:000009d0       __GUID_185fedf9_9905_11d1_95a9_00c04fb925d3 00018670     mintopo.obj
 0003:000009e0       __GUID_dff21fe3_f70f_11d0_b917_00a0c9223196 00018680     mintopo.obj
 0003:000009f0       __GUID_185fedfb_9905_11d1_95a9_00c04fb925d3 00018690     mintopo.obj
 0003:00000a00       __GUID_dff220e3_f70f_11d0_b917_00a0c9223196 000186a0     mintopo.obj
 0003:00000a10       __GUID_185fedf8_9905_11d1_95a9_00c04fb925d3 000186b0     mintopo.obj
 0003:00000a20       __GUID_dff220f3_f70f_11d0_b917_00a0c9223196 000186c0     mintopo.obj
 0003:00000a30       __GUID_dff21fe4_f70f_11d0_b917_00a0c9223196 000186d0     mintopo.obj
 0003:00000a40       __GUID_97e99ba0_bdea_11cf_a5d6_28db04c10000 000186e0     mintopo.obj
 0003:00000c88       __GUID_507ae360_c554_11d0_8a2b_00a0c9255ac1 00018928     minwave.obj
 0003:00000c98       __GUID_4d837fe0_c555_11d0_8a2b_00a0c9255ac1 00018938     minwave.obj
 0003:00000ca8       __GUID_185fedfa_9905_11d1_95a9_00c04fb925d3 00018948     minwave.obj
 0003:00000cb8       __GUID_fb6c4281_0353_11d1_905f_0000c0cc16ba 00018958     minwave.obj
 0003:00000cc8       __GUID_05589f81_c356_11ce_bf01_00aa0055595a 00018968     minwave.obj
 0003:00000cd8       __GUID_00000001_0000_0010_8000_00aa00389b71 00018978     minwave.obj
 0003:00000ce8       __GUID_73647561_0000_0010_8000_00aa00389b71 00018988     minwave.obj
 0003:00000cf8       __GUID_518590a2_a184_11d0_8522_00c04fd9baf3 00018998     minwave.obj
 0003:00000d08       __GUID_0f6417d6_c318_11d0_a43f_00a0c9223196 000189a8     minwave.obj
 0003:00000d18       ?PDO@@3PAU_DEVICE_OBJECT@@A 000189b8     adapter.obj
 0003:00000d20       __GUID_00000000_0000_0000_0000_000000000000 000189c0     adapter.obj
 0004:000000ae       _AddDevice@8               00018a8e f   adapter.obj
 0004:0000036a       ?InstallSubdevice@@YGJPAU_DEVICE_OBJECT@@PAU_IRP@@PAGABU_GUID@@3P6GJPAPAUIUnknown@@3PAU4@W4_POOL_TYPE@@@Z5PAUIResourceList@@344@Z 00018d4a f   adapter.obj
 0004:0000076e       ?StartDevice@@YGJPAU_DEVICE_OBJECT@@PAU_IRP@@PAUIResourceList@@@Z 0001914e f   adapter.obj
 0004:00000f6e       ?AssignResources@@YGJPAUIResourceList@@PAPAU1@11111@Z 0001994e f   adapter.obj
 0004:000014d8       ?NewAdapterCommon@@YGJPAPAUIUnknown@@ABU_GUID@@PAU1@W4_POOL_TYPE@@@Z 00019eb8 f   common.obj
 0004:00002115       ?Init@CAdapterCommon@@UAGJPAUIResourceList@@PAU_DEVICE_OBJECT@@1@Z 0001aaf5 f   common.obj
 0004:00003a22       ??1CAdapterCommon@@UAE@XZ  0001c402 f   common.obj
 0004:00003e40       ??_GHDA_Codec@@QAEPAXI@Z   0001c820 f i common.obj
 0004:00003ec7       ?NonDelegatingQueryInterface@CAdapterCommon@@UAGJABU_GUID@@PAPAX@Z 0001c8a7 f   common.obj
 0004:0000401e       ?WavePortDriverDest@CAdapterCommon@@UAGPAPAUIUnknown@@XZ 0001c9fe f   common.obj
 0004:000040be       ?GetInterruptSync@CAdapterCommon@@UAGPAUIInterruptSync@@XZ 0001ca9e f   common.obj
 0004:0000415e       ?GetDeviceDescription@CAdapterCommon@@UAGPAU_DEVICE_DESCRIPTION@@XZ 0001cb3e f   common.obj
 0004:000041fe       ?MidiPortDriverDest@CAdapterCommon@@UAGPAPAUIUnknown@@XZ 0001cbde f   common.obj
 0004:0000429e       ?SetWaveServiceGroup@CAdapterCommon@@UAGXPAUIServiceGroup@@@Z 0001cc7e f   common.obj
 0004:0000494e       ?InitHDAController@CAdapterCommon@@QAGJXZ 0001d32e f   common.obj
 0004:0000593a       ?TryInitializeCodecSlot@CAdapterCommon@@AAGXEKPBDPAJ@Z 0001e31a f   common.obj
 0004:00005b22       ?ReadRegistryBoolean@CAdapterCommon@@AAGEPBGE@Z 0001e502 f   common.obj
 0004:00005d08       ?CreateMiniportTopologyHDA@@YGJPAPAUIUnknown@@ABU_GUID@@PAU1@W4_POOL_TYPE@@@Z 0001e6e8 f   mintopo.obj
 0004:00005e7a       ?ProcessResources@CMiniportTopologyHDA@@AAEJPAUIResourceList@@@Z 0001e85a f   mintopo.obj
 0004:0000600a       ?NonDelegatingQueryInterface@CMiniportTopologyHDA@@UAGJABU_GUID@@PAPAX@Z 0001e9ea f   mintopo.obj
 0004:000061be       ??1CMiniportTopologyHDA@@UAE@XZ 0001eb9e f   mintopo.obj
 0004:00006396       ?Init@CMiniportTopologyHDA@@UAGJPAUIUnknown@@PAUIResourceList@@PAUIPortTopology@@@Z 0001ed76 f   mintopo.obj
 0004:000065aa       ?GetDescription@CMiniportTopologyHDA@@UAGJPAPAUPCFILTER_DESCRIPTOR@@@Z 0001ef8a f   mintopo.obj
 0004:00007d88       ?CreateMiniportWaveCyclicHDA@@YGJPAPAUIUnknown@@ABU_GUID@@PAU1@W4_POOL_TYPE@@@Z 00020768 f   minwave.obj
 0004:00008046       ?ProcessResources@CMiniportWaveCyclicHDA@@AAEJPAUIResourceList@@@Z 00020a26 f   minwave.obj
 0004:00008502       ?ValidateFormat@CMiniportWaveCyclicHDA@@AAEJPATKSDATAFORMAT@@@Z 00020ee2 f   minwave.obj
 0004:0000873e       ?NonDelegatingQueryInterface@CMiniportWaveCyclicHDA@@UAGJABU_GUID@@PAPAX@Z 0002111e f   minwave.obj
 0004:000088f2       ??1CMiniportWaveCyclicHDA@@UAE@XZ 000212d2 f   minwave.obj
 0004:00008af6       ?Init@CMiniportWaveCyclicHDA@@UAGJPAUIUnknown@@PAUIResourceList@@PAUIPortWaveCyclic@@@Z 000214d6 f   minwave.obj
 0004:00008d8e       ?GetDescription@CMiniportWaveCyclicHDA@@UAGJPAPAUPCFILTER_DESCRIPTOR@@@Z 0002176e f   minwave.obj
 0004:00008f7a       ?DataRangeIntersection@CMiniportWaveCyclicHDA@@UAGJKPATKSDATAFORMAT@@0KPAXPAK@Z 0002195a f   minwave.obj
 0004:0000957a       ?NewStream@CMiniportWaveCyclicHDA@@UAGJPAPAUIMiniportWaveCyclicStream@@PAUIUnknown@@W4_POOL_TYPE@@KEPATKSDATAFORMAT@@PAPAUIDmaChannel@@PAPAUIServiceGroup@@@Z 00021f5a f   minwave.obj
 0004:00009912       ?NonDelegatingQueryInterface@CMiniportWaveCyclicStreamHDA@@UAGJABU_GUID@@PAPAX@Z 000222f2 f   minwave.obj
 0004:00009abe       ??1CMiniportWaveCyclicStreamHDA@@UAE@XZ 0002249e f   minwave.obj
 0004:00009d50       ?Init@CMiniportWaveCyclicStreamHDA@@QAEJPAVCMiniportWaveCyclicHDA@@KEPATKSDATAFORMAT@@PAUIDmaChannel@@@Z 00022730 f   minwave.obj
 0004:00009ff2       ?SetNotificationFreq@CMiniportWaveCyclicStreamHDA@@UAGKKPAK@Z 000229d2 f   minwave.obj
 0004:0000a186       ?SetFormat@CMiniportWaveCyclicStreamHDA@@UAGJPATKSDATAFORMAT@@@Z 00022b66 f   minwave.obj
 0004:0000a3ce       ?SetState@CMiniportWaveCyclicStreamHDA@@UAGJW4KSSTATE@@@Z 00022dae f   minwave.obj
 0005:0000003e       _DriverEntry@8             00022efe f   adapter.obj
 0005:000000ac       __IMPORT_DESCRIPTOR_ntoskrnl 00022f6c     ntoskrnl:ntoskrnl.exe
 0005:000000c0       __IMPORT_DESCRIPTOR_HAL    00022f80     hal:HAL.dll
 0005:000000d4       __IMPORT_DESCRIPTOR_portcls 00022f94     portcls:portcls.sys
 0005:000000e8       __NULL_IMPORT_DESCRIPTOR   00022fa8     ntoskrnl:ntoskrnl.exe

 entry point at        0005:0000003e

 Static symbols

 0004:000066fe       ?PropertyHandler_OnOff@@YGJPAU_PCPROPERTY_REQUEST@@@Z 0001f0de f   mintopo.obj
 0004:00006b16       ?PropertyHandler_SuperMixCaps@@YGJPAU_PCPROPERTY_REQUEST@@@Z 0001f4f6 f   mintopo.obj
 0004:00007126       ?PropertyHandler_SuperMixTable@@YGJPAU_PCPROPERTY_REQUEST@@@Z 0001fb06 f   mintopo.obj
 0004:00007856       ?PropertyHandler_CpuResources@@YGJPAU_PCPROPERTY_REQUEST@@@Z 00020236 f   mintopo.obj
 0001:00005ede       ?PropertyHandler_Level@@YGJPAU_PCPROPERTY_REQUEST@@@Z 000161be f   mintopo.obj
 0004:00007ab6       ?BasicSupportHandler@@YGJPAU_PCPROPERTY_REQUEST@@@Z 00020496 f   mintopo.obj
 0001:000001a0       ?AllocateAlignedCommonBuffer@@YGJPAU_DMA_ADAPTER@@KKPAU_HDA_DMA_COMMON_BUFFER@@@Z 00010480 f   common.obj
 0001:00000320       ?ResetCommonBufferDescriptor@@YGXPAU_HDA_DMA_COMMON_BUFFER@@@Z 00010600 f   common.obj
 0001:00000340       ?FreeAlignedCommonBuffer@@YGXPAU_DMA_ADAPTER@@PAU_HDA_DMA_COMMON_BUFFER@@@Z 00010620 f   common.obj

 712 bytes saved through ICF

