 HDA

 Timestamp is 6901022f (Tue Oct 28 09:49:35 2025)

 Preferred load address is 00010000

 Start         Length     Name                   Class
 0001:00000000 000035b7H .text                   CODE
 0002:00000000 000000a4H .idata$5                DATA
 0002:000000a8 000005bbH .rdata                  DATA
 0003:00000000 00000cd0H .data                   DATA
 0003:00000cd0 00000010H .bss                    DATA
 0004:00000000 0000ad30H PAGE                    CODE
 0005:00000000 000000a9H INIT                    CODE
 0005:000000ac 0000003cH .idata$2                CODE
 0005:000000e8 00000014H .idata$3                CODE
 0005:000000fc 000000a4H .idata$4                CODE
 0005:000001a0 00000338H .idata$6                CODE
 0006:00000000 00000058H .rsrc$01                DATA
 0006:00000060 00000338H .rsrc$02                DATA

  Address         Publics by Value              Rva+Base     Lib:Object

 0001:00000000       ??3@YAXPAX@Z               000102e0 f i common.obj
 0001:00000010       ??2@YGPAXIW4_POOL_TYPE@@K@Z 000102f0 f i common.obj
 0001:00000050       ??0CAdapterCommon@@QAE@PAUIUnknown@@@Z 00010330 f i common.obj
 0001:000000a0       ?QueryInterface@CAdapterCommon@@UAGJABU_GUID@@PAPAX@Z 00010380 f i common.obj
 0001:000000d0       ?GetOuterUnknown@CUnknown@@QAEPAUIUnknown@@XZ 000103b0 f i common.obj
 0001:000000f0       ?AddRef@CAdapterCommon@@UAGKXZ 000103d0 f i common.obj
 0001:00000120       ?Release@CAdapterCommon@@UAGKXZ 00010400 f i common.obj
 0001:00000150       ??_GCAdapterCommon@@UAEPAXI@Z 00010430 f i common.obj
 0001:00000150       ??_ECAdapterCommon@@UAEPAXI@Z 00010430 f i common.obj
 0001:00000190       ??0INonDelegatingUnknown@@QAE@XZ 00010470 f i common.obj
 0001:00000190       ??0IUnknown@@QAE@XZ        00010470 f i common.obj
 0001:000001a0       _IsEqualGUIDAligned@8      00010480 f i common.obj
 0001:00000220       ?hda_check_headphone_connection_change@CAdapterCommon@@QAGXXZ 00010500 f   common.obj
 0001:000002d0       ?hda_is_supported_sample_rate@CAdapterCommon@@QAGEK@Z 000105b0 f   common.obj
 0001:00000416       ?hda_send_verb@CAdapterCommon@@QAGKKKKK@Z 000106f6 f   common.obj
 0001:00000762       ?ReadController@CAdapterCommon@@UAGEXZ 00010a42 f   common.obj
 0001:00000806       ?WriteController@CAdapterCommon@@UAGEE@Z 00010ae6 f   common.obj
 0001:0000090a       ?MixerRegWrite@CAdapterCommon@@UAGXEE@Z 00010bea f   common.obj
 0001:00000a56       ?MixerRegRead@CAdapterCommon@@UAGEE@Z 00010d36 f   common.obj
 0001:00000b2e       ?MixerReset@CAdapterCommon@@UAGXXZ 00010e0e f   common.obj
 0001:00000b9e       ?AcknowledgeIRQ@CAdapterCommon@@AAEEXZ 00010e7e f   common.obj
 0001:00000cc2       ?ResetController@CAdapterCommon@@UAGJXZ 00010fa2 f   common.obj
 0001:00000d66       ?RestoreMixerSettingsFromRegistry@CAdapterCommon@@UAGJXZ 00011046 f   common.obj
 0001:00000fe2       ?SaveMixerSettingsToRegistry@CAdapterCommon@@UAGJXZ 000112c2 f   common.obj
 0001:0000121a       ?ProgramSampleRate@CAdapterCommon@@QAGJK@Z 000114fa f   common.obj
 0001:000014b2       ?PowerChangeState@CAdapterCommon@@UAGXT_POWER_STATE@@@Z 00011792 f   common.obj
 0001:00001646       ?QueryPowerChangeState@CAdapterCommon@@UAGJT_POWER_STATE@@@Z 00011926 f   common.obj
 0001:000016ca       ?QueryDeviceCapabilities@CAdapterCommon@@UAGJPAU_DEVICE_CAPABILITIES@@@Z 000119aa f   common.obj
 0001:0000177a       ?InterruptServiceRoutine@@YGJPAUIInterruptSync@@PAX@Z 00011a5a f   common.obj
 0001:000018f6       ?hda_stop_stream@CAdapterCommon@@UAGJXZ 00011bd6 f   common.obj
 0001:00001b70       ?hda_start_sound@CAdapterCommon@@UAGXXZ 00011e50 f   common.obj
 0001:00001bda       ?hda_stop_sound@CAdapterCommon@@UAGXXZ 00011eba f   common.obj
 0001:00001c90       ?hda_get_actual_stream_position@CAdapterCommon@@UAGKXZ 00011f70 f   common.obj
 0001:00001cb0       ?hda_set_volume@CAdapterCommon@@QAGXK@Z 00011f90 f   common.obj
 0001:00001d30       ?readUCHAR@CAdapterCommon@@QAGEG@Z 00012010 f   common.obj
 0001:00001d50       ?writeUCHAR@CAdapterCommon@@QAGXGE@Z 00012030 f   common.obj
 0001:00001d80       ?readUSHORT@CAdapterCommon@@QAGGG@Z 00012060 f   common.obj
 0001:00001da0       ?writeUSHORT@CAdapterCommon@@QAGXGG@Z 00012080 f   common.obj
 0001:00001dd0       ?readULONG@CAdapterCommon@@QAGKG@Z 000120b0 f   common.obj
 0001:00001df0       ?writeULONG@CAdapterCommon@@QAGXGK@Z 000120d0 f   common.obj
 0001:00002012       ?hda_showtime@CAdapterCommon@@UAGJPAUIDmaChannel@@@Z 000122f2 f   common.obj
 0001:000025c0       ?hda_return_sound_data_format@CAdapterCommon@@QAGGKKK@Z 000128a0 f   common.obj
 0001:00002730       ?QueryInterface@CAdapterCommon@@W3AGJABU_GUID@@PAPAX@Z 00012a10 f i common.obj
 0001:00002740       ?AddRef@CAdapterCommon@@W3AGKXZ 00012a20 f i common.obj
 0001:00002750       ?Release@CAdapterCommon@@W3AGKXZ 00012a30 f i common.obj
 0001:00002760       ??0CMiniportTopologyHDA@@QAE@PAUIUnknown@@@Z 00012a40 f i mintopo.obj
 0001:000027a0       ?AddRef@CMiniportWaveCyclicHDA@@UAGKXZ 00012a80 f i mintopo.obj
 0001:000027a0       ?AddRef@CMiniportTopologyHDA@@UAGKXZ 00012a80 f i mintopo.obj
 0001:000027a0       ?AddRef@CMiniportWaveCyclicStreamHDA@@UAGKXZ 00012a80 f i mintopo.obj
 0001:000027d0       ?Release@CMiniportWaveCyclicStreamHDA@@UAGKXZ 00012ab0 f i mintopo.obj
 0001:000027d0       ?Release@CMiniportTopologyHDA@@UAGKXZ 00012ab0 f i mintopo.obj
 0001:000027d0       ?Release@CMiniportWaveCyclicHDA@@UAGKXZ 00012ab0 f i mintopo.obj
 0001:00002800       ?DataRangeIntersection@CMiniportTopologyHDA@@UAGJKPATKSDATAFORMAT@@0KPAXPAK@Z 00012ae0 f i mintopo.obj
 0001:00002810       ??_GCMiniportTopologyHDA@@UAEPAXI@Z 00012af0 f i mintopo.obj
 0001:00002810       ??_ECMiniportTopologyHDA@@UAEPAXI@Z 00012af0 f i mintopo.obj
 0001:00002ed0       ?ReadBitsFromMixer@CMiniportTopologyHDA@@AAEEEEE@Z 000131b0 f   mintopo.obj
 0001:00002f20       ?ThisManyOnes@@YGEE@Z      00013200 f i mintopo.obj
 0001:00002f40       ?WriteBitsToMixer@CMiniportTopologyHDA@@AAEXEEEE@Z 00013220 f   mintopo.obj
 0001:00002fe0       ??0CMiniportWaveCyclicHDA@@QAE@PAUIUnknown@@@Z 000132c0 f i minwave.obj
 0001:00003020       ?QueryInterface@CMiniportTopologyHDA@@UAGJABU_GUID@@PAPAX@Z 00013300 f i minwave.obj
 0001:00003020       ?QueryInterface@CMiniportWaveCyclicStreamHDA@@UAGJABU_GUID@@PAPAX@Z 00013300 f i minwave.obj
 0001:00003020       ?QueryInterface@CMiniportWaveCyclicHDA@@UAGJABU_GUID@@PAPAX@Z 00013300 f i minwave.obj
 0001:00003050       ??_ECMiniportWaveCyclicHDA@@UAEPAXI@Z 00013330 f i minwave.obj
 0001:00003050       ??_GCMiniportWaveCyclicHDA@@UAEPAXI@Z 00013330 f i minwave.obj
 0001:00003090       ??0IMiniportWaveCyclic@@QAE@XZ 00013370 f i minwave.obj
 0001:00003090       ??0IMiniportTopology@@QAE@XZ 00013370 f i minwave.obj
 0001:000030b0       ??2@YGPAXIW4_POOL_TYPE@@@Z 00013390 f i minwave.obj
 0001:00003100       ??0CMiniportWaveCyclicStreamHDA@@QAE@PAUIUnknown@@@Z 000133e0 f i minwave.obj
 0001:00003140       ??_GCMiniportWaveCyclicStreamHDA@@UAEPAXI@Z 00013420 f i minwave.obj
 0001:00003140       ??_ECMiniportWaveCyclicStreamHDA@@UAEPAXI@Z 00013420 f i minwave.obj
 0001:00003180       ??0IAdapterCommon@@QAE@XZ  00013460 f i minwave.obj
 0001:00003180       ??0IMiniport@@QAE@XZ       00013460 f i minwave.obj
 0001:00003180       ??0IAdapterPowerManagement@@QAE@XZ 00013460 f i minwave.obj
 0001:00003180       ??0IMiniportWaveCyclicStream@@QAE@XZ 00013460 f i minwave.obj
 0001:000031b9       ?GetPosition@CMiniportWaveCyclicStreamHDA@@UAGJPAK@Z 00013499 f   minwave.obj
 0001:000032ae       ?NormalizePhysicalPosition@CMiniportWaveCyclicStreamHDA@@UAGJPA_J@Z 0001358e f   minwave.obj
 0001:00003350       ?Silence@CMiniportWaveCyclicStreamHDA@@UAGXPAXK@Z 00013630 f   minwave.obj
 0001:0000338e       _DbgPrint                  0001366e f   ntoskrnl:ntoskrnl.exe
 0001:00003394       _DbgBreakPoint@0           00013674 f   ntoskrnl:ntoskrnl.exe
 0001:0000339a       __alldiv                   0001367a f   ntoskrnl:ntoskrnl.exe
 0001:000033a0       __allmul                   00013680 f   ntoskrnl:ntoskrnl.exe
 0001:000033a6       _PcInitializeAdapterDriver@12 00013686 f   portcls:portcls.sys
 0001:000033ac       _PcAddAdapterDevice@20     0001368c f   portcls:portcls.sys
 0001:000033b2       _PcRegisterSubdevice@12    00013692 f   portcls:portcls.sys
 0001:000033b8       _PcNewMiniport@8           00013698 f   portcls:portcls.sys
 0001:000033be       _PcNewPort@8               0001369e f   portcls:portcls.sys
 0001:000033c4       _PcRegisterPhysicalConnection@20 000136a4 f   portcls:portcls.sys
 0001:000033ca       _PcRegisterAdapterPowerManagement@8 000136aa f   portcls:portcls.sys
 0001:000033d0       _PcNewResourceSublist@20   000136b0 f   portcls:portcls.sys
 0001:000033d6       _PcNewInterruptSync@20     000136b6 f   portcls:portcls.sys
 0001:000033dc       _PcNewRegistryKey@36       000136bc f   portcls:portcls.sys
 0001:000033e2       _PcNewServiceGroup@8       000136c2 f   portcls:portcls.sys
 0001:000033f0       ??0CUnknown@@QAE@PAUIUnknown@@@Z 000136d0 f   stdunk:stdunk.obj
 0001:00003440       ??_GCUnknown@@UAEPAXI@Z    00013720 f i stdunk:stdunk.obj
 0001:00003440       ??_ECUnknown@@UAEPAXI@Z    00013720 f i stdunk:stdunk.obj
 0001:00003470       ??1CUnknown@@UAE@XZ        00013750 f   stdunk:stdunk.obj
 0001:00003490       ?NonDelegatingAddRef@CUnknown@@UAGKXZ 00013770 f   stdunk:stdunk.obj
 0001:000034d0       ?NonDelegatingRelease@CUnknown@@UAGKXZ 000137b0 f   stdunk:stdunk.obj
 0001:00003550       ?NonDelegatingQueryInterface@CUnknown@@UAGJABU_GUID@@PAPAX@Z 00013830 f   stdunk:stdunk.obj
 0002:00000000       __imp_@KfAcquireSpinLock@4 000138a0     hal:HAL.dll
 0002:00000004       __imp_@KfReleaseSpinLock@8 000138a4     hal:HAL.dll
 0002:00000008       __imp__KeGetCurrentIrql@0  000138a8     hal:HAL.dll
 0002:0000000c       __imp__KeStallExecutionProcessor@4 000138ac     hal:HAL.dll
 0002:00000010       \177HAL_NULL_THUNK_DATA    000138b0     hal:HAL.dll
 0002:00000014       __imp__MmMapIoSpace@16     000138b4     ntoskrnl:ntoskrnl.exe
 0002:00000018       __imp__IoGetDmaAdapter@12  000138b8     ntoskrnl:ntoskrnl.exe
 0002:0000001c       __imp__ExAllocatePoolWithTag@12 000138bc     ntoskrnl:ntoskrnl.exe
 0002:00000020       __imp__KeInitializeSpinLock@4 000138c0     ntoskrnl:ntoskrnl.exe
 0002:00000024       __imp__READ_REGISTER_ULONG@4 000138c4     ntoskrnl:ntoskrnl.exe
 0002:00000028       __imp__WRITE_REGISTER_ULONG@8 000138c8     ntoskrnl:ntoskrnl.exe
 0002:0000002c       __imp__RtlInitUnicodeString@8 000138cc     ntoskrnl:ntoskrnl.exe
 0002:00000030       __imp__MmUnmapIoSpace@8    000138d0     ntoskrnl:ntoskrnl.exe
 0002:00000034       __imp__DbgPrint            000138d4     ntoskrnl:ntoskrnl.exe
 0002:00000038       __imp__READ_REGISTER_USHORT@4 000138d8     ntoskrnl:ntoskrnl.exe
 0002:0000003c       __imp__WRITE_REGISTER_USHORT@8 000138dc     ntoskrnl:ntoskrnl.exe
 0002:00000040       __imp__KeInitializeMutex@8 000138e0     ntoskrnl:ntoskrnl.exe
 0002:00000044       __imp__KeReleaseMutex@8    000138e4     ntoskrnl:ntoskrnl.exe
 0002:00000048       __imp__KeWaitForSingleObject@20 000138e8     ntoskrnl:ntoskrnl.exe
 0002:0000004c       __imp___alldiv             000138ec     ntoskrnl:ntoskrnl.exe
 0002:00000050       __imp__RtlAssert@16        000138f0     ntoskrnl:ntoskrnl.exe
 0002:00000054       __imp__ExFreePool@4        000138f4     ntoskrnl:ntoskrnl.exe
 0002:00000058       __imp__DbgBreakPoint@0     000138f8     ntoskrnl:ntoskrnl.exe
 0002:0000005c       __imp__READ_REGISTER_UCHAR@4 000138fc     ntoskrnl:ntoskrnl.exe
 0002:00000060       __imp__WRITE_REGISTER_UCHAR@8 00013900     ntoskrnl:ntoskrnl.exe
 0002:00000064       __imp___allmul             00013904     ntoskrnl:ntoskrnl.exe
 0002:00000068       __imp_@InterlockedDecrement@4 00013908     ntoskrnl:ntoskrnl.exe
 0002:0000006c       __imp_@InterlockedIncrement@4 0001390c     ntoskrnl:ntoskrnl.exe
 0002:00000070       \177ntoskrnl_NULL_THUNK_DATA 00013910     ntoskrnl:ntoskrnl.exe
 0002:00000074       __imp__PcInitializeAdapterDriver@12 00013914     portcls:portcls.sys
 0002:00000078       __imp__PcNewMiniport@8     00013918     portcls:portcls.sys
 0002:0000007c       __imp__PcNewPort@8         0001391c     portcls:portcls.sys
 0002:00000080       __imp__PcRegisterPhysicalConnection@20 00013920     portcls:portcls.sys
 0002:00000084       __imp__PcAddAdapterDevice@20 00013924     portcls:portcls.sys
 0002:00000088       __imp__PcRegisterSubdevice@12 00013928     portcls:portcls.sys
 0002:0000008c       __imp__PcNewInterruptSync@20 0001392c     portcls:portcls.sys
 0002:00000090       __imp__PcNewRegistryKey@36 00013930     portcls:portcls.sys
 0002:00000094       __imp__PcNewServiceGroup@8 00013934     portcls:portcls.sys
 0002:00000098       __imp__PcRegisterAdapterPowerManagement@8 00013938     portcls:portcls.sys
 0002:0000009c       __imp__PcNewResourceSublist@20 0001393c     portcls:portcls.sys
 0002:000000a0       \177portcls_NULL_THUNK_DATA 00013940     portcls:portcls.sys
 0002:00000120       _IID_IAdapterCommon        000139c0     adapter.obj
 0002:00000130       _CLSID_MiniportDriverFmSynth 000139d0     adapter.obj
 0002:00000140       _CLSID_PortWaveCyclic      000139e0     adapter.obj
 0002:00000150       _CLSID_PortTopology        000139f0     adapter.obj
 0002:00000160       _CLSID_PortMidi            00013a00     adapter.obj
 0002:00000170       _IID_IAdapterPowerManagment 00013a10     adapter.obj
 0002:00000180       _IID_IMiniportWaveCyclicStream 00013a20     adapter.obj
 0002:00000190       _IID_IMiniportWaveCyclic   00013a30     adapter.obj
 0002:000001a0       _IID_IPortWaveCyclic       00013a40     adapter.obj
 0002:000001b0       _IID_IMiniportTopology     00013a50     adapter.obj
 0002:000001c0       _IID_IMiniport             00013a60     adapter.obj
 0002:000001d0       _IID_IUnknown              00013a70     adapter.obj
 0002:000001e0       ??_C@_1BE@ENEK@?$AAR?$AAi?$AAg?$AAh?$AAt?$AAB?$AAa?$AAs?$AAs?$AA?$AA@ 00013a80     common.obj
 0002:000001f4       ??_C@_1BC@JMJO@?$AAL?$AAe?$AAf?$AAt?$AAB?$AAa?$AAs?$AAs?$AA?$AA@ 00013a94     common.obj
 0002:00000208       ??_C@_1BI@KGAJ@?$AAR?$AAi?$AAg?$AAh?$AAt?$AAT?$AAr?$AAe?$AAb?$AAl?$AAe?$AA?$AA@ 00013aa8     common.obj
 0002:00000220       ??_C@_1BG@BGGD@?$AAL?$AAe?$AAf?$AAt?$AAT?$AAr?$AAe?$AAb?$AAl?$AAe?$AA?$AA@ 00013ac0     common.obj
 0002:00000238       ??_C@_1O@IECC@?$AAM?$AAi?$AAc?$AAA?$AAG?$AAC?$AA?$AA@ 00013ad8     common.obj
 0002:00000248       ??_C@_1CA@EJHI@?$AAR?$AAi?$AAg?$AAh?$AAt?$AAO?$AAu?$AAt?$AAp?$AAu?$AAt?$AAG?$AAa?$AAi?$AAn?$AA?$AA@ 00013ae8     common.obj
 0002:00000268       ??_C@_1BO@PPLI@?$AAL?$AAe?$AAf?$AAt?$AAO?$AAu?$AAt?$AAp?$AAu?$AAt?$AAG?$AAa?$AAi?$AAn?$AA?$AA@ 00013b08     common.obj
 0002:00000288       ??_C@_1BO@PMCJ@?$AAR?$AAi?$AAg?$AAh?$AAt?$AAI?$AAn?$AAp?$AAu?$AAt?$AAG?$AAa?$AAi?$AAn?$AA?$AA@ 00013b28     common.obj
 0002:000002a8       ??_C@_1BM@CFEM@?$AAL?$AAe?$AAf?$AAt?$AAI?$AAn?$AAp?$AAu?$AAt?$AAG?$AAa?$AAi?$AAn?$AA?$AA@ 00013b48     common.obj
 0002:000002c4       ??_C@_1CA@CIKM@?$AAR?$AAi?$AAg?$AAh?$AAt?$AAI?$AAn?$AAp?$AAu?$AAt?$AAM?$AAi?$AAx?$AAe?$AAr?$AA?$AA@ 00013b64     common.obj
 0002:000002e4       ??_C@_1BO@JOGM@?$AAL?$AAe?$AAf?$AAt?$AAI?$AAn?$AAp?$AAu?$AAt?$AAM?$AAi?$AAx?$AAe?$AAr?$AA?$AA@ 00013b84     common.obj
 0002:00000304       ??_C@_1BI@BMOJ@?$AAO?$AAu?$AAt?$AAp?$AAu?$AAt?$AAM?$AAi?$AAx?$AAe?$AAr?$AA?$AA@ 00013ba4     common.obj
 0002:0000031c       ??_C@_1BE@GLOL@?$AAP?$AAc?$AAS?$AAp?$AAk?$AAr?$AAV?$AAo?$AAl?$AA?$AA@ 00013bbc     common.obj
 0002:00000330       ??_C@_1O@MNBB@?$AAM?$AAi?$AAc?$AAV?$AAo?$AAl?$AA?$AA@ 00013bd0     common.obj
 0002:00000340       ??_C@_1BO@HCKE@?$AAR?$AAi?$AAg?$AAh?$AAt?$AAL?$AAi?$AAn?$AAe?$AAI?$AAn?$AAV?$AAo?$AAl?$AA?$AA@ 00013be0     common.obj
 0002:00000360       ??_C@_1BM@KLMB@?$AAL?$AAe?$AAf?$AAt?$AAL?$AAi?$AAn?$AAe?$AAI?$AAn?$AAV?$AAo?$AAl?$AA?$AA@ 00013c00     common.obj
 0002:0000037c       ??_C@_1BG@COJL@?$AAR?$AAi?$AAg?$AAh?$AAt?$AAC?$AAD?$AAV?$AAo?$AAl?$AA?$AA@ 00013c1c     common.obj
 0002:00000394       ??_C@_1BE@KMKA@?$AAL?$AAe?$AAf?$AAt?$AAC?$AAD?$AAV?$AAo?$AAl?$AA?$AA@ 00013c34     common.obj
 0002:000003a8       ??_C@_1BK@JCIM@?$AAR?$AAi?$AAg?$AAh?$AAt?$AAM?$AAi?$AAd?$AAi?$AAV?$AAo?$AAl?$AA?$AA@ 00013c48     common.obj
 0002:000003c4       ??_C@_1BI@KBIJ@?$AAL?$AAe?$AAf?$AAt?$AAM?$AAi?$AAd?$AAi?$AAV?$AAo?$AAl?$AA?$AA@ 00013c64     common.obj
 0002:000003dc       ??_C@_1BK@MFCG@?$AAR?$AAi?$AAg?$AAh?$AAt?$AAW?$AAa?$AAv?$AAe?$AAV?$AAo?$AAl?$AA?$AA@ 00013c7c     common.obj
 0002:000003f8       ??_C@_1BI@PGCD@?$AAL?$AAe?$AAf?$AAt?$AAW?$AAa?$AAv?$AAe?$AAV?$AAo?$AAl?$AA?$AA@ 00013c98     common.obj
 0002:00000410       ??_C@_1BO@NHA@?$AAR?$AAi?$AAg?$AAh?$AAt?$AAM?$AAa?$AAs?$AAt?$AAe?$AAr?$AAV?$AAo?$AAl?$AA?$AA@ 00013cb0     common.obj
 0002:00000430       ??_C@_1BM@NEBF@?$AAL?$AAe?$AAf?$AAt?$AAM?$AAa?$AAs?$AAt?$AAe?$AAr?$AAV?$AAo?$AAl?$AA?$AA@ 00013cd0     common.obj
 0002:0000044c       ??_7CAdapterCommon@@6BCUnknown@@@ 00013cec     common.obj
 0002:0000045c       ??_7CAdapterCommon@@6BIAdapterPowerManagement@@@ 00013cfc     common.obj
 0002:00000474       ??_7CAdapterCommon@@6BIAdapterCommon@@@ 00013d14     common.obj
 0002:00000590       ??_7CMiniportTopologyHDA@@6BCUnknown@@@ 00013e30     mintopo.obj
 0002:000005a0       ??_7CMiniportTopologyHDA@@6BIMiniportTopology@@@ 00013e40     mintopo.obj
 0002:000005b8       ??_7CMiniportWaveCyclicHDA@@6BCUnknown@@@ 00013e58     minwave.obj
 0002:000005c8       ??_7CMiniportWaveCyclicHDA@@6BIMiniportWaveCyclic@@@ 00013e68     minwave.obj
 0002:000005e4       ??_7CMiniportWaveCyclicStreamHDA@@6BCUnknown@@@ 00013e84     minwave.obj
 0002:000005f4       ??_7CMiniportWaveCyclicStreamHDA@@6BIMiniportWaveCyclicStream@@@ 00013e94     minwave.obj
 0002:00000618       ??_7CUnknown@@6B@          00013eb8     stdunk:stdunk.obj
 0002:00000628       ??_C@_0BB@CHNF@m_lRefCount?5?$DO?$DN?50?$AA@ 00013ec8     stdunk:stdunk.obj
 0002:0000063c       ??_C@_0N@DIKJ@?4?2stdunk?4cpp?$AA@ 00013edc     stdunk:stdunk.obj
 0002:0000064c       ??_C@_0BA@HPDB@m_lRefCount?5?$DO?50?$AA@ 00013eec     stdunk:stdunk.obj
 0002:0000065c       ??_C@_06DPDC@ppVoid?$AA@   00013efc     stdunk:stdunk.obj
 0003:00000000       ?ulDebugOut@@3KA           00013f20     adapter.obj
 0003:00000008       __GUID_b7902fe9_fb0a_11d1_81b0_0060083316c1 00013f28     adapter.obj
 0003:00000018       __GUID_d3f0ce1c_fffc_11d1_81b0_0060083316c1 00013f38     adapter.obj
 0003:00000028       __GUID_c096df9c_fb09_11d1_81b0_0060083316c1 00013f48     adapter.obj
 0003:000000f8       ?audBufSize@@3KA           00014018     common.obj
 0003:000000fc       ?BdlSize@@3KA              0001401c     common.obj
 0003:000007f8       __GUID_185fedf6_9905_11d1_95a9_00c04fb925d3 00014718     mintopo.obj
 0003:00000808       __GUID_185fedef_9905_11d1_95a9_00c04fb925d3 00014728     mintopo.obj
 0003:00000818       __GUID_185fede1_9905_11d1_95a9_00c04fb925d3 00014738     mintopo.obj
 0003:00000828       __GUID_185fede0_9905_11d1_95a9_00c04fb925d3 00014748     mintopo.obj
 0003:00000838       __GUID_7607e580_c557_11d0_8a2b_00a0c9255ac1 00014758     mintopo.obj
 0003:00000848       __GUID_185fede3_9905_11d1_95a9_00c04fb925d3 00014768     mintopo.obj
 0003:00000858       __GUID_da441a60_c556_11d0_8a2b_00a0c9255ac1 00014778     mintopo.obj
 0003:00000868       __GUID_185fedee_9905_11d1_95a9_00c04fb925d3 00014788     mintopo.obj
 0003:00000878       __GUID_02b223c0_c557_11d0_8a2b_00a0c9255ac1 00014798     mintopo.obj
 0003:00000888       __GUID_185feded_9905_11d1_95a9_00c04fb925d3 000147a8     mintopo.obj
 0003:00000898       __GUID_e88c9ba0_c557_11d0_8a2b_00a0c9255ac1 000147b8     mintopo.obj
 0003:000008a8       __GUID_185fedec_9905_11d1_95a9_00c04fb925d3 000147c8     mintopo.obj
 0003:000008b8       __GUID_185fedeb_9905_11d1_95a9_00c04fb925d3 000147d8     mintopo.obj
 0003:000008c8       __GUID_185fedea_9905_11d1_95a9_00c04fb925d3 000147e8     mintopo.obj
 0003:000008d8       __GUID_185fede9_9905_11d1_95a9_00c04fb925d3 000147f8     mintopo.obj
 0003:000008e8       __GUID_185fede8_9905_11d1_95a9_00c04fb925d3 00014808     mintopo.obj
 0003:000008f8       __GUID_e573adc0_c555_11d0_8a2b_00a0c9255ac1 00014818     mintopo.obj
 0003:00000908       __GUID_185fede7_9905_11d1_95a9_00c04fb925d3 00014828     mintopo.obj
 0003:00000918       __GUID_185fede5_9905_11d1_95a9_00c04fb925d3 00014838     mintopo.obj
 0003:00000928       __GUID_3a5acc00_c557_11d0_8a2b_00a0c9255ac1 00014848     mintopo.obj
 0003:00000938       __GUID_45ffaaa0_6e1b_11d0_bcf2_444553540000 00014858     mintopo.obj
 0003:00000948       __GUID_6994ad04_93ef_11d0_a3cc_00a0c9223196 00014868     mintopo.obj
 0003:00000958       __GUID_185fedf7_9905_11d1_95a9_00c04fb925d3 00014878     mintopo.obj
 0003:00000968       __GUID_dff21ce1_f70f_11d0_b917_00a0c9223196 00014888     mintopo.obj
 0003:00000978       __GUID_dff21be1_f70f_11d0_b917_00a0c9223196 00014898     mintopo.obj
 0003:00000988       __GUID_185fedf9_9905_11d1_95a9_00c04fb925d3 000148a8     mintopo.obj
 0003:00000998       __GUID_dff21fe3_f70f_11d0_b917_00a0c9223196 000148b8     mintopo.obj
 0003:000009a8       __GUID_185fedfb_9905_11d1_95a9_00c04fb925d3 000148c8     mintopo.obj
 0003:000009b8       __GUID_dff220e3_f70f_11d0_b917_00a0c9223196 000148d8     mintopo.obj
 0003:000009c8       __GUID_185fedf8_9905_11d1_95a9_00c04fb925d3 000148e8     mintopo.obj
 0003:000009d8       __GUID_dff220f3_f70f_11d0_b917_00a0c9223196 000148f8     mintopo.obj
 0003:000009e8       __GUID_dff21fe4_f70f_11d0_b917_00a0c9223196 00014908     mintopo.obj
 0003:000009f8       __GUID_97e99ba0_bdea_11cf_a5d6_28db04c10000 00014918     mintopo.obj
 0003:00000c40       __GUID_507ae360_c554_11d0_8a2b_00a0c9255ac1 00014b60     minwave.obj
 0003:00000c50       __GUID_4d837fe0_c555_11d0_8a2b_00a0c9255ac1 00014b70     minwave.obj
 0003:00000c60       __GUID_185fedfa_9905_11d1_95a9_00c04fb925d3 00014b80     minwave.obj
 0003:00000c70       __GUID_fb6c4281_0353_11d1_905f_0000c0cc16ba 00014b90     minwave.obj
 0003:00000c80       __GUID_05589f81_c356_11ce_bf01_00aa0055595a 00014ba0     minwave.obj
 0003:00000c90       __GUID_00000001_0000_0010_8000_00aa00389b71 00014bb0     minwave.obj
 0003:00000ca0       __GUID_73647561_0000_0010_8000_00aa00389b71 00014bc0     minwave.obj
 0003:00000cb0       __GUID_518590a2_a184_11d0_8522_00c04fd9baf3 00014bd0     minwave.obj
 0003:00000cc0       __GUID_0f6417d6_c318_11d0_a43f_00a0c9223196 00014be0     minwave.obj
 0003:00000cd0       __GUID_00000000_0000_0000_0000_000000000000 00014bf0     adapter.obj
 0004:0000003e       _AddDevice@8               00014c3e f   adapter.obj
 0004:0000026a       ?InstallSubdevice@@YGJPAU_DEVICE_OBJECT@@PAU_IRP@@PAGABU_GUID@@3P6GJPAPAUIUnknown@@3PAU4@W4_POOL_TYPE@@@Z5PAUIResourceList@@344@Z 00014e6a f   adapter.obj
 0004:0000066e       ?StartDevice@@YGJPAU_DEVICE_OBJECT@@PAU_IRP@@PAUIResourceList@@@Z 0001526e f   adapter.obj
 0004:00000e6e       ?AssignResources@@YGJPAUIResourceList@@PAPAU1@11111@Z 00015a6e f   adapter.obj
 0004:000014d8       ?NewAdapterCommon@@YGJPAPAUIUnknown@@ABU_GUID@@PAU1@W4_POOL_TYPE@@@Z 000160d8 f   common.obj
 0004:00001d35       ?Init@CAdapterCommon@@UAGJPAUIResourceList@@PAU_DEVICE_OBJECT@@@Z 00016935 f   common.obj
 0004:00002c7a       ??1CAdapterCommon@@UAE@XZ  0001787a f   common.obj
 0004:000030f7       ?NonDelegatingQueryInterface@CAdapterCommon@@UAGJABU_GUID@@PAPAX@Z 00017cf7 f   common.obj
 0004:0000324e       ?WavePortDriverDest@CAdapterCommon@@UAGPAPAUIUnknown@@XZ 00017e4e f   common.obj
 0004:000032ee       ?GetInterruptSync@CAdapterCommon@@UAGPAUIInterruptSync@@XZ 00017eee f   common.obj
 0004:0000338e       ?MidiPortDriverDest@CAdapterCommon@@UAGPAPAUIUnknown@@XZ 00017f8e f   common.obj
 0004:0000342e       ?SetWaveServiceGroup@CAdapterCommon@@UAGXPAUIServiceGroup@@@Z 0001802e f   common.obj
 0004:000038e6       ?InitHDA@CAdapterCommon@@QAGJXZ 000184e6 f   common.obj
 0004:000043f6       ?InitializeCodec@CAdapterCommon@@QAGJE@Z 00018ff6 f   common.obj
 0004:00004a0b       ?hda_initialize_audio_function_group@CAdapterCommon@@QAGXKK@Z 0001960b f   common.obj
 0004:0000538e       ?hda_get_node_type@CAdapterCommon@@QAGEKK@Z 00019f8e f   common.obj
 0004:0000543e       ?hda_get_node_connection_entries@CAdapterCommon@@QAGKKKK@Z 0001a03e f   common.obj
 0004:0000558e       ?hda_set_node_gain@CAdapterCommon@@QAGXKKKKK@Z 0001a18e f   common.obj
 0004:00005670       ?hda_enable_pin_output@CAdapterCommon@@QAGXKK@Z 0001a270 f   common.obj
 0004:000056b0       ?hda_disable_pin_output@CAdapterCommon@@QAGXKK@Z 0001a2b0 f   common.obj
 0004:000056f0       ?hda_is_headphone_connected@CAdapterCommon@@QAGHXZ 0001a2f0 f   common.obj
 0004:000057ee       ?hda_initialize_output_pin@CAdapterCommon@@QAGXK@Z 0001a3ee f   common.obj
 0004:00005be2       ?hda_initalize_audio_output@CAdapterCommon@@QAGXK@Z 0001a7e2 f   common.obj
 0004:00005fda       ?hda_initalize_audio_mixer@CAdapterCommon@@QAGXK@Z 0001abda f   common.obj
 0004:000062f2       ?hda_initalize_audio_selector@CAdapterCommon@@QAGXK@Z 0001aef2 f   common.obj
 0004:000065c8       ?CreateMiniportTopologyHDA@@YGJPAPAUIUnknown@@ABU_GUID@@PAU1@W4_POOL_TYPE@@@Z 0001b1c8 f   mintopo.obj
 0004:0000673a       ?ProcessResources@CMiniportTopologyHDA@@AAEJPAUIResourceList@@@Z 0001b33a f   mintopo.obj
 0004:000068ca       ?NonDelegatingQueryInterface@CMiniportTopologyHDA@@UAGJABU_GUID@@PAPAX@Z 0001b4ca f   mintopo.obj
 0004:00006a7e       ??1CMiniportTopologyHDA@@UAE@XZ 0001b67e f   mintopo.obj
 0004:00006c56       ?Init@CMiniportTopologyHDA@@UAGJPAUIUnknown@@PAUIResourceList@@PAUIPortTopology@@@Z 0001b856 f   mintopo.obj
 0004:00006e6a       ?GetDescription@CMiniportTopologyHDA@@UAGJPAPAUPCFILTER_DESCRIPTOR@@@Z 0001ba6a f   mintopo.obj
 0004:00008648       ?CreateMiniportWaveCyclicHDA@@YGJPAPAUIUnknown@@ABU_GUID@@PAU1@W4_POOL_TYPE@@@Z 0001d248 f   minwave.obj
 0004:00008916       ?ProcessResources@CMiniportWaveCyclicHDA@@AAEJPAUIResourceList@@@Z 0001d516 f   minwave.obj
 0004:00008d82       ?ValidateFormat@CMiniportWaveCyclicHDA@@AAEJPATKSDATAFORMAT@@@Z 0001d982 f   minwave.obj
 0004:00008f8e       ?NonDelegatingQueryInterface@CMiniportWaveCyclicHDA@@UAGJABU_GUID@@PAPAX@Z 0001db8e f   minwave.obj
 0004:00009142       ??1CMiniportWaveCyclicHDA@@UAE@XZ 0001dd42 f   minwave.obj
 0004:00009346       ?Init@CMiniportWaveCyclicHDA@@UAGJPAUIUnknown@@PAUIResourceList@@PAUIPortWaveCyclic@@@Z 0001df46 f   minwave.obj
 0004:000095de       ?GetDescription@CMiniportWaveCyclicHDA@@UAGJPAPAUPCFILTER_DESCRIPTOR@@@Z 0001e1de f   minwave.obj
 0004:000097ca       ?DataRangeIntersection@CMiniportWaveCyclicHDA@@UAGJKPATKSDATAFORMAT@@0KPAXPAK@Z 0001e3ca f   minwave.obj
 0004:00009dca       ?NewStream@CMiniportWaveCyclicHDA@@UAGJPAPAUIMiniportWaveCyclicStream@@PAUIUnknown@@W4_POOL_TYPE@@KEPATKSDATAFORMAT@@PAPAUIDmaChannel@@PAPAUIServiceGroup@@@Z 0001e9ca f   minwave.obj
 0004:0000a162       ?NonDelegatingQueryInterface@CMiniportWaveCyclicStreamHDA@@UAGJABU_GUID@@PAPAX@Z 0001ed62 f   minwave.obj
 0004:0000a30e       ??1CMiniportWaveCyclicStreamHDA@@UAE@XZ 0001ef0e f   minwave.obj
 0004:0000a580       ?Init@CMiniportWaveCyclicStreamHDA@@QAEJPAVCMiniportWaveCyclicHDA@@KEPATKSDATAFORMAT@@PAUIDmaChannel@@@Z 0001f180 f   minwave.obj
 0004:0000a7f2       ?SetNotificationFreq@CMiniportWaveCyclicStreamHDA@@UAGKKPAK@Z 0001f3f2 f   minwave.obj
 0004:0000a986       ?SetFormat@CMiniportWaveCyclicStreamHDA@@UAGJPATKSDATAFORMAT@@@Z 0001f586 f   minwave.obj
 0004:0000ac1e       ?SetState@CMiniportWaveCyclicStreamHDA@@UAGJW4KSSTATE@@@Z 0001f81e f   minwave.obj
 0005:0000003e       _DriverEntry@8             0001f97e f   adapter.obj
 0005:000000ac       __IMPORT_DESCRIPTOR_ntoskrnl 0001f9ec     ntoskrnl:ntoskrnl.exe
 0005:000000c0       __IMPORT_DESCRIPTOR_HAL    0001fa00     hal:HAL.dll
 0005:000000d4       __IMPORT_DESCRIPTOR_portcls 0001fa14     portcls:portcls.sys
 0005:000000e8       __NULL_IMPORT_DESCRIPTOR   0001fa28     ntoskrnl:ntoskrnl.exe

 entry point at        0005:0000003e

 Static symbols

 0004:00006fbe       ?PropertyHandler_OnOff@@YGJPAU_PCPROPERTY_REQUEST@@@Z 0001bbbe f   mintopo.obj
 0004:000073d6       ?PropertyHandler_SuperMixCaps@@YGJPAU_PCPROPERTY_REQUEST@@@Z 0001bfd6 f   mintopo.obj
 0004:000079e6       ?PropertyHandler_SuperMixTable@@YGJPAU_PCPROPERTY_REQUEST@@@Z 0001c5e6 f   mintopo.obj
 0004:00008116       ?PropertyHandler_CpuResources@@YGJPAU_PCPROPERTY_REQUEST@@@Z 0001cd16 f   mintopo.obj
 0001:000028ae       ?PropertyHandler_Level@@YGJPAU_PCPROPERTY_REQUEST@@@Z 00012b8e f   mintopo.obj
 0004:00008376       ?BasicSupportHandler@@YGJPAU_PCPROPERTY_REQUEST@@@Z 0001cf76 f   mintopo.obj

 332 bytes saved through ICF

