 HDA

 Timestamp is 6a28bc99 (Tue Jun 09 18:23:37 2026)

 Preferred load address is 00010000

 Start         Length     Name                   Class
 0001:00000000 00007848H .text                   CODE
 0002:00000000 000000e8H .idata$5                DATA
 0002:000000e8 000006d8H .rdata                  DATA
 0003:00000000 00000d18H .data                   DATA
 0003:00000d18 0000001eH .bss                    DATA
 0004:00000000 0000a960H PAGE                    CODE
 0005:00000000 000000a9H INIT                    CODE
 0005:000000ac 0000003cH .idata$2                CODE
 0005:000000e8 00000014H .idata$3                CODE
 0005:000000fc 000000e8H .idata$4                CODE
 0005:000001e4 00000494H .idata$6                CODE
 0006:00000000 00000058H .rsrc$01                DATA
 0006:00000060 000003d0H .rsrc$02                DATA

  Address         Publics by Value              Rva+Base     Lib:Object

 0001:00000000       ??3@YAXPAX@Z               000102e0 f i common.obj
 0001:00000010       ??2@YGPAXIW4_POOL_TYPE@@K@Z 000102f0 f i common.obj
 0001:00000050       ??0CAdapterCommon@@QAE@PAUIUnknown@@@Z 00010330 f i common.obj
 0001:000000a0       ?QueryInterface@CAdapterCommon@@UAGJABU_GUID@@PAPAX@Z 00010380 f i common.obj
 0001:000000d0       ?GetOuterUnknown@CUnknown@@QAEPAUIUnknown@@XZ 000103b0 f i common.obj
 0001:000000f0       ?AddRef@CAdapterCommon@@UAGKXZ 000103d0 f i common.obj
 0001:00000120       ?Release@CAdapterCommon@@UAGKXZ 00010400 f i common.obj
 0001:00000150       ??_ECAdapterCommon@@UAEPAXI@Z 00010430 f i common.obj
 0001:00000150       ??_GCAdapterCommon@@UAEPAXI@Z 00010430 f i common.obj
 0001:00000190       ??0IUnknown@@QAE@XZ        00010470 f i common.obj
 0001:00000390       _IsEqualGUIDAligned@8      00010670 f i common.obj
 0001:00000410       ??2@YGPAXIW4_POOL_TYPE@@@Z 000106f0 f i common.obj
 0001:00000460       ?hda_is_supported_sample_rate@CAdapterCommon@@UAGEK@Z 00010740 f   common.obj
 0001:000005a6       ?hda_send_verb@CAdapterCommon@@UAGKKKKK@Z 00010886 f   common.obj
 0001:00000962       ?ReadController@CAdapterCommon@@UAGEXZ 00010c42 f   common.obj
 0001:00000a06       ?WriteController@CAdapterCommon@@UAGEE@Z 00010ce6 f   common.obj
 0001:00000b12       ?MixerRegWrite@CAdapterCommon@@UAGXEE@Z 00010df2 f   common.obj
 0001:00000cda       ?MixerRegRead@CAdapterCommon@@UAGEE@Z 00010fba f   common.obj
 0001:00000dbe       ?MixerReset@CAdapterCommon@@UAGXXZ 0001109e f   common.obj
 0001:00000e5e       ?AcknowledgeIRQ@CAdapterCommon@@AAE?AW4_HDA_INTERRUPT_TYPE@@XZ 0001113e f   common.obj
 0001:00001102       ?ResetController@CAdapterCommon@@UAGJXZ 000113e2 f   common.obj
 0001:000011b6       ?RestoreMixerSettingsFromRegistry@CAdapterCommon@@UAGJXZ 00011496 f   common.obj
 0001:00001462       ?SaveMixerSettingsToRegistry@CAdapterCommon@@UAGJXZ 00011742 f   common.obj
 0001:000016ce       ?ProgramSampleRate@CAdapterCommon@@UAGJK@Z 000119ae f   common.obj
 0001:000018ca       ?PowerChangeState@CAdapterCommon@@UAGXT_POWER_STATE@@@Z 00011baa f   common.obj
 0001:00001ab6       ?QueryPowerChangeState@CAdapterCommon@@UAGJT_POWER_STATE@@@Z 00011d96 f   common.obj
 0001:00001b3a       ?QueryDeviceCapabilities@CAdapterCommon@@UAGJPAU_DEVICE_CAPABILITIES@@@Z 00011e1a f   common.obj
 0001:00001bea       ?InterruptServiceRoutine@@YGJPAUIInterruptSync@@PAX@Z 00011eca f   common.obj
 0001:00001d76       ?hda_stop_stream@CAdapterCommon@@UAGJXZ 00012056 f   common.obj
 0001:0000205a       ?hda_start_sound@CAdapterCommon@@UAGXXZ 0001233a f   common.obj
 0001:000021ca       ?hda_stop_sound@CAdapterCommon@@UAGXXZ 000124aa f   common.obj
 0001:00002366       ?hda_get_actual_stream_position@CAdapterCommon@@UAGKXZ 00012646 f   common.obj
 0001:00002470       ?hda_set_volume@CAdapterCommon@@QAGXKE@Z 00012750 f   common.obj
 0001:000024d0       ?readUCHAR@CAdapterCommon@@QAGEG@Z 000127b0 f   common.obj
 0001:000024f0       ?writeUCHAR@CAdapterCommon@@QAGXGE@Z 000127d0 f   common.obj
 0001:00002520       ?readUSHORT@CAdapterCommon@@QAGGG@Z 00012800 f   common.obj
 0001:00002540       ?writeUSHORT@CAdapterCommon@@QAGXGG@Z 00012820 f   common.obj
 0001:00002570       ?readULONG@CAdapterCommon@@QAGKG@Z 00012850 f   common.obj
 0001:00002590       ?writeULONG@CAdapterCommon@@QAGXGK@Z 00012870 f   common.obj
 0001:0000272a       ?hda_setup_stream_descriptor@CAdapterCommon@@UAGJPAUIDmaChannel@@@Z 00012a0a f   common.obj
 0001:00002b80       ?hda_return_sound_data_format@CAdapterCommon@@QAGGKKK@Z 00012e60 f   common.obj
 0001:00002b80       ?hda_return_sound_data_format@HDA_Codec@@QAGGKKK@Z 00012e60 f   common.obj
 0001:00002cf0       ?ReadWriteConfigSpace@CAdapterCommon@@AAGJPAU_DEVICE_OBJECT@@KPAXKK@Z 00012fd0 f   common.obj
 0001:00002e1b       ?WriteConfigSpaceByte@CAdapterCommon@@AAGJEEE@Z 000130fb f   common.obj
 0001:00002f1b       ?WriteConfigSpaceWord@CAdapterCommon@@AAGJEGG@Z 000131fb f   common.obj
 0001:00002fe0       ?CacheLineFlush@CAdapterCommon@@UAGXPAXK@Z 000132c0 f   common.obj
 0001:00003040       ?QueryInterface@CAdapterCommon@@W3AGJABU_GUID@@PAPAX@Z 00013320 f i common.obj
 0001:00003050       ?AddRef@CAdapterCommon@@W3AGKXZ 00013330 f i common.obj
 0001:00003060       ?Release@CAdapterCommon@@W3AGKXZ 00013340 f i common.obj
 0001:00003070       ??0HDA_Codec@@QAE@EEEPAUIAdapterCommon@@@Z 00013350 f   codec.obj
 0001:00003150       ??1HDA_Codec@@QAE@XZ       00013430 f   codec.obj
 0001:00003296       ?InitializeCodec@HDA_Codec@@QAGJXZ 00013576 f   codec.obj
 0001:00003aee       ?hda_initialize_audio_function_group@HDA_Codec@@QAGJK@Z 00013dce f   codec.obj
 0001:0000481a       ?hda_get_node_type@HDA_Codec@@QAGEK@Z 00014afa f   codec.obj
 0001:000048ca       ?hda_get_node_connection_entries@HDA_Codec@@QAGKKK@Z 00014baa f   codec.obj
 0001:00004a9a       ?hda_initialize_output_pin@HDA_Codec@@QAGJKAAUHDA_NODE_PATH@@@Z 00014d7a f   codec.obj
 0001:00004e76       ?hda_initialize_audio_output@HDA_Codec@@QAGXKAAUHDA_NODE_PATH@@@Z 00015156 f   codec.obj
 0001:0000529a       ?hda_initialize_audio_mixer@HDA_Codec@@QAGXKAAUHDA_NODE_PATH@@@Z 0001557a f   codec.obj
 0001:000055ee       ?hda_initialize_audio_selector@HDA_Codec@@QAGXKAAUHDA_NODE_PATH@@@Z 000158ce f   codec.obj
 0001:00005a4a       ?ProgramSampleRate@HDA_Codec@@QAGJK@Z 00015d2a f   codec.obj
 0001:00005d50       ?IsHpPresent@HDA_Codec@@AAEEXZ 00016030 f   codec.obj
 0001:00005d80       ?SwitchOutput@HDA_Codec@@AAEXE@Z 00016060 f   codec.obj
 0001:00005dca       ?StartHpPolling@HDA_Codec@@AAEXXZ 000160aa f   codec.obj
 0001:00005ee3       ?StopHpPolling@HDA_Codec@@AAEXXZ 000161c3 f   codec.obj
 0001:00005fb1       ?HpDpcRoutine@HDA_Codec@@CGXPAU_KDPC@@PAX11@Z 00016291 f   codec.obj
 0001:00006106       ?hda_check_headphone_connection_change@HDA_Codec@@QAGXXZ 000163e6 f   codec.obj
 0001:000061f2       ?hda_is_supported_sample_rate@HDA_Codec@@QAGEK@Z 000164d2 f   codec.obj
 0001:00006310       ?hda_set_volume@HDA_Codec@@QAGXKE@Z 000165f0 f   codec.obj
 0001:00006370       ?hda_set_node_gain@HDA_Codec@@QAGXKKKKE@Z 00016650 f   codec.obj
 0001:00006410       ?hda_send_verb@HDA_Codec@@QAGKKKK@Z 000166f0 f   codec.obj
 0001:00006440       ?hda_enable_pin_output@HDA_Codec@@QAGXK@Z 00016720 f   codec.obj
 0001:00006470       ?hda_disable_pin_output@HDA_Codec@@QAGXK@Z 00016750 f   codec.obj
 0001:000064a0       ?hda_is_headphone_connected@HDA_Codec@@QAGEXZ 00016780 f   codec.obj
 0001:00006510       ??0CMiniportTopologyHDA@@QAE@PAUIUnknown@@@Z 000167f0 f i mintopo.obj
 0001:00006550       ?DataRangeIntersection@CMiniportTopologyHDA@@UAGJKPATKSDATAFORMAT@@0KPAXPAK@Z 00016830 f i mintopo.obj
 0001:00006560       ??_ECMiniportTopologyHDA@@UAEPAXI@Z 00016840 f i mintopo.obj
 0001:00006560       ??_GCMiniportTopologyHDA@@UAEPAXI@Z 00016840 f i mintopo.obj
 0001:00006c20       ?ReadBitsFromMixer@CMiniportTopologyHDA@@AAEEEEE@Z 00016f00 f   mintopo.obj
 0001:00006c70       ?ThisManyOnes@@YGEE@Z      00016f50 f i mintopo.obj
 0001:00006c90       ?WriteBitsToMixer@CMiniportTopologyHDA@@AAEXEEEE@Z 00016f70 f   mintopo.obj
 0001:00006d30       ??0CMiniportWaveCyclicHDA@@QAE@PAUIUnknown@@@Z 00017010 f i minwave.obj
 0001:00006d70       ?Release@CMiniportWaveCyclicStreamHDA@@UAGKXZ 00017050 f i minwave.obj
 0001:00006d70       ?Release@CMiniportTopologyHDA@@UAGKXZ 00017050 f i minwave.obj
 0001:00006d70       ?Release@CMiniportWaveCyclicHDA@@UAGKXZ 00017050 f i minwave.obj
 0001:00006da0       ??_ECMiniportWaveCyclicHDA@@UAEPAXI@Z 00017080 f i minwave.obj
 0001:00006da0       ??_GCMiniportWaveCyclicHDA@@UAEPAXI@Z 00017080 f i minwave.obj
 0001:00006de0       ??0IMiniportTopology@@QAE@XZ 000170c0 f i minwave.obj
 0001:00006de0       ??0IMiniportWaveCyclic@@QAE@XZ 000170c0 f i minwave.obj
 0001:00006e00       ??0CMyDmaChannel@@QAE@PAUIDmaChannel@@@Z 000170e0 f i minwave.obj
 0001:00006ec0       ?QueryInterface@CMyDmaChannel@@UAGJABU_GUID@@PAPAX@Z 000171a0 f i minwave.obj
 0001:00006f20       _IsEqualGUID@8             00017200 f i minwave.obj
 0001:00006f50       ?AddRef@CMyDmaChannel@@UAGKXZ 00017230 f i minwave.obj
 0001:00006f70       ?Release@CMyDmaChannel@@UAGKXZ 00017250 f i minwave.obj
 0001:00006fc0       ?AllocateBuffer@CMyDmaChannel@@UAGJKPAT_LARGE_INTEGER@@@Z 000172a0 f i minwave.obj
 0001:00007160       ?FreeBuffer@CMyDmaChannel@@UAGXXZ 00017440 f i minwave.obj
 0001:000071b0       ?SystemAddress@CMyDmaChannel@@UAGPAXXZ 00017490 f i minwave.obj
 0001:000071e0       ?CopyTo@CMyDmaChannel@@UAGXPAX0K@Z 000174c0 f i minwave.obj
 0001:00007260       ?CopyFrom@CMyDmaChannel@@UAGXPAX0K@Z 00017540 f i minwave.obj
 0001:00007290       ?AllocatedBufferSize@CMyDmaChannel@@UAGKXZ 00017570 f i minwave.obj
 0001:000072c0       ?BufferSize@CMyDmaChannel@@UAGKXZ 000175a0 f i minwave.obj
 0001:000072f0       ?SetBufferSize@CMyDmaChannel@@UAGXK@Z 000175d0 f i minwave.obj
 0001:00007320       ?PhysicalAddress@CMyDmaChannel@@UAG?AT_LARGE_INTEGER@@XZ 00017600 f i minwave.obj
 0001:00007380       ?MaximumBufferSize@CMyDmaChannel@@UAGKXZ 00017660 f i minwave.obj
 0001:000073b0       ?TransferCount@CMyDmaChannel@@UAGKXZ 00017690 f i minwave.obj
 0001:000073d0       ?GetAdapterObject@CMyDmaChannel@@UAGPAU_DMA_ADAPTER@@XZ 000176b0 f i minwave.obj
 0001:000073f0       ??0IAdapterPowerManagement@@QAE@XZ 000176d0 f i minwave.obj
 0001:000073f0       ??0IDmaChannel@@QAE@XZ     000176d0 f i minwave.obj
 0001:000073f0       ??0IAdapterCommon@@QAE@XZ  000176d0 f i minwave.obj
 0001:000073f0       ??0IMiniportWaveCyclicStream@@QAE@XZ 000176d0 f i minwave.obj
 0001:000073f0       ??0IMiniport@@QAE@XZ       000176d0 f i minwave.obj
 0001:00007410       ??0CMiniportWaveCyclicStreamHDA@@QAE@PAUIUnknown@@@Z 000176f0 f i minwave.obj
 0001:00007450       ?QueryInterface@CMiniportWaveCyclicStreamHDA@@UAGJABU_GUID@@PAPAX@Z 00017730 f i minwave.obj
 0001:00007450       ?QueryInterface@CMiniportTopologyHDA@@UAGJABU_GUID@@PAPAX@Z 00017730 f i minwave.obj
 0001:00007450       ?QueryInterface@CMiniportWaveCyclicHDA@@UAGJABU_GUID@@PAPAX@Z 00017730 f i minwave.obj
 0001:00007480       ?AddRef@CMiniportTopologyHDA@@UAGKXZ 00017760 f i minwave.obj
 0001:00007480       ?AddRef@CMiniportWaveCyclicStreamHDA@@UAGKXZ 00017760 f i minwave.obj
 0001:00007480       ?AddRef@CMiniportWaveCyclicHDA@@UAGKXZ 00017760 f i minwave.obj
 0001:000074b0       ??_ECMiniportWaveCyclicStreamHDA@@UAEPAXI@Z 00017790 f i minwave.obj
 0001:000074b0       ??_GCMiniportWaveCyclicStreamHDA@@UAEPAXI@Z 00017790 f i minwave.obj
 0001:00007509       ?GetPosition@CMiniportWaveCyclicStreamHDA@@UAGJPAK@Z 000177e9 f   minwave.obj
 0001:0000761e       ?NormalizePhysicalPosition@CMiniportWaveCyclicStreamHDA@@UAGJPA_J@Z 000178fe f   minwave.obj
 0001:000076c0       ?Silence@CMiniportWaveCyclicStreamHDA@@UAGXPAXK@Z 000179a0 f   minwave.obj
 0001:000076fe       _DbgPrint                  000179de f   ntoskrnl:ntoskrnl.exe
 0001:00007704       _DbgBreakPoint@0           000179e4 f   ntoskrnl:ntoskrnl.exe
 0001:0000770a       __except_handler3          000179ea f   ntoskrnl:ntoskrnl.exe
 0001:00007710       __local_unwind2            000179f0 f   ntoskrnl:ntoskrnl.exe
 0001:00007716       __alldiv                   000179f6 f   ntoskrnl:ntoskrnl.exe
 0001:0000771c       __allmul                   000179fc f   ntoskrnl:ntoskrnl.exe
 0001:00007722       _PcInitializeAdapterDriver@12 00017a02 f   portcls:portcls.sys
 0001:00007728       _PcAddAdapterDevice@20     00017a08 f   portcls:portcls.sys
 0001:0000772e       _PcRegisterSubdevice@12    00017a0e f   portcls:portcls.sys
 0001:00007734       _PcNewMiniport@8           00017a14 f   portcls:portcls.sys
 0001:0000773a       _PcNewPort@8               00017a1a f   portcls:portcls.sys
 0001:00007740       _PcRegisterPhysicalConnection@20 00017a20 f   portcls:portcls.sys
 0001:00007746       _PcRegisterAdapterPowerManagement@8 00017a26 f   portcls:portcls.sys
 0001:0000774c       _PcNewResourceSublist@20   00017a2c f   portcls:portcls.sys
 0001:00007752       _PcNewInterruptSync@20     00017a32 f   portcls:portcls.sys
 0001:00007758       _PcNewRegistryKey@36       00017a38 f   portcls:portcls.sys
 0001:0000775e       _PcNewServiceGroup@8       00017a3e f   portcls:portcls.sys
 0001:00007764       ??0CUnknown@@QAE@PAUIUnknown@@@Z 00017a44 f   stdunk:stdunk.obj
 0001:00007783       ??_ECUnknown@@UAEPAXI@Z    00017a63 f i stdunk:stdunk.obj
 0001:00007783       ??_GCUnknown@@UAEPAXI@Z    00017a63 f i stdunk:stdunk.obj
 0001:0000779f       ??1CUnknown@@UAE@XZ        00017a7f f   stdunk:stdunk.obj
 0001:000077a6       ?NonDelegatingAddRef@CUnknown@@UAGKXZ 00017a86 f   stdunk:stdunk.obj
 0001:000077bc       ?NonDelegatingRelease@CUnknown@@UAGKXZ 00017a9c f   stdunk:stdunk.obj
 0001:000077eb       ?NonDelegatingQueryInterface@CUnknown@@UAGJABU_GUID@@PAPAX@Z 00017acb f   stdunk:stdunk.obj
 0002:00000000       __imp_@ExAcquireFastMutex@4 00017b40     hal:HAL.dll
 0002:00000004       __imp_@KfAcquireSpinLock@4 00017b44     hal:HAL.dll
 0002:00000008       __imp_@KfReleaseSpinLock@8 00017b48     hal:HAL.dll
 0002:0000000c       __imp_@ExReleaseFastMutex@4 00017b4c     hal:HAL.dll
 0002:00000010       __imp__KeStallExecutionProcessor@4 00017b50     hal:HAL.dll
 0002:00000014       __imp__KeGetCurrentIrql@0  00017b54     hal:HAL.dll
 0002:00000018       \177HAL_NULL_THUNK_DATA    00017b58     hal:HAL.dll
 0002:0000001c       __imp__KeInitializeEvent@12 00017b5c     ntoskrnl:ntoskrnl.exe
 0002:00000020       __imp__MmUnmapIoSpace@8    00017b60     ntoskrnl:ntoskrnl.exe
 0002:00000024       __imp__RtlInitUnicodeString@8 00017b64     ntoskrnl:ntoskrnl.exe
 0002:00000028       __imp__READ_REGISTER_ULONG@4 00017b68     ntoskrnl:ntoskrnl.exe
 0002:0000002c       __imp__WRITE_REGISTER_ULONG@8 00017b6c     ntoskrnl:ntoskrnl.exe
 0002:00000030       __imp__READ_REGISTER_UCHAR@4 00017b70     ntoskrnl:ntoskrnl.exe
 0002:00000034       __imp__KeInitializeSpinLock@4 00017b74     ntoskrnl:ntoskrnl.exe
 0002:00000038       __imp__WRITE_REGISTER_UCHAR@8 00017b78     ntoskrnl:ntoskrnl.exe
 0002:0000003c       __imp__READ_REGISTER_USHORT@4 00017b7c     ntoskrnl:ntoskrnl.exe
 0002:00000040       __imp__WRITE_REGISTER_USHORT@8 00017b80     ntoskrnl:ntoskrnl.exe
 0002:00000044       __imp_@ObfDereferenceObject@4 00017b84     ntoskrnl:ntoskrnl.exe
 0002:00000048       __imp__KeWaitForSingleObject@20 00017b88     ntoskrnl:ntoskrnl.exe
 0002:0000004c       __imp_@IofCallDriver@8     00017b8c     ntoskrnl:ntoskrnl.exe
 0002:00000050       __imp__IoBuildSynchronousFsdRequest@28 00017b90     ntoskrnl:ntoskrnl.exe
 0002:00000054       __imp__IoGetAttachedDeviceReference@4 00017b94     ntoskrnl:ntoskrnl.exe
 0002:00000058       __imp__IoGetDmaAdapter@12  00017b98     ntoskrnl:ntoskrnl.exe
 0002:0000005c       __imp__MmMapIoSpace@16     00017b9c     ntoskrnl:ntoskrnl.exe
 0002:00000060       __imp__KeInitializeTimer@4 00017ba0     ntoskrnl:ntoskrnl.exe
 0002:00000064       __imp_@InterlockedExchange@8 00017ba4     ntoskrnl:ntoskrnl.exe
 0002:00000068       __imp__KeRemoveQueueDpc@4  00017ba8     ntoskrnl:ntoskrnl.exe
 0002:0000006c       __imp__KeCancelTimer@4     00017bac     ntoskrnl:ntoskrnl.exe
 0002:00000070       __imp__KeSetEvent@12       00017bb0     ntoskrnl:ntoskrnl.exe
 0002:00000074       __imp__RtlAssert@16        00017bb4     ntoskrnl:ntoskrnl.exe
 0002:00000078       __imp___except_handler3    00017bb8     ntoskrnl:ntoskrnl.exe
 0002:0000007c       __imp___local_unwind2      00017bbc     ntoskrnl:ntoskrnl.exe
 0002:00000080       __imp_@InterlockedIncrement@4 00017bc0     ntoskrnl:ntoskrnl.exe
 0002:00000084       __imp_@InterlockedDecrement@4 00017bc4     ntoskrnl:ntoskrnl.exe
 0002:00000088       __imp__KeInitializeMutex@8 00017bc8     ntoskrnl:ntoskrnl.exe
 0002:0000008c       __imp__KeReleaseMutex@8    00017bcc     ntoskrnl:ntoskrnl.exe
 0002:00000090       __imp___alldiv             00017bd0     ntoskrnl:ntoskrnl.exe
 0002:00000094       __imp___allmul             00017bd4     ntoskrnl:ntoskrnl.exe
 0002:00000098       __imp__ExAllocatePoolWithTag@12 00017bd8     ntoskrnl:ntoskrnl.exe
 0002:0000009c       __imp__ExFreePool@4        00017bdc     ntoskrnl:ntoskrnl.exe
 0002:000000a0       __imp__DbgBreakPoint@0     00017be0     ntoskrnl:ntoskrnl.exe
 0002:000000a4       __imp__DbgPrint            00017be4     ntoskrnl:ntoskrnl.exe
 0002:000000a8       __imp__KeInitializeDpc@12  00017be8     ntoskrnl:ntoskrnl.exe
 0002:000000ac       __imp__KeSetTimerEx@20     00017bec     ntoskrnl:ntoskrnl.exe
 0002:000000b0       __imp__KeClearEvent@4      00017bf0     ntoskrnl:ntoskrnl.exe
 0002:000000b4       \177ntoskrnl_NULL_THUNK_DATA 00017bf4     ntoskrnl:ntoskrnl.exe
 0002:000000b8       __imp__PcRegisterAdapterPowerManagement@8 00017bf8     portcls:portcls.sys
 0002:000000bc       __imp__PcAddAdapterDevice@20 00017bfc     portcls:portcls.sys
 0002:000000c0       __imp__PcRegisterSubdevice@12 00017c00     portcls:portcls.sys
 0002:000000c4       __imp__PcNewMiniport@8     00017c04     portcls:portcls.sys
 0002:000000c8       __imp__PcNewPort@8         00017c08     portcls:portcls.sys
 0002:000000cc       __imp__PcRegisterPhysicalConnection@20 00017c0c     portcls:portcls.sys
 0002:000000d0       __imp__PcInitializeAdapterDriver@12 00017c10     portcls:portcls.sys
 0002:000000d4       __imp__PcNewResourceSublist@20 00017c14     portcls:portcls.sys
 0002:000000d8       __imp__PcNewInterruptSync@20 00017c18     portcls:portcls.sys
 0002:000000dc       __imp__PcNewRegistryKey@36 00017c1c     portcls:portcls.sys
 0002:000000e0       __imp__PcNewServiceGroup@8 00017c20     portcls:portcls.sys
 0002:000000e4       \177portcls_NULL_THUNK_DATA 00017c24     portcls:portcls.sys
 0002:00000160       _IID_IAdapterCommon        00017ca0     adapter.obj
 0002:00000170       _CLSID_MiniportDriverFmSynth 00017cb0     adapter.obj
 0002:00000180       _CLSID_PortWaveCyclic      00017cc0     adapter.obj
 0002:00000190       _CLSID_PortTopology        00017cd0     adapter.obj
 0002:000001a0       _CLSID_PortMidi            00017ce0     adapter.obj
 0002:000001b0       _IID_IAdapterPowerManagment 00017cf0     adapter.obj
 0002:000001c0       _IID_IMiniportWaveCyclicStream 00017d00     adapter.obj
 0002:000001d0       _IID_IMiniportWaveCyclic   00017d10     adapter.obj
 0002:000001e0       _IID_IPortWaveCyclic       00017d20     adapter.obj
 0002:000001f0       _IID_IMiniportTopology     00017d30     adapter.obj
 0002:00000200       _IID_IDmaChannel           00017d40     adapter.obj
 0002:00000210       _IID_IMiniport             00017d50     adapter.obj
 0002:00000220       _IID_IUnknown              00017d60     adapter.obj
 0002:00000230       ??_C@_1BE@FFBG@?$AAU?$AAs?$AAe?$AAD?$AAm?$AAa?$AAP?$AAo?$AAs?$AA?$AA@ 00017d70     common.obj
 0002:00000244       ??_C@_1CA@DADJ@?$AAU?$AAs?$AAe?$AAD?$AAi?$AAs?$AAa?$AAb?$AAl?$AAe?$AAd?$AAP?$AAi?$AAn?$AAs?$AA?$AA@ 00017d84     common.obj
 0002:00000264       ??_C@_1BC@MBIB@?$AAU?$AAs?$AAe?$AAS?$AAP?$AAD?$AAI?$AAF?$AA?$AA@ 00017da4     common.obj
 0002:00000278       ??_C@_1BE@ONOC@?$AAU?$AAs?$AAe?$AAA?$AAl?$AAt?$AAO?$AAu?$AAt?$AA?$AA@ 00017db8     common.obj
 0002:0000028c       ??_C@_1BO@LMMA@?$AAS?$AAk?$AAi?$AAp?$AAC?$AAo?$AAd?$AAe?$AAc?$AAR?$AAe?$AAs?$AAe?$AAt?$AA?$AA@ 00017dcc     common.obj
 0002:000002ac       ??_C@_1CI@JKGI@?$AAS?$AAk?$AAi?$AAp?$AAC?$AAo?$AAn?$AAt?$AAr?$AAo?$AAl?$AAl?$AAe?$AAr?$AAR?$AAe?$AAs?$AAe?$AAt?$AA?$AA@ 00017dec     common.obj
 0002:000002d4       ??_C@_1BE@ENEK@?$AAR?$AAi?$AAg?$AAh?$AAt?$AAB?$AAa?$AAs?$AAs?$AA?$AA@ 00017e14     common.obj
 0002:000002e8       ??_C@_1BC@JMJO@?$AAL?$AAe?$AAf?$AAt?$AAB?$AAa?$AAs?$AAs?$AA?$AA@ 00017e28     common.obj
 0002:000002fc       ??_C@_1BI@KGAJ@?$AAR?$AAi?$AAg?$AAh?$AAt?$AAT?$AAr?$AAe?$AAb?$AAl?$AAe?$AA?$AA@ 00017e3c     common.obj
 0002:00000314       ??_C@_1BG@BGGD@?$AAL?$AAe?$AAf?$AAt?$AAT?$AAr?$AAe?$AAb?$AAl?$AAe?$AA?$AA@ 00017e54     common.obj
 0002:0000032c       ??_C@_1O@IECC@?$AAM?$AAi?$AAc?$AAA?$AAG?$AAC?$AA?$AA@ 00017e6c     common.obj
 0002:0000033c       ??_C@_1CA@EJHI@?$AAR?$AAi?$AAg?$AAh?$AAt?$AAO?$AAu?$AAt?$AAp?$AAu?$AAt?$AAG?$AAa?$AAi?$AAn?$AA?$AA@ 00017e7c     common.obj
 0002:0000035c       ??_C@_1BO@PPLI@?$AAL?$AAe?$AAf?$AAt?$AAO?$AAu?$AAt?$AAp?$AAu?$AAt?$AAG?$AAa?$AAi?$AAn?$AA?$AA@ 00017e9c     common.obj
 0002:0000037c       ??_C@_1BO@PMCJ@?$AAR?$AAi?$AAg?$AAh?$AAt?$AAI?$AAn?$AAp?$AAu?$AAt?$AAG?$AAa?$AAi?$AAn?$AA?$AA@ 00017ebc     common.obj
 0002:0000039c       ??_C@_1BM@CFEM@?$AAL?$AAe?$AAf?$AAt?$AAI?$AAn?$AAp?$AAu?$AAt?$AAG?$AAa?$AAi?$AAn?$AA?$AA@ 00017edc     common.obj
 0002:000003b8       ??_C@_1CA@CIKM@?$AAR?$AAi?$AAg?$AAh?$AAt?$AAI?$AAn?$AAp?$AAu?$AAt?$AAM?$AAi?$AAx?$AAe?$AAr?$AA?$AA@ 00017ef8     common.obj
 0002:000003d8       ??_C@_1BO@JOGM@?$AAL?$AAe?$AAf?$AAt?$AAI?$AAn?$AAp?$AAu?$AAt?$AAM?$AAi?$AAx?$AAe?$AAr?$AA?$AA@ 00017f18     common.obj
 0002:000003f8       ??_C@_1BI@BMOJ@?$AAO?$AAu?$AAt?$AAp?$AAu?$AAt?$AAM?$AAi?$AAx?$AAe?$AAr?$AA?$AA@ 00017f38     common.obj
 0002:00000410       ??_C@_1BE@GLOL@?$AAP?$AAc?$AAS?$AAp?$AAk?$AAr?$AAV?$AAo?$AAl?$AA?$AA@ 00017f50     common.obj
 0002:00000424       ??_C@_1O@MNBB@?$AAM?$AAi?$AAc?$AAV?$AAo?$AAl?$AA?$AA@ 00017f64     common.obj
 0002:00000434       ??_C@_1BO@HCKE@?$AAR?$AAi?$AAg?$AAh?$AAt?$AAL?$AAi?$AAn?$AAe?$AAI?$AAn?$AAV?$AAo?$AAl?$AA?$AA@ 00017f74     common.obj
 0002:00000454       ??_C@_1BM@KLMB@?$AAL?$AAe?$AAf?$AAt?$AAL?$AAi?$AAn?$AAe?$AAI?$AAn?$AAV?$AAo?$AAl?$AA?$AA@ 00017f94     common.obj
 0002:00000470       ??_C@_1BG@COJL@?$AAR?$AAi?$AAg?$AAh?$AAt?$AAC?$AAD?$AAV?$AAo?$AAl?$AA?$AA@ 00017fb0     common.obj
 0002:00000488       ??_C@_1BE@KMKA@?$AAL?$AAe?$AAf?$AAt?$AAC?$AAD?$AAV?$AAo?$AAl?$AA?$AA@ 00017fc8     common.obj
 0002:0000049c       ??_C@_1BK@JCIM@?$AAR?$AAi?$AAg?$AAh?$AAt?$AAM?$AAi?$AAd?$AAi?$AAV?$AAo?$AAl?$AA?$AA@ 00017fdc     common.obj
 0002:000004b8       ??_C@_1BI@KBIJ@?$AAL?$AAe?$AAf?$AAt?$AAM?$AAi?$AAd?$AAi?$AAV?$AAo?$AAl?$AA?$AA@ 00017ff8     common.obj
 0002:000004d0       ??_C@_1BK@MFCG@?$AAR?$AAi?$AAg?$AAh?$AAt?$AAW?$AAa?$AAv?$AAe?$AAV?$AAo?$AAl?$AA?$AA@ 00018010     common.obj
 0002:000004ec       ??_C@_1BI@PGCD@?$AAL?$AAe?$AAf?$AAt?$AAW?$AAa?$AAv?$AAe?$AAV?$AAo?$AAl?$AA?$AA@ 0001802c     common.obj
 0002:00000504       ??_C@_1BO@NHA@?$AAR?$AAi?$AAg?$AAh?$AAt?$AAM?$AAa?$AAs?$AAt?$AAe?$AAr?$AAV?$AAo?$AAl?$AA?$AA@ 00018044     common.obj
 0002:00000524       ??_C@_1BM@NEBF@?$AAL?$AAe?$AAf?$AAt?$AAM?$AAa?$AAs?$AAt?$AAe?$AAr?$AAV?$AAo?$AAl?$AA?$AA@ 00018064     common.obj
 0002:00000540       ??_7CAdapterCommon@@6BCUnknown@@@ 00018080     common.obj
 0002:00000550       ??_7CAdapterCommon@@6BIAdapterPowerManagement@@@ 00018090     common.obj
 0002:00000568       ??_7CAdapterCommon@@6BIAdapterCommon@@@ 000180a8     common.obj
 0002:000006a8       ??_7CMiniportTopologyHDA@@6BCUnknown@@@ 000181e8     mintopo.obj
 0002:000006b8       ??_7CMiniportTopologyHDA@@6BIMiniportTopology@@@ 000181f8     mintopo.obj
 0002:000006d0       ??_7CMiniportWaveCyclicHDA@@6BCUnknown@@@ 00018210     minwave.obj
 0002:000006e0       ??_7CMiniportWaveCyclicHDA@@6BIMiniportWaveCyclic@@@ 00018220     minwave.obj
 0002:000006fc       ??_C@_09BAJA@SSE2?5?$CFd?5?6?$AA@ 0001823c     minwave.obj
 0002:00000708       ??_7CMyDmaChannel@@6B@     00018248     minwave.obj
 0002:00000744       ??_C@_0DG@LDEH@Aligned?5DMA?5view?5invalid?5?$CIoff?$DN?$CFl@ 00018284     minwave.obj
 0002:0000077c       ??_7CMiniportWaveCyclicStreamHDA@@6BCUnknown@@@ 000182bc     minwave.obj
 0002:0000078c       ??_7CMiniportWaveCyclicStreamHDA@@6BIMiniportWaveCyclicStream@@@ 000182cc     minwave.obj
 0002:000007b0       ??_7CUnknown@@6B@          000182f0     stdunk:stdunk.obj
 0003:00000000       ?ulDebugOut@@3KA           00018300     adapter.obj
 0003:00000008       __GUID_b7902fe9_fb0a_11d1_81b0_0060083316c1 00018308     adapter.obj
 0003:00000018       __GUID_d3f0ce1c_fffc_11d1_81b0_0060083316c1 00018318     adapter.obj
 0003:00000028       __GUID_c096df9c_fb09_11d1_81b0_0060083316c1 00018328     adapter.obj
 0003:00000140       ?audBufSize@@3KA           00018440     common.obj
 0003:00000144       ?BdlSize@@3KA              00018444     common.obj
 0003:00000840       __GUID_185fedf6_9905_11d1_95a9_00c04fb925d3 00018b40     mintopo.obj
 0003:00000850       __GUID_185fedef_9905_11d1_95a9_00c04fb925d3 00018b50     mintopo.obj
 0003:00000860       __GUID_185fede1_9905_11d1_95a9_00c04fb925d3 00018b60     mintopo.obj
 0003:00000870       __GUID_185fede0_9905_11d1_95a9_00c04fb925d3 00018b70     mintopo.obj
 0003:00000880       __GUID_7607e580_c557_11d0_8a2b_00a0c9255ac1 00018b80     mintopo.obj
 0003:00000890       __GUID_185fede3_9905_11d1_95a9_00c04fb925d3 00018b90     mintopo.obj
 0003:000008a0       __GUID_da441a60_c556_11d0_8a2b_00a0c9255ac1 00018ba0     mintopo.obj
 0003:000008b0       __GUID_185fedee_9905_11d1_95a9_00c04fb925d3 00018bb0     mintopo.obj
 0003:000008c0       __GUID_02b223c0_c557_11d0_8a2b_00a0c9255ac1 00018bc0     mintopo.obj
 0003:000008d0       __GUID_185feded_9905_11d1_95a9_00c04fb925d3 00018bd0     mintopo.obj
 0003:000008e0       __GUID_e88c9ba0_c557_11d0_8a2b_00a0c9255ac1 00018be0     mintopo.obj
 0003:000008f0       __GUID_185fedec_9905_11d1_95a9_00c04fb925d3 00018bf0     mintopo.obj
 0003:00000900       __GUID_185fedeb_9905_11d1_95a9_00c04fb925d3 00018c00     mintopo.obj
 0003:00000910       __GUID_185fedea_9905_11d1_95a9_00c04fb925d3 00018c10     mintopo.obj
 0003:00000920       __GUID_185fede9_9905_11d1_95a9_00c04fb925d3 00018c20     mintopo.obj
 0003:00000930       __GUID_185fede8_9905_11d1_95a9_00c04fb925d3 00018c30     mintopo.obj
 0003:00000940       __GUID_e573adc0_c555_11d0_8a2b_00a0c9255ac1 00018c40     mintopo.obj
 0003:00000950       __GUID_185fede7_9905_11d1_95a9_00c04fb925d3 00018c50     mintopo.obj
 0003:00000960       __GUID_185fede5_9905_11d1_95a9_00c04fb925d3 00018c60     mintopo.obj
 0003:00000970       __GUID_3a5acc00_c557_11d0_8a2b_00a0c9255ac1 00018c70     mintopo.obj
 0003:00000980       __GUID_45ffaaa0_6e1b_11d0_bcf2_444553540000 00018c80     mintopo.obj
 0003:00000990       __GUID_6994ad04_93ef_11d0_a3cc_00a0c9223196 00018c90     mintopo.obj
 0003:000009a0       __GUID_185fedf7_9905_11d1_95a9_00c04fb925d3 00018ca0     mintopo.obj
 0003:000009b0       __GUID_dff21ce1_f70f_11d0_b917_00a0c9223196 00018cb0     mintopo.obj
 0003:000009c0       __GUID_dff21be1_f70f_11d0_b917_00a0c9223196 00018cc0     mintopo.obj
 0003:000009d0       __GUID_185fedf9_9905_11d1_95a9_00c04fb925d3 00018cd0     mintopo.obj
 0003:000009e0       __GUID_dff21fe3_f70f_11d0_b917_00a0c9223196 00018ce0     mintopo.obj
 0003:000009f0       __GUID_185fedfb_9905_11d1_95a9_00c04fb925d3 00018cf0     mintopo.obj
 0003:00000a00       __GUID_dff220e3_f70f_11d0_b917_00a0c9223196 00018d00     mintopo.obj
 0003:00000a10       __GUID_185fedf8_9905_11d1_95a9_00c04fb925d3 00018d10     mintopo.obj
 0003:00000a20       __GUID_dff220f3_f70f_11d0_b917_00a0c9223196 00018d20     mintopo.obj
 0003:00000a30       __GUID_dff21fe4_f70f_11d0_b917_00a0c9223196 00018d30     mintopo.obj
 0003:00000a40       __GUID_97e99ba0_bdea_11cf_a5d6_28db04c10000 00018d40     mintopo.obj
 0003:00000c88       __GUID_507ae360_c554_11d0_8a2b_00a0c9255ac1 00018f88     minwave.obj
 0003:00000c98       __GUID_4d837fe0_c555_11d0_8a2b_00a0c9255ac1 00018f98     minwave.obj
 0003:00000ca8       __GUID_185fedfa_9905_11d1_95a9_00c04fb925d3 00018fa8     minwave.obj
 0003:00000cb8       __GUID_fb6c4281_0353_11d1_905f_0000c0cc16ba 00018fb8     minwave.obj
 0003:00000cc8       __GUID_05589f81_c356_11ce_bf01_00aa0055595a 00018fc8     minwave.obj
 0003:00000cd8       __GUID_00000001_0000_0010_8000_00aa00389b71 00018fd8     minwave.obj
 0003:00000ce8       __GUID_73647561_0000_0010_8000_00aa00389b71 00018fe8     minwave.obj
 0003:00000cf8       __GUID_518590a2_a184_11d0_8522_00c04fd9baf3 00018ff8     minwave.obj
 0003:00000d08       __GUID_0f6417d6_c318_11d0_a43f_00a0c9223196 00019008     minwave.obj
 0003:00000d18       ?PDO@@3PAU_DEVICE_OBJECT@@A 00019018     adapter.obj
 0003:00000d20       __GUID_00000000_0000_0000_0000_000000000000 00019020     adapter.obj
 0004:000000ae       _AddDevice@8               000190ee f   adapter.obj
 0004:0000036a       ?InstallSubdevice@@YGJPAU_DEVICE_OBJECT@@PAU_IRP@@PAGABU_GUID@@3P6GJPAPAUIUnknown@@3PAU4@W4_POOL_TYPE@@@Z5PAUIResourceList@@344@Z 000193aa f   adapter.obj
 0004:0000076e       ?StartDevice@@YGJPAU_DEVICE_OBJECT@@PAU_IRP@@PAUIResourceList@@@Z 000197ae f   adapter.obj
 0004:00000f6e       ?AssignResources@@YGJPAUIResourceList@@PAPAU1@11111@Z 00019fae f   adapter.obj
 0004:000014d8       ?NewAdapterCommon@@YGJPAPAUIUnknown@@ABU_GUID@@PAU1@W4_POOL_TYPE@@@Z 0001a518 f   common.obj
 0004:00002151       ?Init@CAdapterCommon@@UAGJPAUIResourceList@@PAU_DEVICE_OBJECT@@1@Z 0001b191 f   common.obj
 0004:00003ae2       ??1CAdapterCommon@@UAE@XZ  0001cb22 f   common.obj
 0004:00003f00       ??_GHDA_Codec@@QAEPAXI@Z   0001cf40 f i common.obj
 0004:00003f87       ?NonDelegatingQueryInterface@CAdapterCommon@@UAGJABU_GUID@@PAPAX@Z 0001cfc7 f   common.obj
 0004:000040de       ?WavePortDriverDest@CAdapterCommon@@UAGPAPAUIUnknown@@XZ 0001d11e f   common.obj
 0004:0000417e       ?GetInterruptSync@CAdapterCommon@@UAGPAUIInterruptSync@@XZ 0001d1be f   common.obj
 0004:0000421e       ?GetDeviceDescription@CAdapterCommon@@UAGPAU_DEVICE_DESCRIPTION@@XZ 0001d25e f   common.obj
 0004:000042be       ?MidiPortDriverDest@CAdapterCommon@@UAGPAPAUIUnknown@@XZ 0001d2fe f   common.obj
 0004:0000435e       ?SetWaveServiceGroup@CAdapterCommon@@UAGXPAUIServiceGroup@@@Z 0001d39e f   common.obj
 0004:00004b52       ?InitHDAController@CAdapterCommon@@QAGJXZ 0001db92 f   common.obj
 0004:00005d5e       ?TryInitializeCodecSlot@CAdapterCommon@@AAGJEPBD@Z 0001ed9e f   common.obj
 0004:00005fa2       ?ReadRegistryBoolean@CAdapterCommon@@AAGEPBGE@Z 0001efe2 f   common.obj
 0004:00006188       ?CreateMiniportTopologyHDA@@YGJPAPAUIUnknown@@ABU_GUID@@PAU1@W4_POOL_TYPE@@@Z 0001f1c8 f   mintopo.obj
 0004:000062fa       ?ProcessResources@CMiniportTopologyHDA@@AAEJPAUIResourceList@@@Z 0001f33a f   mintopo.obj
 0004:0000648a       ?NonDelegatingQueryInterface@CMiniportTopologyHDA@@UAGJABU_GUID@@PAPAX@Z 0001f4ca f   mintopo.obj
 0004:0000663e       ??1CMiniportTopologyHDA@@UAE@XZ 0001f67e f   mintopo.obj
 0004:00006816       ?Init@CMiniportTopologyHDA@@UAGJPAUIUnknown@@PAUIResourceList@@PAUIPortTopology@@@Z 0001f856 f   mintopo.obj
 0004:00006a2a       ?GetDescription@CMiniportTopologyHDA@@UAGJPAPAUPCFILTER_DESCRIPTOR@@@Z 0001fa6a f   mintopo.obj
 0004:00008208       ?CreateMiniportWaveCyclicHDA@@YGJPAPAUIUnknown@@ABU_GUID@@PAU1@W4_POOL_TYPE@@@Z 00021248 f   minwave.obj
 0004:000084c6       ?ProcessResources@CMiniportWaveCyclicHDA@@AAEJPAUIResourceList@@@Z 00021506 f   minwave.obj
 0004:00008982       ?ValidateFormat@CMiniportWaveCyclicHDA@@AAEJPATKSDATAFORMAT@@@Z 000219c2 f   minwave.obj
 0004:00008bbe       ?NonDelegatingQueryInterface@CMiniportWaveCyclicHDA@@UAGJABU_GUID@@PAPAX@Z 00021bfe f   minwave.obj
 0004:00008d72       ??1CMiniportWaveCyclicHDA@@UAE@XZ 00021db2 f   minwave.obj
 0004:00008f76       ?Init@CMiniportWaveCyclicHDA@@UAGJPAUIUnknown@@PAUIResourceList@@PAUIPortWaveCyclic@@@Z 00021fb6 f   minwave.obj
 0004:0000920e       ?GetDescription@CMiniportWaveCyclicHDA@@UAGJPAPAUPCFILTER_DESCRIPTOR@@@Z 0002224e f   minwave.obj
 0004:000093fa       ?DataRangeIntersection@CMiniportWaveCyclicHDA@@UAGJKPATKSDATAFORMAT@@0KPAXPAK@Z 0002243a f   minwave.obj
 0004:000099fa       ?NewStream@CMiniportWaveCyclicHDA@@UAGJPAPAUIMiniportWaveCyclicStream@@PAUIUnknown@@W4_POOL_TYPE@@KEPATKSDATAFORMAT@@PAPAUIDmaChannel@@PAPAUIServiceGroup@@@Z 00022a3a f   minwave.obj
 0004:00009d92       ?NonDelegatingQueryInterface@CMiniportWaveCyclicStreamHDA@@UAGJABU_GUID@@PAPAX@Z 00022dd2 f   minwave.obj
 0004:00009f3e       ??1CMiniportWaveCyclicStreamHDA@@UAE@XZ 00022f7e f   minwave.obj
 0004:0000a1d0       ?Init@CMiniportWaveCyclicStreamHDA@@QAEJPAVCMiniportWaveCyclicHDA@@KEPATKSDATAFORMAT@@PAUIDmaChannel@@@Z 00023210 f   minwave.obj
 0004:0000a472       ?SetNotificationFreq@CMiniportWaveCyclicStreamHDA@@UAGKKPAK@Z 000234b2 f   minwave.obj
 0004:0000a606       ?SetFormat@CMiniportWaveCyclicStreamHDA@@UAGJPATKSDATAFORMAT@@@Z 00023646 f   minwave.obj
 0004:0000a84e       ?SetState@CMiniportWaveCyclicStreamHDA@@UAGJW4KSSTATE@@@Z 0002388e f   minwave.obj
 0005:0000003e       _DriverEntry@8             000239de f   adapter.obj
 0005:000000ac       __IMPORT_DESCRIPTOR_ntoskrnl 00023a4c     ntoskrnl:ntoskrnl.exe
 0005:000000c0       __IMPORT_DESCRIPTOR_HAL    00023a60     hal:HAL.dll
 0005:000000d4       __IMPORT_DESCRIPTOR_portcls 00023a74     portcls:portcls.sys
 0005:000000e8       __NULL_IMPORT_DESCRIPTOR   00023a88     ntoskrnl:ntoskrnl.exe

 entry point at        0005:0000003e

 Static symbols

 0004:00006b7e       ?PropertyHandler_OnOff@@YGJPAU_PCPROPERTY_REQUEST@@@Z 0001fbbe f   mintopo.obj
 0004:00006f96       ?PropertyHandler_SuperMixCaps@@YGJPAU_PCPROPERTY_REQUEST@@@Z 0001ffd6 f   mintopo.obj
 0004:000075a6       ?PropertyHandler_SuperMixTable@@YGJPAU_PCPROPERTY_REQUEST@@@Z 000205e6 f   mintopo.obj
 0004:00007cd6       ?PropertyHandler_CpuResources@@YGJPAU_PCPROPERTY_REQUEST@@@Z 00020d16 f   mintopo.obj
 0001:000065fe       ?PropertyHandler_Level@@YGJPAU_PCPROPERTY_REQUEST@@@Z 000168de f   mintopo.obj
 0004:00007f36       ?BasicSupportHandler@@YGJPAU_PCPROPERTY_REQUEST@@@Z 00020f76 f   mintopo.obj
 0001:000001a0       ?AllocateAlignedCommonBuffer@@YGJPAU_DMA_ADAPTER@@KKPAU_HDA_DMA_COMMON_BUFFER@@@Z 00010480 f   common.obj
 0001:00000320       ?ResetCommonBufferDescriptor@@YGXPAU_HDA_DMA_COMMON_BUFFER@@@Z 00010600 f   common.obj
 0001:00000340       ?FreeAlignedCommonBuffer@@YGXPAU_DMA_ADAPTER@@PAU_HDA_DMA_COMMON_BUFFER@@@Z 00010620 f   common.obj

 698 bytes saved through ICF

