 HDA

 Timestamp is 6a2653fb (Sun Jun 07 22:32:43 2026)

 Preferred load address is 00010000

 Start         Length     Name                   Class
 0001:00000000 00007377H .text                   CODE
 0002:00000000 000000c0H .idata$5                DATA
 0002:000000c0 000006fbH .rdata                  DATA
 0003:00000000 00000d18H .data                   DATA
 0003:00000d18 0000001eH .bss                    DATA
 0004:00000000 0000a960H PAGE                    CODE
 0005:00000000 000000a9H INIT                    CODE
 0005:000000ac 0000003cH .idata$2                CODE
 0005:000000e8 00000014H .idata$3                CODE
 0005:000000fc 000000c0H .idata$4                CODE
 0005:000001bc 000003e0H .idata$6                CODE
 0006:00000000 00000058H .rsrc$01                DATA
 0006:00000060 000003d0H .rsrc$02                DATA

  Address         Publics by Value              Rva+Base     Lib:Object

 0001:00000000       ??3@YAXPAX@Z               000102e0 f i common.obj
 0001:00000010       ??2@YGPAXIW4_POOL_TYPE@@K@Z 000102f0 f i common.obj
 0001:00000050       ??0CAdapterCommon@@QAE@PAUIUnknown@@@Z 00010330 f i common.obj
 0001:000000a0       ?QueryInterface@CAdapterCommon@@UAGJABU_GUID@@PAPAX@Z 00010380 f i common.obj
 0001:000000d0       ?GetOuterUnknown@CUnknown@@QAEPAUIUnknown@@XZ 000103b0 f i common.obj
 0001:000000f0       ?AddRef@CAdapterCommon@@UAGKXZ 000103d0 f i common.obj
 0001:00000120       ?Release@CAdapterCommon@@UAGKXZ 00010400 f i common.obj
 0001:00000150       ??_ECAdapterCommon@@UAEPAXI@Z 00010430 f i common.obj
 0001:00000150       ??_GCAdapterCommon@@UAEPAXI@Z 00010430 f i common.obj
 0001:00000380       _IsEqualGUIDAligned@8      00010660 f i common.obj
 0001:00000400       ??2@YGPAXIW4_POOL_TYPE@@@Z 000106e0 f i common.obj
 0001:00000450       ?hda_is_supported_sample_rate@CAdapterCommon@@UAGEK@Z 00010730 f   common.obj
 0001:00000596       ?hda_send_verb@CAdapterCommon@@UAGKKKKK@Z 00010876 f   common.obj
 0001:00000952       ?ReadController@CAdapterCommon@@UAGEXZ 00010c32 f   common.obj
 0001:000009f6       ?WriteController@CAdapterCommon@@UAGEE@Z 00010cd6 f   common.obj
 0001:00000b02       ?MixerRegWrite@CAdapterCommon@@UAGXEE@Z 00010de2 f   common.obj
 0001:00000cca       ?MixerRegRead@CAdapterCommon@@UAGEE@Z 00010faa f   common.obj
 0001:00000dae       ?MixerReset@CAdapterCommon@@UAGXXZ 0001108e f   common.obj
 0001:00000e4e       ?AcknowledgeIRQ@CAdapterCommon@@AAE?AW4_HDA_INTERRUPT_TYPE@@XZ 0001112e f   common.obj
 0001:000010f2       ?ResetController@CAdapterCommon@@UAGJXZ 000113d2 f   common.obj
 0001:000011a6       ?RestoreMixerSettingsFromRegistry@CAdapterCommon@@UAGJXZ 00011486 f   common.obj
 0001:00001452       ?SaveMixerSettingsToRegistry@CAdapterCommon@@UAGJXZ 00011732 f   common.obj
 0001:000016be       ?ProgramSampleRate@CAdapterCommon@@UAGJK@Z 0001199e f   common.obj
 0001:000018ba       ?PowerChangeState@CAdapterCommon@@UAGXT_POWER_STATE@@@Z 00011b9a f   common.obj
 0001:00001aa6       ?QueryPowerChangeState@CAdapterCommon@@UAGJT_POWER_STATE@@@Z 00011d86 f   common.obj
 0001:00001b2a       ?QueryDeviceCapabilities@CAdapterCommon@@UAGJPAU_DEVICE_CAPABILITIES@@@Z 00011e0a f   common.obj
 0001:00001bda       ?InterruptServiceRoutine@@YGJPAUIInterruptSync@@PAX@Z 00011eba f   common.obj
 0001:00001d66       ?hda_stop_stream@CAdapterCommon@@UAGJXZ 00012046 f   common.obj
 0001:0000204a       ?hda_start_sound@CAdapterCommon@@UAGXXZ 0001232a f   common.obj
 0001:000021ba       ?hda_stop_sound@CAdapterCommon@@UAGXXZ 0001249a f   common.obj
 0001:00002356       ?hda_get_actual_stream_position@CAdapterCommon@@UAGKXZ 00012636 f   common.obj
 0001:00002460       ?hda_set_volume@CAdapterCommon@@QAGXKE@Z 00012740 f   common.obj
 0001:000024c0       ?readUCHAR@CAdapterCommon@@QAGEG@Z 000127a0 f   common.obj
 0001:000024e0       ?writeUCHAR@CAdapterCommon@@QAGXGE@Z 000127c0 f   common.obj
 0001:00002510       ?readUSHORT@CAdapterCommon@@QAGGG@Z 000127f0 f   common.obj
 0001:00002530       ?writeUSHORT@CAdapterCommon@@QAGXGG@Z 00012810 f   common.obj
 0001:00002560       ?readULONG@CAdapterCommon@@QAGKG@Z 00012840 f   common.obj
 0001:00002580       ?writeULONG@CAdapterCommon@@QAGXGK@Z 00012860 f   common.obj
 0001:0000271a       ?hda_setup_stream_descriptor@CAdapterCommon@@UAGJPAUIDmaChannel@@@Z 000129fa f   common.obj
 0001:00002b70       ?ReadWriteConfigSpace@CAdapterCommon@@AAGJPAU_DEVICE_OBJECT@@KPAXKK@Z 00012e50 f   common.obj
 0001:00002c9b       ?WriteConfigSpaceByte@CAdapterCommon@@AAGJEEE@Z 00012f7b f   common.obj
 0001:00002d9b       ?WriteConfigSpaceWord@CAdapterCommon@@AAGJEGG@Z 0001307b f   common.obj
 0001:00002e60       ?CacheLineFlush@CAdapterCommon@@UAGXPAXK@Z 00013140 f   common.obj
 0001:00002ec0       ?QueryInterface@CAdapterCommon@@W3AGJABU_GUID@@PAPAX@Z 000131a0 f i common.obj
 0001:00002ed0       ?AddRef@CAdapterCommon@@W3AGKXZ 000131b0 f i common.obj
 0001:00002ee0       ?Release@CAdapterCommon@@W3AGKXZ 000131c0 f i common.obj
 0001:00002ef0       ??0HDA_Codec@@QAE@EEEPAUIAdapterCommon@@@Z 000131d0 f   codec.obj
 0001:00002f90       ??1HDA_Codec@@QAE@XZ       00013270 f   codec.obj
 0001:000030c6       ?InitializeCodec@HDA_Codec@@QAGJXZ 000133a6 f   codec.obj
 0001:00003884       ?hda_initialize_audio_function_group@HDA_Codec@@QAGJK@Z 00013b64 f   codec.obj
 0001:000044ba       ?hda_get_node_type@HDA_Codec@@QAGEK@Z 0001479a f   codec.obj
 0001:0000456a       ?hda_get_node_connection_entries@HDA_Codec@@QAGKKK@Z 0001484a f   codec.obj
 0001:0000473a       ?hda_initialize_output_pin@HDA_Codec@@QAGJKAAUHDA_NODE_PATH@@@Z 00014a1a f   codec.obj
 0001:00004b16       ?hda_initialize_audio_output@HDA_Codec@@QAGXKAAUHDA_NODE_PATH@@@Z 00014df6 f   codec.obj
 0001:00004f3a       ?hda_initialize_audio_mixer@HDA_Codec@@QAGXKAAUHDA_NODE_PATH@@@Z 0001521a f   codec.obj
 0001:0000528e       ?hda_initialize_audio_selector@HDA_Codec@@QAGXKAAUHDA_NODE_PATH@@@Z 0001556e f   codec.obj
 0001:000056ea       ?ProgramSampleRate@HDA_Codec@@QAGJK@Z 000159ca f   codec.obj
 0001:000059f0       ?hda_check_headphone_connection_change@HDA_Codec@@QAGXXZ 00015cd0 f   codec.obj
 0001:00005ac2       ?hda_is_supported_sample_rate@HDA_Codec@@QAGEK@Z 00015da2 f   codec.obj
 0001:00005be0       ?hda_set_volume@HDA_Codec@@QAGXKE@Z 00015ec0 f   codec.obj
 0001:00005c40       ?hda_set_node_gain@HDA_Codec@@QAGXKKKKE@Z 00015f20 f   codec.obj
 0001:00005ce0       ?hda_send_verb@HDA_Codec@@QAGKKKK@Z 00015fc0 f   codec.obj
 0001:00005d10       ?hda_enable_pin_output@HDA_Codec@@QAGXK@Z 00015ff0 f   codec.obj
 0001:00005d40       ?hda_disable_pin_output@HDA_Codec@@QAGXK@Z 00016020 f   codec.obj
 0001:00005d70       ?hda_is_headphone_connected@HDA_Codec@@QAGEXZ 00016050 f   codec.obj
 0001:00005de0       ?hda_return_sound_data_format@HDA_Codec@@QAGGKKK@Z 000160c0 f   codec.obj
 0001:00005de0       ?hda_return_sound_data_format@CAdapterCommon@@QAGGKKK@Z 000160c0 f   codec.obj
 0001:00005f50       ??0CMiniportTopologyHDA@@QAE@PAUIUnknown@@@Z 00016230 f i mintopo.obj
 0001:00005f90       ?DataRangeIntersection@CMiniportTopologyHDA@@UAGJKPATKSDATAFORMAT@@0KPAXPAK@Z 00016270 f i mintopo.obj
 0001:00005fa0       ??_ECMiniportTopologyHDA@@UAEPAXI@Z 00016280 f i mintopo.obj
 0001:00005fa0       ??_GCMiniportTopologyHDA@@UAEPAXI@Z 00016280 f i mintopo.obj
 0001:00005fe0       ??0IMiniportTopology@@QAE@XZ 000162c0 f i mintopo.obj
 0001:00005fe0       ??0IMiniportWaveCyclic@@QAE@XZ 000162c0 f i mintopo.obj
 0001:00006000       ??0IMiniport@@QAE@XZ       000162e0 f i mintopo.obj
 0001:00006000       ??0IAdapterCommon@@QAE@XZ  000162e0 f i mintopo.obj
 0001:00006000       ??0IMiniportWaveCyclicStream@@QAE@XZ 000162e0 f i mintopo.obj
 0001:00006000       ??0IAdapterPowerManagement@@QAE@XZ 000162e0 f i mintopo.obj
 0001:00006000       ??0IDmaChannel@@QAE@XZ     000162e0 f i mintopo.obj
 0001:000066a0       ?ReadBitsFromMixer@CMiniportTopologyHDA@@AAEEEEE@Z 00016980 f   mintopo.obj
 0001:000066f0       ?ThisManyOnes@@YGEE@Z      000169d0 f i mintopo.obj
 0001:00006710       ?WriteBitsToMixer@CMiniportTopologyHDA@@AAEXEEEE@Z 000169f0 f   mintopo.obj
 0001:000067b0       ??0CMiniportWaveCyclicHDA@@QAE@PAUIUnknown@@@Z 00016a90 f i minwave.obj
 0001:000067f0       ?QueryInterface@CMiniportWaveCyclicStreamHDA@@UAGJABU_GUID@@PAPAX@Z 00016ad0 f i minwave.obj
 0001:000067f0       ?QueryInterface@CMiniportTopologyHDA@@UAGJABU_GUID@@PAPAX@Z 00016ad0 f i minwave.obj
 0001:000067f0       ?QueryInterface@CMiniportWaveCyclicHDA@@UAGJABU_GUID@@PAPAX@Z 00016ad0 f i minwave.obj
 0001:00006820       ??_ECMiniportWaveCyclicHDA@@UAEPAXI@Z 00016b00 f i minwave.obj
 0001:00006820       ??_GCMiniportWaveCyclicHDA@@UAEPAXI@Z 00016b00 f i minwave.obj
 0001:00006860       ??0CMyDmaChannel@@QAE@PAUIDmaChannel@@@Z 00016b40 f i minwave.obj
 0001:00006920       ?QueryInterface@CMyDmaChannel@@UAGJABU_GUID@@PAPAX@Z 00016c00 f i minwave.obj
 0001:00006980       _IsEqualGUID@8             00016c60 f i minwave.obj
 0001:000069b0       ?AddRef@CMyDmaChannel@@UAGKXZ 00016c90 f i minwave.obj
 0001:000069d0       ?Release@CMyDmaChannel@@UAGKXZ 00016cb0 f i minwave.obj
 0001:00006a20       ?AllocateBuffer@CMyDmaChannel@@UAGJKPAT_LARGE_INTEGER@@@Z 00016d00 f i minwave.obj
 0001:00006bc0       ?FreeBuffer@CMyDmaChannel@@UAGXXZ 00016ea0 f i minwave.obj
 0001:00006c10       ?SystemAddress@CMyDmaChannel@@UAGPAXXZ 00016ef0 f i minwave.obj
 0001:00006c40       ?CopyTo@CMyDmaChannel@@UAGXPAX0K@Z 00016f20 f i minwave.obj
 0001:00006cc0       ?CopyFrom@CMyDmaChannel@@UAGXPAX0K@Z 00016fa0 f i minwave.obj
 0001:00006cf0       ?AllocatedBufferSize@CMyDmaChannel@@UAGKXZ 00016fd0 f i minwave.obj
 0001:00006d20       ?BufferSize@CMyDmaChannel@@UAGKXZ 00017000 f i minwave.obj
 0001:00006d50       ?SetBufferSize@CMyDmaChannel@@UAGXK@Z 00017030 f i minwave.obj
 0001:00006d80       ?PhysicalAddress@CMyDmaChannel@@UAG?AT_LARGE_INTEGER@@XZ 00017060 f i minwave.obj
 0001:00006de0       ?MaximumBufferSize@CMyDmaChannel@@UAGKXZ 000170c0 f i minwave.obj
 0001:00006e10       ?TransferCount@CMyDmaChannel@@UAGKXZ 000170f0 f i minwave.obj
 0001:00006e30       ?GetAdapterObject@CMyDmaChannel@@UAGPAU_DMA_ADAPTER@@XZ 00017110 f i minwave.obj
 0001:00006e50       ??0CMiniportWaveCyclicStreamHDA@@QAE@PAUIUnknown@@@Z 00017130 f i minwave.obj
 0001:00006e90       ?AddRef@CMiniportTopologyHDA@@UAGKXZ 00017170 f i minwave.obj
 0001:00006e90       ?AddRef@CMiniportWaveCyclicStreamHDA@@UAGKXZ 00017170 f i minwave.obj
 0001:00006e90       ?AddRef@CMiniportWaveCyclicHDA@@UAGKXZ 00017170 f i minwave.obj
 0001:00006ec0       ?Release@CMiniportWaveCyclicHDA@@UAGKXZ 000171a0 f i minwave.obj
 0001:00006ec0       ?Release@CMiniportTopologyHDA@@UAGKXZ 000171a0 f i minwave.obj
 0001:00006ec0       ?Release@CMiniportWaveCyclicStreamHDA@@UAGKXZ 000171a0 f i minwave.obj
 0001:00006ef0       ??_ECMiniportWaveCyclicStreamHDA@@UAEPAXI@Z 000171d0 f i minwave.obj
 0001:00006ef0       ??_GCMiniportWaveCyclicStreamHDA@@UAEPAXI@Z 000171d0 f i minwave.obj
 0001:00006f49       ?GetPosition@CMiniportWaveCyclicStreamHDA@@UAGJPAK@Z 00017229 f   minwave.obj
 0001:0000705e       ?NormalizePhysicalPosition@CMiniportWaveCyclicStreamHDA@@UAGJPA_J@Z 0001733e f   minwave.obj
 0001:00007100       ?Silence@CMiniportWaveCyclicStreamHDA@@UAGXPAXK@Z 000173e0 f   minwave.obj
 0001:0000713e       _DbgPrint                  0001741e f   ntoskrnl:ntoskrnl.exe
 0001:00007144       _DbgBreakPoint@0           00017424 f   ntoskrnl:ntoskrnl.exe
 0001:0000714a       __alldiv                   0001742a f   ntoskrnl:ntoskrnl.exe
 0001:00007150       __allmul                   00017430 f   ntoskrnl:ntoskrnl.exe
 0001:00007156       _PcInitializeAdapterDriver@12 00017436 f   portcls:portcls.sys
 0001:0000715c       _PcAddAdapterDevice@20     0001743c f   portcls:portcls.sys
 0001:00007162       _PcRegisterSubdevice@12    00017442 f   portcls:portcls.sys
 0001:00007168       _PcNewMiniport@8           00017448 f   portcls:portcls.sys
 0001:0000716e       _PcNewPort@8               0001744e f   portcls:portcls.sys
 0001:00007174       _PcRegisterPhysicalConnection@20 00017454 f   portcls:portcls.sys
 0001:0000717a       _PcRegisterAdapterPowerManagement@8 0001745a f   portcls:portcls.sys
 0001:00007180       _PcNewResourceSublist@20   00017460 f   portcls:portcls.sys
 0001:00007186       _PcNewInterruptSync@20     00017466 f   portcls:portcls.sys
 0001:0000718c       _PcNewRegistryKey@36       0001746c f   portcls:portcls.sys
 0001:00007192       _PcNewServiceGroup@8       00017472 f   portcls:portcls.sys
 0001:000071a0       ??0CUnknown@@QAE@PAUIUnknown@@@Z 00017480 f   stdunk:stdunk.obj
 0001:000071f0       ??_ECUnknown@@UAEPAXI@Z    000174d0 f i stdunk:stdunk.obj
 0001:000071f0       ??_GCUnknown@@UAEPAXI@Z    000174d0 f i stdunk:stdunk.obj
 0001:00007220       ??0INonDelegatingUnknown@@QAE@XZ 00017500 f i stdunk:stdunk.obj
 0001:00007220       ??0IUnknown@@QAE@XZ        00017500 f i stdunk:stdunk.obj
 0001:00007230       ??1CUnknown@@UAE@XZ        00017510 f   stdunk:stdunk.obj
 0001:00007250       ?NonDelegatingAddRef@CUnknown@@UAGKXZ 00017530 f   stdunk:stdunk.obj
 0001:00007290       ?NonDelegatingRelease@CUnknown@@UAGKXZ 00017570 f   stdunk:stdunk.obj
 0001:00007310       ?NonDelegatingQueryInterface@CUnknown@@UAGJABU_GUID@@PAPAX@Z 000175f0 f   stdunk:stdunk.obj
 0002:00000000       __imp_@ExAcquireFastMutex@4 00017660     hal:HAL.dll
 0002:00000004       __imp_@KfAcquireSpinLock@4 00017664     hal:HAL.dll
 0002:00000008       __imp_@KfReleaseSpinLock@8 00017668     hal:HAL.dll
 0002:0000000c       __imp_@ExReleaseFastMutex@4 0001766c     hal:HAL.dll
 0002:00000010       __imp__KeStallExecutionProcessor@4 00017670     hal:HAL.dll
 0002:00000014       __imp__KeGetCurrentIrql@0  00017674     hal:HAL.dll
 0002:00000018       \177HAL_NULL_THUNK_DATA    00017678     hal:HAL.dll
 0002:0000001c       __imp__KeInitializeEvent@12 0001767c     ntoskrnl:ntoskrnl.exe
 0002:00000020       __imp__MmUnmapIoSpace@8    00017680     ntoskrnl:ntoskrnl.exe
 0002:00000024       __imp__RtlInitUnicodeString@8 00017684     ntoskrnl:ntoskrnl.exe
 0002:00000028       __imp__KeInitializeSpinLock@4 00017688     ntoskrnl:ntoskrnl.exe
 0002:0000002c       __imp__READ_REGISTER_ULONG@4 0001768c     ntoskrnl:ntoskrnl.exe
 0002:00000030       __imp__WRITE_REGISTER_ULONG@8 00017690     ntoskrnl:ntoskrnl.exe
 0002:00000034       __imp__READ_REGISTER_UCHAR@4 00017694     ntoskrnl:ntoskrnl.exe
 0002:00000038       __imp__WRITE_REGISTER_UCHAR@8 00017698     ntoskrnl:ntoskrnl.exe
 0002:0000003c       __imp__READ_REGISTER_USHORT@4 0001769c     ntoskrnl:ntoskrnl.exe
 0002:00000040       __imp__WRITE_REGISTER_USHORT@8 000176a0     ntoskrnl:ntoskrnl.exe
 0002:00000044       __imp__IoGetDmaAdapter@12  000176a4     ntoskrnl:ntoskrnl.exe
 0002:00000048       __imp__MmMapIoSpace@16     000176a8     ntoskrnl:ntoskrnl.exe
 0002:0000004c       __imp_@IofCallDriver@8     000176ac     ntoskrnl:ntoskrnl.exe
 0002:00000050       __imp__IoBuildSynchronousFsdRequest@28 000176b0     ntoskrnl:ntoskrnl.exe
 0002:00000054       __imp__IoGetAttachedDeviceReference@4 000176b4     ntoskrnl:ntoskrnl.exe
 0002:00000058       __imp_@InterlockedIncrement@4 000176b8     ntoskrnl:ntoskrnl.exe
 0002:0000005c       __imp_@InterlockedDecrement@4 000176bc     ntoskrnl:ntoskrnl.exe
 0002:00000060       __imp__RtlAssert@16        000176c0     ntoskrnl:ntoskrnl.exe
 0002:00000064       __imp__KeReleaseMutex@8    000176c4     ntoskrnl:ntoskrnl.exe
 0002:00000068       __imp___alldiv             000176c8     ntoskrnl:ntoskrnl.exe
 0002:0000006c       __imp___allmul             000176cc     ntoskrnl:ntoskrnl.exe
 0002:00000070       __imp__ExAllocatePoolWithTag@12 000176d0     ntoskrnl:ntoskrnl.exe
 0002:00000074       __imp__ExFreePool@4        000176d4     ntoskrnl:ntoskrnl.exe
 0002:00000078       __imp__DbgBreakPoint@0     000176d8     ntoskrnl:ntoskrnl.exe
 0002:0000007c       __imp__DbgPrint            000176dc     ntoskrnl:ntoskrnl.exe
 0002:00000080       __imp__KeWaitForSingleObject@20 000176e0     ntoskrnl:ntoskrnl.exe
 0002:00000084       __imp_@ObfDereferenceObject@4 000176e4     ntoskrnl:ntoskrnl.exe
 0002:00000088       __imp__KeInitializeMutex@8 000176e8     ntoskrnl:ntoskrnl.exe
 0002:0000008c       \177ntoskrnl_NULL_THUNK_DATA 000176ec     ntoskrnl:ntoskrnl.exe
 0002:00000090       __imp__PcRegisterAdapterPowerManagement@8 000176f0     portcls:portcls.sys
 0002:00000094       __imp__PcAddAdapterDevice@20 000176f4     portcls:portcls.sys
 0002:00000098       __imp__PcRegisterSubdevice@12 000176f8     portcls:portcls.sys
 0002:0000009c       __imp__PcNewMiniport@8     000176fc     portcls:portcls.sys
 0002:000000a0       __imp__PcNewPort@8         00017700     portcls:portcls.sys
 0002:000000a4       __imp__PcRegisterPhysicalConnection@20 00017704     portcls:portcls.sys
 0002:000000a8       __imp__PcInitializeAdapterDriver@12 00017708     portcls:portcls.sys
 0002:000000ac       __imp__PcNewResourceSublist@20 0001770c     portcls:portcls.sys
 0002:000000b0       __imp__PcNewInterruptSync@20 00017710     portcls:portcls.sys
 0002:000000b4       __imp__PcNewRegistryKey@36 00017714     portcls:portcls.sys
 0002:000000b8       __imp__PcNewServiceGroup@8 00017718     portcls:portcls.sys
 0002:000000bc       \177portcls_NULL_THUNK_DATA 0001771c     portcls:portcls.sys
 0002:00000130       _IID_IAdapterCommon        00017790     adapter.obj
 0002:00000140       _CLSID_MiniportDriverFmSynth 000177a0     adapter.obj
 0002:00000150       _CLSID_PortWaveCyclic      000177b0     adapter.obj
 0002:00000160       _CLSID_PortTopology        000177c0     adapter.obj
 0002:00000170       _CLSID_PortMidi            000177d0     adapter.obj
 0002:00000180       _IID_IAdapterPowerManagment 000177e0     adapter.obj
 0002:00000190       _IID_IMiniportWaveCyclicStream 000177f0     adapter.obj
 0002:000001a0       _IID_IMiniportWaveCyclic   00017800     adapter.obj
 0002:000001b0       _IID_IPortWaveCyclic       00017810     adapter.obj
 0002:000001c0       _IID_IMiniportTopology     00017820     adapter.obj
 0002:000001d0       _IID_IDmaChannel           00017830     adapter.obj
 0002:000001e0       _IID_IMiniport             00017840     adapter.obj
 0002:000001f0       _IID_IUnknown              00017850     adapter.obj
 0002:00000200       ??_C@_1BE@FFBG@?$AAU?$AAs?$AAe?$AAD?$AAm?$AAa?$AAP?$AAo?$AAs?$AA?$AA@ 00017860     common.obj
 0002:00000214       ??_C@_1CA@DADJ@?$AAU?$AAs?$AAe?$AAD?$AAi?$AAs?$AAa?$AAb?$AAl?$AAe?$AAd?$AAP?$AAi?$AAn?$AAs?$AA?$AA@ 00017874     common.obj
 0002:00000234       ??_C@_1BC@MBIB@?$AAU?$AAs?$AAe?$AAS?$AAP?$AAD?$AAI?$AAF?$AA?$AA@ 00017894     common.obj
 0002:00000248       ??_C@_1BE@ONOC@?$AAU?$AAs?$AAe?$AAA?$AAl?$AAt?$AAO?$AAu?$AAt?$AA?$AA@ 000178a8     common.obj
 0002:0000025c       ??_C@_1BO@LMMA@?$AAS?$AAk?$AAi?$AAp?$AAC?$AAo?$AAd?$AAe?$AAc?$AAR?$AAe?$AAs?$AAe?$AAt?$AA?$AA@ 000178bc     common.obj
 0002:0000027c       ??_C@_1CI@JKGI@?$AAS?$AAk?$AAi?$AAp?$AAC?$AAo?$AAn?$AAt?$AAr?$AAo?$AAl?$AAl?$AAe?$AAr?$AAR?$AAe?$AAs?$AAe?$AAt?$AA?$AA@ 000178dc     common.obj
 0002:000002a4       ??_C@_1BE@ENEK@?$AAR?$AAi?$AAg?$AAh?$AAt?$AAB?$AAa?$AAs?$AAs?$AA?$AA@ 00017904     common.obj
 0002:000002b8       ??_C@_1BC@JMJO@?$AAL?$AAe?$AAf?$AAt?$AAB?$AAa?$AAs?$AAs?$AA?$AA@ 00017918     common.obj
 0002:000002cc       ??_C@_1BI@KGAJ@?$AAR?$AAi?$AAg?$AAh?$AAt?$AAT?$AAr?$AAe?$AAb?$AAl?$AAe?$AA?$AA@ 0001792c     common.obj
 0002:000002e4       ??_C@_1BG@BGGD@?$AAL?$AAe?$AAf?$AAt?$AAT?$AAr?$AAe?$AAb?$AAl?$AAe?$AA?$AA@ 00017944     common.obj
 0002:000002fc       ??_C@_1O@IECC@?$AAM?$AAi?$AAc?$AAA?$AAG?$AAC?$AA?$AA@ 0001795c     common.obj
 0002:0000030c       ??_C@_1CA@EJHI@?$AAR?$AAi?$AAg?$AAh?$AAt?$AAO?$AAu?$AAt?$AAp?$AAu?$AAt?$AAG?$AAa?$AAi?$AAn?$AA?$AA@ 0001796c     common.obj
 0002:0000032c       ??_C@_1BO@PPLI@?$AAL?$AAe?$AAf?$AAt?$AAO?$AAu?$AAt?$AAp?$AAu?$AAt?$AAG?$AAa?$AAi?$AAn?$AA?$AA@ 0001798c     common.obj
 0002:0000034c       ??_C@_1BO@PMCJ@?$AAR?$AAi?$AAg?$AAh?$AAt?$AAI?$AAn?$AAp?$AAu?$AAt?$AAG?$AAa?$AAi?$AAn?$AA?$AA@ 000179ac     common.obj
 0002:0000036c       ??_C@_1BM@CFEM@?$AAL?$AAe?$AAf?$AAt?$AAI?$AAn?$AAp?$AAu?$AAt?$AAG?$AAa?$AAi?$AAn?$AA?$AA@ 000179cc     common.obj
 0002:00000388       ??_C@_1CA@CIKM@?$AAR?$AAi?$AAg?$AAh?$AAt?$AAI?$AAn?$AAp?$AAu?$AAt?$AAM?$AAi?$AAx?$AAe?$AAr?$AA?$AA@ 000179e8     common.obj
 0002:000003a8       ??_C@_1BO@JOGM@?$AAL?$AAe?$AAf?$AAt?$AAI?$AAn?$AAp?$AAu?$AAt?$AAM?$AAi?$AAx?$AAe?$AAr?$AA?$AA@ 00017a08     common.obj
 0002:000003c8       ??_C@_1BI@BMOJ@?$AAO?$AAu?$AAt?$AAp?$AAu?$AAt?$AAM?$AAi?$AAx?$AAe?$AAr?$AA?$AA@ 00017a28     common.obj
 0002:000003e0       ??_C@_1BE@GLOL@?$AAP?$AAc?$AAS?$AAp?$AAk?$AAr?$AAV?$AAo?$AAl?$AA?$AA@ 00017a40     common.obj
 0002:000003f4       ??_C@_1O@MNBB@?$AAM?$AAi?$AAc?$AAV?$AAo?$AAl?$AA?$AA@ 00017a54     common.obj
 0002:00000404       ??_C@_1BO@HCKE@?$AAR?$AAi?$AAg?$AAh?$AAt?$AAL?$AAi?$AAn?$AAe?$AAI?$AAn?$AAV?$AAo?$AAl?$AA?$AA@ 00017a64     common.obj
 0002:00000424       ??_C@_1BM@KLMB@?$AAL?$AAe?$AAf?$AAt?$AAL?$AAi?$AAn?$AAe?$AAI?$AAn?$AAV?$AAo?$AAl?$AA?$AA@ 00017a84     common.obj
 0002:00000440       ??_C@_1BG@COJL@?$AAR?$AAi?$AAg?$AAh?$AAt?$AAC?$AAD?$AAV?$AAo?$AAl?$AA?$AA@ 00017aa0     common.obj
 0002:00000458       ??_C@_1BE@KMKA@?$AAL?$AAe?$AAf?$AAt?$AAC?$AAD?$AAV?$AAo?$AAl?$AA?$AA@ 00017ab8     common.obj
 0002:0000046c       ??_C@_1BK@JCIM@?$AAR?$AAi?$AAg?$AAh?$AAt?$AAM?$AAi?$AAd?$AAi?$AAV?$AAo?$AAl?$AA?$AA@ 00017acc     common.obj
 0002:00000488       ??_C@_1BI@KBIJ@?$AAL?$AAe?$AAf?$AAt?$AAM?$AAi?$AAd?$AAi?$AAV?$AAo?$AAl?$AA?$AA@ 00017ae8     common.obj
 0002:000004a0       ??_C@_1BK@MFCG@?$AAR?$AAi?$AAg?$AAh?$AAt?$AAW?$AAa?$AAv?$AAe?$AAV?$AAo?$AAl?$AA?$AA@ 00017b00     common.obj
 0002:000004bc       ??_C@_1BI@PGCD@?$AAL?$AAe?$AAf?$AAt?$AAW?$AAa?$AAv?$AAe?$AAV?$AAo?$AAl?$AA?$AA@ 00017b1c     common.obj
 0002:000004d4       ??_C@_1BO@NHA@?$AAR?$AAi?$AAg?$AAh?$AAt?$AAM?$AAa?$AAs?$AAt?$AAe?$AAr?$AAV?$AAo?$AAl?$AA?$AA@ 00017b34     common.obj
 0002:000004f4       ??_C@_1BM@NEBF@?$AAL?$AAe?$AAf?$AAt?$AAM?$AAa?$AAs?$AAt?$AAe?$AAr?$AAV?$AAo?$AAl?$AA?$AA@ 00017b54     common.obj
 0002:00000510       ??_7CAdapterCommon@@6BCUnknown@@@ 00017b70     common.obj
 0002:00000520       ??_7CAdapterCommon@@6BIAdapterPowerManagement@@@ 00017b80     common.obj
 0002:00000538       ??_7CAdapterCommon@@6BIAdapterCommon@@@ 00017b98     common.obj
 0002:00000668       ??_7CMiniportTopologyHDA@@6BCUnknown@@@ 00017cc8     mintopo.obj
 0002:00000678       ??_7CMiniportTopologyHDA@@6BIMiniportTopology@@@ 00017cd8     mintopo.obj
 0002:00000690       ??_7CMiniportWaveCyclicHDA@@6BCUnknown@@@ 00017cf0     minwave.obj
 0002:000006a0       ??_7CMiniportWaveCyclicHDA@@6BIMiniportWaveCyclic@@@ 00017d00     minwave.obj
 0002:000006bc       ??_C@_09BAJA@SSE2?5?$CFd?5?6?$AA@ 00017d1c     minwave.obj
 0002:000006c8       ??_7CMyDmaChannel@@6B@     00017d28     minwave.obj
 0002:00000704       ??_C@_0DG@LDEH@Aligned?5DMA?5view?5invalid?5?$CIoff?$DN?$CFl@ 00017d64     minwave.obj
 0002:0000073c       ??_7CMiniportWaveCyclicStreamHDA@@6BCUnknown@@@ 00017d9c     minwave.obj
 0002:0000074c       ??_7CMiniportWaveCyclicStreamHDA@@6BIMiniportWaveCyclicStream@@@ 00017dac     minwave.obj
 0002:00000770       ??_7CUnknown@@6B@          00017dd0     stdunk:stdunk.obj
 0002:00000780       ??_C@_0BB@CHNF@m_lRefCount?5?$DO?$DN?50?$AA@ 00017de0     stdunk:stdunk.obj
 0002:00000794       ??_C@_0N@DIKJ@?4?2stdunk?4cpp?$AA@ 00017df4     stdunk:stdunk.obj
 0002:000007a4       ??_C@_0BA@HPDB@m_lRefCount?5?$DO?50?$AA@ 00017e04     stdunk:stdunk.obj
 0002:000007b4       ??_C@_06DPDC@ppVoid?$AA@   00017e14     stdunk:stdunk.obj
 0003:00000000       ?ulDebugOut@@3KA           00017e20     adapter.obj
 0003:00000008       __GUID_b7902fe9_fb0a_11d1_81b0_0060083316c1 00017e28     adapter.obj
 0003:00000018       __GUID_d3f0ce1c_fffc_11d1_81b0_0060083316c1 00017e38     adapter.obj
 0003:00000028       __GUID_c096df9c_fb09_11d1_81b0_0060083316c1 00017e48     adapter.obj
 0003:00000140       ?audBufSize@@3KA           00017f60     common.obj
 0003:00000144       ?BdlSize@@3KA              00017f64     common.obj
 0003:00000840       __GUID_185fedf6_9905_11d1_95a9_00c04fb925d3 00018660     mintopo.obj
 0003:00000850       __GUID_185fedef_9905_11d1_95a9_00c04fb925d3 00018670     mintopo.obj
 0003:00000860       __GUID_185fede1_9905_11d1_95a9_00c04fb925d3 00018680     mintopo.obj
 0003:00000870       __GUID_185fede0_9905_11d1_95a9_00c04fb925d3 00018690     mintopo.obj
 0003:00000880       __GUID_7607e580_c557_11d0_8a2b_00a0c9255ac1 000186a0     mintopo.obj
 0003:00000890       __GUID_185fede3_9905_11d1_95a9_00c04fb925d3 000186b0     mintopo.obj
 0003:000008a0       __GUID_da441a60_c556_11d0_8a2b_00a0c9255ac1 000186c0     mintopo.obj
 0003:000008b0       __GUID_185fedee_9905_11d1_95a9_00c04fb925d3 000186d0     mintopo.obj
 0003:000008c0       __GUID_02b223c0_c557_11d0_8a2b_00a0c9255ac1 000186e0     mintopo.obj
 0003:000008d0       __GUID_185feded_9905_11d1_95a9_00c04fb925d3 000186f0     mintopo.obj
 0003:000008e0       __GUID_e88c9ba0_c557_11d0_8a2b_00a0c9255ac1 00018700     mintopo.obj
 0003:000008f0       __GUID_185fedec_9905_11d1_95a9_00c04fb925d3 00018710     mintopo.obj
 0003:00000900       __GUID_185fedeb_9905_11d1_95a9_00c04fb925d3 00018720     mintopo.obj
 0003:00000910       __GUID_185fedea_9905_11d1_95a9_00c04fb925d3 00018730     mintopo.obj
 0003:00000920       __GUID_185fede9_9905_11d1_95a9_00c04fb925d3 00018740     mintopo.obj
 0003:00000930       __GUID_185fede8_9905_11d1_95a9_00c04fb925d3 00018750     mintopo.obj
 0003:00000940       __GUID_e573adc0_c555_11d0_8a2b_00a0c9255ac1 00018760     mintopo.obj
 0003:00000950       __GUID_185fede7_9905_11d1_95a9_00c04fb925d3 00018770     mintopo.obj
 0003:00000960       __GUID_185fede5_9905_11d1_95a9_00c04fb925d3 00018780     mintopo.obj
 0003:00000970       __GUID_3a5acc00_c557_11d0_8a2b_00a0c9255ac1 00018790     mintopo.obj
 0003:00000980       __GUID_45ffaaa0_6e1b_11d0_bcf2_444553540000 000187a0     mintopo.obj
 0003:00000990       __GUID_6994ad04_93ef_11d0_a3cc_00a0c9223196 000187b0     mintopo.obj
 0003:000009a0       __GUID_185fedf7_9905_11d1_95a9_00c04fb925d3 000187c0     mintopo.obj
 0003:000009b0       __GUID_dff21ce1_f70f_11d0_b917_00a0c9223196 000187d0     mintopo.obj
 0003:000009c0       __GUID_dff21be1_f70f_11d0_b917_00a0c9223196 000187e0     mintopo.obj
 0003:000009d0       __GUID_185fedf9_9905_11d1_95a9_00c04fb925d3 000187f0     mintopo.obj
 0003:000009e0       __GUID_dff21fe3_f70f_11d0_b917_00a0c9223196 00018800     mintopo.obj
 0003:000009f0       __GUID_185fedfb_9905_11d1_95a9_00c04fb925d3 00018810     mintopo.obj
 0003:00000a00       __GUID_dff220e3_f70f_11d0_b917_00a0c9223196 00018820     mintopo.obj
 0003:00000a10       __GUID_185fedf8_9905_11d1_95a9_00c04fb925d3 00018830     mintopo.obj
 0003:00000a20       __GUID_dff220f3_f70f_11d0_b917_00a0c9223196 00018840     mintopo.obj
 0003:00000a30       __GUID_dff21fe4_f70f_11d0_b917_00a0c9223196 00018850     mintopo.obj
 0003:00000a40       __GUID_97e99ba0_bdea_11cf_a5d6_28db04c10000 00018860     mintopo.obj
 0003:00000c88       __GUID_507ae360_c554_11d0_8a2b_00a0c9255ac1 00018aa8     minwave.obj
 0003:00000c98       __GUID_4d837fe0_c555_11d0_8a2b_00a0c9255ac1 00018ab8     minwave.obj
 0003:00000ca8       __GUID_185fedfa_9905_11d1_95a9_00c04fb925d3 00018ac8     minwave.obj
 0003:00000cb8       __GUID_fb6c4281_0353_11d1_905f_0000c0cc16ba 00018ad8     minwave.obj
 0003:00000cc8       __GUID_05589f81_c356_11ce_bf01_00aa0055595a 00018ae8     minwave.obj
 0003:00000cd8       __GUID_00000001_0000_0010_8000_00aa00389b71 00018af8     minwave.obj
 0003:00000ce8       __GUID_73647561_0000_0010_8000_00aa00389b71 00018b08     minwave.obj
 0003:00000cf8       __GUID_518590a2_a184_11d0_8522_00c04fd9baf3 00018b18     minwave.obj
 0003:00000d08       __GUID_0f6417d6_c318_11d0_a43f_00a0c9223196 00018b28     minwave.obj
 0003:00000d18       ?PDO@@3PAU_DEVICE_OBJECT@@A 00018b38     adapter.obj
 0003:00000d20       __GUID_00000000_0000_0000_0000_000000000000 00018b40     adapter.obj
 0004:000000ae       _AddDevice@8               00018c0e f   adapter.obj
 0004:0000036a       ?InstallSubdevice@@YGJPAU_DEVICE_OBJECT@@PAU_IRP@@PAGABU_GUID@@3P6GJPAPAUIUnknown@@3PAU4@W4_POOL_TYPE@@@Z5PAUIResourceList@@344@Z 00018eca f   adapter.obj
 0004:0000076e       ?StartDevice@@YGJPAU_DEVICE_OBJECT@@PAU_IRP@@PAUIResourceList@@@Z 000192ce f   adapter.obj
 0004:00000f6e       ?AssignResources@@YGJPAUIResourceList@@PAPAU1@11111@Z 00019ace f   adapter.obj
 0004:000014d8       ?NewAdapterCommon@@YGJPAPAUIUnknown@@ABU_GUID@@PAU1@W4_POOL_TYPE@@@Z 0001a038 f   common.obj
 0004:00002151       ?Init@CAdapterCommon@@UAGJPAUIResourceList@@PAU_DEVICE_OBJECT@@1@Z 0001acb1 f   common.obj
 0004:00003ae2       ??1CAdapterCommon@@UAE@XZ  0001c642 f   common.obj
 0004:00003f00       ??_GHDA_Codec@@QAEPAXI@Z   0001ca60 f i common.obj
 0004:00003f87       ?NonDelegatingQueryInterface@CAdapterCommon@@UAGJABU_GUID@@PAPAX@Z 0001cae7 f   common.obj
 0004:000040de       ?WavePortDriverDest@CAdapterCommon@@UAGPAPAUIUnknown@@XZ 0001cc3e f   common.obj
 0004:0000417e       ?GetInterruptSync@CAdapterCommon@@UAGPAUIInterruptSync@@XZ 0001ccde f   common.obj
 0004:0000421e       ?GetDeviceDescription@CAdapterCommon@@UAGPAU_DEVICE_DESCRIPTION@@XZ 0001cd7e f   common.obj
 0004:000042be       ?MidiPortDriverDest@CAdapterCommon@@UAGPAPAUIUnknown@@XZ 0001ce1e f   common.obj
 0004:0000435e       ?SetWaveServiceGroup@CAdapterCommon@@UAGXPAUIServiceGroup@@@Z 0001cebe f   common.obj
 0004:00004b52       ?InitHDAController@CAdapterCommon@@QAGJXZ 0001d6b2 f   common.obj
 0004:00005d5e       ?TryInitializeCodecSlot@CAdapterCommon@@AAGJEPBD@Z 0001e8be f   common.obj
 0004:00005fa2       ?ReadRegistryBoolean@CAdapterCommon@@AAGEPBGE@Z 0001eb02 f   common.obj
 0004:00006188       ?CreateMiniportTopologyHDA@@YGJPAPAUIUnknown@@ABU_GUID@@PAU1@W4_POOL_TYPE@@@Z 0001ece8 f   mintopo.obj
 0004:000062fa       ?ProcessResources@CMiniportTopologyHDA@@AAEJPAUIResourceList@@@Z 0001ee5a f   mintopo.obj
 0004:0000648a       ?NonDelegatingQueryInterface@CMiniportTopologyHDA@@UAGJABU_GUID@@PAPAX@Z 0001efea f   mintopo.obj
 0004:0000663e       ??1CMiniportTopologyHDA@@UAE@XZ 0001f19e f   mintopo.obj
 0004:00006816       ?Init@CMiniportTopologyHDA@@UAGJPAUIUnknown@@PAUIResourceList@@PAUIPortTopology@@@Z 0001f376 f   mintopo.obj
 0004:00006a2a       ?GetDescription@CMiniportTopologyHDA@@UAGJPAPAUPCFILTER_DESCRIPTOR@@@Z 0001f58a f   mintopo.obj
 0004:00008208       ?CreateMiniportWaveCyclicHDA@@YGJPAPAUIUnknown@@ABU_GUID@@PAU1@W4_POOL_TYPE@@@Z 00020d68 f   minwave.obj
 0004:000084c6       ?ProcessResources@CMiniportWaveCyclicHDA@@AAEJPAUIResourceList@@@Z 00021026 f   minwave.obj
 0004:00008982       ?ValidateFormat@CMiniportWaveCyclicHDA@@AAEJPATKSDATAFORMAT@@@Z 000214e2 f   minwave.obj
 0004:00008bbe       ?NonDelegatingQueryInterface@CMiniportWaveCyclicHDA@@UAGJABU_GUID@@PAPAX@Z 0002171e f   minwave.obj
 0004:00008d72       ??1CMiniportWaveCyclicHDA@@UAE@XZ 000218d2 f   minwave.obj
 0004:00008f76       ?Init@CMiniportWaveCyclicHDA@@UAGJPAUIUnknown@@PAUIResourceList@@PAUIPortWaveCyclic@@@Z 00021ad6 f   minwave.obj
 0004:0000920e       ?GetDescription@CMiniportWaveCyclicHDA@@UAGJPAPAUPCFILTER_DESCRIPTOR@@@Z 00021d6e f   minwave.obj
 0004:000093fa       ?DataRangeIntersection@CMiniportWaveCyclicHDA@@UAGJKPATKSDATAFORMAT@@0KPAXPAK@Z 00021f5a f   minwave.obj
 0004:000099fa       ?NewStream@CMiniportWaveCyclicHDA@@UAGJPAPAUIMiniportWaveCyclicStream@@PAUIUnknown@@W4_POOL_TYPE@@KEPATKSDATAFORMAT@@PAPAUIDmaChannel@@PAPAUIServiceGroup@@@Z 0002255a f   minwave.obj
 0004:00009d92       ?NonDelegatingQueryInterface@CMiniportWaveCyclicStreamHDA@@UAGJABU_GUID@@PAPAX@Z 000228f2 f   minwave.obj
 0004:00009f3e       ??1CMiniportWaveCyclicStreamHDA@@UAE@XZ 00022a9e f   minwave.obj
 0004:0000a1d0       ?Init@CMiniportWaveCyclicStreamHDA@@QAEJPAVCMiniportWaveCyclicHDA@@KEPATKSDATAFORMAT@@PAUIDmaChannel@@@Z 00022d30 f   minwave.obj
 0004:0000a472       ?SetNotificationFreq@CMiniportWaveCyclicStreamHDA@@UAGKKPAK@Z 00022fd2 f   minwave.obj
 0004:0000a606       ?SetFormat@CMiniportWaveCyclicStreamHDA@@UAGJPATKSDATAFORMAT@@@Z 00023166 f   minwave.obj
 0004:0000a84e       ?SetState@CMiniportWaveCyclicStreamHDA@@UAGJW4KSSTATE@@@Z 000233ae f   minwave.obj
 0005:0000003e       _DriverEntry@8             000234fe f   adapter.obj
 0005:000000ac       __IMPORT_DESCRIPTOR_ntoskrnl 0002356c     ntoskrnl:ntoskrnl.exe
 0005:000000c0       __IMPORT_DESCRIPTOR_HAL    00023580     hal:HAL.dll
 0005:000000d4       __IMPORT_DESCRIPTOR_portcls 00023594     portcls:portcls.sys
 0005:000000e8       __NULL_IMPORT_DESCRIPTOR   000235a8     ntoskrnl:ntoskrnl.exe

 entry point at        0005:0000003e

 Static symbols

 0004:00006b7e       ?PropertyHandler_OnOff@@YGJPAU_PCPROPERTY_REQUEST@@@Z 0001f6de f   mintopo.obj
 0004:00006f96       ?PropertyHandler_SuperMixCaps@@YGJPAU_PCPROPERTY_REQUEST@@@Z 0001faf6 f   mintopo.obj
 0004:000075a6       ?PropertyHandler_SuperMixTable@@YGJPAU_PCPROPERTY_REQUEST@@@Z 00020106 f   mintopo.obj
 0004:00007cd6       ?PropertyHandler_CpuResources@@YGJPAU_PCPROPERTY_REQUEST@@@Z 00020836 f   mintopo.obj
 0001:0000607e       ?PropertyHandler_Level@@YGJPAU_PCPROPERTY_REQUEST@@@Z 0001635e f   mintopo.obj
 0004:00007f36       ?BasicSupportHandler@@YGJPAU_PCPROPERTY_REQUEST@@@Z 00020a96 f   mintopo.obj
 0001:00000190       ?AllocateAlignedCommonBuffer@@YGJPAU_DMA_ADAPTER@@KKPAU_HDA_DMA_COMMON_BUFFER@@@Z 00010470 f   common.obj
 0001:00000310       ?ResetCommonBufferDescriptor@@YGXPAU_HDA_DMA_COMMON_BUFFER@@@Z 000105f0 f   common.obj
 0001:00000330       ?FreeAlignedCommonBuffer@@YGXPAU_DMA_ADAPTER@@PAU_HDA_DMA_COMMON_BUFFER@@@Z 00010610 f   common.obj

 712 bytes saved through ICF

