 HDA

 Timestamp is 6a301211 (Mon Jun 15 07:54:09 2026)

 Preferred load address is 00010000

 Start         Length     Name                   Class
 0001:00000000 00007847H .text                   CODE
 0002:00000000 000000e8H .idata$5                DATA
 0002:000000e8 00000703H .rdata                  DATA
 0003:00000000 00000d18H .data                   DATA
 0003:00000d18 0000001eH .bss                    DATA
 0004:00000000 0000a94dH PAGE                    CODE
 0005:00000000 000000a9H INIT                    CODE
 0005:000000ac 0000003cH .idata$2                CODE
 0005:000000e8 00000014H .idata$3                CODE
 0005:000000fc 000000e8H .idata$4                CODE
 0005:000001e4 0000049eH .idata$6                CODE
 0006:00000000 00000058H .rsrc$01                DATA
 0006:00000060 000003d0H .rsrc$02                DATA

  Address         Publics by Value              Rva+Base     Lib:Object

 0001:00000000       ??3@YAXPAX@Z               000102e0 f i common.obj
 0001:00000010       ??2@YGPAXIW4_POOL_TYPE@@K@Z 000102f0 f i common.obj
 0001:00000050       ??0CAdapterCommon@@QAE@PAUIUnknown@@@Z 00010330 f i common.obj
 0001:000000a0       ?QueryInterface@CAdapterCommon@@UAGJABU_GUID@@PAPAX@Z 00010380 f i common.obj
 0001:000000d0       ?GetOuterUnknown@CUnknown@@QAEPAUIUnknown@@XZ 000103b0 f i common.obj
 0001:000000f0       ?AddRef@CAdapterCommon@@UAGKXZ 000103d0 f i common.obj
 0001:00000120       ?Release@CAdapterCommon@@UAGKXZ 00010400 f i common.obj
 0001:00000150       ??_ECAdapterCommon@@UAEPAXI@Z 00010430 f i common.obj
 0001:00000150       ??_GCAdapterCommon@@UAEPAXI@Z 00010430 f i common.obj
 0001:00000190       ??0IMiniport@@QAE@XZ       00010470 f i common.obj
 0001:00000190       ??0IAdapterCommon@@QAE@XZ  00010470 f i common.obj
 0001:00000190       ??0IDmaChannel@@QAE@XZ     00010470 f i common.obj
 0001:00000190       ??0IAdapterPowerManagement@@QAE@XZ 00010470 f i common.obj
 0001:00000190       ??0IMiniportWaveCyclicStream@@QAE@XZ 00010470 f i common.obj
 0001:000001b0       ??0IUnknown@@QAE@XZ        00010490 f i common.obj
 0001:000001b0       ??0INonDelegatingUnknown@@QAE@XZ 00010490 f i common.obj
 0001:000003b0       _IsEqualGUIDAligned@8      00010690 f i common.obj
 0001:00000430       ??2@YGPAXIW4_POOL_TYPE@@@Z 00010710 f i common.obj
 0001:00000480       ?hda_check_headphone_connection_change@CAdapterCommon@@QAGXXZ 00010760 f   common.obj
 0001:000004e0       ?hda_is_supported_sample_rate@CAdapterCommon@@UAGEK@Z 000107c0 f   common.obj
 0001:00000626       ?hda_send_verb@CAdapterCommon@@UAGKKKKK@Z 00010906 f   common.obj
 0001:000009e2       ?ReadController@CAdapterCommon@@UAGEXZ 00010cc2 f   common.obj
 0001:00000a86       ?WriteController@CAdapterCommon@@UAGEE@Z 00010d66 f   common.obj
 0001:00000b92       ?MixerRegWrite@CAdapterCommon@@UAGXEE@Z 00010e72 f   common.obj
 0001:00000d5a       ?MixerRegRead@CAdapterCommon@@UAGEE@Z 0001103a f   common.obj
 0001:00000e3e       ?MixerReset@CAdapterCommon@@UAGXXZ 0001111e f   common.obj
 0001:00000ede       ?AcknowledgeIRQ@CAdapterCommon@@AAE?AW4_HDA_INTERRUPT_TYPE@@XZ 000111be f   common.obj
 0001:00001182       ?ResetController@CAdapterCommon@@UAGJXZ 00011462 f   common.obj
 0001:00001236       ?RestoreMixerSettingsFromRegistry@CAdapterCommon@@UAGJXZ 00011516 f   common.obj
 0001:000014e2       ?SaveMixerSettingsToRegistry@CAdapterCommon@@UAGJXZ 000117c2 f   common.obj
 0001:0000173e       ?ProgramSampleRate@CAdapterCommon@@UAGJK@Z 00011a1e f   common.obj
 0001:0000193a       ?PowerChangeState@CAdapterCommon@@UAGXT_POWER_STATE@@@Z 00011c1a f   common.obj
 0001:00001b26       ?QueryPowerChangeState@CAdapterCommon@@UAGJT_POWER_STATE@@@Z 00011e06 f   common.obj
 0001:00001baa       ?QueryDeviceCapabilities@CAdapterCommon@@UAGJPAU_DEVICE_CAPABILITIES@@@Z 00011e8a f   common.obj
 0001:00001c5a       ?InterruptServiceRoutine@@YGJPAUIInterruptSync@@PAX@Z 00011f3a f   common.obj
 0001:00001de6       ?hda_stop_stream@CAdapterCommon@@UAGJXZ 000120c6 f   common.obj
 0001:000020ca       ?hda_start_sound@CAdapterCommon@@UAGXXZ 000123aa f   common.obj
 0001:0000223a       ?hda_stop_sound@CAdapterCommon@@UAGXXZ 0001251a f   common.obj
 0001:000023d6       ?hda_get_actual_stream_position@CAdapterCommon@@UAGKXZ 000126b6 f   common.obj
 0001:000024e0       ?hda_set_volume@CAdapterCommon@@QAGXKE@Z 000127c0 f   common.obj
 0001:00002540       ?readUCHAR@CAdapterCommon@@QAGEG@Z 00012820 f   common.obj
 0001:00002560       ?writeUCHAR@CAdapterCommon@@QAGXGE@Z 00012840 f   common.obj
 0001:00002590       ?readUSHORT@CAdapterCommon@@QAGGG@Z 00012870 f   common.obj
 0001:000025b0       ?writeUSHORT@CAdapterCommon@@QAGXGG@Z 00012890 f   common.obj
 0001:000025e0       ?readULONG@CAdapterCommon@@QAGKG@Z 000128c0 f   common.obj
 0001:00002600       ?writeULONG@CAdapterCommon@@QAGXGK@Z 000128e0 f   common.obj
 0001:0000279a       ?hda_setup_stream_descriptor@CAdapterCommon@@UAGJPAUIDmaChannel@@@Z 00012a7a f   common.obj
 0001:00002be0       ?ReadWriteConfigSpace@CAdapterCommon@@AAGJPAU_DEVICE_OBJECT@@KPAXKK@Z 00012ec0 f   common.obj
 0001:00002d0b       ?WriteConfigSpaceByte@CAdapterCommon@@AAGJEEE@Z 00012feb f   common.obj
 0001:00002e0b       ?WriteConfigSpaceWord@CAdapterCommon@@AAGJEGG@Z 000130eb f   common.obj
 0001:00002ed0       ?CacheLineFlush@CAdapterCommon@@UAGXPAXK@Z 000131b0 f   common.obj
 0001:00002f30       ?JackPollDpcRoutine@CAdapterCommon@@CGXPAU_KDPC@@PAX11@Z 00013210 f   common.obj
 0001:00002fa0       ?JackPollWorker@CAdapterCommon@@CGXPAX@Z 00013280 f   common.obj
 0001:0000300a       ?StartJackPolling@CAdapterCommon@@AAGJXZ 000132ea f   common.obj
 0001:00003133       ?StopJackPolling@CAdapterCommon@@AAGXXZ 00013413 f   common.obj
 0001:000031e0       ?QueryInterface@CAdapterCommon@@W3AGJABU_GUID@@PAPAX@Z 000134c0 f i common.obj
 0001:000031f0       ?AddRef@CAdapterCommon@@W3AGKXZ 000134d0 f i common.obj
 0001:00003200       ?Release@CAdapterCommon@@W3AGKXZ 000134e0 f i common.obj
 0001:00003210       ??0HDA_Codec@@QAE@EEEPAUIAdapterCommon@@@Z 000134f0 f   codec.obj
 0001:000032b0       ??1HDA_Codec@@QAE@XZ       00013590 f   codec.obj
 0001:000033e6       ?InitializeCodec@HDA_Codec@@QAGJXZ 000136c6 f   codec.obj
 0001:00003c13       ?hda_initialize_audio_function_group@HDA_Codec@@QAGJK@Z 00013ef3 f   codec.obj
 0001:0000490a       ?hda_get_node_type@HDA_Codec@@QAGEK@Z 00014bea f   codec.obj
 0001:000049ba       ?hda_get_node_connection_entries@HDA_Codec@@QAGKKK@Z 00014c9a f   codec.obj
 0001:00004b8a       ?hda_initialize_output_pin@HDA_Codec@@QAGJKAAUHDA_NODE_PATH@@@Z 00014e6a f   codec.obj
 0001:00004f66       ?hda_initialize_audio_output@HDA_Codec@@QAGXKAAUHDA_NODE_PATH@@@Z 00015246 f   codec.obj
 0001:0000538a       ?hda_initialize_audio_mixer@HDA_Codec@@QAGXKAAUHDA_NODE_PATH@@@Z 0001566a f   codec.obj
 0001:000056de       ?hda_initialize_audio_selector@HDA_Codec@@QAGXKAAUHDA_NODE_PATH@@@Z 000159be f   codec.obj
 0001:00005b62       ?ProgramSampleRate@HDA_Codec@@QAGJK@Z 00015e42 f   codec.obj
 0001:00005f0d       ?hda_check_headphone_connection_change@HDA_Codec@@QAGXXZ 000161ed f   codec.obj
 0001:00005ff2       ?hda_is_supported_sample_rate@HDA_Codec@@QAGEK@Z 000162d2 f   codec.obj
 0001:00006110       ?hda_set_volume@HDA_Codec@@QAGXKE@Z 000163f0 f   codec.obj
 0001:00006170       ?hda_set_node_gain@HDA_Codec@@QAGXKKKKE@Z 00016450 f   codec.obj
 0001:00006210       ?hda_send_verb@HDA_Codec@@QAGKKKK@Z 000164f0 f   codec.obj
 0001:00006240       ?hda_enable_pin_output@HDA_Codec@@QAGXK@Z 00016520 f   codec.obj
 0001:00006270       ?hda_disable_pin_output@HDA_Codec@@QAGXK@Z 00016550 f   codec.obj
 0001:000062a0       ?hda_is_headphone_connected@HDA_Codec@@QAGEXZ 00016580 f   codec.obj
 0001:000062e0       ?hda_return_sound_data_format@CAdapterCommon@@QAGGKKK@Z 000165c0 f   codec.obj
 0001:000062e0       ?hda_return_sound_data_format@HDA_Codec@@QAGGKKK@Z 000165c0 f   codec.obj
 0001:00006450       ??0CMiniportTopologyHDA@@QAE@PAUIUnknown@@@Z 00016730 f i mintopo.obj
 0001:00006490       ?DataRangeIntersection@CMiniportTopologyHDA@@UAGJKPATKSDATAFORMAT@@0KPAXPAK@Z 00016770 f i mintopo.obj
 0001:000064a0       ??_GCMiniportTopologyHDA@@UAEPAXI@Z 00016780 f i mintopo.obj
 0001:000064a0       ??_ECMiniportTopologyHDA@@UAEPAXI@Z 00016780 f i mintopo.obj
 0001:000064e0       ??0IMiniportTopology@@QAE@XZ 000167c0 f i mintopo.obj
 0001:000064e0       ??0IMiniportWaveCyclic@@QAE@XZ 000167c0 f i mintopo.obj
 0001:00006b80       ?ReadBitsFromMixer@CMiniportTopologyHDA@@AAEEEEE@Z 00016e60 f   mintopo.obj
 0001:00006bd0       ?ThisManyOnes@@YGEE@Z      00016eb0 f i mintopo.obj
 0001:00006bf0       ?WriteBitsToMixer@CMiniportTopologyHDA@@AAEXEEEE@Z 00016ed0 f   mintopo.obj
 0001:00006c90       ??0CMiniportWaveCyclicHDA@@QAE@PAUIUnknown@@@Z 00016f70 f i minwave.obj
 0001:00006cd0       ??_GCMiniportWaveCyclicHDA@@UAEPAXI@Z 00016fb0 f i minwave.obj
 0001:00006cd0       ??_ECMiniportWaveCyclicHDA@@UAEPAXI@Z 00016fb0 f i minwave.obj
 0001:00006d10       ??0CMyDmaChannel@@QAE@PAUIDmaChannel@@@Z 00016ff0 f i minwave.obj
 0001:00006dd0       ?QueryInterface@CMyDmaChannel@@UAGJABU_GUID@@PAPAX@Z 000170b0 f i minwave.obj
 0001:00006e30       _IsEqualGUID@8             00017110 f i minwave.obj
 0001:00006e60       ?AddRef@CMyDmaChannel@@UAGKXZ 00017140 f i minwave.obj
 0001:00006e80       ?Release@CMyDmaChannel@@UAGKXZ 00017160 f i minwave.obj
 0001:00006ed0       ?AllocateBuffer@CMyDmaChannel@@UAGJKPAT_LARGE_INTEGER@@@Z 000171b0 f i minwave.obj
 0001:00007070       ?FreeBuffer@CMyDmaChannel@@UAGXXZ 00017350 f i minwave.obj
 0001:000070c0       ?SystemAddress@CMyDmaChannel@@UAGPAXXZ 000173a0 f i minwave.obj
 0001:000070f0       ?CopyTo@CMyDmaChannel@@UAGXPAX0K@Z 000173d0 f i minwave.obj
 0001:00007170       ?CopyFrom@CMyDmaChannel@@UAGXPAX0K@Z 00017450 f i minwave.obj
 0001:000071a0       ?AllocatedBufferSize@CMyDmaChannel@@UAGKXZ 00017480 f i minwave.obj
 0001:000071d0       ?BufferSize@CMyDmaChannel@@UAGKXZ 000174b0 f i minwave.obj
 0001:00007200       ?SetBufferSize@CMyDmaChannel@@UAGXK@Z 000174e0 f i minwave.obj
 0001:00007230       ?PhysicalAddress@CMyDmaChannel@@UAG?AT_LARGE_INTEGER@@XZ 00017510 f i minwave.obj
 0001:00007290       ?MaximumBufferSize@CMyDmaChannel@@UAGKXZ 00017570 f i minwave.obj
 0001:000072c0       ?TransferCount@CMyDmaChannel@@UAGKXZ 000175a0 f i minwave.obj
 0001:000072e0       ?GetAdapterObject@CMyDmaChannel@@UAGPAU_DMA_ADAPTER@@XZ 000175c0 f i minwave.obj
 0001:00007300       ??0CMiniportWaveCyclicStreamHDA@@QAE@PAUIUnknown@@@Z 000175e0 f i minwave.obj
 0001:00007340       ?QueryInterface@CMiniportTopologyHDA@@UAGJABU_GUID@@PAPAX@Z 00017620 f i minwave.obj
 0001:00007340       ?QueryInterface@CMiniportWaveCyclicStreamHDA@@UAGJABU_GUID@@PAPAX@Z 00017620 f i minwave.obj
 0001:00007340       ?QueryInterface@CMiniportWaveCyclicHDA@@UAGJABU_GUID@@PAPAX@Z 00017620 f i minwave.obj
 0001:00007370       ?AddRef@CMiniportWaveCyclicHDA@@UAGKXZ 00017650 f i minwave.obj
 0001:00007370       ?AddRef@CMiniportWaveCyclicStreamHDA@@UAGKXZ 00017650 f i minwave.obj
 0001:00007370       ?AddRef@CMiniportTopologyHDA@@UAGKXZ 00017650 f i minwave.obj
 0001:000073a0       ?Release@CMiniportWaveCyclicStreamHDA@@UAGKXZ 00017680 f i minwave.obj
 0001:000073a0       ?Release@CMiniportWaveCyclicHDA@@UAGKXZ 00017680 f i minwave.obj
 0001:000073a0       ?Release@CMiniportTopologyHDA@@UAGKXZ 00017680 f i minwave.obj
 0001:000073d0       ??_ECMiniportWaveCyclicStreamHDA@@UAEPAXI@Z 000176b0 f i minwave.obj
 0001:000073d0       ??_GCMiniportWaveCyclicStreamHDA@@UAEPAXI@Z 000176b0 f i minwave.obj
 0001:00007429       ?GetPosition@CMiniportWaveCyclicStreamHDA@@UAGJPAK@Z 00017709 f   minwave.obj
 0001:0000753e       ?NormalizePhysicalPosition@CMiniportWaveCyclicStreamHDA@@UAGJPA_J@Z 0001781e f   minwave.obj
 0001:000075e0       ?Silence@CMiniportWaveCyclicStreamHDA@@UAGXPAXK@Z 000178c0 f   minwave.obj
 0001:0000761e       _DbgPrint                  000178fe f   ntoskrnl:ntoskrnl.exe
 0001:00007624       _DbgBreakPoint@0           00017904 f   ntoskrnl:ntoskrnl.exe
 0001:0000762a       __alldiv                   0001790a f   ntoskrnl:ntoskrnl.exe
 0001:00007630       __allmul                   00017910 f   ntoskrnl:ntoskrnl.exe
 0001:00007636       _PcInitializeAdapterDriver@12 00017916 f   portcls:portcls.sys
 0001:0000763c       _PcAddAdapterDevice@20     0001791c f   portcls:portcls.sys
 0001:00007642       _PcRegisterSubdevice@12    00017922 f   portcls:portcls.sys
 0001:00007648       _PcNewMiniport@8           00017928 f   portcls:portcls.sys
 0001:0000764e       _PcNewPort@8               0001792e f   portcls:portcls.sys
 0001:00007654       _PcRegisterPhysicalConnection@20 00017934 f   portcls:portcls.sys
 0001:0000765a       _PcRegisterAdapterPowerManagement@8 0001793a f   portcls:portcls.sys
 0001:00007660       _PcNewResourceSublist@20   00017940 f   portcls:portcls.sys
 0001:00007666       _PcNewInterruptSync@20     00017946 f   portcls:portcls.sys
 0001:0000766c       _PcNewRegistryKey@36       0001794c f   portcls:portcls.sys
 0001:00007672       _PcNewServiceGroup@8       00017952 f   portcls:portcls.sys
 0001:00007680       ??0CUnknown@@QAE@PAUIUnknown@@@Z 00017960 f   stdunk:stdunk.obj
 0001:000076d0       ??_GCUnknown@@UAEPAXI@Z    000179b0 f i stdunk:stdunk.obj
 0001:000076d0       ??_ECUnknown@@UAEPAXI@Z    000179b0 f i stdunk:stdunk.obj
 0001:00007700       ??1CUnknown@@UAE@XZ        000179e0 f   stdunk:stdunk.obj
 0001:00007720       ?NonDelegatingAddRef@CUnknown@@UAGKXZ 00017a00 f   stdunk:stdunk.obj
 0001:00007760       ?NonDelegatingRelease@CUnknown@@UAGKXZ 00017a40 f   stdunk:stdunk.obj
 0001:000077e0       ?NonDelegatingQueryInterface@CUnknown@@UAGJABU_GUID@@PAPAX@Z 00017ac0 f   stdunk:stdunk.obj
 0002:00000000       __imp_@ExAcquireFastMutex@4 00017b40     hal:HAL.dll
 0002:00000004       __imp_@KfAcquireSpinLock@4 00017b44     hal:HAL.dll
 0002:00000008       __imp_@KfReleaseSpinLock@8 00017b48     hal:HAL.dll
 0002:0000000c       __imp_@ExReleaseFastMutex@4 00017b4c     hal:HAL.dll
 0002:00000010       __imp__KeStallExecutionProcessor@4 00017b50     hal:HAL.dll
 0002:00000014       __imp__KeGetCurrentIrql@0  00017b54     hal:HAL.dll
 0002:00000018       \177HAL_NULL_THUNK_DATA    00017b58     hal:HAL.dll
 0002:0000001c       __imp__KeInitializeEvent@12 00017b5c     ntoskrnl:ntoskrnl.exe
 0002:00000020       __imp__MmUnmapIoSpace@8    00017b60     ntoskrnl:ntoskrnl.exe
 0002:00000024       __imp__RtlInitUnicodeString@8 00017b64     ntoskrnl:ntoskrnl.exe
 0002:00000028       __imp__READ_REGISTER_ULONG@4 00017b68     ntoskrnl:ntoskrnl.exe
 0002:0000002c       __imp__WRITE_REGISTER_ULONG@8 00017b6c     ntoskrnl:ntoskrnl.exe
 0002:00000030       __imp__READ_REGISTER_UCHAR@4 00017b70     ntoskrnl:ntoskrnl.exe
 0002:00000034       __imp__KeInitializeSpinLock@4 00017b74     ntoskrnl:ntoskrnl.exe
 0002:00000038       __imp__WRITE_REGISTER_UCHAR@8 00017b78     ntoskrnl:ntoskrnl.exe
 0002:0000003c       __imp__READ_REGISTER_USHORT@4 00017b7c     ntoskrnl:ntoskrnl.exe
 0002:00000040       __imp__WRITE_REGISTER_USHORT@8 00017b80     ntoskrnl:ntoskrnl.exe
 0002:00000044       __imp_@ObfDereferenceObject@4 00017b84     ntoskrnl:ntoskrnl.exe
 0002:00000048       __imp__KeWaitForSingleObject@20 00017b88     ntoskrnl:ntoskrnl.exe
 0002:0000004c       __imp_@IofCallDriver@8     00017b8c     ntoskrnl:ntoskrnl.exe
 0002:00000050       __imp__IoBuildSynchronousFsdRequest@28 00017b90     ntoskrnl:ntoskrnl.exe
 0002:00000054       __imp__IoGetAttachedDeviceReference@4 00017b94     ntoskrnl:ntoskrnl.exe
 0002:00000058       __imp__IoGetDmaAdapter@12  00017b98     ntoskrnl:ntoskrnl.exe
 0002:0000005c       __imp__MmMapIoSpace@16     00017b9c     ntoskrnl:ntoskrnl.exe
 0002:00000060       __imp_@InterlockedCompareExchange@12 00017ba0     ntoskrnl:ntoskrnl.exe
 0002:00000064       __imp__KeSetEvent@12       00017ba4     ntoskrnl:ntoskrnl.exe
 0002:00000068       __imp_@InterlockedExchange@8 00017ba8     ntoskrnl:ntoskrnl.exe
 0002:0000006c       __imp__KeSetTimerEx@20     00017bac     ntoskrnl:ntoskrnl.exe
 0002:00000070       __imp__KeInitializeDpc@12  00017bb0     ntoskrnl:ntoskrnl.exe
 0002:00000074       __imp__RtlAssert@16        00017bb4     ntoskrnl:ntoskrnl.exe
 0002:00000078       __imp__KeRemoveQueueDpc@4  00017bb8     ntoskrnl:ntoskrnl.exe
 0002:0000007c       __imp__KeCancelTimer@4     00017bbc     ntoskrnl:ntoskrnl.exe
 0002:00000080       __imp_@InterlockedIncrement@4 00017bc0     ntoskrnl:ntoskrnl.exe
 0002:00000084       __imp_@InterlockedDecrement@4 00017bc4     ntoskrnl:ntoskrnl.exe
 0002:00000088       __imp__KeInitializeMutex@8 00017bc8     ntoskrnl:ntoskrnl.exe
 0002:0000008c       __imp__KeReleaseMutex@8    00017bcc     ntoskrnl:ntoskrnl.exe
 0002:00000090       __imp___alldiv             00017bd0     ntoskrnl:ntoskrnl.exe
 0002:00000094       __imp___allmul             00017bd4     ntoskrnl:ntoskrnl.exe
 0002:00000098       __imp__ExAllocatePoolWithTag@12 00017bd8     ntoskrnl:ntoskrnl.exe
 0002:0000009c       __imp__ExFreePool@4        00017bdc     ntoskrnl:ntoskrnl.exe
 0002:000000a0       __imp__DbgBreakPoint@0     00017be0     ntoskrnl:ntoskrnl.exe
 0002:000000a4       __imp__DbgPrint            00017be4     ntoskrnl:ntoskrnl.exe
 0002:000000a8       __imp__KeClearEvent@4      00017be8     ntoskrnl:ntoskrnl.exe
 0002:000000ac       __imp__ExQueueWorkItem@8   00017bec     ntoskrnl:ntoskrnl.exe
 0002:000000b0       __imp__KeInitializeTimer@4 00017bf0     ntoskrnl:ntoskrnl.exe
 0002:000000b4       \177ntoskrnl_NULL_THUNK_DATA 00017bf4     ntoskrnl:ntoskrnl.exe
 0002:000000b8       __imp__PcRegisterAdapterPowerManagement@8 00017bf8     portcls:portcls.sys
 0002:000000bc       __imp__PcAddAdapterDevice@20 00017bfc     portcls:portcls.sys
 0002:000000c0       __imp__PcRegisterSubdevice@12 00017c00     portcls:portcls.sys
 0002:000000c4       __imp__PcNewMiniport@8     00017c04     portcls:portcls.sys
 0002:000000c8       __imp__PcNewPort@8         00017c08     portcls:portcls.sys
 0002:000000cc       __imp__PcRegisterPhysicalConnection@20 00017c0c     portcls:portcls.sys
 0002:000000d0       __imp__PcInitializeAdapterDriver@12 00017c10     portcls:portcls.sys
 0002:000000d4       __imp__PcNewResourceSublist@20 00017c14     portcls:portcls.sys
 0002:000000d8       __imp__PcNewInterruptSync@20 00017c18     portcls:portcls.sys
 0002:000000dc       __imp__PcNewRegistryKey@36 00017c1c     portcls:portcls.sys
 0002:000000e0       __imp__PcNewServiceGroup@8 00017c20     portcls:portcls.sys
 0002:000000e4       \177portcls_NULL_THUNK_DATA 00017c24     portcls:portcls.sys
 0002:00000160       _IID_IAdapterCommon        00017ca0     adapter.obj
 0002:00000170       _CLSID_MiniportDriverFmSynth 00017cb0     adapter.obj
 0002:00000180       _CLSID_PortWaveCyclic      00017cc0     adapter.obj
 0002:00000190       _CLSID_PortTopology        00017cd0     adapter.obj
 0002:000001a0       _CLSID_PortMidi            00017ce0     adapter.obj
 0002:000001b0       _IID_IAdapterPowerManagment 00017cf0     adapter.obj
 0002:000001c0       _IID_IMiniportWaveCyclicStream 00017d00     adapter.obj
 0002:000001d0       _IID_IMiniportWaveCyclic   00017d10     adapter.obj
 0002:000001e0       _IID_IPortWaveCyclic       00017d20     adapter.obj
 0002:000001f0       _IID_IMiniportTopology     00017d30     adapter.obj
 0002:00000200       _IID_IDmaChannel           00017d40     adapter.obj
 0002:00000210       _IID_IMiniport             00017d50     adapter.obj
 0002:00000220       _IID_IUnknown              00017d60     adapter.obj
 0002:00000230       ??_C@_1BE@FFBG@?$AAU?$AAs?$AAe?$AAD?$AAm?$AAa?$AAP?$AAo?$AAs?$AA?$AA@ 00017d70     common.obj
 0002:00000244       ??_C@_1CA@DADJ@?$AAU?$AAs?$AAe?$AAD?$AAi?$AAs?$AAa?$AAb?$AAl?$AAe?$AAd?$AAP?$AAi?$AAn?$AAs?$AA?$AA@ 00017d84     common.obj
 0002:00000264       ??_C@_1BC@MBIB@?$AAU?$AAs?$AAe?$AAS?$AAP?$AAD?$AAI?$AAF?$AA?$AA@ 00017da4     common.obj
 0002:00000278       ??_C@_1BE@ONOC@?$AAU?$AAs?$AAe?$AAA?$AAl?$AAt?$AAO?$AAu?$AAt?$AA?$AA@ 00017db8     common.obj
 0002:0000028c       ??_C@_1BO@LMMA@?$AAS?$AAk?$AAi?$AAp?$AAC?$AAo?$AAd?$AAe?$AAc?$AAR?$AAe?$AAs?$AAe?$AAt?$AA?$AA@ 00017dcc     common.obj
 0002:000002ac       ??_C@_1CI@JKGI@?$AAS?$AAk?$AAi?$AAp?$AAC?$AAo?$AAn?$AAt?$AAr?$AAo?$AAl?$AAl?$AAe?$AAr?$AAR?$AAe?$AAs?$AAe?$AAt?$AA?$AA@ 00017dec     common.obj
 0002:000002d4       ??_C@_1BE@ENEK@?$AAR?$AAi?$AAg?$AAh?$AAt?$AAB?$AAa?$AAs?$AAs?$AA?$AA@ 00017e14     common.obj
 0002:000002e8       ??_C@_1BC@JMJO@?$AAL?$AAe?$AAf?$AAt?$AAB?$AAa?$AAs?$AAs?$AA?$AA@ 00017e28     common.obj
 0002:000002fc       ??_C@_1BI@KGAJ@?$AAR?$AAi?$AAg?$AAh?$AAt?$AAT?$AAr?$AAe?$AAb?$AAl?$AAe?$AA?$AA@ 00017e3c     common.obj
 0002:00000314       ??_C@_1BG@BGGD@?$AAL?$AAe?$AAf?$AAt?$AAT?$AAr?$AAe?$AAb?$AAl?$AAe?$AA?$AA@ 00017e54     common.obj
 0002:0000032c       ??_C@_1O@IECC@?$AAM?$AAi?$AAc?$AAA?$AAG?$AAC?$AA?$AA@ 00017e6c     common.obj
 0002:0000033c       ??_C@_1CA@EJHI@?$AAR?$AAi?$AAg?$AAh?$AAt?$AAO?$AAu?$AAt?$AAp?$AAu?$AAt?$AAG?$AAa?$AAi?$AAn?$AA?$AA@ 00017e7c     common.obj
 0002:0000035c       ??_C@_1BO@PPLI@?$AAL?$AAe?$AAf?$AAt?$AAO?$AAu?$AAt?$AAp?$AAu?$AAt?$AAG?$AAa?$AAi?$AAn?$AA?$AA@ 00017e9c     common.obj
 0002:0000037c       ??_C@_1BO@PMCJ@?$AAR?$AAi?$AAg?$AAh?$AAt?$AAI?$AAn?$AAp?$AAu?$AAt?$AAG?$AAa?$AAi?$AAn?$AA?$AA@ 00017ebc     common.obj
 0002:0000039c       ??_C@_1BM@CFEM@?$AAL?$AAe?$AAf?$AAt?$AAI?$AAn?$AAp?$AAu?$AAt?$AAG?$AAa?$AAi?$AAn?$AA?$AA@ 00017edc     common.obj
 0002:000003b8       ??_C@_1CA@CIKM@?$AAR?$AAi?$AAg?$AAh?$AAt?$AAI?$AAn?$AAp?$AAu?$AAt?$AAM?$AAi?$AAx?$AAe?$AAr?$AA?$AA@ 00017ef8     common.obj
 0002:000003d8       ??_C@_1BO@JOGM@?$AAL?$AAe?$AAf?$AAt?$AAI?$AAn?$AAp?$AAu?$AAt?$AAM?$AAi?$AAx?$AAe?$AAr?$AA?$AA@ 00017f18     common.obj
 0002:000003f8       ??_C@_1BI@BMOJ@?$AAO?$AAu?$AAt?$AAp?$AAu?$AAt?$AAM?$AAi?$AAx?$AAe?$AAr?$AA?$AA@ 00017f38     common.obj
 0002:00000410       ??_C@_1BE@GLOL@?$AAP?$AAc?$AAS?$AAp?$AAk?$AAr?$AAV?$AAo?$AAl?$AA?$AA@ 00017f50     common.obj
 0002:00000424       ??_C@_1O@MNBB@?$AAM?$AAi?$AAc?$AAV?$AAo?$AAl?$AA?$AA@ 00017f64     common.obj
 0002:00000434       ??_C@_1BO@HCKE@?$AAR?$AAi?$AAg?$AAh?$AAt?$AAL?$AAi?$AAn?$AAe?$AAI?$AAn?$AAV?$AAo?$AAl?$AA?$AA@ 00017f74     common.obj
 0002:00000454       ??_C@_1BM@KLMB@?$AAL?$AAe?$AAf?$AAt?$AAL?$AAi?$AAn?$AAe?$AAI?$AAn?$AAV?$AAo?$AAl?$AA?$AA@ 00017f94     common.obj
 0002:00000470       ??_C@_1BG@COJL@?$AAR?$AAi?$AAg?$AAh?$AAt?$AAC?$AAD?$AAV?$AAo?$AAl?$AA?$AA@ 00017fb0     common.obj
 0002:00000488       ??_C@_1BE@KMKA@?$AAL?$AAe?$AAf?$AAt?$AAC?$AAD?$AAV?$AAo?$AAl?$AA?$AA@ 00017fc8     common.obj
 0002:0000049c       ??_C@_1BK@JCIM@?$AAR?$AAi?$AAg?$AAh?$AAt?$AAM?$AAi?$AAd?$AAi?$AAV?$AAo?$AAl?$AA?$AA@ 00017fdc     common.obj
 0002:000004b8       ??_C@_1BI@KBIJ@?$AAL?$AAe?$AAf?$AAt?$AAM?$AAi?$AAd?$AAi?$AAV?$AAo?$AAl?$AA?$AA@ 00017ff8     common.obj
 0002:000004d0       ??_C@_1BK@MFCG@?$AAR?$AAi?$AAg?$AAh?$AAt?$AAW?$AAa?$AAv?$AAe?$AAV?$AAo?$AAl?$AA?$AA@ 00018010     common.obj
 0002:000004ec       ??_C@_1BI@PGCD@?$AAL?$AAe?$AAf?$AAt?$AAW?$AAa?$AAv?$AAe?$AAV?$AAo?$AAl?$AA?$AA@ 0001802c     common.obj
 0002:00000504       ??_C@_1BO@NHA@?$AAR?$AAi?$AAg?$AAh?$AAt?$AAM?$AAa?$AAs?$AAt?$AAe?$AAr?$AAV?$AAo?$AAl?$AA?$AA@ 00018044     common.obj
 0002:00000524       ??_C@_1BM@NEBF@?$AAL?$AAe?$AAf?$AAt?$AAM?$AAa?$AAs?$AAt?$AAe?$AAr?$AAV?$AAo?$AAl?$AA?$AA@ 00018064     common.obj
 0002:00000540       ??_7CAdapterCommon@@6BCUnknown@@@ 00018080     common.obj
 0002:00000550       ??_7CAdapterCommon@@6BIAdapterPowerManagement@@@ 00018090     common.obj
 0002:00000568       ??_7CAdapterCommon@@6BIAdapterCommon@@@ 000180a8     common.obj
 0002:00000698       ??_7CMiniportTopologyHDA@@6BCUnknown@@@ 000181d8     mintopo.obj
 0002:000006a8       ??_7CMiniportTopologyHDA@@6BIMiniportTopology@@@ 000181e8     mintopo.obj
 0002:000006c0       ??_7CMiniportWaveCyclicHDA@@6BCUnknown@@@ 00018200     minwave.obj
 0002:000006d0       ??_7CMiniportWaveCyclicHDA@@6BIMiniportWaveCyclic@@@ 00018210     minwave.obj
 0002:000006ec       ??_C@_09BAJA@SSE2?5?$CFd?5?6?$AA@ 0001822c     minwave.obj
 0002:000006f8       ??_7CMyDmaChannel@@6B@     00018238     minwave.obj
 0002:00000734       ??_C@_0DG@LDEH@Aligned?5DMA?5view?5invalid?5?$CIoff?$DN?$CFl@ 00018274     minwave.obj
 0002:0000076c       ??_7CMiniportWaveCyclicStreamHDA@@6BCUnknown@@@ 000182ac     minwave.obj
 0002:0000077c       ??_7CMiniportWaveCyclicStreamHDA@@6BIMiniportWaveCyclicStream@@@ 000182bc     minwave.obj
 0002:000007a0       ??_7CUnknown@@6B@          000182e0     stdunk:stdunk.obj
 0002:000007b0       ??_C@_0BB@CHNF@m_lRefCount?5?$DO?$DN?50?$AA@ 000182f0     stdunk:stdunk.obj
 0002:000007c4       ??_C@_0N@DIKJ@?4?2stdunk?4cpp?$AA@ 00018304     stdunk:stdunk.obj
 0002:000007d4       ??_C@_0BA@HPDB@m_lRefCount?5?$DO?50?$AA@ 00018314     stdunk:stdunk.obj
 0002:000007e4       ??_C@_06DPDC@ppVoid?$AA@   00018324     stdunk:stdunk.obj
 0003:00000000       ?ulDebugOut@@3KA           00018340     adapter.obj
 0003:00000008       __GUID_b7902fe9_fb0a_11d1_81b0_0060083316c1 00018348     adapter.obj
 0003:00000018       __GUID_d3f0ce1c_fffc_11d1_81b0_0060083316c1 00018358     adapter.obj
 0003:00000028       __GUID_c096df9c_fb09_11d1_81b0_0060083316c1 00018368     adapter.obj
 0003:00000140       ?BdlSize@@3KA              00018480     common.obj
 0003:00000840       __GUID_185fedf6_9905_11d1_95a9_00c04fb925d3 00018b80     mintopo.obj
 0003:00000850       __GUID_185fedef_9905_11d1_95a9_00c04fb925d3 00018b90     mintopo.obj
 0003:00000860       __GUID_185fede1_9905_11d1_95a9_00c04fb925d3 00018ba0     mintopo.obj
 0003:00000870       __GUID_185fede0_9905_11d1_95a9_00c04fb925d3 00018bb0     mintopo.obj
 0003:00000880       __GUID_7607e580_c557_11d0_8a2b_00a0c9255ac1 00018bc0     mintopo.obj
 0003:00000890       __GUID_185fede3_9905_11d1_95a9_00c04fb925d3 00018bd0     mintopo.obj
 0003:000008a0       __GUID_da441a60_c556_11d0_8a2b_00a0c9255ac1 00018be0     mintopo.obj
 0003:000008b0       __GUID_185fedee_9905_11d1_95a9_00c04fb925d3 00018bf0     mintopo.obj
 0003:000008c0       __GUID_02b223c0_c557_11d0_8a2b_00a0c9255ac1 00018c00     mintopo.obj
 0003:000008d0       __GUID_185feded_9905_11d1_95a9_00c04fb925d3 00018c10     mintopo.obj
 0003:000008e0       __GUID_e88c9ba0_c557_11d0_8a2b_00a0c9255ac1 00018c20     mintopo.obj
 0003:000008f0       __GUID_185fedec_9905_11d1_95a9_00c04fb925d3 00018c30     mintopo.obj
 0003:00000900       __GUID_185fedeb_9905_11d1_95a9_00c04fb925d3 00018c40     mintopo.obj
 0003:00000910       __GUID_185fedea_9905_11d1_95a9_00c04fb925d3 00018c50     mintopo.obj
 0003:00000920       __GUID_185fede9_9905_11d1_95a9_00c04fb925d3 00018c60     mintopo.obj
 0003:00000930       __GUID_185fede8_9905_11d1_95a9_00c04fb925d3 00018c70     mintopo.obj
 0003:00000940       __GUID_e573adc0_c555_11d0_8a2b_00a0c9255ac1 00018c80     mintopo.obj
 0003:00000950       __GUID_185fede7_9905_11d1_95a9_00c04fb925d3 00018c90     mintopo.obj
 0003:00000960       __GUID_185fede5_9905_11d1_95a9_00c04fb925d3 00018ca0     mintopo.obj
 0003:00000970       __GUID_3a5acc00_c557_11d0_8a2b_00a0c9255ac1 00018cb0     mintopo.obj
 0003:00000980       __GUID_45ffaaa0_6e1b_11d0_bcf2_444553540000 00018cc0     mintopo.obj
 0003:00000990       __GUID_6994ad04_93ef_11d0_a3cc_00a0c9223196 00018cd0     mintopo.obj
 0003:000009a0       __GUID_185fedf7_9905_11d1_95a9_00c04fb925d3 00018ce0     mintopo.obj
 0003:000009b0       __GUID_dff21ce1_f70f_11d0_b917_00a0c9223196 00018cf0     mintopo.obj
 0003:000009c0       __GUID_dff21be1_f70f_11d0_b917_00a0c9223196 00018d00     mintopo.obj
 0003:000009d0       __GUID_185fedf9_9905_11d1_95a9_00c04fb925d3 00018d10     mintopo.obj
 0003:000009e0       __GUID_dff21fe3_f70f_11d0_b917_00a0c9223196 00018d20     mintopo.obj
 0003:000009f0       __GUID_185fedfb_9905_11d1_95a9_00c04fb925d3 00018d30     mintopo.obj
 0003:00000a00       __GUID_dff220e3_f70f_11d0_b917_00a0c9223196 00018d40     mintopo.obj
 0003:00000a10       __GUID_185fedf8_9905_11d1_95a9_00c04fb925d3 00018d50     mintopo.obj
 0003:00000a20       __GUID_dff220f3_f70f_11d0_b917_00a0c9223196 00018d60     mintopo.obj
 0003:00000a30       __GUID_dff21fe4_f70f_11d0_b917_00a0c9223196 00018d70     mintopo.obj
 0003:00000a40       __GUID_97e99ba0_bdea_11cf_a5d6_28db04c10000 00018d80     mintopo.obj
 0003:00000c88       __GUID_507ae360_c554_11d0_8a2b_00a0c9255ac1 00018fc8     minwave.obj
 0003:00000c98       __GUID_4d837fe0_c555_11d0_8a2b_00a0c9255ac1 00018fd8     minwave.obj
 0003:00000ca8       __GUID_185fedfa_9905_11d1_95a9_00c04fb925d3 00018fe8     minwave.obj
 0003:00000cb8       __GUID_fb6c4281_0353_11d1_905f_0000c0cc16ba 00018ff8     minwave.obj
 0003:00000cc8       __GUID_05589f81_c356_11ce_bf01_00aa0055595a 00019008     minwave.obj
 0003:00000cd8       __GUID_00000001_0000_0010_8000_00aa00389b71 00019018     minwave.obj
 0003:00000ce8       __GUID_73647561_0000_0010_8000_00aa00389b71 00019028     minwave.obj
 0003:00000cf8       __GUID_518590a2_a184_11d0_8522_00c04fd9baf3 00019038     minwave.obj
 0003:00000d08       __GUID_0f6417d6_c318_11d0_a43f_00a0c9223196 00019048     minwave.obj
 0003:00000d18       ?PDO@@3PAU_DEVICE_OBJECT@@A 00019058     adapter.obj
 0003:00000d20       __GUID_00000000_0000_0000_0000_000000000000 00019060     adapter.obj
 0004:000000ae       _AddDevice@8               0001912e f   adapter.obj
 0004:0000036a       ?InstallSubdevice@@YGJPAU_DEVICE_OBJECT@@PAU_IRP@@PAGABU_GUID@@3P6GJPAPAUIUnknown@@3PAU4@W4_POOL_TYPE@@@Z5PAUIResourceList@@344@Z 000193ea f   adapter.obj
 0004:0000076e       ?StartDevice@@YGJPAU_DEVICE_OBJECT@@PAU_IRP@@PAUIResourceList@@@Z 000197ee f   adapter.obj
 0004:00000f6e       ?AssignResources@@YGJPAUIResourceList@@PAPAU1@11111@Z 00019fee f   adapter.obj
 0004:000014d8       ?NewAdapterCommon@@YGJPAPAUIUnknown@@ABU_GUID@@PAU1@W4_POOL_TYPE@@@Z 0001a558 f   common.obj
 0004:00002171       ?Init@CAdapterCommon@@UAGJPAUIResourceList@@PAU_DEVICE_OBJECT@@1@Z 0001b1f1 f   common.obj
 0004:00003b62       ??1CAdapterCommon@@UAE@XZ  0001cbe2 f   common.obj
 0004:00003f90       ??_GHDA_Codec@@QAEPAXI@Z   0001d010 f i common.obj
 0004:00004017       ?NonDelegatingQueryInterface@CAdapterCommon@@UAGJABU_GUID@@PAPAX@Z 0001d097 f   common.obj
 0004:0000416e       ?WavePortDriverDest@CAdapterCommon@@UAGPAPAUIUnknown@@XZ 0001d1ee f   common.obj
 0004:0000420e       ?GetInterruptSync@CAdapterCommon@@UAGPAUIInterruptSync@@XZ 0001d28e f   common.obj
 0004:000042ae       ?GetDeviceDescription@CAdapterCommon@@UAGPAU_DEVICE_DESCRIPTION@@XZ 0001d32e f   common.obj
 0004:0000434e       ?MidiPortDriverDest@CAdapterCommon@@UAGPAPAUIUnknown@@XZ 0001d3ce f   common.obj
 0004:000043ee       ?SetWaveServiceGroup@CAdapterCommon@@UAGXPAUIServiceGroup@@@Z 0001d46e f   common.obj
 0004:00004be2       ?InitHDAController@CAdapterCommon@@QAGJXZ 0001dc62 f   common.obj
 0004:00005dee       ?TryInitializeCodecSlot@CAdapterCommon@@AAGJEPBD@Z 0001ee6e f   common.obj
 0004:00006032       ?ReadRegistryBoolean@CAdapterCommon@@AAGEPBGE@Z 0001f0b2 f   common.obj
 0004:00006218       ?CreateMiniportTopologyHDA@@YGJPAPAUIUnknown@@ABU_GUID@@PAU1@W4_POOL_TYPE@@@Z 0001f298 f   mintopo.obj
 0004:0000638a       ?ProcessResources@CMiniportTopologyHDA@@AAEJPAUIResourceList@@@Z 0001f40a f   mintopo.obj
 0004:0000650a       ?NonDelegatingQueryInterface@CMiniportTopologyHDA@@UAGJABU_GUID@@PAPAX@Z 0001f58a f   mintopo.obj
 0004:000066ae       ??1CMiniportTopologyHDA@@UAE@XZ 0001f72e f   mintopo.obj
 0004:00006886       ?Init@CMiniportTopologyHDA@@UAGJPAUIUnknown@@PAUIResourceList@@PAUIPortTopology@@@Z 0001f906 f   mintopo.obj
 0004:00006a9a       ?GetDescription@CMiniportTopologyHDA@@UAGJPAPAUPCFILTER_DESCRIPTOR@@@Z 0001fb1a f   mintopo.obj
 0004:00008258       ?CreateMiniportWaveCyclicHDA@@YGJPAPAUIUnknown@@ABU_GUID@@PAU1@W4_POOL_TYPE@@@Z 000212d8 f   minwave.obj
 0004:00008516       ?ProcessResources@CMiniportWaveCyclicHDA@@AAEJPAUIResourceList@@@Z 00021596 f   minwave.obj
 0004:000089c2       ?ValidateFormat@CMiniportWaveCyclicHDA@@AAEJPATKSDATAFORMAT@@@Z 00021a42 f   minwave.obj
 0004:00008bfe       ?NonDelegatingQueryInterface@CMiniportWaveCyclicHDA@@UAGJABU_GUID@@PAPAX@Z 00021c7e f   minwave.obj
 0004:00008db2       ??1CMiniportWaveCyclicHDA@@UAE@XZ 00021e32 f   minwave.obj
 0004:00008fa6       ?Init@CMiniportWaveCyclicHDA@@UAGJPAUIUnknown@@PAUIResourceList@@PAUIPortWaveCyclic@@@Z 00022026 f   minwave.obj
 0004:0000923e       ?GetDescription@CMiniportWaveCyclicHDA@@UAGJPAPAUPCFILTER_DESCRIPTOR@@@Z 000222be f   minwave.obj
 0004:0000941a       ?DataRangeIntersection@CMiniportWaveCyclicHDA@@UAGJKPATKSDATAFORMAT@@0KPAXPAK@Z 0002249a f   minwave.obj
 0004:00009a0a       ?NewStream@CMiniportWaveCyclicHDA@@UAGJPAPAUIMiniportWaveCyclicStream@@PAUIUnknown@@W4_POOL_TYPE@@KEPATKSDATAFORMAT@@PAPAUIDmaChannel@@PAPAUIServiceGroup@@@Z 00022a8a f   minwave.obj
 0004:00009da2       ?NonDelegatingQueryInterface@CMiniportWaveCyclicStreamHDA@@UAGJABU_GUID@@PAPAX@Z 00022e22 f   minwave.obj
 0004:00009f3e       ??1CMiniportWaveCyclicStreamHDA@@UAE@XZ 00022fbe f   minwave.obj
 0004:0000a1c0       ?Init@CMiniportWaveCyclicStreamHDA@@QAEJPAVCMiniportWaveCyclicHDA@@KEPATKSDATAFORMAT@@PAUIDmaChannel@@@Z 00023240 f   minwave.obj
 0004:0000a462       ?SetNotificationFreq@CMiniportWaveCyclicStreamHDA@@UAGKKPAK@Z 000234e2 f   minwave.obj
 0004:0000a5f6       ?SetFormat@CMiniportWaveCyclicStreamHDA@@UAGJPATKSDATAFORMAT@@@Z 00023676 f   minwave.obj
 0004:0000a83e       ?SetState@CMiniportWaveCyclicStreamHDA@@UAGJW4KSSTATE@@@Z 000238be f   minwave.obj
 0005:0000003e       _DriverEntry@8             00023a1e f   adapter.obj
 0005:000000ac       __IMPORT_DESCRIPTOR_ntoskrnl 00023a8c     ntoskrnl:ntoskrnl.exe
 0005:000000c0       __IMPORT_DESCRIPTOR_HAL    00023aa0     hal:HAL.dll
 0005:000000d4       __IMPORT_DESCRIPTOR_portcls 00023ab4     portcls:portcls.sys
 0005:000000e8       __NULL_IMPORT_DESCRIPTOR   00023ac8     ntoskrnl:ntoskrnl.exe

 entry point at        0005:0000003e

 Static symbols

 0004:00006bee       ?PropertyHandler_OnOff@@YGJPAU_PCPROPERTY_REQUEST@@@Z 0001fc6e f   mintopo.obj
 0004:00007006       ?PropertyHandler_SuperMixCaps@@YGJPAU_PCPROPERTY_REQUEST@@@Z 00020086 f   mintopo.obj
 0004:00007606       ?PropertyHandler_SuperMixTable@@YGJPAU_PCPROPERTY_REQUEST@@@Z 00020686 f   mintopo.obj
 0004:00007d36       ?PropertyHandler_CpuResources@@YGJPAU_PCPROPERTY_REQUEST@@@Z 00020db6 f   mintopo.obj
 0001:0000655e       ?PropertyHandler_Level@@YGJPAU_PCPROPERTY_REQUEST@@@Z 0001683e f   mintopo.obj
 0004:00007f86       ?BasicSupportHandler@@YGJPAU_PCPROPERTY_REQUEST@@@Z 00021006 f   mintopo.obj
 0001:000001c0       ?AllocateAlignedCommonBuffer@@YGJPAU_DMA_ADAPTER@@KKPAU_HDA_DMA_COMMON_BUFFER@@@Z 000104a0 f   common.obj
 0001:00000340       ?ResetCommonBufferDescriptor@@YGXPAU_HDA_DMA_COMMON_BUFFER@@@Z 00010620 f   common.obj
 0001:00000360       ?FreeAlignedCommonBuffer@@YGXPAU_DMA_ADAPTER@@PAU_HDA_DMA_COMMON_BUFFER@@@Z 00010640 f   common.obj

 712 bytes saved through ICF

