 HDA

 Timestamp is 699e550a (Tue Feb 24 17:48:58 2026)

 Preferred load address is 00010000

 Start         Length     Name                   Class
 0001:00000000 0000657cH .text                   CODE
 0002:00000000 000000bcH .idata$5                DATA
 0002:000000c0 00000630H .rdata                  DATA
 0003:00000000 00000d18H .data                   DATA
 0003:00000d18 00000016H .bss                    DATA
 0004:00000000 0000a19dH PAGE                    CODE
 0005:00000000 000000a9H INIT                    CODE
 0005:000000ac 0000003cH .idata$2                CODE
 0005:000000e8 00000014H .idata$3                CODE
 0005:000000fc 000000bcH .idata$4                CODE
 0005:000001b8 000003ceH .idata$6                CODE
 0006:00000000 00000058H .rsrc$01                DATA
 0006:00000060 000003d8H .rsrc$02                DATA

  Address         Publics by Value              Rva+Base     Lib:Object

 0001:00000000       ??3@YAXPAX@Z               000102e0 f i common.obj
 0001:00000010       ??2@YGPAXIW4_POOL_TYPE@@K@Z 000102f0 f i common.obj
 0001:00000050       ??0CAdapterCommon@@QAE@PAUIUnknown@@@Z 00010330 f i common.obj
 0001:000000a0       ?QueryInterface@CAdapterCommon@@UAGJABU_GUID@@PAPAX@Z 00010380 f i common.obj
 0001:000000d0       ?GetOuterUnknown@CUnknown@@QAEPAUIUnknown@@XZ 000103b0 f i common.obj
 0001:000000f0       ?AddRef@CAdapterCommon@@UAGKXZ 000103d0 f i common.obj
 0001:00000120       ?Release@CAdapterCommon@@UAGKXZ 00010400 f i common.obj
 0001:00000150       ??_ECAdapterCommon@@UAEPAXI@Z 00010430 f i common.obj
 0001:00000150       ??_GCAdapterCommon@@UAEPAXI@Z 00010430 f i common.obj
 0001:00000190       ??0IAdapterCommon@@QAE@XZ  00010470 f i common.obj
 0001:00000190       ??0IMiniportWaveCyclicStream@@QAE@XZ 00010470 f i common.obj
 0001:00000190       ??0IMiniport@@QAE@XZ       00010470 f i common.obj
 0001:00000190       ??0IAdapterPowerManagement@@QAE@XZ 00010470 f i common.obj
 0001:000001b0       ??0IUnknown@@QAE@XZ        00010490 f i common.obj
 0001:000001c0       _IsEqualGUIDAligned@8      000104a0 f i common.obj
 0001:00000240       ??2@YGPAXIW4_POOL_TYPE@@@Z 00010520 f i common.obj
 0001:00000290       ?hda_is_supported_sample_rate@CAdapterCommon@@UAGEK@Z 00010570 f   common.obj
 0001:00000366       ?hda_send_verb@CAdapterCommon@@UAGKKKKK@Z 00010646 f   common.obj
 0001:00000662       ?ReadController@CAdapterCommon@@UAGEXZ 00010942 f   common.obj
 0001:00000706       ?WriteController@CAdapterCommon@@UAGEE@Z 000109e6 f   common.obj
 0001:00000812       ?MixerRegWrite@CAdapterCommon@@UAGXEE@Z 00010af2 f   common.obj
 0001:000009da       ?MixerRegRead@CAdapterCommon@@UAGEE@Z 00010cba f   common.obj
 0001:00000abe       ?MixerReset@CAdapterCommon@@UAGXXZ 00010d9e f   common.obj
 0001:00000b5e       ?AcknowledgeIRQ@CAdapterCommon@@AAE?AW4_HDA_INTERRUPT_TYPE@@XZ 00010e3e f   common.obj
 0001:00000e02       ?ResetController@CAdapterCommon@@UAGJXZ 000110e2 f   common.obj
 0001:00000eb6       ?RestoreMixerSettingsFromRegistry@CAdapterCommon@@UAGJXZ 00011196 f   common.obj
 0001:00001162       ?SaveMixerSettingsToRegistry@CAdapterCommon@@UAGJXZ 00011442 f   common.obj
 0001:000013be       ?ProgramSampleRate@CAdapterCommon@@UAGJK@Z 0001169e f   common.obj
 0001:000015b6       ?PowerChangeState@CAdapterCommon@@UAGXT_POWER_STATE@@@Z 00011896 f   common.obj
 0001:00001796       ?QueryPowerChangeState@CAdapterCommon@@UAGJT_POWER_STATE@@@Z 00011a76 f   common.obj
 0001:0000181a       ?QueryDeviceCapabilities@CAdapterCommon@@UAGJPAU_DEVICE_CAPABILITIES@@@Z 00011afa f   common.obj
 0001:000018ca       ?InterruptServiceRoutine@@YGJPAUIInterruptSync@@PAX@Z 00011baa f   common.obj
 0001:00001a56       ?hda_stop_stream@CAdapterCommon@@UAGJXZ 00011d36 f   common.obj
 0001:00001cd0       ?hda_start_sound@CAdapterCommon@@UAGXXZ 00011fb0 f   common.obj
 0001:00001d5a       ?hda_stop_sound@CAdapterCommon@@UAGXXZ 0001203a f   common.obj
 0001:00001e56       ?hda_get_actual_stream_position@CAdapterCommon@@UAGKXZ 00012136 f   common.obj
 0001:00001f50       ?hda_set_volume@CAdapterCommon@@QAGXKE@Z 00012230 f   common.obj
 0001:00001fb0       ?readUCHAR@CAdapterCommon@@QAGEG@Z 00012290 f   common.obj
 0001:00001fd0       ?writeUCHAR@CAdapterCommon@@QAGXGE@Z 000122b0 f   common.obj
 0001:00002000       ?readUSHORT@CAdapterCommon@@QAGGG@Z 000122e0 f   common.obj
 0001:00002020       ?writeUSHORT@CAdapterCommon@@QAGXGG@Z 00012300 f   common.obj
 0001:00002050       ?readULONG@CAdapterCommon@@QAGKG@Z 00012330 f   common.obj
 0001:00002070       ?writeULONG@CAdapterCommon@@QAGXGK@Z 00012350 f   common.obj
 0001:0000224a       ?hda_showtime@CAdapterCommon@@UAGJPAUIDmaChannel@@@Z 0001252a f   common.obj
 0001:000026e0       ?ReadWriteConfigSpace@CAdapterCommon@@AAGJPAU_DEVICE_OBJECT@@KPAXKK@Z 000129c0 f   common.obj
 0001:0000280b       ?WriteConfigSpaceByte@CAdapterCommon@@AAGJEEE@Z 00012aeb f   common.obj
 0001:0000290b       ?WriteConfigSpaceWord@CAdapterCommon@@AAGJEGG@Z 00012beb f   common.obj
 0001:000029d0       ?QueryInterface@CAdapterCommon@@W3AGJABU_GUID@@PAPAX@Z 00012cb0 f i common.obj
 0001:000029e0       ?AddRef@CAdapterCommon@@W3AGKXZ 00012cc0 f i common.obj
 0001:000029f0       ?Release@CAdapterCommon@@W3AGKXZ 00012cd0 f i common.obj
 0001:00002a00       ??0HDA_Codec@@QAE@EEEPAUIAdapterCommon@@@Z 00012ce0 f   codec.obj
 0001:00002aa0       ??1HDA_Codec@@QAE@XZ       00012d80 f   codec.obj
 0001:00002bbe       ?InitializeCodec@HDA_Codec@@QAGJXZ 00012e9e f   codec.obj
 0001:00003358       ?hda_initialize_audio_function_group@HDA_Codec@@QAGJK@Z 00013638 f   codec.obj
 0001:00003f9a       ?hda_get_node_type@HDA_Codec@@QAGEK@Z 0001427a f   codec.obj
 0001:0000404a       ?hda_get_node_connection_entries@HDA_Codec@@QAGKKK@Z 0001432a f   codec.obj
 0001:00004150       ?hda_enable_pin_output@HDA_Codec@@QAGXK@Z 00014430 f   codec.obj
 0001:00004180       ?hda_disable_pin_output@HDA_Codec@@QAGXK@Z 00014460 f   codec.obj
 0001:000041b0       ?hda_is_headphone_connected@HDA_Codec@@QAGEXZ 00014490 f   codec.obj
 0001:0000429a       ?hda_initialize_output_pin@HDA_Codec@@QAGXKAAUHDA_NODE_PATH@@@Z 0001457a f   codec.obj
 0001:00004612       ?hda_initialize_audio_output@HDA_Codec@@QAGXKAAUHDA_NODE_PATH@@@Z 000148f2 f   codec.obj
 0001:00004996       ?hda_initialize_audio_mixer@HDA_Codec@@QAGXKAAUHDA_NODE_PATH@@@Z 00014c76 f   codec.obj
 0001:00004c7e       ?hda_initialize_audio_selector@HDA_Codec@@QAGXKAAUHDA_NODE_PATH@@@Z 00014f5e f   codec.obj
 0001:000050a6       ?ProgramSampleRate@HDA_Codec@@QAGJK@Z 00015386 f   codec.obj
 0001:000053f0       ?hda_check_headphone_connection_change@HDA_Codec@@QAGXXZ 000156d0 f   codec.obj
 0001:000054c2       ?hda_is_supported_sample_rate@HDA_Codec@@QAGEK@Z 000157a2 f   codec.obj
 0001:000055e0       ?hda_set_volume@HDA_Codec@@QAGXKE@Z 000158c0 f   codec.obj
 0001:00005640       ?hda_set_node_gain@HDA_Codec@@QAGXKKKKE@Z 00015920 f   codec.obj
 0001:000056e0       ?hda_send_verb@HDA_Codec@@QAGJKKK@Z 000159c0 f   codec.obj
 0001:00005710       ?hda_return_sound_data_format@HDA_Codec@@QAGGKKK@Z 000159f0 f   codec.obj
 0001:00005710       ?hda_return_sound_data_format@CAdapterCommon@@QAGGKKK@Z 000159f0 f   codec.obj
 0001:00005880       ??0CMiniportTopologyHDA@@QAE@PAUIUnknown@@@Z 00015b60 f i mintopo.obj
 0001:000058c0       ?AddRef@CMiniportWaveCyclicStreamHDA@@UAGKXZ 00015ba0 f i mintopo.obj
 0001:000058c0       ?AddRef@CMiniportTopologyHDA@@UAGKXZ 00015ba0 f i mintopo.obj
 0001:000058c0       ?AddRef@CMiniportWaveCyclicHDA@@UAGKXZ 00015ba0 f i mintopo.obj
 0001:000058f0       ?Release@CMiniportWaveCyclicHDA@@UAGKXZ 00015bd0 f i mintopo.obj
 0001:000058f0       ?Release@CMiniportTopologyHDA@@UAGKXZ 00015bd0 f i mintopo.obj
 0001:000058f0       ?Release@CMiniportWaveCyclicStreamHDA@@UAGKXZ 00015bd0 f i mintopo.obj
 0001:00005920       ?DataRangeIntersection@CMiniportTopologyHDA@@UAGJKPATKSDATAFORMAT@@0KPAXPAK@Z 00015c00 f i mintopo.obj
 0001:00005930       ??_GCMiniportTopologyHDA@@UAEPAXI@Z 00015c10 f i mintopo.obj
 0001:00005930       ??_ECMiniportTopologyHDA@@UAEPAXI@Z 00015c10 f i mintopo.obj
 0001:00005ff0       ?ReadBitsFromMixer@CMiniportTopologyHDA@@AAEEEEE@Z 000162d0 f   mintopo.obj
 0001:00006040       ?ThisManyOnes@@YGEE@Z      00016320 f i mintopo.obj
 0001:00006060       ?WriteBitsToMixer@CMiniportTopologyHDA@@AAEXEEEE@Z 00016340 f   mintopo.obj
 0001:00006100       ??0CMiniportWaveCyclicHDA@@QAE@PAUIUnknown@@@Z 000163e0 f i minwave.obj
 0001:00006140       ??_GCMiniportWaveCyclicHDA@@UAEPAXI@Z 00016420 f i minwave.obj
 0001:00006140       ??_ECMiniportWaveCyclicHDA@@UAEPAXI@Z 00016420 f i minwave.obj
 0001:00006180       ??0IMiniportWaveCyclic@@QAE@XZ 00016460 f i minwave.obj
 0001:00006180       ??0IMiniportTopology@@QAE@XZ 00016460 f i minwave.obj
 0001:000061a0       ??0CMiniportWaveCyclicStreamHDA@@QAE@PAUIUnknown@@@Z 00016480 f i minwave.obj
 0001:000061e0       ?QueryInterface@CMiniportWaveCyclicHDA@@UAGJABU_GUID@@PAPAX@Z 000164c0 f i minwave.obj
 0001:000061e0       ?QueryInterface@CMiniportWaveCyclicStreamHDA@@UAGJABU_GUID@@PAPAX@Z 000164c0 f i minwave.obj
 0001:000061e0       ?QueryInterface@CMiniportTopologyHDA@@UAGJABU_GUID@@PAPAX@Z 000164c0 f i minwave.obj
 0001:00006210       ??_ECMiniportWaveCyclicStreamHDA@@UAEPAXI@Z 000164f0 f i minwave.obj
 0001:00006210       ??_GCMiniportWaveCyclicStreamHDA@@UAEPAXI@Z 000164f0 f i minwave.obj
 0001:00006269       ?GetPosition@CMiniportWaveCyclicStreamHDA@@UAGJPAK@Z 00016549 f   minwave.obj
 0001:0000635e       ?NormalizePhysicalPosition@CMiniportWaveCyclicStreamHDA@@UAGJPA_J@Z 0001663e f   minwave.obj
 0001:00006400       ?Silence@CMiniportWaveCyclicStreamHDA@@UAGXPAXK@Z 000166e0 f   minwave.obj
 0001:0000643e       _DbgPrint                  0001671e f   ntoskrnl:ntoskrnl.exe
 0001:00006444       _DbgBreakPoint@0           00016724 f   ntoskrnl:ntoskrnl.exe
 0001:0000644a       __alldiv                   0001672a f   ntoskrnl:ntoskrnl.exe
 0001:00006450       __allmul                   00016730 f   ntoskrnl:ntoskrnl.exe
 0001:00006456       _PcInitializeAdapterDriver@12 00016736 f   portcls:portcls.sys
 0001:0000645c       _PcAddAdapterDevice@20     0001673c f   portcls:portcls.sys
 0001:00006462       _PcRegisterSubdevice@12    00016742 f   portcls:portcls.sys
 0001:00006468       _PcNewMiniport@8           00016748 f   portcls:portcls.sys
 0001:0000646e       _PcNewPort@8               0001674e f   portcls:portcls.sys
 0001:00006474       _PcRegisterPhysicalConnection@20 00016754 f   portcls:portcls.sys
 0001:0000647a       _PcRegisterAdapterPowerManagement@8 0001675a f   portcls:portcls.sys
 0001:00006480       _PcNewResourceSublist@20   00016760 f   portcls:portcls.sys
 0001:00006486       _PcNewInterruptSync@20     00016766 f   portcls:portcls.sys
 0001:0000648c       _PcNewRegistryKey@36       0001676c f   portcls:portcls.sys
 0001:00006492       _PcNewServiceGroup@8       00016772 f   portcls:portcls.sys
 0001:00006498       ??0CUnknown@@QAE@PAUIUnknown@@@Z 00016778 f   stdunk:stdunk.obj
 0001:000064b7       ??_GCUnknown@@UAEPAXI@Z    00016797 f i stdunk:stdunk.obj
 0001:000064b7       ??_ECUnknown@@UAEPAXI@Z    00016797 f i stdunk:stdunk.obj
 0001:000064d3       ??1CUnknown@@UAE@XZ        000167b3 f   stdunk:stdunk.obj
 0001:000064da       ?NonDelegatingAddRef@CUnknown@@UAGKXZ 000167ba f   stdunk:stdunk.obj
 0001:000064f0       ?NonDelegatingRelease@CUnknown@@UAGKXZ 000167d0 f   stdunk:stdunk.obj
 0001:0000651f       ?NonDelegatingQueryInterface@CUnknown@@UAGJABU_GUID@@PAPAX@Z 000167ff f   stdunk:stdunk.obj
 0002:00000000       __imp_@KfAcquireSpinLock@4 00016860     hal:HAL.dll
 0002:00000004       __imp_@KfReleaseSpinLock@8 00016864     hal:HAL.dll
 0002:00000008       __imp__KeStallExecutionProcessor@4 00016868     hal:HAL.dll
 0002:0000000c       __imp__KeGetCurrentIrql@0  0001686c     hal:HAL.dll
 0002:00000010       \177HAL_NULL_THUNK_DATA    00016870     hal:HAL.dll
 0002:00000014       __imp__READ_REGISTER_ULONG@4 00016874     ntoskrnl:ntoskrnl.exe
 0002:00000018       __imp__MmMapIoSpace@16     00016878     ntoskrnl:ntoskrnl.exe
 0002:0000001c       __imp__KeInitializeSpinLock@4 0001687c     ntoskrnl:ntoskrnl.exe
 0002:00000020       __imp__MmUnmapIoSpace@8    00016880     ntoskrnl:ntoskrnl.exe
 0002:00000024       __imp__ExAllocatePoolWithTag@12 00016884     ntoskrnl:ntoskrnl.exe
 0002:00000028       __imp__IoGetDmaAdapter@12  00016888     ntoskrnl:ntoskrnl.exe
 0002:0000002c       __imp__WRITE_REGISTER_ULONG@8 0001688c     ntoskrnl:ntoskrnl.exe
 0002:00000030       __imp__READ_REGISTER_UCHAR@4 00016890     ntoskrnl:ntoskrnl.exe
 0002:00000034       __imp__WRITE_REGISTER_UCHAR@8 00016894     ntoskrnl:ntoskrnl.exe
 0002:00000038       __imp__READ_REGISTER_USHORT@4 00016898     ntoskrnl:ntoskrnl.exe
 0002:0000003c       __imp__RtlInitUnicodeString@8 0001689c     ntoskrnl:ntoskrnl.exe
 0002:00000040       __imp__DbgPrint            000168a0     ntoskrnl:ntoskrnl.exe
 0002:00000044       __imp__KeWaitForSingleObject@20 000168a4     ntoskrnl:ntoskrnl.exe
 0002:00000048       __imp_@IofCallDriver@8     000168a8     ntoskrnl:ntoskrnl.exe
 0002:0000004c       __imp__IoBuildSynchronousFsdRequest@28 000168ac     ntoskrnl:ntoskrnl.exe
 0002:00000050       __imp__IoGetAttachedDeviceReference@4 000168b0     ntoskrnl:ntoskrnl.exe
 0002:00000054       __imp__KeInitializeEvent@12 000168b4     ntoskrnl:ntoskrnl.exe
 0002:00000058       __imp__IoIsWdmVersionAvailable@8 000168b8     ntoskrnl:ntoskrnl.exe
 0002:0000005c       __imp__RtlAssert@16        000168bc     ntoskrnl:ntoskrnl.exe
 0002:00000060       __imp__KeReleaseMutex@8    000168c0     ntoskrnl:ntoskrnl.exe
 0002:00000064       __imp___alldiv             000168c4     ntoskrnl:ntoskrnl.exe
 0002:00000068       __imp___allmul             000168c8     ntoskrnl:ntoskrnl.exe
 0002:0000006c       __imp__ExFreePool@4        000168cc     ntoskrnl:ntoskrnl.exe
 0002:00000070       __imp__DbgBreakPoint@0     000168d0     ntoskrnl:ntoskrnl.exe
 0002:00000074       __imp__WRITE_REGISTER_USHORT@8 000168d4     ntoskrnl:ntoskrnl.exe
 0002:00000078       __imp_@ObfDereferenceObject@4 000168d8     ntoskrnl:ntoskrnl.exe
 0002:0000007c       __imp__KeInitializeMutex@8 000168dc     ntoskrnl:ntoskrnl.exe
 0002:00000080       __imp_@InterlockedDecrement@4 000168e0     ntoskrnl:ntoskrnl.exe
 0002:00000084       __imp_@InterlockedIncrement@4 000168e4     ntoskrnl:ntoskrnl.exe
 0002:00000088       \177ntoskrnl_NULL_THUNK_DATA 000168e8     ntoskrnl:ntoskrnl.exe
 0002:0000008c       __imp__PcInitializeAdapterDriver@12 000168ec     portcls:portcls.sys
 0002:00000090       __imp__PcNewMiniport@8     000168f0     portcls:portcls.sys
 0002:00000094       __imp__PcNewPort@8         000168f4     portcls:portcls.sys
 0002:00000098       __imp__PcRegisterPhysicalConnection@20 000168f8     portcls:portcls.sys
 0002:0000009c       __imp__PcAddAdapterDevice@20 000168fc     portcls:portcls.sys
 0002:000000a0       __imp__PcRegisterSubdevice@12 00016900     portcls:portcls.sys
 0002:000000a4       __imp__PcNewInterruptSync@20 00016904     portcls:portcls.sys
 0002:000000a8       __imp__PcNewRegistryKey@36 00016908     portcls:portcls.sys
 0002:000000ac       __imp__PcNewServiceGroup@8 0001690c     portcls:portcls.sys
 0002:000000b0       __imp__PcRegisterAdapterPowerManagement@8 00016910     portcls:portcls.sys
 0002:000000b4       __imp__PcNewResourceSublist@20 00016914     portcls:portcls.sys
 0002:000000b8       \177portcls_NULL_THUNK_DATA 00016918     portcls:portcls.sys
 0002:00000130       _IID_IAdapterCommon        00016990     adapter.obj
 0002:00000140       _CLSID_MiniportDriverFmSynth 000169a0     adapter.obj
 0002:00000150       _CLSID_PortWaveCyclic      000169b0     adapter.obj
 0002:00000160       _CLSID_PortTopology        000169c0     adapter.obj
 0002:00000170       _CLSID_PortMidi            000169d0     adapter.obj
 0002:00000180       _IID_IAdapterPowerManagment 000169e0     adapter.obj
 0002:00000190       _IID_IMiniportWaveCyclicStream 000169f0     adapter.obj
 0002:000001a0       _IID_IMiniportWaveCyclic   00016a00     adapter.obj
 0002:000001b0       _IID_IPortWaveCyclic       00016a10     adapter.obj
 0002:000001c0       _IID_IMiniportTopology     00016a20     adapter.obj
 0002:000001d0       _IID_IMiniport             00016a30     adapter.obj
 0002:000001e0       _IID_IUnknown              00016a40     adapter.obj
 0002:000001f0       ??_C@_1BE@FFBG@?$AAU?$AAs?$AAe?$AAD?$AAm?$AAa?$AAP?$AAo?$AAs?$AA?$AA@ 00016a50     common.obj
 0002:00000204       ??_C@_1CA@DADJ@?$AAU?$AAs?$AAe?$AAD?$AAi?$AAs?$AAa?$AAb?$AAl?$AAe?$AAd?$AAP?$AAi?$AAn?$AAs?$AA?$AA@ 00016a64     common.obj
 0002:00000224       ??_C@_1BC@MBIB@?$AAU?$AAs?$AAe?$AAS?$AAP?$AAD?$AAI?$AAF?$AA?$AA@ 00016a84     common.obj
 0002:00000238       ??_C@_1BE@ONOC@?$AAU?$AAs?$AAe?$AAA?$AAl?$AAt?$AAO?$AAu?$AAt?$AA?$AA@ 00016a98     common.obj
 0002:0000024c       ??_C@_1BO@LMMA@?$AAS?$AAk?$AAi?$AAp?$AAC?$AAo?$AAd?$AAe?$AAc?$AAR?$AAe?$AAs?$AAe?$AAt?$AA?$AA@ 00016aac     common.obj
 0002:0000026c       ??_C@_1CI@JKGI@?$AAS?$AAk?$AAi?$AAp?$AAC?$AAo?$AAn?$AAt?$AAr?$AAo?$AAl?$AAl?$AAe?$AAr?$AAR?$AAe?$AAs?$AAe?$AAt?$AA?$AA@ 00016acc     common.obj
 0002:00000294       ??_C@_1BE@ENEK@?$AAR?$AAi?$AAg?$AAh?$AAt?$AAB?$AAa?$AAs?$AAs?$AA?$AA@ 00016af4     common.obj
 0002:000002a8       ??_C@_1BC@JMJO@?$AAL?$AAe?$AAf?$AAt?$AAB?$AAa?$AAs?$AAs?$AA?$AA@ 00016b08     common.obj
 0002:000002bc       ??_C@_1BI@KGAJ@?$AAR?$AAi?$AAg?$AAh?$AAt?$AAT?$AAr?$AAe?$AAb?$AAl?$AAe?$AA?$AA@ 00016b1c     common.obj
 0002:000002d4       ??_C@_1BG@BGGD@?$AAL?$AAe?$AAf?$AAt?$AAT?$AAr?$AAe?$AAb?$AAl?$AAe?$AA?$AA@ 00016b34     common.obj
 0002:000002ec       ??_C@_1O@IECC@?$AAM?$AAi?$AAc?$AAA?$AAG?$AAC?$AA?$AA@ 00016b4c     common.obj
 0002:000002fc       ??_C@_1CA@EJHI@?$AAR?$AAi?$AAg?$AAh?$AAt?$AAO?$AAu?$AAt?$AAp?$AAu?$AAt?$AAG?$AAa?$AAi?$AAn?$AA?$AA@ 00016b5c     common.obj
 0002:0000031c       ??_C@_1BO@PPLI@?$AAL?$AAe?$AAf?$AAt?$AAO?$AAu?$AAt?$AAp?$AAu?$AAt?$AAG?$AAa?$AAi?$AAn?$AA?$AA@ 00016b7c     common.obj
 0002:0000033c       ??_C@_1BO@PMCJ@?$AAR?$AAi?$AAg?$AAh?$AAt?$AAI?$AAn?$AAp?$AAu?$AAt?$AAG?$AAa?$AAi?$AAn?$AA?$AA@ 00016b9c     common.obj
 0002:0000035c       ??_C@_1BM@CFEM@?$AAL?$AAe?$AAf?$AAt?$AAI?$AAn?$AAp?$AAu?$AAt?$AAG?$AAa?$AAi?$AAn?$AA?$AA@ 00016bbc     common.obj
 0002:00000378       ??_C@_1CA@CIKM@?$AAR?$AAi?$AAg?$AAh?$AAt?$AAI?$AAn?$AAp?$AAu?$AAt?$AAM?$AAi?$AAx?$AAe?$AAr?$AA?$AA@ 00016bd8     common.obj
 0002:00000398       ??_C@_1BO@JOGM@?$AAL?$AAe?$AAf?$AAt?$AAI?$AAn?$AAp?$AAu?$AAt?$AAM?$AAi?$AAx?$AAe?$AAr?$AA?$AA@ 00016bf8     common.obj
 0002:000003b8       ??_C@_1BI@BMOJ@?$AAO?$AAu?$AAt?$AAp?$AAu?$AAt?$AAM?$AAi?$AAx?$AAe?$AAr?$AA?$AA@ 00016c18     common.obj
 0002:000003d0       ??_C@_1BE@GLOL@?$AAP?$AAc?$AAS?$AAp?$AAk?$AAr?$AAV?$AAo?$AAl?$AA?$AA@ 00016c30     common.obj
 0002:000003e4       ??_C@_1O@MNBB@?$AAM?$AAi?$AAc?$AAV?$AAo?$AAl?$AA?$AA@ 00016c44     common.obj
 0002:000003f4       ??_C@_1BO@HCKE@?$AAR?$AAi?$AAg?$AAh?$AAt?$AAL?$AAi?$AAn?$AAe?$AAI?$AAn?$AAV?$AAo?$AAl?$AA?$AA@ 00016c54     common.obj
 0002:00000414       ??_C@_1BM@KLMB@?$AAL?$AAe?$AAf?$AAt?$AAL?$AAi?$AAn?$AAe?$AAI?$AAn?$AAV?$AAo?$AAl?$AA?$AA@ 00016c74     common.obj
 0002:00000430       ??_C@_1BG@COJL@?$AAR?$AAi?$AAg?$AAh?$AAt?$AAC?$AAD?$AAV?$AAo?$AAl?$AA?$AA@ 00016c90     common.obj
 0002:00000448       ??_C@_1BE@KMKA@?$AAL?$AAe?$AAf?$AAt?$AAC?$AAD?$AAV?$AAo?$AAl?$AA?$AA@ 00016ca8     common.obj
 0002:0000045c       ??_C@_1BK@JCIM@?$AAR?$AAi?$AAg?$AAh?$AAt?$AAM?$AAi?$AAd?$AAi?$AAV?$AAo?$AAl?$AA?$AA@ 00016cbc     common.obj
 0002:00000478       ??_C@_1BI@KBIJ@?$AAL?$AAe?$AAf?$AAt?$AAM?$AAi?$AAd?$AAi?$AAV?$AAo?$AAl?$AA?$AA@ 00016cd8     common.obj
 0002:00000490       ??_C@_1BK@MFCG@?$AAR?$AAi?$AAg?$AAh?$AAt?$AAW?$AAa?$AAv?$AAe?$AAV?$AAo?$AAl?$AA?$AA@ 00016cf0     common.obj
 0002:000004ac       ??_C@_1BI@PGCD@?$AAL?$AAe?$AAf?$AAt?$AAW?$AAa?$AAv?$AAe?$AAV?$AAo?$AAl?$AA?$AA@ 00016d0c     common.obj
 0002:000004c4       ??_C@_1BO@NHA@?$AAR?$AAi?$AAg?$AAh?$AAt?$AAM?$AAa?$AAs?$AAt?$AAe?$AAr?$AAV?$AAo?$AAl?$AA?$AA@ 00016d24     common.obj
 0002:000004e4       ??_C@_1BM@NEBF@?$AAL?$AAe?$AAf?$AAt?$AAM?$AAa?$AAs?$AAt?$AAe?$AAr?$AAV?$AAo?$AAl?$AA?$AA@ 00016d44     common.obj
 0002:00000500       ??_7CAdapterCommon@@6BCUnknown@@@ 00016d60     common.obj
 0002:00000510       ??_7CAdapterCommon@@6BIAdapterPowerManagement@@@ 00016d70     common.obj
 0002:00000528       ??_7CAdapterCommon@@6BIAdapterCommon@@@ 00016d88     common.obj
 0002:00000658       ??_7CMiniportTopologyHDA@@6BCUnknown@@@ 00016eb8     mintopo.obj
 0002:00000668       ??_7CMiniportTopologyHDA@@6BIMiniportTopology@@@ 00016ec8     mintopo.obj
 0002:00000680       ??_7CMiniportWaveCyclicHDA@@6BCUnknown@@@ 00016ee0     minwave.obj
 0002:00000690       ??_7CMiniportWaveCyclicHDA@@6BIMiniportWaveCyclic@@@ 00016ef0     minwave.obj
 0002:000006ac       ??_7CMiniportWaveCyclicStreamHDA@@6BCUnknown@@@ 00016f0c     minwave.obj
 0002:000006bc       ??_7CMiniportWaveCyclicStreamHDA@@6BIMiniportWaveCyclicStream@@@ 00016f1c     minwave.obj
 0002:000006e0       ??_7CUnknown@@6B@          00016f40     stdunk:stdunk.obj
 0003:00000000       ?ulDebugOut@@3KA           00016f60     adapter.obj
 0003:00000008       __GUID_b7902fe9_fb0a_11d1_81b0_0060083316c1 00016f68     adapter.obj
 0003:00000018       __GUID_d3f0ce1c_fffc_11d1_81b0_0060083316c1 00016f78     adapter.obj
 0003:00000028       __GUID_c096df9c_fb09_11d1_81b0_0060083316c1 00016f88     adapter.obj
 0003:00000140       ?audBufSize@@3KA           000170a0     common.obj
 0003:00000144       ?BdlSize@@3KA              000170a4     common.obj
 0003:00000840       __GUID_185fedf6_9905_11d1_95a9_00c04fb925d3 000177a0     mintopo.obj
 0003:00000850       __GUID_185fedef_9905_11d1_95a9_00c04fb925d3 000177b0     mintopo.obj
 0003:00000860       __GUID_185fede1_9905_11d1_95a9_00c04fb925d3 000177c0     mintopo.obj
 0003:00000870       __GUID_185fede0_9905_11d1_95a9_00c04fb925d3 000177d0     mintopo.obj
 0003:00000880       __GUID_7607e580_c557_11d0_8a2b_00a0c9255ac1 000177e0     mintopo.obj
 0003:00000890       __GUID_185fede3_9905_11d1_95a9_00c04fb925d3 000177f0     mintopo.obj
 0003:000008a0       __GUID_da441a60_c556_11d0_8a2b_00a0c9255ac1 00017800     mintopo.obj
 0003:000008b0       __GUID_185fedee_9905_11d1_95a9_00c04fb925d3 00017810     mintopo.obj
 0003:000008c0       __GUID_02b223c0_c557_11d0_8a2b_00a0c9255ac1 00017820     mintopo.obj
 0003:000008d0       __GUID_185feded_9905_11d1_95a9_00c04fb925d3 00017830     mintopo.obj
 0003:000008e0       __GUID_e88c9ba0_c557_11d0_8a2b_00a0c9255ac1 00017840     mintopo.obj
 0003:000008f0       __GUID_185fedec_9905_11d1_95a9_00c04fb925d3 00017850     mintopo.obj
 0003:00000900       __GUID_185fedeb_9905_11d1_95a9_00c04fb925d3 00017860     mintopo.obj
 0003:00000910       __GUID_185fedea_9905_11d1_95a9_00c04fb925d3 00017870     mintopo.obj
 0003:00000920       __GUID_185fede9_9905_11d1_95a9_00c04fb925d3 00017880     mintopo.obj
 0003:00000930       __GUID_185fede8_9905_11d1_95a9_00c04fb925d3 00017890     mintopo.obj
 0003:00000940       __GUID_e573adc0_c555_11d0_8a2b_00a0c9255ac1 000178a0     mintopo.obj
 0003:00000950       __GUID_185fede7_9905_11d1_95a9_00c04fb925d3 000178b0     mintopo.obj
 0003:00000960       __GUID_185fede5_9905_11d1_95a9_00c04fb925d3 000178c0     mintopo.obj
 0003:00000970       __GUID_3a5acc00_c557_11d0_8a2b_00a0c9255ac1 000178d0     mintopo.obj
 0003:00000980       __GUID_45ffaaa0_6e1b_11d0_bcf2_444553540000 000178e0     mintopo.obj
 0003:00000990       __GUID_6994ad04_93ef_11d0_a3cc_00a0c9223196 000178f0     mintopo.obj
 0003:000009a0       __GUID_185fedf7_9905_11d1_95a9_00c04fb925d3 00017900     mintopo.obj
 0003:000009b0       __GUID_dff21ce1_f70f_11d0_b917_00a0c9223196 00017910     mintopo.obj
 0003:000009c0       __GUID_dff21be1_f70f_11d0_b917_00a0c9223196 00017920     mintopo.obj
 0003:000009d0       __GUID_185fedf9_9905_11d1_95a9_00c04fb925d3 00017930     mintopo.obj
 0003:000009e0       __GUID_dff21fe3_f70f_11d0_b917_00a0c9223196 00017940     mintopo.obj
 0003:000009f0       __GUID_185fedfb_9905_11d1_95a9_00c04fb925d3 00017950     mintopo.obj
 0003:00000a00       __GUID_dff220e3_f70f_11d0_b917_00a0c9223196 00017960     mintopo.obj
 0003:00000a10       __GUID_185fedf8_9905_11d1_95a9_00c04fb925d3 00017970     mintopo.obj
 0003:00000a20       __GUID_dff220f3_f70f_11d0_b917_00a0c9223196 00017980     mintopo.obj
 0003:00000a30       __GUID_dff21fe4_f70f_11d0_b917_00a0c9223196 00017990     mintopo.obj
 0003:00000a40       __GUID_97e99ba0_bdea_11cf_a5d6_28db04c10000 000179a0     mintopo.obj
 0003:00000c88       __GUID_507ae360_c554_11d0_8a2b_00a0c9255ac1 00017be8     minwave.obj
 0003:00000c98       __GUID_4d837fe0_c555_11d0_8a2b_00a0c9255ac1 00017bf8     minwave.obj
 0003:00000ca8       __GUID_185fedfa_9905_11d1_95a9_00c04fb925d3 00017c08     minwave.obj
 0003:00000cb8       __GUID_fb6c4281_0353_11d1_905f_0000c0cc16ba 00017c18     minwave.obj
 0003:00000cc8       __GUID_05589f81_c356_11ce_bf01_00aa0055595a 00017c28     minwave.obj
 0003:00000cd8       __GUID_00000001_0000_0010_8000_00aa00389b71 00017c38     minwave.obj
 0003:00000ce8       __GUID_73647561_0000_0010_8000_00aa00389b71 00017c48     minwave.obj
 0003:00000cf8       __GUID_518590a2_a184_11d0_8522_00c04fd9baf3 00017c58     minwave.obj
 0003:00000d08       __GUID_0f6417d6_c318_11d0_a43f_00a0c9223196 00017c68     minwave.obj
 0003:00000d18       __GUID_00000000_0000_0000_0000_000000000000 00017c78     adapter.obj
 0004:0000003e       _AddDevice@8               00017cde f   adapter.obj
 0004:0000026a       ?InstallSubdevice@@YGJPAU_DEVICE_OBJECT@@PAU_IRP@@PAGABU_GUID@@3P6GJPAPAUIUnknown@@3PAU4@W4_POOL_TYPE@@@Z5PAUIResourceList@@344@Z 00017f0a f   adapter.obj
 0004:0000066e       ?StartDevice@@YGJPAU_DEVICE_OBJECT@@PAU_IRP@@PAUIResourceList@@@Z 0001830e f   adapter.obj
 0004:00000e6e       ?AssignResources@@YGJPAUIResourceList@@PAPAU1@11111@Z 00018b0e f   adapter.obj
 0004:000013c8       ?NewAdapterCommon@@YGJPAPAUIUnknown@@ABU_GUID@@PAU1@W4_POOL_TYPE@@@Z 00019068 f   common.obj
 0004:00001df5       ?Init@CAdapterCommon@@UAGJPAUIResourceList@@PAU_DEVICE_OBJECT@@@Z 00019a95 f   common.obj
 0004:000035b2       ??1CAdapterCommon@@UAE@XZ  0001b252 f   common.obj
 0004:00003a40       ??_GHDA_Codec@@QAEPAXI@Z   0001b6e0 f i common.obj
 0004:00003ac7       ?NonDelegatingQueryInterface@CAdapterCommon@@UAGJABU_GUID@@PAPAX@Z 0001b767 f   common.obj
 0004:00003c1e       ?WavePortDriverDest@CAdapterCommon@@UAGPAPAUIUnknown@@XZ 0001b8be f   common.obj
 0004:00003cbe       ?GetInterruptSync@CAdapterCommon@@UAGPAUIInterruptSync@@XZ 0001b95e f   common.obj
 0004:00003d5e       ?GetDeviceDescription@CAdapterCommon@@UAGPAU_DEVICE_DESCRIPTION@@XZ 0001b9fe f   common.obj
 0004:00003dfe       ?MidiPortDriverDest@CAdapterCommon@@UAGPAPAUIUnknown@@XZ 0001ba9e f   common.obj
 0004:00003e9e       ?SetWaveServiceGroup@CAdapterCommon@@UAGXPAUIServiceGroup@@@Z 0001bb3e f   common.obj
 0004:000045b2       ?InitHDAController@CAdapterCommon@@QAGJXZ 0001c252 f   common.obj
 0004:000057e2       ?ReadRegistryBoolean@CAdapterCommon@@AAGEPBGE@Z 0001d482 f   common.obj
 0004:000059c8       ?CreateMiniportTopologyHDA@@YGJPAPAUIUnknown@@ABU_GUID@@PAU1@W4_POOL_TYPE@@@Z 0001d668 f   mintopo.obj
 0004:00005b3a       ?ProcessResources@CMiniportTopologyHDA@@AAEJPAUIResourceList@@@Z 0001d7da f   mintopo.obj
 0004:00005cba       ?NonDelegatingQueryInterface@CMiniportTopologyHDA@@UAGJABU_GUID@@PAPAX@Z 0001d95a f   mintopo.obj
 0004:00005e5e       ??1CMiniportTopologyHDA@@UAE@XZ 0001dafe f   mintopo.obj
 0004:00006036       ?Init@CMiniportTopologyHDA@@UAGJPAUIUnknown@@PAUIResourceList@@PAUIPortTopology@@@Z 0001dcd6 f   mintopo.obj
 0004:0000624a       ?GetDescription@CMiniportTopologyHDA@@UAGJPAPAUPCFILTER_DESCRIPTOR@@@Z 0001deea f   mintopo.obj
 0004:00007a08       ?CreateMiniportWaveCyclicHDA@@YGJPAPAUIUnknown@@ABU_GUID@@PAU1@W4_POOL_TYPE@@@Z 0001f6a8 f   minwave.obj
 0004:00007d1a       ?ProcessResources@CMiniportWaveCyclicHDA@@AAEJPAUIResourceList@@@Z 0001f9ba f   minwave.obj
 0004:00008252       ?ValidateFormat@CMiniportWaveCyclicHDA@@AAEJPATKSDATAFORMAT@@@Z 0001fef2 f   minwave.obj
 0004:0000848e       ?NonDelegatingQueryInterface@CMiniportWaveCyclicHDA@@UAGJABU_GUID@@PAPAX@Z 0002012e f   minwave.obj
 0004:00008642       ??1CMiniportWaveCyclicHDA@@UAE@XZ 000202e2 f   minwave.obj
 0004:00008836       ?Init@CMiniportWaveCyclicHDA@@UAGJPAUIUnknown@@PAUIResourceList@@PAUIPortWaveCyclic@@@Z 000204d6 f   minwave.obj
 0004:00008ace       ?GetDescription@CMiniportWaveCyclicHDA@@UAGJPAPAUPCFILTER_DESCRIPTOR@@@Z 0002076e f   minwave.obj
 0004:00008caa       ?DataRangeIntersection@CMiniportWaveCyclicHDA@@UAGJKPATKSDATAFORMAT@@0KPAXPAK@Z 0002094a f   minwave.obj
 0004:0000929a       ?NewStream@CMiniportWaveCyclicHDA@@UAGJPAPAUIMiniportWaveCyclicStream@@PAUIUnknown@@W4_POOL_TYPE@@KEPATKSDATAFORMAT@@PAPAUIDmaChannel@@PAPAUIServiceGroup@@@Z 00020f3a f   minwave.obj
 0004:00009632       ?NonDelegatingQueryInterface@CMiniportWaveCyclicStreamHDA@@UAGJABU_GUID@@PAPAX@Z 000212d2 f   minwave.obj
 0004:000097ce       ??1CMiniportWaveCyclicStreamHDA@@UAE@XZ 0002146e f   minwave.obj
 0004:00009a40       ?Init@CMiniportWaveCyclicStreamHDA@@QAEJPAVCMiniportWaveCyclicHDA@@KEPATKSDATAFORMAT@@PAUIDmaChannel@@@Z 000216e0 f   minwave.obj
 0004:00009cb2       ?SetNotificationFreq@CMiniportWaveCyclicStreamHDA@@UAGKKPAK@Z 00021952 f   minwave.obj
 0004:00009e46       ?SetFormat@CMiniportWaveCyclicStreamHDA@@UAGJPATKSDATAFORMAT@@@Z 00021ae6 f   minwave.obj
 0004:0000a08e       ?SetState@CMiniportWaveCyclicStreamHDA@@UAGJW4KSSTATE@@@Z 00021d2e f   minwave.obj
 0005:0000003e       _DriverEntry@8             00021e7e f   adapter.obj
 0005:000000ac       __IMPORT_DESCRIPTOR_ntoskrnl 00021eec     ntoskrnl:ntoskrnl.exe
 0005:000000c0       __IMPORT_DESCRIPTOR_HAL    00021f00     hal:HAL.dll
 0005:000000d4       __IMPORT_DESCRIPTOR_portcls 00021f14     portcls:portcls.sys
 0005:000000e8       __NULL_IMPORT_DESCRIPTOR   00021f28     ntoskrnl:ntoskrnl.exe

 entry point at        0005:0000003e

 Static symbols

 0004:0000639e       ?PropertyHandler_OnOff@@YGJPAU_PCPROPERTY_REQUEST@@@Z 0001e03e f   mintopo.obj
 0004:000067b6       ?PropertyHandler_SuperMixCaps@@YGJPAU_PCPROPERTY_REQUEST@@@Z 0001e456 f   mintopo.obj
 0004:00006db6       ?PropertyHandler_SuperMixTable@@YGJPAU_PCPROPERTY_REQUEST@@@Z 0001ea56 f   mintopo.obj
 0004:000074e6       ?PropertyHandler_CpuResources@@YGJPAU_PCPROPERTY_REQUEST@@@Z 0001f186 f   mintopo.obj
 0001:000059ce       ?PropertyHandler_Level@@YGJPAU_PCPROPERTY_REQUEST@@@Z 00015cae f   mintopo.obj
 0004:00007736       ?BasicSupportHandler@@YGJPAU_PCPROPERTY_REQUEST@@@Z 0001f3d6 f   mintopo.obj

 676 bytes saved through ICF

