 HDA

 Timestamp is 68ffcaa9 (Mon Oct 27 11:40:25 2025)

 Preferred load address is 00010000

 Start         Length     Name                   Class
 0001:00000000 0000335cH .text                   CODE
 0002:00000000 000000a4H .idata$5                DATA
 0002:000000a8 00000580H .rdata                  DATA
 0003:00000000 00000cd0H .data                   DATA
 0003:00000cd0 00000010H .bss                    DATA
 0004:00000000 0000ac80H PAGE                    CODE
 0005:00000000 000000a9H INIT                    CODE
 0005:000000ac 0000003cH .idata$2                CODE
 0005:000000e8 00000014H .idata$3                CODE
 0005:000000fc 000000a4H .idata$4                CODE
 0005:000001a0 00000338H .idata$6                CODE
 0006:00000000 00000058H .rsrc$01                DATA
 0006:00000060 00000338H .rsrc$02                DATA

  Address         Publics by Value              Rva+Base     Lib:Object

 0001:00000000       ??3@YAXPAX@Z               000102e0 f i common.obj
 0001:00000010       ??2@YGPAXIW4_POOL_TYPE@@K@Z 000102f0 f i common.obj
 0001:00000050       ??0CAdapterCommon@@QAE@PAUIUnknown@@@Z 00010330 f i common.obj
 0001:000000a0       ?QueryInterface@CAdapterCommon@@UAGJABU_GUID@@PAPAX@Z 00010380 f i common.obj
 0001:000000d0       ?GetOuterUnknown@CUnknown@@QAEPAUIUnknown@@XZ 000103b0 f i common.obj
 0001:000000f0       ?AddRef@CAdapterCommon@@UAGKXZ 000103d0 f i common.obj
 0001:00000120       ?Release@CAdapterCommon@@UAGKXZ 00010400 f i common.obj
 0001:00000150       ??_GCAdapterCommon@@UAEPAXI@Z 00010430 f i common.obj
 0001:00000150       ??_ECAdapterCommon@@UAEPAXI@Z 00010430 f i common.obj
 0001:00000190       ??0IMiniportWaveCyclicStream@@QAE@XZ 00010470 f i common.obj
 0001:00000190       ??0IAdapterPowerManagement@@QAE@XZ 00010470 f i common.obj
 0001:00000190       ??0IMiniport@@QAE@XZ       00010470 f i common.obj
 0001:00000190       ??0IAdapterCommon@@QAE@XZ  00010470 f i common.obj
 0001:000001b0       ??0IUnknown@@QAE@XZ        00010490 f i common.obj
 0001:000001c0       _IsEqualGUIDAligned@8      000104a0 f i common.obj
 0001:00000240       ?hda_check_headphone_connection_change@CAdapterCommon@@QAGXXZ 00010520 f   common.obj
 0001:000002f0       ?hda_is_supported_sample_rate@CAdapterCommon@@QAGEK@Z 000105d0 f   common.obj
 0001:000003de       ?hda_send_verb@CAdapterCommon@@QAGKKKKK@Z 000106be f   common.obj
 0001:000005c6       ?ReadController@CAdapterCommon@@UAGEXZ 000108a6 f   common.obj
 0001:0000066e       ?WriteController@CAdapterCommon@@UAGEE@Z 0001094e f   common.obj
 0001:00000776       ?MixerRegWrite@CAdapterCommon@@UAGXEE@Z 00010a56 f   common.obj
 0001:000008be       ?MixerRegRead@CAdapterCommon@@UAGEE@Z 00010b9e f   common.obj
 0001:00000992       ?MixerReset@CAdapterCommon@@UAGXXZ 00010c72 f   common.obj
 0001:00000a02       ?AcknowledgeIRQ@CAdapterCommon@@AAEEXZ 00010ce2 f   common.obj
 0001:00000b16       ?ResetController@CAdapterCommon@@UAGJXZ 00010df6 f   common.obj
 0001:00000bba       ?RestoreMixerSettingsFromRegistry@CAdapterCommon@@UAGJXZ 00010e9a f   common.obj
 0001:00000e36       ?SaveMixerSettingsToRegistry@CAdapterCommon@@UAGJXZ 00011116 f   common.obj
 0001:0000107a       ?ProgramSampleRate@CAdapterCommon@@QAGJK@Z 0001135a f   common.obj
 0001:0000131e       ?PowerChangeState@CAdapterCommon@@UAGXT_POWER_STATE@@@Z 000115fe f   common.obj
 0001:000014ba       ?QueryPowerChangeState@CAdapterCommon@@UAGJT_POWER_STATE@@@Z 0001179a f   common.obj
 0001:0000153e       ?QueryDeviceCapabilities@CAdapterCommon@@UAGJPAU_DEVICE_CAPABILITIES@@@Z 0001181e f   common.obj
 0001:000015fa       ?InterruptServiceRoutine@@YGJPAUIInterruptSync@@PAX@Z 000118da f   common.obj
 0001:00001786       ?hda_stop_stream@CAdapterCommon@@UAGJXZ 00011a66 f   common.obj
 0001:000019f0       ?hda_start_sound@CAdapterCommon@@UAGXXZ 00011cd0 f   common.obj
 0001:00001a5e       ?hda_stop_sound@CAdapterCommon@@UAGXXZ 00011d3e f   common.obj
 0001:00001b10       ?hda_get_actual_stream_position@CAdapterCommon@@UAGKXZ 00011df0 f   common.obj
 0001:00001b30       ?hda_set_volume@CAdapterCommon@@QAGXK@Z 00011e10 f   common.obj
 0001:00001bb0       ?readUCHAR@CAdapterCommon@@QAGEG@Z 00011e90 f   common.obj
 0001:00001bd0       ?writeUCHAR@CAdapterCommon@@QAGXGE@Z 00011eb0 f   common.obj
 0001:00001c00       ?readUSHORT@CAdapterCommon@@QAGGG@Z 00011ee0 f   common.obj
 0001:00001c20       ?writeUSHORT@CAdapterCommon@@QAGXGG@Z 00011f00 f   common.obj
 0001:00001c50       ?readULONG@CAdapterCommon@@QAGKG@Z 00011f30 f   common.obj
 0001:00001c70       ?writeULONG@CAdapterCommon@@QAGXGK@Z 00011f50 f   common.obj
 0001:00001ec2       ?hda_showtime@CAdapterCommon@@UAGJPAUIDmaChannel@@@Z 000121a2 f   common.obj
 0001:00002470       ?hda_return_sound_data_format@CAdapterCommon@@QAGGKKK@Z 00012750 f   common.obj
 0001:000025e0       ?QueryInterface@CAdapterCommon@@W3AGJABU_GUID@@PAPAX@Z 000128c0 f i common.obj
 0001:000025f0       ?AddRef@CAdapterCommon@@W3AGKXZ 000128d0 f i common.obj
 0001:00002600       ?Release@CAdapterCommon@@W3AGKXZ 000128e0 f i common.obj
 0001:00002610       ??0CMiniportTopologyHDA@@QAE@PAUIUnknown@@@Z 000128f0 f i mintopo.obj
 0001:00002650       ?QueryInterface@CMiniportWaveCyclicStreamHDA@@UAGJABU_GUID@@PAPAX@Z 00012930 f i mintopo.obj
 0001:00002650       ?QueryInterface@CMiniportTopologyHDA@@UAGJABU_GUID@@PAPAX@Z 00012930 f i mintopo.obj
 0001:00002650       ?QueryInterface@CMiniportWaveCyclicHDA@@UAGJABU_GUID@@PAPAX@Z 00012930 f i mintopo.obj
 0001:00002680       ?AddRef@CMiniportTopologyHDA@@UAGKXZ 00012960 f i mintopo.obj
 0001:00002680       ?AddRef@CMiniportWaveCyclicHDA@@UAGKXZ 00012960 f i mintopo.obj
 0001:00002680       ?AddRef@CMiniportWaveCyclicStreamHDA@@UAGKXZ 00012960 f i mintopo.obj
 0001:000026b0       ?Release@CMiniportWaveCyclicHDA@@UAGKXZ 00012990 f i mintopo.obj
 0001:000026b0       ?Release@CMiniportWaveCyclicStreamHDA@@UAGKXZ 00012990 f i mintopo.obj
 0001:000026b0       ?Release@CMiniportTopologyHDA@@UAGKXZ 00012990 f i mintopo.obj
 0001:000026e0       ?DataRangeIntersection@CMiniportTopologyHDA@@UAGJKPATKSDATAFORMAT@@0KPAXPAK@Z 000129c0 f i mintopo.obj
 0001:000026f0       ??_ECMiniportTopologyHDA@@UAEPAXI@Z 000129d0 f i mintopo.obj
 0001:000026f0       ??_GCMiniportTopologyHDA@@UAEPAXI@Z 000129d0 f i mintopo.obj
 0001:00002730       ??0IMiniportTopology@@QAE@XZ 00012a10 f i mintopo.obj
 0001:00002730       ??0IMiniportWaveCyclic@@QAE@XZ 00012a10 f i mintopo.obj
 0001:00002dd0       ?ReadBitsFromMixer@CMiniportTopologyHDA@@AAEEEEE@Z 000130b0 f   mintopo.obj
 0001:00002e20       ?ThisManyOnes@@YGEE@Z      00013100 f i mintopo.obj
 0001:00002e40       ?WriteBitsToMixer@CMiniportTopologyHDA@@AAEXEEEE@Z 00013120 f   mintopo.obj
 0001:00002ee0       ??0CMiniportWaveCyclicHDA@@QAE@PAUIUnknown@@@Z 000131c0 f i minwave.obj
 0001:00002f20       ??_GCMiniportWaveCyclicHDA@@UAEPAXI@Z 00013200 f i minwave.obj
 0001:00002f20       ??_ECMiniportWaveCyclicHDA@@UAEPAXI@Z 00013200 f i minwave.obj
 0001:00002f60       ??2@YGPAXIW4_POOL_TYPE@@@Z 00013240 f i minwave.obj
 0001:00002fb0       ??0CMiniportWaveCyclicStreamHDA@@QAE@PAUIUnknown@@@Z 00013290 f i minwave.obj
 0001:00002ff0       ??_GCMiniportWaveCyclicStreamHDA@@UAEPAXI@Z 000132d0 f i minwave.obj
 0001:00002ff0       ??_ECMiniportWaveCyclicStreamHDA@@UAEPAXI@Z 000132d0 f i minwave.obj
 0001:00003049       ?GetPosition@CMiniportWaveCyclicStreamHDA@@UAGJPAK@Z 00013329 f   minwave.obj
 0001:0000313e       ?NormalizePhysicalPosition@CMiniportWaveCyclicStreamHDA@@UAGJPA_J@Z 0001341e f   minwave.obj
 0001:000031e0       ?Silence@CMiniportWaveCyclicStreamHDA@@UAGXPAXK@Z 000134c0 f   minwave.obj
 0001:0000321e       _DbgPrint                  000134fe f   ntoskrnl:ntoskrnl.exe
 0001:00003224       _DbgBreakPoint@0           00013504 f   ntoskrnl:ntoskrnl.exe
 0001:0000322a       __alldiv                   0001350a f   ntoskrnl:ntoskrnl.exe
 0001:00003230       __allmul                   00013510 f   ntoskrnl:ntoskrnl.exe
 0001:00003236       _PcInitializeAdapterDriver@12 00013516 f   portcls:portcls.sys
 0001:0000323c       _PcAddAdapterDevice@20     0001351c f   portcls:portcls.sys
 0001:00003242       _PcRegisterSubdevice@12    00013522 f   portcls:portcls.sys
 0001:00003248       _PcNewMiniport@8           00013528 f   portcls:portcls.sys
 0001:0000324e       _PcNewPort@8               0001352e f   portcls:portcls.sys
 0001:00003254       _PcRegisterPhysicalConnection@20 00013534 f   portcls:portcls.sys
 0001:0000325a       _PcRegisterAdapterPowerManagement@8 0001353a f   portcls:portcls.sys
 0001:00003260       _PcNewResourceSublist@20   00013540 f   portcls:portcls.sys
 0001:00003266       _PcNewInterruptSync@20     00013546 f   portcls:portcls.sys
 0001:0000326c       _PcNewRegistryKey@36       0001354c f   portcls:portcls.sys
 0001:00003272       _PcNewServiceGroup@8       00013552 f   portcls:portcls.sys
 0001:00003278       ??0CUnknown@@QAE@PAUIUnknown@@@Z 00013558 f   stdunk:stdunk.obj
 0001:00003297       ??_ECUnknown@@UAEPAXI@Z    00013577 f i stdunk:stdunk.obj
 0001:00003297       ??_GCUnknown@@UAEPAXI@Z    00013577 f i stdunk:stdunk.obj
 0001:000032b3       ??1CUnknown@@UAE@XZ        00013593 f   stdunk:stdunk.obj
 0001:000032ba       ?NonDelegatingAddRef@CUnknown@@UAGKXZ 0001359a f   stdunk:stdunk.obj
 0001:000032d0       ?NonDelegatingRelease@CUnknown@@UAGKXZ 000135b0 f   stdunk:stdunk.obj
 0001:000032ff       ?NonDelegatingQueryInterface@CUnknown@@UAGJABU_GUID@@PAPAX@Z 000135df f   stdunk:stdunk.obj
 0002:00000000       __imp_@KfAcquireSpinLock@4 00013640     hal:HAL.dll
 0002:00000004       __imp_@KfReleaseSpinLock@8 00013644     hal:HAL.dll
 0002:00000008       __imp__KeGetCurrentIrql@0  00013648     hal:HAL.dll
 0002:0000000c       __imp__KeStallExecutionProcessor@4 0001364c     hal:HAL.dll
 0002:00000010       \177HAL_NULL_THUNK_DATA    00013650     hal:HAL.dll
 0002:00000014       __imp__MmMapIoSpace@16     00013654     ntoskrnl:ntoskrnl.exe
 0002:00000018       __imp__IoGetDmaAdapter@12  00013658     ntoskrnl:ntoskrnl.exe
 0002:0000001c       __imp__ExAllocatePoolWithTag@12 0001365c     ntoskrnl:ntoskrnl.exe
 0002:00000020       __imp__KeInitializeSpinLock@4 00013660     ntoskrnl:ntoskrnl.exe
 0002:00000024       __imp__READ_REGISTER_ULONG@4 00013664     ntoskrnl:ntoskrnl.exe
 0002:00000028       __imp__WRITE_REGISTER_ULONG@8 00013668     ntoskrnl:ntoskrnl.exe
 0002:0000002c       __imp__RtlInitUnicodeString@8 0001366c     ntoskrnl:ntoskrnl.exe
 0002:00000030       __imp__MmUnmapIoSpace@8    00013670     ntoskrnl:ntoskrnl.exe
 0002:00000034       __imp__DbgPrint            00013674     ntoskrnl:ntoskrnl.exe
 0002:00000038       __imp__READ_REGISTER_USHORT@4 00013678     ntoskrnl:ntoskrnl.exe
 0002:0000003c       __imp__WRITE_REGISTER_USHORT@8 0001367c     ntoskrnl:ntoskrnl.exe
 0002:00000040       __imp__KeInitializeMutex@8 00013680     ntoskrnl:ntoskrnl.exe
 0002:00000044       __imp__KeReleaseMutex@8    00013684     ntoskrnl:ntoskrnl.exe
 0002:00000048       __imp__KeWaitForSingleObject@20 00013688     ntoskrnl:ntoskrnl.exe
 0002:0000004c       __imp___alldiv             0001368c     ntoskrnl:ntoskrnl.exe
 0002:00000050       __imp__RtlAssert@16        00013690     ntoskrnl:ntoskrnl.exe
 0002:00000054       __imp__ExFreePool@4        00013694     ntoskrnl:ntoskrnl.exe
 0002:00000058       __imp__DbgBreakPoint@0     00013698     ntoskrnl:ntoskrnl.exe
 0002:0000005c       __imp__READ_REGISTER_UCHAR@4 0001369c     ntoskrnl:ntoskrnl.exe
 0002:00000060       __imp__WRITE_REGISTER_UCHAR@8 000136a0     ntoskrnl:ntoskrnl.exe
 0002:00000064       __imp___allmul             000136a4     ntoskrnl:ntoskrnl.exe
 0002:00000068       __imp_@InterlockedDecrement@4 000136a8     ntoskrnl:ntoskrnl.exe
 0002:0000006c       __imp_@InterlockedIncrement@4 000136ac     ntoskrnl:ntoskrnl.exe
 0002:00000070       \177ntoskrnl_NULL_THUNK_DATA 000136b0     ntoskrnl:ntoskrnl.exe
 0002:00000074       __imp__PcInitializeAdapterDriver@12 000136b4     portcls:portcls.sys
 0002:00000078       __imp__PcNewMiniport@8     000136b8     portcls:portcls.sys
 0002:0000007c       __imp__PcNewPort@8         000136bc     portcls:portcls.sys
 0002:00000080       __imp__PcRegisterPhysicalConnection@20 000136c0     portcls:portcls.sys
 0002:00000084       __imp__PcAddAdapterDevice@20 000136c4     portcls:portcls.sys
 0002:00000088       __imp__PcRegisterSubdevice@12 000136c8     portcls:portcls.sys
 0002:0000008c       __imp__PcNewInterruptSync@20 000136cc     portcls:portcls.sys
 0002:00000090       __imp__PcNewRegistryKey@36 000136d0     portcls:portcls.sys
 0002:00000094       __imp__PcNewServiceGroup@8 000136d4     portcls:portcls.sys
 0002:00000098       __imp__PcRegisterAdapterPowerManagement@8 000136d8     portcls:portcls.sys
 0002:0000009c       __imp__PcNewResourceSublist@20 000136dc     portcls:portcls.sys
 0002:000000a0       \177portcls_NULL_THUNK_DATA 000136e0     portcls:portcls.sys
 0002:00000120       _IID_IAdapterCommon        00013760     adapter.obj
 0002:00000130       _CLSID_MiniportDriverFmSynth 00013770     adapter.obj
 0002:00000140       _CLSID_PortWaveCyclic      00013780     adapter.obj
 0002:00000150       _CLSID_PortTopology        00013790     adapter.obj
 0002:00000160       _CLSID_PortMidi            000137a0     adapter.obj
 0002:00000170       _IID_IAdapterPowerManagment 000137b0     adapter.obj
 0002:00000180       _IID_IMiniportWaveCyclicStream 000137c0     adapter.obj
 0002:00000190       _IID_IMiniportWaveCyclic   000137d0     adapter.obj
 0002:000001a0       _IID_IPortWaveCyclic       000137e0     adapter.obj
 0002:000001b0       _IID_IMiniportTopology     000137f0     adapter.obj
 0002:000001c0       _IID_IMiniport             00013800     adapter.obj
 0002:000001d0       _IID_IUnknown              00013810     adapter.obj
 0002:000001e0       ??_C@_1BE@ENEK@?$AAR?$AAi?$AAg?$AAh?$AAt?$AAB?$AAa?$AAs?$AAs?$AA?$AA@ 00013820     common.obj
 0002:000001f4       ??_C@_1BC@JMJO@?$AAL?$AAe?$AAf?$AAt?$AAB?$AAa?$AAs?$AAs?$AA?$AA@ 00013834     common.obj
 0002:00000208       ??_C@_1BI@KGAJ@?$AAR?$AAi?$AAg?$AAh?$AAt?$AAT?$AAr?$AAe?$AAb?$AAl?$AAe?$AA?$AA@ 00013848     common.obj
 0002:00000220       ??_C@_1BG@BGGD@?$AAL?$AAe?$AAf?$AAt?$AAT?$AAr?$AAe?$AAb?$AAl?$AAe?$AA?$AA@ 00013860     common.obj
 0002:00000238       ??_C@_1O@IECC@?$AAM?$AAi?$AAc?$AAA?$AAG?$AAC?$AA?$AA@ 00013878     common.obj
 0002:00000248       ??_C@_1CA@EJHI@?$AAR?$AAi?$AAg?$AAh?$AAt?$AAO?$AAu?$AAt?$AAp?$AAu?$AAt?$AAG?$AAa?$AAi?$AAn?$AA?$AA@ 00013888     common.obj
 0002:00000268       ??_C@_1BO@PPLI@?$AAL?$AAe?$AAf?$AAt?$AAO?$AAu?$AAt?$AAp?$AAu?$AAt?$AAG?$AAa?$AAi?$AAn?$AA?$AA@ 000138a8     common.obj
 0002:00000288       ??_C@_1BO@PMCJ@?$AAR?$AAi?$AAg?$AAh?$AAt?$AAI?$AAn?$AAp?$AAu?$AAt?$AAG?$AAa?$AAi?$AAn?$AA?$AA@ 000138c8     common.obj
 0002:000002a8       ??_C@_1BM@CFEM@?$AAL?$AAe?$AAf?$AAt?$AAI?$AAn?$AAp?$AAu?$AAt?$AAG?$AAa?$AAi?$AAn?$AA?$AA@ 000138e8     common.obj
 0002:000002c4       ??_C@_1CA@CIKM@?$AAR?$AAi?$AAg?$AAh?$AAt?$AAI?$AAn?$AAp?$AAu?$AAt?$AAM?$AAi?$AAx?$AAe?$AAr?$AA?$AA@ 00013904     common.obj
 0002:000002e4       ??_C@_1BO@JOGM@?$AAL?$AAe?$AAf?$AAt?$AAI?$AAn?$AAp?$AAu?$AAt?$AAM?$AAi?$AAx?$AAe?$AAr?$AA?$AA@ 00013924     common.obj
 0002:00000304       ??_C@_1BI@BMOJ@?$AAO?$AAu?$AAt?$AAp?$AAu?$AAt?$AAM?$AAi?$AAx?$AAe?$AAr?$AA?$AA@ 00013944     common.obj
 0002:0000031c       ??_C@_1BE@GLOL@?$AAP?$AAc?$AAS?$AAp?$AAk?$AAr?$AAV?$AAo?$AAl?$AA?$AA@ 0001395c     common.obj
 0002:00000330       ??_C@_1O@MNBB@?$AAM?$AAi?$AAc?$AAV?$AAo?$AAl?$AA?$AA@ 00013970     common.obj
 0002:00000340       ??_C@_1BO@HCKE@?$AAR?$AAi?$AAg?$AAh?$AAt?$AAL?$AAi?$AAn?$AAe?$AAI?$AAn?$AAV?$AAo?$AAl?$AA?$AA@ 00013980     common.obj
 0002:00000360       ??_C@_1BM@KLMB@?$AAL?$AAe?$AAf?$AAt?$AAL?$AAi?$AAn?$AAe?$AAI?$AAn?$AAV?$AAo?$AAl?$AA?$AA@ 000139a0     common.obj
 0002:0000037c       ??_C@_1BG@COJL@?$AAR?$AAi?$AAg?$AAh?$AAt?$AAC?$AAD?$AAV?$AAo?$AAl?$AA?$AA@ 000139bc     common.obj
 0002:00000394       ??_C@_1BE@KMKA@?$AAL?$AAe?$AAf?$AAt?$AAC?$AAD?$AAV?$AAo?$AAl?$AA?$AA@ 000139d4     common.obj
 0002:000003a8       ??_C@_1BK@JCIM@?$AAR?$AAi?$AAg?$AAh?$AAt?$AAM?$AAi?$AAd?$AAi?$AAV?$AAo?$AAl?$AA?$AA@ 000139e8     common.obj
 0002:000003c4       ??_C@_1BI@KBIJ@?$AAL?$AAe?$AAf?$AAt?$AAM?$AAi?$AAd?$AAi?$AAV?$AAo?$AAl?$AA?$AA@ 00013a04     common.obj
 0002:000003dc       ??_C@_1BK@MFCG@?$AAR?$AAi?$AAg?$AAh?$AAt?$AAW?$AAa?$AAv?$AAe?$AAV?$AAo?$AAl?$AA?$AA@ 00013a1c     common.obj
 0002:000003f8       ??_C@_1BI@PGCD@?$AAL?$AAe?$AAf?$AAt?$AAW?$AAa?$AAv?$AAe?$AAV?$AAo?$AAl?$AA?$AA@ 00013a38     common.obj
 0002:00000410       ??_C@_1BO@NHA@?$AAR?$AAi?$AAg?$AAh?$AAt?$AAM?$AAa?$AAs?$AAt?$AAe?$AAr?$AAV?$AAo?$AAl?$AA?$AA@ 00013a50     common.obj
 0002:00000430       ??_C@_1BM@NEBF@?$AAL?$AAe?$AAf?$AAt?$AAM?$AAa?$AAs?$AAt?$AAe?$AAr?$AAV?$AAo?$AAl?$AA?$AA@ 00013a70     common.obj
 0002:0000044c       ??_7CAdapterCommon@@6BCUnknown@@@ 00013a8c     common.obj
 0002:0000045c       ??_7CAdapterCommon@@6BIAdapterPowerManagement@@@ 00013a9c     common.obj
 0002:00000474       ??_7CAdapterCommon@@6BIAdapterCommon@@@ 00013ab4     common.obj
 0002:00000590       ??_7CMiniportTopologyHDA@@6BCUnknown@@@ 00013bd0     mintopo.obj
 0002:000005a0       ??_7CMiniportTopologyHDA@@6BIMiniportTopology@@@ 00013be0     mintopo.obj
 0002:000005b8       ??_7CMiniportWaveCyclicHDA@@6BCUnknown@@@ 00013bf8     minwave.obj
 0002:000005c8       ??_7CMiniportWaveCyclicHDA@@6BIMiniportWaveCyclic@@@ 00013c08     minwave.obj
 0002:000005e4       ??_7CMiniportWaveCyclicStreamHDA@@6BCUnknown@@@ 00013c24     minwave.obj
 0002:000005f4       ??_7CMiniportWaveCyclicStreamHDA@@6BIMiniportWaveCyclicStream@@@ 00013c34     minwave.obj
 0002:00000618       ??_7CUnknown@@6B@          00013c58     stdunk:stdunk.obj
 0003:00000000       ?ulDebugOut@@3KA           00013c80     adapter.obj
 0003:00000008       __GUID_b7902fe9_fb0a_11d1_81b0_0060083316c1 00013c88     adapter.obj
 0003:00000018       __GUID_d3f0ce1c_fffc_11d1_81b0_0060083316c1 00013c98     adapter.obj
 0003:00000028       __GUID_c096df9c_fb09_11d1_81b0_0060083316c1 00013ca8     adapter.obj
 0003:000000f8       ?audBufSize@@3KA           00013d78     common.obj
 0003:000000fc       ?BdlSize@@3KA              00013d7c     common.obj
 0003:000007f8       __GUID_185fedf6_9905_11d1_95a9_00c04fb925d3 00014478     mintopo.obj
 0003:00000808       __GUID_185fedef_9905_11d1_95a9_00c04fb925d3 00014488     mintopo.obj
 0003:00000818       __GUID_185fede1_9905_11d1_95a9_00c04fb925d3 00014498     mintopo.obj
 0003:00000828       __GUID_185fede0_9905_11d1_95a9_00c04fb925d3 000144a8     mintopo.obj
 0003:00000838       __GUID_7607e580_c557_11d0_8a2b_00a0c9255ac1 000144b8     mintopo.obj
 0003:00000848       __GUID_185fede3_9905_11d1_95a9_00c04fb925d3 000144c8     mintopo.obj
 0003:00000858       __GUID_da441a60_c556_11d0_8a2b_00a0c9255ac1 000144d8     mintopo.obj
 0003:00000868       __GUID_185fedee_9905_11d1_95a9_00c04fb925d3 000144e8     mintopo.obj
 0003:00000878       __GUID_02b223c0_c557_11d0_8a2b_00a0c9255ac1 000144f8     mintopo.obj
 0003:00000888       __GUID_185feded_9905_11d1_95a9_00c04fb925d3 00014508     mintopo.obj
 0003:00000898       __GUID_e88c9ba0_c557_11d0_8a2b_00a0c9255ac1 00014518     mintopo.obj
 0003:000008a8       __GUID_185fedec_9905_11d1_95a9_00c04fb925d3 00014528     mintopo.obj
 0003:000008b8       __GUID_185fedeb_9905_11d1_95a9_00c04fb925d3 00014538     mintopo.obj
 0003:000008c8       __GUID_185fedea_9905_11d1_95a9_00c04fb925d3 00014548     mintopo.obj
 0003:000008d8       __GUID_185fede9_9905_11d1_95a9_00c04fb925d3 00014558     mintopo.obj
 0003:000008e8       __GUID_185fede8_9905_11d1_95a9_00c04fb925d3 00014568     mintopo.obj
 0003:000008f8       __GUID_e573adc0_c555_11d0_8a2b_00a0c9255ac1 00014578     mintopo.obj
 0003:00000908       __GUID_185fede7_9905_11d1_95a9_00c04fb925d3 00014588     mintopo.obj
 0003:00000918       __GUID_185fede5_9905_11d1_95a9_00c04fb925d3 00014598     mintopo.obj
 0003:00000928       __GUID_3a5acc00_c557_11d0_8a2b_00a0c9255ac1 000145a8     mintopo.obj
 0003:00000938       __GUID_45ffaaa0_6e1b_11d0_bcf2_444553540000 000145b8     mintopo.obj
 0003:00000948       __GUID_6994ad04_93ef_11d0_a3cc_00a0c9223196 000145c8     mintopo.obj
 0003:00000958       __GUID_185fedf7_9905_11d1_95a9_00c04fb925d3 000145d8     mintopo.obj
 0003:00000968       __GUID_dff21ce1_f70f_11d0_b917_00a0c9223196 000145e8     mintopo.obj
 0003:00000978       __GUID_dff21be1_f70f_11d0_b917_00a0c9223196 000145f8     mintopo.obj
 0003:00000988       __GUID_185fedf9_9905_11d1_95a9_00c04fb925d3 00014608     mintopo.obj
 0003:00000998       __GUID_dff21fe3_f70f_11d0_b917_00a0c9223196 00014618     mintopo.obj
 0003:000009a8       __GUID_185fedfb_9905_11d1_95a9_00c04fb925d3 00014628     mintopo.obj
 0003:000009b8       __GUID_dff220e3_f70f_11d0_b917_00a0c9223196 00014638     mintopo.obj
 0003:000009c8       __GUID_185fedf8_9905_11d1_95a9_00c04fb925d3 00014648     mintopo.obj
 0003:000009d8       __GUID_dff220f3_f70f_11d0_b917_00a0c9223196 00014658     mintopo.obj
 0003:000009e8       __GUID_dff21fe4_f70f_11d0_b917_00a0c9223196 00014668     mintopo.obj
 0003:000009f8       __GUID_97e99ba0_bdea_11cf_a5d6_28db04c10000 00014678     mintopo.obj
 0003:00000c40       __GUID_507ae360_c554_11d0_8a2b_00a0c9255ac1 000148c0     minwave.obj
 0003:00000c50       __GUID_4d837fe0_c555_11d0_8a2b_00a0c9255ac1 000148d0     minwave.obj
 0003:00000c60       __GUID_185fedfa_9905_11d1_95a9_00c04fb925d3 000148e0     minwave.obj
 0003:00000c70       __GUID_fb6c4281_0353_11d1_905f_0000c0cc16ba 000148f0     minwave.obj
 0003:00000c80       __GUID_05589f81_c356_11ce_bf01_00aa0055595a 00014900     minwave.obj
 0003:00000c90       __GUID_00000001_0000_0010_8000_00aa00389b71 00014910     minwave.obj
 0003:00000ca0       __GUID_73647561_0000_0010_8000_00aa00389b71 00014920     minwave.obj
 0003:00000cb0       __GUID_518590a2_a184_11d0_8522_00c04fd9baf3 00014930     minwave.obj
 0003:00000cc0       __GUID_0f6417d6_c318_11d0_a43f_00a0c9223196 00014940     minwave.obj
 0003:00000cd0       __GUID_00000000_0000_0000_0000_000000000000 00014950     adapter.obj
 0004:0000003e       _AddDevice@8               0001499e f   adapter.obj
 0004:0000026a       ?InstallSubdevice@@YGJPAU_DEVICE_OBJECT@@PAU_IRP@@PAGABU_GUID@@3P6GJPAPAUIUnknown@@3PAU4@W4_POOL_TYPE@@@Z5PAUIResourceList@@344@Z 00014bca f   adapter.obj
 0004:0000066e       ?StartDevice@@YGJPAU_DEVICE_OBJECT@@PAU_IRP@@PAUIResourceList@@@Z 00014fce f   adapter.obj
 0004:00000e6e       ?AssignResources@@YGJPAUIResourceList@@PAPAU1@11111@Z 000157ce f   adapter.obj
 0004:000014d8       ?NewAdapterCommon@@YGJPAPAUIUnknown@@ABU_GUID@@PAU1@W4_POOL_TYPE@@@Z 00015e38 f   common.obj
 0004:00001d5d       ?Init@CAdapterCommon@@UAGJPAUIResourceList@@PAU_DEVICE_OBJECT@@@Z 000166bd f   common.obj
 0004:00002c92       ??1CAdapterCommon@@UAE@XZ  000175f2 f   common.obj
 0004:00003117       ?NonDelegatingQueryInterface@CAdapterCommon@@UAGJABU_GUID@@PAPAX@Z 00017a77 f   common.obj
 0004:0000326e       ?WavePortDriverDest@CAdapterCommon@@UAGPAPAUIUnknown@@XZ 00017bce f   common.obj
 0004:0000330e       ?GetInterruptSync@CAdapterCommon@@UAGPAUIInterruptSync@@XZ 00017c6e f   common.obj
 0004:000033ae       ?MidiPortDriverDest@CAdapterCommon@@UAGPAPAUIUnknown@@XZ 00017d0e f   common.obj
 0004:0000344e       ?SetWaveServiceGroup@CAdapterCommon@@UAGXPAUIServiceGroup@@@Z 00017dae f   common.obj
 0004:000038d6       ?InitHDA@CAdapterCommon@@QAGJXZ 00018236 f   common.obj
 0004:000042fa       ?InitializeCodec@CAdapterCommon@@QAGJE@Z 00018c5a f   common.obj
 0004:0000492f       ?hda_initialize_audio_function_group@CAdapterCommon@@QAGXKK@Z 0001928f f   common.obj
 0004:000052ae       ?hda_get_node_type@CAdapterCommon@@QAGEKK@Z 00019c0e f   common.obj
 0004:0000535e       ?hda_get_node_connection_entries@CAdapterCommon@@QAGKKKK@Z 00019cbe f   common.obj
 0004:000054ae       ?hda_set_node_gain@CAdapterCommon@@QAGXKKKKK@Z 00019e0e f   common.obj
 0004:00005590       ?hda_enable_pin_output@CAdapterCommon@@QAGXKK@Z 00019ef0 f   common.obj
 0004:000055d0       ?hda_disable_pin_output@CAdapterCommon@@QAGXKK@Z 00019f30 f   common.obj
 0004:00005610       ?hda_is_headphone_connected@CAdapterCommon@@QAGHXZ 00019f70 f   common.obj
 0004:00005716       ?hda_initialize_output_pin@CAdapterCommon@@QAGXK@Z 0001a076 f   common.obj
 0004:00005b16       ?hda_initalize_audio_output@CAdapterCommon@@QAGXK@Z 0001a476 f   common.obj
 0004:00005f16       ?hda_initalize_audio_mixer@CAdapterCommon@@QAGXK@Z 0001a876 f   common.obj
 0004:0000623e       ?hda_initalize_audio_selector@CAdapterCommon@@QAGXK@Z 0001ab9e f   common.obj
 0004:00006518       ?CreateMiniportTopologyHDA@@YGJPAPAUIUnknown@@ABU_GUID@@PAU1@W4_POOL_TYPE@@@Z 0001ae78 f   mintopo.obj
 0004:0000668a       ?ProcessResources@CMiniportTopologyHDA@@AAEJPAUIResourceList@@@Z 0001afea f   mintopo.obj
 0004:0000681a       ?NonDelegatingQueryInterface@CMiniportTopologyHDA@@UAGJABU_GUID@@PAPAX@Z 0001b17a f   mintopo.obj
 0004:000069ce       ??1CMiniportTopologyHDA@@UAE@XZ 0001b32e f   mintopo.obj
 0004:00006ba6       ?Init@CMiniportTopologyHDA@@UAGJPAUIUnknown@@PAUIResourceList@@PAUIPortTopology@@@Z 0001b506 f   mintopo.obj
 0004:00006dba       ?GetDescription@CMiniportTopologyHDA@@UAGJPAPAUPCFILTER_DESCRIPTOR@@@Z 0001b71a f   mintopo.obj
 0004:00008598       ?CreateMiniportWaveCyclicHDA@@YGJPAPAUIUnknown@@ABU_GUID@@PAU1@W4_POOL_TYPE@@@Z 0001cef8 f   minwave.obj
 0004:00008866       ?ProcessResources@CMiniportWaveCyclicHDA@@AAEJPAUIResourceList@@@Z 0001d1c6 f   minwave.obj
 0004:00008cd2       ?ValidateFormat@CMiniportWaveCyclicHDA@@AAEJPATKSDATAFORMAT@@@Z 0001d632 f   minwave.obj
 0004:00008ede       ?NonDelegatingQueryInterface@CMiniportWaveCyclicHDA@@UAGJABU_GUID@@PAPAX@Z 0001d83e f   minwave.obj
 0004:00009092       ??1CMiniportWaveCyclicHDA@@UAE@XZ 0001d9f2 f   minwave.obj
 0004:00009296       ?Init@CMiniportWaveCyclicHDA@@UAGJPAUIUnknown@@PAUIResourceList@@PAUIPortWaveCyclic@@@Z 0001dbf6 f   minwave.obj
 0004:0000952e       ?GetDescription@CMiniportWaveCyclicHDA@@UAGJPAPAUPCFILTER_DESCRIPTOR@@@Z 0001de8e f   minwave.obj
 0004:0000971a       ?DataRangeIntersection@CMiniportWaveCyclicHDA@@UAGJKPATKSDATAFORMAT@@0KPAXPAK@Z 0001e07a f   minwave.obj
 0004:00009d1a       ?NewStream@CMiniportWaveCyclicHDA@@UAGJPAPAUIMiniportWaveCyclicStream@@PAUIUnknown@@W4_POOL_TYPE@@KEPATKSDATAFORMAT@@PAPAUIDmaChannel@@PAPAUIServiceGroup@@@Z 0001e67a f   minwave.obj
 0004:0000a0b2       ?NonDelegatingQueryInterface@CMiniportWaveCyclicStreamHDA@@UAGJABU_GUID@@PAPAX@Z 0001ea12 f   minwave.obj
 0004:0000a25e       ??1CMiniportWaveCyclicStreamHDA@@UAE@XZ 0001ebbe f   minwave.obj
 0004:0000a4d0       ?Init@CMiniportWaveCyclicStreamHDA@@QAEJPAVCMiniportWaveCyclicHDA@@KEPATKSDATAFORMAT@@PAUIDmaChannel@@@Z 0001ee30 f   minwave.obj
 0004:0000a742       ?SetNotificationFreq@CMiniportWaveCyclicStreamHDA@@UAGKKPAK@Z 0001f0a2 f   minwave.obj
 0004:0000a8d6       ?SetFormat@CMiniportWaveCyclicStreamHDA@@UAGJPATKSDATAFORMAT@@@Z 0001f236 f   minwave.obj
 0004:0000ab6e       ?SetState@CMiniportWaveCyclicStreamHDA@@UAGJW4KSSTATE@@@Z 0001f4ce f   minwave.obj
 0005:0000003e       _DriverEntry@8             0001f61e f   adapter.obj
 0005:000000ac       __IMPORT_DESCRIPTOR_ntoskrnl 0001f68c     ntoskrnl:ntoskrnl.exe
 0005:000000c0       __IMPORT_DESCRIPTOR_HAL    0001f6a0     hal:HAL.dll
 0005:000000d4       __IMPORT_DESCRIPTOR_portcls 0001f6b4     portcls:portcls.sys
 0005:000000e8       __NULL_IMPORT_DESCRIPTOR   0001f6c8     ntoskrnl:ntoskrnl.exe

 entry point at        0005:0000003e

 Static symbols

 0004:00006f0e       ?PropertyHandler_OnOff@@YGJPAU_PCPROPERTY_REQUEST@@@Z 0001b86e f   mintopo.obj
 0004:00007326       ?PropertyHandler_SuperMixCaps@@YGJPAU_PCPROPERTY_REQUEST@@@Z 0001bc86 f   mintopo.obj
 0004:00007936       ?PropertyHandler_SuperMixTable@@YGJPAU_PCPROPERTY_REQUEST@@@Z 0001c296 f   mintopo.obj
 0004:00008066       ?PropertyHandler_CpuResources@@YGJPAU_PCPROPERTY_REQUEST@@@Z 0001c9c6 f   mintopo.obj
 0001:000027ae       ?PropertyHandler_Level@@YGJPAU_PCPROPERTY_REQUEST@@@Z 00012a8e f   mintopo.obj
 0004:000082c6       ?BasicSupportHandler@@YGJPAU_PCPROPERTY_REQUEST@@@Z 0001cc26 f   mintopo.obj

 318 bytes saved through ICF

