 HDA

 Timestamp is 6a2ef58f (Sun Jun 14 11:40:15 2026)

 Preferred load address is 00010000

 Start         Length     Name                   Class
 0001:00000000 00007877H .text                   CODE
 0002:00000000 000000e8H .idata$5                DATA
 0002:000000e8 00000703H .rdata                  DATA
 0003:00000000 00000d18H .data                   DATA
 0003:00000d18 0000001eH .bss                    DATA
 0004:00000000 0000a9f0H PAGE                    CODE
 0005:00000000 000000a9H INIT                    CODE
 0005:000000ac 0000003cH .idata$2                CODE
 0005:000000e8 00000014H .idata$3                CODE
 0005:000000fc 000000e8H .idata$4                CODE
 0005:000001e4 0000049eH .idata$6                CODE
 0006:00000000 00000058H .rsrc$01                DATA
 0006:00000060 000003d0H .rsrc$02                DATA

  Address         Publics by Value              Rva+Base     Lib:Object

 0001:00000000       ??3@YAXPAX@Z               000102e0 f i common.obj
 0001:00000010       ??2@YGPAXIW4_POOL_TYPE@@K@Z 000102f0 f i common.obj
 0001:00000050       ??0CAdapterCommon@@QAE@PAUIUnknown@@@Z 00010330 f i common.obj
 0001:000000a0       ?QueryInterface@CAdapterCommon@@UAGJABU_GUID@@PAPAX@Z 00010380 f i common.obj
 0001:000000d0       ?GetOuterUnknown@CUnknown@@QAEPAUIUnknown@@XZ 000103b0 f i common.obj
 0001:000000f0       ?AddRef@CAdapterCommon@@UAGKXZ 000103d0 f i common.obj
 0001:00000120       ?Release@CAdapterCommon@@UAGKXZ 00010400 f i common.obj
 0001:00000150       ??_ECAdapterCommon@@UAEPAXI@Z 00010430 f i common.obj
 0001:00000150       ??_GCAdapterCommon@@UAEPAXI@Z 00010430 f i common.obj
 0001:00000190       ??0IAdapterCommon@@QAE@XZ  00010470 f i common.obj
 0001:00000190       ??0IMiniportWaveCyclicStream@@QAE@XZ 00010470 f i common.obj
 0001:00000190       ??0IDmaChannel@@QAE@XZ     00010470 f i common.obj
 0001:00000190       ??0IMiniport@@QAE@XZ       00010470 f i common.obj
 0001:00000190       ??0IAdapterPowerManagement@@QAE@XZ 00010470 f i common.obj
 0001:000001b0       ??0IUnknown@@QAE@XZ        00010490 f i common.obj
 0001:000001b0       ??0INonDelegatingUnknown@@QAE@XZ 00010490 f i common.obj
 0001:000003b0       _IsEqualGUIDAligned@8      00010690 f i common.obj
 0001:00000430       ??2@YGPAXIW4_POOL_TYPE@@@Z 00010710 f i common.obj
 0001:00000480       ?hda_check_headphone_connection_change@CAdapterCommon@@QAGXXZ 00010760 f   common.obj
 0001:000004e0       ?hda_is_supported_sample_rate@CAdapterCommon@@UAGEK@Z 000107c0 f   common.obj
 0001:00000626       ?hda_send_verb@CAdapterCommon@@UAGKKKKK@Z 00010906 f   common.obj
 0001:000009e2       ?ReadController@CAdapterCommon@@UAGEXZ 00010cc2 f   common.obj
 0001:00000a86       ?WriteController@CAdapterCommon@@UAGEE@Z 00010d66 f   common.obj
 0001:00000b92       ?MixerRegWrite@CAdapterCommon@@UAGXEE@Z 00010e72 f   common.obj
 0001:00000d5a       ?MixerRegRead@CAdapterCommon@@UAGEE@Z 0001103a f   common.obj
 0001:00000e3e       ?MixerReset@CAdapterCommon@@UAGXXZ 0001111e f   common.obj
 0001:00000ede       ?AcknowledgeIRQ@CAdapterCommon@@AAE?AW4_HDA_INTERRUPT_TYPE@@XZ 000111be f   common.obj
 0001:00001182       ?ResetController@CAdapterCommon@@UAGJXZ 00011462 f   common.obj
 0001:00001236       ?RestoreMixerSettingsFromRegistry@CAdapterCommon@@UAGJXZ 00011516 f   common.obj
 0001:000014e2       ?SaveMixerSettingsToRegistry@CAdapterCommon@@UAGJXZ 000117c2 f   common.obj
 0001:0000174e       ?ProgramSampleRate@CAdapterCommon@@UAGJK@Z 00011a2e f   common.obj
 0001:0000194a       ?PowerChangeState@CAdapterCommon@@UAGXT_POWER_STATE@@@Z 00011c2a f   common.obj
 0001:00001b36       ?QueryPowerChangeState@CAdapterCommon@@UAGJT_POWER_STATE@@@Z 00011e16 f   common.obj
 0001:00001bba       ?QueryDeviceCapabilities@CAdapterCommon@@UAGJPAU_DEVICE_CAPABILITIES@@@Z 00011e9a f   common.obj
 0001:00001c6a       ?InterruptServiceRoutine@@YGJPAUIInterruptSync@@PAX@Z 00011f4a f   common.obj
 0001:00001df6       ?hda_stop_stream@CAdapterCommon@@UAGJXZ 000120d6 f   common.obj
 0001:000020da       ?hda_start_sound@CAdapterCommon@@UAGXXZ 000123ba f   common.obj
 0001:0000224a       ?hda_stop_sound@CAdapterCommon@@UAGXXZ 0001252a f   common.obj
 0001:000023e6       ?hda_get_actual_stream_position@CAdapterCommon@@UAGKXZ 000126c6 f   common.obj
 0001:000024f0       ?hda_set_volume@CAdapterCommon@@QAGXKE@Z 000127d0 f   common.obj
 0001:00002550       ?readUCHAR@CAdapterCommon@@QAGEG@Z 00012830 f   common.obj
 0001:00002570       ?writeUCHAR@CAdapterCommon@@QAGXGE@Z 00012850 f   common.obj
 0001:000025a0       ?readUSHORT@CAdapterCommon@@QAGGG@Z 00012880 f   common.obj
 0001:000025c0       ?writeUSHORT@CAdapterCommon@@QAGXGG@Z 000128a0 f   common.obj
 0001:000025f0       ?readULONG@CAdapterCommon@@QAGKG@Z 000128d0 f   common.obj
 0001:00002610       ?writeULONG@CAdapterCommon@@QAGXGK@Z 000128f0 f   common.obj
 0001:000027aa       ?hda_setup_stream_descriptor@CAdapterCommon@@UAGJPAUIDmaChannel@@@Z 00012a8a f   common.obj
 0001:00002c00       ?hda_return_sound_data_format@CAdapterCommon@@QAGGKKK@Z 00012ee0 f   common.obj
 0001:00002c00       ?hda_return_sound_data_format@HDA_Codec@@QAGGKKK@Z 00012ee0 f   common.obj
 0001:00002d70       ?ReadWriteConfigSpace@CAdapterCommon@@AAGJPAU_DEVICE_OBJECT@@KPAXKK@Z 00013050 f   common.obj
 0001:00002e9b       ?WriteConfigSpaceByte@CAdapterCommon@@AAGJEEE@Z 0001317b f   common.obj
 0001:00002f9b       ?WriteConfigSpaceWord@CAdapterCommon@@AAGJEGG@Z 0001327b f   common.obj
 0001:00003060       ?CacheLineFlush@CAdapterCommon@@UAGXPAXK@Z 00013340 f   common.obj
 0001:000030c0       ?JackPollDpcRoutine@CAdapterCommon@@CGXPAU_KDPC@@PAX11@Z 000133a0 f   common.obj
 0001:00003130       ?JackPollWorker@CAdapterCommon@@CGXPAX@Z 00013410 f   common.obj
 0001:0000319a       ?StartJackPolling@CAdapterCommon@@AAGJXZ 0001347a f   common.obj
 0001:000032c3       ?StopJackPolling@CAdapterCommon@@AAGXXZ 000135a3 f   common.obj
 0001:00003370       ?QueryInterface@CAdapterCommon@@W3AGJABU_GUID@@PAPAX@Z 00013650 f i common.obj
 0001:00003380       ?AddRef@CAdapterCommon@@W3AGKXZ 00013660 f i common.obj
 0001:00003390       ?Release@CAdapterCommon@@W3AGKXZ 00013670 f i common.obj
 0001:000033a0       ??0HDA_Codec@@QAE@EEEPAUIAdapterCommon@@@Z 00013680 f   codec.obj
 0001:00003440       ??1HDA_Codec@@QAE@XZ       00013720 f   codec.obj
 0001:00003576       ?InitializeCodec@HDA_Codec@@QAGJXZ 00013856 f   codec.obj
 0001:00003da3       ?hda_initialize_audio_function_group@HDA_Codec@@QAGJK@Z 00014083 f   codec.obj
 0001:00004a9a       ?hda_get_node_type@HDA_Codec@@QAGEK@Z 00014d7a f   codec.obj
 0001:00004b4a       ?hda_get_node_connection_entries@HDA_Codec@@QAGKKK@Z 00014e2a f   codec.obj
 0001:00004d1a       ?hda_initialize_output_pin@HDA_Codec@@QAGJKAAUHDA_NODE_PATH@@@Z 00014ffa f   codec.obj
 0001:000050f6       ?hda_initialize_audio_output@HDA_Codec@@QAGXKAAUHDA_NODE_PATH@@@Z 000153d6 f   codec.obj
 0001:0000551a       ?hda_initialize_audio_mixer@HDA_Codec@@QAGXKAAUHDA_NODE_PATH@@@Z 000157fa f   codec.obj
 0001:0000586e       ?hda_initialize_audio_selector@HDA_Codec@@QAGXKAAUHDA_NODE_PATH@@@Z 00015b4e f   codec.obj
 0001:00005cf2       ?ProgramSampleRate@HDA_Codec@@QAGJK@Z 00015fd2 f   codec.obj
 0001:0000609a       ?hda_check_headphone_connection_change@HDA_Codec@@QAGXXZ 0001637a f   codec.obj
 0001:00006192       ?hda_is_supported_sample_rate@HDA_Codec@@QAGEK@Z 00016472 f   codec.obj
 0001:000062b0       ?hda_set_volume@HDA_Codec@@QAGXKE@Z 00016590 f   codec.obj
 0001:00006310       ?hda_set_node_gain@HDA_Codec@@QAGXKKKKE@Z 000165f0 f   codec.obj
 0001:000063b0       ?hda_send_verb@HDA_Codec@@QAGKKKK@Z 00016690 f   codec.obj
 0001:000063e0       ?hda_enable_pin_output@HDA_Codec@@QAGXK@Z 000166c0 f   codec.obj
 0001:00006410       ?hda_disable_pin_output@HDA_Codec@@QAGXK@Z 000166f0 f   codec.obj
 0001:00006440       ?hda_is_headphone_connected@HDA_Codec@@QAGEXZ 00016720 f   codec.obj
 0001:00006480       ??0CMiniportTopologyHDA@@QAE@PAUIUnknown@@@Z 00016760 f i mintopo.obj
 0001:000064c0       ?DataRangeIntersection@CMiniportTopologyHDA@@UAGJKPATKSDATAFORMAT@@0KPAXPAK@Z 000167a0 f i mintopo.obj
 0001:000064d0       ??_ECMiniportTopologyHDA@@UAEPAXI@Z 000167b0 f i mintopo.obj
 0001:000064d0       ??_GCMiniportTopologyHDA@@UAEPAXI@Z 000167b0 f i mintopo.obj
 0001:00006510       ??0IMiniportTopology@@QAE@XZ 000167f0 f i mintopo.obj
 0001:00006510       ??0IMiniportWaveCyclic@@QAE@XZ 000167f0 f i mintopo.obj
 0001:00006bb0       ?ReadBitsFromMixer@CMiniportTopologyHDA@@AAEEEEE@Z 00016e90 f   mintopo.obj
 0001:00006c00       ?ThisManyOnes@@YGEE@Z      00016ee0 f i mintopo.obj
 0001:00006c20       ?WriteBitsToMixer@CMiniportTopologyHDA@@AAEXEEEE@Z 00016f00 f   mintopo.obj
 0001:00006cc0       ??0CMiniportWaveCyclicHDA@@QAE@PAUIUnknown@@@Z 00016fa0 f i minwave.obj
 0001:00006d00       ??_ECMiniportWaveCyclicHDA@@UAEPAXI@Z 00016fe0 f i minwave.obj
 0001:00006d00       ??_GCMiniportWaveCyclicHDA@@UAEPAXI@Z 00016fe0 f i minwave.obj
 0001:00006d40       ??0CMyDmaChannel@@QAE@PAUIDmaChannel@@@Z 00017020 f i minwave.obj
 0001:00006e00       ?QueryInterface@CMyDmaChannel@@UAGJABU_GUID@@PAPAX@Z 000170e0 f i minwave.obj
 0001:00006e60       _IsEqualGUID@8             00017140 f i minwave.obj
 0001:00006e90       ?AddRef@CMyDmaChannel@@UAGKXZ 00017170 f i minwave.obj
 0001:00006eb0       ?Release@CMyDmaChannel@@UAGKXZ 00017190 f i minwave.obj
 0001:00006f00       ?AllocateBuffer@CMyDmaChannel@@UAGJKPAT_LARGE_INTEGER@@@Z 000171e0 f i minwave.obj
 0001:000070a0       ?FreeBuffer@CMyDmaChannel@@UAGXXZ 00017380 f i minwave.obj
 0001:000070f0       ?SystemAddress@CMyDmaChannel@@UAGPAXXZ 000173d0 f i minwave.obj
 0001:00007120       ?CopyTo@CMyDmaChannel@@UAGXPAX0K@Z 00017400 f i minwave.obj
 0001:000071a0       ?CopyFrom@CMyDmaChannel@@UAGXPAX0K@Z 00017480 f i minwave.obj
 0001:000071d0       ?AllocatedBufferSize@CMyDmaChannel@@UAGKXZ 000174b0 f i minwave.obj
 0001:00007200       ?BufferSize@CMyDmaChannel@@UAGKXZ 000174e0 f i minwave.obj
 0001:00007230       ?SetBufferSize@CMyDmaChannel@@UAGXK@Z 00017510 f i minwave.obj
 0001:00007260       ?PhysicalAddress@CMyDmaChannel@@UAG?AT_LARGE_INTEGER@@XZ 00017540 f i minwave.obj
 0001:000072c0       ?MaximumBufferSize@CMyDmaChannel@@UAGKXZ 000175a0 f i minwave.obj
 0001:000072f0       ?TransferCount@CMyDmaChannel@@UAGKXZ 000175d0 f i minwave.obj
 0001:00007310       ?GetAdapterObject@CMyDmaChannel@@UAGPAU_DMA_ADAPTER@@XZ 000175f0 f i minwave.obj
 0001:00007330       ??0CMiniportWaveCyclicStreamHDA@@QAE@PAUIUnknown@@@Z 00017610 f i minwave.obj
 0001:00007370       ?QueryInterface@CMiniportTopologyHDA@@UAGJABU_GUID@@PAPAX@Z 00017650 f i minwave.obj
 0001:00007370       ?QueryInterface@CMiniportWaveCyclicStreamHDA@@UAGJABU_GUID@@PAPAX@Z 00017650 f i minwave.obj
 0001:00007370       ?QueryInterface@CMiniportWaveCyclicHDA@@UAGJABU_GUID@@PAPAX@Z 00017650 f i minwave.obj
 0001:000073a0       ?AddRef@CMiniportWaveCyclicStreamHDA@@UAGKXZ 00017680 f i minwave.obj
 0001:000073a0       ?AddRef@CMiniportWaveCyclicHDA@@UAGKXZ 00017680 f i minwave.obj
 0001:000073a0       ?AddRef@CMiniportTopologyHDA@@UAGKXZ 00017680 f i minwave.obj
 0001:000073d0       ?Release@CMiniportWaveCyclicStreamHDA@@UAGKXZ 000176b0 f i minwave.obj
 0001:000073d0       ?Release@CMiniportWaveCyclicHDA@@UAGKXZ 000176b0 f i minwave.obj
 0001:000073d0       ?Release@CMiniportTopologyHDA@@UAGKXZ 000176b0 f i minwave.obj
 0001:00007400       ??_ECMiniportWaveCyclicStreamHDA@@UAEPAXI@Z 000176e0 f i minwave.obj
 0001:00007400       ??_GCMiniportWaveCyclicStreamHDA@@UAEPAXI@Z 000176e0 f i minwave.obj
 0001:00007459       ?GetPosition@CMiniportWaveCyclicStreamHDA@@UAGJPAK@Z 00017739 f   minwave.obj
 0001:0000756e       ?NormalizePhysicalPosition@CMiniportWaveCyclicStreamHDA@@UAGJPA_J@Z 0001784e f   minwave.obj
 0001:00007610       ?Silence@CMiniportWaveCyclicStreamHDA@@UAGXPAXK@Z 000178f0 f   minwave.obj
 0001:0000764e       _DbgPrint                  0001792e f   ntoskrnl:ntoskrnl.exe
 0001:00007654       _DbgBreakPoint@0           00017934 f   ntoskrnl:ntoskrnl.exe
 0001:0000765a       __alldiv                   0001793a f   ntoskrnl:ntoskrnl.exe
 0001:00007660       __allmul                   00017940 f   ntoskrnl:ntoskrnl.exe
 0001:00007666       _PcInitializeAdapterDriver@12 00017946 f   portcls:portcls.sys
 0001:0000766c       _PcAddAdapterDevice@20     0001794c f   portcls:portcls.sys
 0001:00007672       _PcRegisterSubdevice@12    00017952 f   portcls:portcls.sys
 0001:00007678       _PcNewMiniport@8           00017958 f   portcls:portcls.sys
 0001:0000767e       _PcNewPort@8               0001795e f   portcls:portcls.sys
 0001:00007684       _PcRegisterPhysicalConnection@20 00017964 f   portcls:portcls.sys
 0001:0000768a       _PcRegisterAdapterPowerManagement@8 0001796a f   portcls:portcls.sys
 0001:00007690       _PcNewResourceSublist@20   00017970 f   portcls:portcls.sys
 0001:00007696       _PcNewInterruptSync@20     00017976 f   portcls:portcls.sys
 0001:0000769c       _PcNewRegistryKey@36       0001797c f   portcls:portcls.sys
 0001:000076a2       _PcNewServiceGroup@8       00017982 f   portcls:portcls.sys
 0001:000076b0       ??0CUnknown@@QAE@PAUIUnknown@@@Z 00017990 f   stdunk:stdunk.obj
 0001:00007700       ??_ECUnknown@@UAEPAXI@Z    000179e0 f i stdunk:stdunk.obj
 0001:00007700       ??_GCUnknown@@UAEPAXI@Z    000179e0 f i stdunk:stdunk.obj
 0001:00007730       ??1CUnknown@@UAE@XZ        00017a10 f   stdunk:stdunk.obj
 0001:00007750       ?NonDelegatingAddRef@CUnknown@@UAGKXZ 00017a30 f   stdunk:stdunk.obj
 0001:00007790       ?NonDelegatingRelease@CUnknown@@UAGKXZ 00017a70 f   stdunk:stdunk.obj
 0001:00007810       ?NonDelegatingQueryInterface@CUnknown@@UAGJABU_GUID@@PAPAX@Z 00017af0 f   stdunk:stdunk.obj
 0002:00000000       __imp_@ExAcquireFastMutex@4 00017b60     hal:HAL.dll
 0002:00000004       __imp_@KfAcquireSpinLock@4 00017b64     hal:HAL.dll
 0002:00000008       __imp_@KfReleaseSpinLock@8 00017b68     hal:HAL.dll
 0002:0000000c       __imp_@ExReleaseFastMutex@4 00017b6c     hal:HAL.dll
 0002:00000010       __imp__KeStallExecutionProcessor@4 00017b70     hal:HAL.dll
 0002:00000014       __imp__KeGetCurrentIrql@0  00017b74     hal:HAL.dll
 0002:00000018       \177HAL_NULL_THUNK_DATA    00017b78     hal:HAL.dll
 0002:0000001c       __imp__KeInitializeEvent@12 00017b7c     ntoskrnl:ntoskrnl.exe
 0002:00000020       __imp__MmUnmapIoSpace@8    00017b80     ntoskrnl:ntoskrnl.exe
 0002:00000024       __imp__RtlInitUnicodeString@8 00017b84     ntoskrnl:ntoskrnl.exe
 0002:00000028       __imp__READ_REGISTER_ULONG@4 00017b88     ntoskrnl:ntoskrnl.exe
 0002:0000002c       __imp__WRITE_REGISTER_ULONG@8 00017b8c     ntoskrnl:ntoskrnl.exe
 0002:00000030       __imp__READ_REGISTER_UCHAR@4 00017b90     ntoskrnl:ntoskrnl.exe
 0002:00000034       __imp__KeInitializeSpinLock@4 00017b94     ntoskrnl:ntoskrnl.exe
 0002:00000038       __imp__WRITE_REGISTER_UCHAR@8 00017b98     ntoskrnl:ntoskrnl.exe
 0002:0000003c       __imp__READ_REGISTER_USHORT@4 00017b9c     ntoskrnl:ntoskrnl.exe
 0002:00000040       __imp__WRITE_REGISTER_USHORT@8 00017ba0     ntoskrnl:ntoskrnl.exe
 0002:00000044       __imp_@ObfDereferenceObject@4 00017ba4     ntoskrnl:ntoskrnl.exe
 0002:00000048       __imp__KeWaitForSingleObject@20 00017ba8     ntoskrnl:ntoskrnl.exe
 0002:0000004c       __imp_@IofCallDriver@8     00017bac     ntoskrnl:ntoskrnl.exe
 0002:00000050       __imp__IoBuildSynchronousFsdRequest@28 00017bb0     ntoskrnl:ntoskrnl.exe
 0002:00000054       __imp__IoGetAttachedDeviceReference@4 00017bb4     ntoskrnl:ntoskrnl.exe
 0002:00000058       __imp__IoGetDmaAdapter@12  00017bb8     ntoskrnl:ntoskrnl.exe
 0002:0000005c       __imp__MmMapIoSpace@16     00017bbc     ntoskrnl:ntoskrnl.exe
 0002:00000060       __imp_@InterlockedCompareExchange@12 00017bc0     ntoskrnl:ntoskrnl.exe
 0002:00000064       __imp__KeSetEvent@12       00017bc4     ntoskrnl:ntoskrnl.exe
 0002:00000068       __imp_@InterlockedExchange@8 00017bc8     ntoskrnl:ntoskrnl.exe
 0002:0000006c       __imp__KeSetTimerEx@20     00017bcc     ntoskrnl:ntoskrnl.exe
 0002:00000070       __imp__KeInitializeDpc@12  00017bd0     ntoskrnl:ntoskrnl.exe
 0002:00000074       __imp__RtlAssert@16        00017bd4     ntoskrnl:ntoskrnl.exe
 0002:00000078       __imp__KeRemoveQueueDpc@4  00017bd8     ntoskrnl:ntoskrnl.exe
 0002:0000007c       __imp__KeCancelTimer@4     00017bdc     ntoskrnl:ntoskrnl.exe
 0002:00000080       __imp_@InterlockedIncrement@4 00017be0     ntoskrnl:ntoskrnl.exe
 0002:00000084       __imp_@InterlockedDecrement@4 00017be4     ntoskrnl:ntoskrnl.exe
 0002:00000088       __imp__KeInitializeMutex@8 00017be8     ntoskrnl:ntoskrnl.exe
 0002:0000008c       __imp__KeReleaseMutex@8    00017bec     ntoskrnl:ntoskrnl.exe
 0002:00000090       __imp___alldiv             00017bf0     ntoskrnl:ntoskrnl.exe
 0002:00000094       __imp___allmul             00017bf4     ntoskrnl:ntoskrnl.exe
 0002:00000098       __imp__ExAllocatePoolWithTag@12 00017bf8     ntoskrnl:ntoskrnl.exe
 0002:0000009c       __imp__ExFreePool@4        00017bfc     ntoskrnl:ntoskrnl.exe
 0002:000000a0       __imp__DbgBreakPoint@0     00017c00     ntoskrnl:ntoskrnl.exe
 0002:000000a4       __imp__DbgPrint            00017c04     ntoskrnl:ntoskrnl.exe
 0002:000000a8       __imp__KeClearEvent@4      00017c08     ntoskrnl:ntoskrnl.exe
 0002:000000ac       __imp__ExQueueWorkItem@8   00017c0c     ntoskrnl:ntoskrnl.exe
 0002:000000b0       __imp__KeInitializeTimer@4 00017c10     ntoskrnl:ntoskrnl.exe
 0002:000000b4       \177ntoskrnl_NULL_THUNK_DATA 00017c14     ntoskrnl:ntoskrnl.exe
 0002:000000b8       __imp__PcRegisterAdapterPowerManagement@8 00017c18     portcls:portcls.sys
 0002:000000bc       __imp__PcAddAdapterDevice@20 00017c1c     portcls:portcls.sys
 0002:000000c0       __imp__PcRegisterSubdevice@12 00017c20     portcls:portcls.sys
 0002:000000c4       __imp__PcNewMiniport@8     00017c24     portcls:portcls.sys
 0002:000000c8       __imp__PcNewPort@8         00017c28     portcls:portcls.sys
 0002:000000cc       __imp__PcRegisterPhysicalConnection@20 00017c2c     portcls:portcls.sys
 0002:000000d0       __imp__PcInitializeAdapterDriver@12 00017c30     portcls:portcls.sys
 0002:000000d4       __imp__PcNewResourceSublist@20 00017c34     portcls:portcls.sys
 0002:000000d8       __imp__PcNewInterruptSync@20 00017c38     portcls:portcls.sys
 0002:000000dc       __imp__PcNewRegistryKey@36 00017c3c     portcls:portcls.sys
 0002:000000e0       __imp__PcNewServiceGroup@8 00017c40     portcls:portcls.sys
 0002:000000e4       \177portcls_NULL_THUNK_DATA 00017c44     portcls:portcls.sys
 0002:00000160       _IID_IAdapterCommon        00017cc0     adapter.obj
 0002:00000170       _CLSID_MiniportDriverFmSynth 00017cd0     adapter.obj
 0002:00000180       _CLSID_PortWaveCyclic      00017ce0     adapter.obj
 0002:00000190       _CLSID_PortTopology        00017cf0     adapter.obj
 0002:000001a0       _CLSID_PortMidi            00017d00     adapter.obj
 0002:000001b0       _IID_IAdapterPowerManagment 00017d10     adapter.obj
 0002:000001c0       _IID_IMiniportWaveCyclicStream 00017d20     adapter.obj
 0002:000001d0       _IID_IMiniportWaveCyclic   00017d30     adapter.obj
 0002:000001e0       _IID_IPortWaveCyclic       00017d40     adapter.obj
 0002:000001f0       _IID_IMiniportTopology     00017d50     adapter.obj
 0002:00000200       _IID_IDmaChannel           00017d60     adapter.obj
 0002:00000210       _IID_IMiniport             00017d70     adapter.obj
 0002:00000220       _IID_IUnknown              00017d80     adapter.obj
 0002:00000230       ??_C@_1BE@FFBG@?$AAU?$AAs?$AAe?$AAD?$AAm?$AAa?$AAP?$AAo?$AAs?$AA?$AA@ 00017d90     common.obj
 0002:00000244       ??_C@_1CA@DADJ@?$AAU?$AAs?$AAe?$AAD?$AAi?$AAs?$AAa?$AAb?$AAl?$AAe?$AAd?$AAP?$AAi?$AAn?$AAs?$AA?$AA@ 00017da4     common.obj
 0002:00000264       ??_C@_1BC@MBIB@?$AAU?$AAs?$AAe?$AAS?$AAP?$AAD?$AAI?$AAF?$AA?$AA@ 00017dc4     common.obj
 0002:00000278       ??_C@_1BE@ONOC@?$AAU?$AAs?$AAe?$AAA?$AAl?$AAt?$AAO?$AAu?$AAt?$AA?$AA@ 00017dd8     common.obj
 0002:0000028c       ??_C@_1BO@LMMA@?$AAS?$AAk?$AAi?$AAp?$AAC?$AAo?$AAd?$AAe?$AAc?$AAR?$AAe?$AAs?$AAe?$AAt?$AA?$AA@ 00017dec     common.obj
 0002:000002ac       ??_C@_1CI@JKGI@?$AAS?$AAk?$AAi?$AAp?$AAC?$AAo?$AAn?$AAt?$AAr?$AAo?$AAl?$AAl?$AAe?$AAr?$AAR?$AAe?$AAs?$AAe?$AAt?$AA?$AA@ 00017e0c     common.obj
 0002:000002d4       ??_C@_1BE@ENEK@?$AAR?$AAi?$AAg?$AAh?$AAt?$AAB?$AAa?$AAs?$AAs?$AA?$AA@ 00017e34     common.obj
 0002:000002e8       ??_C@_1BC@JMJO@?$AAL?$AAe?$AAf?$AAt?$AAB?$AAa?$AAs?$AAs?$AA?$AA@ 00017e48     common.obj
 0002:000002fc       ??_C@_1BI@KGAJ@?$AAR?$AAi?$AAg?$AAh?$AAt?$AAT?$AAr?$AAe?$AAb?$AAl?$AAe?$AA?$AA@ 00017e5c     common.obj
 0002:00000314       ??_C@_1BG@BGGD@?$AAL?$AAe?$AAf?$AAt?$AAT?$AAr?$AAe?$AAb?$AAl?$AAe?$AA?$AA@ 00017e74     common.obj
 0002:0000032c       ??_C@_1O@IECC@?$AAM?$AAi?$AAc?$AAA?$AAG?$AAC?$AA?$AA@ 00017e8c     common.obj
 0002:0000033c       ??_C@_1CA@EJHI@?$AAR?$AAi?$AAg?$AAh?$AAt?$AAO?$AAu?$AAt?$AAp?$AAu?$AAt?$AAG?$AAa?$AAi?$AAn?$AA?$AA@ 00017e9c     common.obj
 0002:0000035c       ??_C@_1BO@PPLI@?$AAL?$AAe?$AAf?$AAt?$AAO?$AAu?$AAt?$AAp?$AAu?$AAt?$AAG?$AAa?$AAi?$AAn?$AA?$AA@ 00017ebc     common.obj
 0002:0000037c       ??_C@_1BO@PMCJ@?$AAR?$AAi?$AAg?$AAh?$AAt?$AAI?$AAn?$AAp?$AAu?$AAt?$AAG?$AAa?$AAi?$AAn?$AA?$AA@ 00017edc     common.obj
 0002:0000039c       ??_C@_1BM@CFEM@?$AAL?$AAe?$AAf?$AAt?$AAI?$AAn?$AAp?$AAu?$AAt?$AAG?$AAa?$AAi?$AAn?$AA?$AA@ 00017efc     common.obj
 0002:000003b8       ??_C@_1CA@CIKM@?$AAR?$AAi?$AAg?$AAh?$AAt?$AAI?$AAn?$AAp?$AAu?$AAt?$AAM?$AAi?$AAx?$AAe?$AAr?$AA?$AA@ 00017f18     common.obj
 0002:000003d8       ??_C@_1BO@JOGM@?$AAL?$AAe?$AAf?$AAt?$AAI?$AAn?$AAp?$AAu?$AAt?$AAM?$AAi?$AAx?$AAe?$AAr?$AA?$AA@ 00017f38     common.obj
 0002:000003f8       ??_C@_1BI@BMOJ@?$AAO?$AAu?$AAt?$AAp?$AAu?$AAt?$AAM?$AAi?$AAx?$AAe?$AAr?$AA?$AA@ 00017f58     common.obj
 0002:00000410       ??_C@_1BE@GLOL@?$AAP?$AAc?$AAS?$AAp?$AAk?$AAr?$AAV?$AAo?$AAl?$AA?$AA@ 00017f70     common.obj
 0002:00000424       ??_C@_1O@MNBB@?$AAM?$AAi?$AAc?$AAV?$AAo?$AAl?$AA?$AA@ 00017f84     common.obj
 0002:00000434       ??_C@_1BO@HCKE@?$AAR?$AAi?$AAg?$AAh?$AAt?$AAL?$AAi?$AAn?$AAe?$AAI?$AAn?$AAV?$AAo?$AAl?$AA?$AA@ 00017f94     common.obj
 0002:00000454       ??_C@_1BM@KLMB@?$AAL?$AAe?$AAf?$AAt?$AAL?$AAi?$AAn?$AAe?$AAI?$AAn?$AAV?$AAo?$AAl?$AA?$AA@ 00017fb4     common.obj
 0002:00000470       ??_C@_1BG@COJL@?$AAR?$AAi?$AAg?$AAh?$AAt?$AAC?$AAD?$AAV?$AAo?$AAl?$AA?$AA@ 00017fd0     common.obj
 0002:00000488       ??_C@_1BE@KMKA@?$AAL?$AAe?$AAf?$AAt?$AAC?$AAD?$AAV?$AAo?$AAl?$AA?$AA@ 00017fe8     common.obj
 0002:0000049c       ??_C@_1BK@JCIM@?$AAR?$AAi?$AAg?$AAh?$AAt?$AAM?$AAi?$AAd?$AAi?$AAV?$AAo?$AAl?$AA?$AA@ 00017ffc     common.obj
 0002:000004b8       ??_C@_1BI@KBIJ@?$AAL?$AAe?$AAf?$AAt?$AAM?$AAi?$AAd?$AAi?$AAV?$AAo?$AAl?$AA?$AA@ 00018018     common.obj
 0002:000004d0       ??_C@_1BK@MFCG@?$AAR?$AAi?$AAg?$AAh?$AAt?$AAW?$AAa?$AAv?$AAe?$AAV?$AAo?$AAl?$AA?$AA@ 00018030     common.obj
 0002:000004ec       ??_C@_1BI@PGCD@?$AAL?$AAe?$AAf?$AAt?$AAW?$AAa?$AAv?$AAe?$AAV?$AAo?$AAl?$AA?$AA@ 0001804c     common.obj
 0002:00000504       ??_C@_1BO@NHA@?$AAR?$AAi?$AAg?$AAh?$AAt?$AAM?$AAa?$AAs?$AAt?$AAe?$AAr?$AAV?$AAo?$AAl?$AA?$AA@ 00018064     common.obj
 0002:00000524       ??_C@_1BM@NEBF@?$AAL?$AAe?$AAf?$AAt?$AAM?$AAa?$AAs?$AAt?$AAe?$AAr?$AAV?$AAo?$AAl?$AA?$AA@ 00018084     common.obj
 0002:00000540       ??_7CAdapterCommon@@6BCUnknown@@@ 000180a0     common.obj
 0002:00000550       ??_7CAdapterCommon@@6BIAdapterPowerManagement@@@ 000180b0     common.obj
 0002:00000568       ??_7CAdapterCommon@@6BIAdapterCommon@@@ 000180c8     common.obj
 0002:00000698       ??_7CMiniportTopologyHDA@@6BCUnknown@@@ 000181f8     mintopo.obj
 0002:000006a8       ??_7CMiniportTopologyHDA@@6BIMiniportTopology@@@ 00018208     mintopo.obj
 0002:000006c0       ??_7CMiniportWaveCyclicHDA@@6BCUnknown@@@ 00018220     minwave.obj
 0002:000006d0       ??_7CMiniportWaveCyclicHDA@@6BIMiniportWaveCyclic@@@ 00018230     minwave.obj
 0002:000006ec       ??_C@_09BAJA@SSE2?5?$CFd?5?6?$AA@ 0001824c     minwave.obj
 0002:000006f8       ??_7CMyDmaChannel@@6B@     00018258     minwave.obj
 0002:00000734       ??_C@_0DG@LDEH@Aligned?5DMA?5view?5invalid?5?$CIoff?$DN?$CFl@ 00018294     minwave.obj
 0002:0000076c       ??_7CMiniportWaveCyclicStreamHDA@@6BCUnknown@@@ 000182cc     minwave.obj
 0002:0000077c       ??_7CMiniportWaveCyclicStreamHDA@@6BIMiniportWaveCyclicStream@@@ 000182dc     minwave.obj
 0002:000007a0       ??_7CUnknown@@6B@          00018300     stdunk:stdunk.obj
 0002:000007b0       ??_C@_0BB@CHNF@m_lRefCount?5?$DO?$DN?50?$AA@ 00018310     stdunk:stdunk.obj
 0002:000007c4       ??_C@_0N@DIKJ@?4?2stdunk?4cpp?$AA@ 00018324     stdunk:stdunk.obj
 0002:000007d4       ??_C@_0BA@HPDB@m_lRefCount?5?$DO?50?$AA@ 00018334     stdunk:stdunk.obj
 0002:000007e4       ??_C@_06DPDC@ppVoid?$AA@   00018344     stdunk:stdunk.obj
 0003:00000000       ?ulDebugOut@@3KA           00018360     adapter.obj
 0003:00000008       __GUID_b7902fe9_fb0a_11d1_81b0_0060083316c1 00018368     adapter.obj
 0003:00000018       __GUID_d3f0ce1c_fffc_11d1_81b0_0060083316c1 00018378     adapter.obj
 0003:00000028       __GUID_c096df9c_fb09_11d1_81b0_0060083316c1 00018388     adapter.obj
 0003:00000140       ?audBufSize@@3KA           000184a0     common.obj
 0003:00000144       ?BdlSize@@3KA              000184a4     common.obj
 0003:00000840       __GUID_185fedf6_9905_11d1_95a9_00c04fb925d3 00018ba0     mintopo.obj
 0003:00000850       __GUID_185fedef_9905_11d1_95a9_00c04fb925d3 00018bb0     mintopo.obj
 0003:00000860       __GUID_185fede1_9905_11d1_95a9_00c04fb925d3 00018bc0     mintopo.obj
 0003:00000870       __GUID_185fede0_9905_11d1_95a9_00c04fb925d3 00018bd0     mintopo.obj
 0003:00000880       __GUID_7607e580_c557_11d0_8a2b_00a0c9255ac1 00018be0     mintopo.obj
 0003:00000890       __GUID_185fede3_9905_11d1_95a9_00c04fb925d3 00018bf0     mintopo.obj
 0003:000008a0       __GUID_da441a60_c556_11d0_8a2b_00a0c9255ac1 00018c00     mintopo.obj
 0003:000008b0       __GUID_185fedee_9905_11d1_95a9_00c04fb925d3 00018c10     mintopo.obj
 0003:000008c0       __GUID_02b223c0_c557_11d0_8a2b_00a0c9255ac1 00018c20     mintopo.obj
 0003:000008d0       __GUID_185feded_9905_11d1_95a9_00c04fb925d3 00018c30     mintopo.obj
 0003:000008e0       __GUID_e88c9ba0_c557_11d0_8a2b_00a0c9255ac1 00018c40     mintopo.obj
 0003:000008f0       __GUID_185fedec_9905_11d1_95a9_00c04fb925d3 00018c50     mintopo.obj
 0003:00000900       __GUID_185fedeb_9905_11d1_95a9_00c04fb925d3 00018c60     mintopo.obj
 0003:00000910       __GUID_185fedea_9905_11d1_95a9_00c04fb925d3 00018c70     mintopo.obj
 0003:00000920       __GUID_185fede9_9905_11d1_95a9_00c04fb925d3 00018c80     mintopo.obj
 0003:00000930       __GUID_185fede8_9905_11d1_95a9_00c04fb925d3 00018c90     mintopo.obj
 0003:00000940       __GUID_e573adc0_c555_11d0_8a2b_00a0c9255ac1 00018ca0     mintopo.obj
 0003:00000950       __GUID_185fede7_9905_11d1_95a9_00c04fb925d3 00018cb0     mintopo.obj
 0003:00000960       __GUID_185fede5_9905_11d1_95a9_00c04fb925d3 00018cc0     mintopo.obj
 0003:00000970       __GUID_3a5acc00_c557_11d0_8a2b_00a0c9255ac1 00018cd0     mintopo.obj
 0003:00000980       __GUID_45ffaaa0_6e1b_11d0_bcf2_444553540000 00018ce0     mintopo.obj
 0003:00000990       __GUID_6994ad04_93ef_11d0_a3cc_00a0c9223196 00018cf0     mintopo.obj
 0003:000009a0       __GUID_185fedf7_9905_11d1_95a9_00c04fb925d3 00018d00     mintopo.obj
 0003:000009b0       __GUID_dff21ce1_f70f_11d0_b917_00a0c9223196 00018d10     mintopo.obj
 0003:000009c0       __GUID_dff21be1_f70f_11d0_b917_00a0c9223196 00018d20     mintopo.obj
 0003:000009d0       __GUID_185fedf9_9905_11d1_95a9_00c04fb925d3 00018d30     mintopo.obj
 0003:000009e0       __GUID_dff21fe3_f70f_11d0_b917_00a0c9223196 00018d40     mintopo.obj
 0003:000009f0       __GUID_185fedfb_9905_11d1_95a9_00c04fb925d3 00018d50     mintopo.obj
 0003:00000a00       __GUID_dff220e3_f70f_11d0_b917_00a0c9223196 00018d60     mintopo.obj
 0003:00000a10       __GUID_185fedf8_9905_11d1_95a9_00c04fb925d3 00018d70     mintopo.obj
 0003:00000a20       __GUID_dff220f3_f70f_11d0_b917_00a0c9223196 00018d80     mintopo.obj
 0003:00000a30       __GUID_dff21fe4_f70f_11d0_b917_00a0c9223196 00018d90     mintopo.obj
 0003:00000a40       __GUID_97e99ba0_bdea_11cf_a5d6_28db04c10000 00018da0     mintopo.obj
 0003:00000c88       __GUID_507ae360_c554_11d0_8a2b_00a0c9255ac1 00018fe8     minwave.obj
 0003:00000c98       __GUID_4d837fe0_c555_11d0_8a2b_00a0c9255ac1 00018ff8     minwave.obj
 0003:00000ca8       __GUID_185fedfa_9905_11d1_95a9_00c04fb925d3 00019008     minwave.obj
 0003:00000cb8       __GUID_fb6c4281_0353_11d1_905f_0000c0cc16ba 00019018     minwave.obj
 0003:00000cc8       __GUID_05589f81_c356_11ce_bf01_00aa0055595a 00019028     minwave.obj
 0003:00000cd8       __GUID_00000001_0000_0010_8000_00aa00389b71 00019038     minwave.obj
 0003:00000ce8       __GUID_73647561_0000_0010_8000_00aa00389b71 00019048     minwave.obj
 0003:00000cf8       __GUID_518590a2_a184_11d0_8522_00c04fd9baf3 00019058     minwave.obj
 0003:00000d08       __GUID_0f6417d6_c318_11d0_a43f_00a0c9223196 00019068     minwave.obj
 0003:00000d18       ?PDO@@3PAU_DEVICE_OBJECT@@A 00019078     adapter.obj
 0003:00000d20       __GUID_00000000_0000_0000_0000_000000000000 00019080     adapter.obj
 0004:000000ae       _AddDevice@8               0001914e f   adapter.obj
 0004:0000036a       ?InstallSubdevice@@YGJPAU_DEVICE_OBJECT@@PAU_IRP@@PAGABU_GUID@@3P6GJPAPAUIUnknown@@3PAU4@W4_POOL_TYPE@@@Z5PAUIResourceList@@344@Z 0001940a f   adapter.obj
 0004:0000076e       ?StartDevice@@YGJPAU_DEVICE_OBJECT@@PAU_IRP@@PAUIResourceList@@@Z 0001980e f   adapter.obj
 0004:00000f6e       ?AssignResources@@YGJPAUIResourceList@@PAPAU1@11111@Z 0001a00e f   adapter.obj
 0004:000014d8       ?NewAdapterCommon@@YGJPAPAUIUnknown@@ABU_GUID@@PAU1@W4_POOL_TYPE@@@Z 0001a578 f   common.obj
 0004:00002171       ?Init@CAdapterCommon@@UAGJPAUIResourceList@@PAU_DEVICE_OBJECT@@1@Z 0001b211 f   common.obj
 0004:00003b62       ??1CAdapterCommon@@UAE@XZ  0001cc02 f   common.obj
 0004:00003f90       ??_GHDA_Codec@@QAEPAXI@Z   0001d030 f i common.obj
 0004:00004017       ?NonDelegatingQueryInterface@CAdapterCommon@@UAGJABU_GUID@@PAPAX@Z 0001d0b7 f   common.obj
 0004:0000416e       ?WavePortDriverDest@CAdapterCommon@@UAGPAPAUIUnknown@@XZ 0001d20e f   common.obj
 0004:0000420e       ?GetInterruptSync@CAdapterCommon@@UAGPAUIInterruptSync@@XZ 0001d2ae f   common.obj
 0004:000042ae       ?GetDeviceDescription@CAdapterCommon@@UAGPAU_DEVICE_DESCRIPTION@@XZ 0001d34e f   common.obj
 0004:0000434e       ?MidiPortDriverDest@CAdapterCommon@@UAGPAPAUIUnknown@@XZ 0001d3ee f   common.obj
 0004:000043ee       ?SetWaveServiceGroup@CAdapterCommon@@UAGXPAUIServiceGroup@@@Z 0001d48e f   common.obj
 0004:00004be2       ?InitHDAController@CAdapterCommon@@QAGJXZ 0001dc82 f   common.obj
 0004:00005dee       ?TryInitializeCodecSlot@CAdapterCommon@@AAGJEPBD@Z 0001ee8e f   common.obj
 0004:00006032       ?ReadRegistryBoolean@CAdapterCommon@@AAGEPBGE@Z 0001f0d2 f   common.obj
 0004:00006218       ?CreateMiniportTopologyHDA@@YGJPAPAUIUnknown@@ABU_GUID@@PAU1@W4_POOL_TYPE@@@Z 0001f2b8 f   mintopo.obj
 0004:0000638a       ?ProcessResources@CMiniportTopologyHDA@@AAEJPAUIResourceList@@@Z 0001f42a f   mintopo.obj
 0004:0000651a       ?NonDelegatingQueryInterface@CMiniportTopologyHDA@@UAGJABU_GUID@@PAPAX@Z 0001f5ba f   mintopo.obj
 0004:000066ce       ??1CMiniportTopologyHDA@@UAE@XZ 0001f76e f   mintopo.obj
 0004:000068a6       ?Init@CMiniportTopologyHDA@@UAGJPAUIUnknown@@PAUIResourceList@@PAUIPortTopology@@@Z 0001f946 f   mintopo.obj
 0004:00006aba       ?GetDescription@CMiniportTopologyHDA@@UAGJPAPAUPCFILTER_DESCRIPTOR@@@Z 0001fb5a f   mintopo.obj
 0004:00008298       ?CreateMiniportWaveCyclicHDA@@YGJPAPAUIUnknown@@ABU_GUID@@PAU1@W4_POOL_TYPE@@@Z 00021338 f   minwave.obj
 0004:00008556       ?ProcessResources@CMiniportWaveCyclicHDA@@AAEJPAUIResourceList@@@Z 000215f6 f   minwave.obj
 0004:00008a12       ?ValidateFormat@CMiniportWaveCyclicHDA@@AAEJPATKSDATAFORMAT@@@Z 00021ab2 f   minwave.obj
 0004:00008c4e       ?NonDelegatingQueryInterface@CMiniportWaveCyclicHDA@@UAGJABU_GUID@@PAPAX@Z 00021cee f   minwave.obj
 0004:00008e02       ??1CMiniportWaveCyclicHDA@@UAE@XZ 00021ea2 f   minwave.obj
 0004:00009006       ?Init@CMiniportWaveCyclicHDA@@UAGJPAUIUnknown@@PAUIResourceList@@PAUIPortWaveCyclic@@@Z 000220a6 f   minwave.obj
 0004:0000929e       ?GetDescription@CMiniportWaveCyclicHDA@@UAGJPAPAUPCFILTER_DESCRIPTOR@@@Z 0002233e f   minwave.obj
 0004:0000948a       ?DataRangeIntersection@CMiniportWaveCyclicHDA@@UAGJKPATKSDATAFORMAT@@0KPAXPAK@Z 0002252a f   minwave.obj
 0004:00009a8a       ?NewStream@CMiniportWaveCyclicHDA@@UAGJPAPAUIMiniportWaveCyclicStream@@PAUIUnknown@@W4_POOL_TYPE@@KEPATKSDATAFORMAT@@PAPAUIDmaChannel@@PAPAUIServiceGroup@@@Z 00022b2a f   minwave.obj
 0004:00009e22       ?NonDelegatingQueryInterface@CMiniportWaveCyclicStreamHDA@@UAGJABU_GUID@@PAPAX@Z 00022ec2 f   minwave.obj
 0004:00009fce       ??1CMiniportWaveCyclicStreamHDA@@UAE@XZ 0002306e f   minwave.obj
 0004:0000a260       ?Init@CMiniportWaveCyclicStreamHDA@@QAEJPAVCMiniportWaveCyclicHDA@@KEPATKSDATAFORMAT@@PAUIDmaChannel@@@Z 00023300 f   minwave.obj
 0004:0000a502       ?SetNotificationFreq@CMiniportWaveCyclicStreamHDA@@UAGKKPAK@Z 000235a2 f   minwave.obj
 0004:0000a696       ?SetFormat@CMiniportWaveCyclicStreamHDA@@UAGJPATKSDATAFORMAT@@@Z 00023736 f   minwave.obj
 0004:0000a8de       ?SetState@CMiniportWaveCyclicStreamHDA@@UAGJW4KSSTATE@@@Z 0002397e f   minwave.obj
 0005:0000003e       _DriverEntry@8             00023ade f   adapter.obj
 0005:000000ac       __IMPORT_DESCRIPTOR_ntoskrnl 00023b4c     ntoskrnl:ntoskrnl.exe
 0005:000000c0       __IMPORT_DESCRIPTOR_HAL    00023b60     hal:HAL.dll
 0005:000000d4       __IMPORT_DESCRIPTOR_portcls 00023b74     portcls:portcls.sys
 0005:000000e8       __NULL_IMPORT_DESCRIPTOR   00023b88     ntoskrnl:ntoskrnl.exe

 entry point at        0005:0000003e

 Static symbols

 0004:00006c0e       ?PropertyHandler_OnOff@@YGJPAU_PCPROPERTY_REQUEST@@@Z 0001fcae f   mintopo.obj
 0004:00007026       ?PropertyHandler_SuperMixCaps@@YGJPAU_PCPROPERTY_REQUEST@@@Z 000200c6 f   mintopo.obj
 0004:00007636       ?PropertyHandler_SuperMixTable@@YGJPAU_PCPROPERTY_REQUEST@@@Z 000206d6 f   mintopo.obj
 0004:00007d66       ?PropertyHandler_CpuResources@@YGJPAU_PCPROPERTY_REQUEST@@@Z 00020e06 f   mintopo.obj
 0001:0000658e       ?PropertyHandler_Level@@YGJPAU_PCPROPERTY_REQUEST@@@Z 0001686e f   mintopo.obj
 0004:00007fc6       ?BasicSupportHandler@@YGJPAU_PCPROPERTY_REQUEST@@@Z 00021066 f   mintopo.obj
 0001:000001c0       ?AllocateAlignedCommonBuffer@@YGJPAU_DMA_ADAPTER@@KKPAU_HDA_DMA_COMMON_BUFFER@@@Z 000104a0 f   common.obj
 0001:00000340       ?ResetCommonBufferDescriptor@@YGXPAU_HDA_DMA_COMMON_BUFFER@@@Z 00010620 f   common.obj
 0001:00000360       ?FreeAlignedCommonBuffer@@YGXPAU_DMA_ADAPTER@@PAU_HDA_DMA_COMMON_BUFFER@@@Z 00010640 f   common.obj

 712 bytes saved through ICF

