 HDA

 Timestamp is 690ba758 (Wed Nov 05 11:36:56 2025)

 Preferred load address is 00010000

 Start         Length     Name                   Class
 0001:00000000 000036a7H .text                   CODE
 0002:00000000 000000a4H .idata$5                DATA
 0002:000000a8 000005bbH .rdata                  DATA
 0003:00000000 00000cd0H .data                   DATA
 0003:00000cd0 00000010H .bss                    DATA
 0004:00000000 0000af40H PAGE                    CODE
 0005:00000000 000000a9H INIT                    CODE
 0005:000000ac 0000003cH .idata$2                CODE
 0005:000000e8 00000014H .idata$3                CODE
 0005:000000fc 000000a4H .idata$4                CODE
 0005:000001a0 00000338H .idata$6                CODE
 0006:00000000 00000058H .rsrc$01                DATA
 0006:00000060 00000338H .rsrc$02                DATA

  Address         Publics by Value              Rva+Base     Lib:Object

 0001:00000000       ??3@YAXPAX@Z               000102e0 f i common.obj
 0001:00000010       ??2@YGPAXIW4_POOL_TYPE@@K@Z 000102f0 f i common.obj
 0001:00000050       ??0CAdapterCommon@@QAE@PAUIUnknown@@@Z 00010330 f i common.obj
 0001:000000a0       ?QueryInterface@CAdapterCommon@@UAGJABU_GUID@@PAPAX@Z 00010380 f i common.obj
 0001:000000d0       ?GetOuterUnknown@CUnknown@@QAEPAUIUnknown@@XZ 000103b0 f i common.obj
 0001:000000f0       ?AddRef@CAdapterCommon@@UAGKXZ 000103d0 f i common.obj
 0001:00000120       ?Release@CAdapterCommon@@UAGKXZ 00010400 f i common.obj
 0001:00000150       ??_GCAdapterCommon@@UAEPAXI@Z 00010430 f i common.obj
 0001:00000150       ??_ECAdapterCommon@@UAEPAXI@Z 00010430 f i common.obj
 0001:00000190       ??0INonDelegatingUnknown@@QAE@XZ 00010470 f i common.obj
 0001:00000190       ??0IUnknown@@QAE@XZ        00010470 f i common.obj
 0001:000001a0       _IsEqualGUIDAligned@8      00010480 f i common.obj
 0001:00000220       ?hda_check_headphone_connection_change@CAdapterCommon@@QAGXXZ 00010500 f   common.obj
 0001:000002d0       ?hda_is_supported_sample_rate@CAdapterCommon@@QAGEK@Z 000105b0 f   common.obj
 0001:000003e6       ?hda_send_verb@CAdapterCommon@@QAGKKKKK@Z 000106c6 f   common.obj
 0001:00000702       ?ReadController@CAdapterCommon@@UAGEXZ 000109e2 f   common.obj
 0001:000007a6       ?WriteController@CAdapterCommon@@UAGEE@Z 00010a86 f   common.obj
 0001:000008aa       ?MixerRegWrite@CAdapterCommon@@UAGXEE@Z 00010b8a f   common.obj
 0001:000009f6       ?MixerRegRead@CAdapterCommon@@UAGEE@Z 00010cd6 f   common.obj
 0001:00000ace       ?MixerReset@CAdapterCommon@@UAGXXZ 00010dae f   common.obj
 0001:00000b92       ?AcknowledgeIRQ@CAdapterCommon@@AAEEXZ 00010e72 f   common.obj
 0001:00000d42       ?ResetController@CAdapterCommon@@UAGJXZ 00011022 f   common.obj
 0001:00000de6       ?RestoreMixerSettingsFromRegistry@CAdapterCommon@@UAGJXZ 000110c6 f   common.obj
 0001:00001062       ?SaveMixerSettingsToRegistry@CAdapterCommon@@UAGJXZ 00011342 f   common.obj
 0001:0000129a       ?ProgramSampleRate@CAdapterCommon@@QAGJK@Z 0001157a f   common.obj
 0001:00001532       ?PowerChangeState@CAdapterCommon@@UAGXT_POWER_STATE@@@Z 00011812 f   common.obj
 0001:000016c6       ?QueryPowerChangeState@CAdapterCommon@@UAGJT_POWER_STATE@@@Z 000119a6 f   common.obj
 0001:0000174a       ?QueryDeviceCapabilities@CAdapterCommon@@UAGJPAU_DEVICE_CAPABILITIES@@@Z 00011a2a f   common.obj
 0001:000017fa       ?InterruptServiceRoutine@@YGJPAUIInterruptSync@@PAX@Z 00011ada f   common.obj
 0001:00001976       ?hda_stop_stream@CAdapterCommon@@UAGJXZ 00011c56 f   common.obj
 0001:00001bf0       ?hda_start_sound@CAdapterCommon@@UAGXXZ 00011ed0 f   common.obj
 0001:00001c5a       ?hda_stop_sound@CAdapterCommon@@UAGXXZ 00011f3a f   common.obj
 0001:00001d10       ?hda_get_actual_stream_position@CAdapterCommon@@UAGKXZ 00011ff0 f   common.obj
 0001:00001d30       ?hda_set_volume@CAdapterCommon@@QAGXK@Z 00012010 f   common.obj
 0001:00001db0       ?readUCHAR@CAdapterCommon@@QAGEG@Z 00012090 f   common.obj
 0001:00001dd0       ?writeUCHAR@CAdapterCommon@@QAGXGE@Z 000120b0 f   common.obj
 0001:00001e00       ?readUSHORT@CAdapterCommon@@QAGGG@Z 000120e0 f   common.obj
 0001:00001e20       ?writeUSHORT@CAdapterCommon@@QAGXGG@Z 00012100 f   common.obj
 0001:00001e50       ?readULONG@CAdapterCommon@@QAGKG@Z 00012130 f   common.obj
 0001:00001e70       ?writeULONG@CAdapterCommon@@QAGXGK@Z 00012150 f   common.obj
 0001:000020ae       ?hda_showtime@CAdapterCommon@@UAGJPAUIDmaChannel@@@Z 0001238e f   common.obj
 0001:000026b0       ?hda_return_sound_data_format@CAdapterCommon@@QAGGKKK@Z 00012990 f   common.obj
 0001:00002820       ?QueryInterface@CAdapterCommon@@W3AGJABU_GUID@@PAPAX@Z 00012b00 f i common.obj
 0001:00002830       ?AddRef@CAdapterCommon@@W3AGKXZ 00012b10 f i common.obj
 0001:00002840       ?Release@CAdapterCommon@@W3AGKXZ 00012b20 f i common.obj
 0001:00002850       ??0CMiniportTopologyHDA@@QAE@PAUIUnknown@@@Z 00012b30 f i mintopo.obj
 0001:00002890       ?AddRef@CMiniportWaveCyclicHDA@@UAGKXZ 00012b70 f i mintopo.obj
 0001:00002890       ?AddRef@CMiniportTopologyHDA@@UAGKXZ 00012b70 f i mintopo.obj
 0001:00002890       ?AddRef@CMiniportWaveCyclicStreamHDA@@UAGKXZ 00012b70 f i mintopo.obj
 0001:000028c0       ?Release@CMiniportWaveCyclicStreamHDA@@UAGKXZ 00012ba0 f i mintopo.obj
 0001:000028c0       ?Release@CMiniportTopologyHDA@@UAGKXZ 00012ba0 f i mintopo.obj
 0001:000028c0       ?Release@CMiniportWaveCyclicHDA@@UAGKXZ 00012ba0 f i mintopo.obj
 0001:000028f0       ?DataRangeIntersection@CMiniportTopologyHDA@@UAGJKPATKSDATAFORMAT@@0KPAXPAK@Z 00012bd0 f i mintopo.obj
 0001:00002900       ??_GCMiniportTopologyHDA@@UAEPAXI@Z 00012be0 f i mintopo.obj
 0001:00002900       ??_ECMiniportTopologyHDA@@UAEPAXI@Z 00012be0 f i mintopo.obj
 0001:00002fc0       ?ReadBitsFromMixer@CMiniportTopologyHDA@@AAEEEEE@Z 000132a0 f   mintopo.obj
 0001:00003010       ?ThisManyOnes@@YGEE@Z      000132f0 f i mintopo.obj
 0001:00003030       ?WriteBitsToMixer@CMiniportTopologyHDA@@AAEXEEEE@Z 00013310 f   mintopo.obj
 0001:000030d0       ??0CMiniportWaveCyclicHDA@@QAE@PAUIUnknown@@@Z 000133b0 f i minwave.obj
 0001:00003110       ?QueryInterface@CMiniportTopologyHDA@@UAGJABU_GUID@@PAPAX@Z 000133f0 f i minwave.obj
 0001:00003110       ?QueryInterface@CMiniportWaveCyclicStreamHDA@@UAGJABU_GUID@@PAPAX@Z 000133f0 f i minwave.obj
 0001:00003110       ?QueryInterface@CMiniportWaveCyclicHDA@@UAGJABU_GUID@@PAPAX@Z 000133f0 f i minwave.obj
 0001:00003140       ??_ECMiniportWaveCyclicHDA@@UAEPAXI@Z 00013420 f i minwave.obj
 0001:00003140       ??_GCMiniportWaveCyclicHDA@@UAEPAXI@Z 00013420 f i minwave.obj
 0001:00003180       ??0IMiniportWaveCyclic@@QAE@XZ 00013460 f i minwave.obj
 0001:00003180       ??0IMiniportTopology@@QAE@XZ 00013460 f i minwave.obj
 0001:000031a0       ??2@YGPAXIW4_POOL_TYPE@@@Z 00013480 f i minwave.obj
 0001:000031f0       ??0CMiniportWaveCyclicStreamHDA@@QAE@PAUIUnknown@@@Z 000134d0 f i minwave.obj
 0001:00003230       ??_GCMiniportWaveCyclicStreamHDA@@UAEPAXI@Z 00013510 f i minwave.obj
 0001:00003230       ??_ECMiniportWaveCyclicStreamHDA@@UAEPAXI@Z 00013510 f i minwave.obj
 0001:00003270       ??0IAdapterCommon@@QAE@XZ  00013550 f i minwave.obj
 0001:00003270       ??0IMiniport@@QAE@XZ       00013550 f i minwave.obj
 0001:00003270       ??0IAdapterPowerManagement@@QAE@XZ 00013550 f i minwave.obj
 0001:00003270       ??0IMiniportWaveCyclicStream@@QAE@XZ 00013550 f i minwave.obj
 0001:000032a9       ?GetPosition@CMiniportWaveCyclicStreamHDA@@UAGJPAK@Z 00013589 f   minwave.obj
 0001:0000339e       ?NormalizePhysicalPosition@CMiniportWaveCyclicStreamHDA@@UAGJPA_J@Z 0001367e f   minwave.obj
 0001:00003440       ?Silence@CMiniportWaveCyclicStreamHDA@@UAGXPAXK@Z 00013720 f   minwave.obj
 0001:0000347e       _DbgPrint                  0001375e f   ntoskrnl:ntoskrnl.exe
 0001:00003484       _DbgBreakPoint@0           00013764 f   ntoskrnl:ntoskrnl.exe
 0001:0000348a       __alldiv                   0001376a f   ntoskrnl:ntoskrnl.exe
 0001:00003490       __allmul                   00013770 f   ntoskrnl:ntoskrnl.exe
 0001:00003496       _PcInitializeAdapterDriver@12 00013776 f   portcls:portcls.sys
 0001:0000349c       _PcAddAdapterDevice@20     0001377c f   portcls:portcls.sys
 0001:000034a2       _PcRegisterSubdevice@12    00013782 f   portcls:portcls.sys
 0001:000034a8       _PcNewMiniport@8           00013788 f   portcls:portcls.sys
 0001:000034ae       _PcNewPort@8               0001378e f   portcls:portcls.sys
 0001:000034b4       _PcRegisterPhysicalConnection@20 00013794 f   portcls:portcls.sys
 0001:000034ba       _PcRegisterAdapterPowerManagement@8 0001379a f   portcls:portcls.sys
 0001:000034c0       _PcNewResourceSublist@20   000137a0 f   portcls:portcls.sys
 0001:000034c6       _PcNewInterruptSync@20     000137a6 f   portcls:portcls.sys
 0001:000034cc       _PcNewRegistryKey@36       000137ac f   portcls:portcls.sys
 0001:000034d2       _PcNewServiceGroup@8       000137b2 f   portcls:portcls.sys
 0001:000034e0       ??0CUnknown@@QAE@PAUIUnknown@@@Z 000137c0 f   stdunk:stdunk.obj
 0001:00003530       ??_GCUnknown@@UAEPAXI@Z    00013810 f i stdunk:stdunk.obj
 0001:00003530       ??_ECUnknown@@UAEPAXI@Z    00013810 f i stdunk:stdunk.obj
 0001:00003560       ??1CUnknown@@UAE@XZ        00013840 f   stdunk:stdunk.obj
 0001:00003580       ?NonDelegatingAddRef@CUnknown@@UAGKXZ 00013860 f   stdunk:stdunk.obj
 0001:000035c0       ?NonDelegatingRelease@CUnknown@@UAGKXZ 000138a0 f   stdunk:stdunk.obj
 0001:00003640       ?NonDelegatingQueryInterface@CUnknown@@UAGJABU_GUID@@PAPAX@Z 00013920 f   stdunk:stdunk.obj
 0002:00000000       __imp_@KfAcquireSpinLock@4 000139a0     hal:HAL.dll
 0002:00000004       __imp_@KfReleaseSpinLock@8 000139a4     hal:HAL.dll
 0002:00000008       __imp__KeGetCurrentIrql@0  000139a8     hal:HAL.dll
 0002:0000000c       __imp__KeStallExecutionProcessor@4 000139ac     hal:HAL.dll
 0002:00000010       \177HAL_NULL_THUNK_DATA    000139b0     hal:HAL.dll
 0002:00000014       __imp__MmMapIoSpace@16     000139b4     ntoskrnl:ntoskrnl.exe
 0002:00000018       __imp__IoGetDmaAdapter@12  000139b8     ntoskrnl:ntoskrnl.exe
 0002:0000001c       __imp__ExAllocatePoolWithTag@12 000139bc     ntoskrnl:ntoskrnl.exe
 0002:00000020       __imp__KeInitializeSpinLock@4 000139c0     ntoskrnl:ntoskrnl.exe
 0002:00000024       __imp__READ_REGISTER_ULONG@4 000139c4     ntoskrnl:ntoskrnl.exe
 0002:00000028       __imp__WRITE_REGISTER_ULONG@8 000139c8     ntoskrnl:ntoskrnl.exe
 0002:0000002c       __imp__RtlInitUnicodeString@8 000139cc     ntoskrnl:ntoskrnl.exe
 0002:00000030       __imp__MmUnmapIoSpace@8    000139d0     ntoskrnl:ntoskrnl.exe
 0002:00000034       __imp__DbgPrint            000139d4     ntoskrnl:ntoskrnl.exe
 0002:00000038       __imp__READ_REGISTER_USHORT@4 000139d8     ntoskrnl:ntoskrnl.exe
 0002:0000003c       __imp__WRITE_REGISTER_USHORT@8 000139dc     ntoskrnl:ntoskrnl.exe
 0002:00000040       __imp__KeInitializeMutex@8 000139e0     ntoskrnl:ntoskrnl.exe
 0002:00000044       __imp__KeReleaseMutex@8    000139e4     ntoskrnl:ntoskrnl.exe
 0002:00000048       __imp__KeWaitForSingleObject@20 000139e8     ntoskrnl:ntoskrnl.exe
 0002:0000004c       __imp___alldiv             000139ec     ntoskrnl:ntoskrnl.exe
 0002:00000050       __imp__RtlAssert@16        000139f0     ntoskrnl:ntoskrnl.exe
 0002:00000054       __imp__ExFreePool@4        000139f4     ntoskrnl:ntoskrnl.exe
 0002:00000058       __imp__DbgBreakPoint@0     000139f8     ntoskrnl:ntoskrnl.exe
 0002:0000005c       __imp__READ_REGISTER_UCHAR@4 000139fc     ntoskrnl:ntoskrnl.exe
 0002:00000060       __imp__WRITE_REGISTER_UCHAR@8 00013a00     ntoskrnl:ntoskrnl.exe
 0002:00000064       __imp___allmul             00013a04     ntoskrnl:ntoskrnl.exe
 0002:00000068       __imp_@InterlockedDecrement@4 00013a08     ntoskrnl:ntoskrnl.exe
 0002:0000006c       __imp_@InterlockedIncrement@4 00013a0c     ntoskrnl:ntoskrnl.exe
 0002:00000070       \177ntoskrnl_NULL_THUNK_DATA 00013a10     ntoskrnl:ntoskrnl.exe
 0002:00000074       __imp__PcInitializeAdapterDriver@12 00013a14     portcls:portcls.sys
 0002:00000078       __imp__PcNewMiniport@8     00013a18     portcls:portcls.sys
 0002:0000007c       __imp__PcNewPort@8         00013a1c     portcls:portcls.sys
 0002:00000080       __imp__PcRegisterPhysicalConnection@20 00013a20     portcls:portcls.sys
 0002:00000084       __imp__PcAddAdapterDevice@20 00013a24     portcls:portcls.sys
 0002:00000088       __imp__PcRegisterSubdevice@12 00013a28     portcls:portcls.sys
 0002:0000008c       __imp__PcNewInterruptSync@20 00013a2c     portcls:portcls.sys
 0002:00000090       __imp__PcNewRegistryKey@36 00013a30     portcls:portcls.sys
 0002:00000094       __imp__PcNewServiceGroup@8 00013a34     portcls:portcls.sys
 0002:00000098       __imp__PcRegisterAdapterPowerManagement@8 00013a38     portcls:portcls.sys
 0002:0000009c       __imp__PcNewResourceSublist@20 00013a3c     portcls:portcls.sys
 0002:000000a0       \177portcls_NULL_THUNK_DATA 00013a40     portcls:portcls.sys
 0002:00000120       _IID_IAdapterCommon        00013ac0     adapter.obj
 0002:00000130       _CLSID_MiniportDriverFmSynth 00013ad0     adapter.obj
 0002:00000140       _CLSID_PortWaveCyclic      00013ae0     adapter.obj
 0002:00000150       _CLSID_PortTopology        00013af0     adapter.obj
 0002:00000160       _CLSID_PortMidi            00013b00     adapter.obj
 0002:00000170       _IID_IAdapterPowerManagment 00013b10     adapter.obj
 0002:00000180       _IID_IMiniportWaveCyclicStream 00013b20     adapter.obj
 0002:00000190       _IID_IMiniportWaveCyclic   00013b30     adapter.obj
 0002:000001a0       _IID_IPortWaveCyclic       00013b40     adapter.obj
 0002:000001b0       _IID_IMiniportTopology     00013b50     adapter.obj
 0002:000001c0       _IID_IMiniport             00013b60     adapter.obj
 0002:000001d0       _IID_IUnknown              00013b70     adapter.obj
 0002:000001e0       ??_C@_1BE@ENEK@?$AAR?$AAi?$AAg?$AAh?$AAt?$AAB?$AAa?$AAs?$AAs?$AA?$AA@ 00013b80     common.obj
 0002:000001f4       ??_C@_1BC@JMJO@?$AAL?$AAe?$AAf?$AAt?$AAB?$AAa?$AAs?$AAs?$AA?$AA@ 00013b94     common.obj
 0002:00000208       ??_C@_1BI@KGAJ@?$AAR?$AAi?$AAg?$AAh?$AAt?$AAT?$AAr?$AAe?$AAb?$AAl?$AAe?$AA?$AA@ 00013ba8     common.obj
 0002:00000220       ??_C@_1BG@BGGD@?$AAL?$AAe?$AAf?$AAt?$AAT?$AAr?$AAe?$AAb?$AAl?$AAe?$AA?$AA@ 00013bc0     common.obj
 0002:00000238       ??_C@_1O@IECC@?$AAM?$AAi?$AAc?$AAA?$AAG?$AAC?$AA?$AA@ 00013bd8     common.obj
 0002:00000248       ??_C@_1CA@EJHI@?$AAR?$AAi?$AAg?$AAh?$AAt?$AAO?$AAu?$AAt?$AAp?$AAu?$AAt?$AAG?$AAa?$AAi?$AAn?$AA?$AA@ 00013be8     common.obj
 0002:00000268       ??_C@_1BO@PPLI@?$AAL?$AAe?$AAf?$AAt?$AAO?$AAu?$AAt?$AAp?$AAu?$AAt?$AAG?$AAa?$AAi?$AAn?$AA?$AA@ 00013c08     common.obj
 0002:00000288       ??_C@_1BO@PMCJ@?$AAR?$AAi?$AAg?$AAh?$AAt?$AAI?$AAn?$AAp?$AAu?$AAt?$AAG?$AAa?$AAi?$AAn?$AA?$AA@ 00013c28     common.obj
 0002:000002a8       ??_C@_1BM@CFEM@?$AAL?$AAe?$AAf?$AAt?$AAI?$AAn?$AAp?$AAu?$AAt?$AAG?$AAa?$AAi?$AAn?$AA?$AA@ 00013c48     common.obj
 0002:000002c4       ??_C@_1CA@CIKM@?$AAR?$AAi?$AAg?$AAh?$AAt?$AAI?$AAn?$AAp?$AAu?$AAt?$AAM?$AAi?$AAx?$AAe?$AAr?$AA?$AA@ 00013c64     common.obj
 0002:000002e4       ??_C@_1BO@JOGM@?$AAL?$AAe?$AAf?$AAt?$AAI?$AAn?$AAp?$AAu?$AAt?$AAM?$AAi?$AAx?$AAe?$AAr?$AA?$AA@ 00013c84     common.obj
 0002:00000304       ??_C@_1BI@BMOJ@?$AAO?$AAu?$AAt?$AAp?$AAu?$AAt?$AAM?$AAi?$AAx?$AAe?$AAr?$AA?$AA@ 00013ca4     common.obj
 0002:0000031c       ??_C@_1BE@GLOL@?$AAP?$AAc?$AAS?$AAp?$AAk?$AAr?$AAV?$AAo?$AAl?$AA?$AA@ 00013cbc     common.obj
 0002:00000330       ??_C@_1O@MNBB@?$AAM?$AAi?$AAc?$AAV?$AAo?$AAl?$AA?$AA@ 00013cd0     common.obj
 0002:00000340       ??_C@_1BO@HCKE@?$AAR?$AAi?$AAg?$AAh?$AAt?$AAL?$AAi?$AAn?$AAe?$AAI?$AAn?$AAV?$AAo?$AAl?$AA?$AA@ 00013ce0     common.obj
 0002:00000360       ??_C@_1BM@KLMB@?$AAL?$AAe?$AAf?$AAt?$AAL?$AAi?$AAn?$AAe?$AAI?$AAn?$AAV?$AAo?$AAl?$AA?$AA@ 00013d00     common.obj
 0002:0000037c       ??_C@_1BG@COJL@?$AAR?$AAi?$AAg?$AAh?$AAt?$AAC?$AAD?$AAV?$AAo?$AAl?$AA?$AA@ 00013d1c     common.obj
 0002:00000394       ??_C@_1BE@KMKA@?$AAL?$AAe?$AAf?$AAt?$AAC?$AAD?$AAV?$AAo?$AAl?$AA?$AA@ 00013d34     common.obj
 0002:000003a8       ??_C@_1BK@JCIM@?$AAR?$AAi?$AAg?$AAh?$AAt?$AAM?$AAi?$AAd?$AAi?$AAV?$AAo?$AAl?$AA?$AA@ 00013d48     common.obj
 0002:000003c4       ??_C@_1BI@KBIJ@?$AAL?$AAe?$AAf?$AAt?$AAM?$AAi?$AAd?$AAi?$AAV?$AAo?$AAl?$AA?$AA@ 00013d64     common.obj
 0002:000003dc       ??_C@_1BK@MFCG@?$AAR?$AAi?$AAg?$AAh?$AAt?$AAW?$AAa?$AAv?$AAe?$AAV?$AAo?$AAl?$AA?$AA@ 00013d7c     common.obj
 0002:000003f8       ??_C@_1BI@PGCD@?$AAL?$AAe?$AAf?$AAt?$AAW?$AAa?$AAv?$AAe?$AAV?$AAo?$AAl?$AA?$AA@ 00013d98     common.obj
 0002:00000410       ??_C@_1BO@NHA@?$AAR?$AAi?$AAg?$AAh?$AAt?$AAM?$AAa?$AAs?$AAt?$AAe?$AAr?$AAV?$AAo?$AAl?$AA?$AA@ 00013db0     common.obj
 0002:00000430       ??_C@_1BM@NEBF@?$AAL?$AAe?$AAf?$AAt?$AAM?$AAa?$AAs?$AAt?$AAe?$AAr?$AAV?$AAo?$AAl?$AA?$AA@ 00013dd0     common.obj
 0002:0000044c       ??_7CAdapterCommon@@6BCUnknown@@@ 00013dec     common.obj
 0002:0000045c       ??_7CAdapterCommon@@6BIAdapterPowerManagement@@@ 00013dfc     common.obj
 0002:00000474       ??_7CAdapterCommon@@6BIAdapterCommon@@@ 00013e14     common.obj
 0002:00000590       ??_7CMiniportTopologyHDA@@6BCUnknown@@@ 00013f30     mintopo.obj
 0002:000005a0       ??_7CMiniportTopologyHDA@@6BIMiniportTopology@@@ 00013f40     mintopo.obj
 0002:000005b8       ??_7CMiniportWaveCyclicHDA@@6BCUnknown@@@ 00013f58     minwave.obj
 0002:000005c8       ??_7CMiniportWaveCyclicHDA@@6BIMiniportWaveCyclic@@@ 00013f68     minwave.obj
 0002:000005e4       ??_7CMiniportWaveCyclicStreamHDA@@6BCUnknown@@@ 00013f84     minwave.obj
 0002:000005f4       ??_7CMiniportWaveCyclicStreamHDA@@6BIMiniportWaveCyclicStream@@@ 00013f94     minwave.obj
 0002:00000618       ??_7CUnknown@@6B@          00013fb8     stdunk:stdunk.obj
 0002:00000628       ??_C@_0BB@CHNF@m_lRefCount?5?$DO?$DN?50?$AA@ 00013fc8     stdunk:stdunk.obj
 0002:0000063c       ??_C@_0N@DIKJ@?4?2stdunk?4cpp?$AA@ 00013fdc     stdunk:stdunk.obj
 0002:0000064c       ??_C@_0BA@HPDB@m_lRefCount?5?$DO?50?$AA@ 00013fec     stdunk:stdunk.obj
 0002:0000065c       ??_C@_06DPDC@ppVoid?$AA@   00013ffc     stdunk:stdunk.obj
 0003:00000000       ?ulDebugOut@@3KA           00014020     adapter.obj
 0003:00000008       __GUID_b7902fe9_fb0a_11d1_81b0_0060083316c1 00014028     adapter.obj
 0003:00000018       __GUID_d3f0ce1c_fffc_11d1_81b0_0060083316c1 00014038     adapter.obj
 0003:00000028       __GUID_c096df9c_fb09_11d1_81b0_0060083316c1 00014048     adapter.obj
 0003:000000f8       ?audBufSize@@3KA           00014118     common.obj
 0003:000000fc       ?BdlSize@@3KA              0001411c     common.obj
 0003:000007f8       __GUID_185fedf6_9905_11d1_95a9_00c04fb925d3 00014818     mintopo.obj
 0003:00000808       __GUID_185fedef_9905_11d1_95a9_00c04fb925d3 00014828     mintopo.obj
 0003:00000818       __GUID_185fede1_9905_11d1_95a9_00c04fb925d3 00014838     mintopo.obj
 0003:00000828       __GUID_185fede0_9905_11d1_95a9_00c04fb925d3 00014848     mintopo.obj
 0003:00000838       __GUID_7607e580_c557_11d0_8a2b_00a0c9255ac1 00014858     mintopo.obj
 0003:00000848       __GUID_185fede3_9905_11d1_95a9_00c04fb925d3 00014868     mintopo.obj
 0003:00000858       __GUID_da441a60_c556_11d0_8a2b_00a0c9255ac1 00014878     mintopo.obj
 0003:00000868       __GUID_185fedee_9905_11d1_95a9_00c04fb925d3 00014888     mintopo.obj
 0003:00000878       __GUID_02b223c0_c557_11d0_8a2b_00a0c9255ac1 00014898     mintopo.obj
 0003:00000888       __GUID_185feded_9905_11d1_95a9_00c04fb925d3 000148a8     mintopo.obj
 0003:00000898       __GUID_e88c9ba0_c557_11d0_8a2b_00a0c9255ac1 000148b8     mintopo.obj
 0003:000008a8       __GUID_185fedec_9905_11d1_95a9_00c04fb925d3 000148c8     mintopo.obj
 0003:000008b8       __GUID_185fedeb_9905_11d1_95a9_00c04fb925d3 000148d8     mintopo.obj
 0003:000008c8       __GUID_185fedea_9905_11d1_95a9_00c04fb925d3 000148e8     mintopo.obj
 0003:000008d8       __GUID_185fede9_9905_11d1_95a9_00c04fb925d3 000148f8     mintopo.obj
 0003:000008e8       __GUID_185fede8_9905_11d1_95a9_00c04fb925d3 00014908     mintopo.obj
 0003:000008f8       __GUID_e573adc0_c555_11d0_8a2b_00a0c9255ac1 00014918     mintopo.obj
 0003:00000908       __GUID_185fede7_9905_11d1_95a9_00c04fb925d3 00014928     mintopo.obj
 0003:00000918       __GUID_185fede5_9905_11d1_95a9_00c04fb925d3 00014938     mintopo.obj
 0003:00000928       __GUID_3a5acc00_c557_11d0_8a2b_00a0c9255ac1 00014948     mintopo.obj
 0003:00000938       __GUID_45ffaaa0_6e1b_11d0_bcf2_444553540000 00014958     mintopo.obj
 0003:00000948       __GUID_6994ad04_93ef_11d0_a3cc_00a0c9223196 00014968     mintopo.obj
 0003:00000958       __GUID_185fedf7_9905_11d1_95a9_00c04fb925d3 00014978     mintopo.obj
 0003:00000968       __GUID_dff21ce1_f70f_11d0_b917_00a0c9223196 00014988     mintopo.obj
 0003:00000978       __GUID_dff21be1_f70f_11d0_b917_00a0c9223196 00014998     mintopo.obj
 0003:00000988       __GUID_185fedf9_9905_11d1_95a9_00c04fb925d3 000149a8     mintopo.obj
 0003:00000998       __GUID_dff21fe3_f70f_11d0_b917_00a0c9223196 000149b8     mintopo.obj
 0003:000009a8       __GUID_185fedfb_9905_11d1_95a9_00c04fb925d3 000149c8     mintopo.obj
 0003:000009b8       __GUID_dff220e3_f70f_11d0_b917_00a0c9223196 000149d8     mintopo.obj
 0003:000009c8       __GUID_185fedf8_9905_11d1_95a9_00c04fb925d3 000149e8     mintopo.obj
 0003:000009d8       __GUID_dff220f3_f70f_11d0_b917_00a0c9223196 000149f8     mintopo.obj
 0003:000009e8       __GUID_dff21fe4_f70f_11d0_b917_00a0c9223196 00014a08     mintopo.obj
 0003:000009f8       __GUID_97e99ba0_bdea_11cf_a5d6_28db04c10000 00014a18     mintopo.obj
 0003:00000c40       __GUID_507ae360_c554_11d0_8a2b_00a0c9255ac1 00014c60     minwave.obj
 0003:00000c50       __GUID_4d837fe0_c555_11d0_8a2b_00a0c9255ac1 00014c70     minwave.obj
 0003:00000c60       __GUID_185fedfa_9905_11d1_95a9_00c04fb925d3 00014c80     minwave.obj
 0003:00000c70       __GUID_fb6c4281_0353_11d1_905f_0000c0cc16ba 00014c90     minwave.obj
 0003:00000c80       __GUID_05589f81_c356_11ce_bf01_00aa0055595a 00014ca0     minwave.obj
 0003:00000c90       __GUID_00000001_0000_0010_8000_00aa00389b71 00014cb0     minwave.obj
 0003:00000ca0       __GUID_73647561_0000_0010_8000_00aa00389b71 00014cc0     minwave.obj
 0003:00000cb0       __GUID_518590a2_a184_11d0_8522_00c04fd9baf3 00014cd0     minwave.obj
 0003:00000cc0       __GUID_0f6417d6_c318_11d0_a43f_00a0c9223196 00014ce0     minwave.obj
 0003:00000cd0       __GUID_00000000_0000_0000_0000_000000000000 00014cf0     adapter.obj
 0004:0000003e       _AddDevice@8               00014d3e f   adapter.obj
 0004:0000026a       ?InstallSubdevice@@YGJPAU_DEVICE_OBJECT@@PAU_IRP@@PAGABU_GUID@@3P6GJPAPAUIUnknown@@3PAU4@W4_POOL_TYPE@@@Z5PAUIResourceList@@344@Z 00014f6a f   adapter.obj
 0004:0000066e       ?StartDevice@@YGJPAU_DEVICE_OBJECT@@PAU_IRP@@PAUIResourceList@@@Z 0001536e f   adapter.obj
 0004:00000e6e       ?AssignResources@@YGJPAUIResourceList@@PAPAU1@11111@Z 00015b6e f   adapter.obj
 0004:000014d8       ?NewAdapterCommon@@YGJPAPAUIUnknown@@ABU_GUID@@PAU1@W4_POOL_TYPE@@@Z 000161d8 f   common.obj
 0004:00001d35       ?Init@CAdapterCommon@@UAGJPAUIResourceList@@PAU_DEVICE_OBJECT@@@Z 00016a35 f   common.obj
 0004:00002c7a       ??1CAdapterCommon@@UAE@XZ  0001797a f   common.obj
 0004:000030f7       ?NonDelegatingQueryInterface@CAdapterCommon@@UAGJABU_GUID@@PAPAX@Z 00017df7 f   common.obj
 0004:0000324e       ?WavePortDriverDest@CAdapterCommon@@UAGPAPAUIUnknown@@XZ 00017f4e f   common.obj
 0004:000032ee       ?GetInterruptSync@CAdapterCommon@@UAGPAUIInterruptSync@@XZ 00017fee f   common.obj
 0004:0000338e       ?MidiPortDriverDest@CAdapterCommon@@UAGPAPAUIUnknown@@XZ 0001808e f   common.obj
 0004:0000342e       ?SetWaveServiceGroup@CAdapterCommon@@UAGXPAUIServiceGroup@@@Z 0001812e f   common.obj
 0004:0000397e       ?InitHDA@CAdapterCommon@@QAGJXZ 0001867e f   common.obj
 0004:00004606       ?InitializeCodec@CAdapterCommon@@QAGJE@Z 00019306 f   common.obj
 0004:00004c1b       ?hda_initialize_audio_function_group@CAdapterCommon@@QAGXKK@Z 0001991b f   common.obj
 0004:0000559e       ?hda_get_node_type@CAdapterCommon@@QAGEKK@Z 0001a29e f   common.obj
 0004:0000564e       ?hda_get_node_connection_entries@CAdapterCommon@@QAGKKKK@Z 0001a34e f   common.obj
 0004:0000579e       ?hda_set_node_gain@CAdapterCommon@@QAGXKKKKK@Z 0001a49e f   common.obj
 0004:00005880       ?hda_enable_pin_output@CAdapterCommon@@QAGXKK@Z 0001a580 f   common.obj
 0004:000058c0       ?hda_disable_pin_output@CAdapterCommon@@QAGXKK@Z 0001a5c0 f   common.obj
 0004:00005900       ?hda_is_headphone_connected@CAdapterCommon@@QAGHXZ 0001a600 f   common.obj
 0004:000059fe       ?hda_initialize_output_pin@CAdapterCommon@@QAGXK@Z 0001a6fe f   common.obj
 0004:00005df2       ?hda_initalize_audio_output@CAdapterCommon@@QAGXK@Z 0001aaf2 f   common.obj
 0004:000061ea       ?hda_initalize_audio_mixer@CAdapterCommon@@QAGXK@Z 0001aeea f   common.obj
 0004:00006502       ?hda_initalize_audio_selector@CAdapterCommon@@QAGXK@Z 0001b202 f   common.obj
 0004:000067d8       ?CreateMiniportTopologyHDA@@YGJPAPAUIUnknown@@ABU_GUID@@PAU1@W4_POOL_TYPE@@@Z 0001b4d8 f   mintopo.obj
 0004:0000694a       ?ProcessResources@CMiniportTopologyHDA@@AAEJPAUIResourceList@@@Z 0001b64a f   mintopo.obj
 0004:00006ada       ?NonDelegatingQueryInterface@CMiniportTopologyHDA@@UAGJABU_GUID@@PAPAX@Z 0001b7da f   mintopo.obj
 0004:00006c8e       ??1CMiniportTopologyHDA@@UAE@XZ 0001b98e f   mintopo.obj
 0004:00006e66       ?Init@CMiniportTopologyHDA@@UAGJPAUIUnknown@@PAUIResourceList@@PAUIPortTopology@@@Z 0001bb66 f   mintopo.obj
 0004:0000707a       ?GetDescription@CMiniportTopologyHDA@@UAGJPAPAUPCFILTER_DESCRIPTOR@@@Z 0001bd7a f   mintopo.obj
 0004:00008858       ?CreateMiniportWaveCyclicHDA@@YGJPAPAUIUnknown@@ABU_GUID@@PAU1@W4_POOL_TYPE@@@Z 0001d558 f   minwave.obj
 0004:00008b26       ?ProcessResources@CMiniportWaveCyclicHDA@@AAEJPAUIResourceList@@@Z 0001d826 f   minwave.obj
 0004:00008f92       ?ValidateFormat@CMiniportWaveCyclicHDA@@AAEJPATKSDATAFORMAT@@@Z 0001dc92 f   minwave.obj
 0004:0000919e       ?NonDelegatingQueryInterface@CMiniportWaveCyclicHDA@@UAGJABU_GUID@@PAPAX@Z 0001de9e f   minwave.obj
 0004:00009352       ??1CMiniportWaveCyclicHDA@@UAE@XZ 0001e052 f   minwave.obj
 0004:00009556       ?Init@CMiniportWaveCyclicHDA@@UAGJPAUIUnknown@@PAUIResourceList@@PAUIPortWaveCyclic@@@Z 0001e256 f   minwave.obj
 0004:000097ee       ?GetDescription@CMiniportWaveCyclicHDA@@UAGJPAPAUPCFILTER_DESCRIPTOR@@@Z 0001e4ee f   minwave.obj
 0004:000099da       ?DataRangeIntersection@CMiniportWaveCyclicHDA@@UAGJKPATKSDATAFORMAT@@0KPAXPAK@Z 0001e6da f   minwave.obj
 0004:00009fda       ?NewStream@CMiniportWaveCyclicHDA@@UAGJPAPAUIMiniportWaveCyclicStream@@PAUIUnknown@@W4_POOL_TYPE@@KEPATKSDATAFORMAT@@PAPAUIDmaChannel@@PAPAUIServiceGroup@@@Z 0001ecda f   minwave.obj
 0004:0000a372       ?NonDelegatingQueryInterface@CMiniportWaveCyclicStreamHDA@@UAGJABU_GUID@@PAPAX@Z 0001f072 f   minwave.obj
 0004:0000a51e       ??1CMiniportWaveCyclicStreamHDA@@UAE@XZ 0001f21e f   minwave.obj
 0004:0000a790       ?Init@CMiniportWaveCyclicStreamHDA@@QAEJPAVCMiniportWaveCyclicHDA@@KEPATKSDATAFORMAT@@PAUIDmaChannel@@@Z 0001f490 f   minwave.obj
 0004:0000aa02       ?SetNotificationFreq@CMiniportWaveCyclicStreamHDA@@UAGKKPAK@Z 0001f702 f   minwave.obj
 0004:0000ab96       ?SetFormat@CMiniportWaveCyclicStreamHDA@@UAGJPATKSDATAFORMAT@@@Z 0001f896 f   minwave.obj
 0004:0000ae2e       ?SetState@CMiniportWaveCyclicStreamHDA@@UAGJW4KSSTATE@@@Z 0001fb2e f   minwave.obj
 0005:0000003e       _DriverEntry@8             0001fc7e f   adapter.obj
 0005:000000ac       __IMPORT_DESCRIPTOR_ntoskrnl 0001fcec     ntoskrnl:ntoskrnl.exe
 0005:000000c0       __IMPORT_DESCRIPTOR_HAL    0001fd00     hal:HAL.dll
 0005:000000d4       __IMPORT_DESCRIPTOR_portcls 0001fd14     portcls:portcls.sys
 0005:000000e8       __NULL_IMPORT_DESCRIPTOR   0001fd28     ntoskrnl:ntoskrnl.exe

 entry point at        0005:0000003e

 Static symbols

 0004:000071ce       ?PropertyHandler_OnOff@@YGJPAU_PCPROPERTY_REQUEST@@@Z 0001bece f   mintopo.obj
 0004:000075e6       ?PropertyHandler_SuperMixCaps@@YGJPAU_PCPROPERTY_REQUEST@@@Z 0001c2e6 f   mintopo.obj
 0004:00007bf6       ?PropertyHandler_SuperMixTable@@YGJPAU_PCPROPERTY_REQUEST@@@Z 0001c8f6 f   mintopo.obj
 0004:00008326       ?PropertyHandler_CpuResources@@YGJPAU_PCPROPERTY_REQUEST@@@Z 0001d026 f   mintopo.obj
 0001:0000299e       ?PropertyHandler_Level@@YGJPAU_PCPROPERTY_REQUEST@@@Z 00012c7e f   mintopo.obj
 0004:00008586       ?BasicSupportHandler@@YGJPAU_PCPROPERTY_REQUEST@@@Z 0001d286 f   mintopo.obj

 332 bytes saved through ICF

