 HDA

 Timestamp is 69582641 (Fri Jan 02 12:10:41 2026)

 Preferred load address is 00010000

 Start         Length     Name                   Class
 0001:00000000 00003c77H .text                   CODE
 0002:00000000 000000b8H .idata$5                DATA
 0002:000000b8 000005c3H .rdata                  DATA
 0003:00000000 00000cd0H .data                   DATA
 0003:00000cd0 00000014H .bss                    DATA
 0004:00000000 0000bbf0H PAGE                    CODE
 0005:00000000 000000a9H INIT                    CODE
 0005:000000ac 0000003cH .idata$2                CODE
 0005:000000e8 00000014H .idata$3                CODE
 0005:000000fc 000000b8H .idata$4                CODE
 0005:000001b4 000003b4H .idata$6                CODE
 0006:00000000 00000058H .rsrc$01                DATA
 0006:00000060 00000338H .rsrc$02                DATA

  Address         Publics by Value              Rva+Base     Lib:Object

 0001:00000000       ??3@YAXPAX@Z               000102e0 f i common.obj
 0001:00000010       ??2@YGPAXIW4_POOL_TYPE@@K@Z 000102f0 f i common.obj
 0001:00000050       ??0CAdapterCommon@@QAE@PAUIUnknown@@@Z 00010330 f i common.obj
 0001:000000a0       ?QueryInterface@CAdapterCommon@@UAGJABU_GUID@@PAPAX@Z 00010380 f i common.obj
 0001:000000d0       ?GetOuterUnknown@CUnknown@@QAEPAUIUnknown@@XZ 000103b0 f i common.obj
 0001:000000f0       ?AddRef@CAdapterCommon@@UAGKXZ 000103d0 f i common.obj
 0001:00000120       ?Release@CAdapterCommon@@UAGKXZ 00010400 f i common.obj
 0001:00000150       ??_ECAdapterCommon@@UAEPAXI@Z 00010430 f i common.obj
 0001:00000150       ??_GCAdapterCommon@@UAEPAXI@Z 00010430 f i common.obj
 0001:00000190       _IsEqualGUIDAligned@8      00010470 f i common.obj
 0001:00000210       ?hda_check_headphone_connection_change@CAdapterCommon@@QAGXXZ 000104f0 f   common.obj
 0001:000002d0       ?hda_is_supported_sample_rate@CAdapterCommon@@QAGEK@Z 000105b0 f   common.obj
 0001:000003e6       ?hda_send_verb@CAdapterCommon@@QAGKKKKK@Z 000106c6 f   common.obj
 0001:000006e2       ?ReadController@CAdapterCommon@@UAGEXZ 000109c2 f   common.obj
 0001:00000786       ?WriteController@CAdapterCommon@@UAGEE@Z 00010a66 f   common.obj
 0001:00000892       ?MixerRegWrite@CAdapterCommon@@UAGXEE@Z 00010b72 f   common.obj
 0001:00000a2a       ?MixerRegRead@CAdapterCommon@@UAGEE@Z 00010d0a f   common.obj
 0001:00000b0e       ?MixerReset@CAdapterCommon@@UAGXXZ 00010dee f   common.obj
 0001:00000bae       ?AcknowledgeIRQ@CAdapterCommon@@AAE?AW4_HDA_INTERRUPT_TYPE@@XZ 00010e8e f   common.obj
 0001:00000e52       ?ResetController@CAdapterCommon@@UAGJXZ 00011132 f   common.obj
 0001:00000ef6       ?RestoreMixerSettingsFromRegistry@CAdapterCommon@@UAGJXZ 000111d6 f   common.obj
 0001:000011a2       ?SaveMixerSettingsToRegistry@CAdapterCommon@@UAGJXZ 00011482 f   common.obj
 0001:00001492       ?ProgramSampleRate@CAdapterCommon@@UAGJK@Z 00011772 f   common.obj
 0001:00001786       ?PowerChangeState@CAdapterCommon@@UAGXT_POWER_STATE@@@Z 00011a66 f   common.obj
 0001:00001976       ?QueryPowerChangeState@CAdapterCommon@@UAGJT_POWER_STATE@@@Z 00011c56 f   common.obj
 0001:000019fa       ?QueryDeviceCapabilities@CAdapterCommon@@UAGJPAU_DEVICE_CAPABILITIES@@@Z 00011cda f   common.obj
 0001:00001aaa       ?InterruptServiceRoutine@@YGJPAUIInterruptSync@@PAX@Z 00011d8a f   common.obj
 0001:00001c36       ?hda_stop_stream@CAdapterCommon@@UAGJXZ 00011f16 f   common.obj
 0001:00001eb0       ?hda_start_sound@CAdapterCommon@@UAGXXZ 00012190 f   common.obj
 0001:00001f1a       ?hda_stop_sound@CAdapterCommon@@UAGXXZ 000121fa f   common.obj
 0001:00001fd0       ?hda_get_actual_stream_position@CAdapterCommon@@UAGKXZ 000122b0 f   common.obj
 0001:00001ff0       ?hda_set_volume@CAdapterCommon@@QAGXKE@Z 000122d0 f   common.obj
 0001:00002070       ?hda_set_node_gain@CAdapterCommon@@QAGXKKKKKE@Z 00012350 f   common.obj
 0001:00002110       ?readUCHAR@CAdapterCommon@@QAGEG@Z 000123f0 f   common.obj
 0001:00002130       ?writeUCHAR@CAdapterCommon@@QAGXGE@Z 00012410 f   common.obj
 0001:00002160       ?readUSHORT@CAdapterCommon@@QAGGG@Z 00012440 f   common.obj
 0001:00002180       ?writeUSHORT@CAdapterCommon@@QAGXGG@Z 00012460 f   common.obj
 0001:000021b0       ?readULONG@CAdapterCommon@@QAGKG@Z 00012490 f   common.obj
 0001:000021d0       ?writeULONG@CAdapterCommon@@QAGXGK@Z 000124b0 f   common.obj
 0001:00002412       ?hda_showtime@CAdapterCommon@@UAGJPAUIDmaChannel@@@Z 000126f2 f   common.obj
 0001:00002980       ?hda_return_sound_data_format@CAdapterCommon@@QAGGKKK@Z 00012c60 f   common.obj
 0001:00002af0       ?ReadWriteConfigSpace@CAdapterCommon@@AAGJPAU_DEVICE_OBJECT@@KPAXKK@Z 00012dd0 f   common.obj
 0001:00002c1b       ?WriteConfigSpaceByte@CAdapterCommon@@AAGJEEE@Z 00012efb f   common.obj
 0001:00002d1b       ?WriteConfigSpaceWord@CAdapterCommon@@AAGJEGG@Z 00012ffb f   common.obj
 0001:00002de0       ?QueryInterface@CAdapterCommon@@W3AGJABU_GUID@@PAPAX@Z 000130c0 f i common.obj
 0001:00002df0       ?AddRef@CAdapterCommon@@W3AGKXZ 000130d0 f i common.obj
 0001:00002e00       ?Release@CAdapterCommon@@W3AGKXZ 000130e0 f i common.obj
 0001:00002e10       ??0CMiniportTopologyHDA@@QAE@PAUIUnknown@@@Z 000130f0 f i mintopo.obj
 0001:00002e50       ?QueryInterface@CMiniportTopologyHDA@@UAGJABU_GUID@@PAPAX@Z 00013130 f i mintopo.obj
 0001:00002e50       ?QueryInterface@CMiniportWaveCyclicStreamHDA@@UAGJABU_GUID@@PAPAX@Z 00013130 f i mintopo.obj
 0001:00002e50       ?QueryInterface@CMiniportWaveCyclicHDA@@UAGJABU_GUID@@PAPAX@Z 00013130 f i mintopo.obj
 0001:00002e80       ?DataRangeIntersection@CMiniportTopologyHDA@@UAGJKPATKSDATAFORMAT@@0KPAXPAK@Z 00013160 f i mintopo.obj
 0001:00002e90       ??_ECMiniportTopologyHDA@@UAEPAXI@Z 00013170 f i mintopo.obj
 0001:00002e90       ??_GCMiniportTopologyHDA@@UAEPAXI@Z 00013170 f i mintopo.obj
 0001:00002ed0       ??0IMiniport@@QAE@XZ       000131b0 f i mintopo.obj
 0001:00002ed0       ??0IAdapterCommon@@QAE@XZ  000131b0 f i mintopo.obj
 0001:00002ed0       ??0IMiniportWaveCyclicStream@@QAE@XZ 000131b0 f i mintopo.obj
 0001:00002ed0       ??0IAdapterPowerManagement@@QAE@XZ 000131b0 f i mintopo.obj
 0001:00003570       ?ReadBitsFromMixer@CMiniportTopologyHDA@@AAEEEEE@Z 00013850 f   mintopo.obj
 0001:000035c0       ?ThisManyOnes@@YGEE@Z      000138a0 f i mintopo.obj
 0001:000035e0       ?WriteBitsToMixer@CMiniportTopologyHDA@@AAEXEEEE@Z 000138c0 f   mintopo.obj
 0001:00003680       ??0CMiniportWaveCyclicHDA@@QAE@PAUIUnknown@@@Z 00013960 f i minwave.obj
 0001:000036c0       ?AddRef@CMiniportWaveCyclicStreamHDA@@UAGKXZ 000139a0 f i minwave.obj
 0001:000036c0       ?AddRef@CMiniportTopologyHDA@@UAGKXZ 000139a0 f i minwave.obj
 0001:000036c0       ?AddRef@CMiniportWaveCyclicHDA@@UAGKXZ 000139a0 f i minwave.obj
 0001:000036f0       ??_ECMiniportWaveCyclicHDA@@UAEPAXI@Z 000139d0 f i minwave.obj
 0001:000036f0       ??_GCMiniportWaveCyclicHDA@@UAEPAXI@Z 000139d0 f i minwave.obj
 0001:00003730       ??0IMiniportWaveCyclic@@QAE@XZ 00013a10 f i minwave.obj
 0001:00003730       ??0IMiniportTopology@@QAE@XZ 00013a10 f i minwave.obj
 0001:00003750       ??2@YGPAXIW4_POOL_TYPE@@@Z 00013a30 f i minwave.obj
 0001:000037a0       ??0CMiniportWaveCyclicStreamHDA@@QAE@PAUIUnknown@@@Z 00013a80 f i minwave.obj
 0001:000037e0       ?Release@CMiniportWaveCyclicHDA@@UAGKXZ 00013ac0 f i minwave.obj
 0001:000037e0       ?Release@CMiniportWaveCyclicStreamHDA@@UAGKXZ 00013ac0 f i minwave.obj
 0001:000037e0       ?Release@CMiniportTopologyHDA@@UAGKXZ 00013ac0 f i minwave.obj
 0001:00003810       ??_GCMiniportWaveCyclicStreamHDA@@UAEPAXI@Z 00013af0 f i minwave.obj
 0001:00003810       ??_ECMiniportWaveCyclicStreamHDA@@UAEPAXI@Z 00013af0 f i minwave.obj
 0001:00003869       ?GetPosition@CMiniportWaveCyclicStreamHDA@@UAGJPAK@Z 00013b49 f   minwave.obj
 0001:0000395e       ?NormalizePhysicalPosition@CMiniportWaveCyclicStreamHDA@@UAGJPA_J@Z 00013c3e f   minwave.obj
 0001:00003a00       ?Silence@CMiniportWaveCyclicStreamHDA@@UAGXPAXK@Z 00013ce0 f   minwave.obj
 0001:00003a3e       _DbgPrint                  00013d1e f   ntoskrnl:ntoskrnl.exe
 0001:00003a44       _DbgBreakPoint@0           00013d24 f   ntoskrnl:ntoskrnl.exe
 0001:00003a4a       __alldiv                   00013d2a f   ntoskrnl:ntoskrnl.exe
 0001:00003a50       __allmul                   00013d30 f   ntoskrnl:ntoskrnl.exe
 0001:00003a56       _PcInitializeAdapterDriver@12 00013d36 f   portcls:portcls.sys
 0001:00003a5c       _PcAddAdapterDevice@20     00013d3c f   portcls:portcls.sys
 0001:00003a62       _PcRegisterSubdevice@12    00013d42 f   portcls:portcls.sys
 0001:00003a68       _PcNewMiniport@8           00013d48 f   portcls:portcls.sys
 0001:00003a6e       _PcNewPort@8               00013d4e f   portcls:portcls.sys
 0001:00003a74       _PcRegisterPhysicalConnection@20 00013d54 f   portcls:portcls.sys
 0001:00003a7a       _PcRegisterAdapterPowerManagement@8 00013d5a f   portcls:portcls.sys
 0001:00003a80       _PcNewResourceSublist@20   00013d60 f   portcls:portcls.sys
 0001:00003a86       _PcNewInterruptSync@20     00013d66 f   portcls:portcls.sys
 0001:00003a8c       _PcNewRegistryKey@36       00013d6c f   portcls:portcls.sys
 0001:00003a92       _PcNewServiceGroup@8       00013d72 f   portcls:portcls.sys
 0001:00003aa0       ??0CUnknown@@QAE@PAUIUnknown@@@Z 00013d80 f   stdunk:stdunk.obj
 0001:00003af0       ??_ECUnknown@@UAEPAXI@Z    00013dd0 f i stdunk:stdunk.obj
 0001:00003af0       ??_GCUnknown@@UAEPAXI@Z    00013dd0 f i stdunk:stdunk.obj
 0001:00003b20       ??0INonDelegatingUnknown@@QAE@XZ 00013e00 f i stdunk:stdunk.obj
 0001:00003b20       ??0IUnknown@@QAE@XZ        00013e00 f i stdunk:stdunk.obj
 0001:00003b30       ??1CUnknown@@UAE@XZ        00013e10 f   stdunk:stdunk.obj
 0001:00003b50       ?NonDelegatingAddRef@CUnknown@@UAGKXZ 00013e30 f   stdunk:stdunk.obj
 0001:00003b90       ?NonDelegatingRelease@CUnknown@@UAGKXZ 00013e70 f   stdunk:stdunk.obj
 0001:00003c10       ?NonDelegatingQueryInterface@CUnknown@@UAGJABU_GUID@@PAPAX@Z 00013ef0 f   stdunk:stdunk.obj
 0002:00000000       __imp_@KfAcquireSpinLock@4 00013f60     hal:HAL.dll
 0002:00000004       __imp_@KfReleaseSpinLock@8 00013f64     hal:HAL.dll
 0002:00000008       __imp__KeStallExecutionProcessor@4 00013f68     hal:HAL.dll
 0002:0000000c       __imp__KeGetCurrentIrql@0  00013f6c     hal:HAL.dll
 0002:00000010       \177HAL_NULL_THUNK_DATA    00013f70     hal:HAL.dll
 0002:00000014       __imp__MmMapIoSpace@16     00013f74     ntoskrnl:ntoskrnl.exe
 0002:00000018       __imp__KeInitializeSpinLock@4 00013f78     ntoskrnl:ntoskrnl.exe
 0002:0000001c       __imp__MmUnmapIoSpace@8    00013f7c     ntoskrnl:ntoskrnl.exe
 0002:00000020       __imp__IoGetDmaAdapter@12  00013f80     ntoskrnl:ntoskrnl.exe
 0002:00000024       __imp__READ_REGISTER_ULONG@4 00013f84     ntoskrnl:ntoskrnl.exe
 0002:00000028       __imp__WRITE_REGISTER_ULONG@8 00013f88     ntoskrnl:ntoskrnl.exe
 0002:0000002c       __imp__RtlInitUnicodeString@8 00013f8c     ntoskrnl:ntoskrnl.exe
 0002:00000030       __imp__READ_REGISTER_UCHAR@4 00013f90     ntoskrnl:ntoskrnl.exe
 0002:00000034       __imp__WRITE_REGISTER_UCHAR@8 00013f94     ntoskrnl:ntoskrnl.exe
 0002:00000038       __imp__READ_REGISTER_USHORT@4 00013f98     ntoskrnl:ntoskrnl.exe
 0002:0000003c       __imp__ExFreePool@4        00013f9c     ntoskrnl:ntoskrnl.exe
 0002:00000040       __imp__ExAllocatePoolWithTag@12 00013fa0     ntoskrnl:ntoskrnl.exe
 0002:00000044       __imp__KeWaitForSingleObject@20 00013fa4     ntoskrnl:ntoskrnl.exe
 0002:00000048       __imp_@IofCallDriver@8     00013fa8     ntoskrnl:ntoskrnl.exe
 0002:0000004c       __imp__IoBuildSynchronousFsdRequest@28 00013fac     ntoskrnl:ntoskrnl.exe
 0002:00000050       __imp__IoGetAttachedDeviceReference@4 00013fb0     ntoskrnl:ntoskrnl.exe
 0002:00000054       __imp__KeInitializeEvent@12 00013fb4     ntoskrnl:ntoskrnl.exe
 0002:00000058       __imp__KeInitializeMutex@8 00013fb8     ntoskrnl:ntoskrnl.exe
 0002:0000005c       __imp__RtlAssert@16        00013fbc     ntoskrnl:ntoskrnl.exe
 0002:00000060       __imp___alldiv             00013fc0     ntoskrnl:ntoskrnl.exe
 0002:00000064       __imp___allmul             00013fc4     ntoskrnl:ntoskrnl.exe
 0002:00000068       __imp__DbgBreakPoint@0     00013fc8     ntoskrnl:ntoskrnl.exe
 0002:0000006c       __imp__DbgPrint            00013fcc     ntoskrnl:ntoskrnl.exe
 0002:00000070       __imp_@ObfDereferenceObject@4 00013fd0     ntoskrnl:ntoskrnl.exe
 0002:00000074       __imp__WRITE_REGISTER_USHORT@8 00013fd4     ntoskrnl:ntoskrnl.exe
 0002:00000078       __imp__KeReleaseMutex@8    00013fd8     ntoskrnl:ntoskrnl.exe
 0002:0000007c       __imp_@InterlockedDecrement@4 00013fdc     ntoskrnl:ntoskrnl.exe
 0002:00000080       __imp_@InterlockedIncrement@4 00013fe0     ntoskrnl:ntoskrnl.exe
 0002:00000084       \177ntoskrnl_NULL_THUNK_DATA 00013fe4     ntoskrnl:ntoskrnl.exe
 0002:00000088       __imp__PcInitializeAdapterDriver@12 00013fe8     portcls:portcls.sys
 0002:0000008c       __imp__PcNewMiniport@8     00013fec     portcls:portcls.sys
 0002:00000090       __imp__PcNewPort@8         00013ff0     portcls:portcls.sys
 0002:00000094       __imp__PcRegisterPhysicalConnection@20 00013ff4     portcls:portcls.sys
 0002:00000098       __imp__PcAddAdapterDevice@20 00013ff8     portcls:portcls.sys
 0002:0000009c       __imp__PcRegisterSubdevice@12 00013ffc     portcls:portcls.sys
 0002:000000a0       __imp__PcNewInterruptSync@20 00014000     portcls:portcls.sys
 0002:000000a4       __imp__PcNewRegistryKey@36 00014004     portcls:portcls.sys
 0002:000000a8       __imp__PcNewServiceGroup@8 00014008     portcls:portcls.sys
 0002:000000ac       __imp__PcRegisterAdapterPowerManagement@8 0001400c     portcls:portcls.sys
 0002:000000b0       __imp__PcNewResourceSublist@20 00014010     portcls:portcls.sys
 0002:000000b4       \177portcls_NULL_THUNK_DATA 00014014     portcls:portcls.sys
 0002:00000130       _IID_IAdapterCommon        00014090     adapter.obj
 0002:00000140       _CLSID_MiniportDriverFmSynth 000140a0     adapter.obj
 0002:00000150       _CLSID_PortWaveCyclic      000140b0     adapter.obj
 0002:00000160       _CLSID_PortTopology        000140c0     adapter.obj
 0002:00000170       _CLSID_PortMidi            000140d0     adapter.obj
 0002:00000180       _IID_IAdapterPowerManagment 000140e0     adapter.obj
 0002:00000190       _IID_IMiniportWaveCyclicStream 000140f0     adapter.obj
 0002:000001a0       _IID_IMiniportWaveCyclic   00014100     adapter.obj
 0002:000001b0       _IID_IPortWaveCyclic       00014110     adapter.obj
 0002:000001c0       _IID_IMiniportTopology     00014120     adapter.obj
 0002:000001d0       _IID_IMiniport             00014130     adapter.obj
 0002:000001e0       _IID_IUnknown              00014140     adapter.obj
 0002:000001f0       ??_C@_1BE@ENEK@?$AAR?$AAi?$AAg?$AAh?$AAt?$AAB?$AAa?$AAs?$AAs?$AA?$AA@ 00014150     common.obj
 0002:00000204       ??_C@_1BC@JMJO@?$AAL?$AAe?$AAf?$AAt?$AAB?$AAa?$AAs?$AAs?$AA?$AA@ 00014164     common.obj
 0002:00000218       ??_C@_1BI@KGAJ@?$AAR?$AAi?$AAg?$AAh?$AAt?$AAT?$AAr?$AAe?$AAb?$AAl?$AAe?$AA?$AA@ 00014178     common.obj
 0002:00000230       ??_C@_1BG@BGGD@?$AAL?$AAe?$AAf?$AAt?$AAT?$AAr?$AAe?$AAb?$AAl?$AAe?$AA?$AA@ 00014190     common.obj
 0002:00000248       ??_C@_1O@IECC@?$AAM?$AAi?$AAc?$AAA?$AAG?$AAC?$AA?$AA@ 000141a8     common.obj
 0002:00000258       ??_C@_1CA@EJHI@?$AAR?$AAi?$AAg?$AAh?$AAt?$AAO?$AAu?$AAt?$AAp?$AAu?$AAt?$AAG?$AAa?$AAi?$AAn?$AA?$AA@ 000141b8     common.obj
 0002:00000278       ??_C@_1BO@PPLI@?$AAL?$AAe?$AAf?$AAt?$AAO?$AAu?$AAt?$AAp?$AAu?$AAt?$AAG?$AAa?$AAi?$AAn?$AA?$AA@ 000141d8     common.obj
 0002:00000298       ??_C@_1BO@PMCJ@?$AAR?$AAi?$AAg?$AAh?$AAt?$AAI?$AAn?$AAp?$AAu?$AAt?$AAG?$AAa?$AAi?$AAn?$AA?$AA@ 000141f8     common.obj
 0002:000002b8       ??_C@_1BM@CFEM@?$AAL?$AAe?$AAf?$AAt?$AAI?$AAn?$AAp?$AAu?$AAt?$AAG?$AAa?$AAi?$AAn?$AA?$AA@ 00014218     common.obj
 0002:000002d4       ??_C@_1CA@CIKM@?$AAR?$AAi?$AAg?$AAh?$AAt?$AAI?$AAn?$AAp?$AAu?$AAt?$AAM?$AAi?$AAx?$AAe?$AAr?$AA?$AA@ 00014234     common.obj
 0002:000002f4       ??_C@_1BO@JOGM@?$AAL?$AAe?$AAf?$AAt?$AAI?$AAn?$AAp?$AAu?$AAt?$AAM?$AAi?$AAx?$AAe?$AAr?$AA?$AA@ 00014254     common.obj
 0002:00000314       ??_C@_1BI@BMOJ@?$AAO?$AAu?$AAt?$AAp?$AAu?$AAt?$AAM?$AAi?$AAx?$AAe?$AAr?$AA?$AA@ 00014274     common.obj
 0002:0000032c       ??_C@_1BE@GLOL@?$AAP?$AAc?$AAS?$AAp?$AAk?$AAr?$AAV?$AAo?$AAl?$AA?$AA@ 0001428c     common.obj
 0002:00000340       ??_C@_1O@MNBB@?$AAM?$AAi?$AAc?$AAV?$AAo?$AAl?$AA?$AA@ 000142a0     common.obj
 0002:00000350       ??_C@_1BO@HCKE@?$AAR?$AAi?$AAg?$AAh?$AAt?$AAL?$AAi?$AAn?$AAe?$AAI?$AAn?$AAV?$AAo?$AAl?$AA?$AA@ 000142b0     common.obj
 0002:00000370       ??_C@_1BM@KLMB@?$AAL?$AAe?$AAf?$AAt?$AAL?$AAi?$AAn?$AAe?$AAI?$AAn?$AAV?$AAo?$AAl?$AA?$AA@ 000142d0     common.obj
 0002:0000038c       ??_C@_1BG@COJL@?$AAR?$AAi?$AAg?$AAh?$AAt?$AAC?$AAD?$AAV?$AAo?$AAl?$AA?$AA@ 000142ec     common.obj
 0002:000003a4       ??_C@_1BE@KMKA@?$AAL?$AAe?$AAf?$AAt?$AAC?$AAD?$AAV?$AAo?$AAl?$AA?$AA@ 00014304     common.obj
 0002:000003b8       ??_C@_1BK@JCIM@?$AAR?$AAi?$AAg?$AAh?$AAt?$AAM?$AAi?$AAd?$AAi?$AAV?$AAo?$AAl?$AA?$AA@ 00014318     common.obj
 0002:000003d4       ??_C@_1BI@KBIJ@?$AAL?$AAe?$AAf?$AAt?$AAM?$AAi?$AAd?$AAi?$AAV?$AAo?$AAl?$AA?$AA@ 00014334     common.obj
 0002:000003ec       ??_C@_1BK@MFCG@?$AAR?$AAi?$AAg?$AAh?$AAt?$AAW?$AAa?$AAv?$AAe?$AAV?$AAo?$AAl?$AA?$AA@ 0001434c     common.obj
 0002:00000408       ??_C@_1BI@PGCD@?$AAL?$AAe?$AAf?$AAt?$AAW?$AAa?$AAv?$AAe?$AAV?$AAo?$AAl?$AA?$AA@ 00014368     common.obj
 0002:00000420       ??_C@_1BO@NHA@?$AAR?$AAi?$AAg?$AAh?$AAt?$AAM?$AAa?$AAs?$AAt?$AAe?$AAr?$AAV?$AAo?$AAl?$AA?$AA@ 00014380     common.obj
 0002:00000440       ??_C@_1BM@NEBF@?$AAL?$AAe?$AAf?$AAt?$AAM?$AAa?$AAs?$AAt?$AAe?$AAr?$AAV?$AAo?$AAl?$AA?$AA@ 000143a0     common.obj
 0002:0000045c       ??_7CAdapterCommon@@6BCUnknown@@@ 000143bc     common.obj
 0002:0000046c       ??_7CAdapterCommon@@6BIAdapterPowerManagement@@@ 000143cc     common.obj
 0002:00000484       ??_7CAdapterCommon@@6BIAdapterCommon@@@ 000143e4     common.obj
 0002:000005a8       ??_7CMiniportTopologyHDA@@6BCUnknown@@@ 00014508     mintopo.obj
 0002:000005b8       ??_7CMiniportTopologyHDA@@6BIMiniportTopology@@@ 00014518     mintopo.obj
 0002:000005d0       ??_7CMiniportWaveCyclicHDA@@6BCUnknown@@@ 00014530     minwave.obj
 0002:000005e0       ??_7CMiniportWaveCyclicHDA@@6BIMiniportWaveCyclic@@@ 00014540     minwave.obj
 0002:000005fc       ??_7CMiniportWaveCyclicStreamHDA@@6BCUnknown@@@ 0001455c     minwave.obj
 0002:0000060c       ??_7CMiniportWaveCyclicStreamHDA@@6BIMiniportWaveCyclicStream@@@ 0001456c     minwave.obj
 0002:00000630       ??_7CUnknown@@6B@          00014590     stdunk:stdunk.obj
 0002:00000640       ??_C@_0BB@CHNF@m_lRefCount?5?$DO?$DN?50?$AA@ 000145a0     stdunk:stdunk.obj
 0002:00000654       ??_C@_0N@DIKJ@?4?2stdunk?4cpp?$AA@ 000145b4     stdunk:stdunk.obj
 0002:00000664       ??_C@_0BA@HPDB@m_lRefCount?5?$DO?50?$AA@ 000145c4     stdunk:stdunk.obj
 0002:00000674       ??_C@_06DPDC@ppVoid?$AA@   000145d4     stdunk:stdunk.obj
 0003:00000000       ?ulDebugOut@@3KA           000145e0     adapter.obj
 0003:00000008       __GUID_b7902fe9_fb0a_11d1_81b0_0060083316c1 000145e8     adapter.obj
 0003:00000018       __GUID_d3f0ce1c_fffc_11d1_81b0_0060083316c1 000145f8     adapter.obj
 0003:00000028       __GUID_c096df9c_fb09_11d1_81b0_0060083316c1 00014608     adapter.obj
 0003:000000f8       ?audBufSize@@3KA           000146d8     common.obj
 0003:000000fc       ?BdlSize@@3KA              000146dc     common.obj
 0003:000007f8       __GUID_185fedf6_9905_11d1_95a9_00c04fb925d3 00014dd8     mintopo.obj
 0003:00000808       __GUID_185fedef_9905_11d1_95a9_00c04fb925d3 00014de8     mintopo.obj
 0003:00000818       __GUID_185fede1_9905_11d1_95a9_00c04fb925d3 00014df8     mintopo.obj
 0003:00000828       __GUID_185fede0_9905_11d1_95a9_00c04fb925d3 00014e08     mintopo.obj
 0003:00000838       __GUID_7607e580_c557_11d0_8a2b_00a0c9255ac1 00014e18     mintopo.obj
 0003:00000848       __GUID_185fede3_9905_11d1_95a9_00c04fb925d3 00014e28     mintopo.obj
 0003:00000858       __GUID_da441a60_c556_11d0_8a2b_00a0c9255ac1 00014e38     mintopo.obj
 0003:00000868       __GUID_185fedee_9905_11d1_95a9_00c04fb925d3 00014e48     mintopo.obj
 0003:00000878       __GUID_02b223c0_c557_11d0_8a2b_00a0c9255ac1 00014e58     mintopo.obj
 0003:00000888       __GUID_185feded_9905_11d1_95a9_00c04fb925d3 00014e68     mintopo.obj
 0003:00000898       __GUID_e88c9ba0_c557_11d0_8a2b_00a0c9255ac1 00014e78     mintopo.obj
 0003:000008a8       __GUID_185fedec_9905_11d1_95a9_00c04fb925d3 00014e88     mintopo.obj
 0003:000008b8       __GUID_185fedeb_9905_11d1_95a9_00c04fb925d3 00014e98     mintopo.obj
 0003:000008c8       __GUID_185fedea_9905_11d1_95a9_00c04fb925d3 00014ea8     mintopo.obj
 0003:000008d8       __GUID_185fede9_9905_11d1_95a9_00c04fb925d3 00014eb8     mintopo.obj
 0003:000008e8       __GUID_185fede8_9905_11d1_95a9_00c04fb925d3 00014ec8     mintopo.obj
 0003:000008f8       __GUID_e573adc0_c555_11d0_8a2b_00a0c9255ac1 00014ed8     mintopo.obj
 0003:00000908       __GUID_185fede7_9905_11d1_95a9_00c04fb925d3 00014ee8     mintopo.obj
 0003:00000918       __GUID_185fede5_9905_11d1_95a9_00c04fb925d3 00014ef8     mintopo.obj
 0003:00000928       __GUID_3a5acc00_c557_11d0_8a2b_00a0c9255ac1 00014f08     mintopo.obj
 0003:00000938       __GUID_45ffaaa0_6e1b_11d0_bcf2_444553540000 00014f18     mintopo.obj
 0003:00000948       __GUID_6994ad04_93ef_11d0_a3cc_00a0c9223196 00014f28     mintopo.obj
 0003:00000958       __GUID_185fedf7_9905_11d1_95a9_00c04fb925d3 00014f38     mintopo.obj
 0003:00000968       __GUID_dff21ce1_f70f_11d0_b917_00a0c9223196 00014f48     mintopo.obj
 0003:00000978       __GUID_dff21be1_f70f_11d0_b917_00a0c9223196 00014f58     mintopo.obj
 0003:00000988       __GUID_185fedf9_9905_11d1_95a9_00c04fb925d3 00014f68     mintopo.obj
 0003:00000998       __GUID_dff21fe3_f70f_11d0_b917_00a0c9223196 00014f78     mintopo.obj
 0003:000009a8       __GUID_185fedfb_9905_11d1_95a9_00c04fb925d3 00014f88     mintopo.obj
 0003:000009b8       __GUID_dff220e3_f70f_11d0_b917_00a0c9223196 00014f98     mintopo.obj
 0003:000009c8       __GUID_185fedf8_9905_11d1_95a9_00c04fb925d3 00014fa8     mintopo.obj
 0003:000009d8       __GUID_dff220f3_f70f_11d0_b917_00a0c9223196 00014fb8     mintopo.obj
 0003:000009e8       __GUID_dff21fe4_f70f_11d0_b917_00a0c9223196 00014fc8     mintopo.obj
 0003:000009f8       __GUID_97e99ba0_bdea_11cf_a5d6_28db04c10000 00014fd8     mintopo.obj
 0003:00000c40       __GUID_507ae360_c554_11d0_8a2b_00a0c9255ac1 00015220     minwave.obj
 0003:00000c50       __GUID_4d837fe0_c555_11d0_8a2b_00a0c9255ac1 00015230     minwave.obj
 0003:00000c60       __GUID_185fedfa_9905_11d1_95a9_00c04fb925d3 00015240     minwave.obj
 0003:00000c70       __GUID_fb6c4281_0353_11d1_905f_0000c0cc16ba 00015250     minwave.obj
 0003:00000c80       __GUID_05589f81_c356_11ce_bf01_00aa0055595a 00015260     minwave.obj
 0003:00000c90       __GUID_00000001_0000_0010_8000_00aa00389b71 00015270     minwave.obj
 0003:00000ca0       __GUID_73647561_0000_0010_8000_00aa00389b71 00015280     minwave.obj
 0003:00000cb0       __GUID_518590a2_a184_11d0_8522_00c04fd9baf3 00015290     minwave.obj
 0003:00000cc0       __GUID_0f6417d6_c318_11d0_a43f_00a0c9223196 000152a0     minwave.obj
 0003:00000cd0       __GUID_00000000_0000_0000_0000_000000000000 000152b0     adapter.obj
 0004:0000003e       _AddDevice@8               0001531e f   adapter.obj
 0004:0000026a       ?InstallSubdevice@@YGJPAU_DEVICE_OBJECT@@PAU_IRP@@PAGABU_GUID@@3P6GJPAPAUIUnknown@@3PAU4@W4_POOL_TYPE@@@Z5PAUIResourceList@@344@Z 0001554a f   adapter.obj
 0004:0000066e       ?StartDevice@@YGJPAU_DEVICE_OBJECT@@PAU_IRP@@PAUIResourceList@@@Z 0001594e f   adapter.obj
 0004:00000e6e       ?AssignResources@@YGJPAUIResourceList@@PAPAU1@11111@Z 0001614e f   adapter.obj
 0004:000014d8       ?NewAdapterCommon@@YGJPAPAUIUnknown@@ABU_GUID@@PAU1@W4_POOL_TYPE@@@Z 000167b8 f   common.obj
 0004:00001e51       ?Init@CAdapterCommon@@UAGJPAUIResourceList@@PAU_DEVICE_OBJECT@@@Z 00017131 f   common.obj
 0004:00003312       ??1CAdapterCommon@@UAE@XZ  000185f2 f   common.obj
 0004:00003777       ?NonDelegatingQueryInterface@CAdapterCommon@@UAGJABU_GUID@@PAPAX@Z 00018a57 f   common.obj
 0004:000038ce       ?WavePortDriverDest@CAdapterCommon@@UAGPAPAUIUnknown@@XZ 00018bae f   common.obj
 0004:0000396e       ?GetInterruptSync@CAdapterCommon@@UAGPAUIInterruptSync@@XZ 00018c4e f   common.obj
 0004:00003a0e       ?MidiPortDriverDest@CAdapterCommon@@UAGPAPAUIUnknown@@XZ 00018cee f   common.obj
 0004:00003aae       ?SetWaveServiceGroup@CAdapterCommon@@UAGXPAUIServiceGroup@@@Z 00018d8e f   common.obj
 0004:000041c2       ?InitHDAController@CAdapterCommon@@QAGJXZ 000194a2 f   common.obj
 0004:000051e6       ?InitializeCodec@CAdapterCommon@@QAGJE@Z 0001a4c6 f   common.obj
 0004:00005898       ?hda_initialize_audio_function_group@CAdapterCommon@@QAGJKK@Z 0001ab78 f   common.obj
 0004:000062ee       ?hda_get_node_type@CAdapterCommon@@QAGEKK@Z 0001b5ce f   common.obj
 0004:0000639e       ?hda_get_node_connection_entries@CAdapterCommon@@QAGKKKK@Z 0001b67e f   common.obj
 0004:000064b0       ?hda_enable_pin_output@CAdapterCommon@@QAGXKK@Z 0001b790 f   common.obj
 0004:000064f0       ?hda_disable_pin_output@CAdapterCommon@@QAGXKK@Z 0001b7d0 f   common.obj
 0004:00006530       ?hda_is_headphone_connected@CAdapterCommon@@QAGEXZ 0001b810 f   common.obj
 0004:00006632       ?hda_initialize_output_pin@CAdapterCommon@@QAGXK@Z 0001b912 f   common.obj
 0004:00006a56       ?hda_initialize_audio_output@CAdapterCommon@@QAGXK@Z 0001bd36 f   common.obj
 0004:00006e7a       ?hda_initialize_audio_mixer@CAdapterCommon@@QAGXK@Z 0001c15a f   common.obj
 0004:000071b2       ?hda_initialize_audio_selector@CAdapterCommon@@QAGXK@Z 0001c492 f   common.obj
 0004:000074b8       ?CreateMiniportTopologyHDA@@YGJPAPAUIUnknown@@ABU_GUID@@PAU1@W4_POOL_TYPE@@@Z 0001c798 f   mintopo.obj
 0004:0000762a       ?ProcessResources@CMiniportTopologyHDA@@AAEJPAUIResourceList@@@Z 0001c90a f   mintopo.obj
 0004:000077ba       ?NonDelegatingQueryInterface@CMiniportTopologyHDA@@UAGJABU_GUID@@PAPAX@Z 0001ca9a f   mintopo.obj
 0004:0000796e       ??1CMiniportTopologyHDA@@UAE@XZ 0001cc4e f   mintopo.obj
 0004:00007b46       ?Init@CMiniportTopologyHDA@@UAGJPAUIUnknown@@PAUIResourceList@@PAUIPortTopology@@@Z 0001ce26 f   mintopo.obj
 0004:00007d5a       ?GetDescription@CMiniportTopologyHDA@@UAGJPAPAUPCFILTER_DESCRIPTOR@@@Z 0001d03a f   mintopo.obj
 0004:00009538       ?CreateMiniportWaveCyclicHDA@@YGJPAPAUIUnknown@@ABU_GUID@@PAU1@W4_POOL_TYPE@@@Z 0001e818 f   minwave.obj
 0004:00009806       ?ProcessResources@CMiniportWaveCyclicHDA@@AAEJPAUIResourceList@@@Z 0001eae6 f   minwave.obj
 0004:00009c72       ?ValidateFormat@CMiniportWaveCyclicHDA@@AAEJPATKSDATAFORMAT@@@Z 0001ef52 f   minwave.obj
 0004:00009e9e       ?NonDelegatingQueryInterface@CMiniportWaveCyclicHDA@@UAGJABU_GUID@@PAPAX@Z 0001f17e f   minwave.obj
 0004:0000a052       ??1CMiniportWaveCyclicHDA@@UAE@XZ 0001f332 f   minwave.obj
 0004:0000a256       ?Init@CMiniportWaveCyclicHDA@@UAGJPAUIUnknown@@PAUIResourceList@@PAUIPortWaveCyclic@@@Z 0001f536 f   minwave.obj
 0004:0000a4ee       ?GetDescription@CMiniportWaveCyclicHDA@@UAGJPAPAUPCFILTER_DESCRIPTOR@@@Z 0001f7ce f   minwave.obj
 0004:0000a6da       ?DataRangeIntersection@CMiniportWaveCyclicHDA@@UAGJKPATKSDATAFORMAT@@0KPAXPAK@Z 0001f9ba f   minwave.obj
 0004:0000acda       ?NewStream@CMiniportWaveCyclicHDA@@UAGJPAPAUIMiniportWaveCyclicStream@@PAUIUnknown@@W4_POOL_TYPE@@KEPATKSDATAFORMAT@@PAPAUIDmaChannel@@PAPAUIServiceGroup@@@Z 0001ffba f   minwave.obj
 0004:0000b072       ?NonDelegatingQueryInterface@CMiniportWaveCyclicStreamHDA@@UAGJABU_GUID@@PAPAX@Z 00020352 f   minwave.obj
 0004:0000b21e       ??1CMiniportWaveCyclicStreamHDA@@UAE@XZ 000204fe f   minwave.obj
 0004:0000b490       ?Init@CMiniportWaveCyclicStreamHDA@@QAEJPAVCMiniportWaveCyclicHDA@@KEPATKSDATAFORMAT@@PAUIDmaChannel@@@Z 00020770 f   minwave.obj
 0004:0000b702       ?SetNotificationFreq@CMiniportWaveCyclicStreamHDA@@UAGKKPAK@Z 000209e2 f   minwave.obj
 0004:0000b896       ?SetFormat@CMiniportWaveCyclicStreamHDA@@UAGJPATKSDATAFORMAT@@@Z 00020b76 f   minwave.obj
 0004:0000bade       ?SetState@CMiniportWaveCyclicStreamHDA@@UAGJW4KSSTATE@@@Z 00020dbe f   minwave.obj
 0005:0000003e       _DriverEntry@8             00020f1e f   adapter.obj
 0005:000000ac       __IMPORT_DESCRIPTOR_ntoskrnl 00020f8c     ntoskrnl:ntoskrnl.exe
 0005:000000c0       __IMPORT_DESCRIPTOR_HAL    00020fa0     hal:HAL.dll
 0005:000000d4       __IMPORT_DESCRIPTOR_portcls 00020fb4     portcls:portcls.sys
 0005:000000e8       __NULL_IMPORT_DESCRIPTOR   00020fc8     ntoskrnl:ntoskrnl.exe

 entry point at        0005:0000003e

 Static symbols

 0004:00007eae       ?PropertyHandler_OnOff@@YGJPAU_PCPROPERTY_REQUEST@@@Z 0001d18e f   mintopo.obj
 0004:000082c6       ?PropertyHandler_SuperMixCaps@@YGJPAU_PCPROPERTY_REQUEST@@@Z 0001d5a6 f   mintopo.obj
 0004:000088d6       ?PropertyHandler_SuperMixTable@@YGJPAU_PCPROPERTY_REQUEST@@@Z 0001dbb6 f   mintopo.obj
 0004:00009006       ?PropertyHandler_CpuResources@@YGJPAU_PCPROPERTY_REQUEST@@@Z 0001e2e6 f   mintopo.obj
 0001:00002f4e       ?PropertyHandler_Level@@YGJPAU_PCPROPERTY_REQUEST@@@Z 0001322e f   mintopo.obj
 0004:00009266       ?BasicSupportHandler@@YGJPAU_PCPROPERTY_REQUEST@@@Z 0001e546 f   mintopo.obj

 332 bytes saved through ICF

