 HDA

 Timestamp is 68f2ced9 (Fri Oct 17 16:18:49 2025)

 Preferred load address is 00010000

 Start         Length     Name                   Class
 0001:00000000 00002fccH .text                   CODE
 0002:00000000 000000a4H .idata$5                DATA
 0002:000000a8 00000580H .rdata                  DATA
 0003:00000000 00000cd0H .data                   DATA
 0003:00000cd0 00000010H .bss                    DATA
 0004:00000000 0000a4c0H PAGE                    CODE
 0005:00000000 000000a9H INIT                    CODE
 0005:000000ac 0000003cH .idata$2                CODE
 0005:000000e8 00000014H .idata$3                CODE
 0005:000000fc 000000a4H .idata$4                CODE
 0005:000001a0 00000338H .idata$6                CODE
 0006:00000000 00000058H .rsrc$01                DATA
 0006:00000060 00000338H .rsrc$02                DATA

  Address         Publics by Value              Rva+Base     Lib:Object

 0001:00000000       ??3@YAXPAX@Z               000102e0 f i common.obj
 0001:00000010       ??2@YGPAXIW4_POOL_TYPE@@K@Z 000102f0 f i common.obj
 0001:00000050       ??0CAdapterCommon@@QAE@PAUIUnknown@@@Z 00010330 f i common.obj
 0001:000000a0       ?QueryInterface@CAdapterCommon@@UAGJABU_GUID@@PAPAX@Z 00010380 f i common.obj
 0001:000000d0       ?GetOuterUnknown@CUnknown@@QAEPAUIUnknown@@XZ 000103b0 f i common.obj
 0001:000000f0       ?AddRef@CAdapterCommon@@UAGKXZ 000103d0 f i common.obj
 0001:00000120       ?Release@CAdapterCommon@@UAGKXZ 00010400 f i common.obj
 0001:00000150       ??_ECAdapterCommon@@UAEPAXI@Z 00010430 f i common.obj
 0001:00000150       ??_GCAdapterCommon@@UAEPAXI@Z 00010430 f i common.obj
 0001:00000190       ??0IUnknown@@QAE@XZ        00010470 f i common.obj
 0001:000001a0       _IsEqualGUIDAligned@8      00010480 f i common.obj
 0001:0000024e       ?hda_send_verb@CAdapterCommon@@QAGKKKKK@Z 0001052e f   common.obj
 0001:00000426       ?ReadController@CAdapterCommon@@UAGEXZ 00010706 f   common.obj
 0001:000004ce       ?WriteController@CAdapterCommon@@UAGEE@Z 000107ae f   common.obj
 0001:000005d6       ?MixerRegWrite@CAdapterCommon@@UAGXEE@Z 000108b6 f   common.obj
 0001:0000071e       ?MixerRegRead@CAdapterCommon@@UAGEE@Z 000109fe f   common.obj
 0001:000007f2       ?MixerReset@CAdapterCommon@@UAGXXZ 00010ad2 f   common.obj
 0001:0000087e       ?AcknowledgeIRQ@CAdapterCommon@@AAEXXZ 00010b5e f   common.obj
 0001:00000976       ?ResetController@CAdapterCommon@@UAGJXZ 00010c56 f   common.obj
 0001:00000a1a       ?RestoreMixerSettingsFromRegistry@CAdapterCommon@@UAGJXZ 00010cfa f   common.obj
 0001:00000c96       ?SaveMixerSettingsToRegistry@CAdapterCommon@@UAGJXZ 00010f76 f   common.obj
 0001:00000eda       ?ProgramSampleRate@CAdapterCommon@@QAGJK@Z 000111ba f   common.obj
 0001:0000117e       ?PowerChangeState@CAdapterCommon@@UAGXT_POWER_STATE@@@Z 0001145e f   common.obj
 0001:0000131a       ?QueryPowerChangeState@CAdapterCommon@@UAGJT_POWER_STATE@@@Z 000115fa f   common.obj
 0001:0000139e       ?QueryDeviceCapabilities@CAdapterCommon@@UAGJPAU_DEVICE_CAPABILITIES@@@Z 0001167e f   common.obj
 0001:0000145a       ?InterruptServiceRoutine@@YGJPAUIInterruptSync@@PAX@Z 0001173a f   common.obj
 0001:000015d6       ?hda_stop_stream@CAdapterCommon@@UAGJXZ 000118b6 f   common.obj
 0001:00001840       ?hda_start_sound@CAdapterCommon@@UAGXXZ 00011b20 f   common.obj
 0001:00001880       ?hda_stop_sound@CAdapterCommon@@UAGXXZ 00011b60 f   common.obj
 0001:000018a0       ?hda_get_actual_stream_position@CAdapterCommon@@UAGKXZ 00011b80 f   common.obj
 0001:000018c0       ?hda_set_volume@CAdapterCommon@@QAGXK@Z 00011ba0 f   common.obj
 0001:00001940       ?readUCHAR@CAdapterCommon@@QAGEG@Z 00011c20 f   common.obj
 0001:00001960       ?writeUCHAR@CAdapterCommon@@QAGXGE@Z 00011c40 f   common.obj
 0001:00001990       ?setUCHARBit@CAdapterCommon@@QAGXGE@Z 00011c70 f   common.obj
 0001:000019d0       ?readUSHORT@CAdapterCommon@@QAGGG@Z 00011cb0 f   common.obj
 0001:000019f0       ?writeUSHORT@CAdapterCommon@@QAGXGG@Z 00011cd0 f   common.obj
 0001:00001a20       ?readULONG@CAdapterCommon@@QAGKG@Z 00011d00 f   common.obj
 0001:00001a40       ?writeULONG@CAdapterCommon@@QAGXGK@Z 00011d20 f   common.obj
 0001:00001c26       ?hda_showtime@CAdapterCommon@@UAGJPAUIDmaChannel@@@Z 00011f06 f   common.obj
 0001:00002190       ?hda_return_sound_data_format@CAdapterCommon@@QAGGKKK@Z 00012470 f   common.obj
 0001:00002300       ?QueryInterface@CAdapterCommon@@W3AGJABU_GUID@@PAPAX@Z 000125e0 f i common.obj
 0001:00002310       ?AddRef@CAdapterCommon@@W3AGKXZ 000125f0 f i common.obj
 0001:00002320       ?Release@CAdapterCommon@@W3AGKXZ 00012600 f i common.obj
 0001:00002330       ??0CMiniportTopologyHDA@@QAE@PAUIUnknown@@@Z 00012610 f i mintopo.obj
 0001:00002370       ?AddRef@CMiniportWaveCyclicStreamHDA@@UAGKXZ 00012650 f i mintopo.obj
 0001:00002370       ?AddRef@CMiniportWaveCyclicHDA@@UAGKXZ 00012650 f i mintopo.obj
 0001:00002370       ?AddRef@CMiniportTopologyHDA@@UAGKXZ 00012650 f i mintopo.obj
 0001:000023a0       ?DataRangeIntersection@CMiniportTopologyHDA@@UAGJKPATKSDATAFORMAT@@0KPAXPAK@Z 00012680 f i mintopo.obj
 0001:000023b0       ??_ECMiniportTopologyHDA@@UAEPAXI@Z 00012690 f i mintopo.obj
 0001:000023b0       ??_GCMiniportTopologyHDA@@UAEPAXI@Z 00012690 f i mintopo.obj
 0001:000023f0       ??0IMiniportTopology@@QAE@XZ 000126d0 f i mintopo.obj
 0001:000023f0       ??0IMiniportWaveCyclic@@QAE@XZ 000126d0 f i mintopo.obj
 0001:00002a90       ?ReadBitsFromMixer@CMiniportTopologyHDA@@AAEEEEE@Z 00012d70 f   mintopo.obj
 0001:00002ae0       ?ThisManyOnes@@YGEE@Z      00012dc0 f i mintopo.obj
 0001:00002b00       ?WriteBitsToMixer@CMiniportTopologyHDA@@AAEXEEEE@Z 00012de0 f   mintopo.obj
 0001:00002ba0       ??0CMiniportWaveCyclicHDA@@QAE@PAUIUnknown@@@Z 00012e80 f i minwave.obj
 0001:00002be0       ?QueryInterface@CMiniportWaveCyclicHDA@@UAGJABU_GUID@@PAPAX@Z 00012ec0 f i minwave.obj
 0001:00002be0       ?QueryInterface@CMiniportTopologyHDA@@UAGJABU_GUID@@PAPAX@Z 00012ec0 f i minwave.obj
 0001:00002be0       ?QueryInterface@CMiniportWaveCyclicStreamHDA@@UAGJABU_GUID@@PAPAX@Z 00012ec0 f i minwave.obj
 0001:00002c10       ??_GCMiniportWaveCyclicHDA@@UAEPAXI@Z 00012ef0 f i minwave.obj
 0001:00002c10       ??_ECMiniportWaveCyclicHDA@@UAEPAXI@Z 00012ef0 f i minwave.obj
 0001:00002c50       ??2@YGPAXIW4_POOL_TYPE@@@Z 00012f30 f i minwave.obj
 0001:00002ca0       ??0CMiniportWaveCyclicStreamHDA@@QAE@PAUIUnknown@@@Z 00012f80 f i minwave.obj
 0001:00002ce0       ?Release@CMiniportTopologyHDA@@UAGKXZ 00012fc0 f i minwave.obj
 0001:00002ce0       ?Release@CMiniportWaveCyclicStreamHDA@@UAGKXZ 00012fc0 f i minwave.obj
 0001:00002ce0       ?Release@CMiniportWaveCyclicHDA@@UAGKXZ 00012fc0 f i minwave.obj
 0001:00002d10       ??_ECMiniportWaveCyclicStreamHDA@@UAEPAXI@Z 00012ff0 f i minwave.obj
 0001:00002d10       ??_GCMiniportWaveCyclicStreamHDA@@UAEPAXI@Z 00012ff0 f i minwave.obj
 0001:00002d50       ??0IMiniportWaveCyclicStream@@QAE@XZ 00013030 f i minwave.obj
 0001:00002d50       ??0IAdapterCommon@@QAE@XZ  00013030 f i minwave.obj
 0001:00002d50       ??0IAdapterPowerManagement@@QAE@XZ 00013030 f i minwave.obj
 0001:00002d50       ??0IMiniport@@QAE@XZ       00013030 f i minwave.obj
 0001:00002d89       ?GetPosition@CMiniportWaveCyclicStreamHDA@@UAGJPAK@Z 00013069 f   minwave.obj
 0001:00002df0       ?NormalizePhysicalPosition@CMiniportWaveCyclicStreamHDA@@UAGJPA_J@Z 000130d0 f   minwave.obj
 0001:00002e50       ?Silence@CMiniportWaveCyclicStreamHDA@@UAGXPAXK@Z 00013130 f   minwave.obj
 0001:00002e8e       _DbgPrint                  0001316e f   ntoskrnl:ntoskrnl.exe
 0001:00002e94       _DbgBreakPoint@0           00013174 f   ntoskrnl:ntoskrnl.exe
 0001:00002e9a       __alldiv                   0001317a f   ntoskrnl:ntoskrnl.exe
 0001:00002ea0       __allmul                   00013180 f   ntoskrnl:ntoskrnl.exe
 0001:00002ea6       _PcInitializeAdapterDriver@12 00013186 f   portcls:portcls.sys
 0001:00002eac       _PcAddAdapterDevice@20     0001318c f   portcls:portcls.sys
 0001:00002eb2       _PcRegisterSubdevice@12    00013192 f   portcls:portcls.sys
 0001:00002eb8       _PcNewMiniport@8           00013198 f   portcls:portcls.sys
 0001:00002ebe       _PcNewPort@8               0001319e f   portcls:portcls.sys
 0001:00002ec4       _PcRegisterPhysicalConnection@20 000131a4 f   portcls:portcls.sys
 0001:00002eca       _PcRegisterAdapterPowerManagement@8 000131aa f   portcls:portcls.sys
 0001:00002ed0       _PcNewResourceSublist@20   000131b0 f   portcls:portcls.sys
 0001:00002ed6       _PcNewInterruptSync@20     000131b6 f   portcls:portcls.sys
 0001:00002edc       _PcNewRegistryKey@36       000131bc f   portcls:portcls.sys
 0001:00002ee2       _PcNewServiceGroup@8       000131c2 f   portcls:portcls.sys
 0001:00002ee8       ??0CUnknown@@QAE@PAUIUnknown@@@Z 000131c8 f   stdunk:stdunk.obj
 0001:00002f07       ??_ECUnknown@@UAEPAXI@Z    000131e7 f i stdunk:stdunk.obj
 0001:00002f07       ??_GCUnknown@@UAEPAXI@Z    000131e7 f i stdunk:stdunk.obj
 0001:00002f23       ??1CUnknown@@UAE@XZ        00013203 f   stdunk:stdunk.obj
 0001:00002f2a       ?NonDelegatingAddRef@CUnknown@@UAGKXZ 0001320a f   stdunk:stdunk.obj
 0001:00002f40       ?NonDelegatingRelease@CUnknown@@UAGKXZ 00013220 f   stdunk:stdunk.obj
 0001:00002f6f       ?NonDelegatingQueryInterface@CUnknown@@UAGJABU_GUID@@PAPAX@Z 0001324f f   stdunk:stdunk.obj
 0002:00000000       __imp_@KfAcquireSpinLock@4 000132c0     hal:HAL.dll
 0002:00000004       __imp_@KfReleaseSpinLock@8 000132c4     hal:HAL.dll
 0002:00000008       __imp__KeGetCurrentIrql@0  000132c8     hal:HAL.dll
 0002:0000000c       __imp__KeStallExecutionProcessor@4 000132cc     hal:HAL.dll
 0002:00000010       \177HAL_NULL_THUNK_DATA    000132d0     hal:HAL.dll
 0002:00000014       __imp__MmMapIoSpace@16     000132d4     ntoskrnl:ntoskrnl.exe
 0002:00000018       __imp__IoGetDmaAdapter@12  000132d8     ntoskrnl:ntoskrnl.exe
 0002:0000001c       __imp__ExAllocatePoolWithTag@12 000132dc     ntoskrnl:ntoskrnl.exe
 0002:00000020       __imp__KeInitializeSpinLock@4 000132e0     ntoskrnl:ntoskrnl.exe
 0002:00000024       __imp__READ_REGISTER_ULONG@4 000132e4     ntoskrnl:ntoskrnl.exe
 0002:00000028       __imp__WRITE_REGISTER_ULONG@8 000132e8     ntoskrnl:ntoskrnl.exe
 0002:0000002c       __imp__RtlInitUnicodeString@8 000132ec     ntoskrnl:ntoskrnl.exe
 0002:00000030       __imp__MmUnmapIoSpace@8    000132f0     ntoskrnl:ntoskrnl.exe
 0002:00000034       __imp__DbgPrint            000132f4     ntoskrnl:ntoskrnl.exe
 0002:00000038       __imp__READ_REGISTER_USHORT@4 000132f8     ntoskrnl:ntoskrnl.exe
 0002:0000003c       __imp__WRITE_REGISTER_USHORT@8 000132fc     ntoskrnl:ntoskrnl.exe
 0002:00000040       __imp__KeInitializeMutex@8 00013300     ntoskrnl:ntoskrnl.exe
 0002:00000044       __imp__KeReleaseMutex@8    00013304     ntoskrnl:ntoskrnl.exe
 0002:00000048       __imp__KeWaitForSingleObject@20 00013308     ntoskrnl:ntoskrnl.exe
 0002:0000004c       __imp___alldiv             0001330c     ntoskrnl:ntoskrnl.exe
 0002:00000050       __imp__RtlAssert@16        00013310     ntoskrnl:ntoskrnl.exe
 0002:00000054       __imp__ExFreePool@4        00013314     ntoskrnl:ntoskrnl.exe
 0002:00000058       __imp__DbgBreakPoint@0     00013318     ntoskrnl:ntoskrnl.exe
 0002:0000005c       __imp__READ_REGISTER_UCHAR@4 0001331c     ntoskrnl:ntoskrnl.exe
 0002:00000060       __imp__WRITE_REGISTER_UCHAR@8 00013320     ntoskrnl:ntoskrnl.exe
 0002:00000064       __imp___allmul             00013324     ntoskrnl:ntoskrnl.exe
 0002:00000068       __imp_@InterlockedDecrement@4 00013328     ntoskrnl:ntoskrnl.exe
 0002:0000006c       __imp_@InterlockedIncrement@4 0001332c     ntoskrnl:ntoskrnl.exe
 0002:00000070       \177ntoskrnl_NULL_THUNK_DATA 00013330     ntoskrnl:ntoskrnl.exe
 0002:00000074       __imp__PcInitializeAdapterDriver@12 00013334     portcls:portcls.sys
 0002:00000078       __imp__PcNewMiniport@8     00013338     portcls:portcls.sys
 0002:0000007c       __imp__PcNewPort@8         0001333c     portcls:portcls.sys
 0002:00000080       __imp__PcRegisterPhysicalConnection@20 00013340     portcls:portcls.sys
 0002:00000084       __imp__PcAddAdapterDevice@20 00013344     portcls:portcls.sys
 0002:00000088       __imp__PcRegisterSubdevice@12 00013348     portcls:portcls.sys
 0002:0000008c       __imp__PcNewInterruptSync@20 0001334c     portcls:portcls.sys
 0002:00000090       __imp__PcNewRegistryKey@36 00013350     portcls:portcls.sys
 0002:00000094       __imp__PcNewServiceGroup@8 00013354     portcls:portcls.sys
 0002:00000098       __imp__PcRegisterAdapterPowerManagement@8 00013358     portcls:portcls.sys
 0002:0000009c       __imp__PcNewResourceSublist@20 0001335c     portcls:portcls.sys
 0002:000000a0       \177portcls_NULL_THUNK_DATA 00013360     portcls:portcls.sys
 0002:00000120       _IID_IAdapterCommon        000133e0     adapter.obj
 0002:00000130       _CLSID_MiniportDriverFmSynth 000133f0     adapter.obj
 0002:00000140       _CLSID_PortWaveCyclic      00013400     adapter.obj
 0002:00000150       _CLSID_PortTopology        00013410     adapter.obj
 0002:00000160       _CLSID_PortMidi            00013420     adapter.obj
 0002:00000170       _IID_IAdapterPowerManagment 00013430     adapter.obj
 0002:00000180       _IID_IMiniportWaveCyclicStream 00013440     adapter.obj
 0002:00000190       _IID_IMiniportWaveCyclic   00013450     adapter.obj
 0002:000001a0       _IID_IPortWaveCyclic       00013460     adapter.obj
 0002:000001b0       _IID_IMiniportTopology     00013470     adapter.obj
 0002:000001c0       _IID_IMiniport             00013480     adapter.obj
 0002:000001d0       _IID_IUnknown              00013490     adapter.obj
 0002:000001e0       ??_C@_1BE@ENEK@?$AAR?$AAi?$AAg?$AAh?$AAt?$AAB?$AAa?$AAs?$AAs?$AA?$AA@ 000134a0     common.obj
 0002:000001f4       ??_C@_1BC@JMJO@?$AAL?$AAe?$AAf?$AAt?$AAB?$AAa?$AAs?$AAs?$AA?$AA@ 000134b4     common.obj
 0002:00000208       ??_C@_1BI@KGAJ@?$AAR?$AAi?$AAg?$AAh?$AAt?$AAT?$AAr?$AAe?$AAb?$AAl?$AAe?$AA?$AA@ 000134c8     common.obj
 0002:00000220       ??_C@_1BG@BGGD@?$AAL?$AAe?$AAf?$AAt?$AAT?$AAr?$AAe?$AAb?$AAl?$AAe?$AA?$AA@ 000134e0     common.obj
 0002:00000238       ??_C@_1O@IECC@?$AAM?$AAi?$AAc?$AAA?$AAG?$AAC?$AA?$AA@ 000134f8     common.obj
 0002:00000248       ??_C@_1CA@EJHI@?$AAR?$AAi?$AAg?$AAh?$AAt?$AAO?$AAu?$AAt?$AAp?$AAu?$AAt?$AAG?$AAa?$AAi?$AAn?$AA?$AA@ 00013508     common.obj
 0002:00000268       ??_C@_1BO@PPLI@?$AAL?$AAe?$AAf?$AAt?$AAO?$AAu?$AAt?$AAp?$AAu?$AAt?$AAG?$AAa?$AAi?$AAn?$AA?$AA@ 00013528     common.obj
 0002:00000288       ??_C@_1BO@PMCJ@?$AAR?$AAi?$AAg?$AAh?$AAt?$AAI?$AAn?$AAp?$AAu?$AAt?$AAG?$AAa?$AAi?$AAn?$AA?$AA@ 00013548     common.obj
 0002:000002a8       ??_C@_1BM@CFEM@?$AAL?$AAe?$AAf?$AAt?$AAI?$AAn?$AAp?$AAu?$AAt?$AAG?$AAa?$AAi?$AAn?$AA?$AA@ 00013568     common.obj
 0002:000002c4       ??_C@_1CA@CIKM@?$AAR?$AAi?$AAg?$AAh?$AAt?$AAI?$AAn?$AAp?$AAu?$AAt?$AAM?$AAi?$AAx?$AAe?$AAr?$AA?$AA@ 00013584     common.obj
 0002:000002e4       ??_C@_1BO@JOGM@?$AAL?$AAe?$AAf?$AAt?$AAI?$AAn?$AAp?$AAu?$AAt?$AAM?$AAi?$AAx?$AAe?$AAr?$AA?$AA@ 000135a4     common.obj
 0002:00000304       ??_C@_1BI@BMOJ@?$AAO?$AAu?$AAt?$AAp?$AAu?$AAt?$AAM?$AAi?$AAx?$AAe?$AAr?$AA?$AA@ 000135c4     common.obj
 0002:0000031c       ??_C@_1BE@GLOL@?$AAP?$AAc?$AAS?$AAp?$AAk?$AAr?$AAV?$AAo?$AAl?$AA?$AA@ 000135dc     common.obj
 0002:00000330       ??_C@_1O@MNBB@?$AAM?$AAi?$AAc?$AAV?$AAo?$AAl?$AA?$AA@ 000135f0     common.obj
 0002:00000340       ??_C@_1BO@HCKE@?$AAR?$AAi?$AAg?$AAh?$AAt?$AAL?$AAi?$AAn?$AAe?$AAI?$AAn?$AAV?$AAo?$AAl?$AA?$AA@ 00013600     common.obj
 0002:00000360       ??_C@_1BM@KLMB@?$AAL?$AAe?$AAf?$AAt?$AAL?$AAi?$AAn?$AAe?$AAI?$AAn?$AAV?$AAo?$AAl?$AA?$AA@ 00013620     common.obj
 0002:0000037c       ??_C@_1BG@COJL@?$AAR?$AAi?$AAg?$AAh?$AAt?$AAC?$AAD?$AAV?$AAo?$AAl?$AA?$AA@ 0001363c     common.obj
 0002:00000394       ??_C@_1BE@KMKA@?$AAL?$AAe?$AAf?$AAt?$AAC?$AAD?$AAV?$AAo?$AAl?$AA?$AA@ 00013654     common.obj
 0002:000003a8       ??_C@_1BK@JCIM@?$AAR?$AAi?$AAg?$AAh?$AAt?$AAM?$AAi?$AAd?$AAi?$AAV?$AAo?$AAl?$AA?$AA@ 00013668     common.obj
 0002:000003c4       ??_C@_1BI@KBIJ@?$AAL?$AAe?$AAf?$AAt?$AAM?$AAi?$AAd?$AAi?$AAV?$AAo?$AAl?$AA?$AA@ 00013684     common.obj
 0002:000003dc       ??_C@_1BK@MFCG@?$AAR?$AAi?$AAg?$AAh?$AAt?$AAW?$AAa?$AAv?$AAe?$AAV?$AAo?$AAl?$AA?$AA@ 0001369c     common.obj
 0002:000003f8       ??_C@_1BI@PGCD@?$AAL?$AAe?$AAf?$AAt?$AAW?$AAa?$AAv?$AAe?$AAV?$AAo?$AAl?$AA?$AA@ 000136b8     common.obj
 0002:00000410       ??_C@_1BO@NHA@?$AAR?$AAi?$AAg?$AAh?$AAt?$AAM?$AAa?$AAs?$AAt?$AAe?$AAr?$AAV?$AAo?$AAl?$AA?$AA@ 000136d0     common.obj
 0002:00000430       ??_C@_1BM@NEBF@?$AAL?$AAe?$AAf?$AAt?$AAM?$AAa?$AAs?$AAt?$AAe?$AAr?$AAV?$AAo?$AAl?$AA?$AA@ 000136f0     common.obj
 0002:0000044c       ??_7CAdapterCommon@@6BCUnknown@@@ 0001370c     common.obj
 0002:0000045c       ??_7CAdapterCommon@@6BIAdapterPowerManagement@@@ 0001371c     common.obj
 0002:00000474       ??_7CAdapterCommon@@6BIAdapterCommon@@@ 00013734     common.obj
 0002:00000590       ??_7CMiniportTopologyHDA@@6BCUnknown@@@ 00013850     mintopo.obj
 0002:000005a0       ??_7CMiniportTopologyHDA@@6BIMiniportTopology@@@ 00013860     mintopo.obj
 0002:000005b8       ??_7CMiniportWaveCyclicHDA@@6BCUnknown@@@ 00013878     minwave.obj
 0002:000005c8       ??_7CMiniportWaveCyclicHDA@@6BIMiniportWaveCyclic@@@ 00013888     minwave.obj
 0002:000005e4       ??_7CMiniportWaveCyclicStreamHDA@@6BCUnknown@@@ 000138a4     minwave.obj
 0002:000005f4       ??_7CMiniportWaveCyclicStreamHDA@@6BIMiniportWaveCyclicStream@@@ 000138b4     minwave.obj
 0002:00000618       ??_7CUnknown@@6B@          000138d8     stdunk:stdunk.obj
 0003:00000000       ?ulDebugOut@@3KA           00013900     adapter.obj
 0003:00000008       __GUID_b7902fe9_fb0a_11d1_81b0_0060083316c1 00013908     adapter.obj
 0003:00000018       __GUID_d3f0ce1c_fffc_11d1_81b0_0060083316c1 00013918     adapter.obj
 0003:00000028       __GUID_c096df9c_fb09_11d1_81b0_0060083316c1 00013928     adapter.obj
 0003:000000f8       ?audBufSize@@3KA           000139f8     common.obj
 0003:000000fc       ?BdlSize@@3KA              000139fc     common.obj
 0003:000007f8       __GUID_185fedf6_9905_11d1_95a9_00c04fb925d3 000140f8     mintopo.obj
 0003:00000808       __GUID_185fedef_9905_11d1_95a9_00c04fb925d3 00014108     mintopo.obj
 0003:00000818       __GUID_185fede1_9905_11d1_95a9_00c04fb925d3 00014118     mintopo.obj
 0003:00000828       __GUID_185fede0_9905_11d1_95a9_00c04fb925d3 00014128     mintopo.obj
 0003:00000838       __GUID_7607e580_c557_11d0_8a2b_00a0c9255ac1 00014138     mintopo.obj
 0003:00000848       __GUID_185fede3_9905_11d1_95a9_00c04fb925d3 00014148     mintopo.obj
 0003:00000858       __GUID_da441a60_c556_11d0_8a2b_00a0c9255ac1 00014158     mintopo.obj
 0003:00000868       __GUID_185fedee_9905_11d1_95a9_00c04fb925d3 00014168     mintopo.obj
 0003:00000878       __GUID_02b223c0_c557_11d0_8a2b_00a0c9255ac1 00014178     mintopo.obj
 0003:00000888       __GUID_185feded_9905_11d1_95a9_00c04fb925d3 00014188     mintopo.obj
 0003:00000898       __GUID_e88c9ba0_c557_11d0_8a2b_00a0c9255ac1 00014198     mintopo.obj
 0003:000008a8       __GUID_185fedec_9905_11d1_95a9_00c04fb925d3 000141a8     mintopo.obj
 0003:000008b8       __GUID_185fedeb_9905_11d1_95a9_00c04fb925d3 000141b8     mintopo.obj
 0003:000008c8       __GUID_185fedea_9905_11d1_95a9_00c04fb925d3 000141c8     mintopo.obj
 0003:000008d8       __GUID_185fede9_9905_11d1_95a9_00c04fb925d3 000141d8     mintopo.obj
 0003:000008e8       __GUID_185fede8_9905_11d1_95a9_00c04fb925d3 000141e8     mintopo.obj
 0003:000008f8       __GUID_e573adc0_c555_11d0_8a2b_00a0c9255ac1 000141f8     mintopo.obj
 0003:00000908       __GUID_185fede7_9905_11d1_95a9_00c04fb925d3 00014208     mintopo.obj
 0003:00000918       __GUID_185fede5_9905_11d1_95a9_00c04fb925d3 00014218     mintopo.obj
 0003:00000928       __GUID_3a5acc00_c557_11d0_8a2b_00a0c9255ac1 00014228     mintopo.obj
 0003:00000938       __GUID_45ffaaa0_6e1b_11d0_bcf2_444553540000 00014238     mintopo.obj
 0003:00000948       __GUID_6994ad04_93ef_11d0_a3cc_00a0c9223196 00014248     mintopo.obj
 0003:00000958       __GUID_185fedf7_9905_11d1_95a9_00c04fb925d3 00014258     mintopo.obj
 0003:00000968       __GUID_dff21ce1_f70f_11d0_b917_00a0c9223196 00014268     mintopo.obj
 0003:00000978       __GUID_dff21be1_f70f_11d0_b917_00a0c9223196 00014278     mintopo.obj
 0003:00000988       __GUID_185fedf9_9905_11d1_95a9_00c04fb925d3 00014288     mintopo.obj
 0003:00000998       __GUID_dff21fe3_f70f_11d0_b917_00a0c9223196 00014298     mintopo.obj
 0003:000009a8       __GUID_185fedfb_9905_11d1_95a9_00c04fb925d3 000142a8     mintopo.obj
 0003:000009b8       __GUID_dff220e3_f70f_11d0_b917_00a0c9223196 000142b8     mintopo.obj
 0003:000009c8       __GUID_185fedf8_9905_11d1_95a9_00c04fb925d3 000142c8     mintopo.obj
 0003:000009d8       __GUID_dff220f3_f70f_11d0_b917_00a0c9223196 000142d8     mintopo.obj
 0003:000009e8       __GUID_dff21fe4_f70f_11d0_b917_00a0c9223196 000142e8     mintopo.obj
 0003:000009f8       __GUID_97e99ba0_bdea_11cf_a5d6_28db04c10000 000142f8     mintopo.obj
 0003:00000c40       __GUID_507ae360_c554_11d0_8a2b_00a0c9255ac1 00014540     minwave.obj
 0003:00000c50       __GUID_4d837fe0_c555_11d0_8a2b_00a0c9255ac1 00014550     minwave.obj
 0003:00000c60       __GUID_185fedfa_9905_11d1_95a9_00c04fb925d3 00014560     minwave.obj
 0003:00000c70       __GUID_fb6c4281_0353_11d1_905f_0000c0cc16ba 00014570     minwave.obj
 0003:00000c80       __GUID_05589f81_c356_11ce_bf01_00aa0055595a 00014580     minwave.obj
 0003:00000c90       __GUID_00000001_0000_0010_8000_00aa00389b71 00014590     minwave.obj
 0003:00000ca0       __GUID_73647561_0000_0010_8000_00aa00389b71 000145a0     minwave.obj
 0003:00000cb0       __GUID_518590a2_a184_11d0_8522_00c04fd9baf3 000145b0     minwave.obj
 0003:00000cc0       __GUID_0f6417d6_c318_11d0_a43f_00a0c9223196 000145c0     minwave.obj
 0003:00000cd0       __GUID_00000000_0000_0000_0000_000000000000 000145d0     adapter.obj
 0004:0000003e       _AddDevice@8               0001461e f   adapter.obj
 0004:0000026a       ?InstallSubdevice@@YGJPAU_DEVICE_OBJECT@@PAU_IRP@@PAGABU_GUID@@3P6GJPAPAUIUnknown@@3PAU4@W4_POOL_TYPE@@@Z5PAUIResourceList@@344@Z 0001484a f   adapter.obj
 0004:0000066e       ?StartDevice@@YGJPAU_DEVICE_OBJECT@@PAU_IRP@@PAUIResourceList@@@Z 00014c4e f   adapter.obj
 0004:00000e6e       ?AssignResources@@YGJPAUIResourceList@@PAPAU1@11111@Z 0001544e f   adapter.obj
 0004:000014d8       ?NewAdapterCommon@@YGJPAPAUIUnknown@@ABU_GUID@@PAU1@W4_POOL_TYPE@@@Z 00015ab8 f   common.obj
 0004:00001b8a       ?Init@CAdapterCommon@@UAGJPAUIResourceList@@PAU_DEVICE_OBJECT@@@Z 0001616a f   common.obj
 0004:00002892       ??1CAdapterCommon@@UAE@XZ  00016e72 f   common.obj
 0004:00002d17       ?NonDelegatingQueryInterface@CAdapterCommon@@UAGJABU_GUID@@PAPAX@Z 000172f7 f   common.obj
 0004:00002e6e       ?WavePortDriverDest@CAdapterCommon@@UAGPAPAUIUnknown@@XZ 0001744e f   common.obj
 0004:00002f0e       ?GetInterruptSync@CAdapterCommon@@UAGPAUIInterruptSync@@XZ 000174ee f   common.obj
 0004:00002fae       ?MidiPortDriverDest@CAdapterCommon@@UAGPAPAUIUnknown@@XZ 0001758e f   common.obj
 0004:00003010       ?SetWaveServiceGroup@CAdapterCommon@@UAGXPAUIServiceGroup@@@Z 000175f0 f   common.obj
 0004:00003446       ?InitHDA@CAdapterCommon@@QAGJXZ 00017a26 f   common.obj
 0004:00003e6a       ?InitializeCodec@CAdapterCommon@@QAGJE@Z 0001844a f   common.obj
 0004:0000445f       ?hda_initialize_audio_function_group@CAdapterCommon@@QAGXKK@Z 00018a3f f   common.obj
 0004:00004d50       ?hda_get_node_type@CAdapterCommon@@QAGEKK@Z 00019330 f   common.obj
 0004:00004d80       ?hda_get_node_connection_entry@CAdapterCommon@@QAGKKKK@Z 00019360 f   common.obj
 0004:00004e40       ?hda_set_node_gain@CAdapterCommon@@QAGXKKKKK@Z 00019420 f   common.obj
 0004:00004ee0       ?hda_disable_pin_output@CAdapterCommon@@QAGXKK@Z 000194c0 f   common.obj
 0004:00004f20       ?hda_is_headphone_connected@CAdapterCommon@@QAGHXZ 00019500 f   common.obj
 0004:00005026       ?hda_initialize_output_pin@CAdapterCommon@@QAGXK@Z 00019606 f   common.obj
 0004:000053e6       ?hda_initalize_audio_output@CAdapterCommon@@QAGXK@Z 000199c6 f   common.obj
 0004:00005766       ?hda_initalize_audio_mixer@CAdapterCommon@@QAGXK@Z 00019d46 f   common.obj
 0004:000059fe       ?hda_initalize_audio_selector@CAdapterCommon@@QAGXK@Z 00019fde f   common.obj
 0004:00005c40       ?hda_is_supported_sample_rate@CAdapterCommon@@QAGEK@Z 0001a220 f   common.obj
 0004:00005d58       ?CreateMiniportTopologyHDA@@YGJPAPAUIUnknown@@ABU_GUID@@PAU1@W4_POOL_TYPE@@@Z 0001a338 f   mintopo.obj
 0004:00005eca       ?ProcessResources@CMiniportTopologyHDA@@AAEJPAUIResourceList@@@Z 0001a4aa f   mintopo.obj
 0004:0000605a       ?NonDelegatingQueryInterface@CMiniportTopologyHDA@@UAGJABU_GUID@@PAPAX@Z 0001a63a f   mintopo.obj
 0004:0000620e       ??1CMiniportTopologyHDA@@UAE@XZ 0001a7ee f   mintopo.obj
 0004:000063e6       ?Init@CMiniportTopologyHDA@@UAGJPAUIUnknown@@PAUIResourceList@@PAUIPortTopology@@@Z 0001a9c6 f   mintopo.obj
 0004:000065fa       ?GetDescription@CMiniportTopologyHDA@@UAGJPAPAUPCFILTER_DESCRIPTOR@@@Z 0001abda f   mintopo.obj
 0004:00007dd8       ?CreateMiniportWaveCyclicHDA@@YGJPAPAUIUnknown@@ABU_GUID@@PAU1@W4_POOL_TYPE@@@Z 0001c3b8 f   minwave.obj
 0004:000080a6       ?ProcessResources@CMiniportWaveCyclicHDA@@AAEJPAUIResourceList@@@Z 0001c686 f   minwave.obj
 0004:00008512       ?ValidateFormat@CMiniportWaveCyclicHDA@@AAEJPATKSDATAFORMAT@@@Z 0001caf2 f   minwave.obj
 0004:0000871e       ?NonDelegatingQueryInterface@CMiniportWaveCyclicHDA@@UAGJABU_GUID@@PAPAX@Z 0001ccfe f   minwave.obj
 0004:000088d2       ??1CMiniportWaveCyclicHDA@@UAE@XZ 0001ceb2 f   minwave.obj
 0004:00008ad6       ?Init@CMiniportWaveCyclicHDA@@UAGJPAUIUnknown@@PAUIResourceList@@PAUIPortWaveCyclic@@@Z 0001d0b6 f   minwave.obj
 0004:00008d6e       ?GetDescription@CMiniportWaveCyclicHDA@@UAGJPAPAUPCFILTER_DESCRIPTOR@@@Z 0001d34e f   minwave.obj
 0004:00008f5a       ?DataRangeIntersection@CMiniportWaveCyclicHDA@@UAGJKPATKSDATAFORMAT@@0KPAXPAK@Z 0001d53a f   minwave.obj
 0004:0000955a       ?NewStream@CMiniportWaveCyclicHDA@@UAGJPAPAUIMiniportWaveCyclicStream@@PAUIUnknown@@W4_POOL_TYPE@@KEPATKSDATAFORMAT@@PAPAUIDmaChannel@@PAPAUIServiceGroup@@@Z 0001db3a f   minwave.obj
 0004:000098f2       ?NonDelegatingQueryInterface@CMiniportWaveCyclicStreamHDA@@UAGJABU_GUID@@PAPAX@Z 0001ded2 f   minwave.obj
 0004:00009a9e       ??1CMiniportWaveCyclicStreamHDA@@UAE@XZ 0001e07e f   minwave.obj
 0004:00009d10       ?Init@CMiniportWaveCyclicStreamHDA@@QAEJPAVCMiniportWaveCyclicHDA@@KEPATKSDATAFORMAT@@PAUIDmaChannel@@@Z 0001e2f0 f   minwave.obj
 0004:00009f82       ?SetNotificationFreq@CMiniportWaveCyclicStreamHDA@@UAGKKPAK@Z 0001e562 f   minwave.obj
 0004:0000a116       ?SetFormat@CMiniportWaveCyclicStreamHDA@@UAGJPATKSDATAFORMAT@@@Z 0001e6f6 f   minwave.obj
 0004:0000a3ae       ?SetState@CMiniportWaveCyclicStreamHDA@@UAGJW4KSSTATE@@@Z 0001e98e f   minwave.obj
 0005:0000003e       _DriverEntry@8             0001eade f   adapter.obj
 0005:000000ac       __IMPORT_DESCRIPTOR_ntoskrnl 0001eb4c     ntoskrnl:ntoskrnl.exe
 0005:000000c0       __IMPORT_DESCRIPTOR_HAL    0001eb60     hal:HAL.dll
 0005:000000d4       __IMPORT_DESCRIPTOR_portcls 0001eb74     portcls:portcls.sys
 0005:000000e8       __NULL_IMPORT_DESCRIPTOR   0001eb88     ntoskrnl:ntoskrnl.exe

 entry point at        0005:0000003e

 Static symbols

 0004:0000674e       ?PropertyHandler_OnOff@@YGJPAU_PCPROPERTY_REQUEST@@@Z 0001ad2e f   mintopo.obj
 0004:00006b66       ?PropertyHandler_SuperMixCaps@@YGJPAU_PCPROPERTY_REQUEST@@@Z 0001b146 f   mintopo.obj
 0004:00007176       ?PropertyHandler_SuperMixTable@@YGJPAU_PCPROPERTY_REQUEST@@@Z 0001b756 f   mintopo.obj
 0004:000078a6       ?PropertyHandler_CpuResources@@YGJPAU_PCPROPERTY_REQUEST@@@Z 0001be86 f   mintopo.obj
 0001:0000246e       ?PropertyHandler_Level@@YGJPAU_PCPROPERTY_REQUEST@@@Z 0001274e f   mintopo.obj
 0004:00007b06       ?BasicSupportHandler@@YGJPAU_PCPROPERTY_REQUEST@@@Z 0001c0e6 f   mintopo.obj

 318 bytes saved through ICF

