 HDA

 Timestamp is 69f975e4 (Mon May 04 21:45:24 2026)

 Preferred load address is 00010000

 Start         Length     Name                   Class
 0001:00000000 00007137H .text                   CODE
 0002:00000000 000000b8H .idata$5                DATA
 0002:000000b8 00000703H .rdata                  DATA
 0003:00000000 00000d18H .data                   DATA
 0003:00000d18 0000001eH .bss                    DATA
 0004:00000000 0000a460H PAGE                    CODE
 0005:00000000 000000a9H INIT                    CODE
 0005:000000ac 0000003cH .idata$2                CODE
 0005:000000e8 00000014H .idata$3                CODE
 0005:000000fc 000000b8H .idata$4                CODE
 0005:000001b4 000003b4H .idata$6                CODE
 0006:00000000 00000058H .rsrc$01                DATA
 0006:00000060 000003d0H .rsrc$02                DATA

  Address         Publics by Value              Rva+Base     Lib:Object

 0001:00000000       ??3@YAXPAX@Z               000102e0 f i common.obj
 0001:00000010       ??2@YGPAXIW4_POOL_TYPE@@K@Z 000102f0 f i common.obj
 0001:00000050       ??0CAdapterCommon@@QAE@PAUIUnknown@@@Z 00010330 f i common.obj
 0001:000000a0       ?QueryInterface@CAdapterCommon@@UAGJABU_GUID@@PAPAX@Z 00010380 f i common.obj
 0001:000000d0       ?GetOuterUnknown@CUnknown@@QAEPAUIUnknown@@XZ 000103b0 f i common.obj
 0001:000000f0       ?AddRef@CAdapterCommon@@UAGKXZ 000103d0 f i common.obj
 0001:00000120       ?Release@CAdapterCommon@@UAGKXZ 00010400 f i common.obj
 0001:00000150       ??_ECAdapterCommon@@UAEPAXI@Z 00010430 f i common.obj
 0001:00000150       ??_GCAdapterCommon@@UAEPAXI@Z 00010430 f i common.obj
 0001:00000370       _IsEqualGUIDAligned@8      00010650 f i common.obj
 0001:000003f0       ??2@YGPAXIW4_POOL_TYPE@@@Z 000106d0 f i common.obj
 0001:00000440       ?hda_is_supported_sample_rate@CAdapterCommon@@UAGEK@Z 00010720 f   common.obj
 0001:00000516       ?hda_send_verb@CAdapterCommon@@UAGKKKKK@Z 000107f6 f   common.obj
 0001:00000832       ?ReadController@CAdapterCommon@@UAGEXZ 00010b12 f   common.obj
 0001:000008d6       ?WriteController@CAdapterCommon@@UAGEE@Z 00010bb6 f   common.obj
 0001:000009e2       ?MixerRegWrite@CAdapterCommon@@UAGXEE@Z 00010cc2 f   common.obj
 0001:00000baa       ?MixerRegRead@CAdapterCommon@@UAGEE@Z 00010e8a f   common.obj
 0001:00000c8e       ?MixerReset@CAdapterCommon@@UAGXXZ 00010f6e f   common.obj
 0001:00000d2e       ?AcknowledgeIRQ@CAdapterCommon@@AAE?AW4_HDA_INTERRUPT_TYPE@@XZ 0001100e f   common.obj
 0001:00000fd2       ?ResetController@CAdapterCommon@@UAGJXZ 000112b2 f   common.obj
 0001:00001086       ?RestoreMixerSettingsFromRegistry@CAdapterCommon@@UAGJXZ 00011366 f   common.obj
 0001:00001332       ?SaveMixerSettingsToRegistry@CAdapterCommon@@UAGJXZ 00011612 f   common.obj
 0001:0000159e       ?ProgramSampleRate@CAdapterCommon@@UAGJK@Z 0001187e f   common.obj
 0001:00001796       ?PowerChangeState@CAdapterCommon@@UAGXT_POWER_STATE@@@Z 00011a76 f   common.obj
 0001:00001986       ?QueryPowerChangeState@CAdapterCommon@@UAGJT_POWER_STATE@@@Z 00011c66 f   common.obj
 0001:00001a0a       ?QueryDeviceCapabilities@CAdapterCommon@@UAGJPAU_DEVICE_CAPABILITIES@@@Z 00011cea f   common.obj
 0001:00001aba       ?InterruptServiceRoutine@@YGJPAUIInterruptSync@@PAX@Z 00011d9a f   common.obj
 0001:00001c46       ?hda_stop_stream@CAdapterCommon@@UAGJXZ 00011f26 f   common.obj
 0001:00001f2a       ?hda_start_sound@CAdapterCommon@@UAGXXZ 0001220a f   common.obj
 0001:0000209a       ?hda_stop_sound@CAdapterCommon@@UAGXXZ 0001237a f   common.obj
 0001:00002236       ?hda_get_actual_stream_position@CAdapterCommon@@UAGKXZ 00012516 f   common.obj
 0001:00002340       ?hda_set_volume@CAdapterCommon@@QAGXKE@Z 00012620 f   common.obj
 0001:000023a0       ?readUCHAR@CAdapterCommon@@QAGEG@Z 00012680 f   common.obj
 0001:000023c0       ?writeUCHAR@CAdapterCommon@@QAGXGE@Z 000126a0 f   common.obj
 0001:000023f0       ?readUSHORT@CAdapterCommon@@QAGGG@Z 000126d0 f   common.obj
 0001:00002410       ?writeUSHORT@CAdapterCommon@@QAGXGG@Z 000126f0 f   common.obj
 0001:00002440       ?readULONG@CAdapterCommon@@QAGKG@Z 00012720 f   common.obj
 0001:00002460       ?writeULONG@CAdapterCommon@@QAGXGK@Z 00012740 f   common.obj
 0001:000025fa       ?hda_setup_stream_descriptor@CAdapterCommon@@UAGJPAUIDmaChannel@@@Z 000128da f   common.obj
 0001:00002a20       ?ReadWriteConfigSpace@CAdapterCommon@@AAGJPAU_DEVICE_OBJECT@@KPAXKK@Z 00012d00 f   common.obj
 0001:00002b4b       ?WriteConfigSpaceByte@CAdapterCommon@@AAGJEEE@Z 00012e2b f   common.obj
 0001:00002c4b       ?WriteConfigSpaceWord@CAdapterCommon@@AAGJEGG@Z 00012f2b f   common.obj
 0001:00002d10       ?QueryInterface@CAdapterCommon@@W3AGJABU_GUID@@PAPAX@Z 00012ff0 f i common.obj
 0001:00002d20       ?AddRef@CAdapterCommon@@W3AGKXZ 00013000 f i common.obj
 0001:00002d30       ?Release@CAdapterCommon@@W3AGKXZ 00013010 f i common.obj
 0001:00002d40       ??0HDA_Codec@@QAE@EEEPAUIAdapterCommon@@@Z 00013020 f   codec.obj
 0001:00002de0       ??1HDA_Codec@@QAE@XZ       000130c0 f   codec.obj
 0001:00002efe       ?InitializeCodec@HDA_Codec@@QAGJXZ 000131de f   codec.obj
 0001:000036b8       ?hda_initialize_audio_function_group@HDA_Codec@@QAGJK@Z 00013998 f   codec.obj
 0001:0000430a       ?hda_get_node_type@HDA_Codec@@QAGEK@Z 000145ea f   codec.obj
 0001:000043ba       ?hda_get_node_connection_entries@HDA_Codec@@QAGKKK@Z 0001469a f   codec.obj
 0001:000044c0       ?hda_enable_pin_output@HDA_Codec@@QAGXK@Z 000147a0 f   codec.obj
 0001:000044f0       ?hda_disable_pin_output@HDA_Codec@@QAGXK@Z 000147d0 f   codec.obj
 0001:00004520       ?hda_is_headphone_connected@HDA_Codec@@QAGEXZ 00014800 f   codec.obj
 0001:0000460a       ?hda_initialize_output_pin@HDA_Codec@@QAGXKAAUHDA_NODE_PATH@@@Z 000148ea f   codec.obj
 0001:000049b2       ?hda_initialize_audio_output@HDA_Codec@@QAGXKAAUHDA_NODE_PATH@@@Z 00014c92 f   codec.obj
 0001:00004da6       ?hda_initialize_audio_mixer@HDA_Codec@@QAGXKAAUHDA_NODE_PATH@@@Z 00015086 f   codec.obj
 0001:000050ce       ?hda_initialize_audio_selector@HDA_Codec@@QAGXKAAUHDA_NODE_PATH@@@Z 000153ae f   codec.obj
 0001:00005546       ?ProgramSampleRate@HDA_Codec@@QAGJK@Z 00015826 f   codec.obj
 0001:00005890       ?hda_check_headphone_connection_change@HDA_Codec@@QAGXXZ 00015b70 f   codec.obj
 0001:00005962       ?hda_is_supported_sample_rate@HDA_Codec@@QAGEK@Z 00015c42 f   codec.obj
 0001:00005a80       ?hda_set_volume@HDA_Codec@@QAGXKE@Z 00015d60 f   codec.obj
 0001:00005ae0       ?hda_set_node_gain@HDA_Codec@@QAGXKKKKE@Z 00015dc0 f   codec.obj
 0001:00005b80       ?hda_send_verb@HDA_Codec@@QAGKKKK@Z 00015e60 f   codec.obj
 0001:00005bb0       ?hda_return_sound_data_format@HDA_Codec@@QAGGKKK@Z 00015e90 f   codec.obj
 0001:00005bb0       ?hda_return_sound_data_format@CAdapterCommon@@QAGGKKK@Z 00015e90 f   codec.obj
 0001:00005d20       ??0CMiniportTopologyHDA@@QAE@PAUIUnknown@@@Z 00016000 f i mintopo.obj
 0001:00005d60       ?DataRangeIntersection@CMiniportTopologyHDA@@UAGJKPATKSDATAFORMAT@@0KPAXPAK@Z 00016040 f i mintopo.obj
 0001:00005d70       ??_GCMiniportTopologyHDA@@UAEPAXI@Z 00016050 f i mintopo.obj
 0001:00005d70       ??_ECMiniportTopologyHDA@@UAEPAXI@Z 00016050 f i mintopo.obj
 0001:00005db0       ??0IAdapterPowerManagement@@QAE@XZ 00016090 f i mintopo.obj
 0001:00005db0       ??0IDmaChannel@@QAE@XZ     00016090 f i mintopo.obj
 0001:00005db0       ??0IMiniport@@QAE@XZ       00016090 f i mintopo.obj
 0001:00005db0       ??0IAdapterCommon@@QAE@XZ  00016090 f i mintopo.obj
 0001:00005db0       ??0IMiniportWaveCyclicStream@@QAE@XZ 00016090 f i mintopo.obj
 0001:00006450       ?ReadBitsFromMixer@CMiniportTopologyHDA@@AAEEEEE@Z 00016730 f   mintopo.obj
 0001:000064a0       ?ThisManyOnes@@YGEE@Z      00016780 f i mintopo.obj
 0001:000064c0       ?WriteBitsToMixer@CMiniportTopologyHDA@@AAEXEEEE@Z 000167a0 f   mintopo.obj
 0001:00006560       ??0CMiniportWaveCyclicHDA@@QAE@PAUIUnknown@@@Z 00016840 f i minwave.obj
 0001:000065a0       ?QueryInterface@CMiniportTopologyHDA@@UAGJABU_GUID@@PAPAX@Z 00016880 f i minwave.obj
 0001:000065a0       ?QueryInterface@CMiniportWaveCyclicHDA@@UAGJABU_GUID@@PAPAX@Z 00016880 f i minwave.obj
 0001:000065a0       ?QueryInterface@CMiniportWaveCyclicStreamHDA@@UAGJABU_GUID@@PAPAX@Z 00016880 f i minwave.obj
 0001:000065d0       ??_GCMiniportWaveCyclicHDA@@UAEPAXI@Z 000168b0 f i minwave.obj
 0001:000065d0       ??_ECMiniportWaveCyclicHDA@@UAEPAXI@Z 000168b0 f i minwave.obj
 0001:00006610       ??0IMiniportWaveCyclic@@QAE@XZ 000168f0 f i minwave.obj
 0001:00006610       ??0IMiniportTopology@@QAE@XZ 000168f0 f i minwave.obj
 0001:00006630       ??0CMyDmaChannel@@QAE@PAUIDmaChannel@@@Z 00016910 f i minwave.obj
 0001:000066f0       ?QueryInterface@CMyDmaChannel@@UAGJABU_GUID@@PAPAX@Z 000169d0 f i minwave.obj
 0001:00006750       _IsEqualGUID@8             00016a30 f i minwave.obj
 0001:00006780       ?AddRef@CMyDmaChannel@@UAGKXZ 00016a60 f i minwave.obj
 0001:000067a0       ?Release@CMyDmaChannel@@UAGKXZ 00016a80 f i minwave.obj
 0001:000067f0       ?AllocateBuffer@CMyDmaChannel@@UAGJKPAT_LARGE_INTEGER@@@Z 00016ad0 f i minwave.obj
 0001:00006990       ?FreeBuffer@CMyDmaChannel@@UAGXXZ 00016c70 f i minwave.obj
 0001:000069e0       ?SystemAddress@CMyDmaChannel@@UAGPAXXZ 00016cc0 f i minwave.obj
 0001:00006a10       ?CopyTo@CMyDmaChannel@@UAGXPAX0K@Z 00016cf0 f i minwave.obj
 0001:00006a90       ?CopyFrom@CMyDmaChannel@@UAGXPAX0K@Z 00016d70 f i minwave.obj
 0001:00006ac0       ?TransferCount@CMyDmaChannel@@UAGKXZ 00016da0 f i minwave.obj
 0001:00006ae0       ?MaximumBufferSize@CMyDmaChannel@@UAGKXZ 00016dc0 f i minwave.obj
 0001:00006b00       ?AllocatedBufferSize@CMyDmaChannel@@UAGKXZ 00016de0 f i minwave.obj
 0001:00006b30       ?BufferSize@CMyDmaChannel@@UAGKXZ 00016e10 f i minwave.obj
 0001:00006b60       ?SetBufferSize@CMyDmaChannel@@UAGXK@Z 00016e40 f i minwave.obj
 0001:00006b90       ?PhysicalAddress@CMyDmaChannel@@UAG?AT_LARGE_INTEGER@@XZ 00016e70 f i minwave.obj
 0001:00006bf0       ?GetAdapterObject@CMyDmaChannel@@UAGPAU_DMA_ADAPTER@@XZ 00016ed0 f i minwave.obj
 0001:00006c10       ??0CMiniportWaveCyclicStreamHDA@@QAE@PAUIUnknown@@@Z 00016ef0 f i minwave.obj
 0001:00006c50       ?AddRef@CMiniportWaveCyclicHDA@@UAGKXZ 00016f30 f i minwave.obj
 0001:00006c50       ?AddRef@CMiniportWaveCyclicStreamHDA@@UAGKXZ 00016f30 f i minwave.obj
 0001:00006c50       ?AddRef@CMiniportTopologyHDA@@UAGKXZ 00016f30 f i minwave.obj
 0001:00006c80       ?Release@CMiniportTopologyHDA@@UAGKXZ 00016f60 f i minwave.obj
 0001:00006c80       ?Release@CMiniportWaveCyclicHDA@@UAGKXZ 00016f60 f i minwave.obj
 0001:00006c80       ?Release@CMiniportWaveCyclicStreamHDA@@UAGKXZ 00016f60 f i minwave.obj
 0001:00006cb0       ??_ECMiniportWaveCyclicStreamHDA@@UAEPAXI@Z 00016f90 f i minwave.obj
 0001:00006cb0       ??_GCMiniportWaveCyclicStreamHDA@@UAEPAXI@Z 00016f90 f i minwave.obj
 0001:00006d09       ?GetPosition@CMiniportWaveCyclicStreamHDA@@UAGJPAK@Z 00016fe9 f   minwave.obj
 0001:00006e1e       ?NormalizePhysicalPosition@CMiniportWaveCyclicStreamHDA@@UAGJPA_J@Z 000170fe f   minwave.obj
 0001:00006ec0       ?Silence@CMiniportWaveCyclicStreamHDA@@UAGXPAXK@Z 000171a0 f   minwave.obj
 0001:00006efe       _DbgPrint                  000171de f   ntoskrnl:ntoskrnl.exe
 0001:00006f04       _DbgBreakPoint@0           000171e4 f   ntoskrnl:ntoskrnl.exe
 0001:00006f0a       __alldiv                   000171ea f   ntoskrnl:ntoskrnl.exe
 0001:00006f10       __allmul                   000171f0 f   ntoskrnl:ntoskrnl.exe
 0001:00006f16       _PcInitializeAdapterDriver@12 000171f6 f   portcls:portcls.sys
 0001:00006f1c       _PcAddAdapterDevice@20     000171fc f   portcls:portcls.sys
 0001:00006f22       _PcRegisterSubdevice@12    00017202 f   portcls:portcls.sys
 0001:00006f28       _PcNewMiniport@8           00017208 f   portcls:portcls.sys
 0001:00006f2e       _PcNewPort@8               0001720e f   portcls:portcls.sys
 0001:00006f34       _PcRegisterPhysicalConnection@20 00017214 f   portcls:portcls.sys
 0001:00006f3a       _PcRegisterAdapterPowerManagement@8 0001721a f   portcls:portcls.sys
 0001:00006f40       _PcNewResourceSublist@20   00017220 f   portcls:portcls.sys
 0001:00006f46       _PcNewInterruptSync@20     00017226 f   portcls:portcls.sys
 0001:00006f4c       _PcNewRegistryKey@36       0001722c f   portcls:portcls.sys
 0001:00006f52       _PcNewServiceGroup@8       00017232 f   portcls:portcls.sys
 0001:00006f60       ??0CUnknown@@QAE@PAUIUnknown@@@Z 00017240 f   stdunk:stdunk.obj
 0001:00006fb0       ??_ECUnknown@@UAEPAXI@Z    00017290 f i stdunk:stdunk.obj
 0001:00006fb0       ??_GCUnknown@@UAEPAXI@Z    00017290 f i stdunk:stdunk.obj
 0001:00006fe0       ??0INonDelegatingUnknown@@QAE@XZ 000172c0 f i stdunk:stdunk.obj
 0001:00006fe0       ??0IUnknown@@QAE@XZ        000172c0 f i stdunk:stdunk.obj
 0001:00006ff0       ??1CUnknown@@UAE@XZ        000172d0 f   stdunk:stdunk.obj
 0001:00007010       ?NonDelegatingAddRef@CUnknown@@UAGKXZ 000172f0 f   stdunk:stdunk.obj
 0001:00007050       ?NonDelegatingRelease@CUnknown@@UAGKXZ 00017330 f   stdunk:stdunk.obj
 0001:000070d0       ?NonDelegatingQueryInterface@CUnknown@@UAGJABU_GUID@@PAPAX@Z 000173b0 f   stdunk:stdunk.obj
 0002:00000000       __imp_@KfAcquireSpinLock@4 00017420     hal:HAL.dll
 0002:00000004       __imp_@KfReleaseSpinLock@8 00017424     hal:HAL.dll
 0002:00000008       __imp__KeStallExecutionProcessor@4 00017428     hal:HAL.dll
 0002:0000000c       __imp__KeGetCurrentIrql@0  0001742c     hal:HAL.dll
 0002:00000010       \177HAL_NULL_THUNK_DATA    00017430     hal:HAL.dll
 0002:00000014       __imp__MmMapIoSpace@16     00017434     ntoskrnl:ntoskrnl.exe
 0002:00000018       __imp__KeInitializeSpinLock@4 00017438     ntoskrnl:ntoskrnl.exe
 0002:0000001c       __imp__MmUnmapIoSpace@8    0001743c     ntoskrnl:ntoskrnl.exe
 0002:00000020       __imp__RtlInitUnicodeString@8 00017440     ntoskrnl:ntoskrnl.exe
 0002:00000024       __imp__IoGetDmaAdapter@12  00017444     ntoskrnl:ntoskrnl.exe
 0002:00000028       __imp__READ_REGISTER_ULONG@4 00017448     ntoskrnl:ntoskrnl.exe
 0002:0000002c       __imp__WRITE_REGISTER_ULONG@8 0001744c     ntoskrnl:ntoskrnl.exe
 0002:00000030       __imp__READ_REGISTER_UCHAR@4 00017450     ntoskrnl:ntoskrnl.exe
 0002:00000034       __imp__WRITE_REGISTER_UCHAR@8 00017454     ntoskrnl:ntoskrnl.exe
 0002:00000038       __imp__READ_REGISTER_USHORT@4 00017458     ntoskrnl:ntoskrnl.exe
 0002:0000003c       __imp__WRITE_REGISTER_USHORT@8 0001745c     ntoskrnl:ntoskrnl.exe
 0002:00000040       __imp__ExFreePool@4        00017460     ntoskrnl:ntoskrnl.exe
 0002:00000044       __imp__ExAllocatePoolWithTag@12 00017464     ntoskrnl:ntoskrnl.exe
 0002:00000048       __imp_@IofCallDriver@8     00017468     ntoskrnl:ntoskrnl.exe
 0002:0000004c       __imp__IoBuildSynchronousFsdRequest@28 0001746c     ntoskrnl:ntoskrnl.exe
 0002:00000050       __imp__IoGetAttachedDeviceReference@4 00017470     ntoskrnl:ntoskrnl.exe
 0002:00000054       __imp__KeInitializeEvent@12 00017474     ntoskrnl:ntoskrnl.exe
 0002:00000058       __imp_@InterlockedIncrement@4 00017478     ntoskrnl:ntoskrnl.exe
 0002:0000005c       __imp__RtlAssert@16        0001747c     ntoskrnl:ntoskrnl.exe
 0002:00000060       __imp__KeInitializeMutex@8 00017480     ntoskrnl:ntoskrnl.exe
 0002:00000064       __imp__KeReleaseMutex@8    00017484     ntoskrnl:ntoskrnl.exe
 0002:00000068       __imp___alldiv             00017488     ntoskrnl:ntoskrnl.exe
 0002:0000006c       __imp___allmul             0001748c     ntoskrnl:ntoskrnl.exe
 0002:00000070       __imp__DbgBreakPoint@0     00017490     ntoskrnl:ntoskrnl.exe
 0002:00000074       __imp__DbgPrint            00017494     ntoskrnl:ntoskrnl.exe
 0002:00000078       __imp__KeWaitForSingleObject@20 00017498     ntoskrnl:ntoskrnl.exe
 0002:0000007c       __imp_@ObfDereferenceObject@4 0001749c     ntoskrnl:ntoskrnl.exe
 0002:00000080       __imp_@InterlockedDecrement@4 000174a0     ntoskrnl:ntoskrnl.exe
 0002:00000084       \177ntoskrnl_NULL_THUNK_DATA 000174a4     ntoskrnl:ntoskrnl.exe
 0002:00000088       __imp__PcRegisterAdapterPowerManagement@8 000174a8     portcls:portcls.sys
 0002:0000008c       __imp__PcAddAdapterDevice@20 000174ac     portcls:portcls.sys
 0002:00000090       __imp__PcRegisterSubdevice@12 000174b0     portcls:portcls.sys
 0002:00000094       __imp__PcNewMiniport@8     000174b4     portcls:portcls.sys
 0002:00000098       __imp__PcNewPort@8         000174b8     portcls:portcls.sys
 0002:0000009c       __imp__PcRegisterPhysicalConnection@20 000174bc     portcls:portcls.sys
 0002:000000a0       __imp__PcInitializeAdapterDriver@12 000174c0     portcls:portcls.sys
 0002:000000a4       __imp__PcNewResourceSublist@20 000174c4     portcls:portcls.sys
 0002:000000a8       __imp__PcNewInterruptSync@20 000174c8     portcls:portcls.sys
 0002:000000ac       __imp__PcNewRegistryKey@36 000174cc     portcls:portcls.sys
 0002:000000b0       __imp__PcNewServiceGroup@8 000174d0     portcls:portcls.sys
 0002:000000b4       \177portcls_NULL_THUNK_DATA 000174d4     portcls:portcls.sys
 0002:00000130       _IID_IAdapterCommon        00017550     adapter.obj
 0002:00000140       _CLSID_MiniportDriverFmSynth 00017560     adapter.obj
 0002:00000150       _CLSID_PortWaveCyclic      00017570     adapter.obj
 0002:00000160       _CLSID_PortTopology        00017580     adapter.obj
 0002:00000170       _CLSID_PortMidi            00017590     adapter.obj
 0002:00000180       _IID_IAdapterPowerManagment 000175a0     adapter.obj
 0002:00000190       _IID_IMiniportWaveCyclicStream 000175b0     adapter.obj
 0002:000001a0       _IID_IMiniportWaveCyclic   000175c0     adapter.obj
 0002:000001b0       _IID_IPortWaveCyclic       000175d0     adapter.obj
 0002:000001c0       _IID_IMiniportTopology     000175e0     adapter.obj
 0002:000001d0       _IID_IDmaChannel           000175f0     adapter.obj
 0002:000001e0       _IID_IMiniport             00017600     adapter.obj
 0002:000001f0       _IID_IUnknown              00017610     adapter.obj
 0002:00000200       ??_C@_1BE@FFBG@?$AAU?$AAs?$AAe?$AAD?$AAm?$AAa?$AAP?$AAo?$AAs?$AA?$AA@ 00017620     common.obj
 0002:00000214       ??_C@_1CA@DADJ@?$AAU?$AAs?$AAe?$AAD?$AAi?$AAs?$AAa?$AAb?$AAl?$AAe?$AAd?$AAP?$AAi?$AAn?$AAs?$AA?$AA@ 00017634     common.obj
 0002:00000234       ??_C@_1BC@MBIB@?$AAU?$AAs?$AAe?$AAS?$AAP?$AAD?$AAI?$AAF?$AA?$AA@ 00017654     common.obj
 0002:00000248       ??_C@_1BE@ONOC@?$AAU?$AAs?$AAe?$AAA?$AAl?$AAt?$AAO?$AAu?$AAt?$AA?$AA@ 00017668     common.obj
 0002:0000025c       ??_C@_1BO@LMMA@?$AAS?$AAk?$AAi?$AAp?$AAC?$AAo?$AAd?$AAe?$AAc?$AAR?$AAe?$AAs?$AAe?$AAt?$AA?$AA@ 0001767c     common.obj
 0002:0000027c       ??_C@_1CI@JKGI@?$AAS?$AAk?$AAi?$AAp?$AAC?$AAo?$AAn?$AAt?$AAr?$AAo?$AAl?$AAl?$AAe?$AAr?$AAR?$AAe?$AAs?$AAe?$AAt?$AA?$AA@ 0001769c     common.obj
 0002:000002a4       ??_C@_1BE@ENEK@?$AAR?$AAi?$AAg?$AAh?$AAt?$AAB?$AAa?$AAs?$AAs?$AA?$AA@ 000176c4     common.obj
 0002:000002b8       ??_C@_1BC@JMJO@?$AAL?$AAe?$AAf?$AAt?$AAB?$AAa?$AAs?$AAs?$AA?$AA@ 000176d8     common.obj
 0002:000002cc       ??_C@_1BI@KGAJ@?$AAR?$AAi?$AAg?$AAh?$AAt?$AAT?$AAr?$AAe?$AAb?$AAl?$AAe?$AA?$AA@ 000176ec     common.obj
 0002:000002e4       ??_C@_1BG@BGGD@?$AAL?$AAe?$AAf?$AAt?$AAT?$AAr?$AAe?$AAb?$AAl?$AAe?$AA?$AA@ 00017704     common.obj
 0002:000002fc       ??_C@_1O@IECC@?$AAM?$AAi?$AAc?$AAA?$AAG?$AAC?$AA?$AA@ 0001771c     common.obj
 0002:0000030c       ??_C@_1CA@EJHI@?$AAR?$AAi?$AAg?$AAh?$AAt?$AAO?$AAu?$AAt?$AAp?$AAu?$AAt?$AAG?$AAa?$AAi?$AAn?$AA?$AA@ 0001772c     common.obj
 0002:0000032c       ??_C@_1BO@PPLI@?$AAL?$AAe?$AAf?$AAt?$AAO?$AAu?$AAt?$AAp?$AAu?$AAt?$AAG?$AAa?$AAi?$AAn?$AA?$AA@ 0001774c     common.obj
 0002:0000034c       ??_C@_1BO@PMCJ@?$AAR?$AAi?$AAg?$AAh?$AAt?$AAI?$AAn?$AAp?$AAu?$AAt?$AAG?$AAa?$AAi?$AAn?$AA?$AA@ 0001776c     common.obj
 0002:0000036c       ??_C@_1BM@CFEM@?$AAL?$AAe?$AAf?$AAt?$AAI?$AAn?$AAp?$AAu?$AAt?$AAG?$AAa?$AAi?$AAn?$AA?$AA@ 0001778c     common.obj
 0002:00000388       ??_C@_1CA@CIKM@?$AAR?$AAi?$AAg?$AAh?$AAt?$AAI?$AAn?$AAp?$AAu?$AAt?$AAM?$AAi?$AAx?$AAe?$AAr?$AA?$AA@ 000177a8     common.obj
 0002:000003a8       ??_C@_1BO@JOGM@?$AAL?$AAe?$AAf?$AAt?$AAI?$AAn?$AAp?$AAu?$AAt?$AAM?$AAi?$AAx?$AAe?$AAr?$AA?$AA@ 000177c8     common.obj
 0002:000003c8       ??_C@_1BI@BMOJ@?$AAO?$AAu?$AAt?$AAp?$AAu?$AAt?$AAM?$AAi?$AAx?$AAe?$AAr?$AA?$AA@ 000177e8     common.obj
 0002:000003e0       ??_C@_1BE@GLOL@?$AAP?$AAc?$AAS?$AAp?$AAk?$AAr?$AAV?$AAo?$AAl?$AA?$AA@ 00017800     common.obj
 0002:000003f4       ??_C@_1O@MNBB@?$AAM?$AAi?$AAc?$AAV?$AAo?$AAl?$AA?$AA@ 00017814     common.obj
 0002:00000404       ??_C@_1BO@HCKE@?$AAR?$AAi?$AAg?$AAh?$AAt?$AAL?$AAi?$AAn?$AAe?$AAI?$AAn?$AAV?$AAo?$AAl?$AA?$AA@ 00017824     common.obj
 0002:00000424       ??_C@_1BM@KLMB@?$AAL?$AAe?$AAf?$AAt?$AAL?$AAi?$AAn?$AAe?$AAI?$AAn?$AAV?$AAo?$AAl?$AA?$AA@ 00017844     common.obj
 0002:00000440       ??_C@_1BG@COJL@?$AAR?$AAi?$AAg?$AAh?$AAt?$AAC?$AAD?$AAV?$AAo?$AAl?$AA?$AA@ 00017860     common.obj
 0002:00000458       ??_C@_1BE@KMKA@?$AAL?$AAe?$AAf?$AAt?$AAC?$AAD?$AAV?$AAo?$AAl?$AA?$AA@ 00017878     common.obj
 0002:0000046c       ??_C@_1BK@JCIM@?$AAR?$AAi?$AAg?$AAh?$AAt?$AAM?$AAi?$AAd?$AAi?$AAV?$AAo?$AAl?$AA?$AA@ 0001788c     common.obj
 0002:00000488       ??_C@_1BI@KBIJ@?$AAL?$AAe?$AAf?$AAt?$AAM?$AAi?$AAd?$AAi?$AAV?$AAo?$AAl?$AA?$AA@ 000178a8     common.obj
 0002:000004a0       ??_C@_1BK@MFCG@?$AAR?$AAi?$AAg?$AAh?$AAt?$AAW?$AAa?$AAv?$AAe?$AAV?$AAo?$AAl?$AA?$AA@ 000178c0     common.obj
 0002:000004bc       ??_C@_1BI@PGCD@?$AAL?$AAe?$AAf?$AAt?$AAW?$AAa?$AAv?$AAe?$AAV?$AAo?$AAl?$AA?$AA@ 000178dc     common.obj
 0002:000004d4       ??_C@_1BO@NHA@?$AAR?$AAi?$AAg?$AAh?$AAt?$AAM?$AAa?$AAs?$AAt?$AAe?$AAr?$AAV?$AAo?$AAl?$AA?$AA@ 000178f4     common.obj
 0002:000004f4       ??_C@_1BM@NEBF@?$AAL?$AAe?$AAf?$AAt?$AAM?$AAa?$AAs?$AAt?$AAe?$AAr?$AAV?$AAo?$AAl?$AA?$AA@ 00017914     common.obj
 0002:00000510       ??_7CAdapterCommon@@6BCUnknown@@@ 00017930     common.obj
 0002:00000520       ??_7CAdapterCommon@@6BIAdapterPowerManagement@@@ 00017940     common.obj
 0002:00000538       ??_7CAdapterCommon@@6BIAdapterCommon@@@ 00017958     common.obj
 0002:00000668       ??_7CMiniportTopologyHDA@@6BCUnknown@@@ 00017a88     mintopo.obj
 0002:00000678       ??_7CMiniportTopologyHDA@@6BIMiniportTopology@@@ 00017a98     mintopo.obj
 0002:00000690       ??_7CMiniportWaveCyclicHDA@@6BCUnknown@@@ 00017ab0     minwave.obj
 0002:000006a0       ??_7CMiniportWaveCyclicHDA@@6BIMiniportWaveCyclic@@@ 00017ac0     minwave.obj
 0002:000006bc       ??_C@_09BAJA@SSE2?5?$CFd?5?6?$AA@ 00017adc     minwave.obj
 0002:000006c8       ??_7CMyDmaChannel@@6B@     00017ae8     minwave.obj
 0002:00000704       ??_C@_0DG@LDEH@Aligned?5DMA?5view?5invalid?5?$CIoff?$DN?$CFl@ 00017b24     minwave.obj
 0002:0000073c       ??_7CMiniportWaveCyclicStreamHDA@@6BCUnknown@@@ 00017b5c     minwave.obj
 0002:0000074c       ??_7CMiniportWaveCyclicStreamHDA@@6BIMiniportWaveCyclicStream@@@ 00017b6c     minwave.obj
 0002:00000770       ??_7CUnknown@@6B@          00017b90     stdunk:stdunk.obj
 0002:00000780       ??_C@_0BB@CHNF@m_lRefCount?5?$DO?$DN?50?$AA@ 00017ba0     stdunk:stdunk.obj
 0002:00000794       ??_C@_0N@DIKJ@?4?2stdunk?4cpp?$AA@ 00017bb4     stdunk:stdunk.obj
 0002:000007a4       ??_C@_0BA@HPDB@m_lRefCount?5?$DO?50?$AA@ 00017bc4     stdunk:stdunk.obj
 0002:000007b4       ??_C@_06DPDC@ppVoid?$AA@   00017bd4     stdunk:stdunk.obj
 0003:00000000       ?ulDebugOut@@3KA           00017be0     adapter.obj
 0003:00000008       __GUID_b7902fe9_fb0a_11d1_81b0_0060083316c1 00017be8     adapter.obj
 0003:00000018       __GUID_d3f0ce1c_fffc_11d1_81b0_0060083316c1 00017bf8     adapter.obj
 0003:00000028       __GUID_c096df9c_fb09_11d1_81b0_0060083316c1 00017c08     adapter.obj
 0003:00000140       ?audBufSize@@3KA           00017d20     common.obj
 0003:00000144       ?BdlSize@@3KA              00017d24     common.obj
 0003:00000840       __GUID_185fedf6_9905_11d1_95a9_00c04fb925d3 00018420     mintopo.obj
 0003:00000850       __GUID_185fedef_9905_11d1_95a9_00c04fb925d3 00018430     mintopo.obj
 0003:00000860       __GUID_185fede1_9905_11d1_95a9_00c04fb925d3 00018440     mintopo.obj
 0003:00000870       __GUID_185fede0_9905_11d1_95a9_00c04fb925d3 00018450     mintopo.obj
 0003:00000880       __GUID_7607e580_c557_11d0_8a2b_00a0c9255ac1 00018460     mintopo.obj
 0003:00000890       __GUID_185fede3_9905_11d1_95a9_00c04fb925d3 00018470     mintopo.obj
 0003:000008a0       __GUID_da441a60_c556_11d0_8a2b_00a0c9255ac1 00018480     mintopo.obj
 0003:000008b0       __GUID_185fedee_9905_11d1_95a9_00c04fb925d3 00018490     mintopo.obj
 0003:000008c0       __GUID_02b223c0_c557_11d0_8a2b_00a0c9255ac1 000184a0     mintopo.obj
 0003:000008d0       __GUID_185feded_9905_11d1_95a9_00c04fb925d3 000184b0     mintopo.obj
 0003:000008e0       __GUID_e88c9ba0_c557_11d0_8a2b_00a0c9255ac1 000184c0     mintopo.obj
 0003:000008f0       __GUID_185fedec_9905_11d1_95a9_00c04fb925d3 000184d0     mintopo.obj
 0003:00000900       __GUID_185fedeb_9905_11d1_95a9_00c04fb925d3 000184e0     mintopo.obj
 0003:00000910       __GUID_185fedea_9905_11d1_95a9_00c04fb925d3 000184f0     mintopo.obj
 0003:00000920       __GUID_185fede9_9905_11d1_95a9_00c04fb925d3 00018500     mintopo.obj
 0003:00000930       __GUID_185fede8_9905_11d1_95a9_00c04fb925d3 00018510     mintopo.obj
 0003:00000940       __GUID_e573adc0_c555_11d0_8a2b_00a0c9255ac1 00018520     mintopo.obj
 0003:00000950       __GUID_185fede7_9905_11d1_95a9_00c04fb925d3 00018530     mintopo.obj
 0003:00000960       __GUID_185fede5_9905_11d1_95a9_00c04fb925d3 00018540     mintopo.obj
 0003:00000970       __GUID_3a5acc00_c557_11d0_8a2b_00a0c9255ac1 00018550     mintopo.obj
 0003:00000980       __GUID_45ffaaa0_6e1b_11d0_bcf2_444553540000 00018560     mintopo.obj
 0003:00000990       __GUID_6994ad04_93ef_11d0_a3cc_00a0c9223196 00018570     mintopo.obj
 0003:000009a0       __GUID_185fedf7_9905_11d1_95a9_00c04fb925d3 00018580     mintopo.obj
 0003:000009b0       __GUID_dff21ce1_f70f_11d0_b917_00a0c9223196 00018590     mintopo.obj
 0003:000009c0       __GUID_dff21be1_f70f_11d0_b917_00a0c9223196 000185a0     mintopo.obj
 0003:000009d0       __GUID_185fedf9_9905_11d1_95a9_00c04fb925d3 000185b0     mintopo.obj
 0003:000009e0       __GUID_dff21fe3_f70f_11d0_b917_00a0c9223196 000185c0     mintopo.obj
 0003:000009f0       __GUID_185fedfb_9905_11d1_95a9_00c04fb925d3 000185d0     mintopo.obj
 0003:00000a00       __GUID_dff220e3_f70f_11d0_b917_00a0c9223196 000185e0     mintopo.obj
 0003:00000a10       __GUID_185fedf8_9905_11d1_95a9_00c04fb925d3 000185f0     mintopo.obj
 0003:00000a20       __GUID_dff220f3_f70f_11d0_b917_00a0c9223196 00018600     mintopo.obj
 0003:00000a30       __GUID_dff21fe4_f70f_11d0_b917_00a0c9223196 00018610     mintopo.obj
 0003:00000a40       __GUID_97e99ba0_bdea_11cf_a5d6_28db04c10000 00018620     mintopo.obj
 0003:00000c88       __GUID_507ae360_c554_11d0_8a2b_00a0c9255ac1 00018868     minwave.obj
 0003:00000c98       __GUID_4d837fe0_c555_11d0_8a2b_00a0c9255ac1 00018878     minwave.obj
 0003:00000ca8       __GUID_185fedfa_9905_11d1_95a9_00c04fb925d3 00018888     minwave.obj
 0003:00000cb8       __GUID_fb6c4281_0353_11d1_905f_0000c0cc16ba 00018898     minwave.obj
 0003:00000cc8       __GUID_05589f81_c356_11ce_bf01_00aa0055595a 000188a8     minwave.obj
 0003:00000cd8       __GUID_00000001_0000_0010_8000_00aa00389b71 000188b8     minwave.obj
 0003:00000ce8       __GUID_73647561_0000_0010_8000_00aa00389b71 000188c8     minwave.obj
 0003:00000cf8       __GUID_518590a2_a184_11d0_8522_00c04fd9baf3 000188d8     minwave.obj
 0003:00000d08       __GUID_0f6417d6_c318_11d0_a43f_00a0c9223196 000188e8     minwave.obj
 0003:00000d18       ?PDO@@3PAU_DEVICE_OBJECT@@A 000188f8     adapter.obj
 0003:00000d20       __GUID_00000000_0000_0000_0000_000000000000 00018900     adapter.obj
 0004:000000ae       _AddDevice@8               000189ce f   adapter.obj
 0004:0000036a       ?InstallSubdevice@@YGJPAU_DEVICE_OBJECT@@PAU_IRP@@PAGABU_GUID@@3P6GJPAPAUIUnknown@@3PAU4@W4_POOL_TYPE@@@Z5PAUIResourceList@@344@Z 00018c8a f   adapter.obj
 0004:0000076e       ?StartDevice@@YGJPAU_DEVICE_OBJECT@@PAU_IRP@@PAUIResourceList@@@Z 0001908e f   adapter.obj
 0004:00000f6e       ?AssignResources@@YGJPAUIResourceList@@PAPAU1@11111@Z 0001988e f   adapter.obj
 0004:000014d8       ?NewAdapterCommon@@YGJPAPAUIUnknown@@ABU_GUID@@PAU1@W4_POOL_TYPE@@@Z 00019df8 f   common.obj
 0004:000020c5       ?Init@CAdapterCommon@@UAGJPAUIResourceList@@PAU_DEVICE_OBJECT@@1@Z 0001a9e5 f   common.obj
 0004:00003962       ??1CAdapterCommon@@UAE@XZ  0001c282 f   common.obj
 0004:00003d80       ??_GHDA_Codec@@QAEPAXI@Z   0001c6a0 f i common.obj
 0004:00003e07       ?NonDelegatingQueryInterface@CAdapterCommon@@UAGJABU_GUID@@PAPAX@Z 0001c727 f   common.obj
 0004:00003f5e       ?WavePortDriverDest@CAdapterCommon@@UAGPAPAUIUnknown@@XZ 0001c87e f   common.obj
 0004:00003ffe       ?GetInterruptSync@CAdapterCommon@@UAGPAUIInterruptSync@@XZ 0001c91e f   common.obj
 0004:0000409e       ?GetDeviceDescription@CAdapterCommon@@UAGPAU_DEVICE_DESCRIPTION@@XZ 0001c9be f   common.obj
 0004:0000413e       ?MidiPortDriverDest@CAdapterCommon@@UAGPAPAUIUnknown@@XZ 0001ca5e f   common.obj
 0004:000041de       ?SetWaveServiceGroup@CAdapterCommon@@UAGXPAUIServiceGroup@@@Z 0001cafe f   common.obj
 0004:000048da       ?InitHDAController@CAdapterCommon@@QAGJXZ 0001d1fa f   common.obj
 0004:000058ca       ?TryInitializeCodecSlot@CAdapterCommon@@AAGXEKPBDPAJ@Z 0001e1ea f   common.obj
 0004:00005ab2       ?ReadRegistryBoolean@CAdapterCommon@@AAGEPBGE@Z 0001e3d2 f   common.obj
 0004:00005c98       ?CreateMiniportTopologyHDA@@YGJPAPAUIUnknown@@ABU_GUID@@PAU1@W4_POOL_TYPE@@@Z 0001e5b8 f   mintopo.obj
 0004:00005e0a       ?ProcessResources@CMiniportTopologyHDA@@AAEJPAUIResourceList@@@Z 0001e72a f   mintopo.obj
 0004:00005f9a       ?NonDelegatingQueryInterface@CMiniportTopologyHDA@@UAGJABU_GUID@@PAPAX@Z 0001e8ba f   mintopo.obj
 0004:0000614e       ??1CMiniportTopologyHDA@@UAE@XZ 0001ea6e f   mintopo.obj
 0004:00006326       ?Init@CMiniportTopologyHDA@@UAGJPAUIUnknown@@PAUIResourceList@@PAUIPortTopology@@@Z 0001ec46 f   mintopo.obj
 0004:0000653a       ?GetDescription@CMiniportTopologyHDA@@UAGJPAPAUPCFILTER_DESCRIPTOR@@@Z 0001ee5a f   mintopo.obj
 0004:00007d18       ?CreateMiniportWaveCyclicHDA@@YGJPAPAUIUnknown@@ABU_GUID@@PAU1@W4_POOL_TYPE@@@Z 00020638 f   minwave.obj
 0004:00007fd6       ?ProcessResources@CMiniportWaveCyclicHDA@@AAEJPAUIResourceList@@@Z 000208f6 f   minwave.obj
 0004:00008482       ?ValidateFormat@CMiniportWaveCyclicHDA@@AAEJPATKSDATAFORMAT@@@Z 00020da2 f   minwave.obj
 0004:000086be       ?NonDelegatingQueryInterface@CMiniportWaveCyclicHDA@@UAGJABU_GUID@@PAPAX@Z 00020fde f   minwave.obj
 0004:00008872       ??1CMiniportWaveCyclicHDA@@UAE@XZ 00021192 f   minwave.obj
 0004:00008a76       ?Init@CMiniportWaveCyclicHDA@@UAGJPAUIUnknown@@PAUIResourceList@@PAUIPortWaveCyclic@@@Z 00021396 f   minwave.obj
 0004:00008d0e       ?GetDescription@CMiniportWaveCyclicHDA@@UAGJPAPAUPCFILTER_DESCRIPTOR@@@Z 0002162e f   minwave.obj
 0004:00008efa       ?DataRangeIntersection@CMiniportWaveCyclicHDA@@UAGJKPATKSDATAFORMAT@@0KPAXPAK@Z 0002181a f   minwave.obj
 0004:000094fa       ?NewStream@CMiniportWaveCyclicHDA@@UAGJPAPAUIMiniportWaveCyclicStream@@PAUIUnknown@@W4_POOL_TYPE@@KEPATKSDATAFORMAT@@PAPAUIDmaChannel@@PAPAUIServiceGroup@@@Z 00021e1a f   minwave.obj
 0004:00009892       ?NonDelegatingQueryInterface@CMiniportWaveCyclicStreamHDA@@UAGJABU_GUID@@PAPAX@Z 000221b2 f   minwave.obj
 0004:00009a3e       ??1CMiniportWaveCyclicStreamHDA@@UAE@XZ 0002235e f   minwave.obj
 0004:00009cd0       ?Init@CMiniportWaveCyclicStreamHDA@@QAEJPAVCMiniportWaveCyclicHDA@@KEPATKSDATAFORMAT@@PAUIDmaChannel@@@Z 000225f0 f   minwave.obj
 0004:00009f72       ?SetNotificationFreq@CMiniportWaveCyclicStreamHDA@@UAGKKPAK@Z 00022892 f   minwave.obj
 0004:0000a106       ?SetFormat@CMiniportWaveCyclicStreamHDA@@UAGJPATKSDATAFORMAT@@@Z 00022a26 f   minwave.obj
 0004:0000a34e       ?SetState@CMiniportWaveCyclicStreamHDA@@UAGJW4KSSTATE@@@Z 00022c6e f   minwave.obj
 0005:0000003e       _DriverEntry@8             00022dbe f   adapter.obj
 0005:000000ac       __IMPORT_DESCRIPTOR_ntoskrnl 00022e2c     ntoskrnl:ntoskrnl.exe
 0005:000000c0       __IMPORT_DESCRIPTOR_HAL    00022e40     hal:HAL.dll
 0005:000000d4       __IMPORT_DESCRIPTOR_portcls 00022e54     portcls:portcls.sys
 0005:000000e8       __NULL_IMPORT_DESCRIPTOR   00022e68     ntoskrnl:ntoskrnl.exe

 entry point at        0005:0000003e

 Static symbols

 0004:0000668e       ?PropertyHandler_OnOff@@YGJPAU_PCPROPERTY_REQUEST@@@Z 0001efae f   mintopo.obj
 0004:00006aa6       ?PropertyHandler_SuperMixCaps@@YGJPAU_PCPROPERTY_REQUEST@@@Z 0001f3c6 f   mintopo.obj
 0004:000070b6       ?PropertyHandler_SuperMixTable@@YGJPAU_PCPROPERTY_REQUEST@@@Z 0001f9d6 f   mintopo.obj
 0004:000077e6       ?PropertyHandler_CpuResources@@YGJPAU_PCPROPERTY_REQUEST@@@Z 00020106 f   mintopo.obj
 0001:00005e2e       ?PropertyHandler_Level@@YGJPAU_PCPROPERTY_REQUEST@@@Z 0001610e f   mintopo.obj
 0004:00007a46       ?BasicSupportHandler@@YGJPAU_PCPROPERTY_REQUEST@@@Z 00020366 f   mintopo.obj
 0001:00000190       ?AllocateAlignedCommonBuffer@@YGJPAU_DMA_ADAPTER@@KKPAU_HDA_DMA_COMMON_BUFFER@@@Z 00010470 f   common.obj
 0001:00000300       ?ResetCommonBufferDescriptor@@YGXPAU_HDA_DMA_COMMON_BUFFER@@@Z 000105e0 f   common.obj
 0001:00000320       ?FreeAlignedCommonBuffer@@YGXPAU_DMA_ADAPTER@@PAU_HDA_DMA_COMMON_BUFFER@@@Z 00010600 f   common.obj

 712 bytes saved through ICF

