 HDA

 Timestamp is 6923f118 (Sun Nov 23 21:46:00 2025)

 Preferred load address is 00010000

 Start         Length     Name                   Class
 0001:00000000 0000380cH .text                   CODE
 0002:00000000 000000b8H .idata$5                DATA
 0002:000000b8 00000588H .rdata                  DATA
 0003:00000000 00000cd0H .data                   DATA
 0003:00000cd0 00000010H .bss                    DATA
 0004:00000000 0000b400H PAGE                    CODE
 0005:00000000 000000a9H INIT                    CODE
 0005:000000ac 0000003cH .idata$2                CODE
 0005:000000e8 00000014H .idata$3                CODE
 0005:000000fc 000000b8H .idata$4                CODE
 0005:000001b4 000003b4H .idata$6                CODE
 0006:00000000 00000058H .rsrc$01                DATA
 0006:00000060 00000338H .rsrc$02                DATA

  Address         Publics by Value              Rva+Base     Lib:Object

 0001:00000000       ??3@YAXPAX@Z               000102e0 f i common.obj
 0001:00000010       ??2@YGPAXIW4_POOL_TYPE@@K@Z 000102f0 f i common.obj
 0001:00000050       ??0CAdapterCommon@@QAE@PAUIUnknown@@@Z 00010330 f i common.obj
 0001:000000a0       ?QueryInterface@CAdapterCommon@@UAGJABU_GUID@@PAPAX@Z 00010380 f i common.obj
 0001:000000d0       ?GetOuterUnknown@CUnknown@@QAEPAUIUnknown@@XZ 000103b0 f i common.obj
 0001:000000f0       ?AddRef@CAdapterCommon@@UAGKXZ 000103d0 f i common.obj
 0001:00000120       ?Release@CAdapterCommon@@UAGKXZ 00010400 f i common.obj
 0001:00000150       ??_ECAdapterCommon@@UAEPAXI@Z 00010430 f i common.obj
 0001:00000150       ??_GCAdapterCommon@@UAEPAXI@Z 00010430 f i common.obj
 0001:00000190       ??0IUnknown@@QAE@XZ        00010470 f i common.obj
 0001:000001a0       _IsEqualGUIDAligned@8      00010480 f i common.obj
 0001:00000220       ?hda_check_headphone_connection_change@CAdapterCommon@@QAGXXZ 00010500 f   common.obj
 0001:000002d0       ?hda_is_supported_sample_rate@CAdapterCommon@@QAGEK@Z 000105b0 f   common.obj
 0001:0000041a       ?hda_send_verb@CAdapterCommon@@QAGKKKKK@Z 000106fa f   common.obj
 0001:00000762       ?ReadController@CAdapterCommon@@UAGEXZ 00010a42 f   common.obj
 0001:00000806       ?WriteController@CAdapterCommon@@UAGEE@Z 00010ae6 f   common.obj
 0001:0000090a       ?MixerRegWrite@CAdapterCommon@@UAGXEE@Z 00010bea f   common.obj
 0001:00000a7a       ?MixerRegRead@CAdapterCommon@@UAGEE@Z 00010d5a f   common.obj
 0001:00000b5e       ?MixerReset@CAdapterCommon@@UAGXXZ 00010e3e f   common.obj
 0001:00000c22       ?AcknowledgeIRQ@CAdapterCommon@@AAEEXZ 00010f02 f   common.obj
 0001:00000dd2       ?ResetController@CAdapterCommon@@UAGJXZ 000110b2 f   common.obj
 0001:00000e76       ?RestoreMixerSettingsFromRegistry@CAdapterCommon@@UAGJXZ 00011156 f   common.obj
 0001:000010f2       ?SaveMixerSettingsToRegistry@CAdapterCommon@@UAGJXZ 000113d2 f   common.obj
 0001:00001352       ?ProgramSampleRate@CAdapterCommon@@UAGJK@Z 00011632 f   common.obj
 0001:00001646       ?PowerChangeState@CAdapterCommon@@UAGXT_POWER_STATE@@@Z 00011926 f   common.obj
 0001:000017f6       ?QueryPowerChangeState@CAdapterCommon@@UAGJT_POWER_STATE@@@Z 00011ad6 f   common.obj
 0001:0000187a       ?QueryDeviceCapabilities@CAdapterCommon@@UAGJPAU_DEVICE_CAPABILITIES@@@Z 00011b5a f   common.obj
 0001:0000192a       ?InterruptServiceRoutine@@YGJPAUIInterruptSync@@PAX@Z 00011c0a f   common.obj
 0001:00001aa6       ?hda_stop_stream@CAdapterCommon@@UAGJXZ 00011d86 f   common.obj
 0001:00001d20       ?hda_start_sound@CAdapterCommon@@UAGXXZ 00012000 f   common.obj
 0001:00001d8a       ?hda_stop_sound@CAdapterCommon@@UAGXXZ 0001206a f   common.obj
 0001:00001e40       ?hda_get_actual_stream_position@CAdapterCommon@@UAGKXZ 00012120 f   common.obj
 0001:00001e60       ?hda_set_volume@CAdapterCommon@@QAGXK@Z 00012140 f   common.obj
 0001:00001ee0       ?readUCHAR@CAdapterCommon@@QAGEG@Z 000121c0 f   common.obj
 0001:00001f00       ?writeUCHAR@CAdapterCommon@@QAGXGE@Z 000121e0 f   common.obj
 0001:00001f30       ?readUSHORT@CAdapterCommon@@QAGGG@Z 00012210 f   common.obj
 0001:00001f50       ?writeUSHORT@CAdapterCommon@@QAGXGG@Z 00012230 f   common.obj
 0001:00001f80       ?readULONG@CAdapterCommon@@QAGKG@Z 00012260 f   common.obj
 0001:00001fa0       ?writeULONG@CAdapterCommon@@QAGXGK@Z 00012280 f   common.obj
 0001:000021de       ?hda_showtime@CAdapterCommon@@UAGJPAUIDmaChannel@@@Z 000124be f   common.obj
 0001:00002750       ?hda_return_sound_data_format@CAdapterCommon@@QAGGKKK@Z 00012a30 f   common.obj
 0001:000028c0       ?ReadWriteConfigSpace@CAdapterCommon@@AAGJPAU_DEVICE_OBJECT@@KPAXKK@Z 00012ba0 f   common.obj
 0001:000029eb       ?WriteConfigSpace@CAdapterCommon@@AAGJE@Z 00012ccb f   common.obj
 0001:00002a70       ?QueryInterface@CAdapterCommon@@W3AGJABU_GUID@@PAPAX@Z 00012d50 f i common.obj
 0001:00002a80       ?AddRef@CAdapterCommon@@W3AGKXZ 00012d60 f i common.obj
 0001:00002a90       ?Release@CAdapterCommon@@W3AGKXZ 00012d70 f i common.obj
 0001:00002aa0       ??0CMiniportTopologyHDA@@QAE@PAUIUnknown@@@Z 00012d80 f i mintopo.obj
 0001:00002ae0       ?QueryInterface@CMiniportWaveCyclicHDA@@UAGJABU_GUID@@PAPAX@Z 00012dc0 f i mintopo.obj
 0001:00002ae0       ?QueryInterface@CMiniportTopologyHDA@@UAGJABU_GUID@@PAPAX@Z 00012dc0 f i mintopo.obj
 0001:00002ae0       ?QueryInterface@CMiniportWaveCyclicStreamHDA@@UAGJABU_GUID@@PAPAX@Z 00012dc0 f i mintopo.obj
 0001:00002b10       ?DataRangeIntersection@CMiniportTopologyHDA@@UAGJKPATKSDATAFORMAT@@0KPAXPAK@Z 00012df0 f i mintopo.obj
 0001:00002b20       ??_GCMiniportTopologyHDA@@UAEPAXI@Z 00012e00 f i mintopo.obj
 0001:00002b20       ??_ECMiniportTopologyHDA@@UAEPAXI@Z 00012e00 f i mintopo.obj
 0001:000031e0       ?ReadBitsFromMixer@CMiniportTopologyHDA@@AAEEEEE@Z 000134c0 f   mintopo.obj
 0001:00003230       ?ThisManyOnes@@YGEE@Z      00013510 f i mintopo.obj
 0001:00003250       ?WriteBitsToMixer@CMiniportTopologyHDA@@AAEXEEEE@Z 00013530 f   mintopo.obj
 0001:000032f0       ??0CMiniportWaveCyclicHDA@@QAE@PAUIUnknown@@@Z 000135d0 f i minwave.obj
 0001:00003330       ?AddRef@CMiniportWaveCyclicStreamHDA@@UAGKXZ 00013610 f i minwave.obj
 0001:00003330       ?AddRef@CMiniportTopologyHDA@@UAGKXZ 00013610 f i minwave.obj
 0001:00003330       ?AddRef@CMiniportWaveCyclicHDA@@UAGKXZ 00013610 f i minwave.obj
 0001:00003360       ?Release@CMiniportTopologyHDA@@UAGKXZ 00013640 f i minwave.obj
 0001:00003360       ?Release@CMiniportWaveCyclicHDA@@UAGKXZ 00013640 f i minwave.obj
 0001:00003360       ?Release@CMiniportWaveCyclicStreamHDA@@UAGKXZ 00013640 f i minwave.obj
 0001:00003390       ??_ECMiniportWaveCyclicHDA@@UAEPAXI@Z 00013670 f i minwave.obj
 0001:00003390       ??_GCMiniportWaveCyclicHDA@@UAEPAXI@Z 00013670 f i minwave.obj
 0001:000033d0       ??0IMiniportWaveCyclic@@QAE@XZ 000136b0 f i minwave.obj
 0001:000033d0       ??0IMiniportTopology@@QAE@XZ 000136b0 f i minwave.obj
 0001:000033f0       ??2@YGPAXIW4_POOL_TYPE@@@Z 000136d0 f i minwave.obj
 0001:00003440       ??0CMiniportWaveCyclicStreamHDA@@QAE@PAUIUnknown@@@Z 00013720 f i minwave.obj
 0001:00003480       ??_ECMiniportWaveCyclicStreamHDA@@UAEPAXI@Z 00013760 f i minwave.obj
 0001:00003480       ??_GCMiniportWaveCyclicStreamHDA@@UAEPAXI@Z 00013760 f i minwave.obj
 0001:000034c0       ??0IMiniportWaveCyclicStream@@QAE@XZ 000137a0 f i minwave.obj
 0001:000034c0       ??0IAdapterPowerManagement@@QAE@XZ 000137a0 f i minwave.obj
 0001:000034c0       ??0IAdapterCommon@@QAE@XZ  000137a0 f i minwave.obj
 0001:000034c0       ??0IMiniport@@QAE@XZ       000137a0 f i minwave.obj
 0001:000034f9       ?GetPosition@CMiniportWaveCyclicStreamHDA@@UAGJPAK@Z 000137d9 f   minwave.obj
 0001:000035ee       ?NormalizePhysicalPosition@CMiniportWaveCyclicStreamHDA@@UAGJPA_J@Z 000138ce f   minwave.obj
 0001:00003690       ?Silence@CMiniportWaveCyclicStreamHDA@@UAGXPAXK@Z 00013970 f   minwave.obj
 0001:000036ce       _DbgPrint                  000139ae f   ntoskrnl:ntoskrnl.exe
 0001:000036d4       _DbgBreakPoint@0           000139b4 f   ntoskrnl:ntoskrnl.exe
 0001:000036da       __alldiv                   000139ba f   ntoskrnl:ntoskrnl.exe
 0001:000036e0       __allmul                   000139c0 f   ntoskrnl:ntoskrnl.exe
 0001:000036e6       _PcInitializeAdapterDriver@12 000139c6 f   portcls:portcls.sys
 0001:000036ec       _PcAddAdapterDevice@20     000139cc f   portcls:portcls.sys
 0001:000036f2       _PcRegisterSubdevice@12    000139d2 f   portcls:portcls.sys
 0001:000036f8       _PcNewMiniport@8           000139d8 f   portcls:portcls.sys
 0001:000036fe       _PcNewPort@8               000139de f   portcls:portcls.sys
 0001:00003704       _PcRegisterPhysicalConnection@20 000139e4 f   portcls:portcls.sys
 0001:0000370a       _PcRegisterAdapterPowerManagement@8 000139ea f   portcls:portcls.sys
 0001:00003710       _PcNewResourceSublist@20   000139f0 f   portcls:portcls.sys
 0001:00003716       _PcNewInterruptSync@20     000139f6 f   portcls:portcls.sys
 0001:0000371c       _PcNewRegistryKey@36       000139fc f   portcls:portcls.sys
 0001:00003722       _PcNewServiceGroup@8       00013a02 f   portcls:portcls.sys
 0001:00003728       ??0CUnknown@@QAE@PAUIUnknown@@@Z 00013a08 f   stdunk:stdunk.obj
 0001:00003747       ??_GCUnknown@@UAEPAXI@Z    00013a27 f i stdunk:stdunk.obj
 0001:00003747       ??_ECUnknown@@UAEPAXI@Z    00013a27 f i stdunk:stdunk.obj
 0001:00003763       ??1CUnknown@@UAE@XZ        00013a43 f   stdunk:stdunk.obj
 0001:0000376a       ?NonDelegatingAddRef@CUnknown@@UAGKXZ 00013a4a f   stdunk:stdunk.obj
 0001:00003780       ?NonDelegatingRelease@CUnknown@@UAGKXZ 00013a60 f   stdunk:stdunk.obj
 0001:000037af       ?NonDelegatingQueryInterface@CUnknown@@UAGJABU_GUID@@PAPAX@Z 00013a8f f   stdunk:stdunk.obj
 0002:00000000       __imp_@KfAcquireSpinLock@4 00013b00     hal:HAL.dll
 0002:00000004       __imp_@KfReleaseSpinLock@8 00013b04     hal:HAL.dll
 0002:00000008       __imp__KeStallExecutionProcessor@4 00013b08     hal:HAL.dll
 0002:0000000c       __imp__KeGetCurrentIrql@0  00013b0c     hal:HAL.dll
 0002:00000010       \177HAL_NULL_THUNK_DATA    00013b10     hal:HAL.dll
 0002:00000014       __imp__MmMapIoSpace@16     00013b14     ntoskrnl:ntoskrnl.exe
 0002:00000018       __imp__KeInitializeSpinLock@4 00013b18     ntoskrnl:ntoskrnl.exe
 0002:0000001c       __imp__MmUnmapIoSpace@8    00013b1c     ntoskrnl:ntoskrnl.exe
 0002:00000020       __imp__IoGetDmaAdapter@12  00013b20     ntoskrnl:ntoskrnl.exe
 0002:00000024       __imp__READ_REGISTER_ULONG@4 00013b24     ntoskrnl:ntoskrnl.exe
 0002:00000028       __imp__WRITE_REGISTER_ULONG@8 00013b28     ntoskrnl:ntoskrnl.exe
 0002:0000002c       __imp__RtlInitUnicodeString@8 00013b2c     ntoskrnl:ntoskrnl.exe
 0002:00000030       __imp__READ_REGISTER_UCHAR@4 00013b30     ntoskrnl:ntoskrnl.exe
 0002:00000034       __imp__WRITE_REGISTER_UCHAR@8 00013b34     ntoskrnl:ntoskrnl.exe
 0002:00000038       __imp__READ_REGISTER_USHORT@4 00013b38     ntoskrnl:ntoskrnl.exe
 0002:0000003c       __imp__ExFreePool@4        00013b3c     ntoskrnl:ntoskrnl.exe
 0002:00000040       __imp__ExAllocatePoolWithTag@12 00013b40     ntoskrnl:ntoskrnl.exe
 0002:00000044       __imp__KeWaitForSingleObject@20 00013b44     ntoskrnl:ntoskrnl.exe
 0002:00000048       __imp_@IofCallDriver@8     00013b48     ntoskrnl:ntoskrnl.exe
 0002:0000004c       __imp__IoBuildSynchronousFsdRequest@28 00013b4c     ntoskrnl:ntoskrnl.exe
 0002:00000050       __imp__IoGetAttachedDeviceReference@4 00013b50     ntoskrnl:ntoskrnl.exe
 0002:00000054       __imp__KeInitializeEvent@12 00013b54     ntoskrnl:ntoskrnl.exe
 0002:00000058       __imp__KeInitializeMutex@8 00013b58     ntoskrnl:ntoskrnl.exe
 0002:0000005c       __imp__RtlAssert@16        00013b5c     ntoskrnl:ntoskrnl.exe
 0002:00000060       __imp___alldiv             00013b60     ntoskrnl:ntoskrnl.exe
 0002:00000064       __imp___allmul             00013b64     ntoskrnl:ntoskrnl.exe
 0002:00000068       __imp__DbgBreakPoint@0     00013b68     ntoskrnl:ntoskrnl.exe
 0002:0000006c       __imp__DbgPrint            00013b6c     ntoskrnl:ntoskrnl.exe
 0002:00000070       __imp_@ObfDereferenceObject@4 00013b70     ntoskrnl:ntoskrnl.exe
 0002:00000074       __imp__WRITE_REGISTER_USHORT@8 00013b74     ntoskrnl:ntoskrnl.exe
 0002:00000078       __imp__KeReleaseMutex@8    00013b78     ntoskrnl:ntoskrnl.exe
 0002:0000007c       __imp_@InterlockedDecrement@4 00013b7c     ntoskrnl:ntoskrnl.exe
 0002:00000080       __imp_@InterlockedIncrement@4 00013b80     ntoskrnl:ntoskrnl.exe
 0002:00000084       \177ntoskrnl_NULL_THUNK_DATA 00013b84     ntoskrnl:ntoskrnl.exe
 0002:00000088       __imp__PcInitializeAdapterDriver@12 00013b88     portcls:portcls.sys
 0002:0000008c       __imp__PcNewMiniport@8     00013b8c     portcls:portcls.sys
 0002:00000090       __imp__PcNewPort@8         00013b90     portcls:portcls.sys
 0002:00000094       __imp__PcRegisterPhysicalConnection@20 00013b94     portcls:portcls.sys
 0002:00000098       __imp__PcAddAdapterDevice@20 00013b98     portcls:portcls.sys
 0002:0000009c       __imp__PcRegisterSubdevice@12 00013b9c     portcls:portcls.sys
 0002:000000a0       __imp__PcNewInterruptSync@20 00013ba0     portcls:portcls.sys
 0002:000000a4       __imp__PcNewRegistryKey@36 00013ba4     portcls:portcls.sys
 0002:000000a8       __imp__PcNewServiceGroup@8 00013ba8     portcls:portcls.sys
 0002:000000ac       __imp__PcRegisterAdapterPowerManagement@8 00013bac     portcls:portcls.sys
 0002:000000b0       __imp__PcNewResourceSublist@20 00013bb0     portcls:portcls.sys
 0002:000000b4       \177portcls_NULL_THUNK_DATA 00013bb4     portcls:portcls.sys
 0002:00000130       _IID_IAdapterCommon        00013c30     adapter.obj
 0002:00000140       _CLSID_MiniportDriverFmSynth 00013c40     adapter.obj
 0002:00000150       _CLSID_PortWaveCyclic      00013c50     adapter.obj
 0002:00000160       _CLSID_PortTopology        00013c60     adapter.obj
 0002:00000170       _CLSID_PortMidi            00013c70     adapter.obj
 0002:00000180       _IID_IAdapterPowerManagment 00013c80     adapter.obj
 0002:00000190       _IID_IMiniportWaveCyclicStream 00013c90     adapter.obj
 0002:000001a0       _IID_IMiniportWaveCyclic   00013ca0     adapter.obj
 0002:000001b0       _IID_IPortWaveCyclic       00013cb0     adapter.obj
 0002:000001c0       _IID_IMiniportTopology     00013cc0     adapter.obj
 0002:000001d0       _IID_IMiniport             00013cd0     adapter.obj
 0002:000001e0       _IID_IUnknown              00013ce0     adapter.obj
 0002:000001f0       ??_C@_1BE@ENEK@?$AAR?$AAi?$AAg?$AAh?$AAt?$AAB?$AAa?$AAs?$AAs?$AA?$AA@ 00013cf0     common.obj
 0002:00000204       ??_C@_1BC@JMJO@?$AAL?$AAe?$AAf?$AAt?$AAB?$AAa?$AAs?$AAs?$AA?$AA@ 00013d04     common.obj
 0002:00000218       ??_C@_1BI@KGAJ@?$AAR?$AAi?$AAg?$AAh?$AAt?$AAT?$AAr?$AAe?$AAb?$AAl?$AAe?$AA?$AA@ 00013d18     common.obj
 0002:00000230       ??_C@_1BG@BGGD@?$AAL?$AAe?$AAf?$AAt?$AAT?$AAr?$AAe?$AAb?$AAl?$AAe?$AA?$AA@ 00013d30     common.obj
 0002:00000248       ??_C@_1O@IECC@?$AAM?$AAi?$AAc?$AAA?$AAG?$AAC?$AA?$AA@ 00013d48     common.obj
 0002:00000258       ??_C@_1CA@EJHI@?$AAR?$AAi?$AAg?$AAh?$AAt?$AAO?$AAu?$AAt?$AAp?$AAu?$AAt?$AAG?$AAa?$AAi?$AAn?$AA?$AA@ 00013d58     common.obj
 0002:00000278       ??_C@_1BO@PPLI@?$AAL?$AAe?$AAf?$AAt?$AAO?$AAu?$AAt?$AAp?$AAu?$AAt?$AAG?$AAa?$AAi?$AAn?$AA?$AA@ 00013d78     common.obj
 0002:00000298       ??_C@_1BO@PMCJ@?$AAR?$AAi?$AAg?$AAh?$AAt?$AAI?$AAn?$AAp?$AAu?$AAt?$AAG?$AAa?$AAi?$AAn?$AA?$AA@ 00013d98     common.obj
 0002:000002b8       ??_C@_1BM@CFEM@?$AAL?$AAe?$AAf?$AAt?$AAI?$AAn?$AAp?$AAu?$AAt?$AAG?$AAa?$AAi?$AAn?$AA?$AA@ 00013db8     common.obj
 0002:000002d4       ??_C@_1CA@CIKM@?$AAR?$AAi?$AAg?$AAh?$AAt?$AAI?$AAn?$AAp?$AAu?$AAt?$AAM?$AAi?$AAx?$AAe?$AAr?$AA?$AA@ 00013dd4     common.obj
 0002:000002f4       ??_C@_1BO@JOGM@?$AAL?$AAe?$AAf?$AAt?$AAI?$AAn?$AAp?$AAu?$AAt?$AAM?$AAi?$AAx?$AAe?$AAr?$AA?$AA@ 00013df4     common.obj
 0002:00000314       ??_C@_1BI@BMOJ@?$AAO?$AAu?$AAt?$AAp?$AAu?$AAt?$AAM?$AAi?$AAx?$AAe?$AAr?$AA?$AA@ 00013e14     common.obj
 0002:0000032c       ??_C@_1BE@GLOL@?$AAP?$AAc?$AAS?$AAp?$AAk?$AAr?$AAV?$AAo?$AAl?$AA?$AA@ 00013e2c     common.obj
 0002:00000340       ??_C@_1O@MNBB@?$AAM?$AAi?$AAc?$AAV?$AAo?$AAl?$AA?$AA@ 00013e40     common.obj
 0002:00000350       ??_C@_1BO@HCKE@?$AAR?$AAi?$AAg?$AAh?$AAt?$AAL?$AAi?$AAn?$AAe?$AAI?$AAn?$AAV?$AAo?$AAl?$AA?$AA@ 00013e50     common.obj
 0002:00000370       ??_C@_1BM@KLMB@?$AAL?$AAe?$AAf?$AAt?$AAL?$AAi?$AAn?$AAe?$AAI?$AAn?$AAV?$AAo?$AAl?$AA?$AA@ 00013e70     common.obj
 0002:0000038c       ??_C@_1BG@COJL@?$AAR?$AAi?$AAg?$AAh?$AAt?$AAC?$AAD?$AAV?$AAo?$AAl?$AA?$AA@ 00013e8c     common.obj
 0002:000003a4       ??_C@_1BE@KMKA@?$AAL?$AAe?$AAf?$AAt?$AAC?$AAD?$AAV?$AAo?$AAl?$AA?$AA@ 00013ea4     common.obj
 0002:000003b8       ??_C@_1BK@JCIM@?$AAR?$AAi?$AAg?$AAh?$AAt?$AAM?$AAi?$AAd?$AAi?$AAV?$AAo?$AAl?$AA?$AA@ 00013eb8     common.obj
 0002:000003d4       ??_C@_1BI@KBIJ@?$AAL?$AAe?$AAf?$AAt?$AAM?$AAi?$AAd?$AAi?$AAV?$AAo?$AAl?$AA?$AA@ 00013ed4     common.obj
 0002:000003ec       ??_C@_1BK@MFCG@?$AAR?$AAi?$AAg?$AAh?$AAt?$AAW?$AAa?$AAv?$AAe?$AAV?$AAo?$AAl?$AA?$AA@ 00013eec     common.obj
 0002:00000408       ??_C@_1BI@PGCD@?$AAL?$AAe?$AAf?$AAt?$AAW?$AAa?$AAv?$AAe?$AAV?$AAo?$AAl?$AA?$AA@ 00013f08     common.obj
 0002:00000420       ??_C@_1BO@NHA@?$AAR?$AAi?$AAg?$AAh?$AAt?$AAM?$AAa?$AAs?$AAt?$AAe?$AAr?$AAV?$AAo?$AAl?$AA?$AA@ 00013f20     common.obj
 0002:00000440       ??_C@_1BM@NEBF@?$AAL?$AAe?$AAf?$AAt?$AAM?$AAa?$AAs?$AAt?$AAe?$AAr?$AAV?$AAo?$AAl?$AA?$AA@ 00013f40     common.obj
 0002:0000045c       ??_7CAdapterCommon@@6BCUnknown@@@ 00013f5c     common.obj
 0002:0000046c       ??_7CAdapterCommon@@6BIAdapterPowerManagement@@@ 00013f6c     common.obj
 0002:00000484       ??_7CAdapterCommon@@6BIAdapterCommon@@@ 00013f84     common.obj
 0002:000005a8       ??_7CMiniportTopologyHDA@@6BCUnknown@@@ 000140a8     mintopo.obj
 0002:000005b8       ??_7CMiniportTopologyHDA@@6BIMiniportTopology@@@ 000140b8     mintopo.obj
 0002:000005d0       ??_7CMiniportWaveCyclicHDA@@6BCUnknown@@@ 000140d0     minwave.obj
 0002:000005e0       ??_7CMiniportWaveCyclicHDA@@6BIMiniportWaveCyclic@@@ 000140e0     minwave.obj
 0002:000005fc       ??_7CMiniportWaveCyclicStreamHDA@@6BCUnknown@@@ 000140fc     minwave.obj
 0002:0000060c       ??_7CMiniportWaveCyclicStreamHDA@@6BIMiniportWaveCyclicStream@@@ 0001410c     minwave.obj
 0002:00000630       ??_7CUnknown@@6B@          00014130     stdunk:stdunk.obj
 0003:00000000       ?ulDebugOut@@3KA           00014140     adapter.obj
 0003:00000008       __GUID_b7902fe9_fb0a_11d1_81b0_0060083316c1 00014148     adapter.obj
 0003:00000018       __GUID_d3f0ce1c_fffc_11d1_81b0_0060083316c1 00014158     adapter.obj
 0003:00000028       __GUID_c096df9c_fb09_11d1_81b0_0060083316c1 00014168     adapter.obj
 0003:000000f8       ?audBufSize@@3KA           00014238     common.obj
 0003:000000fc       ?BdlSize@@3KA              0001423c     common.obj
 0003:000007f8       __GUID_185fedf6_9905_11d1_95a9_00c04fb925d3 00014938     mintopo.obj
 0003:00000808       __GUID_185fedef_9905_11d1_95a9_00c04fb925d3 00014948     mintopo.obj
 0003:00000818       __GUID_185fede1_9905_11d1_95a9_00c04fb925d3 00014958     mintopo.obj
 0003:00000828       __GUID_185fede0_9905_11d1_95a9_00c04fb925d3 00014968     mintopo.obj
 0003:00000838       __GUID_7607e580_c557_11d0_8a2b_00a0c9255ac1 00014978     mintopo.obj
 0003:00000848       __GUID_185fede3_9905_11d1_95a9_00c04fb925d3 00014988     mintopo.obj
 0003:00000858       __GUID_da441a60_c556_11d0_8a2b_00a0c9255ac1 00014998     mintopo.obj
 0003:00000868       __GUID_185fedee_9905_11d1_95a9_00c04fb925d3 000149a8     mintopo.obj
 0003:00000878       __GUID_02b223c0_c557_11d0_8a2b_00a0c9255ac1 000149b8     mintopo.obj
 0003:00000888       __GUID_185feded_9905_11d1_95a9_00c04fb925d3 000149c8     mintopo.obj
 0003:00000898       __GUID_e88c9ba0_c557_11d0_8a2b_00a0c9255ac1 000149d8     mintopo.obj
 0003:000008a8       __GUID_185fedec_9905_11d1_95a9_00c04fb925d3 000149e8     mintopo.obj
 0003:000008b8       __GUID_185fedeb_9905_11d1_95a9_00c04fb925d3 000149f8     mintopo.obj
 0003:000008c8       __GUID_185fedea_9905_11d1_95a9_00c04fb925d3 00014a08     mintopo.obj
 0003:000008d8       __GUID_185fede9_9905_11d1_95a9_00c04fb925d3 00014a18     mintopo.obj
 0003:000008e8       __GUID_185fede8_9905_11d1_95a9_00c04fb925d3 00014a28     mintopo.obj
 0003:000008f8       __GUID_e573adc0_c555_11d0_8a2b_00a0c9255ac1 00014a38     mintopo.obj
 0003:00000908       __GUID_185fede7_9905_11d1_95a9_00c04fb925d3 00014a48     mintopo.obj
 0003:00000918       __GUID_185fede5_9905_11d1_95a9_00c04fb925d3 00014a58     mintopo.obj
 0003:00000928       __GUID_3a5acc00_c557_11d0_8a2b_00a0c9255ac1 00014a68     mintopo.obj
 0003:00000938       __GUID_45ffaaa0_6e1b_11d0_bcf2_444553540000 00014a78     mintopo.obj
 0003:00000948       __GUID_6994ad04_93ef_11d0_a3cc_00a0c9223196 00014a88     mintopo.obj
 0003:00000958       __GUID_185fedf7_9905_11d1_95a9_00c04fb925d3 00014a98     mintopo.obj
 0003:00000968       __GUID_dff21ce1_f70f_11d0_b917_00a0c9223196 00014aa8     mintopo.obj
 0003:00000978       __GUID_dff21be1_f70f_11d0_b917_00a0c9223196 00014ab8     mintopo.obj
 0003:00000988       __GUID_185fedf9_9905_11d1_95a9_00c04fb925d3 00014ac8     mintopo.obj
 0003:00000998       __GUID_dff21fe3_f70f_11d0_b917_00a0c9223196 00014ad8     mintopo.obj
 0003:000009a8       __GUID_185fedfb_9905_11d1_95a9_00c04fb925d3 00014ae8     mintopo.obj
 0003:000009b8       __GUID_dff220e3_f70f_11d0_b917_00a0c9223196 00014af8     mintopo.obj
 0003:000009c8       __GUID_185fedf8_9905_11d1_95a9_00c04fb925d3 00014b08     mintopo.obj
 0003:000009d8       __GUID_dff220f3_f70f_11d0_b917_00a0c9223196 00014b18     mintopo.obj
 0003:000009e8       __GUID_dff21fe4_f70f_11d0_b917_00a0c9223196 00014b28     mintopo.obj
 0003:000009f8       __GUID_97e99ba0_bdea_11cf_a5d6_28db04c10000 00014b38     mintopo.obj
 0003:00000c40       __GUID_507ae360_c554_11d0_8a2b_00a0c9255ac1 00014d80     minwave.obj
 0003:00000c50       __GUID_4d837fe0_c555_11d0_8a2b_00a0c9255ac1 00014d90     minwave.obj
 0003:00000c60       __GUID_185fedfa_9905_11d1_95a9_00c04fb925d3 00014da0     minwave.obj
 0003:00000c70       __GUID_fb6c4281_0353_11d1_905f_0000c0cc16ba 00014db0     minwave.obj
 0003:00000c80       __GUID_05589f81_c356_11ce_bf01_00aa0055595a 00014dc0     minwave.obj
 0003:00000c90       __GUID_00000001_0000_0010_8000_00aa00389b71 00014dd0     minwave.obj
 0003:00000ca0       __GUID_73647561_0000_0010_8000_00aa00389b71 00014de0     minwave.obj
 0003:00000cb0       __GUID_518590a2_a184_11d0_8522_00c04fd9baf3 00014df0     minwave.obj
 0003:00000cc0       __GUID_0f6417d6_c318_11d0_a43f_00a0c9223196 00014e00     minwave.obj
 0003:00000cd0       __GUID_00000000_0000_0000_0000_000000000000 00014e10     adapter.obj
 0004:0000003e       _AddDevice@8               00014e5e f   adapter.obj
 0004:0000026a       ?InstallSubdevice@@YGJPAU_DEVICE_OBJECT@@PAU_IRP@@PAGABU_GUID@@3P6GJPAPAUIUnknown@@3PAU4@W4_POOL_TYPE@@@Z5PAUIResourceList@@344@Z 0001508a f   adapter.obj
 0004:0000066e       ?StartDevice@@YGJPAU_DEVICE_OBJECT@@PAU_IRP@@PAUIResourceList@@@Z 0001548e f   adapter.obj
 0004:00000e6e       ?AssignResources@@YGJPAUIResourceList@@PAPAU1@11111@Z 00015c8e f   adapter.obj
 0004:000014d8       ?NewAdapterCommon@@YGJPAPAUIUnknown@@ABU_GUID@@PAU1@W4_POOL_TYPE@@@Z 000162f8 f   common.obj
 0004:00001e51       ?Init@CAdapterCommon@@UAGJPAUIResourceList@@PAU_DEVICE_OBJECT@@@Z 00016c71 f   common.obj
 0004:00003062       ??1CAdapterCommon@@UAE@XZ  00017e82 f   common.obj
 0004:000034c7       ?NonDelegatingQueryInterface@CAdapterCommon@@UAGJABU_GUID@@PAPAX@Z 000182e7 f   common.obj
 0004:0000361e       ?WavePortDriverDest@CAdapterCommon@@UAGPAPAUIUnknown@@XZ 0001843e f   common.obj
 0004:000036be       ?GetInterruptSync@CAdapterCommon@@UAGPAUIInterruptSync@@XZ 000184de f   common.obj
 0004:0000375e       ?MidiPortDriverDest@CAdapterCommon@@UAGPAPAUIUnknown@@XZ 0001857e f   common.obj
 0004:000037fe       ?SetWaveServiceGroup@CAdapterCommon@@UAGXPAUIServiceGroup@@@Z 0001861e f   common.obj
 0004:00003da6       ?InitHDA@CAdapterCommon@@QAGJXZ 00018bc6 f   common.obj
 0004:00004ad6       ?InitializeCodec@CAdapterCommon@@QAGJE@Z 000198f6 f   common.obj
 0004:000050eb       ?hda_initialize_audio_function_group@CAdapterCommon@@QAGXKK@Z 00019f0b f   common.obj
 0004:00005a7e       ?hda_get_node_type@CAdapterCommon@@QAGEKK@Z 0001a89e f   common.obj
 0004:00005b2e       ?hda_get_node_connection_entries@CAdapterCommon@@QAGKKKK@Z 0001a94e f   common.obj
 0004:00005c7e       ?hda_set_node_gain@CAdapterCommon@@QAGXKKKKK@Z 0001aa9e f   common.obj
 0004:00005d60       ?hda_enable_pin_output@CAdapterCommon@@QAGXKK@Z 0001ab80 f   common.obj
 0004:00005da0       ?hda_disable_pin_output@CAdapterCommon@@QAGXKK@Z 0001abc0 f   common.obj
 0004:00005de0       ?hda_is_headphone_connected@CAdapterCommon@@QAGHXZ 0001ac00 f   common.obj
 0004:00005ede       ?hda_initialize_output_pin@CAdapterCommon@@QAGXK@Z 0001acfe f   common.obj
 0004:000062d2       ?hda_initalize_audio_output@CAdapterCommon@@QAGXK@Z 0001b0f2 f   common.obj
 0004:000066ca       ?hda_initalize_audio_mixer@CAdapterCommon@@QAGXK@Z 0001b4ea f   common.obj
 0004:000069e2       ?hda_initalize_audio_selector@CAdapterCommon@@QAGXK@Z 0001b802 f   common.obj
 0004:00006cc8       ?CreateMiniportTopologyHDA@@YGJPAPAUIUnknown@@ABU_GUID@@PAU1@W4_POOL_TYPE@@@Z 0001bae8 f   mintopo.obj
 0004:00006e3a       ?ProcessResources@CMiniportTopologyHDA@@AAEJPAUIResourceList@@@Z 0001bc5a f   mintopo.obj
 0004:00006fca       ?NonDelegatingQueryInterface@CMiniportTopologyHDA@@UAGJABU_GUID@@PAPAX@Z 0001bdea f   mintopo.obj
 0004:0000717e       ??1CMiniportTopologyHDA@@UAE@XZ 0001bf9e f   mintopo.obj
 0004:00007356       ?Init@CMiniportTopologyHDA@@UAGJPAUIUnknown@@PAUIResourceList@@PAUIPortTopology@@@Z 0001c176 f   mintopo.obj
 0004:0000756a       ?GetDescription@CMiniportTopologyHDA@@UAGJPAPAUPCFILTER_DESCRIPTOR@@@Z 0001c38a f   mintopo.obj
 0004:00008d48       ?CreateMiniportWaveCyclicHDA@@YGJPAPAUIUnknown@@ABU_GUID@@PAU1@W4_POOL_TYPE@@@Z 0001db68 f   minwave.obj
 0004:00009016       ?ProcessResources@CMiniportWaveCyclicHDA@@AAEJPAUIResourceList@@@Z 0001de36 f   minwave.obj
 0004:00009482       ?ValidateFormat@CMiniportWaveCyclicHDA@@AAEJPATKSDATAFORMAT@@@Z 0001e2a2 f   minwave.obj
 0004:000096ae       ?NonDelegatingQueryInterface@CMiniportWaveCyclicHDA@@UAGJABU_GUID@@PAPAX@Z 0001e4ce f   minwave.obj
 0004:00009862       ??1CMiniportWaveCyclicHDA@@UAE@XZ 0001e682 f   minwave.obj
 0004:00009a66       ?Init@CMiniportWaveCyclicHDA@@UAGJPAUIUnknown@@PAUIResourceList@@PAUIPortWaveCyclic@@@Z 0001e886 f   minwave.obj
 0004:00009cfe       ?GetDescription@CMiniportWaveCyclicHDA@@UAGJPAPAUPCFILTER_DESCRIPTOR@@@Z 0001eb1e f   minwave.obj
 0004:00009eea       ?DataRangeIntersection@CMiniportWaveCyclicHDA@@UAGJKPATKSDATAFORMAT@@0KPAXPAK@Z 0001ed0a f   minwave.obj
 0004:0000a4ea       ?NewStream@CMiniportWaveCyclicHDA@@UAGJPAPAUIMiniportWaveCyclicStream@@PAUIUnknown@@W4_POOL_TYPE@@KEPATKSDATAFORMAT@@PAPAUIDmaChannel@@PAPAUIServiceGroup@@@Z 0001f30a f   minwave.obj
 0004:0000a882       ?NonDelegatingQueryInterface@CMiniportWaveCyclicStreamHDA@@UAGJABU_GUID@@PAPAX@Z 0001f6a2 f   minwave.obj
 0004:0000aa2e       ??1CMiniportWaveCyclicStreamHDA@@UAE@XZ 0001f84e f   minwave.obj
 0004:0000aca0       ?Init@CMiniportWaveCyclicStreamHDA@@QAEJPAVCMiniportWaveCyclicHDA@@KEPATKSDATAFORMAT@@PAUIDmaChannel@@@Z 0001fac0 f   minwave.obj
 0004:0000af12       ?SetNotificationFreq@CMiniportWaveCyclicStreamHDA@@UAGKKPAK@Z 0001fd32 f   minwave.obj
 0004:0000b0a6       ?SetFormat@CMiniportWaveCyclicStreamHDA@@UAGJPATKSDATAFORMAT@@@Z 0001fec6 f   minwave.obj
 0004:0000b2ee       ?SetState@CMiniportWaveCyclicStreamHDA@@UAGJW4KSSTATE@@@Z 0002010e f   minwave.obj
 0005:0000003e       _DriverEntry@8             0002025e f   adapter.obj
 0005:000000ac       __IMPORT_DESCRIPTOR_ntoskrnl 000202cc     ntoskrnl:ntoskrnl.exe
 0005:000000c0       __IMPORT_DESCRIPTOR_HAL    000202e0     hal:HAL.dll
 0005:000000d4       __IMPORT_DESCRIPTOR_portcls 000202f4     portcls:portcls.sys
 0005:000000e8       __NULL_IMPORT_DESCRIPTOR   00020308     ntoskrnl:ntoskrnl.exe

 entry point at        0005:0000003e

 Static symbols

 0004:000076be       ?PropertyHandler_OnOff@@YGJPAU_PCPROPERTY_REQUEST@@@Z 0001c4de f   mintopo.obj
 0004:00007ad6       ?PropertyHandler_SuperMixCaps@@YGJPAU_PCPROPERTY_REQUEST@@@Z 0001c8f6 f   mintopo.obj
 0004:000080e6       ?PropertyHandler_SuperMixTable@@YGJPAU_PCPROPERTY_REQUEST@@@Z 0001cf06 f   mintopo.obj
 0004:00008816       ?PropertyHandler_CpuResources@@YGJPAU_PCPROPERTY_REQUEST@@@Z 0001d636 f   mintopo.obj
 0001:00002bbe       ?PropertyHandler_Level@@YGJPAU_PCPROPERTY_REQUEST@@@Z 00012e9e f   mintopo.obj
 0004:00008a76       ?BasicSupportHandler@@YGJPAU_PCPROPERTY_REQUEST@@@Z 0001d896 f   mintopo.obj

 318 bytes saved through ICF

