 HDA

 Timestamp is 693b23b1 (Thu Dec 11 12:04:01 2025)

 Preferred load address is 00010000

 Start         Length     Name                   Class
 0001:00000000 00003a77H .text                   CODE
 0002:00000000 000000b8H .idata$5                DATA
 0002:000000b8 000005c3H .rdata                  DATA
 0003:00000000 00000cd0H .data                   DATA
 0003:00000cd0 00000010H .bss                    DATA
 0004:00000000 0000b740H PAGE                    CODE
 0005:00000000 000000a9H INIT                    CODE
 0005:000000ac 0000003cH .idata$2                CODE
 0005:000000e8 00000014H .idata$3                CODE
 0005:000000fc 000000b8H .idata$4                CODE
 0005:000001b4 000003b4H .idata$6                CODE
 0006:00000000 00000058H .rsrc$01                DATA
 0006:00000060 00000338H .rsrc$02                DATA

  Address         Publics by Value              Rva+Base     Lib:Object

 0001:00000000       ??3@YAXPAX@Z               000102e0 f i common.obj
 0001:00000010       ??2@YGPAXIW4_POOL_TYPE@@K@Z 000102f0 f i common.obj
 0001:00000050       ??0CAdapterCommon@@QAE@PAUIUnknown@@@Z 00010330 f i common.obj
 0001:000000a0       ?QueryInterface@CAdapterCommon@@UAGJABU_GUID@@PAPAX@Z 00010380 f i common.obj
 0001:000000d0       ?GetOuterUnknown@CUnknown@@QAEPAUIUnknown@@XZ 000103b0 f i common.obj
 0001:000000f0       ?AddRef@CAdapterCommon@@UAGKXZ 000103d0 f i common.obj
 0001:00000120       ?Release@CAdapterCommon@@UAGKXZ 00010400 f i common.obj
 0001:00000150       ??_ECAdapterCommon@@UAEPAXI@Z 00010430 f i common.obj
 0001:00000150       ??_GCAdapterCommon@@UAEPAXI@Z 00010430 f i common.obj
 0001:00000190       _IsEqualGUIDAligned@8      00010470 f i common.obj
 0001:00000210       ?hda_check_headphone_connection_change@CAdapterCommon@@QAGXXZ 000104f0 f   common.obj
 0001:000002c0       ?hda_is_supported_sample_rate@CAdapterCommon@@QAGEK@Z 000105a0 f   common.obj
 0001:000003d6       ?hda_send_verb@CAdapterCommon@@QAGKKKKK@Z 000106b6 f   common.obj
 0001:000006d2       ?ReadController@CAdapterCommon@@UAGEXZ 000109b2 f   common.obj
 0001:00000776       ?WriteController@CAdapterCommon@@UAGEE@Z 00010a56 f   common.obj
 0001:00000882       ?MixerRegWrite@CAdapterCommon@@UAGXEE@Z 00010b62 f   common.obj
 0001:00000a1a       ?MixerRegRead@CAdapterCommon@@UAGEE@Z 00010cfa f   common.obj
 0001:00000afe       ?MixerReset@CAdapterCommon@@UAGXXZ 00010dde f   common.obj
 0001:00000bd2       ?AcknowledgeIRQ@CAdapterCommon@@AAEEXZ 00010eb2 f   common.obj
 0001:00000d82       ?ResetController@CAdapterCommon@@UAGJXZ 00011062 f   common.obj
 0001:00000e26       ?RestoreMixerSettingsFromRegistry@CAdapterCommon@@UAGJXZ 00011106 f   common.obj
 0001:000010a2       ?SaveMixerSettingsToRegistry@CAdapterCommon@@UAGJXZ 00011382 f   common.obj
 0001:00001342       ?ProgramSampleRate@CAdapterCommon@@UAGJK@Z 00011622 f   common.obj
 0001:00001636       ?PowerChangeState@CAdapterCommon@@UAGXT_POWER_STATE@@@Z 00011916 f   common.obj
 0001:00001826       ?QueryPowerChangeState@CAdapterCommon@@UAGJT_POWER_STATE@@@Z 00011b06 f   common.obj
 0001:000018aa       ?QueryDeviceCapabilities@CAdapterCommon@@UAGJPAU_DEVICE_CAPABILITIES@@@Z 00011b8a f   common.obj
 0001:0000195a       ?InterruptServiceRoutine@@YGJPAUIInterruptSync@@PAX@Z 00011c3a f   common.obj
 0001:00001ad6       ?hda_stop_stream@CAdapterCommon@@UAGJXZ 00011db6 f   common.obj
 0001:00001d50       ?hda_start_sound@CAdapterCommon@@UAGXXZ 00012030 f   common.obj
 0001:00001dba       ?hda_stop_sound@CAdapterCommon@@UAGXXZ 0001209a f   common.obj
 0001:00001e70       ?hda_get_actual_stream_position@CAdapterCommon@@UAGKXZ 00012150 f   common.obj
 0001:00001e90       ?hda_set_volume@CAdapterCommon@@QAGXKE@Z 00012170 f   common.obj
 0001:00001f10       ?readUCHAR@CAdapterCommon@@QAGEG@Z 000121f0 f   common.obj
 0001:00001f30       ?writeUCHAR@CAdapterCommon@@QAGXGE@Z 00012210 f   common.obj
 0001:00001f60       ?readUSHORT@CAdapterCommon@@QAGGG@Z 00012240 f   common.obj
 0001:00001f80       ?writeUSHORT@CAdapterCommon@@QAGXGG@Z 00012260 f   common.obj
 0001:00001fb0       ?readULONG@CAdapterCommon@@QAGKG@Z 00012290 f   common.obj
 0001:00001fd0       ?writeULONG@CAdapterCommon@@QAGXGK@Z 000122b0 f   common.obj
 0001:00002212       ?hda_showtime@CAdapterCommon@@UAGJPAUIDmaChannel@@@Z 000124f2 f   common.obj
 0001:00002780       ?hda_return_sound_data_format@CAdapterCommon@@QAGGKKK@Z 00012a60 f   common.obj
 0001:000028f0       ?ReadWriteConfigSpace@CAdapterCommon@@AAGJPAU_DEVICE_OBJECT@@KPAXKK@Z 00012bd0 f   common.obj
 0001:00002a1b       ?WriteConfigSpaceByte@CAdapterCommon@@AAGJEEE@Z 00012cfb f   common.obj
 0001:00002b1b       ?WriteConfigSpaceWord@CAdapterCommon@@AAGJEGG@Z 00012dfb f   common.obj
 0001:00002be0       ?QueryInterface@CAdapterCommon@@W3AGJABU_GUID@@PAPAX@Z 00012ec0 f i common.obj
 0001:00002bf0       ?AddRef@CAdapterCommon@@W3AGKXZ 00012ed0 f i common.obj
 0001:00002c00       ?Release@CAdapterCommon@@W3AGKXZ 00012ee0 f i common.obj
 0001:00002c10       ??0CMiniportTopologyHDA@@QAE@PAUIUnknown@@@Z 00012ef0 f i mintopo.obj
 0001:00002c50       ?QueryInterface@CMiniportTopologyHDA@@UAGJABU_GUID@@PAPAX@Z 00012f30 f i mintopo.obj
 0001:00002c50       ?QueryInterface@CMiniportWaveCyclicHDA@@UAGJABU_GUID@@PAPAX@Z 00012f30 f i mintopo.obj
 0001:00002c50       ?QueryInterface@CMiniportWaveCyclicStreamHDA@@UAGJABU_GUID@@PAPAX@Z 00012f30 f i mintopo.obj
 0001:00002c80       ?DataRangeIntersection@CMiniportTopologyHDA@@UAGJKPATKSDATAFORMAT@@0KPAXPAK@Z 00012f60 f i mintopo.obj
 0001:00002c90       ??_ECMiniportTopologyHDA@@UAEPAXI@Z 00012f70 f i mintopo.obj
 0001:00002c90       ??_GCMiniportTopologyHDA@@UAEPAXI@Z 00012f70 f i mintopo.obj
 0001:00002cd0       ??0IMiniport@@QAE@XZ       00012fb0 f i mintopo.obj
 0001:00002cd0       ??0IAdapterPowerManagement@@QAE@XZ 00012fb0 f i mintopo.obj
 0001:00002cd0       ??0IAdapterCommon@@QAE@XZ  00012fb0 f i mintopo.obj
 0001:00002cd0       ??0IMiniportWaveCyclicStream@@QAE@XZ 00012fb0 f i mintopo.obj
 0001:00003370       ?ReadBitsFromMixer@CMiniportTopologyHDA@@AAEEEEE@Z 00013650 f   mintopo.obj
 0001:000033c0       ?ThisManyOnes@@YGEE@Z      000136a0 f i mintopo.obj
 0001:000033e0       ?WriteBitsToMixer@CMiniportTopologyHDA@@AAEXEEEE@Z 000136c0 f   mintopo.obj
 0001:00003480       ??0CMiniportWaveCyclicHDA@@QAE@PAUIUnknown@@@Z 00013760 f i minwave.obj
 0001:000034c0       ?AddRef@CMiniportWaveCyclicStreamHDA@@UAGKXZ 000137a0 f i minwave.obj
 0001:000034c0       ?AddRef@CMiniportWaveCyclicHDA@@UAGKXZ 000137a0 f i minwave.obj
 0001:000034c0       ?AddRef@CMiniportTopologyHDA@@UAGKXZ 000137a0 f i minwave.obj
 0001:000034f0       ??_ECMiniportWaveCyclicHDA@@UAEPAXI@Z 000137d0 f i minwave.obj
 0001:000034f0       ??_GCMiniportWaveCyclicHDA@@UAEPAXI@Z 000137d0 f i minwave.obj
 0001:00003530       ??0IMiniportWaveCyclic@@QAE@XZ 00013810 f i minwave.obj
 0001:00003530       ??0IMiniportTopology@@QAE@XZ 00013810 f i minwave.obj
 0001:00003550       ??2@YGPAXIW4_POOL_TYPE@@@Z 00013830 f i minwave.obj
 0001:000035a0       ??0CMiniportWaveCyclicStreamHDA@@QAE@PAUIUnknown@@@Z 00013880 f i minwave.obj
 0001:000035e0       ?Release@CMiniportTopologyHDA@@UAGKXZ 000138c0 f i minwave.obj
 0001:000035e0       ?Release@CMiniportWaveCyclicHDA@@UAGKXZ 000138c0 f i minwave.obj
 0001:000035e0       ?Release@CMiniportWaveCyclicStreamHDA@@UAGKXZ 000138c0 f i minwave.obj
 0001:00003610       ??_ECMiniportWaveCyclicStreamHDA@@UAEPAXI@Z 000138f0 f i minwave.obj
 0001:00003610       ??_GCMiniportWaveCyclicStreamHDA@@UAEPAXI@Z 000138f0 f i minwave.obj
 0001:00003669       ?GetPosition@CMiniportWaveCyclicStreamHDA@@UAGJPAK@Z 00013949 f   minwave.obj
 0001:0000375e       ?NormalizePhysicalPosition@CMiniportWaveCyclicStreamHDA@@UAGJPA_J@Z 00013a3e f   minwave.obj
 0001:00003800       ?Silence@CMiniportWaveCyclicStreamHDA@@UAGXPAXK@Z 00013ae0 f   minwave.obj
 0001:0000383e       _DbgPrint                  00013b1e f   ntoskrnl:ntoskrnl.exe
 0001:00003844       _DbgBreakPoint@0           00013b24 f   ntoskrnl:ntoskrnl.exe
 0001:0000384a       __alldiv                   00013b2a f   ntoskrnl:ntoskrnl.exe
 0001:00003850       __allmul                   00013b30 f   ntoskrnl:ntoskrnl.exe
 0001:00003856       _PcInitializeAdapterDriver@12 00013b36 f   portcls:portcls.sys
 0001:0000385c       _PcAddAdapterDevice@20     00013b3c f   portcls:portcls.sys
 0001:00003862       _PcRegisterSubdevice@12    00013b42 f   portcls:portcls.sys
 0001:00003868       _PcNewMiniport@8           00013b48 f   portcls:portcls.sys
 0001:0000386e       _PcNewPort@8               00013b4e f   portcls:portcls.sys
 0001:00003874       _PcRegisterPhysicalConnection@20 00013b54 f   portcls:portcls.sys
 0001:0000387a       _PcRegisterAdapterPowerManagement@8 00013b5a f   portcls:portcls.sys
 0001:00003880       _PcNewResourceSublist@20   00013b60 f   portcls:portcls.sys
 0001:00003886       _PcNewInterruptSync@20     00013b66 f   portcls:portcls.sys
 0001:0000388c       _PcNewRegistryKey@36       00013b6c f   portcls:portcls.sys
 0001:00003892       _PcNewServiceGroup@8       00013b72 f   portcls:portcls.sys
 0001:000038a0       ??0CUnknown@@QAE@PAUIUnknown@@@Z 00013b80 f   stdunk:stdunk.obj
 0001:000038f0       ??_GCUnknown@@UAEPAXI@Z    00013bd0 f i stdunk:stdunk.obj
 0001:000038f0       ??_ECUnknown@@UAEPAXI@Z    00013bd0 f i stdunk:stdunk.obj
 0001:00003920       ??0IUnknown@@QAE@XZ        00013c00 f i stdunk:stdunk.obj
 0001:00003920       ??0INonDelegatingUnknown@@QAE@XZ 00013c00 f i stdunk:stdunk.obj
 0001:00003930       ??1CUnknown@@UAE@XZ        00013c10 f   stdunk:stdunk.obj
 0001:00003950       ?NonDelegatingAddRef@CUnknown@@UAGKXZ 00013c30 f   stdunk:stdunk.obj
 0001:00003990       ?NonDelegatingRelease@CUnknown@@UAGKXZ 00013c70 f   stdunk:stdunk.obj
 0001:00003a10       ?NonDelegatingQueryInterface@CUnknown@@UAGJABU_GUID@@PAPAX@Z 00013cf0 f   stdunk:stdunk.obj
 0002:00000000       __imp_@KfAcquireSpinLock@4 00013d60     hal:HAL.dll
 0002:00000004       __imp_@KfReleaseSpinLock@8 00013d64     hal:HAL.dll
 0002:00000008       __imp__KeStallExecutionProcessor@4 00013d68     hal:HAL.dll
 0002:0000000c       __imp__KeGetCurrentIrql@0  00013d6c     hal:HAL.dll
 0002:00000010       \177HAL_NULL_THUNK_DATA    00013d70     hal:HAL.dll
 0002:00000014       __imp__MmMapIoSpace@16     00013d74     ntoskrnl:ntoskrnl.exe
 0002:00000018       __imp__KeInitializeSpinLock@4 00013d78     ntoskrnl:ntoskrnl.exe
 0002:0000001c       __imp__MmUnmapIoSpace@8    00013d7c     ntoskrnl:ntoskrnl.exe
 0002:00000020       __imp__IoGetDmaAdapter@12  00013d80     ntoskrnl:ntoskrnl.exe
 0002:00000024       __imp__READ_REGISTER_ULONG@4 00013d84     ntoskrnl:ntoskrnl.exe
 0002:00000028       __imp__WRITE_REGISTER_ULONG@8 00013d88     ntoskrnl:ntoskrnl.exe
 0002:0000002c       __imp__RtlInitUnicodeString@8 00013d8c     ntoskrnl:ntoskrnl.exe
 0002:00000030       __imp__READ_REGISTER_UCHAR@4 00013d90     ntoskrnl:ntoskrnl.exe
 0002:00000034       __imp__WRITE_REGISTER_UCHAR@8 00013d94     ntoskrnl:ntoskrnl.exe
 0002:00000038       __imp__READ_REGISTER_USHORT@4 00013d98     ntoskrnl:ntoskrnl.exe
 0002:0000003c       __imp__ExFreePool@4        00013d9c     ntoskrnl:ntoskrnl.exe
 0002:00000040       __imp__ExAllocatePoolWithTag@12 00013da0     ntoskrnl:ntoskrnl.exe
 0002:00000044       __imp__KeWaitForSingleObject@20 00013da4     ntoskrnl:ntoskrnl.exe
 0002:00000048       __imp_@IofCallDriver@8     00013da8     ntoskrnl:ntoskrnl.exe
 0002:0000004c       __imp__IoBuildSynchronousFsdRequest@28 00013dac     ntoskrnl:ntoskrnl.exe
 0002:00000050       __imp__IoGetAttachedDeviceReference@4 00013db0     ntoskrnl:ntoskrnl.exe
 0002:00000054       __imp__KeInitializeEvent@12 00013db4     ntoskrnl:ntoskrnl.exe
 0002:00000058       __imp__KeInitializeMutex@8 00013db8     ntoskrnl:ntoskrnl.exe
 0002:0000005c       __imp__RtlAssert@16        00013dbc     ntoskrnl:ntoskrnl.exe
 0002:00000060       __imp___alldiv             00013dc0     ntoskrnl:ntoskrnl.exe
 0002:00000064       __imp___allmul             00013dc4     ntoskrnl:ntoskrnl.exe
 0002:00000068       __imp__DbgBreakPoint@0     00013dc8     ntoskrnl:ntoskrnl.exe
 0002:0000006c       __imp__DbgPrint            00013dcc     ntoskrnl:ntoskrnl.exe
 0002:00000070       __imp_@ObfDereferenceObject@4 00013dd0     ntoskrnl:ntoskrnl.exe
 0002:00000074       __imp__WRITE_REGISTER_USHORT@8 00013dd4     ntoskrnl:ntoskrnl.exe
 0002:00000078       __imp__KeReleaseMutex@8    00013dd8     ntoskrnl:ntoskrnl.exe
 0002:0000007c       __imp_@InterlockedDecrement@4 00013ddc     ntoskrnl:ntoskrnl.exe
 0002:00000080       __imp_@InterlockedIncrement@4 00013de0     ntoskrnl:ntoskrnl.exe
 0002:00000084       \177ntoskrnl_NULL_THUNK_DATA 00013de4     ntoskrnl:ntoskrnl.exe
 0002:00000088       __imp__PcInitializeAdapterDriver@12 00013de8     portcls:portcls.sys
 0002:0000008c       __imp__PcNewMiniport@8     00013dec     portcls:portcls.sys
 0002:00000090       __imp__PcNewPort@8         00013df0     portcls:portcls.sys
 0002:00000094       __imp__PcRegisterPhysicalConnection@20 00013df4     portcls:portcls.sys
 0002:00000098       __imp__PcAddAdapterDevice@20 00013df8     portcls:portcls.sys
 0002:0000009c       __imp__PcRegisterSubdevice@12 00013dfc     portcls:portcls.sys
 0002:000000a0       __imp__PcNewInterruptSync@20 00013e00     portcls:portcls.sys
 0002:000000a4       __imp__PcNewRegistryKey@36 00013e04     portcls:portcls.sys
 0002:000000a8       __imp__PcNewServiceGroup@8 00013e08     portcls:portcls.sys
 0002:000000ac       __imp__PcRegisterAdapterPowerManagement@8 00013e0c     portcls:portcls.sys
 0002:000000b0       __imp__PcNewResourceSublist@20 00013e10     portcls:portcls.sys
 0002:000000b4       \177portcls_NULL_THUNK_DATA 00013e14     portcls:portcls.sys
 0002:00000130       _IID_IAdapterCommon        00013e90     adapter.obj
 0002:00000140       _CLSID_MiniportDriverFmSynth 00013ea0     adapter.obj
 0002:00000150       _CLSID_PortWaveCyclic      00013eb0     adapter.obj
 0002:00000160       _CLSID_PortTopology        00013ec0     adapter.obj
 0002:00000170       _CLSID_PortMidi            00013ed0     adapter.obj
 0002:00000180       _IID_IAdapterPowerManagment 00013ee0     adapter.obj
 0002:00000190       _IID_IMiniportWaveCyclicStream 00013ef0     adapter.obj
 0002:000001a0       _IID_IMiniportWaveCyclic   00013f00     adapter.obj
 0002:000001b0       _IID_IPortWaveCyclic       00013f10     adapter.obj
 0002:000001c0       _IID_IMiniportTopology     00013f20     adapter.obj
 0002:000001d0       _IID_IMiniport             00013f30     adapter.obj
 0002:000001e0       _IID_IUnknown              00013f40     adapter.obj
 0002:000001f0       ??_C@_1BE@ENEK@?$AAR?$AAi?$AAg?$AAh?$AAt?$AAB?$AAa?$AAs?$AAs?$AA?$AA@ 00013f50     common.obj
 0002:00000204       ??_C@_1BC@JMJO@?$AAL?$AAe?$AAf?$AAt?$AAB?$AAa?$AAs?$AAs?$AA?$AA@ 00013f64     common.obj
 0002:00000218       ??_C@_1BI@KGAJ@?$AAR?$AAi?$AAg?$AAh?$AAt?$AAT?$AAr?$AAe?$AAb?$AAl?$AAe?$AA?$AA@ 00013f78     common.obj
 0002:00000230       ??_C@_1BG@BGGD@?$AAL?$AAe?$AAf?$AAt?$AAT?$AAr?$AAe?$AAb?$AAl?$AAe?$AA?$AA@ 00013f90     common.obj
 0002:00000248       ??_C@_1O@IECC@?$AAM?$AAi?$AAc?$AAA?$AAG?$AAC?$AA?$AA@ 00013fa8     common.obj
 0002:00000258       ??_C@_1CA@EJHI@?$AAR?$AAi?$AAg?$AAh?$AAt?$AAO?$AAu?$AAt?$AAp?$AAu?$AAt?$AAG?$AAa?$AAi?$AAn?$AA?$AA@ 00013fb8     common.obj
 0002:00000278       ??_C@_1BO@PPLI@?$AAL?$AAe?$AAf?$AAt?$AAO?$AAu?$AAt?$AAp?$AAu?$AAt?$AAG?$AAa?$AAi?$AAn?$AA?$AA@ 00013fd8     common.obj
 0002:00000298       ??_C@_1BO@PMCJ@?$AAR?$AAi?$AAg?$AAh?$AAt?$AAI?$AAn?$AAp?$AAu?$AAt?$AAG?$AAa?$AAi?$AAn?$AA?$AA@ 00013ff8     common.obj
 0002:000002b8       ??_C@_1BM@CFEM@?$AAL?$AAe?$AAf?$AAt?$AAI?$AAn?$AAp?$AAu?$AAt?$AAG?$AAa?$AAi?$AAn?$AA?$AA@ 00014018     common.obj
 0002:000002d4       ??_C@_1CA@CIKM@?$AAR?$AAi?$AAg?$AAh?$AAt?$AAI?$AAn?$AAp?$AAu?$AAt?$AAM?$AAi?$AAx?$AAe?$AAr?$AA?$AA@ 00014034     common.obj
 0002:000002f4       ??_C@_1BO@JOGM@?$AAL?$AAe?$AAf?$AAt?$AAI?$AAn?$AAp?$AAu?$AAt?$AAM?$AAi?$AAx?$AAe?$AAr?$AA?$AA@ 00014054     common.obj
 0002:00000314       ??_C@_1BI@BMOJ@?$AAO?$AAu?$AAt?$AAp?$AAu?$AAt?$AAM?$AAi?$AAx?$AAe?$AAr?$AA?$AA@ 00014074     common.obj
 0002:0000032c       ??_C@_1BE@GLOL@?$AAP?$AAc?$AAS?$AAp?$AAk?$AAr?$AAV?$AAo?$AAl?$AA?$AA@ 0001408c     common.obj
 0002:00000340       ??_C@_1O@MNBB@?$AAM?$AAi?$AAc?$AAV?$AAo?$AAl?$AA?$AA@ 000140a0     common.obj
 0002:00000350       ??_C@_1BO@HCKE@?$AAR?$AAi?$AAg?$AAh?$AAt?$AAL?$AAi?$AAn?$AAe?$AAI?$AAn?$AAV?$AAo?$AAl?$AA?$AA@ 000140b0     common.obj
 0002:00000370       ??_C@_1BM@KLMB@?$AAL?$AAe?$AAf?$AAt?$AAL?$AAi?$AAn?$AAe?$AAI?$AAn?$AAV?$AAo?$AAl?$AA?$AA@ 000140d0     common.obj
 0002:0000038c       ??_C@_1BG@COJL@?$AAR?$AAi?$AAg?$AAh?$AAt?$AAC?$AAD?$AAV?$AAo?$AAl?$AA?$AA@ 000140ec     common.obj
 0002:000003a4       ??_C@_1BE@KMKA@?$AAL?$AAe?$AAf?$AAt?$AAC?$AAD?$AAV?$AAo?$AAl?$AA?$AA@ 00014104     common.obj
 0002:000003b8       ??_C@_1BK@JCIM@?$AAR?$AAi?$AAg?$AAh?$AAt?$AAM?$AAi?$AAd?$AAi?$AAV?$AAo?$AAl?$AA?$AA@ 00014118     common.obj
 0002:000003d4       ??_C@_1BI@KBIJ@?$AAL?$AAe?$AAf?$AAt?$AAM?$AAi?$AAd?$AAi?$AAV?$AAo?$AAl?$AA?$AA@ 00014134     common.obj
 0002:000003ec       ??_C@_1BK@MFCG@?$AAR?$AAi?$AAg?$AAh?$AAt?$AAW?$AAa?$AAv?$AAe?$AAV?$AAo?$AAl?$AA?$AA@ 0001414c     common.obj
 0002:00000408       ??_C@_1BI@PGCD@?$AAL?$AAe?$AAf?$AAt?$AAW?$AAa?$AAv?$AAe?$AAV?$AAo?$AAl?$AA?$AA@ 00014168     common.obj
 0002:00000420       ??_C@_1BO@NHA@?$AAR?$AAi?$AAg?$AAh?$AAt?$AAM?$AAa?$AAs?$AAt?$AAe?$AAr?$AAV?$AAo?$AAl?$AA?$AA@ 00014180     common.obj
 0002:00000440       ??_C@_1BM@NEBF@?$AAL?$AAe?$AAf?$AAt?$AAM?$AAa?$AAs?$AAt?$AAe?$AAr?$AAV?$AAo?$AAl?$AA?$AA@ 000141a0     common.obj
 0002:0000045c       ??_7CAdapterCommon@@6BCUnknown@@@ 000141bc     common.obj
 0002:0000046c       ??_7CAdapterCommon@@6BIAdapterPowerManagement@@@ 000141cc     common.obj
 0002:00000484       ??_7CAdapterCommon@@6BIAdapterCommon@@@ 000141e4     common.obj
 0002:000005a8       ??_7CMiniportTopologyHDA@@6BCUnknown@@@ 00014308     mintopo.obj
 0002:000005b8       ??_7CMiniportTopologyHDA@@6BIMiniportTopology@@@ 00014318     mintopo.obj
 0002:000005d0       ??_7CMiniportWaveCyclicHDA@@6BCUnknown@@@ 00014330     minwave.obj
 0002:000005e0       ??_7CMiniportWaveCyclicHDA@@6BIMiniportWaveCyclic@@@ 00014340     minwave.obj
 0002:000005fc       ??_7CMiniportWaveCyclicStreamHDA@@6BCUnknown@@@ 0001435c     minwave.obj
 0002:0000060c       ??_7CMiniportWaveCyclicStreamHDA@@6BIMiniportWaveCyclicStream@@@ 0001436c     minwave.obj
 0002:00000630       ??_7CUnknown@@6B@          00014390     stdunk:stdunk.obj
 0002:00000640       ??_C@_0BB@CHNF@m_lRefCount?5?$DO?$DN?50?$AA@ 000143a0     stdunk:stdunk.obj
 0002:00000654       ??_C@_0N@DIKJ@?4?2stdunk?4cpp?$AA@ 000143b4     stdunk:stdunk.obj
 0002:00000664       ??_C@_0BA@HPDB@m_lRefCount?5?$DO?50?$AA@ 000143c4     stdunk:stdunk.obj
 0002:00000674       ??_C@_06DPDC@ppVoid?$AA@   000143d4     stdunk:stdunk.obj
 0003:00000000       ?ulDebugOut@@3KA           000143e0     adapter.obj
 0003:00000008       __GUID_b7902fe9_fb0a_11d1_81b0_0060083316c1 000143e8     adapter.obj
 0003:00000018       __GUID_d3f0ce1c_fffc_11d1_81b0_0060083316c1 000143f8     adapter.obj
 0003:00000028       __GUID_c096df9c_fb09_11d1_81b0_0060083316c1 00014408     adapter.obj
 0003:000000f8       ?audBufSize@@3KA           000144d8     common.obj
 0003:000000fc       ?BdlSize@@3KA              000144dc     common.obj
 0003:000007f8       __GUID_185fedf6_9905_11d1_95a9_00c04fb925d3 00014bd8     mintopo.obj
 0003:00000808       __GUID_185fedef_9905_11d1_95a9_00c04fb925d3 00014be8     mintopo.obj
 0003:00000818       __GUID_185fede1_9905_11d1_95a9_00c04fb925d3 00014bf8     mintopo.obj
 0003:00000828       __GUID_185fede0_9905_11d1_95a9_00c04fb925d3 00014c08     mintopo.obj
 0003:00000838       __GUID_7607e580_c557_11d0_8a2b_00a0c9255ac1 00014c18     mintopo.obj
 0003:00000848       __GUID_185fede3_9905_11d1_95a9_00c04fb925d3 00014c28     mintopo.obj
 0003:00000858       __GUID_da441a60_c556_11d0_8a2b_00a0c9255ac1 00014c38     mintopo.obj
 0003:00000868       __GUID_185fedee_9905_11d1_95a9_00c04fb925d3 00014c48     mintopo.obj
 0003:00000878       __GUID_02b223c0_c557_11d0_8a2b_00a0c9255ac1 00014c58     mintopo.obj
 0003:00000888       __GUID_185feded_9905_11d1_95a9_00c04fb925d3 00014c68     mintopo.obj
 0003:00000898       __GUID_e88c9ba0_c557_11d0_8a2b_00a0c9255ac1 00014c78     mintopo.obj
 0003:000008a8       __GUID_185fedec_9905_11d1_95a9_00c04fb925d3 00014c88     mintopo.obj
 0003:000008b8       __GUID_185fedeb_9905_11d1_95a9_00c04fb925d3 00014c98     mintopo.obj
 0003:000008c8       __GUID_185fedea_9905_11d1_95a9_00c04fb925d3 00014ca8     mintopo.obj
 0003:000008d8       __GUID_185fede9_9905_11d1_95a9_00c04fb925d3 00014cb8     mintopo.obj
 0003:000008e8       __GUID_185fede8_9905_11d1_95a9_00c04fb925d3 00014cc8     mintopo.obj
 0003:000008f8       __GUID_e573adc0_c555_11d0_8a2b_00a0c9255ac1 00014cd8     mintopo.obj
 0003:00000908       __GUID_185fede7_9905_11d1_95a9_00c04fb925d3 00014ce8     mintopo.obj
 0003:00000918       __GUID_185fede5_9905_11d1_95a9_00c04fb925d3 00014cf8     mintopo.obj
 0003:00000928       __GUID_3a5acc00_c557_11d0_8a2b_00a0c9255ac1 00014d08     mintopo.obj
 0003:00000938       __GUID_45ffaaa0_6e1b_11d0_bcf2_444553540000 00014d18     mintopo.obj
 0003:00000948       __GUID_6994ad04_93ef_11d0_a3cc_00a0c9223196 00014d28     mintopo.obj
 0003:00000958       __GUID_185fedf7_9905_11d1_95a9_00c04fb925d3 00014d38     mintopo.obj
 0003:00000968       __GUID_dff21ce1_f70f_11d0_b917_00a0c9223196 00014d48     mintopo.obj
 0003:00000978       __GUID_dff21be1_f70f_11d0_b917_00a0c9223196 00014d58     mintopo.obj
 0003:00000988       __GUID_185fedf9_9905_11d1_95a9_00c04fb925d3 00014d68     mintopo.obj
 0003:00000998       __GUID_dff21fe3_f70f_11d0_b917_00a0c9223196 00014d78     mintopo.obj
 0003:000009a8       __GUID_185fedfb_9905_11d1_95a9_00c04fb925d3 00014d88     mintopo.obj
 0003:000009b8       __GUID_dff220e3_f70f_11d0_b917_00a0c9223196 00014d98     mintopo.obj
 0003:000009c8       __GUID_185fedf8_9905_11d1_95a9_00c04fb925d3 00014da8     mintopo.obj
 0003:000009d8       __GUID_dff220f3_f70f_11d0_b917_00a0c9223196 00014db8     mintopo.obj
 0003:000009e8       __GUID_dff21fe4_f70f_11d0_b917_00a0c9223196 00014dc8     mintopo.obj
 0003:000009f8       __GUID_97e99ba0_bdea_11cf_a5d6_28db04c10000 00014dd8     mintopo.obj
 0003:00000c40       __GUID_507ae360_c554_11d0_8a2b_00a0c9255ac1 00015020     minwave.obj
 0003:00000c50       __GUID_4d837fe0_c555_11d0_8a2b_00a0c9255ac1 00015030     minwave.obj
 0003:00000c60       __GUID_185fedfa_9905_11d1_95a9_00c04fb925d3 00015040     minwave.obj
 0003:00000c70       __GUID_fb6c4281_0353_11d1_905f_0000c0cc16ba 00015050     minwave.obj
 0003:00000c80       __GUID_05589f81_c356_11ce_bf01_00aa0055595a 00015060     minwave.obj
 0003:00000c90       __GUID_00000001_0000_0010_8000_00aa00389b71 00015070     minwave.obj
 0003:00000ca0       __GUID_73647561_0000_0010_8000_00aa00389b71 00015080     minwave.obj
 0003:00000cb0       __GUID_518590a2_a184_11d0_8522_00c04fd9baf3 00015090     minwave.obj
 0003:00000cc0       __GUID_0f6417d6_c318_11d0_a43f_00a0c9223196 000150a0     minwave.obj
 0003:00000cd0       __GUID_00000000_0000_0000_0000_000000000000 000150b0     adapter.obj
 0004:0000003e       _AddDevice@8               000150fe f   adapter.obj
 0004:0000026a       ?InstallSubdevice@@YGJPAU_DEVICE_OBJECT@@PAU_IRP@@PAGABU_GUID@@3P6GJPAPAUIUnknown@@3PAU4@W4_POOL_TYPE@@@Z5PAUIResourceList@@344@Z 0001532a f   adapter.obj
 0004:0000066e       ?StartDevice@@YGJPAU_DEVICE_OBJECT@@PAU_IRP@@PAUIResourceList@@@Z 0001572e f   adapter.obj
 0004:00000e6e       ?AssignResources@@YGJPAUIResourceList@@PAPAU1@11111@Z 00015f2e f   adapter.obj
 0004:000014d8       ?NewAdapterCommon@@YGJPAPAUIUnknown@@ABU_GUID@@PAU1@W4_POOL_TYPE@@@Z 00016598 f   common.obj
 0004:00001e51       ?Init@CAdapterCommon@@UAGJPAUIResourceList@@PAU_DEVICE_OBJECT@@@Z 00016f11 f   common.obj
 0004:00003312       ??1CAdapterCommon@@UAE@XZ  000183d2 f   common.obj
 0004:00003777       ?NonDelegatingQueryInterface@CAdapterCommon@@UAGJABU_GUID@@PAPAX@Z 00018837 f   common.obj
 0004:000038ce       ?WavePortDriverDest@CAdapterCommon@@UAGPAPAUIUnknown@@XZ 0001898e f   common.obj
 0004:0000396e       ?GetInterruptSync@CAdapterCommon@@UAGPAUIInterruptSync@@XZ 00018a2e f   common.obj
 0004:00003a0e       ?MidiPortDriverDest@CAdapterCommon@@UAGPAPAUIUnknown@@XZ 00018ace f   common.obj
 0004:00003aae       ?SetWaveServiceGroup@CAdapterCommon@@UAGXPAUIServiceGroup@@@Z 00018b6e f   common.obj
 0004:00004056       ?InitHDA@CAdapterCommon@@QAGJXZ 00019116 f   common.obj
 0004:00004d86       ?InitializeCodec@CAdapterCommon@@QAGJE@Z 00019e46 f   common.obj
 0004:000053a9       ?hda_initialize_audio_function_group@CAdapterCommon@@QAGXKK@Z 0001a469 f   common.obj
 0004:00005d2e       ?hda_get_node_type@CAdapterCommon@@QAGEKK@Z 0001adee f   common.obj
 0004:00005dde       ?hda_get_node_connection_entries@CAdapterCommon@@QAGKKKK@Z 0001ae9e f   common.obj
 0004:00005f2e       ?hda_set_node_gain@CAdapterCommon@@QAGXKKKKKE@Z 0001afee f   common.obj
 0004:00006020       ?hda_enable_pin_output@CAdapterCommon@@QAGXKK@Z 0001b0e0 f   common.obj
 0004:00006060       ?hda_disable_pin_output@CAdapterCommon@@QAGXKK@Z 0001b120 f   common.obj
 0004:000060a0       ?hda_is_headphone_connected@CAdapterCommon@@QAGHXZ 0001b160 f   common.obj
 0004:0000619e       ?hda_initialize_output_pin@CAdapterCommon@@QAGXK@Z 0001b25e f   common.obj
 0004:000065b2       ?hda_initalize_audio_output@CAdapterCommon@@QAGXK@Z 0001b672 f   common.obj
 0004:000069ca       ?hda_initalize_audio_mixer@CAdapterCommon@@QAGXK@Z 0001ba8a f   common.obj
 0004:00006d02       ?hda_initalize_audio_selector@CAdapterCommon@@QAGXK@Z 0001bdc2 f   common.obj
 0004:00007008       ?CreateMiniportTopologyHDA@@YGJPAPAUIUnknown@@ABU_GUID@@PAU1@W4_POOL_TYPE@@@Z 0001c0c8 f   mintopo.obj
 0004:0000717a       ?ProcessResources@CMiniportTopologyHDA@@AAEJPAUIResourceList@@@Z 0001c23a f   mintopo.obj
 0004:0000730a       ?NonDelegatingQueryInterface@CMiniportTopologyHDA@@UAGJABU_GUID@@PAPAX@Z 0001c3ca f   mintopo.obj
 0004:000074be       ??1CMiniportTopologyHDA@@UAE@XZ 0001c57e f   mintopo.obj
 0004:00007696       ?Init@CMiniportTopologyHDA@@UAGJPAUIUnknown@@PAUIResourceList@@PAUIPortTopology@@@Z 0001c756 f   mintopo.obj
 0004:000078aa       ?GetDescription@CMiniportTopologyHDA@@UAGJPAPAUPCFILTER_DESCRIPTOR@@@Z 0001c96a f   mintopo.obj
 0004:00009088       ?CreateMiniportWaveCyclicHDA@@YGJPAPAUIUnknown@@ABU_GUID@@PAU1@W4_POOL_TYPE@@@Z 0001e148 f   minwave.obj
 0004:00009356       ?ProcessResources@CMiniportWaveCyclicHDA@@AAEJPAUIResourceList@@@Z 0001e416 f   minwave.obj
 0004:000097c2       ?ValidateFormat@CMiniportWaveCyclicHDA@@AAEJPATKSDATAFORMAT@@@Z 0001e882 f   minwave.obj
 0004:000099ee       ?NonDelegatingQueryInterface@CMiniportWaveCyclicHDA@@UAGJABU_GUID@@PAPAX@Z 0001eaae f   minwave.obj
 0004:00009ba2       ??1CMiniportWaveCyclicHDA@@UAE@XZ 0001ec62 f   minwave.obj
 0004:00009da6       ?Init@CMiniportWaveCyclicHDA@@UAGJPAUIUnknown@@PAUIResourceList@@PAUIPortWaveCyclic@@@Z 0001ee66 f   minwave.obj
 0004:0000a03e       ?GetDescription@CMiniportWaveCyclicHDA@@UAGJPAPAUPCFILTER_DESCRIPTOR@@@Z 0001f0fe f   minwave.obj
 0004:0000a22a       ?DataRangeIntersection@CMiniportWaveCyclicHDA@@UAGJKPATKSDATAFORMAT@@0KPAXPAK@Z 0001f2ea f   minwave.obj
 0004:0000a82a       ?NewStream@CMiniportWaveCyclicHDA@@UAGJPAPAUIMiniportWaveCyclicStream@@PAUIUnknown@@W4_POOL_TYPE@@KEPATKSDATAFORMAT@@PAPAUIDmaChannel@@PAPAUIServiceGroup@@@Z 0001f8ea f   minwave.obj
 0004:0000abc2       ?NonDelegatingQueryInterface@CMiniportWaveCyclicStreamHDA@@UAGJABU_GUID@@PAPAX@Z 0001fc82 f   minwave.obj
 0004:0000ad6e       ??1CMiniportWaveCyclicStreamHDA@@UAE@XZ 0001fe2e f   minwave.obj
 0004:0000afe0       ?Init@CMiniportWaveCyclicStreamHDA@@QAEJPAVCMiniportWaveCyclicHDA@@KEPATKSDATAFORMAT@@PAUIDmaChannel@@@Z 000200a0 f   minwave.obj
 0004:0000b252       ?SetNotificationFreq@CMiniportWaveCyclicStreamHDA@@UAGKKPAK@Z 00020312 f   minwave.obj
 0004:0000b3e6       ?SetFormat@CMiniportWaveCyclicStreamHDA@@UAGJPATKSDATAFORMAT@@@Z 000204a6 f   minwave.obj
 0004:0000b62e       ?SetState@CMiniportWaveCyclicStreamHDA@@UAGJW4KSSTATE@@@Z 000206ee f   minwave.obj
 0005:0000003e       _DriverEntry@8             0002083e f   adapter.obj
 0005:000000ac       __IMPORT_DESCRIPTOR_ntoskrnl 000208ac     ntoskrnl:ntoskrnl.exe
 0005:000000c0       __IMPORT_DESCRIPTOR_HAL    000208c0     hal:HAL.dll
 0005:000000d4       __IMPORT_DESCRIPTOR_portcls 000208d4     portcls:portcls.sys
 0005:000000e8       __NULL_IMPORT_DESCRIPTOR   000208e8     ntoskrnl:ntoskrnl.exe

 entry point at        0005:0000003e

 Static symbols

 0004:000079fe       ?PropertyHandler_OnOff@@YGJPAU_PCPROPERTY_REQUEST@@@Z 0001cabe f   mintopo.obj
 0004:00007e16       ?PropertyHandler_SuperMixCaps@@YGJPAU_PCPROPERTY_REQUEST@@@Z 0001ced6 f   mintopo.obj
 0004:00008426       ?PropertyHandler_SuperMixTable@@YGJPAU_PCPROPERTY_REQUEST@@@Z 0001d4e6 f   mintopo.obj
 0004:00008b56       ?PropertyHandler_CpuResources@@YGJPAU_PCPROPERTY_REQUEST@@@Z 0001dc16 f   mintopo.obj
 0001:00002d4e       ?PropertyHandler_Level@@YGJPAU_PCPROPERTY_REQUEST@@@Z 0001302e f   mintopo.obj
 0004:00008db6       ?BasicSupportHandler@@YGJPAU_PCPROPERTY_REQUEST@@@Z 0001de76 f   mintopo.obj

 332 bytes saved through ICF

