 HDA

 Timestamp is 6a1f70f3 (Tue Jun 02 17:10:27 2026)

 Preferred load address is 00010000

 Start         Length     Name                   Class
 0001:00000000 0000720cH .text                   CODE
 0002:00000000 000000c0H .idata$5                DATA
 0002:000000c0 000006c0H .rdata                  DATA
 0003:00000000 00000d18H .data                   DATA
 0003:00000d18 0000001eH .bss                    DATA
 0004:00000000 0000a960H PAGE                    CODE
 0005:00000000 000000a9H INIT                    CODE
 0005:000000ac 0000003cH .idata$2                CODE
 0005:000000e8 00000014H .idata$3                CODE
 0005:000000fc 000000c0H .idata$4                CODE
 0005:000001bc 000003e0H .idata$6                CODE
 0006:00000000 00000058H .rsrc$01                DATA
 0006:00000060 000003d0H .rsrc$02                DATA

  Address         Publics by Value              Rva+Base     Lib:Object

 0001:00000000       ??3@YAXPAX@Z               000102e0 f i common.obj
 0001:00000010       ??2@YGPAXIW4_POOL_TYPE@@K@Z 000102f0 f i common.obj
 0001:00000050       ??0CAdapterCommon@@QAE@PAUIUnknown@@@Z 00010330 f i common.obj
 0001:000000a0       ?QueryInterface@CAdapterCommon@@UAGJABU_GUID@@PAPAX@Z 00010380 f i common.obj
 0001:000000d0       ?GetOuterUnknown@CUnknown@@QAEPAUIUnknown@@XZ 000103b0 f i common.obj
 0001:000000f0       ?AddRef@CAdapterCommon@@UAGKXZ 000103d0 f i common.obj
 0001:00000120       ?Release@CAdapterCommon@@UAGKXZ 00010400 f i common.obj
 0001:00000150       ??_GCAdapterCommon@@UAEPAXI@Z 00010430 f i common.obj
 0001:00000150       ??_ECAdapterCommon@@UAEPAXI@Z 00010430 f i common.obj
 0001:00000190       ??0IUnknown@@QAE@XZ        00010470 f i common.obj
 0001:00000390       _IsEqualGUIDAligned@8      00010670 f i common.obj
 0001:00000410       ??2@YGPAXIW4_POOL_TYPE@@@Z 000106f0 f i common.obj
 0001:00000460       ?hda_is_supported_sample_rate@CAdapterCommon@@UAGEK@Z 00010740 f   common.obj
 0001:000005a6       ?hda_send_verb@CAdapterCommon@@UAGKKKKK@Z 00010886 f   common.obj
 0001:00000962       ?ReadController@CAdapterCommon@@UAGEXZ 00010c42 f   common.obj
 0001:00000a06       ?WriteController@CAdapterCommon@@UAGEE@Z 00010ce6 f   common.obj
 0001:00000b12       ?MixerRegWrite@CAdapterCommon@@UAGXEE@Z 00010df2 f   common.obj
 0001:00000cda       ?MixerRegRead@CAdapterCommon@@UAGEE@Z 00010fba f   common.obj
 0001:00000dbe       ?MixerReset@CAdapterCommon@@UAGXXZ 0001109e f   common.obj
 0001:00000e5e       ?AcknowledgeIRQ@CAdapterCommon@@AAE?AW4_HDA_INTERRUPT_TYPE@@XZ 0001113e f   common.obj
 0001:00001102       ?ResetController@CAdapterCommon@@UAGJXZ 000113e2 f   common.obj
 0001:000011b6       ?RestoreMixerSettingsFromRegistry@CAdapterCommon@@UAGJXZ 00011496 f   common.obj
 0001:00001462       ?SaveMixerSettingsToRegistry@CAdapterCommon@@UAGJXZ 00011742 f   common.obj
 0001:000016ce       ?ProgramSampleRate@CAdapterCommon@@UAGJK@Z 000119ae f   common.obj
 0001:000018ca       ?PowerChangeState@CAdapterCommon@@UAGXT_POWER_STATE@@@Z 00011baa f   common.obj
 0001:00001ab6       ?QueryPowerChangeState@CAdapterCommon@@UAGJT_POWER_STATE@@@Z 00011d96 f   common.obj
 0001:00001b3a       ?QueryDeviceCapabilities@CAdapterCommon@@UAGJPAU_DEVICE_CAPABILITIES@@@Z 00011e1a f   common.obj
 0001:00001bea       ?InterruptServiceRoutine@@YGJPAUIInterruptSync@@PAX@Z 00011eca f   common.obj
 0001:00001d76       ?hda_stop_stream@CAdapterCommon@@UAGJXZ 00012056 f   common.obj
 0001:0000205a       ?hda_start_sound@CAdapterCommon@@UAGXXZ 0001233a f   common.obj
 0001:000021ca       ?hda_stop_sound@CAdapterCommon@@UAGXXZ 000124aa f   common.obj
 0001:00002366       ?hda_get_actual_stream_position@CAdapterCommon@@UAGKXZ 00012646 f   common.obj
 0001:00002470       ?hda_set_volume@CAdapterCommon@@QAGXKE@Z 00012750 f   common.obj
 0001:000024d0       ?readUCHAR@CAdapterCommon@@QAGEG@Z 000127b0 f   common.obj
 0001:000024f0       ?writeUCHAR@CAdapterCommon@@QAGXGE@Z 000127d0 f   common.obj
 0001:00002520       ?readUSHORT@CAdapterCommon@@QAGGG@Z 00012800 f   common.obj
 0001:00002540       ?writeUSHORT@CAdapterCommon@@QAGXGG@Z 00012820 f   common.obj
 0001:00002570       ?readULONG@CAdapterCommon@@QAGKG@Z 00012850 f   common.obj
 0001:00002590       ?writeULONG@CAdapterCommon@@QAGXGK@Z 00012870 f   common.obj
 0001:0000272a       ?hda_setup_stream_descriptor@CAdapterCommon@@UAGJPAUIDmaChannel@@@Z 00012a0a f   common.obj
 0001:00002b80       ?ReadWriteConfigSpace@CAdapterCommon@@AAGJPAU_DEVICE_OBJECT@@KPAXKK@Z 00012e60 f   common.obj
 0001:00002cab       ?WriteConfigSpaceByte@CAdapterCommon@@AAGJEEE@Z 00012f8b f   common.obj
 0001:00002dab       ?WriteConfigSpaceWord@CAdapterCommon@@AAGJEGG@Z 0001308b f   common.obj
 0001:00002e70       ?CacheLineFlush@CAdapterCommon@@UAGXPAXK@Z 00013150 f   common.obj
 0001:00002ed0       ?QueryInterface@CAdapterCommon@@W3AGJABU_GUID@@PAPAX@Z 000131b0 f i common.obj
 0001:00002ee0       ?AddRef@CAdapterCommon@@W3AGKXZ 000131c0 f i common.obj
 0001:00002ef0       ?Release@CAdapterCommon@@W3AGKXZ 000131d0 f i common.obj
 0001:00002f00       ??0HDA_Codec@@QAE@EEEPAUIAdapterCommon@@@Z 000131e0 f   codec.obj
 0001:00002fa0       ??1HDA_Codec@@QAE@XZ       00013280 f   codec.obj
 0001:000030be       ?InitializeCodec@HDA_Codec@@QAGJXZ 0001339e f   codec.obj
 0001:00003878       ?hda_initialize_audio_function_group@HDA_Codec@@QAGJK@Z 00013b58 f   codec.obj
 0001:000044ca       ?hda_get_node_type@HDA_Codec@@QAGEK@Z 000147aa f   codec.obj
 0001:0000457a       ?hda_get_node_connection_entries@HDA_Codec@@QAGKKK@Z 0001485a f   codec.obj
 0001:00004680       ?hda_enable_pin_output@HDA_Codec@@QAGXK@Z 00014960 f   codec.obj
 0001:000046b0       ?hda_disable_pin_output@HDA_Codec@@QAGXK@Z 00014990 f   codec.obj
 0001:000046e0       ?hda_is_headphone_connected@HDA_Codec@@QAGEXZ 000149c0 f   codec.obj
 0001:000047ca       ?hda_initialize_output_pin@HDA_Codec@@QAGXKAAUHDA_NODE_PATH@@@Z 00014aaa f   codec.obj
 0001:00004b72       ?hda_initialize_audio_output@HDA_Codec@@QAGXKAAUHDA_NODE_PATH@@@Z 00014e52 f   codec.obj
 0001:00004f66       ?hda_initialize_audio_mixer@HDA_Codec@@QAGXKAAUHDA_NODE_PATH@@@Z 00015246 f   codec.obj
 0001:0000528e       ?hda_initialize_audio_selector@HDA_Codec@@QAGXKAAUHDA_NODE_PATH@@@Z 0001556e f   codec.obj
 0001:00005706       ?ProgramSampleRate@HDA_Codec@@QAGJK@Z 000159e6 f   codec.obj
 0001:00005a50       ?hda_check_headphone_connection_change@HDA_Codec@@QAGXXZ 00015d30 f   codec.obj
 0001:00005b22       ?hda_is_supported_sample_rate@HDA_Codec@@QAGEK@Z 00015e02 f   codec.obj
 0001:00005c40       ?hda_set_volume@HDA_Codec@@QAGXKE@Z 00015f20 f   codec.obj
 0001:00005ca0       ?hda_set_node_gain@HDA_Codec@@QAGXKKKKE@Z 00015f80 f   codec.obj
 0001:00005d40       ?hda_send_verb@HDA_Codec@@QAGKKKK@Z 00016020 f   codec.obj
 0001:00005d70       ?hda_return_sound_data_format@CAdapterCommon@@QAGGKKK@Z 00016050 f   codec.obj
 0001:00005d70       ?hda_return_sound_data_format@HDA_Codec@@QAGGKKK@Z 00016050 f   codec.obj
 0001:00005ee0       ??0CMiniportTopologyHDA@@QAE@PAUIUnknown@@@Z 000161c0 f i mintopo.obj
 0001:00005f20       ?Release@CMiniportTopologyHDA@@UAGKXZ 00016200 f i mintopo.obj
 0001:00005f20       ?Release@CMiniportWaveCyclicHDA@@UAGKXZ 00016200 f i mintopo.obj
 0001:00005f20       ?Release@CMiniportWaveCyclicStreamHDA@@UAGKXZ 00016200 f i mintopo.obj
 0001:00005f50       ?DataRangeIntersection@CMiniportTopologyHDA@@UAGJKPATKSDATAFORMAT@@0KPAXPAK@Z 00016230 f i mintopo.obj
 0001:00005f60       ??_ECMiniportTopologyHDA@@UAEPAXI@Z 00016240 f i mintopo.obj
 0001:00005f60       ??_GCMiniportTopologyHDA@@UAEPAXI@Z 00016240 f i mintopo.obj
 0001:00005fa0       ??0IMiniportTopology@@QAE@XZ 00016280 f i mintopo.obj
 0001:00005fa0       ??0IMiniportWaveCyclic@@QAE@XZ 00016280 f i mintopo.obj
 0001:00005fc0       ??0IAdapterCommon@@QAE@XZ  000162a0 f i mintopo.obj
 0001:00005fc0       ??0IAdapterPowerManagement@@QAE@XZ 000162a0 f i mintopo.obj
 0001:00005fc0       ??0IDmaChannel@@QAE@XZ     000162a0 f i mintopo.obj
 0001:00005fc0       ??0IMiniportWaveCyclicStream@@QAE@XZ 000162a0 f i mintopo.obj
 0001:00005fc0       ??0IMiniport@@QAE@XZ       000162a0 f i mintopo.obj
 0001:00006660       ?ReadBitsFromMixer@CMiniportTopologyHDA@@AAEEEEE@Z 00016940 f   mintopo.obj
 0001:000066b0       ?ThisManyOnes@@YGEE@Z      00016990 f i mintopo.obj
 0001:000066d0       ?WriteBitsToMixer@CMiniportTopologyHDA@@AAEXEEEE@Z 000169b0 f   mintopo.obj
 0001:00006770       ??0CMiniportWaveCyclicHDA@@QAE@PAUIUnknown@@@Z 00016a50 f i minwave.obj
 0001:000067b0       ?AddRef@CMiniportTopologyHDA@@UAGKXZ 00016a90 f i minwave.obj
 0001:000067b0       ?AddRef@CMiniportWaveCyclicStreamHDA@@UAGKXZ 00016a90 f i minwave.obj
 0001:000067b0       ?AddRef@CMiniportWaveCyclicHDA@@UAGKXZ 00016a90 f i minwave.obj
 0001:000067e0       ??_ECMiniportWaveCyclicHDA@@UAEPAXI@Z 00016ac0 f i minwave.obj
 0001:000067e0       ??_GCMiniportWaveCyclicHDA@@UAEPAXI@Z 00016ac0 f i minwave.obj
 0001:00006820       ??0CMyDmaChannel@@QAE@PAUIDmaChannel@@@Z 00016b00 f i minwave.obj
 0001:000068e0       ?QueryInterface@CMyDmaChannel@@UAGJABU_GUID@@PAPAX@Z 00016bc0 f i minwave.obj
 0001:00006940       _IsEqualGUID@8             00016c20 f i minwave.obj
 0001:00006970       ?AddRef@CMyDmaChannel@@UAGKXZ 00016c50 f i minwave.obj
 0001:00006990       ?Release@CMyDmaChannel@@UAGKXZ 00016c70 f i minwave.obj
 0001:000069e0       ?AllocateBuffer@CMyDmaChannel@@UAGJKPAT_LARGE_INTEGER@@@Z 00016cc0 f i minwave.obj
 0001:00006b80       ?FreeBuffer@CMyDmaChannel@@UAGXXZ 00016e60 f i minwave.obj
 0001:00006bd0       ?SystemAddress@CMyDmaChannel@@UAGPAXXZ 00016eb0 f i minwave.obj
 0001:00006c00       ?CopyTo@CMyDmaChannel@@UAGXPAX0K@Z 00016ee0 f i minwave.obj
 0001:00006c80       ?CopyFrom@CMyDmaChannel@@UAGXPAX0K@Z 00016f60 f i minwave.obj
 0001:00006cb0       ?AllocatedBufferSize@CMyDmaChannel@@UAGKXZ 00016f90 f i minwave.obj
 0001:00006ce0       ?BufferSize@CMyDmaChannel@@UAGKXZ 00016fc0 f i minwave.obj
 0001:00006d10       ?SetBufferSize@CMyDmaChannel@@UAGXK@Z 00016ff0 f i minwave.obj
 0001:00006d40       ?PhysicalAddress@CMyDmaChannel@@UAG?AT_LARGE_INTEGER@@XZ 00017020 f i minwave.obj
 0001:00006da0       ?MaximumBufferSize@CMyDmaChannel@@UAGKXZ 00017080 f i minwave.obj
 0001:00006dd0       ?TransferCount@CMyDmaChannel@@UAGKXZ 000170b0 f i minwave.obj
 0001:00006df0       ?GetAdapterObject@CMyDmaChannel@@UAGPAU_DMA_ADAPTER@@XZ 000170d0 f i minwave.obj
 0001:00006e10       ??0CMiniportWaveCyclicStreamHDA@@QAE@PAUIUnknown@@@Z 000170f0 f i minwave.obj
 0001:00006e50       ?QueryInterface@CMiniportWaveCyclicStreamHDA@@UAGJABU_GUID@@PAPAX@Z 00017130 f i minwave.obj
 0001:00006e50       ?QueryInterface@CMiniportWaveCyclicHDA@@UAGJABU_GUID@@PAPAX@Z 00017130 f i minwave.obj
 0001:00006e50       ?QueryInterface@CMiniportTopologyHDA@@UAGJABU_GUID@@PAPAX@Z 00017130 f i minwave.obj
 0001:00006e80       ??_ECMiniportWaveCyclicStreamHDA@@UAEPAXI@Z 00017160 f i minwave.obj
 0001:00006e80       ??_GCMiniportWaveCyclicStreamHDA@@UAEPAXI@Z 00017160 f i minwave.obj
 0001:00006ed9       ?GetPosition@CMiniportWaveCyclicStreamHDA@@UAGJPAK@Z 000171b9 f   minwave.obj
 0001:00006fee       ?NormalizePhysicalPosition@CMiniportWaveCyclicStreamHDA@@UAGJPA_J@Z 000172ce f   minwave.obj
 0001:00007090       ?Silence@CMiniportWaveCyclicStreamHDA@@UAGXPAXK@Z 00017370 f   minwave.obj
 0001:000070ce       _DbgPrint                  000173ae f   ntoskrnl:ntoskrnl.exe
 0001:000070d4       _DbgBreakPoint@0           000173b4 f   ntoskrnl:ntoskrnl.exe
 0001:000070da       __alldiv                   000173ba f   ntoskrnl:ntoskrnl.exe
 0001:000070e0       __allmul                   000173c0 f   ntoskrnl:ntoskrnl.exe
 0001:000070e6       _PcInitializeAdapterDriver@12 000173c6 f   portcls:portcls.sys
 0001:000070ec       _PcAddAdapterDevice@20     000173cc f   portcls:portcls.sys
 0001:000070f2       _PcRegisterSubdevice@12    000173d2 f   portcls:portcls.sys
 0001:000070f8       _PcNewMiniport@8           000173d8 f   portcls:portcls.sys
 0001:000070fe       _PcNewPort@8               000173de f   portcls:portcls.sys
 0001:00007104       _PcRegisterPhysicalConnection@20 000173e4 f   portcls:portcls.sys
 0001:0000710a       _PcRegisterAdapterPowerManagement@8 000173ea f   portcls:portcls.sys
 0001:00007110       _PcNewResourceSublist@20   000173f0 f   portcls:portcls.sys
 0001:00007116       _PcNewInterruptSync@20     000173f6 f   portcls:portcls.sys
 0001:0000711c       _PcNewRegistryKey@36       000173fc f   portcls:portcls.sys
 0001:00007122       _PcNewServiceGroup@8       00017402 f   portcls:portcls.sys
 0001:00007128       ??0CUnknown@@QAE@PAUIUnknown@@@Z 00017408 f   stdunk:stdunk.obj
 0001:00007147       ??_ECUnknown@@UAEPAXI@Z    00017427 f i stdunk:stdunk.obj
 0001:00007147       ??_GCUnknown@@UAEPAXI@Z    00017427 f i stdunk:stdunk.obj
 0001:00007163       ??1CUnknown@@UAE@XZ        00017443 f   stdunk:stdunk.obj
 0001:0000716a       ?NonDelegatingAddRef@CUnknown@@UAGKXZ 0001744a f   stdunk:stdunk.obj
 0001:00007180       ?NonDelegatingRelease@CUnknown@@UAGKXZ 00017460 f   stdunk:stdunk.obj
 0001:000071af       ?NonDelegatingQueryInterface@CUnknown@@UAGJABU_GUID@@PAPAX@Z 0001748f f   stdunk:stdunk.obj
 0002:00000000       __imp_@ExAcquireFastMutex@4 00017500     hal:HAL.dll
 0002:00000004       __imp_@KfAcquireSpinLock@4 00017504     hal:HAL.dll
 0002:00000008       __imp_@KfReleaseSpinLock@8 00017508     hal:HAL.dll
 0002:0000000c       __imp_@ExReleaseFastMutex@4 0001750c     hal:HAL.dll
 0002:00000010       __imp__KeStallExecutionProcessor@4 00017510     hal:HAL.dll
 0002:00000014       __imp__KeGetCurrentIrql@0  00017514     hal:HAL.dll
 0002:00000018       \177HAL_NULL_THUNK_DATA    00017518     hal:HAL.dll
 0002:0000001c       __imp__KeInitializeEvent@12 0001751c     ntoskrnl:ntoskrnl.exe
 0002:00000020       __imp__MmUnmapIoSpace@8    00017520     ntoskrnl:ntoskrnl.exe
 0002:00000024       __imp__RtlInitUnicodeString@8 00017524     ntoskrnl:ntoskrnl.exe
 0002:00000028       __imp__KeInitializeSpinLock@4 00017528     ntoskrnl:ntoskrnl.exe
 0002:0000002c       __imp__READ_REGISTER_ULONG@4 0001752c     ntoskrnl:ntoskrnl.exe
 0002:00000030       __imp__WRITE_REGISTER_ULONG@8 00017530     ntoskrnl:ntoskrnl.exe
 0002:00000034       __imp__READ_REGISTER_UCHAR@4 00017534     ntoskrnl:ntoskrnl.exe
 0002:00000038       __imp__WRITE_REGISTER_UCHAR@8 00017538     ntoskrnl:ntoskrnl.exe
 0002:0000003c       __imp__READ_REGISTER_USHORT@4 0001753c     ntoskrnl:ntoskrnl.exe
 0002:00000040       __imp__WRITE_REGISTER_USHORT@8 00017540     ntoskrnl:ntoskrnl.exe
 0002:00000044       __imp__IoGetDmaAdapter@12  00017544     ntoskrnl:ntoskrnl.exe
 0002:00000048       __imp__MmMapIoSpace@16     00017548     ntoskrnl:ntoskrnl.exe
 0002:0000004c       __imp_@IofCallDriver@8     0001754c     ntoskrnl:ntoskrnl.exe
 0002:00000050       __imp__IoBuildSynchronousFsdRequest@28 00017550     ntoskrnl:ntoskrnl.exe
 0002:00000054       __imp__IoGetAttachedDeviceReference@4 00017554     ntoskrnl:ntoskrnl.exe
 0002:00000058       __imp_@InterlockedIncrement@4 00017558     ntoskrnl:ntoskrnl.exe
 0002:0000005c       __imp_@InterlockedDecrement@4 0001755c     ntoskrnl:ntoskrnl.exe
 0002:00000060       __imp__RtlAssert@16        00017560     ntoskrnl:ntoskrnl.exe
 0002:00000064       __imp__KeReleaseMutex@8    00017564     ntoskrnl:ntoskrnl.exe
 0002:00000068       __imp___alldiv             00017568     ntoskrnl:ntoskrnl.exe
 0002:0000006c       __imp___allmul             0001756c     ntoskrnl:ntoskrnl.exe
 0002:00000070       __imp__ExAllocatePoolWithTag@12 00017570     ntoskrnl:ntoskrnl.exe
 0002:00000074       __imp__ExFreePool@4        00017574     ntoskrnl:ntoskrnl.exe
 0002:00000078       __imp__DbgBreakPoint@0     00017578     ntoskrnl:ntoskrnl.exe
 0002:0000007c       __imp__DbgPrint            0001757c     ntoskrnl:ntoskrnl.exe
 0002:00000080       __imp__KeWaitForSingleObject@20 00017580     ntoskrnl:ntoskrnl.exe
 0002:00000084       __imp_@ObfDereferenceObject@4 00017584     ntoskrnl:ntoskrnl.exe
 0002:00000088       __imp__KeInitializeMutex@8 00017588     ntoskrnl:ntoskrnl.exe
 0002:0000008c       \177ntoskrnl_NULL_THUNK_DATA 0001758c     ntoskrnl:ntoskrnl.exe
 0002:00000090       __imp__PcRegisterAdapterPowerManagement@8 00017590     portcls:portcls.sys
 0002:00000094       __imp__PcAddAdapterDevice@20 00017594     portcls:portcls.sys
 0002:00000098       __imp__PcRegisterSubdevice@12 00017598     portcls:portcls.sys
 0002:0000009c       __imp__PcNewMiniport@8     0001759c     portcls:portcls.sys
 0002:000000a0       __imp__PcNewPort@8         000175a0     portcls:portcls.sys
 0002:000000a4       __imp__PcRegisterPhysicalConnection@20 000175a4     portcls:portcls.sys
 0002:000000a8       __imp__PcInitializeAdapterDriver@12 000175a8     portcls:portcls.sys
 0002:000000ac       __imp__PcNewResourceSublist@20 000175ac     portcls:portcls.sys
 0002:000000b0       __imp__PcNewInterruptSync@20 000175b0     portcls:portcls.sys
 0002:000000b4       __imp__PcNewRegistryKey@36 000175b4     portcls:portcls.sys
 0002:000000b8       __imp__PcNewServiceGroup@8 000175b8     portcls:portcls.sys
 0002:000000bc       \177portcls_NULL_THUNK_DATA 000175bc     portcls:portcls.sys
 0002:00000130       _IID_IAdapterCommon        00017630     adapter.obj
 0002:00000140       _CLSID_MiniportDriverFmSynth 00017640     adapter.obj
 0002:00000150       _CLSID_PortWaveCyclic      00017650     adapter.obj
 0002:00000160       _CLSID_PortTopology        00017660     adapter.obj
 0002:00000170       _CLSID_PortMidi            00017670     adapter.obj
 0002:00000180       _IID_IAdapterPowerManagment 00017680     adapter.obj
 0002:00000190       _IID_IMiniportWaveCyclicStream 00017690     adapter.obj
 0002:000001a0       _IID_IMiniportWaveCyclic   000176a0     adapter.obj
 0002:000001b0       _IID_IPortWaveCyclic       000176b0     adapter.obj
 0002:000001c0       _IID_IMiniportTopology     000176c0     adapter.obj
 0002:000001d0       _IID_IDmaChannel           000176d0     adapter.obj
 0002:000001e0       _IID_IMiniport             000176e0     adapter.obj
 0002:000001f0       _IID_IUnknown              000176f0     adapter.obj
 0002:00000200       ??_C@_1BE@FFBG@?$AAU?$AAs?$AAe?$AAD?$AAm?$AAa?$AAP?$AAo?$AAs?$AA?$AA@ 00017700     common.obj
 0002:00000214       ??_C@_1CA@DADJ@?$AAU?$AAs?$AAe?$AAD?$AAi?$AAs?$AAa?$AAb?$AAl?$AAe?$AAd?$AAP?$AAi?$AAn?$AAs?$AA?$AA@ 00017714     common.obj
 0002:00000234       ??_C@_1BC@MBIB@?$AAU?$AAs?$AAe?$AAS?$AAP?$AAD?$AAI?$AAF?$AA?$AA@ 00017734     common.obj
 0002:00000248       ??_C@_1BE@ONOC@?$AAU?$AAs?$AAe?$AAA?$AAl?$AAt?$AAO?$AAu?$AAt?$AA?$AA@ 00017748     common.obj
 0002:0000025c       ??_C@_1BO@LMMA@?$AAS?$AAk?$AAi?$AAp?$AAC?$AAo?$AAd?$AAe?$AAc?$AAR?$AAe?$AAs?$AAe?$AAt?$AA?$AA@ 0001775c     common.obj
 0002:0000027c       ??_C@_1CI@JKGI@?$AAS?$AAk?$AAi?$AAp?$AAC?$AAo?$AAn?$AAt?$AAr?$AAo?$AAl?$AAl?$AAe?$AAr?$AAR?$AAe?$AAs?$AAe?$AAt?$AA?$AA@ 0001777c     common.obj
 0002:000002a4       ??_C@_1BE@ENEK@?$AAR?$AAi?$AAg?$AAh?$AAt?$AAB?$AAa?$AAs?$AAs?$AA?$AA@ 000177a4     common.obj
 0002:000002b8       ??_C@_1BC@JMJO@?$AAL?$AAe?$AAf?$AAt?$AAB?$AAa?$AAs?$AAs?$AA?$AA@ 000177b8     common.obj
 0002:000002cc       ??_C@_1BI@KGAJ@?$AAR?$AAi?$AAg?$AAh?$AAt?$AAT?$AAr?$AAe?$AAb?$AAl?$AAe?$AA?$AA@ 000177cc     common.obj
 0002:000002e4       ??_C@_1BG@BGGD@?$AAL?$AAe?$AAf?$AAt?$AAT?$AAr?$AAe?$AAb?$AAl?$AAe?$AA?$AA@ 000177e4     common.obj
 0002:000002fc       ??_C@_1O@IECC@?$AAM?$AAi?$AAc?$AAA?$AAG?$AAC?$AA?$AA@ 000177fc     common.obj
 0002:0000030c       ??_C@_1CA@EJHI@?$AAR?$AAi?$AAg?$AAh?$AAt?$AAO?$AAu?$AAt?$AAp?$AAu?$AAt?$AAG?$AAa?$AAi?$AAn?$AA?$AA@ 0001780c     common.obj
 0002:0000032c       ??_C@_1BO@PPLI@?$AAL?$AAe?$AAf?$AAt?$AAO?$AAu?$AAt?$AAp?$AAu?$AAt?$AAG?$AAa?$AAi?$AAn?$AA?$AA@ 0001782c     common.obj
 0002:0000034c       ??_C@_1BO@PMCJ@?$AAR?$AAi?$AAg?$AAh?$AAt?$AAI?$AAn?$AAp?$AAu?$AAt?$AAG?$AAa?$AAi?$AAn?$AA?$AA@ 0001784c     common.obj
 0002:0000036c       ??_C@_1BM@CFEM@?$AAL?$AAe?$AAf?$AAt?$AAI?$AAn?$AAp?$AAu?$AAt?$AAG?$AAa?$AAi?$AAn?$AA?$AA@ 0001786c     common.obj
 0002:00000388       ??_C@_1CA@CIKM@?$AAR?$AAi?$AAg?$AAh?$AAt?$AAI?$AAn?$AAp?$AAu?$AAt?$AAM?$AAi?$AAx?$AAe?$AAr?$AA?$AA@ 00017888     common.obj
 0002:000003a8       ??_C@_1BO@JOGM@?$AAL?$AAe?$AAf?$AAt?$AAI?$AAn?$AAp?$AAu?$AAt?$AAM?$AAi?$AAx?$AAe?$AAr?$AA?$AA@ 000178a8     common.obj
 0002:000003c8       ??_C@_1BI@BMOJ@?$AAO?$AAu?$AAt?$AAp?$AAu?$AAt?$AAM?$AAi?$AAx?$AAe?$AAr?$AA?$AA@ 000178c8     common.obj
 0002:000003e0       ??_C@_1BE@GLOL@?$AAP?$AAc?$AAS?$AAp?$AAk?$AAr?$AAV?$AAo?$AAl?$AA?$AA@ 000178e0     common.obj
 0002:000003f4       ??_C@_1O@MNBB@?$AAM?$AAi?$AAc?$AAV?$AAo?$AAl?$AA?$AA@ 000178f4     common.obj
 0002:00000404       ??_C@_1BO@HCKE@?$AAR?$AAi?$AAg?$AAh?$AAt?$AAL?$AAi?$AAn?$AAe?$AAI?$AAn?$AAV?$AAo?$AAl?$AA?$AA@ 00017904     common.obj
 0002:00000424       ??_C@_1BM@KLMB@?$AAL?$AAe?$AAf?$AAt?$AAL?$AAi?$AAn?$AAe?$AAI?$AAn?$AAV?$AAo?$AAl?$AA?$AA@ 00017924     common.obj
 0002:00000440       ??_C@_1BG@COJL@?$AAR?$AAi?$AAg?$AAh?$AAt?$AAC?$AAD?$AAV?$AAo?$AAl?$AA?$AA@ 00017940     common.obj
 0002:00000458       ??_C@_1BE@KMKA@?$AAL?$AAe?$AAf?$AAt?$AAC?$AAD?$AAV?$AAo?$AAl?$AA?$AA@ 00017958     common.obj
 0002:0000046c       ??_C@_1BK@JCIM@?$AAR?$AAi?$AAg?$AAh?$AAt?$AAM?$AAi?$AAd?$AAi?$AAV?$AAo?$AAl?$AA?$AA@ 0001796c     common.obj
 0002:00000488       ??_C@_1BI@KBIJ@?$AAL?$AAe?$AAf?$AAt?$AAM?$AAi?$AAd?$AAi?$AAV?$AAo?$AAl?$AA?$AA@ 00017988     common.obj
 0002:000004a0       ??_C@_1BK@MFCG@?$AAR?$AAi?$AAg?$AAh?$AAt?$AAW?$AAa?$AAv?$AAe?$AAV?$AAo?$AAl?$AA?$AA@ 000179a0     common.obj
 0002:000004bc       ??_C@_1BI@PGCD@?$AAL?$AAe?$AAf?$AAt?$AAW?$AAa?$AAv?$AAe?$AAV?$AAo?$AAl?$AA?$AA@ 000179bc     common.obj
 0002:000004d4       ??_C@_1BO@NHA@?$AAR?$AAi?$AAg?$AAh?$AAt?$AAM?$AAa?$AAs?$AAt?$AAe?$AAr?$AAV?$AAo?$AAl?$AA?$AA@ 000179d4     common.obj
 0002:000004f4       ??_C@_1BM@NEBF@?$AAL?$AAe?$AAf?$AAt?$AAM?$AAa?$AAs?$AAt?$AAe?$AAr?$AAV?$AAo?$AAl?$AA?$AA@ 000179f4     common.obj
 0002:00000510       ??_7CAdapterCommon@@6BCUnknown@@@ 00017a10     common.obj
 0002:00000520       ??_7CAdapterCommon@@6BIAdapterPowerManagement@@@ 00017a20     common.obj
 0002:00000538       ??_7CAdapterCommon@@6BIAdapterCommon@@@ 00017a38     common.obj
 0002:00000668       ??_7CMiniportTopologyHDA@@6BCUnknown@@@ 00017b68     mintopo.obj
 0002:00000678       ??_7CMiniportTopologyHDA@@6BIMiniportTopology@@@ 00017b78     mintopo.obj
 0002:00000690       ??_7CMiniportWaveCyclicHDA@@6BCUnknown@@@ 00017b90     minwave.obj
 0002:000006a0       ??_7CMiniportWaveCyclicHDA@@6BIMiniportWaveCyclic@@@ 00017ba0     minwave.obj
 0002:000006bc       ??_C@_09BAJA@SSE2?5?$CFd?5?6?$AA@ 00017bbc     minwave.obj
 0002:000006c8       ??_7CMyDmaChannel@@6B@     00017bc8     minwave.obj
 0002:00000704       ??_C@_0DG@LDEH@Aligned?5DMA?5view?5invalid?5?$CIoff?$DN?$CFl@ 00017c04     minwave.obj
 0002:0000073c       ??_7CMiniportWaveCyclicStreamHDA@@6BCUnknown@@@ 00017c3c     minwave.obj
 0002:0000074c       ??_7CMiniportWaveCyclicStreamHDA@@6BIMiniportWaveCyclicStream@@@ 00017c4c     minwave.obj
 0002:00000770       ??_7CUnknown@@6B@          00017c70     stdunk:stdunk.obj
 0003:00000000       ?ulDebugOut@@3KA           00017c80     adapter.obj
 0003:00000008       __GUID_b7902fe9_fb0a_11d1_81b0_0060083316c1 00017c88     adapter.obj
 0003:00000018       __GUID_d3f0ce1c_fffc_11d1_81b0_0060083316c1 00017c98     adapter.obj
 0003:00000028       __GUID_c096df9c_fb09_11d1_81b0_0060083316c1 00017ca8     adapter.obj
 0003:00000140       ?audBufSize@@3KA           00017dc0     common.obj
 0003:00000144       ?BdlSize@@3KA              00017dc4     common.obj
 0003:00000840       __GUID_185fedf6_9905_11d1_95a9_00c04fb925d3 000184c0     mintopo.obj
 0003:00000850       __GUID_185fedef_9905_11d1_95a9_00c04fb925d3 000184d0     mintopo.obj
 0003:00000860       __GUID_185fede1_9905_11d1_95a9_00c04fb925d3 000184e0     mintopo.obj
 0003:00000870       __GUID_185fede0_9905_11d1_95a9_00c04fb925d3 000184f0     mintopo.obj
 0003:00000880       __GUID_7607e580_c557_11d0_8a2b_00a0c9255ac1 00018500     mintopo.obj
 0003:00000890       __GUID_185fede3_9905_11d1_95a9_00c04fb925d3 00018510     mintopo.obj
 0003:000008a0       __GUID_da441a60_c556_11d0_8a2b_00a0c9255ac1 00018520     mintopo.obj
 0003:000008b0       __GUID_185fedee_9905_11d1_95a9_00c04fb925d3 00018530     mintopo.obj
 0003:000008c0       __GUID_02b223c0_c557_11d0_8a2b_00a0c9255ac1 00018540     mintopo.obj
 0003:000008d0       __GUID_185feded_9905_11d1_95a9_00c04fb925d3 00018550     mintopo.obj
 0003:000008e0       __GUID_e88c9ba0_c557_11d0_8a2b_00a0c9255ac1 00018560     mintopo.obj
 0003:000008f0       __GUID_185fedec_9905_11d1_95a9_00c04fb925d3 00018570     mintopo.obj
 0003:00000900       __GUID_185fedeb_9905_11d1_95a9_00c04fb925d3 00018580     mintopo.obj
 0003:00000910       __GUID_185fedea_9905_11d1_95a9_00c04fb925d3 00018590     mintopo.obj
 0003:00000920       __GUID_185fede9_9905_11d1_95a9_00c04fb925d3 000185a0     mintopo.obj
 0003:00000930       __GUID_185fede8_9905_11d1_95a9_00c04fb925d3 000185b0     mintopo.obj
 0003:00000940       __GUID_e573adc0_c555_11d0_8a2b_00a0c9255ac1 000185c0     mintopo.obj
 0003:00000950       __GUID_185fede7_9905_11d1_95a9_00c04fb925d3 000185d0     mintopo.obj
 0003:00000960       __GUID_185fede5_9905_11d1_95a9_00c04fb925d3 000185e0     mintopo.obj
 0003:00000970       __GUID_3a5acc00_c557_11d0_8a2b_00a0c9255ac1 000185f0     mintopo.obj
 0003:00000980       __GUID_45ffaaa0_6e1b_11d0_bcf2_444553540000 00018600     mintopo.obj
 0003:00000990       __GUID_6994ad04_93ef_11d0_a3cc_00a0c9223196 00018610     mintopo.obj
 0003:000009a0       __GUID_185fedf7_9905_11d1_95a9_00c04fb925d3 00018620     mintopo.obj
 0003:000009b0       __GUID_dff21ce1_f70f_11d0_b917_00a0c9223196 00018630     mintopo.obj
 0003:000009c0       __GUID_dff21be1_f70f_11d0_b917_00a0c9223196 00018640     mintopo.obj
 0003:000009d0       __GUID_185fedf9_9905_11d1_95a9_00c04fb925d3 00018650     mintopo.obj
 0003:000009e0       __GUID_dff21fe3_f70f_11d0_b917_00a0c9223196 00018660     mintopo.obj
 0003:000009f0       __GUID_185fedfb_9905_11d1_95a9_00c04fb925d3 00018670     mintopo.obj
 0003:00000a00       __GUID_dff220e3_f70f_11d0_b917_00a0c9223196 00018680     mintopo.obj
 0003:00000a10       __GUID_185fedf8_9905_11d1_95a9_00c04fb925d3 00018690     mintopo.obj
 0003:00000a20       __GUID_dff220f3_f70f_11d0_b917_00a0c9223196 000186a0     mintopo.obj
 0003:00000a30       __GUID_dff21fe4_f70f_11d0_b917_00a0c9223196 000186b0     mintopo.obj
 0003:00000a40       __GUID_97e99ba0_bdea_11cf_a5d6_28db04c10000 000186c0     mintopo.obj
 0003:00000c88       __GUID_507ae360_c554_11d0_8a2b_00a0c9255ac1 00018908     minwave.obj
 0003:00000c98       __GUID_4d837fe0_c555_11d0_8a2b_00a0c9255ac1 00018918     minwave.obj
 0003:00000ca8       __GUID_185fedfa_9905_11d1_95a9_00c04fb925d3 00018928     minwave.obj
 0003:00000cb8       __GUID_fb6c4281_0353_11d1_905f_0000c0cc16ba 00018938     minwave.obj
 0003:00000cc8       __GUID_05589f81_c356_11ce_bf01_00aa0055595a 00018948     minwave.obj
 0003:00000cd8       __GUID_00000001_0000_0010_8000_00aa00389b71 00018958     minwave.obj
 0003:00000ce8       __GUID_73647561_0000_0010_8000_00aa00389b71 00018968     minwave.obj
 0003:00000cf8       __GUID_518590a2_a184_11d0_8522_00c04fd9baf3 00018978     minwave.obj
 0003:00000d08       __GUID_0f6417d6_c318_11d0_a43f_00a0c9223196 00018988     minwave.obj
 0003:00000d18       ?PDO@@3PAU_DEVICE_OBJECT@@A 00018998     adapter.obj
 0003:00000d20       __GUID_00000000_0000_0000_0000_000000000000 000189a0     adapter.obj
 0004:000000ae       _AddDevice@8               00018a6e f   adapter.obj
 0004:0000036a       ?InstallSubdevice@@YGJPAU_DEVICE_OBJECT@@PAU_IRP@@PAGABU_GUID@@3P6GJPAPAUIUnknown@@3PAU4@W4_POOL_TYPE@@@Z5PAUIResourceList@@344@Z 00018d2a f   adapter.obj
 0004:0000076e       ?StartDevice@@YGJPAU_DEVICE_OBJECT@@PAU_IRP@@PAUIResourceList@@@Z 0001912e f   adapter.obj
 0004:00000f6e       ?AssignResources@@YGJPAUIResourceList@@PAPAU1@11111@Z 0001992e f   adapter.obj
 0004:000014d8       ?NewAdapterCommon@@YGJPAPAUIUnknown@@ABU_GUID@@PAU1@W4_POOL_TYPE@@@Z 00019e98 f   common.obj
 0004:00002151       ?Init@CAdapterCommon@@UAGJPAUIResourceList@@PAU_DEVICE_OBJECT@@1@Z 0001ab11 f   common.obj
 0004:00003ae2       ??1CAdapterCommon@@UAE@XZ  0001c4a2 f   common.obj
 0004:00003f00       ??_GHDA_Codec@@QAEPAXI@Z   0001c8c0 f i common.obj
 0004:00003f87       ?NonDelegatingQueryInterface@CAdapterCommon@@UAGJABU_GUID@@PAPAX@Z 0001c947 f   common.obj
 0004:000040de       ?WavePortDriverDest@CAdapterCommon@@UAGPAPAUIUnknown@@XZ 0001ca9e f   common.obj
 0004:0000417e       ?GetInterruptSync@CAdapterCommon@@UAGPAUIInterruptSync@@XZ 0001cb3e f   common.obj
 0004:0000421e       ?GetDeviceDescription@CAdapterCommon@@UAGPAU_DEVICE_DESCRIPTION@@XZ 0001cbde f   common.obj
 0004:000042be       ?MidiPortDriverDest@CAdapterCommon@@UAGPAPAUIUnknown@@XZ 0001cc7e f   common.obj
 0004:0000435e       ?SetWaveServiceGroup@CAdapterCommon@@UAGXPAUIServiceGroup@@@Z 0001cd1e f   common.obj
 0004:00004b52       ?InitHDAController@CAdapterCommon@@QAGJXZ 0001d512 f   common.obj
 0004:00005d5e       ?TryInitializeCodecSlot@CAdapterCommon@@AAGJEPBD@Z 0001e71e f   common.obj
 0004:00005fa2       ?ReadRegistryBoolean@CAdapterCommon@@AAGEPBGE@Z 0001e962 f   common.obj
 0004:00006188       ?CreateMiniportTopologyHDA@@YGJPAPAUIUnknown@@ABU_GUID@@PAU1@W4_POOL_TYPE@@@Z 0001eb48 f   mintopo.obj
 0004:000062fa       ?ProcessResources@CMiniportTopologyHDA@@AAEJPAUIResourceList@@@Z 0001ecba f   mintopo.obj
 0004:0000648a       ?NonDelegatingQueryInterface@CMiniportTopologyHDA@@UAGJABU_GUID@@PAPAX@Z 0001ee4a f   mintopo.obj
 0004:0000663e       ??1CMiniportTopologyHDA@@UAE@XZ 0001effe f   mintopo.obj
 0004:00006816       ?Init@CMiniportTopologyHDA@@UAGJPAUIUnknown@@PAUIResourceList@@PAUIPortTopology@@@Z 0001f1d6 f   mintopo.obj
 0004:00006a2a       ?GetDescription@CMiniportTopologyHDA@@UAGJPAPAUPCFILTER_DESCRIPTOR@@@Z 0001f3ea f   mintopo.obj
 0004:00008208       ?CreateMiniportWaveCyclicHDA@@YGJPAPAUIUnknown@@ABU_GUID@@PAU1@W4_POOL_TYPE@@@Z 00020bc8 f   minwave.obj
 0004:000084c6       ?ProcessResources@CMiniportWaveCyclicHDA@@AAEJPAUIResourceList@@@Z 00020e86 f   minwave.obj
 0004:00008982       ?ValidateFormat@CMiniportWaveCyclicHDA@@AAEJPATKSDATAFORMAT@@@Z 00021342 f   minwave.obj
 0004:00008bbe       ?NonDelegatingQueryInterface@CMiniportWaveCyclicHDA@@UAGJABU_GUID@@PAPAX@Z 0002157e f   minwave.obj
 0004:00008d72       ??1CMiniportWaveCyclicHDA@@UAE@XZ 00021732 f   minwave.obj
 0004:00008f76       ?Init@CMiniportWaveCyclicHDA@@UAGJPAUIUnknown@@PAUIResourceList@@PAUIPortWaveCyclic@@@Z 00021936 f   minwave.obj
 0004:0000920e       ?GetDescription@CMiniportWaveCyclicHDA@@UAGJPAPAUPCFILTER_DESCRIPTOR@@@Z 00021bce f   minwave.obj
 0004:000093fa       ?DataRangeIntersection@CMiniportWaveCyclicHDA@@UAGJKPATKSDATAFORMAT@@0KPAXPAK@Z 00021dba f   minwave.obj
 0004:000099fa       ?NewStream@CMiniportWaveCyclicHDA@@UAGJPAPAUIMiniportWaveCyclicStream@@PAUIUnknown@@W4_POOL_TYPE@@KEPATKSDATAFORMAT@@PAPAUIDmaChannel@@PAPAUIServiceGroup@@@Z 000223ba f   minwave.obj
 0004:00009d92       ?NonDelegatingQueryInterface@CMiniportWaveCyclicStreamHDA@@UAGJABU_GUID@@PAPAX@Z 00022752 f   minwave.obj
 0004:00009f3e       ??1CMiniportWaveCyclicStreamHDA@@UAE@XZ 000228fe f   minwave.obj
 0004:0000a1d0       ?Init@CMiniportWaveCyclicStreamHDA@@QAEJPAVCMiniportWaveCyclicHDA@@KEPATKSDATAFORMAT@@PAUIDmaChannel@@@Z 00022b90 f   minwave.obj
 0004:0000a472       ?SetNotificationFreq@CMiniportWaveCyclicStreamHDA@@UAGKKPAK@Z 00022e32 f   minwave.obj
 0004:0000a606       ?SetFormat@CMiniportWaveCyclicStreamHDA@@UAGJPATKSDATAFORMAT@@@Z 00022fc6 f   minwave.obj
 0004:0000a84e       ?SetState@CMiniportWaveCyclicStreamHDA@@UAGJW4KSSTATE@@@Z 0002320e f   minwave.obj
 0005:0000003e       _DriverEntry@8             0002335e f   adapter.obj
 0005:000000ac       __IMPORT_DESCRIPTOR_ntoskrnl 000233cc     ntoskrnl:ntoskrnl.exe
 0005:000000c0       __IMPORT_DESCRIPTOR_HAL    000233e0     hal:HAL.dll
 0005:000000d4       __IMPORT_DESCRIPTOR_portcls 000233f4     portcls:portcls.sys
 0005:000000e8       __NULL_IMPORT_DESCRIPTOR   00023408     ntoskrnl:ntoskrnl.exe

 entry point at        0005:0000003e

 Static symbols

 0004:00006b7e       ?PropertyHandler_OnOff@@YGJPAU_PCPROPERTY_REQUEST@@@Z 0001f53e f   mintopo.obj
 0004:00006f96       ?PropertyHandler_SuperMixCaps@@YGJPAU_PCPROPERTY_REQUEST@@@Z 0001f956 f   mintopo.obj
 0004:000075a6       ?PropertyHandler_SuperMixTable@@YGJPAU_PCPROPERTY_REQUEST@@@Z 0001ff66 f   mintopo.obj
 0004:00007cd6       ?PropertyHandler_CpuResources@@YGJPAU_PCPROPERTY_REQUEST@@@Z 00020696 f   mintopo.obj
 0001:0000603e       ?PropertyHandler_Level@@YGJPAU_PCPROPERTY_REQUEST@@@Z 0001631e f   mintopo.obj
 0004:00007f36       ?BasicSupportHandler@@YGJPAU_PCPROPERTY_REQUEST@@@Z 000208f6 f   mintopo.obj
 0001:000001a0       ?AllocateAlignedCommonBuffer@@YGJPAU_DMA_ADAPTER@@KKPAU_HDA_DMA_COMMON_BUFFER@@@Z 00010480 f   common.obj
 0001:00000320       ?ResetCommonBufferDescriptor@@YGXPAU_HDA_DMA_COMMON_BUFFER@@@Z 00010600 f   common.obj
 0001:00000340       ?FreeAlignedCommonBuffer@@YGXPAU_DMA_ADAPTER@@PAU_HDA_DMA_COMMON_BUFFER@@@Z 00010620 f   common.obj

 698 bytes saved through ICF

