 HDA

 Timestamp is 69d9529a (Fri Apr 10 12:42:18 2026)

 Preferred load address is 00010000

 Start         Length     Name                   Class
 0001:00000000 00006afcH .text                   CODE
 0002:00000000 000000b8H .idata$5                DATA
 0002:000000b8 00000690H .rdata                  DATA
 0003:00000000 00000d18H .data                   DATA
 0003:00000d18 00000016H .bss                    DATA
 0004:00000000 0000a0bdH PAGE                    CODE
 0005:00000000 000000a9H INIT                    CODE
 0005:000000ac 0000003cH .idata$2                CODE
 0005:000000e8 00000014H .idata$3                CODE
 0005:000000fc 000000b8H .idata$4                CODE
 0005:000001b4 000003b4H .idata$6                CODE
 0006:00000000 00000058H .rsrc$01                DATA
 0006:00000060 000003d0H .rsrc$02                DATA

  Address         Publics by Value              Rva+Base     Lib:Object

 0001:00000000       ??3@YAXPAX@Z               000102e0 f i common.obj
 0001:00000010       ??2@YGPAXIW4_POOL_TYPE@@K@Z 000102f0 f i common.obj
 0001:00000050       ??0CAdapterCommon@@QAE@PAUIUnknown@@@Z 00010330 f i common.obj
 0001:000000a0       ?QueryInterface@CAdapterCommon@@UAGJABU_GUID@@PAPAX@Z 00010380 f i common.obj
 0001:000000d0       ?GetOuterUnknown@CUnknown@@QAEPAUIUnknown@@XZ 000103b0 f i common.obj
 0001:000000f0       ?AddRef@CAdapterCommon@@UAGKXZ 000103d0 f i common.obj
 0001:00000120       ?Release@CAdapterCommon@@UAGKXZ 00010400 f i common.obj
 0001:00000150       ??_GCAdapterCommon@@UAEPAXI@Z 00010430 f i common.obj
 0001:00000150       ??_ECAdapterCommon@@UAEPAXI@Z 00010430 f i common.obj
 0001:00000190       ??0IUnknown@@QAE@XZ        00010470 f i common.obj
 0001:000001a0       _IsEqualGUIDAligned@8      00010480 f i common.obj
 0001:00000220       ??2@YGPAXIW4_POOL_TYPE@@@Z 00010500 f i common.obj
 0001:00000270       ?hda_is_supported_sample_rate@CAdapterCommon@@UAGEK@Z 00010550 f   common.obj
 0001:00000346       ?hda_send_verb@CAdapterCommon@@UAGKKKKK@Z 00010626 f   common.obj
 0001:00000642       ?ReadController@CAdapterCommon@@UAGEXZ 00010922 f   common.obj
 0001:000006e6       ?WriteController@CAdapterCommon@@UAGEE@Z 000109c6 f   common.obj
 0001:000007f2       ?MixerRegWrite@CAdapterCommon@@UAGXEE@Z 00010ad2 f   common.obj
 0001:000009ba       ?MixerRegRead@CAdapterCommon@@UAGEE@Z 00010c9a f   common.obj
 0001:00000a9e       ?MixerReset@CAdapterCommon@@UAGXXZ 00010d7e f   common.obj
 0001:00000b3e       ?AcknowledgeIRQ@CAdapterCommon@@AAE?AW4_HDA_INTERRUPT_TYPE@@XZ 00010e1e f   common.obj
 0001:00000de2       ?ResetController@CAdapterCommon@@UAGJXZ 000110c2 f   common.obj
 0001:00000e96       ?RestoreMixerSettingsFromRegistry@CAdapterCommon@@UAGJXZ 00011176 f   common.obj
 0001:00001142       ?SaveMixerSettingsToRegistry@CAdapterCommon@@UAGJXZ 00011422 f   common.obj
 0001:0000139e       ?ProgramSampleRate@CAdapterCommon@@UAGJK@Z 0001167e f   common.obj
 0001:00001596       ?PowerChangeState@CAdapterCommon@@UAGXT_POWER_STATE@@@Z 00011876 f   common.obj
 0001:00001776       ?QueryPowerChangeState@CAdapterCommon@@UAGJT_POWER_STATE@@@Z 00011a56 f   common.obj
 0001:000017fa       ?QueryDeviceCapabilities@CAdapterCommon@@UAGJPAU_DEVICE_CAPABILITIES@@@Z 00011ada f   common.obj
 0001:000018aa       ?InterruptServiceRoutine@@YGJPAUIInterruptSync@@PAX@Z 00011b8a f   common.obj
 0001:00001a36       ?hda_stop_stream@CAdapterCommon@@UAGJXZ 00011d16 f   common.obj
 0001:00001ce6       ?hda_start_sound@CAdapterCommon@@UAGXXZ 00011fc6 f   common.obj
 0001:00001daa       ?hda_stop_sound@CAdapterCommon@@UAGXXZ 0001208a f   common.obj
 0001:00001ea6       ?hda_get_actual_stream_position@CAdapterCommon@@UAGKXZ 00012186 f   common.obj
 0001:00001fa0       ?hda_set_volume@CAdapterCommon@@QAGXKE@Z 00012280 f   common.obj
 0001:00002000       ?readUCHAR@CAdapterCommon@@QAGEG@Z 000122e0 f   common.obj
 0001:00002020       ?writeUCHAR@CAdapterCommon@@QAGXGE@Z 00012300 f   common.obj
 0001:00002050       ?readUSHORT@CAdapterCommon@@QAGGG@Z 00012330 f   common.obj
 0001:00002070       ?writeUSHORT@CAdapterCommon@@QAGXGG@Z 00012350 f   common.obj
 0001:000020a0       ?readULONG@CAdapterCommon@@QAGKG@Z 00012380 f   common.obj
 0001:000020c0       ?writeULONG@CAdapterCommon@@QAGXGK@Z 000123a0 f   common.obj
 0001:0000229a       ?hda_showtime@CAdapterCommon@@UAGJPAUIDmaChannel@@@Z 0001257a f   common.obj
 0001:00002730       ?ReadWriteConfigSpace@CAdapterCommon@@AAGJPAU_DEVICE_OBJECT@@KPAXKK@Z 00012a10 f   common.obj
 0001:0000285b       ?WriteConfigSpaceByte@CAdapterCommon@@AAGJEEE@Z 00012b3b f   common.obj
 0001:0000295b       ?WriteConfigSpaceWord@CAdapterCommon@@AAGJEGG@Z 00012c3b f   common.obj
 0001:00002a20       ?QueryInterface@CAdapterCommon@@W3AGJABU_GUID@@PAPAX@Z 00012d00 f i common.obj
 0001:00002a30       ?AddRef@CAdapterCommon@@W3AGKXZ 00012d10 f i common.obj
 0001:00002a40       ?Release@CAdapterCommon@@W3AGKXZ 00012d20 f i common.obj
 0001:00002a50       ??0HDA_Codec@@QAE@EEEPAUIAdapterCommon@@@Z 00012d30 f   codec.obj
 0001:00002af0       ??1HDA_Codec@@QAE@XZ       00012dd0 f   codec.obj
 0001:00002c0e       ?InitializeCodec@HDA_Codec@@QAGJXZ 00012eee f   codec.obj
 0001:000033c8       ?hda_initialize_audio_function_group@HDA_Codec@@QAGJK@Z 000136a8 f   codec.obj
 0001:0000401a       ?hda_get_node_type@HDA_Codec@@QAGEK@Z 000142fa f   codec.obj
 0001:000040ca       ?hda_get_node_connection_entries@HDA_Codec@@QAGKKK@Z 000143aa f   codec.obj
 0001:000041d0       ?hda_enable_pin_output@HDA_Codec@@QAGXK@Z 000144b0 f   codec.obj
 0001:00004200       ?hda_disable_pin_output@HDA_Codec@@QAGXK@Z 000144e0 f   codec.obj
 0001:00004230       ?hda_is_headphone_connected@HDA_Codec@@QAGEXZ 00014510 f   codec.obj
 0001:0000431a       ?hda_initialize_output_pin@HDA_Codec@@QAGXKAAUHDA_NODE_PATH@@@Z 000145fa f   codec.obj
 0001:000046c2       ?hda_initialize_audio_output@HDA_Codec@@QAGXKAAUHDA_NODE_PATH@@@Z 000149a2 f   codec.obj
 0001:00004ab6       ?hda_initialize_audio_mixer@HDA_Codec@@QAGXKAAUHDA_NODE_PATH@@@Z 00014d96 f   codec.obj
 0001:00004dde       ?hda_initialize_audio_selector@HDA_Codec@@QAGXKAAUHDA_NODE_PATH@@@Z 000150be f   codec.obj
 0001:00005256       ?ProgramSampleRate@HDA_Codec@@QAGJK@Z 00015536 f   codec.obj
 0001:000055a0       ?hda_check_headphone_connection_change@HDA_Codec@@QAGXXZ 00015880 f   codec.obj
 0001:00005672       ?hda_is_supported_sample_rate@HDA_Codec@@QAGEK@Z 00015952 f   codec.obj
 0001:00005790       ?hda_set_volume@HDA_Codec@@QAGXKE@Z 00015a70 f   codec.obj
 0001:000057f0       ?hda_set_node_gain@HDA_Codec@@QAGXKKKKE@Z 00015ad0 f   codec.obj
 0001:00005890       ?hda_send_verb@HDA_Codec@@QAGKKKK@Z 00015b70 f   codec.obj
 0001:000058c0       ?hda_return_sound_data_format@HDA_Codec@@QAGGKKK@Z 00015ba0 f   codec.obj
 0001:000058c0       ?hda_return_sound_data_format@CAdapterCommon@@QAGGKKK@Z 00015ba0 f   codec.obj
 0001:00005a30       ??0CMiniportTopologyHDA@@QAE@PAUIUnknown@@@Z 00015d10 f i mintopo.obj
 0001:00005a70       ?DataRangeIntersection@CMiniportTopologyHDA@@UAGJKPATKSDATAFORMAT@@0KPAXPAK@Z 00015d50 f i mintopo.obj
 0001:00005a80       ??_ECMiniportTopologyHDA@@UAEPAXI@Z 00015d60 f i mintopo.obj
 0001:00005a80       ??_GCMiniportTopologyHDA@@UAEPAXI@Z 00015d60 f i mintopo.obj
 0001:00006140       ?ReadBitsFromMixer@CMiniportTopologyHDA@@AAEEEEE@Z 00016420 f   mintopo.obj
 0001:00006190       ?ThisManyOnes@@YGEE@Z      00016470 f i mintopo.obj
 0001:000061b0       ?WriteBitsToMixer@CMiniportTopologyHDA@@AAEXEEEE@Z 00016490 f   mintopo.obj
 0001:00006250       ??0CMiniportWaveCyclicHDA@@QAE@PAUIUnknown@@@Z 00016530 f i minwave.obj
 0001:00006290       ?QueryInterface@CMiniportWaveCyclicStreamHDA@@UAGJABU_GUID@@PAPAX@Z 00016570 f i minwave.obj
 0001:00006290       ?QueryInterface@CMiniportWaveCyclicHDA@@UAGJABU_GUID@@PAPAX@Z 00016570 f i minwave.obj
 0001:00006290       ?QueryInterface@CMiniportTopologyHDA@@UAGJABU_GUID@@PAPAX@Z 00016570 f i minwave.obj
 0001:000062c0       ?AddRef@CMiniportWaveCyclicHDA@@UAGKXZ 000165a0 f i minwave.obj
 0001:000062c0       ?AddRef@CMiniportWaveCyclicStreamHDA@@UAGKXZ 000165a0 f i minwave.obj
 0001:000062c0       ?AddRef@CMiniportTopologyHDA@@UAGKXZ 000165a0 f i minwave.obj
 0001:000062f0       ??_GCMiniportWaveCyclicHDA@@UAEPAXI@Z 000165d0 f i minwave.obj
 0001:000062f0       ??_ECMiniportWaveCyclicHDA@@UAEPAXI@Z 000165d0 f i minwave.obj
 0001:00006330       ??0IMiniportTopology@@QAE@XZ 00016610 f i minwave.obj
 0001:00006330       ??0IMiniportWaveCyclic@@QAE@XZ 00016610 f i minwave.obj
 0001:00006350       ??0CMyDmaChannel@@QAE@PAUIDmaChannel@@@Z 00016630 f i minwave.obj
 0001:000063e0       ?QueryInterface@CMyDmaChannel@@UAGJABU_GUID@@PAPAX@Z 000166c0 f i minwave.obj
 0001:00006440       _IsEqualGUID@8             00016720 f i minwave.obj
 0001:00006470       ?AddRef@CMyDmaChannel@@UAGKXZ 00016750 f i minwave.obj
 0001:00006490       ?Release@CMyDmaChannel@@UAGKXZ 00016770 f i minwave.obj
 0001:000064e0       ?AllocateBuffer@CMyDmaChannel@@UAGJKPAT_LARGE_INTEGER@@@Z 000167c0 f i minwave.obj
 0001:00006510       ?FreeBuffer@CMyDmaChannel@@UAGXXZ 000167f0 f i minwave.obj
 0001:00006530       ?SystemAddress@CMyDmaChannel@@UAGPAXXZ 00016810 f i minwave.obj
 0001:00006550       ?CopyTo@CMyDmaChannel@@UAGXPAX0K@Z 00016830 f i minwave.obj
 0001:000065d0       ?CopyFrom@CMyDmaChannel@@UAGXPAX0K@Z 000168b0 f i minwave.obj
 0001:00006600       ?TransferCount@CMyDmaChannel@@UAGKXZ 000168e0 f i minwave.obj
 0001:00006620       ?MaximumBufferSize@CMyDmaChannel@@UAGKXZ 00016900 f i minwave.obj
 0001:00006640       ?AllocatedBufferSize@CMyDmaChannel@@UAGKXZ 00016920 f i minwave.obj
 0001:00006660       ?BufferSize@CMyDmaChannel@@UAGKXZ 00016940 f i minwave.obj
 0001:00006680       ?SetBufferSize@CMyDmaChannel@@UAGXK@Z 00016960 f i minwave.obj
 0001:000066a0       ?PhysicalAddress@CMyDmaChannel@@UAG?AT_LARGE_INTEGER@@XZ 00016980 f i minwave.obj
 0001:000066e0       ?GetAdapterObject@CMyDmaChannel@@UAGPAU_DMA_ADAPTER@@XZ 000169c0 f i minwave.obj
 0001:00006700       ??0CMiniportWaveCyclicStreamHDA@@QAE@PAUIUnknown@@@Z 000169e0 f i minwave.obj
 0001:00006740       ?Release@CMiniportWaveCyclicHDA@@UAGKXZ 00016a20 f i minwave.obj
 0001:00006740       ?Release@CMiniportTopologyHDA@@UAGKXZ 00016a20 f i minwave.obj
 0001:00006740       ?Release@CMiniportWaveCyclicStreamHDA@@UAGKXZ 00016a20 f i minwave.obj
 0001:00006770       ??_GCMiniportWaveCyclicStreamHDA@@UAEPAXI@Z 00016a50 f i minwave.obj
 0001:00006770       ??_ECMiniportWaveCyclicStreamHDA@@UAEPAXI@Z 00016a50 f i minwave.obj
 0001:000067b0       ??0IMiniportWaveCyclicStream@@QAE@XZ 00016a90 f i minwave.obj
 0001:000067b0       ??0IMiniport@@QAE@XZ       00016a90 f i minwave.obj
 0001:000067b0       ??0IDmaChannel@@QAE@XZ     00016a90 f i minwave.obj
 0001:000067b0       ??0IAdapterPowerManagement@@QAE@XZ 00016a90 f i minwave.obj
 0001:000067b0       ??0IAdapterCommon@@QAE@XZ  00016a90 f i minwave.obj
 0001:000067e9       ?GetPosition@CMiniportWaveCyclicStreamHDA@@UAGJPAK@Z 00016ac9 f   minwave.obj
 0001:000068de       ?NormalizePhysicalPosition@CMiniportWaveCyclicStreamHDA@@UAGJPA_J@Z 00016bbe f   minwave.obj
 0001:00006980       ?Silence@CMiniportWaveCyclicStreamHDA@@UAGXPAXK@Z 00016c60 f   minwave.obj
 0001:000069be       _DbgPrint                  00016c9e f   ntoskrnl:ntoskrnl.exe
 0001:000069c4       _DbgBreakPoint@0           00016ca4 f   ntoskrnl:ntoskrnl.exe
 0001:000069ca       __alldiv                   00016caa f   ntoskrnl:ntoskrnl.exe
 0001:000069d0       __allmul                   00016cb0 f   ntoskrnl:ntoskrnl.exe
 0001:000069d6       _PcInitializeAdapterDriver@12 00016cb6 f   portcls:portcls.sys
 0001:000069dc       _PcAddAdapterDevice@20     00016cbc f   portcls:portcls.sys
 0001:000069e2       _PcRegisterSubdevice@12    00016cc2 f   portcls:portcls.sys
 0001:000069e8       _PcNewMiniport@8           00016cc8 f   portcls:portcls.sys
 0001:000069ee       _PcNewPort@8               00016cce f   portcls:portcls.sys
 0001:000069f4       _PcRegisterPhysicalConnection@20 00016cd4 f   portcls:portcls.sys
 0001:000069fa       _PcRegisterAdapterPowerManagement@8 00016cda f   portcls:portcls.sys
 0001:00006a00       _PcNewResourceSublist@20   00016ce0 f   portcls:portcls.sys
 0001:00006a06       _PcNewInterruptSync@20     00016ce6 f   portcls:portcls.sys
 0001:00006a0c       _PcNewRegistryKey@36       00016cec f   portcls:portcls.sys
 0001:00006a12       _PcNewServiceGroup@8       00016cf2 f   portcls:portcls.sys
 0001:00006a18       ??0CUnknown@@QAE@PAUIUnknown@@@Z 00016cf8 f   stdunk:stdunk.obj
 0001:00006a37       ??_GCUnknown@@UAEPAXI@Z    00016d17 f i stdunk:stdunk.obj
 0001:00006a37       ??_ECUnknown@@UAEPAXI@Z    00016d17 f i stdunk:stdunk.obj
 0001:00006a53       ??1CUnknown@@UAE@XZ        00016d33 f   stdunk:stdunk.obj
 0001:00006a5a       ?NonDelegatingAddRef@CUnknown@@UAGKXZ 00016d3a f   stdunk:stdunk.obj
 0001:00006a70       ?NonDelegatingRelease@CUnknown@@UAGKXZ 00016d50 f   stdunk:stdunk.obj
 0001:00006a9f       ?NonDelegatingQueryInterface@CUnknown@@UAGJABU_GUID@@PAPAX@Z 00016d7f f   stdunk:stdunk.obj
 0002:00000000       __imp_@KfAcquireSpinLock@4 00016de0     hal:HAL.dll
 0002:00000004       __imp_@KfReleaseSpinLock@8 00016de4     hal:HAL.dll
 0002:00000008       __imp__KeStallExecutionProcessor@4 00016de8     hal:HAL.dll
 0002:0000000c       __imp__KeGetCurrentIrql@0  00016dec     hal:HAL.dll
 0002:00000010       \177HAL_NULL_THUNK_DATA    00016df0     hal:HAL.dll
 0002:00000014       __imp__MmMapIoSpace@16     00016df4     ntoskrnl:ntoskrnl.exe
 0002:00000018       __imp__KeInitializeSpinLock@4 00016df8     ntoskrnl:ntoskrnl.exe
 0002:0000001c       __imp__MmUnmapIoSpace@8    00016dfc     ntoskrnl:ntoskrnl.exe
 0002:00000020       __imp__RtlInitUnicodeString@8 00016e00     ntoskrnl:ntoskrnl.exe
 0002:00000024       __imp__IoGetDmaAdapter@12  00016e04     ntoskrnl:ntoskrnl.exe
 0002:00000028       __imp__READ_REGISTER_ULONG@4 00016e08     ntoskrnl:ntoskrnl.exe
 0002:0000002c       __imp__WRITE_REGISTER_ULONG@8 00016e0c     ntoskrnl:ntoskrnl.exe
 0002:00000030       __imp__READ_REGISTER_UCHAR@4 00016e10     ntoskrnl:ntoskrnl.exe
 0002:00000034       __imp__WRITE_REGISTER_UCHAR@8 00016e14     ntoskrnl:ntoskrnl.exe
 0002:00000038       __imp__READ_REGISTER_USHORT@4 00016e18     ntoskrnl:ntoskrnl.exe
 0002:0000003c       __imp__WRITE_REGISTER_USHORT@8 00016e1c     ntoskrnl:ntoskrnl.exe
 0002:00000040       __imp__ExFreePool@4        00016e20     ntoskrnl:ntoskrnl.exe
 0002:00000044       __imp__ExAllocatePoolWithTag@12 00016e24     ntoskrnl:ntoskrnl.exe
 0002:00000048       __imp_@IofCallDriver@8     00016e28     ntoskrnl:ntoskrnl.exe
 0002:0000004c       __imp__IoBuildSynchronousFsdRequest@28 00016e2c     ntoskrnl:ntoskrnl.exe
 0002:00000050       __imp__IoGetAttachedDeviceReference@4 00016e30     ntoskrnl:ntoskrnl.exe
 0002:00000054       __imp__KeInitializeEvent@12 00016e34     ntoskrnl:ntoskrnl.exe
 0002:00000058       __imp_@InterlockedIncrement@4 00016e38     ntoskrnl:ntoskrnl.exe
 0002:0000005c       __imp__RtlAssert@16        00016e3c     ntoskrnl:ntoskrnl.exe
 0002:00000060       __imp__KeInitializeMutex@8 00016e40     ntoskrnl:ntoskrnl.exe
 0002:00000064       __imp__KeReleaseMutex@8    00016e44     ntoskrnl:ntoskrnl.exe
 0002:00000068       __imp___alldiv             00016e48     ntoskrnl:ntoskrnl.exe
 0002:0000006c       __imp___allmul             00016e4c     ntoskrnl:ntoskrnl.exe
 0002:00000070       __imp__DbgBreakPoint@0     00016e50     ntoskrnl:ntoskrnl.exe
 0002:00000074       __imp__DbgPrint            00016e54     ntoskrnl:ntoskrnl.exe
 0002:00000078       __imp__KeWaitForSingleObject@20 00016e58     ntoskrnl:ntoskrnl.exe
 0002:0000007c       __imp_@ObfDereferenceObject@4 00016e5c     ntoskrnl:ntoskrnl.exe
 0002:00000080       __imp_@InterlockedDecrement@4 00016e60     ntoskrnl:ntoskrnl.exe
 0002:00000084       \177ntoskrnl_NULL_THUNK_DATA 00016e64     ntoskrnl:ntoskrnl.exe
 0002:00000088       __imp__PcRegisterAdapterPowerManagement@8 00016e68     portcls:portcls.sys
 0002:0000008c       __imp__PcAddAdapterDevice@20 00016e6c     portcls:portcls.sys
 0002:00000090       __imp__PcRegisterSubdevice@12 00016e70     portcls:portcls.sys
 0002:00000094       __imp__PcNewMiniport@8     00016e74     portcls:portcls.sys
 0002:00000098       __imp__PcNewPort@8         00016e78     portcls:portcls.sys
 0002:0000009c       __imp__PcRegisterPhysicalConnection@20 00016e7c     portcls:portcls.sys
 0002:000000a0       __imp__PcInitializeAdapterDriver@12 00016e80     portcls:portcls.sys
 0002:000000a4       __imp__PcNewResourceSublist@20 00016e84     portcls:portcls.sys
 0002:000000a8       __imp__PcNewInterruptSync@20 00016e88     portcls:portcls.sys
 0002:000000ac       __imp__PcNewRegistryKey@36 00016e8c     portcls:portcls.sys
 0002:000000b0       __imp__PcNewServiceGroup@8 00016e90     portcls:portcls.sys
 0002:000000b4       \177portcls_NULL_THUNK_DATA 00016e94     portcls:portcls.sys
 0002:00000130       _IID_IAdapterCommon        00016f10     adapter.obj
 0002:00000140       _CLSID_MiniportDriverFmSynth 00016f20     adapter.obj
 0002:00000150       _CLSID_PortWaveCyclic      00016f30     adapter.obj
 0002:00000160       _CLSID_PortTopology        00016f40     adapter.obj
 0002:00000170       _CLSID_PortMidi            00016f50     adapter.obj
 0002:00000180       _IID_IAdapterPowerManagment 00016f60     adapter.obj
 0002:00000190       _IID_IMiniportWaveCyclicStream 00016f70     adapter.obj
 0002:000001a0       _IID_IMiniportWaveCyclic   00016f80     adapter.obj
 0002:000001b0       _IID_IPortWaveCyclic       00016f90     adapter.obj
 0002:000001c0       _IID_IMiniportTopology     00016fa0     adapter.obj
 0002:000001d0       _IID_IDmaChannel           00016fb0     adapter.obj
 0002:000001e0       _IID_IMiniport             00016fc0     adapter.obj
 0002:000001f0       _IID_IUnknown              00016fd0     adapter.obj
 0002:00000200       ??_C@_1BE@FFBG@?$AAU?$AAs?$AAe?$AAD?$AAm?$AAa?$AAP?$AAo?$AAs?$AA?$AA@ 00016fe0     common.obj
 0002:00000214       ??_C@_1CA@DADJ@?$AAU?$AAs?$AAe?$AAD?$AAi?$AAs?$AAa?$AAb?$AAl?$AAe?$AAd?$AAP?$AAi?$AAn?$AAs?$AA?$AA@ 00016ff4     common.obj
 0002:00000234       ??_C@_1BC@MBIB@?$AAU?$AAs?$AAe?$AAS?$AAP?$AAD?$AAI?$AAF?$AA?$AA@ 00017014     common.obj
 0002:00000248       ??_C@_1BE@ONOC@?$AAU?$AAs?$AAe?$AAA?$AAl?$AAt?$AAO?$AAu?$AAt?$AA?$AA@ 00017028     common.obj
 0002:0000025c       ??_C@_1BO@LMMA@?$AAS?$AAk?$AAi?$AAp?$AAC?$AAo?$AAd?$AAe?$AAc?$AAR?$AAe?$AAs?$AAe?$AAt?$AA?$AA@ 0001703c     common.obj
 0002:0000027c       ??_C@_1CI@JKGI@?$AAS?$AAk?$AAi?$AAp?$AAC?$AAo?$AAn?$AAt?$AAr?$AAo?$AAl?$AAl?$AAe?$AAr?$AAR?$AAe?$AAs?$AAe?$AAt?$AA?$AA@ 0001705c     common.obj
 0002:000002a4       ??_C@_1BE@ENEK@?$AAR?$AAi?$AAg?$AAh?$AAt?$AAB?$AAa?$AAs?$AAs?$AA?$AA@ 00017084     common.obj
 0002:000002b8       ??_C@_1BC@JMJO@?$AAL?$AAe?$AAf?$AAt?$AAB?$AAa?$AAs?$AAs?$AA?$AA@ 00017098     common.obj
 0002:000002cc       ??_C@_1BI@KGAJ@?$AAR?$AAi?$AAg?$AAh?$AAt?$AAT?$AAr?$AAe?$AAb?$AAl?$AAe?$AA?$AA@ 000170ac     common.obj
 0002:000002e4       ??_C@_1BG@BGGD@?$AAL?$AAe?$AAf?$AAt?$AAT?$AAr?$AAe?$AAb?$AAl?$AAe?$AA?$AA@ 000170c4     common.obj
 0002:000002fc       ??_C@_1O@IECC@?$AAM?$AAi?$AAc?$AAA?$AAG?$AAC?$AA?$AA@ 000170dc     common.obj
 0002:0000030c       ??_C@_1CA@EJHI@?$AAR?$AAi?$AAg?$AAh?$AAt?$AAO?$AAu?$AAt?$AAp?$AAu?$AAt?$AAG?$AAa?$AAi?$AAn?$AA?$AA@ 000170ec     common.obj
 0002:0000032c       ??_C@_1BO@PPLI@?$AAL?$AAe?$AAf?$AAt?$AAO?$AAu?$AAt?$AAp?$AAu?$AAt?$AAG?$AAa?$AAi?$AAn?$AA?$AA@ 0001710c     common.obj
 0002:0000034c       ??_C@_1BO@PMCJ@?$AAR?$AAi?$AAg?$AAh?$AAt?$AAI?$AAn?$AAp?$AAu?$AAt?$AAG?$AAa?$AAi?$AAn?$AA?$AA@ 0001712c     common.obj
 0002:0000036c       ??_C@_1BM@CFEM@?$AAL?$AAe?$AAf?$AAt?$AAI?$AAn?$AAp?$AAu?$AAt?$AAG?$AAa?$AAi?$AAn?$AA?$AA@ 0001714c     common.obj
 0002:00000388       ??_C@_1CA@CIKM@?$AAR?$AAi?$AAg?$AAh?$AAt?$AAI?$AAn?$AAp?$AAu?$AAt?$AAM?$AAi?$AAx?$AAe?$AAr?$AA?$AA@ 00017168     common.obj
 0002:000003a8       ??_C@_1BO@JOGM@?$AAL?$AAe?$AAf?$AAt?$AAI?$AAn?$AAp?$AAu?$AAt?$AAM?$AAi?$AAx?$AAe?$AAr?$AA?$AA@ 00017188     common.obj
 0002:000003c8       ??_C@_1BI@BMOJ@?$AAO?$AAu?$AAt?$AAp?$AAu?$AAt?$AAM?$AAi?$AAx?$AAe?$AAr?$AA?$AA@ 000171a8     common.obj
 0002:000003e0       ??_C@_1BE@GLOL@?$AAP?$AAc?$AAS?$AAp?$AAk?$AAr?$AAV?$AAo?$AAl?$AA?$AA@ 000171c0     common.obj
 0002:000003f4       ??_C@_1O@MNBB@?$AAM?$AAi?$AAc?$AAV?$AAo?$AAl?$AA?$AA@ 000171d4     common.obj
 0002:00000404       ??_C@_1BO@HCKE@?$AAR?$AAi?$AAg?$AAh?$AAt?$AAL?$AAi?$AAn?$AAe?$AAI?$AAn?$AAV?$AAo?$AAl?$AA?$AA@ 000171e4     common.obj
 0002:00000424       ??_C@_1BM@KLMB@?$AAL?$AAe?$AAf?$AAt?$AAL?$AAi?$AAn?$AAe?$AAI?$AAn?$AAV?$AAo?$AAl?$AA?$AA@ 00017204     common.obj
 0002:00000440       ??_C@_1BG@COJL@?$AAR?$AAi?$AAg?$AAh?$AAt?$AAC?$AAD?$AAV?$AAo?$AAl?$AA?$AA@ 00017220     common.obj
 0002:00000458       ??_C@_1BE@KMKA@?$AAL?$AAe?$AAf?$AAt?$AAC?$AAD?$AAV?$AAo?$AAl?$AA?$AA@ 00017238     common.obj
 0002:0000046c       ??_C@_1BK@JCIM@?$AAR?$AAi?$AAg?$AAh?$AAt?$AAM?$AAi?$AAd?$AAi?$AAV?$AAo?$AAl?$AA?$AA@ 0001724c     common.obj
 0002:00000488       ??_C@_1BI@KBIJ@?$AAL?$AAe?$AAf?$AAt?$AAM?$AAi?$AAd?$AAi?$AAV?$AAo?$AAl?$AA?$AA@ 00017268     common.obj
 0002:000004a0       ??_C@_1BK@MFCG@?$AAR?$AAi?$AAg?$AAh?$AAt?$AAW?$AAa?$AAv?$AAe?$AAV?$AAo?$AAl?$AA?$AA@ 00017280     common.obj
 0002:000004bc       ??_C@_1BI@PGCD@?$AAL?$AAe?$AAf?$AAt?$AAW?$AAa?$AAv?$AAe?$AAV?$AAo?$AAl?$AA?$AA@ 0001729c     common.obj
 0002:000004d4       ??_C@_1BO@NHA@?$AAR?$AAi?$AAg?$AAh?$AAt?$AAM?$AAa?$AAs?$AAt?$AAe?$AAr?$AAV?$AAo?$AAl?$AA?$AA@ 000172b4     common.obj
 0002:000004f4       ??_C@_1BM@NEBF@?$AAL?$AAe?$AAf?$AAt?$AAM?$AAa?$AAs?$AAt?$AAe?$AAr?$AAV?$AAo?$AAl?$AA?$AA@ 000172d4     common.obj
 0002:00000510       ??_7CAdapterCommon@@6BCUnknown@@@ 000172f0     common.obj
 0002:00000520       ??_7CAdapterCommon@@6BIAdapterPowerManagement@@@ 00017300     common.obj
 0002:00000538       ??_7CAdapterCommon@@6BIAdapterCommon@@@ 00017318     common.obj
 0002:00000668       ??_7CMiniportTopologyHDA@@6BCUnknown@@@ 00017448     mintopo.obj
 0002:00000678       ??_7CMiniportTopologyHDA@@6BIMiniportTopology@@@ 00017458     mintopo.obj
 0002:00000690       ??_7CMiniportWaveCyclicHDA@@6BCUnknown@@@ 00017470     minwave.obj
 0002:000006a0       ??_7CMiniportWaveCyclicHDA@@6BIMiniportWaveCyclic@@@ 00017480     minwave.obj
 0002:000006bc       ??_C@_09BAJA@SSE2?5?$CFd?5?6?$AA@ 0001749c     minwave.obj
 0002:000006c8       ??_7CMyDmaChannel@@6B@     000174a8     minwave.obj
 0002:00000704       ??_7CMiniportWaveCyclicStreamHDA@@6BCUnknown@@@ 000174e4     minwave.obj
 0002:00000714       ??_7CMiniportWaveCyclicStreamHDA@@6BIMiniportWaveCyclicStream@@@ 000174f4     minwave.obj
 0002:00000738       ??_7CUnknown@@6B@          00017518     stdunk:stdunk.obj
 0003:00000000       ?ulDebugOut@@3KA           00017540     adapter.obj
 0003:00000008       __GUID_b7902fe9_fb0a_11d1_81b0_0060083316c1 00017548     adapter.obj
 0003:00000018       __GUID_d3f0ce1c_fffc_11d1_81b0_0060083316c1 00017558     adapter.obj
 0003:00000028       __GUID_c096df9c_fb09_11d1_81b0_0060083316c1 00017568     adapter.obj
 0003:00000140       ?audBufSize@@3KA           00017680     common.obj
 0003:00000144       ?BdlSize@@3KA              00017684     common.obj
 0003:00000840       __GUID_185fedf6_9905_11d1_95a9_00c04fb925d3 00017d80     mintopo.obj
 0003:00000850       __GUID_185fedef_9905_11d1_95a9_00c04fb925d3 00017d90     mintopo.obj
 0003:00000860       __GUID_185fede1_9905_11d1_95a9_00c04fb925d3 00017da0     mintopo.obj
 0003:00000870       __GUID_185fede0_9905_11d1_95a9_00c04fb925d3 00017db0     mintopo.obj
 0003:00000880       __GUID_7607e580_c557_11d0_8a2b_00a0c9255ac1 00017dc0     mintopo.obj
 0003:00000890       __GUID_185fede3_9905_11d1_95a9_00c04fb925d3 00017dd0     mintopo.obj
 0003:000008a0       __GUID_da441a60_c556_11d0_8a2b_00a0c9255ac1 00017de0     mintopo.obj
 0003:000008b0       __GUID_185fedee_9905_11d1_95a9_00c04fb925d3 00017df0     mintopo.obj
 0003:000008c0       __GUID_02b223c0_c557_11d0_8a2b_00a0c9255ac1 00017e00     mintopo.obj
 0003:000008d0       __GUID_185feded_9905_11d1_95a9_00c04fb925d3 00017e10     mintopo.obj
 0003:000008e0       __GUID_e88c9ba0_c557_11d0_8a2b_00a0c9255ac1 00017e20     mintopo.obj
 0003:000008f0       __GUID_185fedec_9905_11d1_95a9_00c04fb925d3 00017e30     mintopo.obj
 0003:00000900       __GUID_185fedeb_9905_11d1_95a9_00c04fb925d3 00017e40     mintopo.obj
 0003:00000910       __GUID_185fedea_9905_11d1_95a9_00c04fb925d3 00017e50     mintopo.obj
 0003:00000920       __GUID_185fede9_9905_11d1_95a9_00c04fb925d3 00017e60     mintopo.obj
 0003:00000930       __GUID_185fede8_9905_11d1_95a9_00c04fb925d3 00017e70     mintopo.obj
 0003:00000940       __GUID_e573adc0_c555_11d0_8a2b_00a0c9255ac1 00017e80     mintopo.obj
 0003:00000950       __GUID_185fede7_9905_11d1_95a9_00c04fb925d3 00017e90     mintopo.obj
 0003:00000960       __GUID_185fede5_9905_11d1_95a9_00c04fb925d3 00017ea0     mintopo.obj
 0003:00000970       __GUID_3a5acc00_c557_11d0_8a2b_00a0c9255ac1 00017eb0     mintopo.obj
 0003:00000980       __GUID_45ffaaa0_6e1b_11d0_bcf2_444553540000 00017ec0     mintopo.obj
 0003:00000990       __GUID_6994ad04_93ef_11d0_a3cc_00a0c9223196 00017ed0     mintopo.obj
 0003:000009a0       __GUID_185fedf7_9905_11d1_95a9_00c04fb925d3 00017ee0     mintopo.obj
 0003:000009b0       __GUID_dff21ce1_f70f_11d0_b917_00a0c9223196 00017ef0     mintopo.obj
 0003:000009c0       __GUID_dff21be1_f70f_11d0_b917_00a0c9223196 00017f00     mintopo.obj
 0003:000009d0       __GUID_185fedf9_9905_11d1_95a9_00c04fb925d3 00017f10     mintopo.obj
 0003:000009e0       __GUID_dff21fe3_f70f_11d0_b917_00a0c9223196 00017f20     mintopo.obj
 0003:000009f0       __GUID_185fedfb_9905_11d1_95a9_00c04fb925d3 00017f30     mintopo.obj
 0003:00000a00       __GUID_dff220e3_f70f_11d0_b917_00a0c9223196 00017f40     mintopo.obj
 0003:00000a10       __GUID_185fedf8_9905_11d1_95a9_00c04fb925d3 00017f50     mintopo.obj
 0003:00000a20       __GUID_dff220f3_f70f_11d0_b917_00a0c9223196 00017f60     mintopo.obj
 0003:00000a30       __GUID_dff21fe4_f70f_11d0_b917_00a0c9223196 00017f70     mintopo.obj
 0003:00000a40       __GUID_97e99ba0_bdea_11cf_a5d6_28db04c10000 00017f80     mintopo.obj
 0003:00000c88       __GUID_507ae360_c554_11d0_8a2b_00a0c9255ac1 000181c8     minwave.obj
 0003:00000c98       __GUID_4d837fe0_c555_11d0_8a2b_00a0c9255ac1 000181d8     minwave.obj
 0003:00000ca8       __GUID_185fedfa_9905_11d1_95a9_00c04fb925d3 000181e8     minwave.obj
 0003:00000cb8       __GUID_fb6c4281_0353_11d1_905f_0000c0cc16ba 000181f8     minwave.obj
 0003:00000cc8       __GUID_05589f81_c356_11ce_bf01_00aa0055595a 00018208     minwave.obj
 0003:00000cd8       __GUID_00000001_0000_0010_8000_00aa00389b71 00018218     minwave.obj
 0003:00000ce8       __GUID_73647561_0000_0010_8000_00aa00389b71 00018228     minwave.obj
 0003:00000cf8       __GUID_518590a2_a184_11d0_8522_00c04fd9baf3 00018238     minwave.obj
 0003:00000d08       __GUID_0f6417d6_c318_11d0_a43f_00a0c9223196 00018248     minwave.obj
 0003:00000d18       __GUID_00000000_0000_0000_0000_000000000000 00018258     adapter.obj
 0004:0000003e       _AddDevice@8               000182be f   adapter.obj
 0004:0000026a       ?InstallSubdevice@@YGJPAU_DEVICE_OBJECT@@PAU_IRP@@PAGABU_GUID@@3P6GJPAPAUIUnknown@@3PAU4@W4_POOL_TYPE@@@Z5PAUIResourceList@@344@Z 000184ea f   adapter.obj
 0004:0000066e       ?StartDevice@@YGJPAU_DEVICE_OBJECT@@PAU_IRP@@PAUIResourceList@@@Z 000188ee f   adapter.obj
 0004:00000e6e       ?AssignResources@@YGJPAUIResourceList@@PAPAU1@11111@Z 000190ee f   adapter.obj
 0004:000013d8       ?NewAdapterCommon@@YGJPAPAUIUnknown@@ABU_GUID@@PAU1@W4_POOL_TYPE@@@Z 00019658 f   common.obj
 0004:00001e0d       ?Init@CAdapterCommon@@UAGJPAUIResourceList@@PAU_DEVICE_OBJECT@@@Z 0001a08d f   common.obj
 0004:00003602       ??1CAdapterCommon@@UAE@XZ  0001b882 f   common.obj
 0004:00003aa0       ??_GHDA_Codec@@QAEPAXI@Z   0001bd20 f i common.obj
 0004:00003b27       ?NonDelegatingQueryInterface@CAdapterCommon@@UAGJABU_GUID@@PAPAX@Z 0001bda7 f   common.obj
 0004:00003c7e       ?WavePortDriverDest@CAdapterCommon@@UAGPAPAUIUnknown@@XZ 0001befe f   common.obj
 0004:00003d1e       ?GetInterruptSync@CAdapterCommon@@UAGPAUIInterruptSync@@XZ 0001bf9e f   common.obj
 0004:00003dbe       ?GetDeviceDescription@CAdapterCommon@@UAGPAU_DEVICE_DESCRIPTION@@XZ 0001c03e f   common.obj
 0004:00003e5e       ?MidiPortDriverDest@CAdapterCommon@@UAGPAPAUIUnknown@@XZ 0001c0de f   common.obj
 0004:00003efe       ?SetWaveServiceGroup@CAdapterCommon@@UAGXPAUIServiceGroup@@@Z 0001c17e f   common.obj
 0004:000045fa       ?InitHDAController@CAdapterCommon@@QAGJXZ 0001c87a f   common.obj
 0004:000055da       ?TryInitializeCodecSlot@CAdapterCommon@@AAGXEKPBDPAJ@Z 0001d85a f   common.obj
 0004:000057c2       ?ReadRegistryBoolean@CAdapterCommon@@AAGEPBGE@Z 0001da42 f   common.obj
 0004:000059a8       ?CreateMiniportTopologyHDA@@YGJPAPAUIUnknown@@ABU_GUID@@PAU1@W4_POOL_TYPE@@@Z 0001dc28 f   mintopo.obj
 0004:00005b1a       ?ProcessResources@CMiniportTopologyHDA@@AAEJPAUIResourceList@@@Z 0001dd9a f   mintopo.obj
 0004:00005c9a       ?NonDelegatingQueryInterface@CMiniportTopologyHDA@@UAGJABU_GUID@@PAPAX@Z 0001df1a f   mintopo.obj
 0004:00005e3e       ??1CMiniportTopologyHDA@@UAE@XZ 0001e0be f   mintopo.obj
 0004:00006016       ?Init@CMiniportTopologyHDA@@UAGJPAUIUnknown@@PAUIResourceList@@PAUIPortTopology@@@Z 0001e296 f   mintopo.obj
 0004:0000622a       ?GetDescription@CMiniportTopologyHDA@@UAGJPAPAUPCFILTER_DESCRIPTOR@@@Z 0001e4aa f   mintopo.obj
 0004:000079e8       ?CreateMiniportWaveCyclicHDA@@YGJPAPAUIUnknown@@ABU_GUID@@PAU1@W4_POOL_TYPE@@@Z 0001fc68 f   minwave.obj
 0004:00007ca6       ?ProcessResources@CMiniportWaveCyclicHDA@@AAEJPAUIResourceList@@@Z 0001ff26 f   minwave.obj
 0004:00008172       ?ValidateFormat@CMiniportWaveCyclicHDA@@AAEJPATKSDATAFORMAT@@@Z 000203f2 f   minwave.obj
 0004:000083ae       ?NonDelegatingQueryInterface@CMiniportWaveCyclicHDA@@UAGJABU_GUID@@PAPAX@Z 0002062e f   minwave.obj
 0004:00008562       ??1CMiniportWaveCyclicHDA@@UAE@XZ 000207e2 f   minwave.obj
 0004:00008756       ?Init@CMiniportWaveCyclicHDA@@UAGJPAUIUnknown@@PAUIResourceList@@PAUIPortWaveCyclic@@@Z 000209d6 f   minwave.obj
 0004:000089ee       ?GetDescription@CMiniportWaveCyclicHDA@@UAGJPAPAUPCFILTER_DESCRIPTOR@@@Z 00020c6e f   minwave.obj
 0004:00008bca       ?DataRangeIntersection@CMiniportWaveCyclicHDA@@UAGJKPATKSDATAFORMAT@@0KPAXPAK@Z 00020e4a f   minwave.obj
 0004:000091ba       ?NewStream@CMiniportWaveCyclicHDA@@UAGJPAPAUIMiniportWaveCyclicStream@@PAUIUnknown@@W4_POOL_TYPE@@KEPATKSDATAFORMAT@@PAPAUIDmaChannel@@PAPAUIServiceGroup@@@Z 0002143a f   minwave.obj
 0004:00009552       ?NonDelegatingQueryInterface@CMiniportWaveCyclicStreamHDA@@UAGJABU_GUID@@PAPAX@Z 000217d2 f   minwave.obj
 0004:000096ee       ??1CMiniportWaveCyclicStreamHDA@@UAE@XZ 0002196e f   minwave.obj
 0004:00009960       ?Init@CMiniportWaveCyclicStreamHDA@@QAEJPAVCMiniportWaveCyclicHDA@@KEPATKSDATAFORMAT@@PAUIDmaChannel@@@Z 00021be0 f   minwave.obj
 0004:00009bd2       ?SetNotificationFreq@CMiniportWaveCyclicStreamHDA@@UAGKKPAK@Z 00021e52 f   minwave.obj
 0004:00009d66       ?SetFormat@CMiniportWaveCyclicStreamHDA@@UAGJPATKSDATAFORMAT@@@Z 00021fe6 f   minwave.obj
 0004:00009fae       ?SetState@CMiniportWaveCyclicStreamHDA@@UAGJW4KSSTATE@@@Z 0002222e f   minwave.obj
 0005:0000003e       _DriverEntry@8             0002237e f   adapter.obj
 0005:000000ac       __IMPORT_DESCRIPTOR_ntoskrnl 000223ec     ntoskrnl:ntoskrnl.exe
 0005:000000c0       __IMPORT_DESCRIPTOR_HAL    00022400     hal:HAL.dll
 0005:000000d4       __IMPORT_DESCRIPTOR_portcls 00022414     portcls:portcls.sys
 0005:000000e8       __NULL_IMPORT_DESCRIPTOR   00022428     ntoskrnl:ntoskrnl.exe

 entry point at        0005:0000003e

 Static symbols

 0004:0000637e       ?PropertyHandler_OnOff@@YGJPAU_PCPROPERTY_REQUEST@@@Z 0001e5fe f   mintopo.obj
 0004:00006796       ?PropertyHandler_SuperMixCaps@@YGJPAU_PCPROPERTY_REQUEST@@@Z 0001ea16 f   mintopo.obj
 0004:00006d96       ?PropertyHandler_SuperMixTable@@YGJPAU_PCPROPERTY_REQUEST@@@Z 0001f016 f   mintopo.obj
 0004:000074c6       ?PropertyHandler_CpuResources@@YGJPAU_PCPROPERTY_REQUEST@@@Z 0001f746 f   mintopo.obj
 0001:00005b1e       ?PropertyHandler_Level@@YGJPAU_PCPROPERTY_REQUEST@@@Z 00015dfe f   mintopo.obj
 0004:00007716       ?BasicSupportHandler@@YGJPAU_PCPROPERTY_REQUEST@@@Z 0001f996 f   mintopo.obj

 698 bytes saved through ICF

