 HDA

 Timestamp is 69a1f827 (Fri Feb 27 12:01:43 2026)

 Preferred load address is 00010000

 Start         Length     Name                   Class
 0001:00000000 0000692cH .text                   CODE
 0002:00000000 000000b8H .idata$5                DATA
 0002:000000b8 00000684H .rdata                  DATA
 0003:00000000 00000d18H .data                   DATA
 0003:00000d18 00000016H .bss                    DATA
 0004:00000000 0000a0edH PAGE                    CODE
 0005:00000000 000000a9H INIT                    CODE
 0005:000000ac 0000003cH .idata$2                CODE
 0005:000000e8 00000014H .idata$3                CODE
 0005:000000fc 000000b8H .idata$4                CODE
 0005:000001b4 000003b4H .idata$6                CODE
 0006:00000000 00000058H .rsrc$01                DATA
 0006:00000060 000003d8H .rsrc$02                DATA

  Address         Publics by Value              Rva+Base     Lib:Object

 0001:00000000       ??3@YAXPAX@Z               000102e0 f i common.obj
 0001:00000010       ??2@YGPAXIW4_POOL_TYPE@@K@Z 000102f0 f i common.obj
 0001:00000050       ??0CAdapterCommon@@QAE@PAUIUnknown@@@Z 00010330 f i common.obj
 0001:000000a0       ?QueryInterface@CAdapterCommon@@UAGJABU_GUID@@PAPAX@Z 00010380 f i common.obj
 0001:000000d0       ?GetOuterUnknown@CUnknown@@QAEPAUIUnknown@@XZ 000103b0 f i common.obj
 0001:000000f0       ?AddRef@CAdapterCommon@@UAGKXZ 000103d0 f i common.obj
 0001:00000120       ?Release@CAdapterCommon@@UAGKXZ 00010400 f i common.obj
 0001:00000150       ??_GCAdapterCommon@@UAEPAXI@Z 00010430 f i common.obj
 0001:00000150       ??_ECAdapterCommon@@UAEPAXI@Z 00010430 f i common.obj
 0001:00000190       ??0IUnknown@@QAE@XZ        00010470 f i common.obj
 0001:000001a0       _IsEqualGUIDAligned@8      00010480 f i common.obj
 0001:00000220       ??2@YGPAXIW4_POOL_TYPE@@@Z 00010500 f i common.obj
 0001:00000270       ?hda_is_supported_sample_rate@CAdapterCommon@@UAGEK@Z 00010550 f   common.obj
 0001:00000346       ?hda_send_verb@CAdapterCommon@@UAGKKKKK@Z 00010626 f   common.obj
 0001:00000642       ?ReadController@CAdapterCommon@@UAGEXZ 00010922 f   common.obj
 0001:000006e6       ?WriteController@CAdapterCommon@@UAGEE@Z 000109c6 f   common.obj
 0001:000007f2       ?MixerRegWrite@CAdapterCommon@@UAGXEE@Z 00010ad2 f   common.obj
 0001:000009ba       ?MixerRegRead@CAdapterCommon@@UAGEE@Z 00010c9a f   common.obj
 0001:00000a9e       ?MixerReset@CAdapterCommon@@UAGXXZ 00010d7e f   common.obj
 0001:00000b3e       ?AcknowledgeIRQ@CAdapterCommon@@AAE?AW4_HDA_INTERRUPT_TYPE@@XZ 00010e1e f   common.obj
 0001:00000de2       ?ResetController@CAdapterCommon@@UAGJXZ 000110c2 f   common.obj
 0001:00000e96       ?RestoreMixerSettingsFromRegistry@CAdapterCommon@@UAGJXZ 00011176 f   common.obj
 0001:00001142       ?SaveMixerSettingsToRegistry@CAdapterCommon@@UAGJXZ 00011422 f   common.obj
 0001:0000139e       ?ProgramSampleRate@CAdapterCommon@@UAGJK@Z 0001167e f   common.obj
 0001:00001596       ?PowerChangeState@CAdapterCommon@@UAGXT_POWER_STATE@@@Z 00011876 f   common.obj
 0001:00001776       ?QueryPowerChangeState@CAdapterCommon@@UAGJT_POWER_STATE@@@Z 00011a56 f   common.obj
 0001:000017fa       ?QueryDeviceCapabilities@CAdapterCommon@@UAGJPAU_DEVICE_CAPABILITIES@@@Z 00011ada f   common.obj
 0001:000018aa       ?InterruptServiceRoutine@@YGJPAUIInterruptSync@@PAX@Z 00011b8a f   common.obj
 0001:00001a36       ?hda_stop_stream@CAdapterCommon@@UAGJXZ 00011d16 f   common.obj
 0001:00001cb0       ?hda_start_sound@CAdapterCommon@@UAGXXZ 00011f90 f   common.obj
 0001:00001d3a       ?hda_stop_sound@CAdapterCommon@@UAGXXZ 0001201a f   common.obj
 0001:00001e36       ?hda_get_actual_stream_position@CAdapterCommon@@UAGKXZ 00012116 f   common.obj
 0001:00001f30       ?hda_set_volume@CAdapterCommon@@QAGXKE@Z 00012210 f   common.obj
 0001:00001f90       ?readUCHAR@CAdapterCommon@@QAGEG@Z 00012270 f   common.obj
 0001:00001fb0       ?writeUCHAR@CAdapterCommon@@QAGXGE@Z 00012290 f   common.obj
 0001:00001fe0       ?readUSHORT@CAdapterCommon@@QAGGG@Z 000122c0 f   common.obj
 0001:00002000       ?writeUSHORT@CAdapterCommon@@QAGXGG@Z 000122e0 f   common.obj
 0001:00002030       ?readULONG@CAdapterCommon@@QAGKG@Z 00012310 f   common.obj
 0001:00002050       ?writeULONG@CAdapterCommon@@QAGXGK@Z 00012330 f   common.obj
 0001:0000222a       ?hda_showtime@CAdapterCommon@@UAGJPAUIDmaChannel@@@Z 0001250a f   common.obj
 0001:000026c0       ?ReadWriteConfigSpace@CAdapterCommon@@AAGJPAU_DEVICE_OBJECT@@KPAXKK@Z 000129a0 f   common.obj
 0001:000027eb       ?WriteConfigSpaceByte@CAdapterCommon@@AAGJEEE@Z 00012acb f   common.obj
 0001:000028eb       ?WriteConfigSpaceWord@CAdapterCommon@@AAGJEGG@Z 00012bcb f   common.obj
 0001:000029b0       ?QueryInterface@CAdapterCommon@@W3AGJABU_GUID@@PAPAX@Z 00012c90 f i common.obj
 0001:000029c0       ?AddRef@CAdapterCommon@@W3AGKXZ 00012ca0 f i common.obj
 0001:000029d0       ?Release@CAdapterCommon@@W3AGKXZ 00012cb0 f i common.obj
 0001:000029e0       ??0HDA_Codec@@QAE@EEEPAUIAdapterCommon@@@Z 00012cc0 f   codec.obj
 0001:00002a80       ??1HDA_Codec@@QAE@XZ       00012d60 f   codec.obj
 0001:00002b9e       ?InitializeCodec@HDA_Codec@@QAGJXZ 00012e7e f   codec.obj
 0001:00003338       ?hda_initialize_audio_function_group@HDA_Codec@@QAGJK@Z 00013618 f   codec.obj
 0001:00003f7a       ?hda_get_node_type@HDA_Codec@@QAGEK@Z 0001425a f   codec.obj
 0001:0000402a       ?hda_get_node_connection_entries@HDA_Codec@@QAGKKK@Z 0001430a f   codec.obj
 0001:00004130       ?hda_enable_pin_output@HDA_Codec@@QAGXK@Z 00014410 f   codec.obj
 0001:00004160       ?hda_disable_pin_output@HDA_Codec@@QAGXK@Z 00014440 f   codec.obj
 0001:00004190       ?hda_is_headphone_connected@HDA_Codec@@QAGEXZ 00014470 f   codec.obj
 0001:0000427a       ?hda_initialize_output_pin@HDA_Codec@@QAGXKAAUHDA_NODE_PATH@@@Z 0001455a f   codec.obj
 0001:000045f2       ?hda_initialize_audio_output@HDA_Codec@@QAGXKAAUHDA_NODE_PATH@@@Z 000148d2 f   codec.obj
 0001:00004976       ?hda_initialize_audio_mixer@HDA_Codec@@QAGXKAAUHDA_NODE_PATH@@@Z 00014c56 f   codec.obj
 0001:00004c5e       ?hda_initialize_audio_selector@HDA_Codec@@QAGXKAAUHDA_NODE_PATH@@@Z 00014f3e f   codec.obj
 0001:00005086       ?ProgramSampleRate@HDA_Codec@@QAGJK@Z 00015366 f   codec.obj
 0001:000053d0       ?hda_check_headphone_connection_change@HDA_Codec@@QAGXXZ 000156b0 f   codec.obj
 0001:000054a2       ?hda_is_supported_sample_rate@HDA_Codec@@QAGEK@Z 00015782 f   codec.obj
 0001:000055c0       ?hda_set_volume@HDA_Codec@@QAGXKE@Z 000158a0 f   codec.obj
 0001:00005620       ?hda_set_node_gain@HDA_Codec@@QAGXKKKKE@Z 00015900 f   codec.obj
 0001:000056c0       ?hda_send_verb@HDA_Codec@@QAGJKKK@Z 000159a0 f   codec.obj
 0001:000056f0       ?hda_return_sound_data_format@HDA_Codec@@QAGGKKK@Z 000159d0 f   codec.obj
 0001:000056f0       ?hda_return_sound_data_format@CAdapterCommon@@QAGGKKK@Z 000159d0 f   codec.obj
 0001:00005860       ??0CMiniportTopologyHDA@@QAE@PAUIUnknown@@@Z 00015b40 f i mintopo.obj
 0001:000058a0       ?AddRef@CMiniportTopologyHDA@@UAGKXZ 00015b80 f i mintopo.obj
 0001:000058a0       ?AddRef@CMiniportWaveCyclicStreamHDA@@UAGKXZ 00015b80 f i mintopo.obj
 0001:000058a0       ?AddRef@CMiniportWaveCyclicHDA@@UAGKXZ 00015b80 f i mintopo.obj
 0001:000058d0       ?Release@CMiniportTopologyHDA@@UAGKXZ 00015bb0 f i mintopo.obj
 0001:000058d0       ?Release@CMiniportWaveCyclicStreamHDA@@UAGKXZ 00015bb0 f i mintopo.obj
 0001:000058d0       ?Release@CMiniportWaveCyclicHDA@@UAGKXZ 00015bb0 f i mintopo.obj
 0001:00005900       ?DataRangeIntersection@CMiniportTopologyHDA@@UAGJKPATKSDATAFORMAT@@0KPAXPAK@Z 00015be0 f i mintopo.obj
 0001:00005910       ??_ECMiniportTopologyHDA@@UAEPAXI@Z 00015bf0 f i mintopo.obj
 0001:00005910       ??_GCMiniportTopologyHDA@@UAEPAXI@Z 00015bf0 f i mintopo.obj
 0001:00005fd0       ?ReadBitsFromMixer@CMiniportTopologyHDA@@AAEEEEE@Z 000162b0 f   mintopo.obj
 0001:00006020       ?ThisManyOnes@@YGEE@Z      00016300 f i mintopo.obj
 0001:00006040       ?WriteBitsToMixer@CMiniportTopologyHDA@@AAEXEEEE@Z 00016320 f   mintopo.obj
 0001:000060e0       ??0CMiniportWaveCyclicHDA@@QAE@PAUIUnknown@@@Z 000163c0 f i minwave.obj
 0001:00006120       ??_ECMiniportWaveCyclicHDA@@UAEPAXI@Z 00016400 f i minwave.obj
 0001:00006120       ??_GCMiniportWaveCyclicHDA@@UAEPAXI@Z 00016400 f i minwave.obj
 0001:00006160       ??0IMiniportWaveCyclic@@QAE@XZ 00016440 f i minwave.obj
 0001:00006160       ??0IMiniportTopology@@QAE@XZ 00016440 f i minwave.obj
 0001:00006180       ??0CMyDmaChannel@@QAE@PAUIDmaChannel@@@Z 00016460 f i minwave.obj
 0001:000061d0       ?QueryInterface@CMyDmaChannel@@UAGJABU_GUID@@PAPAX@Z 000164b0 f i minwave.obj
 0001:00006230       _IsEqualGUID@8             00016510 f i minwave.obj
 0001:00006260       ?AddRef@CMyDmaChannel@@UAGKXZ 00016540 f i minwave.obj
 0001:00006280       ?Release@CMyDmaChannel@@UAGKXZ 00016560 f i minwave.obj
 0001:000062d0       ?AllocateBuffer@CMyDmaChannel@@UAGJKPAT_LARGE_INTEGER@@@Z 000165b0 f i minwave.obj
 0001:00006370       ?FreeBuffer@CMyDmaChannel@@UAGXXZ 00016650 f i minwave.obj
 0001:000063c0       ?SystemAddress@CMyDmaChannel@@UAGPAXXZ 000166a0 f i minwave.obj
 0001:00006400       ?CopyTo@CMyDmaChannel@@UAGXPAX0K@Z 000166e0 f i minwave.obj
 0001:00006400       ?CopyFrom@CMyDmaChannel@@UAGXPAX0K@Z 000166e0 f i minwave.obj
 0001:00006430       ?TransferCount@CMyDmaChannel@@UAGKXZ 00016710 f i minwave.obj
 0001:00006450       ?MaximumBufferSize@CMyDmaChannel@@UAGKXZ 00016730 f i minwave.obj
 0001:00006470       ?AllocatedBufferSize@CMyDmaChannel@@UAGKXZ 00016750 f i minwave.obj
 0001:00006490       ?BufferSize@CMyDmaChannel@@UAGKXZ 00016770 f i minwave.obj
 0001:000064b0       ?SetBufferSize@CMyDmaChannel@@UAGXK@Z 00016790 f i minwave.obj
 0001:000064d0       ?PhysicalAddress@CMyDmaChannel@@UAG?AT_LARGE_INTEGER@@XZ 000167b0 f i minwave.obj
 0001:00006510       ?GetAdapterObject@CMyDmaChannel@@UAGPAU_DMA_ADAPTER@@XZ 000167f0 f i minwave.obj
 0001:00006530       ??0CMiniportWaveCyclicStreamHDA@@QAE@PAUIUnknown@@@Z 00016810 f i minwave.obj
 0001:00006570       ?QueryInterface@CMiniportWaveCyclicStreamHDA@@UAGJABU_GUID@@PAPAX@Z 00016850 f i minwave.obj
 0001:00006570       ?QueryInterface@CMiniportWaveCyclicHDA@@UAGJABU_GUID@@PAPAX@Z 00016850 f i minwave.obj
 0001:00006570       ?QueryInterface@CMiniportTopologyHDA@@UAGJABU_GUID@@PAPAX@Z 00016850 f i minwave.obj
 0001:000065a0       ??_ECMiniportWaveCyclicStreamHDA@@UAEPAXI@Z 00016880 f i minwave.obj
 0001:000065a0       ??_GCMiniportWaveCyclicStreamHDA@@UAEPAXI@Z 00016880 f i minwave.obj
 0001:000065e0       ??0IAdapterCommon@@QAE@XZ  000168c0 f i minwave.obj
 0001:000065e0       ??0IAdapterPowerManagement@@QAE@XZ 000168c0 f i minwave.obj
 0001:000065e0       ??0IDmaChannel@@QAE@XZ     000168c0 f i minwave.obj
 0001:000065e0       ??0IMiniportWaveCyclicStream@@QAE@XZ 000168c0 f i minwave.obj
 0001:000065e0       ??0IMiniport@@QAE@XZ       000168c0 f i minwave.obj
 0001:00006619       ?GetPosition@CMiniportWaveCyclicStreamHDA@@UAGJPAK@Z 000168f9 f   minwave.obj
 0001:0000670e       ?NormalizePhysicalPosition@CMiniportWaveCyclicStreamHDA@@UAGJPA_J@Z 000169ee f   minwave.obj
 0001:000067b0       ?Silence@CMiniportWaveCyclicStreamHDA@@UAGXPAXK@Z 00016a90 f   minwave.obj
 0001:000067ee       _DbgPrint                  00016ace f   ntoskrnl:ntoskrnl.exe
 0001:000067f4       _DbgBreakPoint@0           00016ad4 f   ntoskrnl:ntoskrnl.exe
 0001:000067fa       __alldiv                   00016ada f   ntoskrnl:ntoskrnl.exe
 0001:00006800       __allmul                   00016ae0 f   ntoskrnl:ntoskrnl.exe
 0001:00006806       _PcInitializeAdapterDriver@12 00016ae6 f   portcls:portcls.sys
 0001:0000680c       _PcAddAdapterDevice@20     00016aec f   portcls:portcls.sys
 0001:00006812       _PcRegisterSubdevice@12    00016af2 f   portcls:portcls.sys
 0001:00006818       _PcNewMiniport@8           00016af8 f   portcls:portcls.sys
 0001:0000681e       _PcNewPort@8               00016afe f   portcls:portcls.sys
 0001:00006824       _PcRegisterPhysicalConnection@20 00016b04 f   portcls:portcls.sys
 0001:0000682a       _PcRegisterAdapterPowerManagement@8 00016b0a f   portcls:portcls.sys
 0001:00006830       _PcNewResourceSublist@20   00016b10 f   portcls:portcls.sys
 0001:00006836       _PcNewInterruptSync@20     00016b16 f   portcls:portcls.sys
 0001:0000683c       _PcNewRegistryKey@36       00016b1c f   portcls:portcls.sys
 0001:00006842       _PcNewServiceGroup@8       00016b22 f   portcls:portcls.sys
 0001:00006848       ??0CUnknown@@QAE@PAUIUnknown@@@Z 00016b28 f   stdunk:stdunk.obj
 0001:00006867       ??_GCUnknown@@UAEPAXI@Z    00016b47 f i stdunk:stdunk.obj
 0001:00006867       ??_ECUnknown@@UAEPAXI@Z    00016b47 f i stdunk:stdunk.obj
 0001:00006883       ??1CUnknown@@UAE@XZ        00016b63 f   stdunk:stdunk.obj
 0001:0000688a       ?NonDelegatingAddRef@CUnknown@@UAGKXZ 00016b6a f   stdunk:stdunk.obj
 0001:000068a0       ?NonDelegatingRelease@CUnknown@@UAGKXZ 00016b80 f   stdunk:stdunk.obj
 0001:000068cf       ?NonDelegatingQueryInterface@CUnknown@@UAGJABU_GUID@@PAPAX@Z 00016baf f   stdunk:stdunk.obj
 0002:00000000       __imp_@KfAcquireSpinLock@4 00016c20     hal:HAL.dll
 0002:00000004       __imp_@KfReleaseSpinLock@8 00016c24     hal:HAL.dll
 0002:00000008       __imp__KeStallExecutionProcessor@4 00016c28     hal:HAL.dll
 0002:0000000c       __imp__KeGetCurrentIrql@0  00016c2c     hal:HAL.dll
 0002:00000010       \177HAL_NULL_THUNK_DATA    00016c30     hal:HAL.dll
 0002:00000014       __imp__MmMapIoSpace@16     00016c34     ntoskrnl:ntoskrnl.exe
 0002:00000018       __imp__KeInitializeSpinLock@4 00016c38     ntoskrnl:ntoskrnl.exe
 0002:0000001c       __imp__MmUnmapIoSpace@8    00016c3c     ntoskrnl:ntoskrnl.exe
 0002:00000020       __imp__RtlInitUnicodeString@8 00016c40     ntoskrnl:ntoskrnl.exe
 0002:00000024       __imp__IoGetDmaAdapter@12  00016c44     ntoskrnl:ntoskrnl.exe
 0002:00000028       __imp__READ_REGISTER_ULONG@4 00016c48     ntoskrnl:ntoskrnl.exe
 0002:0000002c       __imp__WRITE_REGISTER_ULONG@8 00016c4c     ntoskrnl:ntoskrnl.exe
 0002:00000030       __imp__READ_REGISTER_UCHAR@4 00016c50     ntoskrnl:ntoskrnl.exe
 0002:00000034       __imp__WRITE_REGISTER_UCHAR@8 00016c54     ntoskrnl:ntoskrnl.exe
 0002:00000038       __imp__READ_REGISTER_USHORT@4 00016c58     ntoskrnl:ntoskrnl.exe
 0002:0000003c       __imp__WRITE_REGISTER_USHORT@8 00016c5c     ntoskrnl:ntoskrnl.exe
 0002:00000040       __imp__ExFreePool@4        00016c60     ntoskrnl:ntoskrnl.exe
 0002:00000044       __imp__ExAllocatePoolWithTag@12 00016c64     ntoskrnl:ntoskrnl.exe
 0002:00000048       __imp_@IofCallDriver@8     00016c68     ntoskrnl:ntoskrnl.exe
 0002:0000004c       __imp__IoBuildSynchronousFsdRequest@28 00016c6c     ntoskrnl:ntoskrnl.exe
 0002:00000050       __imp__IoGetAttachedDeviceReference@4 00016c70     ntoskrnl:ntoskrnl.exe
 0002:00000054       __imp__KeInitializeEvent@12 00016c74     ntoskrnl:ntoskrnl.exe
 0002:00000058       __imp_@InterlockedIncrement@4 00016c78     ntoskrnl:ntoskrnl.exe
 0002:0000005c       __imp__RtlAssert@16        00016c7c     ntoskrnl:ntoskrnl.exe
 0002:00000060       __imp__KeInitializeMutex@8 00016c80     ntoskrnl:ntoskrnl.exe
 0002:00000064       __imp__KeReleaseMutex@8    00016c84     ntoskrnl:ntoskrnl.exe
 0002:00000068       __imp___alldiv             00016c88     ntoskrnl:ntoskrnl.exe
 0002:0000006c       __imp___allmul             00016c8c     ntoskrnl:ntoskrnl.exe
 0002:00000070       __imp__DbgBreakPoint@0     00016c90     ntoskrnl:ntoskrnl.exe
 0002:00000074       __imp__DbgPrint            00016c94     ntoskrnl:ntoskrnl.exe
 0002:00000078       __imp__KeWaitForSingleObject@20 00016c98     ntoskrnl:ntoskrnl.exe
 0002:0000007c       __imp_@ObfDereferenceObject@4 00016c9c     ntoskrnl:ntoskrnl.exe
 0002:00000080       __imp_@InterlockedDecrement@4 00016ca0     ntoskrnl:ntoskrnl.exe
 0002:00000084       \177ntoskrnl_NULL_THUNK_DATA 00016ca4     ntoskrnl:ntoskrnl.exe
 0002:00000088       __imp__PcRegisterAdapterPowerManagement@8 00016ca8     portcls:portcls.sys
 0002:0000008c       __imp__PcAddAdapterDevice@20 00016cac     portcls:portcls.sys
 0002:00000090       __imp__PcRegisterSubdevice@12 00016cb0     portcls:portcls.sys
 0002:00000094       __imp__PcNewMiniport@8     00016cb4     portcls:portcls.sys
 0002:00000098       __imp__PcNewPort@8         00016cb8     portcls:portcls.sys
 0002:0000009c       __imp__PcRegisterPhysicalConnection@20 00016cbc     portcls:portcls.sys
 0002:000000a0       __imp__PcInitializeAdapterDriver@12 00016cc0     portcls:portcls.sys
 0002:000000a4       __imp__PcNewResourceSublist@20 00016cc4     portcls:portcls.sys
 0002:000000a8       __imp__PcNewInterruptSync@20 00016cc8     portcls:portcls.sys
 0002:000000ac       __imp__PcNewRegistryKey@36 00016ccc     portcls:portcls.sys
 0002:000000b0       __imp__PcNewServiceGroup@8 00016cd0     portcls:portcls.sys
 0002:000000b4       \177portcls_NULL_THUNK_DATA 00016cd4     portcls:portcls.sys
 0002:00000130       _IID_IAdapterCommon        00016d50     adapter.obj
 0002:00000140       _CLSID_MiniportDriverFmSynth 00016d60     adapter.obj
 0002:00000150       _CLSID_PortWaveCyclic      00016d70     adapter.obj
 0002:00000160       _CLSID_PortTopology        00016d80     adapter.obj
 0002:00000170       _CLSID_PortMidi            00016d90     adapter.obj
 0002:00000180       _IID_IAdapterPowerManagment 00016da0     adapter.obj
 0002:00000190       _IID_IMiniportWaveCyclicStream 00016db0     adapter.obj
 0002:000001a0       _IID_IMiniportWaveCyclic   00016dc0     adapter.obj
 0002:000001b0       _IID_IPortWaveCyclic       00016dd0     adapter.obj
 0002:000001c0       _IID_IMiniportTopology     00016de0     adapter.obj
 0002:000001d0       _IID_IDmaChannel           00016df0     adapter.obj
 0002:000001e0       _IID_IMiniport             00016e00     adapter.obj
 0002:000001f0       _IID_IUnknown              00016e10     adapter.obj
 0002:00000200       ??_C@_1BE@FFBG@?$AAU?$AAs?$AAe?$AAD?$AAm?$AAa?$AAP?$AAo?$AAs?$AA?$AA@ 00016e20     common.obj
 0002:00000214       ??_C@_1CA@DADJ@?$AAU?$AAs?$AAe?$AAD?$AAi?$AAs?$AAa?$AAb?$AAl?$AAe?$AAd?$AAP?$AAi?$AAn?$AAs?$AA?$AA@ 00016e34     common.obj
 0002:00000234       ??_C@_1BC@MBIB@?$AAU?$AAs?$AAe?$AAS?$AAP?$AAD?$AAI?$AAF?$AA?$AA@ 00016e54     common.obj
 0002:00000248       ??_C@_1BE@ONOC@?$AAU?$AAs?$AAe?$AAA?$AAl?$AAt?$AAO?$AAu?$AAt?$AA?$AA@ 00016e68     common.obj
 0002:0000025c       ??_C@_1BO@LMMA@?$AAS?$AAk?$AAi?$AAp?$AAC?$AAo?$AAd?$AAe?$AAc?$AAR?$AAe?$AAs?$AAe?$AAt?$AA?$AA@ 00016e7c     common.obj
 0002:0000027c       ??_C@_1CI@JKGI@?$AAS?$AAk?$AAi?$AAp?$AAC?$AAo?$AAn?$AAt?$AAr?$AAo?$AAl?$AAl?$AAe?$AAr?$AAR?$AAe?$AAs?$AAe?$AAt?$AA?$AA@ 00016e9c     common.obj
 0002:000002a4       ??_C@_1BE@ENEK@?$AAR?$AAi?$AAg?$AAh?$AAt?$AAB?$AAa?$AAs?$AAs?$AA?$AA@ 00016ec4     common.obj
 0002:000002b8       ??_C@_1BC@JMJO@?$AAL?$AAe?$AAf?$AAt?$AAB?$AAa?$AAs?$AAs?$AA?$AA@ 00016ed8     common.obj
 0002:000002cc       ??_C@_1BI@KGAJ@?$AAR?$AAi?$AAg?$AAh?$AAt?$AAT?$AAr?$AAe?$AAb?$AAl?$AAe?$AA?$AA@ 00016eec     common.obj
 0002:000002e4       ??_C@_1BG@BGGD@?$AAL?$AAe?$AAf?$AAt?$AAT?$AAr?$AAe?$AAb?$AAl?$AAe?$AA?$AA@ 00016f04     common.obj
 0002:000002fc       ??_C@_1O@IECC@?$AAM?$AAi?$AAc?$AAA?$AAG?$AAC?$AA?$AA@ 00016f1c     common.obj
 0002:0000030c       ??_C@_1CA@EJHI@?$AAR?$AAi?$AAg?$AAh?$AAt?$AAO?$AAu?$AAt?$AAp?$AAu?$AAt?$AAG?$AAa?$AAi?$AAn?$AA?$AA@ 00016f2c     common.obj
 0002:0000032c       ??_C@_1BO@PPLI@?$AAL?$AAe?$AAf?$AAt?$AAO?$AAu?$AAt?$AAp?$AAu?$AAt?$AAG?$AAa?$AAi?$AAn?$AA?$AA@ 00016f4c     common.obj
 0002:0000034c       ??_C@_1BO@PMCJ@?$AAR?$AAi?$AAg?$AAh?$AAt?$AAI?$AAn?$AAp?$AAu?$AAt?$AAG?$AAa?$AAi?$AAn?$AA?$AA@ 00016f6c     common.obj
 0002:0000036c       ??_C@_1BM@CFEM@?$AAL?$AAe?$AAf?$AAt?$AAI?$AAn?$AAp?$AAu?$AAt?$AAG?$AAa?$AAi?$AAn?$AA?$AA@ 00016f8c     common.obj
 0002:00000388       ??_C@_1CA@CIKM@?$AAR?$AAi?$AAg?$AAh?$AAt?$AAI?$AAn?$AAp?$AAu?$AAt?$AAM?$AAi?$AAx?$AAe?$AAr?$AA?$AA@ 00016fa8     common.obj
 0002:000003a8       ??_C@_1BO@JOGM@?$AAL?$AAe?$AAf?$AAt?$AAI?$AAn?$AAp?$AAu?$AAt?$AAM?$AAi?$AAx?$AAe?$AAr?$AA?$AA@ 00016fc8     common.obj
 0002:000003c8       ??_C@_1BI@BMOJ@?$AAO?$AAu?$AAt?$AAp?$AAu?$AAt?$AAM?$AAi?$AAx?$AAe?$AAr?$AA?$AA@ 00016fe8     common.obj
 0002:000003e0       ??_C@_1BE@GLOL@?$AAP?$AAc?$AAS?$AAp?$AAk?$AAr?$AAV?$AAo?$AAl?$AA?$AA@ 00017000     common.obj
 0002:000003f4       ??_C@_1O@MNBB@?$AAM?$AAi?$AAc?$AAV?$AAo?$AAl?$AA?$AA@ 00017014     common.obj
 0002:00000404       ??_C@_1BO@HCKE@?$AAR?$AAi?$AAg?$AAh?$AAt?$AAL?$AAi?$AAn?$AAe?$AAI?$AAn?$AAV?$AAo?$AAl?$AA?$AA@ 00017024     common.obj
 0002:00000424       ??_C@_1BM@KLMB@?$AAL?$AAe?$AAf?$AAt?$AAL?$AAi?$AAn?$AAe?$AAI?$AAn?$AAV?$AAo?$AAl?$AA?$AA@ 00017044     common.obj
 0002:00000440       ??_C@_1BG@COJL@?$AAR?$AAi?$AAg?$AAh?$AAt?$AAC?$AAD?$AAV?$AAo?$AAl?$AA?$AA@ 00017060     common.obj
 0002:00000458       ??_C@_1BE@KMKA@?$AAL?$AAe?$AAf?$AAt?$AAC?$AAD?$AAV?$AAo?$AAl?$AA?$AA@ 00017078     common.obj
 0002:0000046c       ??_C@_1BK@JCIM@?$AAR?$AAi?$AAg?$AAh?$AAt?$AAM?$AAi?$AAd?$AAi?$AAV?$AAo?$AAl?$AA?$AA@ 0001708c     common.obj
 0002:00000488       ??_C@_1BI@KBIJ@?$AAL?$AAe?$AAf?$AAt?$AAM?$AAi?$AAd?$AAi?$AAV?$AAo?$AAl?$AA?$AA@ 000170a8     common.obj
 0002:000004a0       ??_C@_1BK@MFCG@?$AAR?$AAi?$AAg?$AAh?$AAt?$AAW?$AAa?$AAv?$AAe?$AAV?$AAo?$AAl?$AA?$AA@ 000170c0     common.obj
 0002:000004bc       ??_C@_1BI@PGCD@?$AAL?$AAe?$AAf?$AAt?$AAW?$AAa?$AAv?$AAe?$AAV?$AAo?$AAl?$AA?$AA@ 000170dc     common.obj
 0002:000004d4       ??_C@_1BO@NHA@?$AAR?$AAi?$AAg?$AAh?$AAt?$AAM?$AAa?$AAs?$AAt?$AAe?$AAr?$AAV?$AAo?$AAl?$AA?$AA@ 000170f4     common.obj
 0002:000004f4       ??_C@_1BM@NEBF@?$AAL?$AAe?$AAf?$AAt?$AAM?$AAa?$AAs?$AAt?$AAe?$AAr?$AAV?$AAo?$AAl?$AA?$AA@ 00017114     common.obj
 0002:00000510       ??_7CAdapterCommon@@6BCUnknown@@@ 00017130     common.obj
 0002:00000520       ??_7CAdapterCommon@@6BIAdapterPowerManagement@@@ 00017140     common.obj
 0002:00000538       ??_7CAdapterCommon@@6BIAdapterCommon@@@ 00017158     common.obj
 0002:00000668       ??_7CMiniportTopologyHDA@@6BCUnknown@@@ 00017288     mintopo.obj
 0002:00000678       ??_7CMiniportTopologyHDA@@6BIMiniportTopology@@@ 00017298     mintopo.obj
 0002:00000690       ??_7CMiniportWaveCyclicHDA@@6BCUnknown@@@ 000172b0     minwave.obj
 0002:000006a0       ??_7CMiniportWaveCyclicHDA@@6BIMiniportWaveCyclic@@@ 000172c0     minwave.obj
 0002:000006bc       ??_7CMyDmaChannel@@6B@     000172dc     minwave.obj
 0002:000006f8       ??_7CMiniportWaveCyclicStreamHDA@@6BCUnknown@@@ 00017318     minwave.obj
 0002:00000708       ??_7CMiniportWaveCyclicStreamHDA@@6BIMiniportWaveCyclicStream@@@ 00017328     minwave.obj
 0002:0000072c       ??_7CUnknown@@6B@          0001734c     stdunk:stdunk.obj
 0003:00000000       ?ulDebugOut@@3KA           00017360     adapter.obj
 0003:00000008       __GUID_b7902fe9_fb0a_11d1_81b0_0060083316c1 00017368     adapter.obj
 0003:00000018       __GUID_d3f0ce1c_fffc_11d1_81b0_0060083316c1 00017378     adapter.obj
 0003:00000028       __GUID_c096df9c_fb09_11d1_81b0_0060083316c1 00017388     adapter.obj
 0003:00000140       ?audBufSize@@3KA           000174a0     common.obj
 0003:00000144       ?BdlSize@@3KA              000174a4     common.obj
 0003:00000840       __GUID_185fedf6_9905_11d1_95a9_00c04fb925d3 00017ba0     mintopo.obj
 0003:00000850       __GUID_185fedef_9905_11d1_95a9_00c04fb925d3 00017bb0     mintopo.obj
 0003:00000860       __GUID_185fede1_9905_11d1_95a9_00c04fb925d3 00017bc0     mintopo.obj
 0003:00000870       __GUID_185fede0_9905_11d1_95a9_00c04fb925d3 00017bd0     mintopo.obj
 0003:00000880       __GUID_7607e580_c557_11d0_8a2b_00a0c9255ac1 00017be0     mintopo.obj
 0003:00000890       __GUID_185fede3_9905_11d1_95a9_00c04fb925d3 00017bf0     mintopo.obj
 0003:000008a0       __GUID_da441a60_c556_11d0_8a2b_00a0c9255ac1 00017c00     mintopo.obj
 0003:000008b0       __GUID_185fedee_9905_11d1_95a9_00c04fb925d3 00017c10     mintopo.obj
 0003:000008c0       __GUID_02b223c0_c557_11d0_8a2b_00a0c9255ac1 00017c20     mintopo.obj
 0003:000008d0       __GUID_185feded_9905_11d1_95a9_00c04fb925d3 00017c30     mintopo.obj
 0003:000008e0       __GUID_e88c9ba0_c557_11d0_8a2b_00a0c9255ac1 00017c40     mintopo.obj
 0003:000008f0       __GUID_185fedec_9905_11d1_95a9_00c04fb925d3 00017c50     mintopo.obj
 0003:00000900       __GUID_185fedeb_9905_11d1_95a9_00c04fb925d3 00017c60     mintopo.obj
 0003:00000910       __GUID_185fedea_9905_11d1_95a9_00c04fb925d3 00017c70     mintopo.obj
 0003:00000920       __GUID_185fede9_9905_11d1_95a9_00c04fb925d3 00017c80     mintopo.obj
 0003:00000930       __GUID_185fede8_9905_11d1_95a9_00c04fb925d3 00017c90     mintopo.obj
 0003:00000940       __GUID_e573adc0_c555_11d0_8a2b_00a0c9255ac1 00017ca0     mintopo.obj
 0003:00000950       __GUID_185fede7_9905_11d1_95a9_00c04fb925d3 00017cb0     mintopo.obj
 0003:00000960       __GUID_185fede5_9905_11d1_95a9_00c04fb925d3 00017cc0     mintopo.obj
 0003:00000970       __GUID_3a5acc00_c557_11d0_8a2b_00a0c9255ac1 00017cd0     mintopo.obj
 0003:00000980       __GUID_45ffaaa0_6e1b_11d0_bcf2_444553540000 00017ce0     mintopo.obj
 0003:00000990       __GUID_6994ad04_93ef_11d0_a3cc_00a0c9223196 00017cf0     mintopo.obj
 0003:000009a0       __GUID_185fedf7_9905_11d1_95a9_00c04fb925d3 00017d00     mintopo.obj
 0003:000009b0       __GUID_dff21ce1_f70f_11d0_b917_00a0c9223196 00017d10     mintopo.obj
 0003:000009c0       __GUID_dff21be1_f70f_11d0_b917_00a0c9223196 00017d20     mintopo.obj
 0003:000009d0       __GUID_185fedf9_9905_11d1_95a9_00c04fb925d3 00017d30     mintopo.obj
 0003:000009e0       __GUID_dff21fe3_f70f_11d0_b917_00a0c9223196 00017d40     mintopo.obj
 0003:000009f0       __GUID_185fedfb_9905_11d1_95a9_00c04fb925d3 00017d50     mintopo.obj
 0003:00000a00       __GUID_dff220e3_f70f_11d0_b917_00a0c9223196 00017d60     mintopo.obj
 0003:00000a10       __GUID_185fedf8_9905_11d1_95a9_00c04fb925d3 00017d70     mintopo.obj
 0003:00000a20       __GUID_dff220f3_f70f_11d0_b917_00a0c9223196 00017d80     mintopo.obj
 0003:00000a30       __GUID_dff21fe4_f70f_11d0_b917_00a0c9223196 00017d90     mintopo.obj
 0003:00000a40       __GUID_97e99ba0_bdea_11cf_a5d6_28db04c10000 00017da0     mintopo.obj
 0003:00000c88       __GUID_507ae360_c554_11d0_8a2b_00a0c9255ac1 00017fe8     minwave.obj
 0003:00000c98       __GUID_4d837fe0_c555_11d0_8a2b_00a0c9255ac1 00017ff8     minwave.obj
 0003:00000ca8       __GUID_185fedfa_9905_11d1_95a9_00c04fb925d3 00018008     minwave.obj
 0003:00000cb8       __GUID_fb6c4281_0353_11d1_905f_0000c0cc16ba 00018018     minwave.obj
 0003:00000cc8       __GUID_05589f81_c356_11ce_bf01_00aa0055595a 00018028     minwave.obj
 0003:00000cd8       __GUID_00000001_0000_0010_8000_00aa00389b71 00018038     minwave.obj
 0003:00000ce8       __GUID_73647561_0000_0010_8000_00aa00389b71 00018048     minwave.obj
 0003:00000cf8       __GUID_518590a2_a184_11d0_8522_00c04fd9baf3 00018058     minwave.obj
 0003:00000d08       __GUID_0f6417d6_c318_11d0_a43f_00a0c9223196 00018068     minwave.obj
 0003:00000d18       __GUID_00000000_0000_0000_0000_000000000000 00018078     adapter.obj
 0004:0000003e       _AddDevice@8               000180de f   adapter.obj
 0004:0000026a       ?InstallSubdevice@@YGJPAU_DEVICE_OBJECT@@PAU_IRP@@PAGABU_GUID@@3P6GJPAPAUIUnknown@@3PAU4@W4_POOL_TYPE@@@Z5PAUIResourceList@@344@Z 0001830a f   adapter.obj
 0004:0000066e       ?StartDevice@@YGJPAU_DEVICE_OBJECT@@PAU_IRP@@PAUIResourceList@@@Z 0001870e f   adapter.obj
 0004:00000e6e       ?AssignResources@@YGJPAUIResourceList@@PAPAU1@11111@Z 00018f0e f   adapter.obj
 0004:000013d8       ?NewAdapterCommon@@YGJPAPAUIUnknown@@ABU_GUID@@PAU1@W4_POOL_TYPE@@@Z 00019478 f   common.obj
 0004:00001e05       ?Init@CAdapterCommon@@UAGJPAUIResourceList@@PAU_DEVICE_OBJECT@@@Z 00019ea5 f   common.obj
 0004:000035c2       ??1CAdapterCommon@@UAE@XZ  0001b662 f   common.obj
 0004:00003a50       ??_GHDA_Codec@@QAEPAXI@Z   0001baf0 f i common.obj
 0004:00003ad7       ?NonDelegatingQueryInterface@CAdapterCommon@@UAGJABU_GUID@@PAPAX@Z 0001bb77 f   common.obj
 0004:00003c2e       ?WavePortDriverDest@CAdapterCommon@@UAGPAPAUIUnknown@@XZ 0001bcce f   common.obj
 0004:00003cce       ?GetInterruptSync@CAdapterCommon@@UAGPAUIInterruptSync@@XZ 0001bd6e f   common.obj
 0004:00003d6e       ?GetDeviceDescription@CAdapterCommon@@UAGPAU_DEVICE_DESCRIPTION@@XZ 0001be0e f   common.obj
 0004:00003e0e       ?MidiPortDriverDest@CAdapterCommon@@UAGPAPAUIUnknown@@XZ 0001beae f   common.obj
 0004:00003eae       ?SetWaveServiceGroup@CAdapterCommon@@UAGXPAUIServiceGroup@@@Z 0001bf4e f   common.obj
 0004:000045c2       ?InitHDAController@CAdapterCommon@@QAGJXZ 0001c662 f   common.obj
 0004:000057f2       ?ReadRegistryBoolean@CAdapterCommon@@AAGEPBGE@Z 0001d892 f   common.obj
 0004:000059d8       ?CreateMiniportTopologyHDA@@YGJPAPAUIUnknown@@ABU_GUID@@PAU1@W4_POOL_TYPE@@@Z 0001da78 f   mintopo.obj
 0004:00005b4a       ?ProcessResources@CMiniportTopologyHDA@@AAEJPAUIResourceList@@@Z 0001dbea f   mintopo.obj
 0004:00005cca       ?NonDelegatingQueryInterface@CMiniportTopologyHDA@@UAGJABU_GUID@@PAPAX@Z 0001dd6a f   mintopo.obj
 0004:00005e6e       ??1CMiniportTopologyHDA@@UAE@XZ 0001df0e f   mintopo.obj
 0004:00006046       ?Init@CMiniportTopologyHDA@@UAGJPAUIUnknown@@PAUIResourceList@@PAUIPortTopology@@@Z 0001e0e6 f   mintopo.obj
 0004:0000625a       ?GetDescription@CMiniportTopologyHDA@@UAGJPAPAUPCFILTER_DESCRIPTOR@@@Z 0001e2fa f   mintopo.obj
 0004:00007a18       ?CreateMiniportWaveCyclicHDA@@YGJPAPAUIUnknown@@ABU_GUID@@PAU1@W4_POOL_TYPE@@@Z 0001fab8 f   minwave.obj
 0004:00007cd6       ?ProcessResources@CMiniportWaveCyclicHDA@@AAEJPAUIResourceList@@@Z 0001fd76 f   minwave.obj
 0004:000081a2       ?ValidateFormat@CMiniportWaveCyclicHDA@@AAEJPATKSDATAFORMAT@@@Z 00020242 f   minwave.obj
 0004:000083de       ?NonDelegatingQueryInterface@CMiniportWaveCyclicHDA@@UAGJABU_GUID@@PAPAX@Z 0002047e f   minwave.obj
 0004:00008592       ??1CMiniportWaveCyclicHDA@@UAE@XZ 00020632 f   minwave.obj
 0004:00008786       ?Init@CMiniportWaveCyclicHDA@@UAGJPAUIUnknown@@PAUIResourceList@@PAUIPortWaveCyclic@@@Z 00020826 f   minwave.obj
 0004:00008a1e       ?GetDescription@CMiniportWaveCyclicHDA@@UAGJPAPAUPCFILTER_DESCRIPTOR@@@Z 00020abe f   minwave.obj
 0004:00008bfa       ?DataRangeIntersection@CMiniportWaveCyclicHDA@@UAGJKPATKSDATAFORMAT@@0KPAXPAK@Z 00020c9a f   minwave.obj
 0004:000091ea       ?NewStream@CMiniportWaveCyclicHDA@@UAGJPAPAUIMiniportWaveCyclicStream@@PAUIUnknown@@W4_POOL_TYPE@@KEPATKSDATAFORMAT@@PAPAUIDmaChannel@@PAPAUIServiceGroup@@@Z 0002128a f   minwave.obj
 0004:00009582       ?NonDelegatingQueryInterface@CMiniportWaveCyclicStreamHDA@@UAGJABU_GUID@@PAPAX@Z 00021622 f   minwave.obj
 0004:0000971e       ??1CMiniportWaveCyclicStreamHDA@@UAE@XZ 000217be f   minwave.obj
 0004:00009990       ?Init@CMiniportWaveCyclicStreamHDA@@QAEJPAVCMiniportWaveCyclicHDA@@KEPATKSDATAFORMAT@@PAUIDmaChannel@@@Z 00021a30 f   minwave.obj
 0004:00009c02       ?SetNotificationFreq@CMiniportWaveCyclicStreamHDA@@UAGKKPAK@Z 00021ca2 f   minwave.obj
 0004:00009d96       ?SetFormat@CMiniportWaveCyclicStreamHDA@@UAGJPATKSDATAFORMAT@@@Z 00021e36 f   minwave.obj
 0004:00009fde       ?SetState@CMiniportWaveCyclicStreamHDA@@UAGJW4KSSTATE@@@Z 0002207e f   minwave.obj
 0005:0000003e       _DriverEntry@8             000221de f   adapter.obj
 0005:000000ac       __IMPORT_DESCRIPTOR_ntoskrnl 0002224c     ntoskrnl:ntoskrnl.exe
 0005:000000c0       __IMPORT_DESCRIPTOR_HAL    00022260     hal:HAL.dll
 0005:000000d4       __IMPORT_DESCRIPTOR_portcls 00022274     portcls:portcls.sys
 0005:000000e8       __NULL_IMPORT_DESCRIPTOR   00022288     ntoskrnl:ntoskrnl.exe

 entry point at        0005:0000003e

 Static symbols

 0004:000063ae       ?PropertyHandler_OnOff@@YGJPAU_PCPROPERTY_REQUEST@@@Z 0001e44e f   mintopo.obj
 0004:000067c6       ?PropertyHandler_SuperMixCaps@@YGJPAU_PCPROPERTY_REQUEST@@@Z 0001e866 f   mintopo.obj
 0004:00006dc6       ?PropertyHandler_SuperMixTable@@YGJPAU_PCPROPERTY_REQUEST@@@Z 0001ee66 f   mintopo.obj
 0004:000074f6       ?PropertyHandler_CpuResources@@YGJPAU_PCPROPERTY_REQUEST@@@Z 0001f596 f   mintopo.obj
 0001:000059ae       ?PropertyHandler_Level@@YGJPAU_PCPROPERTY_REQUEST@@@Z 00015c8e f   mintopo.obj
 0004:00007746       ?BasicSupportHandler@@YGJPAU_PCPROPERTY_REQUEST@@@Z 0001f7e6 f   mintopo.obj

 732 bytes saved through ICF

