 HDA

 Timestamp is 6a2e54d9 (Sun Jun 14 00:14:33 2026)

 Preferred load address is 00010000

 Start         Length     Name                   Class
 0001:00000000 000078f7H .text                   CODE
 0002:00000000 000000e8H .idata$5                DATA
 0002:000000e8 00000703H .rdata                  DATA
 0003:00000000 00000d18H .data                   DATA
 0003:00000d18 0000001eH .bss                    DATA
 0004:00000000 0000a9c0H PAGE                    CODE
 0005:00000000 000000a9H INIT                    CODE
 0005:000000ac 0000003cH .idata$2                CODE
 0005:000000e8 00000014H .idata$3                CODE
 0005:000000fc 000000e8H .idata$4                CODE
 0005:000001e4 0000049eH .idata$6                CODE
 0006:00000000 00000058H .rsrc$01                DATA
 0006:00000060 000003d0H .rsrc$02                DATA

  Address         Publics by Value              Rva+Base     Lib:Object

 0001:00000000       ??3@YAXPAX@Z               000102e0 f i common.obj
 0001:00000010       ??2@YGPAXIW4_POOL_TYPE@@K@Z 000102f0 f i common.obj
 0001:00000050       ??0CAdapterCommon@@QAE@PAUIUnknown@@@Z 00010330 f i common.obj
 0001:000000a0       ?QueryInterface@CAdapterCommon@@UAGJABU_GUID@@PAPAX@Z 00010380 f i common.obj
 0001:000000d0       ?GetOuterUnknown@CUnknown@@QAEPAUIUnknown@@XZ 000103b0 f i common.obj
 0001:000000f0       ?AddRef@CAdapterCommon@@UAGKXZ 000103d0 f i common.obj
 0001:00000120       ?Release@CAdapterCommon@@UAGKXZ 00010400 f i common.obj
 0001:00000150       ??_ECAdapterCommon@@UAEPAXI@Z 00010430 f i common.obj
 0001:00000150       ??_GCAdapterCommon@@UAEPAXI@Z 00010430 f i common.obj
 0001:00000380       _IsEqualGUIDAligned@8      00010660 f i common.obj
 0001:00000400       ??2@YGPAXIW4_POOL_TYPE@@@Z 000106e0 f i common.obj
 0001:00000450       ?hda_check_headphone_connection_change@CAdapterCommon@@QAGXXZ 00010730 f   common.obj
 0001:000004b0       ?hda_is_supported_sample_rate@CAdapterCommon@@UAGEK@Z 00010790 f   common.obj
 0001:000005f6       ?hda_send_verb@CAdapterCommon@@UAGKKKKK@Z 000108d6 f   common.obj
 0001:000009b2       ?ReadController@CAdapterCommon@@UAGEXZ 00010c92 f   common.obj
 0001:00000a56       ?WriteController@CAdapterCommon@@UAGEE@Z 00010d36 f   common.obj
 0001:00000b62       ?MixerRegWrite@CAdapterCommon@@UAGXEE@Z 00010e42 f   common.obj
 0001:00000d2a       ?MixerRegRead@CAdapterCommon@@UAGEE@Z 0001100a f   common.obj
 0001:00000e0e       ?MixerReset@CAdapterCommon@@UAGXXZ 000110ee f   common.obj
 0001:00000eae       ?AcknowledgeIRQ@CAdapterCommon@@AAE?AW4_HDA_INTERRUPT_TYPE@@XZ 0001118e f   common.obj
 0001:00001152       ?ResetController@CAdapterCommon@@UAGJXZ 00011432 f   common.obj
 0001:00001206       ?RestoreMixerSettingsFromRegistry@CAdapterCommon@@UAGJXZ 000114e6 f   common.obj
 0001:000014b2       ?SaveMixerSettingsToRegistry@CAdapterCommon@@UAGJXZ 00011792 f   common.obj
 0001:0000171e       ?ProgramSampleRate@CAdapterCommon@@UAGJK@Z 000119fe f   common.obj
 0001:0000191a       ?PowerChangeState@CAdapterCommon@@UAGXT_POWER_STATE@@@Z 00011bfa f   common.obj
 0001:00001b06       ?QueryPowerChangeState@CAdapterCommon@@UAGJT_POWER_STATE@@@Z 00011de6 f   common.obj
 0001:00001b8a       ?QueryDeviceCapabilities@CAdapterCommon@@UAGJPAU_DEVICE_CAPABILITIES@@@Z 00011e6a f   common.obj
 0001:00001c3a       ?InterruptServiceRoutine@@YGJPAUIInterruptSync@@PAX@Z 00011f1a f   common.obj
 0001:00001dc6       ?hda_stop_stream@CAdapterCommon@@UAGJXZ 000120a6 f   common.obj
 0001:000020aa       ?hda_start_sound@CAdapterCommon@@UAGXXZ 0001238a f   common.obj
 0001:0000221a       ?hda_stop_sound@CAdapterCommon@@UAGXXZ 000124fa f   common.obj
 0001:000023b6       ?hda_get_actual_stream_position@CAdapterCommon@@UAGKXZ 00012696 f   common.obj
 0001:000024c0       ?hda_set_volume@CAdapterCommon@@QAGXKE@Z 000127a0 f   common.obj
 0001:00002520       ?readUCHAR@CAdapterCommon@@QAGEG@Z 00012800 f   common.obj
 0001:00002540       ?writeUCHAR@CAdapterCommon@@QAGXGE@Z 00012820 f   common.obj
 0001:00002570       ?readUSHORT@CAdapterCommon@@QAGGG@Z 00012850 f   common.obj
 0001:00002590       ?writeUSHORT@CAdapterCommon@@QAGXGG@Z 00012870 f   common.obj
 0001:000025c0       ?readULONG@CAdapterCommon@@QAGKG@Z 000128a0 f   common.obj
 0001:000025e0       ?writeULONG@CAdapterCommon@@QAGXGK@Z 000128c0 f   common.obj
 0001:0000277a       ?hda_setup_stream_descriptor@CAdapterCommon@@UAGJPAUIDmaChannel@@@Z 00012a5a f   common.obj
 0001:00002bd0       ?hda_return_sound_data_format@CAdapterCommon@@QAGGKKK@Z 00012eb0 f   common.obj
 0001:00002bd0       ?hda_return_sound_data_format@HDA_Codec@@QAGGKKK@Z 00012eb0 f   common.obj
 0001:00002d40       ?ReadWriteConfigSpace@CAdapterCommon@@AAGJPAU_DEVICE_OBJECT@@KPAXKK@Z 00013020 f   common.obj
 0001:00002e6b       ?WriteConfigSpaceByte@CAdapterCommon@@AAGJEEE@Z 0001314b f   common.obj
 0001:00002f6b       ?WriteConfigSpaceWord@CAdapterCommon@@AAGJEGG@Z 0001324b f   common.obj
 0001:00003030       ?CacheLineFlush@CAdapterCommon@@UAGXPAXK@Z 00013310 f   common.obj
 0001:00003090       ?JackPollDpcRoutine@CAdapterCommon@@CGXPAU_KDPC@@PAX11@Z 00013370 f   common.obj
 0001:00003100       ?JackPollWorker@CAdapterCommon@@CGXPAU_DEVICE_OBJECT@@PAX@Z 000133e0 f   common.obj
 0001:0000316a       ?StartJackPolling@CAdapterCommon@@AAGJXZ 0001344a f   common.obj
 0001:00003293       ?StopJackPolling@CAdapterCommon@@AAGXXZ 00013573 f   common.obj
 0001:00003340       ?QueryInterface@CAdapterCommon@@W3AGJABU_GUID@@PAPAX@Z 00013620 f i common.obj
 0001:00003350       ?AddRef@CAdapterCommon@@W3AGKXZ 00013630 f i common.obj
 0001:00003360       ?Release@CAdapterCommon@@W3AGKXZ 00013640 f i common.obj
 0001:00003370       ??0HDA_Codec@@QAE@EEEPAUIAdapterCommon@@@Z 00013650 f   codec.obj
 0001:00003460       ??1HDA_Codec@@QAE@XZ       00013740 f   codec.obj
 0001:00003596       ?InitializeCodec@HDA_Codec@@QAGJXZ 00013876 f   codec.obj
 0001:00003dc3       ?hda_initialize_audio_function_group@HDA_Codec@@QAGJK@Z 000140a3 f   codec.obj
 0001:00004aba       ?hda_get_node_type@HDA_Codec@@QAGEK@Z 00014d9a f   codec.obj
 0001:00004b6a       ?hda_get_node_connection_entries@HDA_Codec@@QAGKKK@Z 00014e4a f   codec.obj
 0001:00004d3a       ?hda_initialize_output_pin@HDA_Codec@@QAGJKAAUHDA_NODE_PATH@@@Z 0001501a f   codec.obj
 0001:00005116       ?hda_initialize_audio_output@HDA_Codec@@QAGXKAAUHDA_NODE_PATH@@@Z 000153f6 f   codec.obj
 0001:0000553a       ?hda_initialize_audio_mixer@HDA_Codec@@QAGXKAAUHDA_NODE_PATH@@@Z 0001581a f   codec.obj
 0001:0000588e       ?hda_initialize_audio_selector@HDA_Codec@@QAGXKAAUHDA_NODE_PATH@@@Z 00015b6e f   codec.obj
 0001:00005d12       ?ProgramSampleRate@HDA_Codec@@QAGJK@Z 00015ff2 f   codec.obj
 0001:000060ba       ?hda_check_headphone_connection_change@HDA_Codec@@QAGXXZ 0001639a f   codec.obj
 0001:000061b2       ?hda_is_supported_sample_rate@HDA_Codec@@QAGEK@Z 00016492 f   codec.obj
 0001:000062d0       ?hda_set_volume@HDA_Codec@@QAGXKE@Z 000165b0 f   codec.obj
 0001:00006330       ?hda_set_node_gain@HDA_Codec@@QAGXKKKKE@Z 00016610 f   codec.obj
 0001:000063d0       ?hda_send_verb@HDA_Codec@@QAGKKKK@Z 000166b0 f   codec.obj
 0001:00006400       ?hda_enable_pin_output@HDA_Codec@@QAGXK@Z 000166e0 f   codec.obj
 0001:00006430       ?hda_disable_pin_output@HDA_Codec@@QAGXK@Z 00016710 f   codec.obj
 0001:00006460       ?hda_is_headphone_connected@HDA_Codec@@QAGEXZ 00016740 f   codec.obj
 0001:000064d0       ??0CMiniportTopologyHDA@@QAE@PAUIUnknown@@@Z 000167b0 f i mintopo.obj
 0001:00006510       ?AddRef@CMiniportWaveCyclicHDA@@UAGKXZ 000167f0 f i mintopo.obj
 0001:00006510       ?AddRef@CMiniportWaveCyclicStreamHDA@@UAGKXZ 000167f0 f i mintopo.obj
 0001:00006510       ?AddRef@CMiniportTopologyHDA@@UAGKXZ 000167f0 f i mintopo.obj
 0001:00006540       ?DataRangeIntersection@CMiniportTopologyHDA@@UAGJKPATKSDATAFORMAT@@0KPAXPAK@Z 00016820 f i mintopo.obj
 0001:00006550       ??_GCMiniportTopologyHDA@@UAEPAXI@Z 00016830 f i mintopo.obj
 0001:00006550       ??_ECMiniportTopologyHDA@@UAEPAXI@Z 00016830 f i mintopo.obj
 0001:00006590       ??0IMiniportTopology@@QAE@XZ 00016870 f i mintopo.obj
 0001:00006590       ??0IMiniportWaveCyclic@@QAE@XZ 00016870 f i mintopo.obj
 0001:000065b0       ??0IDmaChannel@@QAE@XZ     00016890 f i mintopo.obj
 0001:000065b0       ??0IMiniport@@QAE@XZ       00016890 f i mintopo.obj
 0001:000065b0       ??0IMiniportWaveCyclicStream@@QAE@XZ 00016890 f i mintopo.obj
 0001:000065b0       ??0IAdapterCommon@@QAE@XZ  00016890 f i mintopo.obj
 0001:000065b0       ??0IAdapterPowerManagement@@QAE@XZ 00016890 f i mintopo.obj
 0001:00006c50       ?ReadBitsFromMixer@CMiniportTopologyHDA@@AAEEEEE@Z 00016f30 f   mintopo.obj
 0001:00006ca0       ?ThisManyOnes@@YGEE@Z      00016f80 f i mintopo.obj
 0001:00006cc0       ?WriteBitsToMixer@CMiniportTopologyHDA@@AAEXEEEE@Z 00016fa0 f   mintopo.obj
 0001:00006d60       ??0CMiniportWaveCyclicHDA@@QAE@PAUIUnknown@@@Z 00017040 f i minwave.obj
 0001:00006da0       ??_ECMiniportWaveCyclicHDA@@UAEPAXI@Z 00017080 f i minwave.obj
 0001:00006da0       ??_GCMiniportWaveCyclicHDA@@UAEPAXI@Z 00017080 f i minwave.obj
 0001:00006de0       ??0CMyDmaChannel@@QAE@PAUIDmaChannel@@@Z 000170c0 f i minwave.obj
 0001:00006ea0       ?QueryInterface@CMyDmaChannel@@UAGJABU_GUID@@PAPAX@Z 00017180 f i minwave.obj
 0001:00006f00       _IsEqualGUID@8             000171e0 f i minwave.obj
 0001:00006f30       ?AddRef@CMyDmaChannel@@UAGKXZ 00017210 f i minwave.obj
 0001:00006f50       ?Release@CMyDmaChannel@@UAGKXZ 00017230 f i minwave.obj
 0001:00006fa0       ?AllocateBuffer@CMyDmaChannel@@UAGJKPAT_LARGE_INTEGER@@@Z 00017280 f i minwave.obj
 0001:00007140       ?FreeBuffer@CMyDmaChannel@@UAGXXZ 00017420 f i minwave.obj
 0001:00007190       ?SystemAddress@CMyDmaChannel@@UAGPAXXZ 00017470 f i minwave.obj
 0001:000071c0       ?CopyTo@CMyDmaChannel@@UAGXPAX0K@Z 000174a0 f i minwave.obj
 0001:00007240       ?CopyFrom@CMyDmaChannel@@UAGXPAX0K@Z 00017520 f i minwave.obj
 0001:00007270       ?AllocatedBufferSize@CMyDmaChannel@@UAGKXZ 00017550 f i minwave.obj
 0001:000072a0       ?BufferSize@CMyDmaChannel@@UAGKXZ 00017580 f i minwave.obj
 0001:000072d0       ?SetBufferSize@CMyDmaChannel@@UAGXK@Z 000175b0 f i minwave.obj
 0001:00007300       ?PhysicalAddress@CMyDmaChannel@@UAG?AT_LARGE_INTEGER@@XZ 000175e0 f i minwave.obj
 0001:00007360       ?MaximumBufferSize@CMyDmaChannel@@UAGKXZ 00017640 f i minwave.obj
 0001:00007390       ?TransferCount@CMyDmaChannel@@UAGKXZ 00017670 f i minwave.obj
 0001:000073b0       ?GetAdapterObject@CMyDmaChannel@@UAGPAU_DMA_ADAPTER@@XZ 00017690 f i minwave.obj
 0001:000073d0       ??0CMiniportWaveCyclicStreamHDA@@QAE@PAUIUnknown@@@Z 000176b0 f i minwave.obj
 0001:00007410       ?QueryInterface@CMiniportTopologyHDA@@UAGJABU_GUID@@PAPAX@Z 000176f0 f i minwave.obj
 0001:00007410       ?QueryInterface@CMiniportWaveCyclicStreamHDA@@UAGJABU_GUID@@PAPAX@Z 000176f0 f i minwave.obj
 0001:00007410       ?QueryInterface@CMiniportWaveCyclicHDA@@UAGJABU_GUID@@PAPAX@Z 000176f0 f i minwave.obj
 0001:00007440       ?Release@CMiniportWaveCyclicHDA@@UAGKXZ 00017720 f i minwave.obj
 0001:00007440       ?Release@CMiniportWaveCyclicStreamHDA@@UAGKXZ 00017720 f i minwave.obj
 0001:00007440       ?Release@CMiniportTopologyHDA@@UAGKXZ 00017720 f i minwave.obj
 0001:00007470       ??_GCMiniportWaveCyclicStreamHDA@@UAEPAXI@Z 00017750 f i minwave.obj
 0001:00007470       ??_ECMiniportWaveCyclicStreamHDA@@UAEPAXI@Z 00017750 f i minwave.obj
 0001:000074c9       ?GetPosition@CMiniportWaveCyclicStreamHDA@@UAGJPAK@Z 000177a9 f   minwave.obj
 0001:000075de       ?NormalizePhysicalPosition@CMiniportWaveCyclicStreamHDA@@UAGJPA_J@Z 000178be f   minwave.obj
 0001:00007680       ?Silence@CMiniportWaveCyclicStreamHDA@@UAGXPAXK@Z 00017960 f   minwave.obj
 0001:000076be       _DbgPrint                  0001799e f   ntoskrnl:ntoskrnl.exe
 0001:000076c4       _DbgBreakPoint@0           000179a4 f   ntoskrnl:ntoskrnl.exe
 0001:000076ca       __alldiv                   000179aa f   ntoskrnl:ntoskrnl.exe
 0001:000076d0       __allmul                   000179b0 f   ntoskrnl:ntoskrnl.exe
 0001:000076d6       _PcInitializeAdapterDriver@12 000179b6 f   portcls:portcls.sys
 0001:000076dc       _PcAddAdapterDevice@20     000179bc f   portcls:portcls.sys
 0001:000076e2       _PcRegisterSubdevice@12    000179c2 f   portcls:portcls.sys
 0001:000076e8       _PcNewMiniport@8           000179c8 f   portcls:portcls.sys
 0001:000076ee       _PcNewPort@8               000179ce f   portcls:portcls.sys
 0001:000076f4       _PcRegisterPhysicalConnection@20 000179d4 f   portcls:portcls.sys
 0001:000076fa       _PcRegisterAdapterPowerManagement@8 000179da f   portcls:portcls.sys
 0001:00007700       _PcNewResourceSublist@20   000179e0 f   portcls:portcls.sys
 0001:00007706       _PcNewInterruptSync@20     000179e6 f   portcls:portcls.sys
 0001:0000770c       _PcNewRegistryKey@36       000179ec f   portcls:portcls.sys
 0001:00007712       _PcNewServiceGroup@8       000179f2 f   portcls:portcls.sys
 0001:00007720       ??0CUnknown@@QAE@PAUIUnknown@@@Z 00017a00 f   stdunk:stdunk.obj
 0001:00007770       ??_ECUnknown@@UAEPAXI@Z    00017a50 f i stdunk:stdunk.obj
 0001:00007770       ??_GCUnknown@@UAEPAXI@Z    00017a50 f i stdunk:stdunk.obj
 0001:000077a0       ??0INonDelegatingUnknown@@QAE@XZ 00017a80 f i stdunk:stdunk.obj
 0001:000077a0       ??0IUnknown@@QAE@XZ        00017a80 f i stdunk:stdunk.obj
 0001:000077b0       ??1CUnknown@@UAE@XZ        00017a90 f   stdunk:stdunk.obj
 0001:000077d0       ?NonDelegatingAddRef@CUnknown@@UAGKXZ 00017ab0 f   stdunk:stdunk.obj
 0001:00007810       ?NonDelegatingRelease@CUnknown@@UAGKXZ 00017af0 f   stdunk:stdunk.obj
 0001:00007890       ?NonDelegatingQueryInterface@CUnknown@@UAGJABU_GUID@@PAPAX@Z 00017b70 f   stdunk:stdunk.obj
 0002:00000000       __imp_@ExAcquireFastMutex@4 00017be0     hal:HAL.dll
 0002:00000004       __imp_@KfAcquireSpinLock@4 00017be4     hal:HAL.dll
 0002:00000008       __imp_@KfReleaseSpinLock@8 00017be8     hal:HAL.dll
 0002:0000000c       __imp_@ExReleaseFastMutex@4 00017bec     hal:HAL.dll
 0002:00000010       __imp__KeStallExecutionProcessor@4 00017bf0     hal:HAL.dll
 0002:00000014       __imp__KeGetCurrentIrql@0  00017bf4     hal:HAL.dll
 0002:00000018       \177HAL_NULL_THUNK_DATA    00017bf8     hal:HAL.dll
 0002:0000001c       __imp__KeInitializeEvent@12 00017bfc     ntoskrnl:ntoskrnl.exe
 0002:00000020       __imp__MmUnmapIoSpace@8    00017c00     ntoskrnl:ntoskrnl.exe
 0002:00000024       __imp__RtlInitUnicodeString@8 00017c04     ntoskrnl:ntoskrnl.exe
 0002:00000028       __imp__READ_REGISTER_ULONG@4 00017c08     ntoskrnl:ntoskrnl.exe
 0002:0000002c       __imp__WRITE_REGISTER_ULONG@8 00017c0c     ntoskrnl:ntoskrnl.exe
 0002:00000030       __imp__READ_REGISTER_UCHAR@4 00017c10     ntoskrnl:ntoskrnl.exe
 0002:00000034       __imp__KeInitializeSpinLock@4 00017c14     ntoskrnl:ntoskrnl.exe
 0002:00000038       __imp__WRITE_REGISTER_UCHAR@8 00017c18     ntoskrnl:ntoskrnl.exe
 0002:0000003c       __imp__READ_REGISTER_USHORT@4 00017c1c     ntoskrnl:ntoskrnl.exe
 0002:00000040       __imp__WRITE_REGISTER_USHORT@8 00017c20     ntoskrnl:ntoskrnl.exe
 0002:00000044       __imp_@ObfDereferenceObject@4 00017c24     ntoskrnl:ntoskrnl.exe
 0002:00000048       __imp__KeWaitForSingleObject@20 00017c28     ntoskrnl:ntoskrnl.exe
 0002:0000004c       __imp_@IofCallDriver@8     00017c2c     ntoskrnl:ntoskrnl.exe
 0002:00000050       __imp__IoBuildSynchronousFsdRequest@28 00017c30     ntoskrnl:ntoskrnl.exe
 0002:00000054       __imp__IoGetAttachedDeviceReference@4 00017c34     ntoskrnl:ntoskrnl.exe
 0002:00000058       __imp__ExQueueWorkItem@8   00017c38     ntoskrnl:ntoskrnl.exe
 0002:0000005c       __imp__IoGetDmaAdapter@12  00017c3c     ntoskrnl:ntoskrnl.exe
 0002:00000060       __imp__MmMapIoSpace@16     00017c40     ntoskrnl:ntoskrnl.exe
 0002:00000064       __imp__KeSetEvent@12       00017c44     ntoskrnl:ntoskrnl.exe
 0002:00000068       __imp_@InterlockedExchange@8 00017c48     ntoskrnl:ntoskrnl.exe
 0002:0000006c       __imp__KeSetTimerEx@20     00017c4c     ntoskrnl:ntoskrnl.exe
 0002:00000070       __imp__KeInitializeDpc@12  00017c50     ntoskrnl:ntoskrnl.exe
 0002:00000074       __imp__KeInitializeTimer@4 00017c54     ntoskrnl:ntoskrnl.exe
 0002:00000078       __imp__RtlAssert@16        00017c58     ntoskrnl:ntoskrnl.exe
 0002:0000007c       __imp__KeCancelTimer@4     00017c5c     ntoskrnl:ntoskrnl.exe
 0002:00000080       __imp_@InterlockedIncrement@4 00017c60     ntoskrnl:ntoskrnl.exe
 0002:00000084       __imp_@InterlockedDecrement@4 00017c64     ntoskrnl:ntoskrnl.exe
 0002:00000088       __imp__KeInitializeMutex@8 00017c68     ntoskrnl:ntoskrnl.exe
 0002:0000008c       __imp__KeReleaseMutex@8    00017c6c     ntoskrnl:ntoskrnl.exe
 0002:00000090       __imp___alldiv             00017c70     ntoskrnl:ntoskrnl.exe
 0002:00000094       __imp___allmul             00017c74     ntoskrnl:ntoskrnl.exe
 0002:00000098       __imp__ExAllocatePoolWithTag@12 00017c78     ntoskrnl:ntoskrnl.exe
 0002:0000009c       __imp__ExFreePool@4        00017c7c     ntoskrnl:ntoskrnl.exe
 0002:000000a0       __imp__DbgBreakPoint@0     00017c80     ntoskrnl:ntoskrnl.exe
 0002:000000a4       __imp__DbgPrint            00017c84     ntoskrnl:ntoskrnl.exe
 0002:000000a8       __imp_@InterlockedCompareExchange@12 00017c88     ntoskrnl:ntoskrnl.exe
 0002:000000ac       __imp__KeClearEvent@4      00017c8c     ntoskrnl:ntoskrnl.exe
 0002:000000b0       __imp__KeRemoveQueueDpc@4  00017c90     ntoskrnl:ntoskrnl.exe
 0002:000000b4       \177ntoskrnl_NULL_THUNK_DATA 00017c94     ntoskrnl:ntoskrnl.exe
 0002:000000b8       __imp__PcRegisterAdapterPowerManagement@8 00017c98     portcls:portcls.sys
 0002:000000bc       __imp__PcAddAdapterDevice@20 00017c9c     portcls:portcls.sys
 0002:000000c0       __imp__PcRegisterSubdevice@12 00017ca0     portcls:portcls.sys
 0002:000000c4       __imp__PcNewMiniport@8     00017ca4     portcls:portcls.sys
 0002:000000c8       __imp__PcNewPort@8         00017ca8     portcls:portcls.sys
 0002:000000cc       __imp__PcRegisterPhysicalConnection@20 00017cac     portcls:portcls.sys
 0002:000000d0       __imp__PcInitializeAdapterDriver@12 00017cb0     portcls:portcls.sys
 0002:000000d4       __imp__PcNewResourceSublist@20 00017cb4     portcls:portcls.sys
 0002:000000d8       __imp__PcNewInterruptSync@20 00017cb8     portcls:portcls.sys
 0002:000000dc       __imp__PcNewRegistryKey@36 00017cbc     portcls:portcls.sys
 0002:000000e0       __imp__PcNewServiceGroup@8 00017cc0     portcls:portcls.sys
 0002:000000e4       \177portcls_NULL_THUNK_DATA 00017cc4     portcls:portcls.sys
 0002:00000160       _IID_IAdapterCommon        00017d40     adapter.obj
 0002:00000170       _CLSID_MiniportDriverFmSynth 00017d50     adapter.obj
 0002:00000180       _CLSID_PortWaveCyclic      00017d60     adapter.obj
 0002:00000190       _CLSID_PortTopology        00017d70     adapter.obj
 0002:000001a0       _CLSID_PortMidi            00017d80     adapter.obj
 0002:000001b0       _IID_IAdapterPowerManagment 00017d90     adapter.obj
 0002:000001c0       _IID_IMiniportWaveCyclicStream 00017da0     adapter.obj
 0002:000001d0       _IID_IMiniportWaveCyclic   00017db0     adapter.obj
 0002:000001e0       _IID_IPortWaveCyclic       00017dc0     adapter.obj
 0002:000001f0       _IID_IMiniportTopology     00017dd0     adapter.obj
 0002:00000200       _IID_IDmaChannel           00017de0     adapter.obj
 0002:00000210       _IID_IMiniport             00017df0     adapter.obj
 0002:00000220       _IID_IUnknown              00017e00     adapter.obj
 0002:00000230       ??_C@_1BE@FFBG@?$AAU?$AAs?$AAe?$AAD?$AAm?$AAa?$AAP?$AAo?$AAs?$AA?$AA@ 00017e10     common.obj
 0002:00000244       ??_C@_1CA@DADJ@?$AAU?$AAs?$AAe?$AAD?$AAi?$AAs?$AAa?$AAb?$AAl?$AAe?$AAd?$AAP?$AAi?$AAn?$AAs?$AA?$AA@ 00017e24     common.obj
 0002:00000264       ??_C@_1BC@MBIB@?$AAU?$AAs?$AAe?$AAS?$AAP?$AAD?$AAI?$AAF?$AA?$AA@ 00017e44     common.obj
 0002:00000278       ??_C@_1BE@ONOC@?$AAU?$AAs?$AAe?$AAA?$AAl?$AAt?$AAO?$AAu?$AAt?$AA?$AA@ 00017e58     common.obj
 0002:0000028c       ??_C@_1BO@LMMA@?$AAS?$AAk?$AAi?$AAp?$AAC?$AAo?$AAd?$AAe?$AAc?$AAR?$AAe?$AAs?$AAe?$AAt?$AA?$AA@ 00017e6c     common.obj
 0002:000002ac       ??_C@_1CI@JKGI@?$AAS?$AAk?$AAi?$AAp?$AAC?$AAo?$AAn?$AAt?$AAr?$AAo?$AAl?$AAl?$AAe?$AAr?$AAR?$AAe?$AAs?$AAe?$AAt?$AA?$AA@ 00017e8c     common.obj
 0002:000002d4       ??_C@_1BE@ENEK@?$AAR?$AAi?$AAg?$AAh?$AAt?$AAB?$AAa?$AAs?$AAs?$AA?$AA@ 00017eb4     common.obj
 0002:000002e8       ??_C@_1BC@JMJO@?$AAL?$AAe?$AAf?$AAt?$AAB?$AAa?$AAs?$AAs?$AA?$AA@ 00017ec8     common.obj
 0002:000002fc       ??_C@_1BI@KGAJ@?$AAR?$AAi?$AAg?$AAh?$AAt?$AAT?$AAr?$AAe?$AAb?$AAl?$AAe?$AA?$AA@ 00017edc     common.obj
 0002:00000314       ??_C@_1BG@BGGD@?$AAL?$AAe?$AAf?$AAt?$AAT?$AAr?$AAe?$AAb?$AAl?$AAe?$AA?$AA@ 00017ef4     common.obj
 0002:0000032c       ??_C@_1O@IECC@?$AAM?$AAi?$AAc?$AAA?$AAG?$AAC?$AA?$AA@ 00017f0c     common.obj
 0002:0000033c       ??_C@_1CA@EJHI@?$AAR?$AAi?$AAg?$AAh?$AAt?$AAO?$AAu?$AAt?$AAp?$AAu?$AAt?$AAG?$AAa?$AAi?$AAn?$AA?$AA@ 00017f1c     common.obj
 0002:0000035c       ??_C@_1BO@PPLI@?$AAL?$AAe?$AAf?$AAt?$AAO?$AAu?$AAt?$AAp?$AAu?$AAt?$AAG?$AAa?$AAi?$AAn?$AA?$AA@ 00017f3c     common.obj
 0002:0000037c       ??_C@_1BO@PMCJ@?$AAR?$AAi?$AAg?$AAh?$AAt?$AAI?$AAn?$AAp?$AAu?$AAt?$AAG?$AAa?$AAi?$AAn?$AA?$AA@ 00017f5c     common.obj
 0002:0000039c       ??_C@_1BM@CFEM@?$AAL?$AAe?$AAf?$AAt?$AAI?$AAn?$AAp?$AAu?$AAt?$AAG?$AAa?$AAi?$AAn?$AA?$AA@ 00017f7c     common.obj
 0002:000003b8       ??_C@_1CA@CIKM@?$AAR?$AAi?$AAg?$AAh?$AAt?$AAI?$AAn?$AAp?$AAu?$AAt?$AAM?$AAi?$AAx?$AAe?$AAr?$AA?$AA@ 00017f98     common.obj
 0002:000003d8       ??_C@_1BO@JOGM@?$AAL?$AAe?$AAf?$AAt?$AAI?$AAn?$AAp?$AAu?$AAt?$AAM?$AAi?$AAx?$AAe?$AAr?$AA?$AA@ 00017fb8     common.obj
 0002:000003f8       ??_C@_1BI@BMOJ@?$AAO?$AAu?$AAt?$AAp?$AAu?$AAt?$AAM?$AAi?$AAx?$AAe?$AAr?$AA?$AA@ 00017fd8     common.obj
 0002:00000410       ??_C@_1BE@GLOL@?$AAP?$AAc?$AAS?$AAp?$AAk?$AAr?$AAV?$AAo?$AAl?$AA?$AA@ 00017ff0     common.obj
 0002:00000424       ??_C@_1O@MNBB@?$AAM?$AAi?$AAc?$AAV?$AAo?$AAl?$AA?$AA@ 00018004     common.obj
 0002:00000434       ??_C@_1BO@HCKE@?$AAR?$AAi?$AAg?$AAh?$AAt?$AAL?$AAi?$AAn?$AAe?$AAI?$AAn?$AAV?$AAo?$AAl?$AA?$AA@ 00018014     common.obj
 0002:00000454       ??_C@_1BM@KLMB@?$AAL?$AAe?$AAf?$AAt?$AAL?$AAi?$AAn?$AAe?$AAI?$AAn?$AAV?$AAo?$AAl?$AA?$AA@ 00018034     common.obj
 0002:00000470       ??_C@_1BG@COJL@?$AAR?$AAi?$AAg?$AAh?$AAt?$AAC?$AAD?$AAV?$AAo?$AAl?$AA?$AA@ 00018050     common.obj
 0002:00000488       ??_C@_1BE@KMKA@?$AAL?$AAe?$AAf?$AAt?$AAC?$AAD?$AAV?$AAo?$AAl?$AA?$AA@ 00018068     common.obj
 0002:0000049c       ??_C@_1BK@JCIM@?$AAR?$AAi?$AAg?$AAh?$AAt?$AAM?$AAi?$AAd?$AAi?$AAV?$AAo?$AAl?$AA?$AA@ 0001807c     common.obj
 0002:000004b8       ??_C@_1BI@KBIJ@?$AAL?$AAe?$AAf?$AAt?$AAM?$AAi?$AAd?$AAi?$AAV?$AAo?$AAl?$AA?$AA@ 00018098     common.obj
 0002:000004d0       ??_C@_1BK@MFCG@?$AAR?$AAi?$AAg?$AAh?$AAt?$AAW?$AAa?$AAv?$AAe?$AAV?$AAo?$AAl?$AA?$AA@ 000180b0     common.obj
 0002:000004ec       ??_C@_1BI@PGCD@?$AAL?$AAe?$AAf?$AAt?$AAW?$AAa?$AAv?$AAe?$AAV?$AAo?$AAl?$AA?$AA@ 000180cc     common.obj
 0002:00000504       ??_C@_1BO@NHA@?$AAR?$AAi?$AAg?$AAh?$AAt?$AAM?$AAa?$AAs?$AAt?$AAe?$AAr?$AAV?$AAo?$AAl?$AA?$AA@ 000180e4     common.obj
 0002:00000524       ??_C@_1BM@NEBF@?$AAL?$AAe?$AAf?$AAt?$AAM?$AAa?$AAs?$AAt?$AAe?$AAr?$AAV?$AAo?$AAl?$AA?$AA@ 00018104     common.obj
 0002:00000540       ??_7CAdapterCommon@@6BCUnknown@@@ 00018120     common.obj
 0002:00000550       ??_7CAdapterCommon@@6BIAdapterPowerManagement@@@ 00018130     common.obj
 0002:00000568       ??_7CAdapterCommon@@6BIAdapterCommon@@@ 00018148     common.obj
 0002:00000698       ??_7CMiniportTopologyHDA@@6BCUnknown@@@ 00018278     mintopo.obj
 0002:000006a8       ??_7CMiniportTopologyHDA@@6BIMiniportTopology@@@ 00018288     mintopo.obj
 0002:000006c0       ??_7CMiniportWaveCyclicHDA@@6BCUnknown@@@ 000182a0     minwave.obj
 0002:000006d0       ??_7CMiniportWaveCyclicHDA@@6BIMiniportWaveCyclic@@@ 000182b0     minwave.obj
 0002:000006ec       ??_C@_09BAJA@SSE2?5?$CFd?5?6?$AA@ 000182cc     minwave.obj
 0002:000006f8       ??_7CMyDmaChannel@@6B@     000182d8     minwave.obj
 0002:00000734       ??_C@_0DG@LDEH@Aligned?5DMA?5view?5invalid?5?$CIoff?$DN?$CFl@ 00018314     minwave.obj
 0002:0000076c       ??_7CMiniportWaveCyclicStreamHDA@@6BCUnknown@@@ 0001834c     minwave.obj
 0002:0000077c       ??_7CMiniportWaveCyclicStreamHDA@@6BIMiniportWaveCyclicStream@@@ 0001835c     minwave.obj
 0002:000007a0       ??_7CUnknown@@6B@          00018380     stdunk:stdunk.obj
 0002:000007b0       ??_C@_0BB@CHNF@m_lRefCount?5?$DO?$DN?50?$AA@ 00018390     stdunk:stdunk.obj
 0002:000007c4       ??_C@_0N@DIKJ@?4?2stdunk?4cpp?$AA@ 000183a4     stdunk:stdunk.obj
 0002:000007d4       ??_C@_0BA@HPDB@m_lRefCount?5?$DO?50?$AA@ 000183b4     stdunk:stdunk.obj
 0002:000007e4       ??_C@_06DPDC@ppVoid?$AA@   000183c4     stdunk:stdunk.obj
 0003:00000000       ?ulDebugOut@@3KA           000183e0     adapter.obj
 0003:00000008       __GUID_b7902fe9_fb0a_11d1_81b0_0060083316c1 000183e8     adapter.obj
 0003:00000018       __GUID_d3f0ce1c_fffc_11d1_81b0_0060083316c1 000183f8     adapter.obj
 0003:00000028       __GUID_c096df9c_fb09_11d1_81b0_0060083316c1 00018408     adapter.obj
 0003:00000140       ?audBufSize@@3KA           00018520     common.obj
 0003:00000144       ?BdlSize@@3KA              00018524     common.obj
 0003:00000840       __GUID_185fedf6_9905_11d1_95a9_00c04fb925d3 00018c20     mintopo.obj
 0003:00000850       __GUID_185fedef_9905_11d1_95a9_00c04fb925d3 00018c30     mintopo.obj
 0003:00000860       __GUID_185fede1_9905_11d1_95a9_00c04fb925d3 00018c40     mintopo.obj
 0003:00000870       __GUID_185fede0_9905_11d1_95a9_00c04fb925d3 00018c50     mintopo.obj
 0003:00000880       __GUID_7607e580_c557_11d0_8a2b_00a0c9255ac1 00018c60     mintopo.obj
 0003:00000890       __GUID_185fede3_9905_11d1_95a9_00c04fb925d3 00018c70     mintopo.obj
 0003:000008a0       __GUID_da441a60_c556_11d0_8a2b_00a0c9255ac1 00018c80     mintopo.obj
 0003:000008b0       __GUID_185fedee_9905_11d1_95a9_00c04fb925d3 00018c90     mintopo.obj
 0003:000008c0       __GUID_02b223c0_c557_11d0_8a2b_00a0c9255ac1 00018ca0     mintopo.obj
 0003:000008d0       __GUID_185feded_9905_11d1_95a9_00c04fb925d3 00018cb0     mintopo.obj
 0003:000008e0       __GUID_e88c9ba0_c557_11d0_8a2b_00a0c9255ac1 00018cc0     mintopo.obj
 0003:000008f0       __GUID_185fedec_9905_11d1_95a9_00c04fb925d3 00018cd0     mintopo.obj
 0003:00000900       __GUID_185fedeb_9905_11d1_95a9_00c04fb925d3 00018ce0     mintopo.obj
 0003:00000910       __GUID_185fedea_9905_11d1_95a9_00c04fb925d3 00018cf0     mintopo.obj
 0003:00000920       __GUID_185fede9_9905_11d1_95a9_00c04fb925d3 00018d00     mintopo.obj
 0003:00000930       __GUID_185fede8_9905_11d1_95a9_00c04fb925d3 00018d10     mintopo.obj
 0003:00000940       __GUID_e573adc0_c555_11d0_8a2b_00a0c9255ac1 00018d20     mintopo.obj
 0003:00000950       __GUID_185fede7_9905_11d1_95a9_00c04fb925d3 00018d30     mintopo.obj
 0003:00000960       __GUID_185fede5_9905_11d1_95a9_00c04fb925d3 00018d40     mintopo.obj
 0003:00000970       __GUID_3a5acc00_c557_11d0_8a2b_00a0c9255ac1 00018d50     mintopo.obj
 0003:00000980       __GUID_45ffaaa0_6e1b_11d0_bcf2_444553540000 00018d60     mintopo.obj
 0003:00000990       __GUID_6994ad04_93ef_11d0_a3cc_00a0c9223196 00018d70     mintopo.obj
 0003:000009a0       __GUID_185fedf7_9905_11d1_95a9_00c04fb925d3 00018d80     mintopo.obj
 0003:000009b0       __GUID_dff21ce1_f70f_11d0_b917_00a0c9223196 00018d90     mintopo.obj
 0003:000009c0       __GUID_dff21be1_f70f_11d0_b917_00a0c9223196 00018da0     mintopo.obj
 0003:000009d0       __GUID_185fedf9_9905_11d1_95a9_00c04fb925d3 00018db0     mintopo.obj
 0003:000009e0       __GUID_dff21fe3_f70f_11d0_b917_00a0c9223196 00018dc0     mintopo.obj
 0003:000009f0       __GUID_185fedfb_9905_11d1_95a9_00c04fb925d3 00018dd0     mintopo.obj
 0003:00000a00       __GUID_dff220e3_f70f_11d0_b917_00a0c9223196 00018de0     mintopo.obj
 0003:00000a10       __GUID_185fedf8_9905_11d1_95a9_00c04fb925d3 00018df0     mintopo.obj
 0003:00000a20       __GUID_dff220f3_f70f_11d0_b917_00a0c9223196 00018e00     mintopo.obj
 0003:00000a30       __GUID_dff21fe4_f70f_11d0_b917_00a0c9223196 00018e10     mintopo.obj
 0003:00000a40       __GUID_97e99ba0_bdea_11cf_a5d6_28db04c10000 00018e20     mintopo.obj
 0003:00000c88       __GUID_507ae360_c554_11d0_8a2b_00a0c9255ac1 00019068     minwave.obj
 0003:00000c98       __GUID_4d837fe0_c555_11d0_8a2b_00a0c9255ac1 00019078     minwave.obj
 0003:00000ca8       __GUID_185fedfa_9905_11d1_95a9_00c04fb925d3 00019088     minwave.obj
 0003:00000cb8       __GUID_fb6c4281_0353_11d1_905f_0000c0cc16ba 00019098     minwave.obj
 0003:00000cc8       __GUID_05589f81_c356_11ce_bf01_00aa0055595a 000190a8     minwave.obj
 0003:00000cd8       __GUID_00000001_0000_0010_8000_00aa00389b71 000190b8     minwave.obj
 0003:00000ce8       __GUID_73647561_0000_0010_8000_00aa00389b71 000190c8     minwave.obj
 0003:00000cf8       __GUID_518590a2_a184_11d0_8522_00c04fd9baf3 000190d8     minwave.obj
 0003:00000d08       __GUID_0f6417d6_c318_11d0_a43f_00a0c9223196 000190e8     minwave.obj
 0003:00000d18       ?PDO@@3PAU_DEVICE_OBJECT@@A 000190f8     adapter.obj
 0003:00000d20       __GUID_00000000_0000_0000_0000_000000000000 00019100     adapter.obj
 0004:000000ae       _AddDevice@8               000191ce f   adapter.obj
 0004:0000036a       ?InstallSubdevice@@YGJPAU_DEVICE_OBJECT@@PAU_IRP@@PAGABU_GUID@@3P6GJPAPAUIUnknown@@3PAU4@W4_POOL_TYPE@@@Z5PAUIResourceList@@344@Z 0001948a f   adapter.obj
 0004:0000076e       ?StartDevice@@YGJPAU_DEVICE_OBJECT@@PAU_IRP@@PAUIResourceList@@@Z 0001988e f   adapter.obj
 0004:00000f6e       ?AssignResources@@YGJPAUIResourceList@@PAPAU1@11111@Z 0001a08e f   adapter.obj
 0004:000014d8       ?NewAdapterCommon@@YGJPAPAUIUnknown@@ABU_GUID@@PAU1@W4_POOL_TYPE@@@Z 0001a5f8 f   common.obj
 0004:00002171       ?Init@CAdapterCommon@@UAGJPAUIResourceList@@PAU_DEVICE_OBJECT@@1@Z 0001b291 f   common.obj
 0004:00003b32       ??1CAdapterCommon@@UAE@XZ  0001cc52 f   common.obj
 0004:00003f60       ??_GHDA_Codec@@QAEPAXI@Z   0001d080 f i common.obj
 0004:00003fe7       ?NonDelegatingQueryInterface@CAdapterCommon@@UAGJABU_GUID@@PAPAX@Z 0001d107 f   common.obj
 0004:0000413e       ?WavePortDriverDest@CAdapterCommon@@UAGPAPAUIUnknown@@XZ 0001d25e f   common.obj
 0004:000041de       ?GetInterruptSync@CAdapterCommon@@UAGPAUIInterruptSync@@XZ 0001d2fe f   common.obj
 0004:0000427e       ?GetDeviceDescription@CAdapterCommon@@UAGPAU_DEVICE_DESCRIPTION@@XZ 0001d39e f   common.obj
 0004:0000431e       ?MidiPortDriverDest@CAdapterCommon@@UAGPAPAUIUnknown@@XZ 0001d43e f   common.obj
 0004:000043be       ?SetWaveServiceGroup@CAdapterCommon@@UAGXPAUIServiceGroup@@@Z 0001d4de f   common.obj
 0004:00004bb2       ?InitHDAController@CAdapterCommon@@QAGJXZ 0001dcd2 f   common.obj
 0004:00005dbe       ?TryInitializeCodecSlot@CAdapterCommon@@AAGJEPBD@Z 0001eede f   common.obj
 0004:00006002       ?ReadRegistryBoolean@CAdapterCommon@@AAGEPBGE@Z 0001f122 f   common.obj
 0004:000061e8       ?CreateMiniportTopologyHDA@@YGJPAPAUIUnknown@@ABU_GUID@@PAU1@W4_POOL_TYPE@@@Z 0001f308 f   mintopo.obj
 0004:0000635a       ?ProcessResources@CMiniportTopologyHDA@@AAEJPAUIResourceList@@@Z 0001f47a f   mintopo.obj
 0004:000064ea       ?NonDelegatingQueryInterface@CMiniportTopologyHDA@@UAGJABU_GUID@@PAPAX@Z 0001f60a f   mintopo.obj
 0004:0000669e       ??1CMiniportTopologyHDA@@UAE@XZ 0001f7be f   mintopo.obj
 0004:00006876       ?Init@CMiniportTopologyHDA@@UAGJPAUIUnknown@@PAUIResourceList@@PAUIPortTopology@@@Z 0001f996 f   mintopo.obj
 0004:00006a8a       ?GetDescription@CMiniportTopologyHDA@@UAGJPAPAUPCFILTER_DESCRIPTOR@@@Z 0001fbaa f   mintopo.obj
 0004:00008268       ?CreateMiniportWaveCyclicHDA@@YGJPAPAUIUnknown@@ABU_GUID@@PAU1@W4_POOL_TYPE@@@Z 00021388 f   minwave.obj
 0004:00008526       ?ProcessResources@CMiniportWaveCyclicHDA@@AAEJPAUIResourceList@@@Z 00021646 f   minwave.obj
 0004:000089e2       ?ValidateFormat@CMiniportWaveCyclicHDA@@AAEJPATKSDATAFORMAT@@@Z 00021b02 f   minwave.obj
 0004:00008c1e       ?NonDelegatingQueryInterface@CMiniportWaveCyclicHDA@@UAGJABU_GUID@@PAPAX@Z 00021d3e f   minwave.obj
 0004:00008dd2       ??1CMiniportWaveCyclicHDA@@UAE@XZ 00021ef2 f   minwave.obj
 0004:00008fd6       ?Init@CMiniportWaveCyclicHDA@@UAGJPAUIUnknown@@PAUIResourceList@@PAUIPortWaveCyclic@@@Z 000220f6 f   minwave.obj
 0004:0000926e       ?GetDescription@CMiniportWaveCyclicHDA@@UAGJPAPAUPCFILTER_DESCRIPTOR@@@Z 0002238e f   minwave.obj
 0004:0000945a       ?DataRangeIntersection@CMiniportWaveCyclicHDA@@UAGJKPATKSDATAFORMAT@@0KPAXPAK@Z 0002257a f   minwave.obj
 0004:00009a5a       ?NewStream@CMiniportWaveCyclicHDA@@UAGJPAPAUIMiniportWaveCyclicStream@@PAUIUnknown@@W4_POOL_TYPE@@KEPATKSDATAFORMAT@@PAPAUIDmaChannel@@PAPAUIServiceGroup@@@Z 00022b7a f   minwave.obj
 0004:00009df2       ?NonDelegatingQueryInterface@CMiniportWaveCyclicStreamHDA@@UAGJABU_GUID@@PAPAX@Z 00022f12 f   minwave.obj
 0004:00009f9e       ??1CMiniportWaveCyclicStreamHDA@@UAE@XZ 000230be f   minwave.obj
 0004:0000a230       ?Init@CMiniportWaveCyclicStreamHDA@@QAEJPAVCMiniportWaveCyclicHDA@@KEPATKSDATAFORMAT@@PAUIDmaChannel@@@Z 00023350 f   minwave.obj
 0004:0000a4d2       ?SetNotificationFreq@CMiniportWaveCyclicStreamHDA@@UAGKKPAK@Z 000235f2 f   minwave.obj
 0004:0000a666       ?SetFormat@CMiniportWaveCyclicStreamHDA@@UAGJPATKSDATAFORMAT@@@Z 00023786 f   minwave.obj
 0004:0000a8ae       ?SetState@CMiniportWaveCyclicStreamHDA@@UAGJW4KSSTATE@@@Z 000239ce f   minwave.obj
 0005:0000003e       _DriverEntry@8             00023b1e f   adapter.obj
 0005:000000ac       __IMPORT_DESCRIPTOR_ntoskrnl 00023b8c     ntoskrnl:ntoskrnl.exe
 0005:000000c0       __IMPORT_DESCRIPTOR_HAL    00023ba0     hal:HAL.dll
 0005:000000d4       __IMPORT_DESCRIPTOR_portcls 00023bb4     portcls:portcls.sys
 0005:000000e8       __NULL_IMPORT_DESCRIPTOR   00023bc8     ntoskrnl:ntoskrnl.exe

 entry point at        0005:0000003e

 Static symbols

 0004:00006bde       ?PropertyHandler_OnOff@@YGJPAU_PCPROPERTY_REQUEST@@@Z 0001fcfe f   mintopo.obj
 0004:00006ff6       ?PropertyHandler_SuperMixCaps@@YGJPAU_PCPROPERTY_REQUEST@@@Z 00020116 f   mintopo.obj
 0004:00007606       ?PropertyHandler_SuperMixTable@@YGJPAU_PCPROPERTY_REQUEST@@@Z 00020726 f   mintopo.obj
 0004:00007d36       ?PropertyHandler_CpuResources@@YGJPAU_PCPROPERTY_REQUEST@@@Z 00020e56 f   mintopo.obj
 0001:0000662e       ?PropertyHandler_Level@@YGJPAU_PCPROPERTY_REQUEST@@@Z 0001690e f   mintopo.obj
 0004:00007f96       ?BasicSupportHandler@@YGJPAU_PCPROPERTY_REQUEST@@@Z 000210b6 f   mintopo.obj
 0001:00000190       ?AllocateAlignedCommonBuffer@@YGJPAU_DMA_ADAPTER@@KKPAU_HDA_DMA_COMMON_BUFFER@@@Z 00010470 f   common.obj
 0001:00000310       ?ResetCommonBufferDescriptor@@YGXPAU_HDA_DMA_COMMON_BUFFER@@@Z 000105f0 f   common.obj
 0001:00000330       ?FreeAlignedCommonBuffer@@YGXPAU_DMA_ADAPTER@@PAU_HDA_DMA_COMMON_BUFFER@@@Z 00010610 f   common.obj

 712 bytes saved through ICF

