 HDA

 Timestamp is 68ed7c55 (Mon Oct 13 15:25:25 2025)

 Preferred load address is 00010000

 Start         Length     Name                   Class
 0001:00000000 00001d76H .text                   CODE
 0002:00000000 000000a4H .idata$5                DATA
 0002:000000a8 00000570H .rdata                  DATA
 0003:00000000 00000d00H .data                   DATA
 0003:00000d00 00000010H .bss                    DATA
 0004:00000000 0000b3daH PAGE                    CODE
 0005:00000000 000000a9H INIT                    CODE
 0005:000000ac 0000003cH .idata$2                CODE
 0005:000000e8 00000014H .idata$3                CODE
 0005:000000fc 000000a4H .idata$4                CODE
 0005:000001a0 00000336H .idata$6                CODE
 0006:00000000 00000058H .rsrc$01                DATA
 0006:00000060 00000338H .rsrc$02                DATA

  Address         Publics by Value              Rva+Base     Lib:Object

 0001:00000000       ??3@YAXPAX@Z               000102e0 f i common.obj
 0001:00000010       ??2@YGPAXIW4_POOL_TYPE@@K@Z 000102f0 f i common.obj
 0001:00000050       ??0CAdapterCommon@@QAE@PAUIUnknown@@@Z 00010330 f i common.obj
 0001:000000a0       ?QueryInterface@CAdapterCommon@@UAGJABU_GUID@@PAPAX@Z 00010380 f i common.obj
 0001:000000d0       ?GetOuterUnknown@CUnknown@@QAEPAUIUnknown@@XZ 000103b0 f i common.obj
 0001:000000f0       ?AddRef@CAdapterCommon@@UAGKXZ 000103d0 f i common.obj
 0001:00000120       ?Release@CAdapterCommon@@UAGKXZ 00010400 f i common.obj
 0001:00000150       ??_GCAdapterCommon@@UAEPAXI@Z 00010430 f i common.obj
 0001:00000150       ??_ECAdapterCommon@@UAEPAXI@Z 00010430 f i common.obj
 0001:00000190       ??0IUnknown@@QAE@XZ        00010470 f i common.obj
 0001:000001a0       _IsEqualGUIDAligned@8      00010480 f i common.obj
 0001:0000024e       ?hda_send_verb@CAdapterCommon@@QAGKKKKK@Z 0001052e f   common.obj
 0001:00000426       ?ReadController@CAdapterCommon@@UAGEXZ 00010706 f   common.obj
 0001:000004ce       ?WriteController@CAdapterCommon@@UAGEE@Z 000107ae f   common.obj
 0001:000005b2       ?MixerRegWrite@CAdapterCommon@@UAGXEE@Z 00010892 f   common.obj
 0001:0000069e       ?MixerRegRead@CAdapterCommon@@UAGEE@Z 0001097e f   common.obj
 0001:0000075c       ?MixerReset@CAdapterCommon@@UAGXXZ 00010a3c f   common.obj
 0001:000007c0       ?ResetController@CAdapterCommon@@UAGJXZ 00010aa0 f   common.obj
 0001:0000088a       ?RestoreMixerSettingsFromRegistry@CAdapterCommon@@UAGJXZ 00010b6a f   common.obj
 0001:00000b06       ?SaveMixerSettingsToRegistry@CAdapterCommon@@UAGJXZ 00010de6 f   common.obj
 0001:00000d4a       ?ProgramSampleRate@CAdapterCommon@@QAGJK@Z 0001102a f   common.obj
 0001:00000fee       ?PowerChangeState@CAdapterCommon@@UAGXT_POWER_STATE@@@Z 000112ce f   common.obj
 0001:0000117a       ?QueryPowerChangeState@CAdapterCommon@@UAGJT_POWER_STATE@@@Z 0001145a f   common.obj
 0001:000011fe       ?QueryDeviceCapabilities@CAdapterCommon@@UAGJPAU_DEVICE_CAPABILITIES@@@Z 000114de f   common.obj
 0001:00001326       ?hda_stop_stream@CAdapterCommon@@QAGJXZ 00011606 f   common.obj
 0001:00001590       ?readUCHAR@CAdapterCommon@@QAGEG@Z 00011870 f   common.obj
 0001:000015b0       ?writeUCHAR@CAdapterCommon@@QAGXGE@Z 00011890 f   common.obj
 0001:000015e0       ?readUSHORT@CAdapterCommon@@QAGGG@Z 000118c0 f   common.obj
 0001:00001600       ?writeUSHORT@CAdapterCommon@@QAGXGG@Z 000118e0 f   common.obj
 0001:00001630       ?writeULONG@CAdapterCommon@@QAGXGK@Z 00011910 f   common.obj
 0001:00001660       ?hda_return_sound_data_format@CAdapterCommon@@QAGGKKK@Z 00011940 f   common.obj
 0001:000017d0       ?QueryInterface@CAdapterCommon@@W3AGJABU_GUID@@PAPAX@Z 00011ab0 f i common.obj
 0001:000017e0       ?AddRef@CAdapterCommon@@W3AGKXZ 00011ac0 f i common.obj
 0001:000017f0       ?Release@CAdapterCommon@@W3AGKXZ 00011ad0 f i common.obj
 0001:00001800       ??0CMiniportTopologyHDA@@QAE@PAUIUnknown@@@Z 00011ae0 f i mintopo.obj
 0001:00001840       ?AddRef@CMiniportWaveCyclicHDA@@UAGKXZ 00011b20 f i mintopo.obj
 0001:00001840       ?AddRef@CMiniportTopologyHDA@@UAGKXZ 00011b20 f i mintopo.obj
 0001:00001840       ?AddRef@CMiniportWaveCyclicStreamHDA@@UAGKXZ 00011b20 f i mintopo.obj
 0001:00001870       ?DataRangeIntersection@CMiniportTopologyHDA@@UAGJKPATKSDATAFORMAT@@0KPAXPAK@Z 00011b50 f i mintopo.obj
 0001:00001880       ??_GCMiniportTopologyHDA@@UAEPAXI@Z 00011b60 f i mintopo.obj
 0001:00001880       ??_ECMiniportTopologyHDA@@UAEPAXI@Z 00011b60 f i mintopo.obj
 0001:000018c0       ??0IMiniportTopology@@QAE@XZ 00011ba0 f i mintopo.obj
 0001:000018c0       ??0IMiniportWaveCyclic@@QAE@XZ 00011ba0 f i mintopo.obj
 0001:000018e0       ??0CMiniportWaveCyclicHDA@@QAE@PAUIUnknown@@@Z 00011bc0 f i minwave.obj
 0001:00001920       ?QueryInterface@CMiniportWaveCyclicHDA@@UAGJABU_GUID@@PAPAX@Z 00011c00 f i minwave.obj
 0001:00001920       ?QueryInterface@CMiniportWaveCyclicStreamHDA@@UAGJABU_GUID@@PAPAX@Z 00011c00 f i minwave.obj
 0001:00001920       ?QueryInterface@CMiniportTopologyHDA@@UAGJABU_GUID@@PAPAX@Z 00011c00 f i minwave.obj
 0001:00001950       ??_GCMiniportWaveCyclicHDA@@UAEPAXI@Z 00011c30 f i minwave.obj
 0001:00001950       ??_ECMiniportWaveCyclicHDA@@UAEPAXI@Z 00011c30 f i minwave.obj
 0001:00001990       ??2@YGPAXIW4_POOL_TYPE@@@Z 00011c70 f i minwave.obj
 0001:000019e0       ??0CMiniportWaveCyclicStreamHDA@@QAE@PAUIUnknown@@@Z 00011cc0 f i minwave.obj
 0001:00001a20       ?Release@CMiniportWaveCyclicStreamHDA@@UAGKXZ 00011d00 f i minwave.obj
 0001:00001a20       ?Release@CMiniportTopologyHDA@@UAGKXZ 00011d00 f i minwave.obj
 0001:00001a20       ?Release@CMiniportWaveCyclicHDA@@UAGKXZ 00011d00 f i minwave.obj
 0001:00001a50       ??_GCMiniportWaveCyclicStreamHDA@@UAEPAXI@Z 00011d30 f i minwave.obj
 0001:00001a50       ??_ECMiniportWaveCyclicStreamHDA@@UAEPAXI@Z 00011d30 f i minwave.obj
 0001:00001a90       ??0IMiniportWaveCyclicStream@@QAE@XZ 00011d70 f i minwave.obj
 0001:00001a90       ??0IMiniport@@QAE@XZ       00011d70 f i minwave.obj
 0001:00001a90       ??0IAdapterCommon@@QAE@XZ  00011d70 f i minwave.obj
 0001:00001a90       ??0IAdapterPowerManagement@@QAE@XZ 00011d70 f i minwave.obj
 0001:00001af7       ?GetPosition@CMiniportWaveCyclicStreamHDA@@UAGJPAK@Z 00011dd7 f   minwave.obj
 0001:00001ba0       ?NormalizePhysicalPosition@CMiniportWaveCyclicStreamHDA@@UAGJPA_J@Z 00011e80 f   minwave.obj
 0001:00001c00       ?Silence@CMiniportWaveCyclicStreamHDA@@UAGXPAXK@Z 00011ee0 f   minwave.obj
 0001:00001c3e       _DbgPrint                  00011f1e f   ntoskrnl:ntoskrnl.exe
 0001:00001c44       _DbgBreakPoint@0           00011f24 f   ntoskrnl:ntoskrnl.exe
 0001:00001c4a       __alldiv                   00011f2a f   ntoskrnl:ntoskrnl.exe
 0001:00001c50       __allmul                   00011f30 f   ntoskrnl:ntoskrnl.exe
 0001:00001c56       _PcInitializeAdapterDriver@12 00011f36 f   portcls:portcls.sys
 0001:00001c5c       _PcAddAdapterDevice@20     00011f3c f   portcls:portcls.sys
 0001:00001c62       _PcRegisterSubdevice@12    00011f42 f   portcls:portcls.sys
 0001:00001c68       _PcNewMiniport@8           00011f48 f   portcls:portcls.sys
 0001:00001c6e       _PcNewPort@8               00011f4e f   portcls:portcls.sys
 0001:00001c74       _PcRegisterPhysicalConnection@20 00011f54 f   portcls:portcls.sys
 0001:00001c7a       _PcRegisterAdapterPowerManagement@8 00011f5a f   portcls:portcls.sys
 0001:00001c80       _PcNewResourceSublist@20   00011f60 f   portcls:portcls.sys
 0001:00001c86       _PcNewRegistryKey@36       00011f66 f   portcls:portcls.sys
 0001:00001c8c       _PcNewServiceGroup@8       00011f6c f   portcls:portcls.sys
 0001:00001c92       ??0CUnknown@@QAE@PAUIUnknown@@@Z 00011f72 f   stdunk:stdunk.obj
 0001:00001cb1       ??_GCUnknown@@UAEPAXI@Z    00011f91 f i stdunk:stdunk.obj
 0001:00001cb1       ??_ECUnknown@@UAEPAXI@Z    00011f91 f i stdunk:stdunk.obj
 0001:00001ccd       ??1CUnknown@@UAE@XZ        00011fad f   stdunk:stdunk.obj
 0001:00001cd4       ?NonDelegatingAddRef@CUnknown@@UAGKXZ 00011fb4 f   stdunk:stdunk.obj
 0001:00001cea       ?NonDelegatingRelease@CUnknown@@UAGKXZ 00011fca f   stdunk:stdunk.obj
 0001:00001d19       ?NonDelegatingQueryInterface@CUnknown@@UAGJABU_GUID@@PAPAX@Z 00011ff9 f   stdunk:stdunk.obj
 0002:00000000       __imp__WRITE_PORT_UCHAR@8  00012060     hal:HAL.dll
 0002:00000004       __imp_@KfReleaseSpinLock@8 00012064     hal:HAL.dll
 0002:00000008       __imp__KeStallExecutionProcessor@4 00012068     hal:HAL.dll
 0002:0000000c       __imp_@KfAcquireSpinLock@4 0001206c     hal:HAL.dll
 0002:00000010       __imp__KeGetCurrentIrql@0  00012070     hal:HAL.dll
 0002:00000014       \177HAL_NULL_THUNK_DATA    00012074     hal:HAL.dll
 0002:00000018       __imp__MmUnmapIoSpace@8    00012078     ntoskrnl:ntoskrnl.exe
 0002:0000001c       __imp__READ_REGISTER_ULONG@4 0001207c     ntoskrnl:ntoskrnl.exe
 0002:00000020       __imp__WRITE_REGISTER_ULONG@8 00012080     ntoskrnl:ntoskrnl.exe
 0002:00000024       __imp__RtlInitUnicodeString@8 00012084     ntoskrnl:ntoskrnl.exe
 0002:00000028       __imp__READ_REGISTER_UCHAR@4 00012088     ntoskrnl:ntoskrnl.exe
 0002:0000002c       __imp__ExAllocatePoolWithTag@12 0001208c     ntoskrnl:ntoskrnl.exe
 0002:00000030       __imp__KeInitializeSpinLock@4 00012090     ntoskrnl:ntoskrnl.exe
 0002:00000034       __imp__MmMapIoSpace@16     00012094     ntoskrnl:ntoskrnl.exe
 0002:00000038       __imp__WRITE_REGISTER_USHORT@8 00012098     ntoskrnl:ntoskrnl.exe
 0002:0000003c       __imp__KeInitializeMutex@8 0001209c     ntoskrnl:ntoskrnl.exe
 0002:00000040       __imp__KeReleaseMutex@8    000120a0     ntoskrnl:ntoskrnl.exe
 0002:00000044       __imp__KeWaitForSingleObject@20 000120a4     ntoskrnl:ntoskrnl.exe
 0002:00000048       __imp___alldiv             000120a8     ntoskrnl:ntoskrnl.exe
 0002:0000004c       __imp___allmul             000120ac     ntoskrnl:ntoskrnl.exe
 0002:00000050       __imp__RtlAssert@16        000120b0     ntoskrnl:ntoskrnl.exe
 0002:00000054       __imp__IoGetDmaAdapter@12  000120b4     ntoskrnl:ntoskrnl.exe
 0002:00000058       __imp__DbgPrint            000120b8     ntoskrnl:ntoskrnl.exe
 0002:0000005c       __imp__ExFreePool@4        000120bc     ntoskrnl:ntoskrnl.exe
 0002:00000060       __imp__DbgBreakPoint@0     000120c0     ntoskrnl:ntoskrnl.exe
 0002:00000064       __imp__WRITE_REGISTER_UCHAR@8 000120c4     ntoskrnl:ntoskrnl.exe
 0002:00000068       __imp__READ_REGISTER_USHORT@4 000120c8     ntoskrnl:ntoskrnl.exe
 0002:0000006c       __imp_@InterlockedIncrement@4 000120cc     ntoskrnl:ntoskrnl.exe
 0002:00000070       __imp_@InterlockedDecrement@4 000120d0     ntoskrnl:ntoskrnl.exe
 0002:00000074       \177ntoskrnl_NULL_THUNK_DATA 000120d4     ntoskrnl:ntoskrnl.exe
 0002:00000078       __imp__PcNewMiniport@8     000120d8     portcls:portcls.sys
 0002:0000007c       __imp__PcNewPort@8         000120dc     portcls:portcls.sys
 0002:00000080       __imp__PcRegisterSubdevice@12 000120e0     portcls:portcls.sys
 0002:00000084       __imp__PcAddAdapterDevice@20 000120e4     portcls:portcls.sys
 0002:00000088       __imp__PcRegisterPhysicalConnection@20 000120e8     portcls:portcls.sys
 0002:0000008c       __imp__PcNewResourceSublist@20 000120ec     portcls:portcls.sys
 0002:00000090       __imp__PcNewRegistryKey@36 000120f0     portcls:portcls.sys
 0002:00000094       __imp__PcNewServiceGroup@8 000120f4     portcls:portcls.sys
 0002:00000098       __imp__PcInitializeAdapterDriver@12 000120f8     portcls:portcls.sys
 0002:0000009c       __imp__PcRegisterAdapterPowerManagement@8 000120fc     portcls:portcls.sys
 0002:000000a0       \177portcls_NULL_THUNK_DATA 00012100     portcls:portcls.sys
 0002:00000120       _IID_IAdapterCommon        00012180     adapter.obj
 0002:00000130       _CLSID_MiniportDriverFmSynth 00012190     adapter.obj
 0002:00000140       _CLSID_PortWaveCyclic      000121a0     adapter.obj
 0002:00000150       _CLSID_PortTopology        000121b0     adapter.obj
 0002:00000160       _CLSID_PortMidi            000121c0     adapter.obj
 0002:00000170       _IID_IAdapterPowerManagment 000121d0     adapter.obj
 0002:00000180       _IID_IMiniportWaveCyclicStream 000121e0     adapter.obj
 0002:00000190       _IID_IMiniportWaveCyclic   000121f0     adapter.obj
 0002:000001a0       _IID_IPortWaveCyclic       00012200     adapter.obj
 0002:000001b0       _IID_IMiniportTopology     00012210     adapter.obj
 0002:000001c0       _IID_IMiniport             00012220     adapter.obj
 0002:000001d0       _IID_IUnknown              00012230     adapter.obj
 0002:000001e0       ??_C@_1BE@ENEK@?$AAR?$AAi?$AAg?$AAh?$AAt?$AAB?$AAa?$AAs?$AAs?$AA?$AA@ 00012240     common.obj
 0002:000001f4       ??_C@_1BC@JMJO@?$AAL?$AAe?$AAf?$AAt?$AAB?$AAa?$AAs?$AAs?$AA?$AA@ 00012254     common.obj
 0002:00000208       ??_C@_1BI@KGAJ@?$AAR?$AAi?$AAg?$AAh?$AAt?$AAT?$AAr?$AAe?$AAb?$AAl?$AAe?$AA?$AA@ 00012268     common.obj
 0002:00000220       ??_C@_1BG@BGGD@?$AAL?$AAe?$AAf?$AAt?$AAT?$AAr?$AAe?$AAb?$AAl?$AAe?$AA?$AA@ 00012280     common.obj
 0002:00000238       ??_C@_1O@IECC@?$AAM?$AAi?$AAc?$AAA?$AAG?$AAC?$AA?$AA@ 00012298     common.obj
 0002:00000248       ??_C@_1CA@EJHI@?$AAR?$AAi?$AAg?$AAh?$AAt?$AAO?$AAu?$AAt?$AAp?$AAu?$AAt?$AAG?$AAa?$AAi?$AAn?$AA?$AA@ 000122a8     common.obj
 0002:00000268       ??_C@_1BO@PPLI@?$AAL?$AAe?$AAf?$AAt?$AAO?$AAu?$AAt?$AAp?$AAu?$AAt?$AAG?$AAa?$AAi?$AAn?$AA?$AA@ 000122c8     common.obj
 0002:00000288       ??_C@_1BO@PMCJ@?$AAR?$AAi?$AAg?$AAh?$AAt?$AAI?$AAn?$AAp?$AAu?$AAt?$AAG?$AAa?$AAi?$AAn?$AA?$AA@ 000122e8     common.obj
 0002:000002a8       ??_C@_1BM@CFEM@?$AAL?$AAe?$AAf?$AAt?$AAI?$AAn?$AAp?$AAu?$AAt?$AAG?$AAa?$AAi?$AAn?$AA?$AA@ 00012308     common.obj
 0002:000002c4       ??_C@_1CA@CIKM@?$AAR?$AAi?$AAg?$AAh?$AAt?$AAI?$AAn?$AAp?$AAu?$AAt?$AAM?$AAi?$AAx?$AAe?$AAr?$AA?$AA@ 00012324     common.obj
 0002:000002e4       ??_C@_1BO@JOGM@?$AAL?$AAe?$AAf?$AAt?$AAI?$AAn?$AAp?$AAu?$AAt?$AAM?$AAi?$AAx?$AAe?$AAr?$AA?$AA@ 00012344     common.obj
 0002:00000304       ??_C@_1BI@BMOJ@?$AAO?$AAu?$AAt?$AAp?$AAu?$AAt?$AAM?$AAi?$AAx?$AAe?$AAr?$AA?$AA@ 00012364     common.obj
 0002:0000031c       ??_C@_1BE@GLOL@?$AAP?$AAc?$AAS?$AAp?$AAk?$AAr?$AAV?$AAo?$AAl?$AA?$AA@ 0001237c     common.obj
 0002:00000330       ??_C@_1O@MNBB@?$AAM?$AAi?$AAc?$AAV?$AAo?$AAl?$AA?$AA@ 00012390     common.obj
 0002:00000340       ??_C@_1BO@HCKE@?$AAR?$AAi?$AAg?$AAh?$AAt?$AAL?$AAi?$AAn?$AAe?$AAI?$AAn?$AAV?$AAo?$AAl?$AA?$AA@ 000123a0     common.obj
 0002:00000360       ??_C@_1BM@KLMB@?$AAL?$AAe?$AAf?$AAt?$AAL?$AAi?$AAn?$AAe?$AAI?$AAn?$AAV?$AAo?$AAl?$AA?$AA@ 000123c0     common.obj
 0002:0000037c       ??_C@_1BG@COJL@?$AAR?$AAi?$AAg?$AAh?$AAt?$AAC?$AAD?$AAV?$AAo?$AAl?$AA?$AA@ 000123dc     common.obj
 0002:00000394       ??_C@_1BE@KMKA@?$AAL?$AAe?$AAf?$AAt?$AAC?$AAD?$AAV?$AAo?$AAl?$AA?$AA@ 000123f4     common.obj
 0002:000003a8       ??_C@_1BK@JCIM@?$AAR?$AAi?$AAg?$AAh?$AAt?$AAM?$AAi?$AAd?$AAi?$AAV?$AAo?$AAl?$AA?$AA@ 00012408     common.obj
 0002:000003c4       ??_C@_1BI@KBIJ@?$AAL?$AAe?$AAf?$AAt?$AAM?$AAi?$AAd?$AAi?$AAV?$AAo?$AAl?$AA?$AA@ 00012424     common.obj
 0002:000003dc       ??_C@_1BK@MFCG@?$AAR?$AAi?$AAg?$AAh?$AAt?$AAW?$AAa?$AAv?$AAe?$AAV?$AAo?$AAl?$AA?$AA@ 0001243c     common.obj
 0002:000003f8       ??_C@_1BI@PGCD@?$AAL?$AAe?$AAf?$AAt?$AAW?$AAa?$AAv?$AAe?$AAV?$AAo?$AAl?$AA?$AA@ 00012458     common.obj
 0002:00000410       ??_C@_1BO@NHA@?$AAR?$AAi?$AAg?$AAh?$AAt?$AAM?$AAa?$AAs?$AAt?$AAe?$AAr?$AAV?$AAo?$AAl?$AA?$AA@ 00012470     common.obj
 0002:00000430       ??_C@_1BM@NEBF@?$AAL?$AAe?$AAf?$AAt?$AAM?$AAa?$AAs?$AAt?$AAe?$AAr?$AAV?$AAo?$AAl?$AA?$AA@ 00012490     common.obj
 0002:0000044c       ??_7CAdapterCommon@@6BCUnknown@@@ 000124ac     common.obj
 0002:0000045c       ??_7CAdapterCommon@@6BIAdapterPowerManagement@@@ 000124bc     common.obj
 0002:00000474       ??_7CAdapterCommon@@6BIAdapterCommon@@@ 000124d4     common.obj
 0002:00000580       ??_7CMiniportTopologyHDA@@6BCUnknown@@@ 000125e0     mintopo.obj
 0002:00000590       ??_7CMiniportTopologyHDA@@6BIMiniportTopology@@@ 000125f0     mintopo.obj
 0002:000005a8       ??_7CMiniportWaveCyclicHDA@@6BCUnknown@@@ 00012608     minwave.obj
 0002:000005b8       ??_7CMiniportWaveCyclicHDA@@6BIMiniportWaveCyclic@@@ 00012618     minwave.obj
 0002:000005d4       ??_7CMiniportWaveCyclicStreamHDA@@6BCUnknown@@@ 00012634     minwave.obj
 0002:000005e4       ??_7CMiniportWaveCyclicStreamHDA@@6BIMiniportWaveCyclicStream@@@ 00012644     minwave.obj
 0002:00000608       ??_7CUnknown@@6B@          00012668     stdunk:stdunk.obj
 0003:00000000       ?ulDebugOut@@3KA           00012680     adapter.obj
 0003:00000008       __GUID_b7902fe9_fb0a_11d1_81b0_0060083316c1 00012688     adapter.obj
 0003:00000018       __GUID_d3f0ce1c_fffc_11d1_81b0_0060083316c1 00012698     adapter.obj
 0003:00000028       __GUID_c096df9c_fb09_11d1_81b0_0060083316c1 000126a8     adapter.obj
 0003:000000f8       ?audBufSize@@3KA           00012778     common.obj
 0003:000000fc       ?BdlSize@@3KA              0001277c     common.obj
 0003:000007f8       __GUID_185fedf6_9905_11d1_95a9_00c04fb925d3 00012e78     mintopo.obj
 0003:00000808       __GUID_185fedef_9905_11d1_95a9_00c04fb925d3 00012e88     mintopo.obj
 0003:00000818       __GUID_185fede1_9905_11d1_95a9_00c04fb925d3 00012e98     mintopo.obj
 0003:00000828       __GUID_185fede0_9905_11d1_95a9_00c04fb925d3 00012ea8     mintopo.obj
 0003:00000838       __GUID_7607e580_c557_11d0_8a2b_00a0c9255ac1 00012eb8     mintopo.obj
 0003:00000848       __GUID_185fede3_9905_11d1_95a9_00c04fb925d3 00012ec8     mintopo.obj
 0003:00000858       __GUID_da441a60_c556_11d0_8a2b_00a0c9255ac1 00012ed8     mintopo.obj
 0003:00000868       __GUID_185fedee_9905_11d1_95a9_00c04fb925d3 00012ee8     mintopo.obj
 0003:00000878       __GUID_02b223c0_c557_11d0_8a2b_00a0c9255ac1 00012ef8     mintopo.obj
 0003:00000888       __GUID_185feded_9905_11d1_95a9_00c04fb925d3 00012f08     mintopo.obj
 0003:00000898       __GUID_e88c9ba0_c557_11d0_8a2b_00a0c9255ac1 00012f18     mintopo.obj
 0003:000008a8       __GUID_185fedec_9905_11d1_95a9_00c04fb925d3 00012f28     mintopo.obj
 0003:000008b8       __GUID_185fedeb_9905_11d1_95a9_00c04fb925d3 00012f38     mintopo.obj
 0003:000008c8       __GUID_185fedea_9905_11d1_95a9_00c04fb925d3 00012f48     mintopo.obj
 0003:000008d8       __GUID_185fede9_9905_11d1_95a9_00c04fb925d3 00012f58     mintopo.obj
 0003:000008e8       __GUID_185fede8_9905_11d1_95a9_00c04fb925d3 00012f68     mintopo.obj
 0003:000008f8       __GUID_e573adc0_c555_11d0_8a2b_00a0c9255ac1 00012f78     mintopo.obj
 0003:00000908       __GUID_185fede7_9905_11d1_95a9_00c04fb925d3 00012f88     mintopo.obj
 0003:00000918       __GUID_185fede5_9905_11d1_95a9_00c04fb925d3 00012f98     mintopo.obj
 0003:00000928       __GUID_3a5acc00_c557_11d0_8a2b_00a0c9255ac1 00012fa8     mintopo.obj
 0003:00000938       __GUID_45ffaaa0_6e1b_11d0_bcf2_444553540000 00012fb8     mintopo.obj
 0003:00000948       __GUID_6994ad04_93ef_11d0_a3cc_00a0c9223196 00012fc8     mintopo.obj
 0003:00000958       __GUID_185fedf7_9905_11d1_95a9_00c04fb925d3 00012fd8     mintopo.obj
 0003:00000968       __GUID_dff21ce1_f70f_11d0_b917_00a0c9223196 00012fe8     mintopo.obj
 0003:00000978       __GUID_dff21be1_f70f_11d0_b917_00a0c9223196 00012ff8     mintopo.obj
 0003:00000988       __GUID_185fedf9_9905_11d1_95a9_00c04fb925d3 00013008     mintopo.obj
 0003:00000998       __GUID_dff21fe3_f70f_11d0_b917_00a0c9223196 00013018     mintopo.obj
 0003:000009a8       __GUID_185fedfb_9905_11d1_95a9_00c04fb925d3 00013028     mintopo.obj
 0003:000009b8       __GUID_dff220e3_f70f_11d0_b917_00a0c9223196 00013038     mintopo.obj
 0003:000009c8       __GUID_185fedf8_9905_11d1_95a9_00c04fb925d3 00013048     mintopo.obj
 0003:000009d8       __GUID_dff220f3_f70f_11d0_b917_00a0c9223196 00013058     mintopo.obj
 0003:000009e8       __GUID_dff21fe4_f70f_11d0_b917_00a0c9223196 00013068     mintopo.obj
 0003:000009f8       __GUID_97e99ba0_bdea_11cf_a5d6_28db04c10000 00013078     mintopo.obj
 0003:00000c70       __GUID_507ae360_c554_11d0_8a2b_00a0c9255ac1 000132f0     minwave.obj
 0003:00000c80       __GUID_4d837fe0_c555_11d0_8a2b_00a0c9255ac1 00013300     minwave.obj
 0003:00000c90       __GUID_185fedfa_9905_11d1_95a9_00c04fb925d3 00013310     minwave.obj
 0003:00000ca0       __GUID_fb6c4281_0353_11d1_905f_0000c0cc16ba 00013320     minwave.obj
 0003:00000cb0       __GUID_05589f81_c356_11ce_bf01_00aa0055595a 00013330     minwave.obj
 0003:00000cc0       __GUID_00000001_0000_0010_8000_00aa00389b71 00013340     minwave.obj
 0003:00000cd0       __GUID_73647561_0000_0010_8000_00aa00389b71 00013350     minwave.obj
 0003:00000ce0       __GUID_518590a2_a184_11d0_8522_00c04fd9baf3 00013360     minwave.obj
 0003:00000cf0       __GUID_0f6417d6_c318_11d0_a43f_00a0c9223196 00013370     minwave.obj
 0003:00000d00       __GUID_00000000_0000_0000_0000_000000000000 00013380     adapter.obj
 0004:0000003e       _AddDevice@8               000133de f   adapter.obj
 0004:0000026a       ?InstallSubdevice@@YGJPAU_DEVICE_OBJECT@@PAU_IRP@@PAGABU_GUID@@3P6GJPAPAUIUnknown@@3PAU4@W4_POOL_TYPE@@@Z5PAUIResourceList@@344@Z 0001360a f   adapter.obj
 0004:0000066e       ?StartDevice@@YGJPAU_DEVICE_OBJECT@@PAU_IRP@@PAUIResourceList@@@Z 00013a0e f   adapter.obj
 0004:00000e6e       ?AssignResources@@YGJPAUIResourceList@@PAPAU1@11111@Z 0001420e f   adapter.obj
 0004:000014d8       ?NewAdapterCommon@@YGJPAPAUIUnknown@@ABU_GUID@@PAU1@W4_POOL_TYPE@@@Z 00014878 f   common.obj
 0004:00001d26       ?Init@CAdapterCommon@@UAGJPAUIResourceList@@PAU_DEVICE_OBJECT@@@Z 000150c6 f   common.obj
 0004:00002ea2       ??1CAdapterCommon@@UAE@XZ  00016242 f   common.obj
 0004:00003317       ?NonDelegatingQueryInterface@CAdapterCommon@@UAGJABU_GUID@@PAPAX@Z 000166b7 f   common.obj
 0004:0000346e       ?WavePortDriverDest@CAdapterCommon@@UAGPAPAUIUnknown@@XZ 0001680e f   common.obj
 0004:0000350e       ?GetInterruptSync@CAdapterCommon@@UAGPAUIInterruptSync@@XZ 000168ae f   common.obj
 0004:000035ae       ?MidiPortDriverDest@CAdapterCommon@@UAGPAPAUIUnknown@@XZ 0001694e f   common.obj
 0004:00003610       ?SetWaveServiceGroup@CAdapterCommon@@UAGXPAUIServiceGroup@@@Z 000169b0 f   common.obj
 0004:00003a46       ?InitHDA@CAdapterCommon@@QAGJXZ 00016de6 f   common.obj
 0004:0000446a       ?InitializeCodec@CAdapterCommon@@QAGJE@Z 0001780a f   common.obj
 0004:00004a5f       ?hda_initialize_audio_function_group@CAdapterCommon@@QAGXKK@Z 00017dff f   common.obj
 0004:00005350       ?hda_get_node_type@CAdapterCommon@@QAGEKK@Z 000186f0 f   common.obj
 0004:00005380       ?hda_get_node_connection_entry@CAdapterCommon@@QAGKKKK@Z 00018720 f   common.obj
 0004:00005440       ?hda_set_node_gain@CAdapterCommon@@QAGXKKKKK@Z 000187e0 f   common.obj
 0004:000054e0       ?hda_disable_pin_output@CAdapterCommon@@QAGXKK@Z 00018880 f   common.obj
 0004:00005520       ?hda_is_headphone_connected@CAdapterCommon@@QAGHXZ 000188c0 f   common.obj
 0004:00005626       ?hda_initialize_output_pin@CAdapterCommon@@QAGXK@Z 000189c6 f   common.obj
 0004:000059e6       ?hda_initalize_audio_output@CAdapterCommon@@QAGXK@Z 00018d86 f   common.obj
 0004:00005d66       ?hda_initalize_audio_mixer@CAdapterCommon@@QAGXK@Z 00019106 f   common.obj
 0004:00005ffe       ?hda_initalize_audio_selector@CAdapterCommon@@QAGXK@Z 0001939e f   common.obj
 0004:00006240       ?hda_is_supported_sample_rate@CAdapterCommon@@QAGEK@Z 000195e0 f   common.obj
 0004:00006358       ?CreateMiniportTopologyHDA@@YGJPAPAUIUnknown@@ABU_GUID@@PAU1@W4_POOL_TYPE@@@Z 000196f8 f   mintopo.obj
 0004:000064ca       ?ProcessResources@CMiniportTopologyHDA@@AAEJPAUIResourceList@@@Z 0001986a f   mintopo.obj
 0004:0000664a       ?NonDelegatingQueryInterface@CMiniportTopologyHDA@@UAGJABU_GUID@@PAPAX@Z 000199ea f   mintopo.obj
 0004:000067ee       ??1CMiniportTopologyHDA@@UAE@XZ 00019b8e f   mintopo.obj
 0004:000069c6       ?Init@CMiniportTopologyHDA@@UAGJPAUIUnknown@@PAUIResourceList@@PAUIPortTopology@@@Z 00019d66 f   mintopo.obj
 0004:00006bda       ?GetDescription@CMiniportTopologyHDA@@UAGJPAPAUPCFILTER_DESCRIPTOR@@@Z 00019f7a f   mintopo.obj
 0004:00008a50       ?ReadBitsFromMixer@CMiniportTopologyHDA@@AAEEEEE@Z 0001bdf0 f   mintopo.obj
 0004:00008aa0       ?ThisManyOnes@@YGEE@Z      0001be40 f i mintopo.obj
 0004:00008ac0       ?WriteBitsToMixer@CMiniportTopologyHDA@@AAEXEEEE@Z 0001be60 f   mintopo.obj
 0004:00008bb8       ?CreateMiniportWaveCyclicHDA@@YGJPAPAUIUnknown@@ABU_GUID@@PAU1@W4_POOL_TYPE@@@Z 0001bf58 f   minwave.obj
 0004:00008dba       ?ProcessResources@CMiniportWaveCyclicHDA@@AAEJPAUIResourceList@@@Z 0001c15a f   minwave.obj
 0004:00009052       ?ValidateFormat@CMiniportWaveCyclicHDA@@AAEJPATKSDATAFORMAT@@@Z 0001c3f2 f   minwave.obj
 0004:0000926e       ?NonDelegatingQueryInterface@CMiniportWaveCyclicHDA@@UAGJABU_GUID@@PAPAX@Z 0001c60e f   minwave.obj
 0004:00009422       ??1CMiniportWaveCyclicHDA@@UAE@XZ 0001c7c2 f   minwave.obj
 0004:00009636       ?Init@CMiniportWaveCyclicHDA@@UAGJPAUIUnknown@@PAUIResourceList@@PAUIPortWaveCyclic@@@Z 0001c9d6 f   minwave.obj
 0004:000098ce       ?GetDescription@CMiniportWaveCyclicHDA@@UAGJPAPAUPCFILTER_DESCRIPTOR@@@Z 0001cc6e f   minwave.obj
 0004:00009aaa       ?DataRangeIntersection@CMiniportWaveCyclicHDA@@UAGJKPATKSDATAFORMAT@@0KPAXPAK@Z 0001ce4a f   minwave.obj
 0004:0000a09a       ?NewStream@CMiniportWaveCyclicHDA@@UAGJPAPAUIMiniportWaveCyclicStream@@PAUIUnknown@@W4_POOL_TYPE@@KEPATKSDATAFORMAT@@PAPAUIDmaChannel@@PAPAUIServiceGroup@@@Z 0001d43a f   minwave.obj
 0004:0000a432       ?NonDelegatingQueryInterface@CMiniportWaveCyclicStreamHDA@@UAGJABU_GUID@@PAPAX@Z 0001d7d2 f   minwave.obj
 0004:0000a5ce       ??1CMiniportWaveCyclicStreamHDA@@UAE@XZ 0001d96e f   minwave.obj
 0004:0000a840       ?Init@CMiniportWaveCyclicStreamHDA@@QAEJPAVCMiniportWaveCyclicHDA@@KEPATKSDATAFORMAT@@PAUIDmaChannelSlave@@@Z 0001dbe0 f   minwave.obj
 0004:0000aab2       ?SetNotificationFreq@CMiniportWaveCyclicStreamHDA@@UAGKKPAK@Z 0001de52 f   minwave.obj
 0004:0000ac46       ?SetFormat@CMiniportWaveCyclicStreamHDA@@UAGJPATKSDATAFORMAT@@@Z 0001dfe6 f   minwave.obj
 0004:0000af0a       ?SetState@CMiniportWaveCyclicStreamHDA@@UAGJW4KSSTATE@@@Z 0001e2aa f   minwave.obj
 0005:0000003e       _DriverEntry@8             0001e7be f   adapter.obj
 0005:000000ac       __IMPORT_DESCRIPTOR_ntoskrnl 0001e82c     ntoskrnl:ntoskrnl.exe
 0005:000000c0       __IMPORT_DESCRIPTOR_HAL    0001e840     hal:HAL.dll
 0005:000000d4       __IMPORT_DESCRIPTOR_portcls 0001e854     portcls:portcls.sys
 0005:000000e8       __NULL_IMPORT_DESCRIPTOR   0001e868     ntoskrnl:ntoskrnl.exe

 entry point at        0005:0000003e

 Static symbols

 0004:00006d2e       ?PropertyHandler_OnOff@@YGJPAU_PCPROPERTY_REQUEST@@@Z 0001a0ce f   mintopo.obj
 0004:0000713e       ?PropertyHandler_Level@@YGJPAU_PCPROPERTY_REQUEST@@@Z 0001a4de f   mintopo.obj
 0004:00007836       ?BasicSupportHandler@@YGJPAU_PCPROPERTY_REQUEST@@@Z 0001abd6 f   mintopo.obj
 0004:00007b56       ?PropertyHandler_SuperMixCaps@@YGJPAU_PCPROPERTY_REQUEST@@@Z 0001aef6 f   mintopo.obj
 0004:00008156       ?PropertyHandler_SuperMixTable@@YGJPAU_PCPROPERTY_REQUEST@@@Z 0001b4f6 f   mintopo.obj
 0004:00008886       ?PropertyHandler_CpuResources@@YGJPAU_PCPROPERTY_REQUEST@@@Z 0001bc26 f   mintopo.obj

 318 bytes saved through ICF

