 HDA

 Timestamp is 68f038e2 (Wed Oct 15 17:14:26 2025)

 Preferred load address is 00010000

 Start         Length     Name                   Class
 0001:00000000 00002576H .text                   CODE
 0002:00000000 000000a4H .idata$5                DATA
 0002:000000a8 00000570H .rdata                  DATA
 0003:00000000 00000cd0H .data                   DATA
 0003:00000cd0 00000010H .bss                    DATA
 0004:00000000 0000adfdH PAGE                    CODE
 0005:00000000 000000a9H INIT                    CODE
 0005:000000ac 0000003cH .idata$2                CODE
 0005:000000e8 00000014H .idata$3                CODE
 0005:000000fc 000000a4H .idata$4                CODE
 0005:000001a0 00000336H .idata$6                CODE
 0006:00000000 00000058H .rsrc$01                DATA
 0006:00000060 00000338H .rsrc$02                DATA

  Address         Publics by Value              Rva+Base     Lib:Object

 0001:00000000       ??3@YAXPAX@Z               000102e0 f i common.obj
 0001:00000010       ??2@YGPAXIW4_POOL_TYPE@@K@Z 000102f0 f i common.obj
 0001:00000050       ??0CAdapterCommon@@QAE@PAUIUnknown@@@Z 00010330 f i common.obj
 0001:000000a0       ?QueryInterface@CAdapterCommon@@UAGJABU_GUID@@PAPAX@Z 00010380 f i common.obj
 0001:000000d0       ?GetOuterUnknown@CUnknown@@QAEPAUIUnknown@@XZ 000103b0 f i common.obj
 0001:000000f0       ?AddRef@CAdapterCommon@@UAGKXZ 000103d0 f i common.obj
 0001:00000120       ?Release@CAdapterCommon@@UAGKXZ 00010400 f i common.obj
 0001:00000150       ??_GCAdapterCommon@@UAEPAXI@Z 00010430 f i common.obj
 0001:00000150       ??_ECAdapterCommon@@UAEPAXI@Z 00010430 f i common.obj
 0001:00000190       ??0IUnknown@@QAE@XZ        00010470 f i common.obj
 0001:000001a0       _IsEqualGUIDAligned@8      00010480 f i common.obj
 0001:0000024e       ?hda_send_verb@CAdapterCommon@@QAGKKKKK@Z 0001052e f   common.obj
 0001:00000426       ?ReadController@CAdapterCommon@@UAGEXZ 00010706 f   common.obj
 0001:000004ce       ?WriteController@CAdapterCommon@@UAGEE@Z 000107ae f   common.obj
 0001:000005d6       ?MixerRegWrite@CAdapterCommon@@UAGXEE@Z 000108b6 f   common.obj
 0001:0000071e       ?MixerRegRead@CAdapterCommon@@UAGEE@Z 000109fe f   common.obj
 0001:000007dc       ?MixerReset@CAdapterCommon@@UAGXXZ 00010abc f   common.obj
 0001:00000840       ?ResetController@CAdapterCommon@@UAGJXZ 00010b20 f   common.obj
 0001:0000090a       ?RestoreMixerSettingsFromRegistry@CAdapterCommon@@UAGJXZ 00010bea f   common.obj
 0001:00000b86       ?SaveMixerSettingsToRegistry@CAdapterCommon@@UAGJXZ 00010e66 f   common.obj
 0001:00000dca       ?ProgramSampleRate@CAdapterCommon@@QAGJK@Z 000110aa f   common.obj
 0001:0000106e       ?PowerChangeState@CAdapterCommon@@UAGXT_POWER_STATE@@@Z 0001134e f   common.obj
 0001:0000120a       ?QueryPowerChangeState@CAdapterCommon@@UAGJT_POWER_STATE@@@Z 000114ea f   common.obj
 0001:0000128e       ?QueryDeviceCapabilities@CAdapterCommon@@UAGJPAU_DEVICE_CAPABILITIES@@@Z 0001156e f   common.obj
 0001:000013b6       ?hda_stop_stream@CAdapterCommon@@QAGJXZ 00011696 f   common.obj
 0001:00001620       ?hda_set_volume@CAdapterCommon@@QAGXK@Z 00011900 f   common.obj
 0001:000016a0       ?readUCHAR@CAdapterCommon@@QAGEG@Z 00011980 f   common.obj
 0001:000016c0       ?writeUCHAR@CAdapterCommon@@QAGXGE@Z 000119a0 f   common.obj
 0001:000016f0       ?readUSHORT@CAdapterCommon@@QAGGG@Z 000119d0 f   common.obj
 0001:00001710       ?writeUSHORT@CAdapterCommon@@QAGXGG@Z 000119f0 f   common.obj
 0001:00001740       ?writeULONG@CAdapterCommon@@QAGXGK@Z 00011a20 f   common.obj
 0001:00001770       ?hda_return_sound_data_format@CAdapterCommon@@QAGGKKK@Z 00011a50 f   common.obj
 0001:000018e0       ?QueryInterface@CAdapterCommon@@W3AGJABU_GUID@@PAPAX@Z 00011bc0 f i common.obj
 0001:000018f0       ?AddRef@CAdapterCommon@@W3AGKXZ 00011bd0 f i common.obj
 0001:00001900       ?Release@CAdapterCommon@@W3AGKXZ 00011be0 f i common.obj
 0001:00001910       ??0CMiniportTopologyHDA@@QAE@PAUIUnknown@@@Z 00011bf0 f i mintopo.obj
 0001:00001950       ?QueryInterface@CMiniportWaveCyclicHDA@@UAGJABU_GUID@@PAPAX@Z 00011c30 f i mintopo.obj
 0001:00001950       ?QueryInterface@CMiniportTopologyHDA@@UAGJABU_GUID@@PAPAX@Z 00011c30 f i mintopo.obj
 0001:00001950       ?QueryInterface@CMiniportWaveCyclicStreamHDA@@UAGJABU_GUID@@PAPAX@Z 00011c30 f i mintopo.obj
 0001:00001980       ?AddRef@CMiniportWaveCyclicStreamHDA@@UAGKXZ 00011c60 f i mintopo.obj
 0001:00001980       ?AddRef@CMiniportWaveCyclicHDA@@UAGKXZ 00011c60 f i mintopo.obj
 0001:00001980       ?AddRef@CMiniportTopologyHDA@@UAGKXZ 00011c60 f i mintopo.obj
 0001:000019b0       ?DataRangeIntersection@CMiniportTopologyHDA@@UAGJKPATKSDATAFORMAT@@0KPAXPAK@Z 00011c90 f i mintopo.obj
 0001:000019c0       ??_ECMiniportTopologyHDA@@UAEPAXI@Z 00011ca0 f i mintopo.obj
 0001:000019c0       ??_GCMiniportTopologyHDA@@UAEPAXI@Z 00011ca0 f i mintopo.obj
 0001:00001a00       ??0IMiniportTopology@@QAE@XZ 00011ce0 f i mintopo.obj
 0001:00001a00       ??0IMiniportWaveCyclic@@QAE@XZ 00011ce0 f i mintopo.obj
 0001:000020a0       ?ReadBitsFromMixer@CMiniportTopologyHDA@@AAEEEEE@Z 00012380 f   mintopo.obj
 0001:000020f0       ?ThisManyOnes@@YGEE@Z      000123d0 f i mintopo.obj
 0001:00002110       ?WriteBitsToMixer@CMiniportTopologyHDA@@AAEXEEEE@Z 000123f0 f   mintopo.obj
 0001:000021b0       ??0CMiniportWaveCyclicHDA@@QAE@PAUIUnknown@@@Z 00012490 f i minwave.obj
 0001:000021f0       ??_ECMiniportWaveCyclicHDA@@UAEPAXI@Z 000124d0 f i minwave.obj
 0001:000021f0       ??_GCMiniportWaveCyclicHDA@@UAEPAXI@Z 000124d0 f i minwave.obj
 0001:00002230       ??2@YGPAXIW4_POOL_TYPE@@@Z 00012510 f i minwave.obj
 0001:00002280       ??0CMiniportWaveCyclicStreamHDA@@QAE@PAUIUnknown@@@Z 00012560 f i minwave.obj
 0001:000022c0       ?Release@CMiniportWaveCyclicStreamHDA@@UAGKXZ 000125a0 f i minwave.obj
 0001:000022c0       ?Release@CMiniportWaveCyclicHDA@@UAGKXZ 000125a0 f i minwave.obj
 0001:000022c0       ?Release@CMiniportTopologyHDA@@UAGKXZ 000125a0 f i minwave.obj
 0001:000022f0       ??_GCMiniportWaveCyclicStreamHDA@@UAEPAXI@Z 000125d0 f i minwave.obj
 0001:000022f0       ??_ECMiniportWaveCyclicStreamHDA@@UAEPAXI@Z 000125d0 f i minwave.obj
 0001:00002330       ??0IMiniport@@QAE@XZ       00012610 f i minwave.obj
 0001:00002330       ??0IMiniportWaveCyclicStream@@QAE@XZ 00012610 f i minwave.obj
 0001:00002330       ??0IAdapterPowerManagement@@QAE@XZ 00012610 f i minwave.obj
 0001:00002330       ??0IAdapterCommon@@QAE@XZ  00012610 f i minwave.obj
 0001:00002369       ?GetPosition@CMiniportWaveCyclicStreamHDA@@UAGJPAK@Z 00012649 f   minwave.obj
 0001:000023a0       ?NormalizePhysicalPosition@CMiniportWaveCyclicStreamHDA@@UAGJPA_J@Z 00012680 f   minwave.obj
 0001:00002400       ?Silence@CMiniportWaveCyclicStreamHDA@@UAGXPAXK@Z 000126e0 f   minwave.obj
 0001:0000243e       _DbgPrint                  0001271e f   ntoskrnl:ntoskrnl.exe
 0001:00002444       _DbgBreakPoint@0           00012724 f   ntoskrnl:ntoskrnl.exe
 0001:0000244a       __alldiv                   0001272a f   ntoskrnl:ntoskrnl.exe
 0001:00002450       __allmul                   00012730 f   ntoskrnl:ntoskrnl.exe
 0001:00002456       _PcInitializeAdapterDriver@12 00012736 f   portcls:portcls.sys
 0001:0000245c       _PcAddAdapterDevice@20     0001273c f   portcls:portcls.sys
 0001:00002462       _PcRegisterSubdevice@12    00012742 f   portcls:portcls.sys
 0001:00002468       _PcNewMiniport@8           00012748 f   portcls:portcls.sys
 0001:0000246e       _PcNewPort@8               0001274e f   portcls:portcls.sys
 0001:00002474       _PcRegisterPhysicalConnection@20 00012754 f   portcls:portcls.sys
 0001:0000247a       _PcRegisterAdapterPowerManagement@8 0001275a f   portcls:portcls.sys
 0001:00002480       _PcNewResourceSublist@20   00012760 f   portcls:portcls.sys
 0001:00002486       _PcNewRegistryKey@36       00012766 f   portcls:portcls.sys
 0001:0000248c       _PcNewServiceGroup@8       0001276c f   portcls:portcls.sys
 0001:00002492       ??0CUnknown@@QAE@PAUIUnknown@@@Z 00012772 f   stdunk:stdunk.obj
 0001:000024b1       ??_ECUnknown@@UAEPAXI@Z    00012791 f i stdunk:stdunk.obj
 0001:000024b1       ??_GCUnknown@@UAEPAXI@Z    00012791 f i stdunk:stdunk.obj
 0001:000024cd       ??1CUnknown@@UAE@XZ        000127ad f   stdunk:stdunk.obj
 0001:000024d4       ?NonDelegatingAddRef@CUnknown@@UAGKXZ 000127b4 f   stdunk:stdunk.obj
 0001:000024ea       ?NonDelegatingRelease@CUnknown@@UAGKXZ 000127ca f   stdunk:stdunk.obj
 0001:00002519       ?NonDelegatingQueryInterface@CUnknown@@UAGJABU_GUID@@PAPAX@Z 000127f9 f   stdunk:stdunk.obj
 0002:00000000       __imp__WRITE_PORT_UCHAR@8  00012860     hal:HAL.dll
 0002:00000004       __imp_@KfReleaseSpinLock@8 00012864     hal:HAL.dll
 0002:00000008       __imp__KeStallExecutionProcessor@4 00012868     hal:HAL.dll
 0002:0000000c       __imp_@KfAcquireSpinLock@4 0001286c     hal:HAL.dll
 0002:00000010       __imp__KeGetCurrentIrql@0  00012870     hal:HAL.dll
 0002:00000014       \177HAL_NULL_THUNK_DATA    00012874     hal:HAL.dll
 0002:00000018       __imp__MmUnmapIoSpace@8    00012878     ntoskrnl:ntoskrnl.exe
 0002:0000001c       __imp__READ_REGISTER_ULONG@4 0001287c     ntoskrnl:ntoskrnl.exe
 0002:00000020       __imp__WRITE_REGISTER_ULONG@8 00012880     ntoskrnl:ntoskrnl.exe
 0002:00000024       __imp__RtlInitUnicodeString@8 00012884     ntoskrnl:ntoskrnl.exe
 0002:00000028       __imp__READ_REGISTER_UCHAR@4 00012888     ntoskrnl:ntoskrnl.exe
 0002:0000002c       __imp__ExAllocatePoolWithTag@12 0001288c     ntoskrnl:ntoskrnl.exe
 0002:00000030       __imp__KeInitializeSpinLock@4 00012890     ntoskrnl:ntoskrnl.exe
 0002:00000034       __imp__MmMapIoSpace@16     00012894     ntoskrnl:ntoskrnl.exe
 0002:00000038       __imp__WRITE_REGISTER_USHORT@8 00012898     ntoskrnl:ntoskrnl.exe
 0002:0000003c       __imp__KeInitializeMutex@8 0001289c     ntoskrnl:ntoskrnl.exe
 0002:00000040       __imp__KeReleaseMutex@8    000128a0     ntoskrnl:ntoskrnl.exe
 0002:00000044       __imp__KeWaitForSingleObject@20 000128a4     ntoskrnl:ntoskrnl.exe
 0002:00000048       __imp___alldiv             000128a8     ntoskrnl:ntoskrnl.exe
 0002:0000004c       __imp___allmul             000128ac     ntoskrnl:ntoskrnl.exe
 0002:00000050       __imp__RtlAssert@16        000128b0     ntoskrnl:ntoskrnl.exe
 0002:00000054       __imp__IoGetDmaAdapter@12  000128b4     ntoskrnl:ntoskrnl.exe
 0002:00000058       __imp__DbgPrint            000128b8     ntoskrnl:ntoskrnl.exe
 0002:0000005c       __imp__ExFreePool@4        000128bc     ntoskrnl:ntoskrnl.exe
 0002:00000060       __imp__DbgBreakPoint@0     000128c0     ntoskrnl:ntoskrnl.exe
 0002:00000064       __imp__WRITE_REGISTER_UCHAR@8 000128c4     ntoskrnl:ntoskrnl.exe
 0002:00000068       __imp__READ_REGISTER_USHORT@4 000128c8     ntoskrnl:ntoskrnl.exe
 0002:0000006c       __imp_@InterlockedIncrement@4 000128cc     ntoskrnl:ntoskrnl.exe
 0002:00000070       __imp_@InterlockedDecrement@4 000128d0     ntoskrnl:ntoskrnl.exe
 0002:00000074       \177ntoskrnl_NULL_THUNK_DATA 000128d4     ntoskrnl:ntoskrnl.exe
 0002:00000078       __imp__PcNewMiniport@8     000128d8     portcls:portcls.sys
 0002:0000007c       __imp__PcNewPort@8         000128dc     portcls:portcls.sys
 0002:00000080       __imp__PcRegisterSubdevice@12 000128e0     portcls:portcls.sys
 0002:00000084       __imp__PcAddAdapterDevice@20 000128e4     portcls:portcls.sys
 0002:00000088       __imp__PcRegisterPhysicalConnection@20 000128e8     portcls:portcls.sys
 0002:0000008c       __imp__PcNewResourceSublist@20 000128ec     portcls:portcls.sys
 0002:00000090       __imp__PcNewRegistryKey@36 000128f0     portcls:portcls.sys
 0002:00000094       __imp__PcNewServiceGroup@8 000128f4     portcls:portcls.sys
 0002:00000098       __imp__PcInitializeAdapterDriver@12 000128f8     portcls:portcls.sys
 0002:0000009c       __imp__PcRegisterAdapterPowerManagement@8 000128fc     portcls:portcls.sys
 0002:000000a0       \177portcls_NULL_THUNK_DATA 00012900     portcls:portcls.sys
 0002:00000120       _IID_IAdapterCommon        00012980     adapter.obj
 0002:00000130       _CLSID_MiniportDriverFmSynth 00012990     adapter.obj
 0002:00000140       _CLSID_PortWaveCyclic      000129a0     adapter.obj
 0002:00000150       _CLSID_PortTopology        000129b0     adapter.obj
 0002:00000160       _CLSID_PortMidi            000129c0     adapter.obj
 0002:00000170       _IID_IAdapterPowerManagment 000129d0     adapter.obj
 0002:00000180       _IID_IMiniportWaveCyclicStream 000129e0     adapter.obj
 0002:00000190       _IID_IMiniportWaveCyclic   000129f0     adapter.obj
 0002:000001a0       _IID_IPortWaveCyclic       00012a00     adapter.obj
 0002:000001b0       _IID_IMiniportTopology     00012a10     adapter.obj
 0002:000001c0       _IID_IMiniport             00012a20     adapter.obj
 0002:000001d0       _IID_IUnknown              00012a30     adapter.obj
 0002:000001e0       ??_C@_1BE@ENEK@?$AAR?$AAi?$AAg?$AAh?$AAt?$AAB?$AAa?$AAs?$AAs?$AA?$AA@ 00012a40     common.obj
 0002:000001f4       ??_C@_1BC@JMJO@?$AAL?$AAe?$AAf?$AAt?$AAB?$AAa?$AAs?$AAs?$AA?$AA@ 00012a54     common.obj
 0002:00000208       ??_C@_1BI@KGAJ@?$AAR?$AAi?$AAg?$AAh?$AAt?$AAT?$AAr?$AAe?$AAb?$AAl?$AAe?$AA?$AA@ 00012a68     common.obj
 0002:00000220       ??_C@_1BG@BGGD@?$AAL?$AAe?$AAf?$AAt?$AAT?$AAr?$AAe?$AAb?$AAl?$AAe?$AA?$AA@ 00012a80     common.obj
 0002:00000238       ??_C@_1O@IECC@?$AAM?$AAi?$AAc?$AAA?$AAG?$AAC?$AA?$AA@ 00012a98     common.obj
 0002:00000248       ??_C@_1CA@EJHI@?$AAR?$AAi?$AAg?$AAh?$AAt?$AAO?$AAu?$AAt?$AAp?$AAu?$AAt?$AAG?$AAa?$AAi?$AAn?$AA?$AA@ 00012aa8     common.obj
 0002:00000268       ??_C@_1BO@PPLI@?$AAL?$AAe?$AAf?$AAt?$AAO?$AAu?$AAt?$AAp?$AAu?$AAt?$AAG?$AAa?$AAi?$AAn?$AA?$AA@ 00012ac8     common.obj
 0002:00000288       ??_C@_1BO@PMCJ@?$AAR?$AAi?$AAg?$AAh?$AAt?$AAI?$AAn?$AAp?$AAu?$AAt?$AAG?$AAa?$AAi?$AAn?$AA?$AA@ 00012ae8     common.obj
 0002:000002a8       ??_C@_1BM@CFEM@?$AAL?$AAe?$AAf?$AAt?$AAI?$AAn?$AAp?$AAu?$AAt?$AAG?$AAa?$AAi?$AAn?$AA?$AA@ 00012b08     common.obj
 0002:000002c4       ??_C@_1CA@CIKM@?$AAR?$AAi?$AAg?$AAh?$AAt?$AAI?$AAn?$AAp?$AAu?$AAt?$AAM?$AAi?$AAx?$AAe?$AAr?$AA?$AA@ 00012b24     common.obj
 0002:000002e4       ??_C@_1BO@JOGM@?$AAL?$AAe?$AAf?$AAt?$AAI?$AAn?$AAp?$AAu?$AAt?$AAM?$AAi?$AAx?$AAe?$AAr?$AA?$AA@ 00012b44     common.obj
 0002:00000304       ??_C@_1BI@BMOJ@?$AAO?$AAu?$AAt?$AAp?$AAu?$AAt?$AAM?$AAi?$AAx?$AAe?$AAr?$AA?$AA@ 00012b64     common.obj
 0002:0000031c       ??_C@_1BE@GLOL@?$AAP?$AAc?$AAS?$AAp?$AAk?$AAr?$AAV?$AAo?$AAl?$AA?$AA@ 00012b7c     common.obj
 0002:00000330       ??_C@_1O@MNBB@?$AAM?$AAi?$AAc?$AAV?$AAo?$AAl?$AA?$AA@ 00012b90     common.obj
 0002:00000340       ??_C@_1BO@HCKE@?$AAR?$AAi?$AAg?$AAh?$AAt?$AAL?$AAi?$AAn?$AAe?$AAI?$AAn?$AAV?$AAo?$AAl?$AA?$AA@ 00012ba0     common.obj
 0002:00000360       ??_C@_1BM@KLMB@?$AAL?$AAe?$AAf?$AAt?$AAL?$AAi?$AAn?$AAe?$AAI?$AAn?$AAV?$AAo?$AAl?$AA?$AA@ 00012bc0     common.obj
 0002:0000037c       ??_C@_1BG@COJL@?$AAR?$AAi?$AAg?$AAh?$AAt?$AAC?$AAD?$AAV?$AAo?$AAl?$AA?$AA@ 00012bdc     common.obj
 0002:00000394       ??_C@_1BE@KMKA@?$AAL?$AAe?$AAf?$AAt?$AAC?$AAD?$AAV?$AAo?$AAl?$AA?$AA@ 00012bf4     common.obj
 0002:000003a8       ??_C@_1BK@JCIM@?$AAR?$AAi?$AAg?$AAh?$AAt?$AAM?$AAi?$AAd?$AAi?$AAV?$AAo?$AAl?$AA?$AA@ 00012c08     common.obj
 0002:000003c4       ??_C@_1BI@KBIJ@?$AAL?$AAe?$AAf?$AAt?$AAM?$AAi?$AAd?$AAi?$AAV?$AAo?$AAl?$AA?$AA@ 00012c24     common.obj
 0002:000003dc       ??_C@_1BK@MFCG@?$AAR?$AAi?$AAg?$AAh?$AAt?$AAW?$AAa?$AAv?$AAe?$AAV?$AAo?$AAl?$AA?$AA@ 00012c3c     common.obj
 0002:000003f8       ??_C@_1BI@PGCD@?$AAL?$AAe?$AAf?$AAt?$AAW?$AAa?$AAv?$AAe?$AAV?$AAo?$AAl?$AA?$AA@ 00012c58     common.obj
 0002:00000410       ??_C@_1BO@NHA@?$AAR?$AAi?$AAg?$AAh?$AAt?$AAM?$AAa?$AAs?$AAt?$AAe?$AAr?$AAV?$AAo?$AAl?$AA?$AA@ 00012c70     common.obj
 0002:00000430       ??_C@_1BM@NEBF@?$AAL?$AAe?$AAf?$AAt?$AAM?$AAa?$AAs?$AAt?$AAe?$AAr?$AAV?$AAo?$AAl?$AA?$AA@ 00012c90     common.obj
 0002:0000044c       ??_7CAdapterCommon@@6BCUnknown@@@ 00012cac     common.obj
 0002:0000045c       ??_7CAdapterCommon@@6BIAdapterPowerManagement@@@ 00012cbc     common.obj
 0002:00000474       ??_7CAdapterCommon@@6BIAdapterCommon@@@ 00012cd4     common.obj
 0002:00000580       ??_7CMiniportTopologyHDA@@6BCUnknown@@@ 00012de0     mintopo.obj
 0002:00000590       ??_7CMiniportTopologyHDA@@6BIMiniportTopology@@@ 00012df0     mintopo.obj
 0002:000005a8       ??_7CMiniportWaveCyclicHDA@@6BCUnknown@@@ 00012e08     minwave.obj
 0002:000005b8       ??_7CMiniportWaveCyclicHDA@@6BIMiniportWaveCyclic@@@ 00012e18     minwave.obj
 0002:000005d4       ??_7CMiniportWaveCyclicStreamHDA@@6BCUnknown@@@ 00012e34     minwave.obj
 0002:000005e4       ??_7CMiniportWaveCyclicStreamHDA@@6BIMiniportWaveCyclicStream@@@ 00012e44     minwave.obj
 0002:00000608       ??_7CUnknown@@6B@          00012e68     stdunk:stdunk.obj
 0003:00000000       ?ulDebugOut@@3KA           00012e80     adapter.obj
 0003:00000008       __GUID_b7902fe9_fb0a_11d1_81b0_0060083316c1 00012e88     adapter.obj
 0003:00000018       __GUID_d3f0ce1c_fffc_11d1_81b0_0060083316c1 00012e98     adapter.obj
 0003:00000028       __GUID_c096df9c_fb09_11d1_81b0_0060083316c1 00012ea8     adapter.obj
 0003:000000f8       ?audBufSize@@3KA           00012f78     common.obj
 0003:000000fc       ?BdlSize@@3KA              00012f7c     common.obj
 0003:000007f8       __GUID_185fedf6_9905_11d1_95a9_00c04fb925d3 00013678     mintopo.obj
 0003:00000808       __GUID_185fedef_9905_11d1_95a9_00c04fb925d3 00013688     mintopo.obj
 0003:00000818       __GUID_185fede1_9905_11d1_95a9_00c04fb925d3 00013698     mintopo.obj
 0003:00000828       __GUID_185fede0_9905_11d1_95a9_00c04fb925d3 000136a8     mintopo.obj
 0003:00000838       __GUID_7607e580_c557_11d0_8a2b_00a0c9255ac1 000136b8     mintopo.obj
 0003:00000848       __GUID_185fede3_9905_11d1_95a9_00c04fb925d3 000136c8     mintopo.obj
 0003:00000858       __GUID_da441a60_c556_11d0_8a2b_00a0c9255ac1 000136d8     mintopo.obj
 0003:00000868       __GUID_185fedee_9905_11d1_95a9_00c04fb925d3 000136e8     mintopo.obj
 0003:00000878       __GUID_02b223c0_c557_11d0_8a2b_00a0c9255ac1 000136f8     mintopo.obj
 0003:00000888       __GUID_185feded_9905_11d1_95a9_00c04fb925d3 00013708     mintopo.obj
 0003:00000898       __GUID_e88c9ba0_c557_11d0_8a2b_00a0c9255ac1 00013718     mintopo.obj
 0003:000008a8       __GUID_185fedec_9905_11d1_95a9_00c04fb925d3 00013728     mintopo.obj
 0003:000008b8       __GUID_185fedeb_9905_11d1_95a9_00c04fb925d3 00013738     mintopo.obj
 0003:000008c8       __GUID_185fedea_9905_11d1_95a9_00c04fb925d3 00013748     mintopo.obj
 0003:000008d8       __GUID_185fede9_9905_11d1_95a9_00c04fb925d3 00013758     mintopo.obj
 0003:000008e8       __GUID_185fede8_9905_11d1_95a9_00c04fb925d3 00013768     mintopo.obj
 0003:000008f8       __GUID_e573adc0_c555_11d0_8a2b_00a0c9255ac1 00013778     mintopo.obj
 0003:00000908       __GUID_185fede7_9905_11d1_95a9_00c04fb925d3 00013788     mintopo.obj
 0003:00000918       __GUID_185fede5_9905_11d1_95a9_00c04fb925d3 00013798     mintopo.obj
 0003:00000928       __GUID_3a5acc00_c557_11d0_8a2b_00a0c9255ac1 000137a8     mintopo.obj
 0003:00000938       __GUID_45ffaaa0_6e1b_11d0_bcf2_444553540000 000137b8     mintopo.obj
 0003:00000948       __GUID_6994ad04_93ef_11d0_a3cc_00a0c9223196 000137c8     mintopo.obj
 0003:00000958       __GUID_185fedf7_9905_11d1_95a9_00c04fb925d3 000137d8     mintopo.obj
 0003:00000968       __GUID_dff21ce1_f70f_11d0_b917_00a0c9223196 000137e8     mintopo.obj
 0003:00000978       __GUID_dff21be1_f70f_11d0_b917_00a0c9223196 000137f8     mintopo.obj
 0003:00000988       __GUID_185fedf9_9905_11d1_95a9_00c04fb925d3 00013808     mintopo.obj
 0003:00000998       __GUID_dff21fe3_f70f_11d0_b917_00a0c9223196 00013818     mintopo.obj
 0003:000009a8       __GUID_185fedfb_9905_11d1_95a9_00c04fb925d3 00013828     mintopo.obj
 0003:000009b8       __GUID_dff220e3_f70f_11d0_b917_00a0c9223196 00013838     mintopo.obj
 0003:000009c8       __GUID_185fedf8_9905_11d1_95a9_00c04fb925d3 00013848     mintopo.obj
 0003:000009d8       __GUID_dff220f3_f70f_11d0_b917_00a0c9223196 00013858     mintopo.obj
 0003:000009e8       __GUID_dff21fe4_f70f_11d0_b917_00a0c9223196 00013868     mintopo.obj
 0003:000009f8       __GUID_97e99ba0_bdea_11cf_a5d6_28db04c10000 00013878     mintopo.obj
 0003:00000c40       __GUID_507ae360_c554_11d0_8a2b_00a0c9255ac1 00013ac0     minwave.obj
 0003:00000c50       __GUID_4d837fe0_c555_11d0_8a2b_00a0c9255ac1 00013ad0     minwave.obj
 0003:00000c60       __GUID_185fedfa_9905_11d1_95a9_00c04fb925d3 00013ae0     minwave.obj
 0003:00000c70       __GUID_fb6c4281_0353_11d1_905f_0000c0cc16ba 00013af0     minwave.obj
 0003:00000c80       __GUID_05589f81_c356_11ce_bf01_00aa0055595a 00013b00     minwave.obj
 0003:00000c90       __GUID_00000001_0000_0010_8000_00aa00389b71 00013b10     minwave.obj
 0003:00000ca0       __GUID_73647561_0000_0010_8000_00aa00389b71 00013b20     minwave.obj
 0003:00000cb0       __GUID_518590a2_a184_11d0_8522_00c04fd9baf3 00013b30     minwave.obj
 0003:00000cc0       __GUID_0f6417d6_c318_11d0_a43f_00a0c9223196 00013b40     minwave.obj
 0003:00000cd0       __GUID_00000000_0000_0000_0000_000000000000 00013b50     adapter.obj
 0004:0000003e       _AddDevice@8               00013b9e f   adapter.obj
 0004:0000026a       ?InstallSubdevice@@YGJPAU_DEVICE_OBJECT@@PAU_IRP@@PAGABU_GUID@@3P6GJPAPAUIUnknown@@3PAU4@W4_POOL_TYPE@@@Z5PAUIResourceList@@344@Z 00013dca f   adapter.obj
 0004:0000066e       ?StartDevice@@YGJPAU_DEVICE_OBJECT@@PAU_IRP@@PAUIResourceList@@@Z 000141ce f   adapter.obj
 0004:00000e6e       ?AssignResources@@YGJPAUIResourceList@@PAPAU1@11111@Z 000149ce f   adapter.obj
 0004:000014d8       ?NewAdapterCommon@@YGJPAPAUIUnknown@@ABU_GUID@@PAU1@W4_POOL_TYPE@@@Z 00015038 f   common.obj
 0004:00001d26       ?Init@CAdapterCommon@@UAGJPAUIResourceList@@PAU_DEVICE_OBJECT@@@Z 00015886 f   common.obj
 0004:00002ea2       ??1CAdapterCommon@@UAE@XZ  00016a02 f   common.obj
 0004:00003327       ?NonDelegatingQueryInterface@CAdapterCommon@@UAGJABU_GUID@@PAPAX@Z 00016e87 f   common.obj
 0004:0000347e       ?WavePortDriverDest@CAdapterCommon@@UAGPAPAUIUnknown@@XZ 00016fde f   common.obj
 0004:0000351e       ?GetInterruptSync@CAdapterCommon@@UAGPAUIInterruptSync@@XZ 0001707e f   common.obj
 0004:000035be       ?MidiPortDriverDest@CAdapterCommon@@UAGPAPAUIUnknown@@XZ 0001711e f   common.obj
 0004:00003620       ?SetWaveServiceGroup@CAdapterCommon@@UAGXPAUIServiceGroup@@@Z 00017180 f   common.obj
 0004:00003a56       ?InitHDA@CAdapterCommon@@QAGJXZ 000175b6 f   common.obj
 0004:0000447a       ?InitializeCodec@CAdapterCommon@@QAGJE@Z 00017fda f   common.obj
 0004:00004a6f       ?hda_initialize_audio_function_group@CAdapterCommon@@QAGXKK@Z 000185cf f   common.obj
 0004:00005360       ?hda_get_node_type@CAdapterCommon@@QAGEKK@Z 00018ec0 f   common.obj
 0004:00005390       ?hda_get_node_connection_entry@CAdapterCommon@@QAGKKKK@Z 00018ef0 f   common.obj
 0004:00005450       ?hda_set_node_gain@CAdapterCommon@@QAGXKKKKK@Z 00018fb0 f   common.obj
 0004:000054f0       ?hda_disable_pin_output@CAdapterCommon@@QAGXKK@Z 00019050 f   common.obj
 0004:00005530       ?hda_is_headphone_connected@CAdapterCommon@@QAGHXZ 00019090 f   common.obj
 0004:00005636       ?hda_initialize_output_pin@CAdapterCommon@@QAGXK@Z 00019196 f   common.obj
 0004:000059f6       ?hda_initalize_audio_output@CAdapterCommon@@QAGXK@Z 00019556 f   common.obj
 0004:00005d76       ?hda_initalize_audio_mixer@CAdapterCommon@@QAGXK@Z 000198d6 f   common.obj
 0004:0000600e       ?hda_initalize_audio_selector@CAdapterCommon@@QAGXK@Z 00019b6e f   common.obj
 0004:00006250       ?hda_is_supported_sample_rate@CAdapterCommon@@QAGEK@Z 00019db0 f   common.obj
 0004:00006368       ?CreateMiniportTopologyHDA@@YGJPAPAUIUnknown@@ABU_GUID@@PAU1@W4_POOL_TYPE@@@Z 00019ec8 f   mintopo.obj
 0004:000064da       ?ProcessResources@CMiniportTopologyHDA@@AAEJPAUIResourceList@@@Z 0001a03a f   mintopo.obj
 0004:0000666a       ?NonDelegatingQueryInterface@CMiniportTopologyHDA@@UAGJABU_GUID@@PAPAX@Z 0001a1ca f   mintopo.obj
 0004:0000681e       ??1CMiniportTopologyHDA@@UAE@XZ 0001a37e f   mintopo.obj
 0004:000069f6       ?Init@CMiniportTopologyHDA@@UAGJPAUIUnknown@@PAUIResourceList@@PAUIPortTopology@@@Z 0001a556 f   mintopo.obj
 0004:00006c0a       ?GetDescription@CMiniportTopologyHDA@@UAGJPAPAUPCFILTER_DESCRIPTOR@@@Z 0001a76a f   mintopo.obj
 0004:000083e8       ?CreateMiniportWaveCyclicHDA@@YGJPAPAUIUnknown@@ABU_GUID@@PAU1@W4_POOL_TYPE@@@Z 0001bf48 f   minwave.obj
 0004:00008676       ?ProcessResources@CMiniportWaveCyclicHDA@@AAEJPAUIResourceList@@@Z 0001c1d6 f   minwave.obj
 0004:00008a92       ?ValidateFormat@CMiniportWaveCyclicHDA@@AAEJPATKSDATAFORMAT@@@Z 0001c5f2 f   minwave.obj
 0004:00008cae       ?NonDelegatingQueryInterface@CMiniportWaveCyclicHDA@@UAGJABU_GUID@@PAPAX@Z 0001c80e f   minwave.obj
 0004:00008e62       ??1CMiniportWaveCyclicHDA@@UAE@XZ 0001c9c2 f   minwave.obj
 0004:00009066       ?Init@CMiniportWaveCyclicHDA@@UAGJPAUIUnknown@@PAUIResourceList@@PAUIPortWaveCyclic@@@Z 0001cbc6 f   minwave.obj
 0004:000092fe       ?GetDescription@CMiniportWaveCyclicHDA@@UAGJPAPAUPCFILTER_DESCRIPTOR@@@Z 0001ce5e f   minwave.obj
 0004:000094ea       ?DataRangeIntersection@CMiniportWaveCyclicHDA@@UAGJKPATKSDATAFORMAT@@0KPAXPAK@Z 0001d04a f   minwave.obj
 0004:00009aea       ?NewStream@CMiniportWaveCyclicHDA@@UAGJPAPAUIMiniportWaveCyclicStream@@PAUIUnknown@@W4_POOL_TYPE@@KEPATKSDATAFORMAT@@PAPAUIDmaChannel@@PAPAUIServiceGroup@@@Z 0001d64a f   minwave.obj
 0004:00009e82       ?NonDelegatingQueryInterface@CMiniportWaveCyclicStreamHDA@@UAGJABU_GUID@@PAPAX@Z 0001d9e2 f   minwave.obj
 0004:0000a02e       ??1CMiniportWaveCyclicStreamHDA@@UAE@XZ 0001db8e f   minwave.obj
 0004:0000a2a0       ?Init@CMiniportWaveCyclicStreamHDA@@QAEJPAVCMiniportWaveCyclicHDA@@KEPATKSDATAFORMAT@@PAUIDmaChannel@@@Z 0001de00 f   minwave.obj
 0004:0000a512       ?SetNotificationFreq@CMiniportWaveCyclicStreamHDA@@UAGKKPAK@Z 0001e072 f   minwave.obj
 0004:0000a6a6       ?SetFormat@CMiniportWaveCyclicStreamHDA@@UAGJPATKSDATAFORMAT@@@Z 0001e206 f   minwave.obj
 0004:0000a96a       ?SetState@CMiniportWaveCyclicStreamHDA@@UAGJW4KSSTATE@@@Z 0001e4ca f   minwave.obj
 0005:0000003e       _DriverEntry@8             0001e99e f   adapter.obj
 0005:000000ac       __IMPORT_DESCRIPTOR_ntoskrnl 0001ea0c     ntoskrnl:ntoskrnl.exe
 0005:000000c0       __IMPORT_DESCRIPTOR_HAL    0001ea20     hal:HAL.dll
 0005:000000d4       __IMPORT_DESCRIPTOR_portcls 0001ea34     portcls:portcls.sys
 0005:000000e8       __NULL_IMPORT_DESCRIPTOR   0001ea48     ntoskrnl:ntoskrnl.exe

 entry point at        0005:0000003e

 Static symbols

 0004:00006d5e       ?PropertyHandler_OnOff@@YGJPAU_PCPROPERTY_REQUEST@@@Z 0001a8be f   mintopo.obj
 0004:00007176       ?PropertyHandler_SuperMixCaps@@YGJPAU_PCPROPERTY_REQUEST@@@Z 0001acd6 f   mintopo.obj
 0004:00007786       ?PropertyHandler_SuperMixTable@@YGJPAU_PCPROPERTY_REQUEST@@@Z 0001b2e6 f   mintopo.obj
 0004:00007eb6       ?PropertyHandler_CpuResources@@YGJPAU_PCPROPERTY_REQUEST@@@Z 0001ba16 f   mintopo.obj
 0001:00001a7e       ?PropertyHandler_Level@@YGJPAU_PCPROPERTY_REQUEST@@@Z 00011d5e f   mintopo.obj
 0004:00008116       ?BasicSupportHandler@@YGJPAU_PCPROPERTY_REQUEST@@@Z 0001bc76 f   mintopo.obj

 318 bytes saved through ICF

