 HDA

 Timestamp is 6a1b992e (Sat May 30 19:13:02 2026)

 Preferred load address is 00010000

 Start         Length     Name                   Class
 0001:00000000 00007147H .text                   CODE
 0002:00000000 000000b8H .idata$5                DATA
 0002:000000b8 00000703H .rdata                  DATA
 0003:00000000 00000d18H .data                   DATA
 0003:00000d18 0000001eH .bss                    DATA
 0004:00000000 0000a420H PAGE                    CODE
 0005:00000000 000000a9H INIT                    CODE
 0005:000000ac 0000003cH .idata$2                CODE
 0005:000000e8 00000014H .idata$3                CODE
 0005:000000fc 000000b8H .idata$4                CODE
 0005:000001b4 000003b4H .idata$6                CODE
 0006:00000000 00000058H .rsrc$01                DATA
 0006:00000060 000003d0H .rsrc$02                DATA

  Address         Publics by Value              Rva+Base     Lib:Object

 0001:00000000       ??3@YAXPAX@Z               000102e0 f i common.obj
 0001:00000010       ??2@YGPAXIW4_POOL_TYPE@@K@Z 000102f0 f i common.obj
 0001:00000050       ??0CAdapterCommon@@QAE@PAUIUnknown@@@Z 00010330 f i common.obj
 0001:000000a0       ?QueryInterface@CAdapterCommon@@UAGJABU_GUID@@PAPAX@Z 00010380 f i common.obj
 0001:000000d0       ?GetOuterUnknown@CUnknown@@QAEPAUIUnknown@@XZ 000103b0 f i common.obj
 0001:000000f0       ?AddRef@CAdapterCommon@@UAGKXZ 000103d0 f i common.obj
 0001:00000120       ?Release@CAdapterCommon@@UAGKXZ 00010400 f i common.obj
 0001:00000150       ??_ECAdapterCommon@@UAEPAXI@Z 00010430 f i common.obj
 0001:00000150       ??_GCAdapterCommon@@UAEPAXI@Z 00010430 f i common.obj
 0001:00000380       _IsEqualGUIDAligned@8      00010660 f i common.obj
 0001:00000400       ??2@YGPAXIW4_POOL_TYPE@@@Z 000106e0 f i common.obj
 0001:00000450       ?hda_is_supported_sample_rate@CAdapterCommon@@UAGEK@Z 00010730 f   common.obj
 0001:00000526       ?hda_send_verb@CAdapterCommon@@UAGKKKKK@Z 00010806 f   common.obj
 0001:00000842       ?ReadController@CAdapterCommon@@UAGEXZ 00010b22 f   common.obj
 0001:000008e6       ?WriteController@CAdapterCommon@@UAGEE@Z 00010bc6 f   common.obj
 0001:000009f2       ?MixerRegWrite@CAdapterCommon@@UAGXEE@Z 00010cd2 f   common.obj
 0001:00000bba       ?MixerRegRead@CAdapterCommon@@UAGEE@Z 00010e9a f   common.obj
 0001:00000c9e       ?MixerReset@CAdapterCommon@@UAGXXZ 00010f7e f   common.obj
 0001:00000d3e       ?AcknowledgeIRQ@CAdapterCommon@@AAE?AW4_HDA_INTERRUPT_TYPE@@XZ 0001101e f   common.obj
 0001:00000fe2       ?ResetController@CAdapterCommon@@UAGJXZ 000112c2 f   common.obj
 0001:00001096       ?RestoreMixerSettingsFromRegistry@CAdapterCommon@@UAGJXZ 00011376 f   common.obj
 0001:00001342       ?SaveMixerSettingsToRegistry@CAdapterCommon@@UAGJXZ 00011622 f   common.obj
 0001:000015ae       ?ProgramSampleRate@CAdapterCommon@@UAGJK@Z 0001188e f   common.obj
 0001:000017aa       ?PowerChangeState@CAdapterCommon@@UAGXT_POWER_STATE@@@Z 00011a8a f   common.obj
 0001:00001996       ?QueryPowerChangeState@CAdapterCommon@@UAGJT_POWER_STATE@@@Z 00011c76 f   common.obj
 0001:00001a1a       ?QueryDeviceCapabilities@CAdapterCommon@@UAGJPAU_DEVICE_CAPABILITIES@@@Z 00011cfa f   common.obj
 0001:00001aca       ?InterruptServiceRoutine@@YGJPAUIInterruptSync@@PAX@Z 00011daa f   common.obj
 0001:00001c56       ?hda_stop_stream@CAdapterCommon@@UAGJXZ 00011f36 f   common.obj
 0001:00001f3a       ?hda_start_sound@CAdapterCommon@@UAGXXZ 0001221a f   common.obj
 0001:000020aa       ?hda_stop_sound@CAdapterCommon@@UAGXXZ 0001238a f   common.obj
 0001:00002246       ?hda_get_actual_stream_position@CAdapterCommon@@UAGKXZ 00012526 f   common.obj
 0001:00002350       ?hda_set_volume@CAdapterCommon@@QAGXKE@Z 00012630 f   common.obj
 0001:000023b0       ?readUCHAR@CAdapterCommon@@QAGEG@Z 00012690 f   common.obj
 0001:000023d0       ?writeUCHAR@CAdapterCommon@@QAGXGE@Z 000126b0 f   common.obj
 0001:00002400       ?readUSHORT@CAdapterCommon@@QAGGG@Z 000126e0 f   common.obj
 0001:00002420       ?writeUSHORT@CAdapterCommon@@QAGXGG@Z 00012700 f   common.obj
 0001:00002450       ?readULONG@CAdapterCommon@@QAGKG@Z 00012730 f   common.obj
 0001:00002470       ?writeULONG@CAdapterCommon@@QAGXGK@Z 00012750 f   common.obj
 0001:0000260a       ?hda_setup_stream_descriptor@CAdapterCommon@@UAGJPAUIDmaChannel@@@Z 000128ea f   common.obj
 0001:00002a30       ?hda_return_sound_data_format@CAdapterCommon@@QAGGKKK@Z 00012d10 f   common.obj
 0001:00002a30       ?hda_return_sound_data_format@HDA_Codec@@QAGGKKK@Z 00012d10 f   common.obj
 0001:00002ba0       ?ReadWriteConfigSpace@CAdapterCommon@@AAGJPAU_DEVICE_OBJECT@@KPAXKK@Z 00012e80 f   common.obj
 0001:00002ccb       ?WriteConfigSpaceByte@CAdapterCommon@@AAGJEEE@Z 00012fab f   common.obj
 0001:00002dcb       ?WriteConfigSpaceWord@CAdapterCommon@@AAGJEGG@Z 000130ab f   common.obj
 0001:00002e90       ?QueryInterface@CAdapterCommon@@W3AGJABU_GUID@@PAPAX@Z 00013170 f i common.obj
 0001:00002ea0       ?AddRef@CAdapterCommon@@W3AGKXZ 00013180 f i common.obj
 0001:00002eb0       ?Release@CAdapterCommon@@W3AGKXZ 00013190 f i common.obj
 0001:00002ec0       ??0HDA_Codec@@QAE@EEEPAUIAdapterCommon@@@Z 000131a0 f   codec.obj
 0001:00002f60       ??1HDA_Codec@@QAE@XZ       00013240 f   codec.obj
 0001:0000307e       ?InitializeCodec@HDA_Codec@@QAGJXZ 0001335e f   codec.obj
 0001:00003838       ?hda_initialize_audio_function_group@HDA_Codec@@QAGJK@Z 00013b18 f   codec.obj
 0001:0000448a       ?hda_get_node_type@HDA_Codec@@QAGEK@Z 0001476a f   codec.obj
 0001:0000453a       ?hda_get_node_connection_entries@HDA_Codec@@QAGKKK@Z 0001481a f   codec.obj
 0001:00004640       ?hda_enable_pin_output@HDA_Codec@@QAGXK@Z 00014920 f   codec.obj
 0001:00004670       ?hda_disable_pin_output@HDA_Codec@@QAGXK@Z 00014950 f   codec.obj
 0001:000046a0       ?hda_is_headphone_connected@HDA_Codec@@QAGEXZ 00014980 f   codec.obj
 0001:0000478a       ?hda_initialize_output_pin@HDA_Codec@@QAGXKAAUHDA_NODE_PATH@@@Z 00014a6a f   codec.obj
 0001:00004b32       ?hda_initialize_audio_output@HDA_Codec@@QAGXKAAUHDA_NODE_PATH@@@Z 00014e12 f   codec.obj
 0001:00004f26       ?hda_initialize_audio_mixer@HDA_Codec@@QAGXKAAUHDA_NODE_PATH@@@Z 00015206 f   codec.obj
 0001:0000524e       ?hda_initialize_audio_selector@HDA_Codec@@QAGXKAAUHDA_NODE_PATH@@@Z 0001552e f   codec.obj
 0001:000056c6       ?ProgramSampleRate@HDA_Codec@@QAGJK@Z 000159a6 f   codec.obj
 0001:00005a10       ?hda_check_headphone_connection_change@HDA_Codec@@QAGXXZ 00015cf0 f   codec.obj
 0001:00005ae2       ?hda_is_supported_sample_rate@HDA_Codec@@QAGEK@Z 00015dc2 f   codec.obj
 0001:00005c00       ?hda_set_volume@HDA_Codec@@QAGXKE@Z 00015ee0 f   codec.obj
 0001:00005c60       ?hda_set_node_gain@HDA_Codec@@QAGXKKKKE@Z 00015f40 f   codec.obj
 0001:00005d00       ?hda_send_verb@HDA_Codec@@QAGKKKK@Z 00015fe0 f   codec.obj
 0001:00005d30       ??0CMiniportTopologyHDA@@QAE@PAUIUnknown@@@Z 00016010 f i mintopo.obj
 0001:00005d70       ?DataRangeIntersection@CMiniportTopologyHDA@@UAGJKPATKSDATAFORMAT@@0KPAXPAK@Z 00016050 f i mintopo.obj
 0001:00005d80       ??_GCMiniportTopologyHDA@@UAEPAXI@Z 00016060 f i mintopo.obj
 0001:00005d80       ??_ECMiniportTopologyHDA@@UAEPAXI@Z 00016060 f i mintopo.obj
 0001:00005dc0       ??0IMiniportWaveCyclicStream@@QAE@XZ 000160a0 f i mintopo.obj
 0001:00005dc0       ??0IAdapterPowerManagement@@QAE@XZ 000160a0 f i mintopo.obj
 0001:00005dc0       ??0IMiniport@@QAE@XZ       000160a0 f i mintopo.obj
 0001:00005dc0       ??0IAdapterCommon@@QAE@XZ  000160a0 f i mintopo.obj
 0001:00005dc0       ??0IDmaChannel@@QAE@XZ     000160a0 f i mintopo.obj
 0001:00006460       ?ReadBitsFromMixer@CMiniportTopologyHDA@@AAEEEEE@Z 00016740 f   mintopo.obj
 0001:000064b0       ?ThisManyOnes@@YGEE@Z      00016790 f i mintopo.obj
 0001:000064d0       ?WriteBitsToMixer@CMiniportTopologyHDA@@AAEXEEEE@Z 000167b0 f   mintopo.obj
 0001:00006570       ??0CMiniportWaveCyclicHDA@@QAE@PAUIUnknown@@@Z 00016850 f i minwave.obj
 0001:000065b0       ?QueryInterface@CMiniportTopologyHDA@@UAGJABU_GUID@@PAPAX@Z 00016890 f i minwave.obj
 0001:000065b0       ?QueryInterface@CMiniportWaveCyclicHDA@@UAGJABU_GUID@@PAPAX@Z 00016890 f i minwave.obj
 0001:000065b0       ?QueryInterface@CMiniportWaveCyclicStreamHDA@@UAGJABU_GUID@@PAPAX@Z 00016890 f i minwave.obj
 0001:000065e0       ??_GCMiniportWaveCyclicHDA@@UAEPAXI@Z 000168c0 f i minwave.obj
 0001:000065e0       ??_ECMiniportWaveCyclicHDA@@UAEPAXI@Z 000168c0 f i minwave.obj
 0001:00006620       ??0IMiniportWaveCyclic@@QAE@XZ 00016900 f i minwave.obj
 0001:00006620       ??0IMiniportTopology@@QAE@XZ 00016900 f i minwave.obj
 0001:00006640       ??0CMyDmaChannel@@QAE@PAUIDmaChannel@@@Z 00016920 f i minwave.obj
 0001:00006700       ?QueryInterface@CMyDmaChannel@@UAGJABU_GUID@@PAPAX@Z 000169e0 f i minwave.obj
 0001:00006760       _IsEqualGUID@8             00016a40 f i minwave.obj
 0001:00006790       ?AddRef@CMyDmaChannel@@UAGKXZ 00016a70 f i minwave.obj
 0001:000067b0       ?Release@CMyDmaChannel@@UAGKXZ 00016a90 f i minwave.obj
 0001:00006800       ?AllocateBuffer@CMyDmaChannel@@UAGJKPAT_LARGE_INTEGER@@@Z 00016ae0 f i minwave.obj
 0001:000069a0       ?FreeBuffer@CMyDmaChannel@@UAGXXZ 00016c80 f i minwave.obj
 0001:000069f0       ?SystemAddress@CMyDmaChannel@@UAGPAXXZ 00016cd0 f i minwave.obj
 0001:00006a20       ?CopyTo@CMyDmaChannel@@UAGXPAX0K@Z 00016d00 f i minwave.obj
 0001:00006aa0       ?CopyFrom@CMyDmaChannel@@UAGXPAX0K@Z 00016d80 f i minwave.obj
 0001:00006ad0       ?TransferCount@CMyDmaChannel@@UAGKXZ 00016db0 f i minwave.obj
 0001:00006af0       ?MaximumBufferSize@CMyDmaChannel@@UAGKXZ 00016dd0 f i minwave.obj
 0001:00006b10       ?AllocatedBufferSize@CMyDmaChannel@@UAGKXZ 00016df0 f i minwave.obj
 0001:00006b40       ?BufferSize@CMyDmaChannel@@UAGKXZ 00016e20 f i minwave.obj
 0001:00006b70       ?SetBufferSize@CMyDmaChannel@@UAGXK@Z 00016e50 f i minwave.obj
 0001:00006ba0       ?PhysicalAddress@CMyDmaChannel@@UAG?AT_LARGE_INTEGER@@XZ 00016e80 f i minwave.obj
 0001:00006c00       ?GetAdapterObject@CMyDmaChannel@@UAGPAU_DMA_ADAPTER@@XZ 00016ee0 f i minwave.obj
 0001:00006c20       ??0CMiniportWaveCyclicStreamHDA@@QAE@PAUIUnknown@@@Z 00016f00 f i minwave.obj
 0001:00006c60       ?AddRef@CMiniportWaveCyclicHDA@@UAGKXZ 00016f40 f i minwave.obj
 0001:00006c60       ?AddRef@CMiniportWaveCyclicStreamHDA@@UAGKXZ 00016f40 f i minwave.obj
 0001:00006c60       ?AddRef@CMiniportTopologyHDA@@UAGKXZ 00016f40 f i minwave.obj
 0001:00006c90       ?Release@CMiniportTopologyHDA@@UAGKXZ 00016f70 f i minwave.obj
 0001:00006c90       ?Release@CMiniportWaveCyclicHDA@@UAGKXZ 00016f70 f i minwave.obj
 0001:00006c90       ?Release@CMiniportWaveCyclicStreamHDA@@UAGKXZ 00016f70 f i minwave.obj
 0001:00006cc0       ??_ECMiniportWaveCyclicStreamHDA@@UAEPAXI@Z 00016fa0 f i minwave.obj
 0001:00006cc0       ??_GCMiniportWaveCyclicStreamHDA@@UAEPAXI@Z 00016fa0 f i minwave.obj
 0001:00006d19       ?GetPosition@CMiniportWaveCyclicStreamHDA@@UAGJPAK@Z 00016ff9 f   minwave.obj
 0001:00006e2e       ?NormalizePhysicalPosition@CMiniportWaveCyclicStreamHDA@@UAGJPA_J@Z 0001710e f   minwave.obj
 0001:00006ed0       ?Silence@CMiniportWaveCyclicStreamHDA@@UAGXPAXK@Z 000171b0 f   minwave.obj
 0001:00006f0e       _DbgPrint                  000171ee f   ntoskrnl:ntoskrnl.exe
 0001:00006f14       _DbgBreakPoint@0           000171f4 f   ntoskrnl:ntoskrnl.exe
 0001:00006f1a       __alldiv                   000171fa f   ntoskrnl:ntoskrnl.exe
 0001:00006f20       __allmul                   00017200 f   ntoskrnl:ntoskrnl.exe
 0001:00006f26       _PcInitializeAdapterDriver@12 00017206 f   portcls:portcls.sys
 0001:00006f2c       _PcAddAdapterDevice@20     0001720c f   portcls:portcls.sys
 0001:00006f32       _PcRegisterSubdevice@12    00017212 f   portcls:portcls.sys
 0001:00006f38       _PcNewMiniport@8           00017218 f   portcls:portcls.sys
 0001:00006f3e       _PcNewPort@8               0001721e f   portcls:portcls.sys
 0001:00006f44       _PcRegisterPhysicalConnection@20 00017224 f   portcls:portcls.sys
 0001:00006f4a       _PcRegisterAdapterPowerManagement@8 0001722a f   portcls:portcls.sys
 0001:00006f50       _PcNewResourceSublist@20   00017230 f   portcls:portcls.sys
 0001:00006f56       _PcNewInterruptSync@20     00017236 f   portcls:portcls.sys
 0001:00006f5c       _PcNewRegistryKey@36       0001723c f   portcls:portcls.sys
 0001:00006f62       _PcNewServiceGroup@8       00017242 f   portcls:portcls.sys
 0001:00006f70       ??0CUnknown@@QAE@PAUIUnknown@@@Z 00017250 f   stdunk:stdunk.obj
 0001:00006fc0       ??_ECUnknown@@UAEPAXI@Z    000172a0 f i stdunk:stdunk.obj
 0001:00006fc0       ??_GCUnknown@@UAEPAXI@Z    000172a0 f i stdunk:stdunk.obj
 0001:00006ff0       ??0INonDelegatingUnknown@@QAE@XZ 000172d0 f i stdunk:stdunk.obj
 0001:00006ff0       ??0IUnknown@@QAE@XZ        000172d0 f i stdunk:stdunk.obj
 0001:00007000       ??1CUnknown@@UAE@XZ        000172e0 f   stdunk:stdunk.obj
 0001:00007020       ?NonDelegatingAddRef@CUnknown@@UAGKXZ 00017300 f   stdunk:stdunk.obj
 0001:00007060       ?NonDelegatingRelease@CUnknown@@UAGKXZ 00017340 f   stdunk:stdunk.obj
 0001:000070e0       ?NonDelegatingQueryInterface@CUnknown@@UAGJABU_GUID@@PAPAX@Z 000173c0 f   stdunk:stdunk.obj
 0002:00000000       __imp_@KfAcquireSpinLock@4 00017440     hal:HAL.dll
 0002:00000004       __imp_@KfReleaseSpinLock@8 00017444     hal:HAL.dll
 0002:00000008       __imp__KeStallExecutionProcessor@4 00017448     hal:HAL.dll
 0002:0000000c       __imp__KeGetCurrentIrql@0  0001744c     hal:HAL.dll
 0002:00000010       \177HAL_NULL_THUNK_DATA    00017450     hal:HAL.dll
 0002:00000014       __imp__MmMapIoSpace@16     00017454     ntoskrnl:ntoskrnl.exe
 0002:00000018       __imp__KeInitializeSpinLock@4 00017458     ntoskrnl:ntoskrnl.exe
 0002:0000001c       __imp__MmUnmapIoSpace@8    0001745c     ntoskrnl:ntoskrnl.exe
 0002:00000020       __imp__RtlInitUnicodeString@8 00017460     ntoskrnl:ntoskrnl.exe
 0002:00000024       __imp__IoGetDmaAdapter@12  00017464     ntoskrnl:ntoskrnl.exe
 0002:00000028       __imp__READ_REGISTER_ULONG@4 00017468     ntoskrnl:ntoskrnl.exe
 0002:0000002c       __imp__WRITE_REGISTER_ULONG@8 0001746c     ntoskrnl:ntoskrnl.exe
 0002:00000030       __imp__READ_REGISTER_UCHAR@4 00017470     ntoskrnl:ntoskrnl.exe
 0002:00000034       __imp__WRITE_REGISTER_UCHAR@8 00017474     ntoskrnl:ntoskrnl.exe
 0002:00000038       __imp__READ_REGISTER_USHORT@4 00017478     ntoskrnl:ntoskrnl.exe
 0002:0000003c       __imp__WRITE_REGISTER_USHORT@8 0001747c     ntoskrnl:ntoskrnl.exe
 0002:00000040       __imp__ExFreePool@4        00017480     ntoskrnl:ntoskrnl.exe
 0002:00000044       __imp__ExAllocatePoolWithTag@12 00017484     ntoskrnl:ntoskrnl.exe
 0002:00000048       __imp_@IofCallDriver@8     00017488     ntoskrnl:ntoskrnl.exe
 0002:0000004c       __imp__IoBuildSynchronousFsdRequest@28 0001748c     ntoskrnl:ntoskrnl.exe
 0002:00000050       __imp__IoGetAttachedDeviceReference@4 00017490     ntoskrnl:ntoskrnl.exe
 0002:00000054       __imp__KeInitializeEvent@12 00017494     ntoskrnl:ntoskrnl.exe
 0002:00000058       __imp_@InterlockedIncrement@4 00017498     ntoskrnl:ntoskrnl.exe
 0002:0000005c       __imp__RtlAssert@16        0001749c     ntoskrnl:ntoskrnl.exe
 0002:00000060       __imp__KeInitializeMutex@8 000174a0     ntoskrnl:ntoskrnl.exe
 0002:00000064       __imp__KeReleaseMutex@8    000174a4     ntoskrnl:ntoskrnl.exe
 0002:00000068       __imp___alldiv             000174a8     ntoskrnl:ntoskrnl.exe
 0002:0000006c       __imp___allmul             000174ac     ntoskrnl:ntoskrnl.exe
 0002:00000070       __imp__DbgBreakPoint@0     000174b0     ntoskrnl:ntoskrnl.exe
 0002:00000074       __imp__DbgPrint            000174b4     ntoskrnl:ntoskrnl.exe
 0002:00000078       __imp__KeWaitForSingleObject@20 000174b8     ntoskrnl:ntoskrnl.exe
 0002:0000007c       __imp_@ObfDereferenceObject@4 000174bc     ntoskrnl:ntoskrnl.exe
 0002:00000080       __imp_@InterlockedDecrement@4 000174c0     ntoskrnl:ntoskrnl.exe
 0002:00000084       \177ntoskrnl_NULL_THUNK_DATA 000174c4     ntoskrnl:ntoskrnl.exe
 0002:00000088       __imp__PcRegisterAdapterPowerManagement@8 000174c8     portcls:portcls.sys
 0002:0000008c       __imp__PcAddAdapterDevice@20 000174cc     portcls:portcls.sys
 0002:00000090       __imp__PcRegisterSubdevice@12 000174d0     portcls:portcls.sys
 0002:00000094       __imp__PcNewMiniport@8     000174d4     portcls:portcls.sys
 0002:00000098       __imp__PcNewPort@8         000174d8     portcls:portcls.sys
 0002:0000009c       __imp__PcRegisterPhysicalConnection@20 000174dc     portcls:portcls.sys
 0002:000000a0       __imp__PcInitializeAdapterDriver@12 000174e0     portcls:portcls.sys
 0002:000000a4       __imp__PcNewResourceSublist@20 000174e4     portcls:portcls.sys
 0002:000000a8       __imp__PcNewInterruptSync@20 000174e8     portcls:portcls.sys
 0002:000000ac       __imp__PcNewRegistryKey@36 000174ec     portcls:portcls.sys
 0002:000000b0       __imp__PcNewServiceGroup@8 000174f0     portcls:portcls.sys
 0002:000000b4       \177portcls_NULL_THUNK_DATA 000174f4     portcls:portcls.sys
 0002:00000130       _IID_IAdapterCommon        00017570     adapter.obj
 0002:00000140       _CLSID_MiniportDriverFmSynth 00017580     adapter.obj
 0002:00000150       _CLSID_PortWaveCyclic      00017590     adapter.obj
 0002:00000160       _CLSID_PortTopology        000175a0     adapter.obj
 0002:00000170       _CLSID_PortMidi            000175b0     adapter.obj
 0002:00000180       _IID_IAdapterPowerManagment 000175c0     adapter.obj
 0002:00000190       _IID_IMiniportWaveCyclicStream 000175d0     adapter.obj
 0002:000001a0       _IID_IMiniportWaveCyclic   000175e0     adapter.obj
 0002:000001b0       _IID_IPortWaveCyclic       000175f0     adapter.obj
 0002:000001c0       _IID_IMiniportTopology     00017600     adapter.obj
 0002:000001d0       _IID_IDmaChannel           00017610     adapter.obj
 0002:000001e0       _IID_IMiniport             00017620     adapter.obj
 0002:000001f0       _IID_IUnknown              00017630     adapter.obj
 0002:00000200       ??_C@_1BE@FFBG@?$AAU?$AAs?$AAe?$AAD?$AAm?$AAa?$AAP?$AAo?$AAs?$AA?$AA@ 00017640     common.obj
 0002:00000214       ??_C@_1CA@DADJ@?$AAU?$AAs?$AAe?$AAD?$AAi?$AAs?$AAa?$AAb?$AAl?$AAe?$AAd?$AAP?$AAi?$AAn?$AAs?$AA?$AA@ 00017654     common.obj
 0002:00000234       ??_C@_1BC@MBIB@?$AAU?$AAs?$AAe?$AAS?$AAP?$AAD?$AAI?$AAF?$AA?$AA@ 00017674     common.obj
 0002:00000248       ??_C@_1BE@ONOC@?$AAU?$AAs?$AAe?$AAA?$AAl?$AAt?$AAO?$AAu?$AAt?$AA?$AA@ 00017688     common.obj
 0002:0000025c       ??_C@_1BO@LMMA@?$AAS?$AAk?$AAi?$AAp?$AAC?$AAo?$AAd?$AAe?$AAc?$AAR?$AAe?$AAs?$AAe?$AAt?$AA?$AA@ 0001769c     common.obj
 0002:0000027c       ??_C@_1CI@JKGI@?$AAS?$AAk?$AAi?$AAp?$AAC?$AAo?$AAn?$AAt?$AAr?$AAo?$AAl?$AAl?$AAe?$AAr?$AAR?$AAe?$AAs?$AAe?$AAt?$AA?$AA@ 000176bc     common.obj
 0002:000002a4       ??_C@_1BE@ENEK@?$AAR?$AAi?$AAg?$AAh?$AAt?$AAB?$AAa?$AAs?$AAs?$AA?$AA@ 000176e4     common.obj
 0002:000002b8       ??_C@_1BC@JMJO@?$AAL?$AAe?$AAf?$AAt?$AAB?$AAa?$AAs?$AAs?$AA?$AA@ 000176f8     common.obj
 0002:000002cc       ??_C@_1BI@KGAJ@?$AAR?$AAi?$AAg?$AAh?$AAt?$AAT?$AAr?$AAe?$AAb?$AAl?$AAe?$AA?$AA@ 0001770c     common.obj
 0002:000002e4       ??_C@_1BG@BGGD@?$AAL?$AAe?$AAf?$AAt?$AAT?$AAr?$AAe?$AAb?$AAl?$AAe?$AA?$AA@ 00017724     common.obj
 0002:000002fc       ??_C@_1O@IECC@?$AAM?$AAi?$AAc?$AAA?$AAG?$AAC?$AA?$AA@ 0001773c     common.obj
 0002:0000030c       ??_C@_1CA@EJHI@?$AAR?$AAi?$AAg?$AAh?$AAt?$AAO?$AAu?$AAt?$AAp?$AAu?$AAt?$AAG?$AAa?$AAi?$AAn?$AA?$AA@ 0001774c     common.obj
 0002:0000032c       ??_C@_1BO@PPLI@?$AAL?$AAe?$AAf?$AAt?$AAO?$AAu?$AAt?$AAp?$AAu?$AAt?$AAG?$AAa?$AAi?$AAn?$AA?$AA@ 0001776c     common.obj
 0002:0000034c       ??_C@_1BO@PMCJ@?$AAR?$AAi?$AAg?$AAh?$AAt?$AAI?$AAn?$AAp?$AAu?$AAt?$AAG?$AAa?$AAi?$AAn?$AA?$AA@ 0001778c     common.obj
 0002:0000036c       ??_C@_1BM@CFEM@?$AAL?$AAe?$AAf?$AAt?$AAI?$AAn?$AAp?$AAu?$AAt?$AAG?$AAa?$AAi?$AAn?$AA?$AA@ 000177ac     common.obj
 0002:00000388       ??_C@_1CA@CIKM@?$AAR?$AAi?$AAg?$AAh?$AAt?$AAI?$AAn?$AAp?$AAu?$AAt?$AAM?$AAi?$AAx?$AAe?$AAr?$AA?$AA@ 000177c8     common.obj
 0002:000003a8       ??_C@_1BO@JOGM@?$AAL?$AAe?$AAf?$AAt?$AAI?$AAn?$AAp?$AAu?$AAt?$AAM?$AAi?$AAx?$AAe?$AAr?$AA?$AA@ 000177e8     common.obj
 0002:000003c8       ??_C@_1BI@BMOJ@?$AAO?$AAu?$AAt?$AAp?$AAu?$AAt?$AAM?$AAi?$AAx?$AAe?$AAr?$AA?$AA@ 00017808     common.obj
 0002:000003e0       ??_C@_1BE@GLOL@?$AAP?$AAc?$AAS?$AAp?$AAk?$AAr?$AAV?$AAo?$AAl?$AA?$AA@ 00017820     common.obj
 0002:000003f4       ??_C@_1O@MNBB@?$AAM?$AAi?$AAc?$AAV?$AAo?$AAl?$AA?$AA@ 00017834     common.obj
 0002:00000404       ??_C@_1BO@HCKE@?$AAR?$AAi?$AAg?$AAh?$AAt?$AAL?$AAi?$AAn?$AAe?$AAI?$AAn?$AAV?$AAo?$AAl?$AA?$AA@ 00017844     common.obj
 0002:00000424       ??_C@_1BM@KLMB@?$AAL?$AAe?$AAf?$AAt?$AAL?$AAi?$AAn?$AAe?$AAI?$AAn?$AAV?$AAo?$AAl?$AA?$AA@ 00017864     common.obj
 0002:00000440       ??_C@_1BG@COJL@?$AAR?$AAi?$AAg?$AAh?$AAt?$AAC?$AAD?$AAV?$AAo?$AAl?$AA?$AA@ 00017880     common.obj
 0002:00000458       ??_C@_1BE@KMKA@?$AAL?$AAe?$AAf?$AAt?$AAC?$AAD?$AAV?$AAo?$AAl?$AA?$AA@ 00017898     common.obj
 0002:0000046c       ??_C@_1BK@JCIM@?$AAR?$AAi?$AAg?$AAh?$AAt?$AAM?$AAi?$AAd?$AAi?$AAV?$AAo?$AAl?$AA?$AA@ 000178ac     common.obj
 0002:00000488       ??_C@_1BI@KBIJ@?$AAL?$AAe?$AAf?$AAt?$AAM?$AAi?$AAd?$AAi?$AAV?$AAo?$AAl?$AA?$AA@ 000178c8     common.obj
 0002:000004a0       ??_C@_1BK@MFCG@?$AAR?$AAi?$AAg?$AAh?$AAt?$AAW?$AAa?$AAv?$AAe?$AAV?$AAo?$AAl?$AA?$AA@ 000178e0     common.obj
 0002:000004bc       ??_C@_1BI@PGCD@?$AAL?$AAe?$AAf?$AAt?$AAW?$AAa?$AAv?$AAe?$AAV?$AAo?$AAl?$AA?$AA@ 000178fc     common.obj
 0002:000004d4       ??_C@_1BO@NHA@?$AAR?$AAi?$AAg?$AAh?$AAt?$AAM?$AAa?$AAs?$AAt?$AAe?$AAr?$AAV?$AAo?$AAl?$AA?$AA@ 00017914     common.obj
 0002:000004f4       ??_C@_1BM@NEBF@?$AAL?$AAe?$AAf?$AAt?$AAM?$AAa?$AAs?$AAt?$AAe?$AAr?$AAV?$AAo?$AAl?$AA?$AA@ 00017934     common.obj
 0002:00000510       ??_7CAdapterCommon@@6BCUnknown@@@ 00017950     common.obj
 0002:00000520       ??_7CAdapterCommon@@6BIAdapterPowerManagement@@@ 00017960     common.obj
 0002:00000538       ??_7CAdapterCommon@@6BIAdapterCommon@@@ 00017978     common.obj
 0002:00000668       ??_7CMiniportTopologyHDA@@6BCUnknown@@@ 00017aa8     mintopo.obj
 0002:00000678       ??_7CMiniportTopologyHDA@@6BIMiniportTopology@@@ 00017ab8     mintopo.obj
 0002:00000690       ??_7CMiniportWaveCyclicHDA@@6BCUnknown@@@ 00017ad0     minwave.obj
 0002:000006a0       ??_7CMiniportWaveCyclicHDA@@6BIMiniportWaveCyclic@@@ 00017ae0     minwave.obj
 0002:000006bc       ??_C@_09BAJA@SSE2?5?$CFd?5?6?$AA@ 00017afc     minwave.obj
 0002:000006c8       ??_7CMyDmaChannel@@6B@     00017b08     minwave.obj
 0002:00000704       ??_C@_0DG@LDEH@Aligned?5DMA?5view?5invalid?5?$CIoff?$DN?$CFl@ 00017b44     minwave.obj
 0002:0000073c       ??_7CMiniportWaveCyclicStreamHDA@@6BCUnknown@@@ 00017b7c     minwave.obj
 0002:0000074c       ??_7CMiniportWaveCyclicStreamHDA@@6BIMiniportWaveCyclicStream@@@ 00017b8c     minwave.obj
 0002:00000770       ??_7CUnknown@@6B@          00017bb0     stdunk:stdunk.obj
 0002:00000780       ??_C@_0BB@CHNF@m_lRefCount?5?$DO?$DN?50?$AA@ 00017bc0     stdunk:stdunk.obj
 0002:00000794       ??_C@_0N@DIKJ@?4?2stdunk?4cpp?$AA@ 00017bd4     stdunk:stdunk.obj
 0002:000007a4       ??_C@_0BA@HPDB@m_lRefCount?5?$DO?50?$AA@ 00017be4     stdunk:stdunk.obj
 0002:000007b4       ??_C@_06DPDC@ppVoid?$AA@   00017bf4     stdunk:stdunk.obj
 0003:00000000       ?ulDebugOut@@3KA           00017c00     adapter.obj
 0003:00000008       __GUID_b7902fe9_fb0a_11d1_81b0_0060083316c1 00017c08     adapter.obj
 0003:00000018       __GUID_d3f0ce1c_fffc_11d1_81b0_0060083316c1 00017c18     adapter.obj
 0003:00000028       __GUID_c096df9c_fb09_11d1_81b0_0060083316c1 00017c28     adapter.obj
 0003:00000140       ?audBufSize@@3KA           00017d40     common.obj
 0003:00000144       ?BdlSize@@3KA              00017d44     common.obj
 0003:00000840       __GUID_185fedf6_9905_11d1_95a9_00c04fb925d3 00018440     mintopo.obj
 0003:00000850       __GUID_185fedef_9905_11d1_95a9_00c04fb925d3 00018450     mintopo.obj
 0003:00000860       __GUID_185fede1_9905_11d1_95a9_00c04fb925d3 00018460     mintopo.obj
 0003:00000870       __GUID_185fede0_9905_11d1_95a9_00c04fb925d3 00018470     mintopo.obj
 0003:00000880       __GUID_7607e580_c557_11d0_8a2b_00a0c9255ac1 00018480     mintopo.obj
 0003:00000890       __GUID_185fede3_9905_11d1_95a9_00c04fb925d3 00018490     mintopo.obj
 0003:000008a0       __GUID_da441a60_c556_11d0_8a2b_00a0c9255ac1 000184a0     mintopo.obj
 0003:000008b0       __GUID_185fedee_9905_11d1_95a9_00c04fb925d3 000184b0     mintopo.obj
 0003:000008c0       __GUID_02b223c0_c557_11d0_8a2b_00a0c9255ac1 000184c0     mintopo.obj
 0003:000008d0       __GUID_185feded_9905_11d1_95a9_00c04fb925d3 000184d0     mintopo.obj
 0003:000008e0       __GUID_e88c9ba0_c557_11d0_8a2b_00a0c9255ac1 000184e0     mintopo.obj
 0003:000008f0       __GUID_185fedec_9905_11d1_95a9_00c04fb925d3 000184f0     mintopo.obj
 0003:00000900       __GUID_185fedeb_9905_11d1_95a9_00c04fb925d3 00018500     mintopo.obj
 0003:00000910       __GUID_185fedea_9905_11d1_95a9_00c04fb925d3 00018510     mintopo.obj
 0003:00000920       __GUID_185fede9_9905_11d1_95a9_00c04fb925d3 00018520     mintopo.obj
 0003:00000930       __GUID_185fede8_9905_11d1_95a9_00c04fb925d3 00018530     mintopo.obj
 0003:00000940       __GUID_e573adc0_c555_11d0_8a2b_00a0c9255ac1 00018540     mintopo.obj
 0003:00000950       __GUID_185fede7_9905_11d1_95a9_00c04fb925d3 00018550     mintopo.obj
 0003:00000960       __GUID_185fede5_9905_11d1_95a9_00c04fb925d3 00018560     mintopo.obj
 0003:00000970       __GUID_3a5acc00_c557_11d0_8a2b_00a0c9255ac1 00018570     mintopo.obj
 0003:00000980       __GUID_45ffaaa0_6e1b_11d0_bcf2_444553540000 00018580     mintopo.obj
 0003:00000990       __GUID_6994ad04_93ef_11d0_a3cc_00a0c9223196 00018590     mintopo.obj
 0003:000009a0       __GUID_185fedf7_9905_11d1_95a9_00c04fb925d3 000185a0     mintopo.obj
 0003:000009b0       __GUID_dff21ce1_f70f_11d0_b917_00a0c9223196 000185b0     mintopo.obj
 0003:000009c0       __GUID_dff21be1_f70f_11d0_b917_00a0c9223196 000185c0     mintopo.obj
 0003:000009d0       __GUID_185fedf9_9905_11d1_95a9_00c04fb925d3 000185d0     mintopo.obj
 0003:000009e0       __GUID_dff21fe3_f70f_11d0_b917_00a0c9223196 000185e0     mintopo.obj
 0003:000009f0       __GUID_185fedfb_9905_11d1_95a9_00c04fb925d3 000185f0     mintopo.obj
 0003:00000a00       __GUID_dff220e3_f70f_11d0_b917_00a0c9223196 00018600     mintopo.obj
 0003:00000a10       __GUID_185fedf8_9905_11d1_95a9_00c04fb925d3 00018610     mintopo.obj
 0003:00000a20       __GUID_dff220f3_f70f_11d0_b917_00a0c9223196 00018620     mintopo.obj
 0003:00000a30       __GUID_dff21fe4_f70f_11d0_b917_00a0c9223196 00018630     mintopo.obj
 0003:00000a40       __GUID_97e99ba0_bdea_11cf_a5d6_28db04c10000 00018640     mintopo.obj
 0003:00000c88       __GUID_507ae360_c554_11d0_8a2b_00a0c9255ac1 00018888     minwave.obj
 0003:00000c98       __GUID_4d837fe0_c555_11d0_8a2b_00a0c9255ac1 00018898     minwave.obj
 0003:00000ca8       __GUID_185fedfa_9905_11d1_95a9_00c04fb925d3 000188a8     minwave.obj
 0003:00000cb8       __GUID_fb6c4281_0353_11d1_905f_0000c0cc16ba 000188b8     minwave.obj
 0003:00000cc8       __GUID_05589f81_c356_11ce_bf01_00aa0055595a 000188c8     minwave.obj
 0003:00000cd8       __GUID_00000001_0000_0010_8000_00aa00389b71 000188d8     minwave.obj
 0003:00000ce8       __GUID_73647561_0000_0010_8000_00aa00389b71 000188e8     minwave.obj
 0003:00000cf8       __GUID_518590a2_a184_11d0_8522_00c04fd9baf3 000188f8     minwave.obj
 0003:00000d08       __GUID_0f6417d6_c318_11d0_a43f_00a0c9223196 00018908     minwave.obj
 0003:00000d18       ?PDO@@3PAU_DEVICE_OBJECT@@A 00018918     adapter.obj
 0003:00000d20       __GUID_00000000_0000_0000_0000_000000000000 00018920     adapter.obj
 0004:000000ae       _AddDevice@8               000189ee f   adapter.obj
 0004:0000036a       ?InstallSubdevice@@YGJPAU_DEVICE_OBJECT@@PAU_IRP@@PAGABU_GUID@@3P6GJPAPAUIUnknown@@3PAU4@W4_POOL_TYPE@@@Z5PAUIResourceList@@344@Z 00018caa f   adapter.obj
 0004:0000076e       ?StartDevice@@YGJPAU_DEVICE_OBJECT@@PAU_IRP@@PAUIResourceList@@@Z 000190ae f   adapter.obj
 0004:00000f6e       ?AssignResources@@YGJPAUIResourceList@@PAPAU1@11111@Z 000198ae f   adapter.obj
 0004:000014d8       ?NewAdapterCommon@@YGJPAPAUIUnknown@@ABU_GUID@@PAU1@W4_POOL_TYPE@@@Z 00019e18 f   common.obj
 0004:000020c5       ?Init@CAdapterCommon@@UAGJPAUIResourceList@@PAU_DEVICE_OBJECT@@1@Z 0001aa05 f   common.obj
 0004:00003962       ??1CAdapterCommon@@UAE@XZ  0001c2a2 f   common.obj
 0004:00003d80       ??_GHDA_Codec@@QAEPAXI@Z   0001c6c0 f i common.obj
 0004:00003e07       ?NonDelegatingQueryInterface@CAdapterCommon@@UAGJABU_GUID@@PAPAX@Z 0001c747 f   common.obj
 0004:00003f5e       ?WavePortDriverDest@CAdapterCommon@@UAGPAPAUIUnknown@@XZ 0001c89e f   common.obj
 0004:00003ffe       ?GetInterruptSync@CAdapterCommon@@UAGPAUIInterruptSync@@XZ 0001c93e f   common.obj
 0004:0000409e       ?GetDeviceDescription@CAdapterCommon@@UAGPAU_DEVICE_DESCRIPTION@@XZ 0001c9de f   common.obj
 0004:0000413e       ?MidiPortDriverDest@CAdapterCommon@@UAGPAPAUIUnknown@@XZ 0001ca7e f   common.obj
 0004:000041de       ?SetWaveServiceGroup@CAdapterCommon@@UAGXPAUIServiceGroup@@@Z 0001cb1e f   common.obj
 0004:0000488e       ?InitHDAController@CAdapterCommon@@QAGJXZ 0001d1ce f   common.obj
 0004:0000587a       ?TryInitializeCodecSlot@CAdapterCommon@@AAGXEKPBDPAJ@Z 0001e1ba f   common.obj
 0004:00005a62       ?ReadRegistryBoolean@CAdapterCommon@@AAGEPBGE@Z 0001e3a2 f   common.obj
 0004:00005c48       ?CreateMiniportTopologyHDA@@YGJPAPAUIUnknown@@ABU_GUID@@PAU1@W4_POOL_TYPE@@@Z 0001e588 f   mintopo.obj
 0004:00005dba       ?ProcessResources@CMiniportTopologyHDA@@AAEJPAUIResourceList@@@Z 0001e6fa f   mintopo.obj
 0004:00005f4a       ?NonDelegatingQueryInterface@CMiniportTopologyHDA@@UAGJABU_GUID@@PAPAX@Z 0001e88a f   mintopo.obj
 0004:000060fe       ??1CMiniportTopologyHDA@@UAE@XZ 0001ea3e f   mintopo.obj
 0004:000062d6       ?Init@CMiniportTopologyHDA@@UAGJPAUIUnknown@@PAUIResourceList@@PAUIPortTopology@@@Z 0001ec16 f   mintopo.obj
 0004:000064ea       ?GetDescription@CMiniportTopologyHDA@@UAGJPAPAUPCFILTER_DESCRIPTOR@@@Z 0001ee2a f   mintopo.obj
 0004:00007cc8       ?CreateMiniportWaveCyclicHDA@@YGJPAPAUIUnknown@@ABU_GUID@@PAU1@W4_POOL_TYPE@@@Z 00020608 f   minwave.obj
 0004:00007f86       ?ProcessResources@CMiniportWaveCyclicHDA@@AAEJPAUIResourceList@@@Z 000208c6 f   minwave.obj
 0004:00008442       ?ValidateFormat@CMiniportWaveCyclicHDA@@AAEJPATKSDATAFORMAT@@@Z 00020d82 f   minwave.obj
 0004:0000867e       ?NonDelegatingQueryInterface@CMiniportWaveCyclicHDA@@UAGJABU_GUID@@PAPAX@Z 00020fbe f   minwave.obj
 0004:00008832       ??1CMiniportWaveCyclicHDA@@UAE@XZ 00021172 f   minwave.obj
 0004:00008a36       ?Init@CMiniportWaveCyclicHDA@@UAGJPAUIUnknown@@PAUIResourceList@@PAUIPortWaveCyclic@@@Z 00021376 f   minwave.obj
 0004:00008cce       ?GetDescription@CMiniportWaveCyclicHDA@@UAGJPAPAUPCFILTER_DESCRIPTOR@@@Z 0002160e f   minwave.obj
 0004:00008eba       ?DataRangeIntersection@CMiniportWaveCyclicHDA@@UAGJKPATKSDATAFORMAT@@0KPAXPAK@Z 000217fa f   minwave.obj
 0004:000094ba       ?NewStream@CMiniportWaveCyclicHDA@@UAGJPAPAUIMiniportWaveCyclicStream@@PAUIUnknown@@W4_POOL_TYPE@@KEPATKSDATAFORMAT@@PAPAUIDmaChannel@@PAPAUIServiceGroup@@@Z 00021dfa f   minwave.obj
 0004:00009852       ?NonDelegatingQueryInterface@CMiniportWaveCyclicStreamHDA@@UAGJABU_GUID@@PAPAX@Z 00022192 f   minwave.obj
 0004:000099fe       ??1CMiniportWaveCyclicStreamHDA@@UAE@XZ 0002233e f   minwave.obj
 0004:00009c90       ?Init@CMiniportWaveCyclicStreamHDA@@QAEJPAVCMiniportWaveCyclicHDA@@KEPATKSDATAFORMAT@@PAUIDmaChannel@@@Z 000225d0 f   minwave.obj
 0004:00009f32       ?SetNotificationFreq@CMiniportWaveCyclicStreamHDA@@UAGKKPAK@Z 00022872 f   minwave.obj
 0004:0000a0c6       ?SetFormat@CMiniportWaveCyclicStreamHDA@@UAGJPATKSDATAFORMAT@@@Z 00022a06 f   minwave.obj
 0004:0000a30e       ?SetState@CMiniportWaveCyclicStreamHDA@@UAGJW4KSSTATE@@@Z 00022c4e f   minwave.obj
 0005:0000003e       _DriverEntry@8             00022d9e f   adapter.obj
 0005:000000ac       __IMPORT_DESCRIPTOR_ntoskrnl 00022e0c     ntoskrnl:ntoskrnl.exe
 0005:000000c0       __IMPORT_DESCRIPTOR_HAL    00022e20     hal:HAL.dll
 0005:000000d4       __IMPORT_DESCRIPTOR_portcls 00022e34     portcls:portcls.sys
 0005:000000e8       __NULL_IMPORT_DESCRIPTOR   00022e48     ntoskrnl:ntoskrnl.exe

 entry point at        0005:0000003e

 Static symbols

 0004:0000663e       ?PropertyHandler_OnOff@@YGJPAU_PCPROPERTY_REQUEST@@@Z 0001ef7e f   mintopo.obj
 0004:00006a56       ?PropertyHandler_SuperMixCaps@@YGJPAU_PCPROPERTY_REQUEST@@@Z 0001f396 f   mintopo.obj
 0004:00007066       ?PropertyHandler_SuperMixTable@@YGJPAU_PCPROPERTY_REQUEST@@@Z 0001f9a6 f   mintopo.obj
 0004:00007796       ?PropertyHandler_CpuResources@@YGJPAU_PCPROPERTY_REQUEST@@@Z 000200d6 f   mintopo.obj
 0001:00005e3e       ?PropertyHandler_Level@@YGJPAU_PCPROPERTY_REQUEST@@@Z 0001611e f   mintopo.obj
 0004:000079f6       ?BasicSupportHandler@@YGJPAU_PCPROPERTY_REQUEST@@@Z 00020336 f   mintopo.obj
 0001:00000190       ?AllocateAlignedCommonBuffer@@YGJPAU_DMA_ADAPTER@@KKPAU_HDA_DMA_COMMON_BUFFER@@@Z 00010470 f   common.obj
 0001:00000310       ?ResetCommonBufferDescriptor@@YGXPAU_HDA_DMA_COMMON_BUFFER@@@Z 000105f0 f   common.obj
 0001:00000330       ?FreeAlignedCommonBuffer@@YGXPAU_DMA_ADAPTER@@PAU_HDA_DMA_COMMON_BUFFER@@@Z 00010610 f   common.obj

 712 bytes saved through ICF

