 HDA

 Timestamp is 6a28aff3 (Tue Jun 09 17:29:39 2026)

 Preferred load address is 00010000

 Start         Length     Name                   Class
 0001:00000000 00007e38H .text                   CODE
 0002:00000000 000000e8H .idata$5                DATA
 0002:000000e8 000006d8H .rdata                  DATA
 0003:00000000 00000d18H .data                   DATA
 0003:00000d18 0000001eH .bss                    DATA
 0004:00000000 0000a960H PAGE                    CODE
 0005:00000000 000000a9H INIT                    CODE
 0005:000000ac 0000003cH .idata$2                CODE
 0005:000000e8 00000014H .idata$3                CODE
 0005:000000fc 000000e8H .idata$4                CODE
 0005:000001e4 00000494H .idata$6                CODE
 0006:00000000 00000058H .rsrc$01                DATA
 0006:00000060 000003d0H .rsrc$02                DATA

  Address         Publics by Value              Rva+Base     Lib:Object

 0001:00000000       ??3@YAXPAX@Z               000102e0 f i common.obj
 0001:00000010       ??2@YGPAXIW4_POOL_TYPE@@K@Z 000102f0 f i common.obj
 0001:00000050       ??0CAdapterCommon@@QAE@PAUIUnknown@@@Z 00010330 f i common.obj
 0001:000000a0       ?QueryInterface@CAdapterCommon@@UAGJABU_GUID@@PAPAX@Z 00010380 f i common.obj
 0001:000000d0       ?GetOuterUnknown@CUnknown@@QAEPAUIUnknown@@XZ 000103b0 f i common.obj
 0001:000000f0       ?AddRef@CAdapterCommon@@UAGKXZ 000103d0 f i common.obj
 0001:00000120       ?Release@CAdapterCommon@@UAGKXZ 00010400 f i common.obj
 0001:00000150       ??_ECAdapterCommon@@UAEPAXI@Z 00010430 f i common.obj
 0001:00000150       ??_GCAdapterCommon@@UAEPAXI@Z 00010430 f i common.obj
 0001:00000190       ??0IUnknown@@QAE@XZ        00010470 f i common.obj
 0001:00000390       _IsEqualGUIDAligned@8      00010670 f i common.obj
 0001:00000410       ??2@YGPAXIW4_POOL_TYPE@@@Z 000106f0 f i common.obj
 0001:00000460       ?hda_is_supported_sample_rate@CAdapterCommon@@UAGEK@Z 00010740 f   common.obj
 0001:000005a6       ?hda_send_verb@CAdapterCommon@@UAGKKKKK@Z 00010886 f   common.obj
 0001:00000962       ?ReadController@CAdapterCommon@@UAGEXZ 00010c42 f   common.obj
 0001:00000a06       ?WriteController@CAdapterCommon@@UAGEE@Z 00010ce6 f   common.obj
 0001:00000b12       ?MixerRegWrite@CAdapterCommon@@UAGXEE@Z 00010df2 f   common.obj
 0001:00000cda       ?MixerRegRead@CAdapterCommon@@UAGEE@Z 00010fba f   common.obj
 0001:00000dbe       ?MixerReset@CAdapterCommon@@UAGXXZ 0001109e f   common.obj
 0001:00000e5e       ?AcknowledgeIRQ@CAdapterCommon@@AAE?AW4_HDA_INTERRUPT_TYPE@@XZ 0001113e f   common.obj
 0001:00001102       ?ResetController@CAdapterCommon@@UAGJXZ 000113e2 f   common.obj
 0001:000011b6       ?RestoreMixerSettingsFromRegistry@CAdapterCommon@@UAGJXZ 00011496 f   common.obj
 0001:00001462       ?SaveMixerSettingsToRegistry@CAdapterCommon@@UAGJXZ 00011742 f   common.obj
 0001:000016ce       ?ProgramSampleRate@CAdapterCommon@@UAGJK@Z 000119ae f   common.obj
 0001:000018ca       ?PowerChangeState@CAdapterCommon@@UAGXT_POWER_STATE@@@Z 00011baa f   common.obj
 0001:00001ab6       ?QueryPowerChangeState@CAdapterCommon@@UAGJT_POWER_STATE@@@Z 00011d96 f   common.obj
 0001:00001b3a       ?QueryDeviceCapabilities@CAdapterCommon@@UAGJPAU_DEVICE_CAPABILITIES@@@Z 00011e1a f   common.obj
 0001:00001bea       ?InterruptServiceRoutine@@YGJPAUIInterruptSync@@PAX@Z 00011eca f   common.obj
 0001:00001d76       ?hda_stop_stream@CAdapterCommon@@UAGJXZ 00012056 f   common.obj
 0001:0000205a       ?hda_start_sound@CAdapterCommon@@UAGXXZ 0001233a f   common.obj
 0001:000021ca       ?hda_stop_sound@CAdapterCommon@@UAGXXZ 000124aa f   common.obj
 0001:00002366       ?hda_get_actual_stream_position@CAdapterCommon@@UAGKXZ 00012646 f   common.obj
 0001:00002470       ?hda_set_volume@CAdapterCommon@@QAGXKE@Z 00012750 f   common.obj
 0001:000024d0       ?readUCHAR@CAdapterCommon@@QAGEG@Z 000127b0 f   common.obj
 0001:000024f0       ?writeUCHAR@CAdapterCommon@@QAGXGE@Z 000127d0 f   common.obj
 0001:00002520       ?readUSHORT@CAdapterCommon@@QAGGG@Z 00012800 f   common.obj
 0001:00002540       ?writeUSHORT@CAdapterCommon@@QAGXGG@Z 00012820 f   common.obj
 0001:00002570       ?readULONG@CAdapterCommon@@QAGKG@Z 00012850 f   common.obj
 0001:00002590       ?writeULONG@CAdapterCommon@@QAGXGK@Z 00012870 f   common.obj
 0001:0000272a       ?hda_setup_stream_descriptor@CAdapterCommon@@UAGJPAUIDmaChannel@@@Z 00012a0a f   common.obj
 0001:00002b80       ?ReadWriteConfigSpace@CAdapterCommon@@AAGJPAU_DEVICE_OBJECT@@KPAXKK@Z 00012e60 f   common.obj
 0001:00002cab       ?WriteConfigSpaceByte@CAdapterCommon@@AAGJEEE@Z 00012f8b f   common.obj
 0001:00002dab       ?WriteConfigSpaceWord@CAdapterCommon@@AAGJEGG@Z 0001308b f   common.obj
 0001:00002e70       ?CacheLineFlush@CAdapterCommon@@UAGXPAXK@Z 00013150 f   common.obj
 0001:00002ed0       ?QueryInterface@CAdapterCommon@@W3AGJABU_GUID@@PAPAX@Z 000131b0 f i common.obj
 0001:00002ee0       ?AddRef@CAdapterCommon@@W3AGKXZ 000131c0 f i common.obj
 0001:00002ef0       ?Release@CAdapterCommon@@W3AGKXZ 000131d0 f i common.obj
 0001:00002f00       ??0HDA_Codec@@QAE@EEEPAUIAdapterCommon@@@Z 000131e0 f   codec.obj
 0001:00002fa0       ??1HDA_Codec@@QAE@XZ       00013280 f   codec.obj
 0001:000030e6       ?InitializeCodec@HDA_Codec@@QAGJXZ 000133c6 f   codec.obj
 0001:0000392e       ?hda_initialize_audio_function_group@HDA_Codec@@QAGJK@Z 00013c0e f   codec.obj
 0001:0000465a       ?hda_get_node_type@HDA_Codec@@QAGEK@Z 0001493a f   codec.obj
 0001:0000470a       ?hda_get_node_connection_entries@HDA_Codec@@QAGKKK@Z 000149ea f   codec.obj
 0001:000048da       ?hda_initialize_output_pin@HDA_Codec@@QAGJKAAUHDA_NODE_PATH@@@Z 00014bba f   codec.obj
 0001:00004cb6       ?hda_initialize_audio_output@HDA_Codec@@QAGXKAAUHDA_NODE_PATH@@@Z 00014f96 f   codec.obj
 0001:000050da       ?hda_initialize_audio_mixer@HDA_Codec@@QAGXKAAUHDA_NODE_PATH@@@Z 000153ba f   codec.obj
 0001:0000542e       ?hda_initialize_audio_selector@HDA_Codec@@QAGXKAAUHDA_NODE_PATH@@@Z 0001570e f   codec.obj
 0001:0000588a       ?ProgramSampleRate@HDA_Codec@@QAGJK@Z 00015b6a f   codec.obj
 0001:00005bc4       ?ForcePinOut@HDA_Codec@@AAEXKE@Z 00015ea4 f   codec.obj
 0001:00005c62       ?ForceEapd@HDA_Codec@@AAEXKE@Z 00015f42 f   codec.obj
 0001:00005cd0       ?IsHpPresent@HDA_Codec@@AAEEXZ 00015fb0 f   codec.obj
 0001:00005d56       ?SwitchOutput@HDA_Codec@@AAEXE@Z 00016036 f   codec.obj
 0001:00005e60       ?ForcePlaybackChain@HDA_Codec@@AAEXXZ 00016140 f   codec.obj
 0001:00005eba       ?StartHpPolling@HDA_Codec@@AAEXXZ 0001619a f   codec.obj
 0001:00005fd3       ?StopHpPolling@HDA_Codec@@AAEXXZ 000162b3 f   codec.obj
 0001:000060a1       ?HpDpcRoutine@HDA_Codec@@CGXPAU_KDPC@@PAX11@Z 00016381 f   codec.obj
 0001:000061f0       ?UnmuteInAmp@HDA_Codec@@AAEXKEE@Z 000164d0 f   codec.obj
 0001:0000635a       ?UnmuteOutAmp@HDA_Codec@@AAEXKE@Z 0001663a f   codec.obj
 0001:0000641f       ?SetOutAmpLR@HDA_Codec@@AAEXKEE@Z 000166ff f   codec.obj
 0001:000064c0       ?UnmutePinOutAmp@HDA_Codec@@AAEXK@Z 000167a0 f   codec.obj
 0001:000064e0       ?MutePinOutAmp@HDA_Codec@@AAEXK@Z 000167c0 f   codec.obj
 0001:0000652f       ?ForceConnSel@HDA_Codec@@AAEXKE@Z 0001680f f   codec.obj
 0001:000065a0       ?hda_check_headphone_connection_change@HDA_Codec@@QAGXXZ 00016880 f   codec.obj
 0001:00006672       ?hda_is_supported_sample_rate@HDA_Codec@@QAGEK@Z 00016952 f   codec.obj
 0001:00006790       ?hda_set_volume@HDA_Codec@@QAGXKE@Z 00016a70 f   codec.obj
 0001:000067f0       ?hda_set_node_gain@HDA_Codec@@QAGXKKKKE@Z 00016ad0 f   codec.obj
 0001:00006890       ?hda_send_verb@HDA_Codec@@QAGKKKK@Z 00016b70 f   codec.obj
 0001:000068c0       ?hda_enable_pin_output@HDA_Codec@@QAGXK@Z 00016ba0 f   codec.obj
 0001:000068f0       ?hda_disable_pin_output@HDA_Codec@@QAGXK@Z 00016bd0 f   codec.obj
 0001:00006920       ?hda_is_headphone_connected@HDA_Codec@@QAGEXZ 00016c00 f   codec.obj
 0001:00006990       ?hda_return_sound_data_format@CAdapterCommon@@QAGGKKK@Z 00016c70 f   codec.obj
 0001:00006990       ?hda_return_sound_data_format@HDA_Codec@@QAGGKKK@Z 00016c70 f   codec.obj
 0001:00006b00       ??0CMiniportTopologyHDA@@QAE@PAUIUnknown@@@Z 00016de0 f i mintopo.obj
 0001:00006b40       ?DataRangeIntersection@CMiniportTopologyHDA@@UAGJKPATKSDATAFORMAT@@0KPAXPAK@Z 00016e20 f i mintopo.obj
 0001:00006b50       ??_ECMiniportTopologyHDA@@UAEPAXI@Z 00016e30 f i mintopo.obj
 0001:00006b50       ??_GCMiniportTopologyHDA@@UAEPAXI@Z 00016e30 f i mintopo.obj
 0001:00006b90       ??0IDmaChannel@@QAE@XZ     00016e70 f i mintopo.obj
 0001:00006b90       ??0IMiniportWaveCyclicStream@@QAE@XZ 00016e70 f i mintopo.obj
 0001:00006b90       ??0IMiniport@@QAE@XZ       00016e70 f i mintopo.obj
 0001:00006b90       ??0IAdapterCommon@@QAE@XZ  00016e70 f i mintopo.obj
 0001:00006b90       ??0IAdapterPowerManagement@@QAE@XZ 00016e70 f i mintopo.obj
 0001:00007230       ?ReadBitsFromMixer@CMiniportTopologyHDA@@AAEEEEE@Z 00017510 f   mintopo.obj
 0001:00007280       ?ThisManyOnes@@YGEE@Z      00017560 f i mintopo.obj
 0001:000072a0       ?WriteBitsToMixer@CMiniportTopologyHDA@@AAEXEEEE@Z 00017580 f   mintopo.obj
 0001:00007340       ??0CMiniportWaveCyclicHDA@@QAE@PAUIUnknown@@@Z 00017620 f i minwave.obj
 0001:00007380       ?AddRef@CMiniportWaveCyclicStreamHDA@@UAGKXZ 00017660 f i minwave.obj
 0001:00007380       ?AddRef@CMiniportTopologyHDA@@UAGKXZ 00017660 f i minwave.obj
 0001:00007380       ?AddRef@CMiniportWaveCyclicHDA@@UAGKXZ 00017660 f i minwave.obj
 0001:000073b0       ?Release@CMiniportTopologyHDA@@UAGKXZ 00017690 f i minwave.obj
 0001:000073b0       ?Release@CMiniportWaveCyclicHDA@@UAGKXZ 00017690 f i minwave.obj
 0001:000073b0       ?Release@CMiniportWaveCyclicStreamHDA@@UAGKXZ 00017690 f i minwave.obj
 0001:000073e0       ??_ECMiniportWaveCyclicHDA@@UAEPAXI@Z 000176c0 f i minwave.obj
 0001:000073e0       ??_GCMiniportWaveCyclicHDA@@UAEPAXI@Z 000176c0 f i minwave.obj
 0001:00007420       ??0IMiniportTopology@@QAE@XZ 00017700 f i minwave.obj
 0001:00007420       ??0IMiniportWaveCyclic@@QAE@XZ 00017700 f i minwave.obj
 0001:00007440       ??0CMyDmaChannel@@QAE@PAUIDmaChannel@@@Z 00017720 f i minwave.obj
 0001:00007500       ?QueryInterface@CMyDmaChannel@@UAGJABU_GUID@@PAPAX@Z 000177e0 f i minwave.obj
 0001:00007560       _IsEqualGUID@8             00017840 f i minwave.obj
 0001:00007590       ?AddRef@CMyDmaChannel@@UAGKXZ 00017870 f i minwave.obj
 0001:000075b0       ?Release@CMyDmaChannel@@UAGKXZ 00017890 f i minwave.obj
 0001:00007600       ?AllocateBuffer@CMyDmaChannel@@UAGJKPAT_LARGE_INTEGER@@@Z 000178e0 f i minwave.obj
 0001:000077a0       ?FreeBuffer@CMyDmaChannel@@UAGXXZ 00017a80 f i minwave.obj
 0001:000077f0       ?SystemAddress@CMyDmaChannel@@UAGPAXXZ 00017ad0 f i minwave.obj
 0001:00007820       ?CopyTo@CMyDmaChannel@@UAGXPAX0K@Z 00017b00 f i minwave.obj
 0001:000078a0       ?CopyFrom@CMyDmaChannel@@UAGXPAX0K@Z 00017b80 f i minwave.obj
 0001:000078d0       ?AllocatedBufferSize@CMyDmaChannel@@UAGKXZ 00017bb0 f i minwave.obj
 0001:00007900       ?BufferSize@CMyDmaChannel@@UAGKXZ 00017be0 f i minwave.obj
 0001:00007930       ?SetBufferSize@CMyDmaChannel@@UAGXK@Z 00017c10 f i minwave.obj
 0001:00007960       ?PhysicalAddress@CMyDmaChannel@@UAG?AT_LARGE_INTEGER@@XZ 00017c40 f i minwave.obj
 0001:000079c0       ?MaximumBufferSize@CMyDmaChannel@@UAGKXZ 00017ca0 f i minwave.obj
 0001:000079f0       ?TransferCount@CMyDmaChannel@@UAGKXZ 00017cd0 f i minwave.obj
 0001:00007a10       ?GetAdapterObject@CMyDmaChannel@@UAGPAU_DMA_ADAPTER@@XZ 00017cf0 f i minwave.obj
 0001:00007a30       ??0CMiniportWaveCyclicStreamHDA@@QAE@PAUIUnknown@@@Z 00017d10 f i minwave.obj
 0001:00007a70       ?QueryInterface@CMiniportWaveCyclicHDA@@UAGJABU_GUID@@PAPAX@Z 00017d50 f i minwave.obj
 0001:00007a70       ?QueryInterface@CMiniportWaveCyclicStreamHDA@@UAGJABU_GUID@@PAPAX@Z 00017d50 f i minwave.obj
 0001:00007a70       ?QueryInterface@CMiniportTopologyHDA@@UAGJABU_GUID@@PAPAX@Z 00017d50 f i minwave.obj
 0001:00007aa0       ??_ECMiniportWaveCyclicStreamHDA@@UAEPAXI@Z 00017d80 f i minwave.obj
 0001:00007aa0       ??_GCMiniportWaveCyclicStreamHDA@@UAEPAXI@Z 00017d80 f i minwave.obj
 0001:00007af9       ?GetPosition@CMiniportWaveCyclicStreamHDA@@UAGJPAK@Z 00017dd9 f   minwave.obj
 0001:00007c0e       ?NormalizePhysicalPosition@CMiniportWaveCyclicStreamHDA@@UAGJPA_J@Z 00017eee f   minwave.obj
 0001:00007cb0       ?Silence@CMiniportWaveCyclicStreamHDA@@UAGXPAXK@Z 00017f90 f   minwave.obj
 0001:00007cee       _DbgPrint                  00017fce f   ntoskrnl:ntoskrnl.exe
 0001:00007cf4       _DbgBreakPoint@0           00017fd4 f   ntoskrnl:ntoskrnl.exe
 0001:00007cfa       __except_handler3          00017fda f   ntoskrnl:ntoskrnl.exe
 0001:00007d00       __local_unwind2            00017fe0 f   ntoskrnl:ntoskrnl.exe
 0001:00007d06       __alldiv                   00017fe6 f   ntoskrnl:ntoskrnl.exe
 0001:00007d0c       __allmul                   00017fec f   ntoskrnl:ntoskrnl.exe
 0001:00007d12       _PcInitializeAdapterDriver@12 00017ff2 f   portcls:portcls.sys
 0001:00007d18       _PcAddAdapterDevice@20     00017ff8 f   portcls:portcls.sys
 0001:00007d1e       _PcRegisterSubdevice@12    00017ffe f   portcls:portcls.sys
 0001:00007d24       _PcNewMiniport@8           00018004 f   portcls:portcls.sys
 0001:00007d2a       _PcNewPort@8               0001800a f   portcls:portcls.sys
 0001:00007d30       _PcRegisterPhysicalConnection@20 00018010 f   portcls:portcls.sys
 0001:00007d36       _PcRegisterAdapterPowerManagement@8 00018016 f   portcls:portcls.sys
 0001:00007d3c       _PcNewResourceSublist@20   0001801c f   portcls:portcls.sys
 0001:00007d42       _PcNewInterruptSync@20     00018022 f   portcls:portcls.sys
 0001:00007d48       _PcNewRegistryKey@36       00018028 f   portcls:portcls.sys
 0001:00007d4e       _PcNewServiceGroup@8       0001802e f   portcls:portcls.sys
 0001:00007d54       ??0CUnknown@@QAE@PAUIUnknown@@@Z 00018034 f   stdunk:stdunk.obj
 0001:00007d73       ??_GCUnknown@@UAEPAXI@Z    00018053 f i stdunk:stdunk.obj
 0001:00007d73       ??_ECUnknown@@UAEPAXI@Z    00018053 f i stdunk:stdunk.obj
 0001:00007d8f       ??1CUnknown@@UAE@XZ        0001806f f   stdunk:stdunk.obj
 0001:00007d96       ?NonDelegatingAddRef@CUnknown@@UAGKXZ 00018076 f   stdunk:stdunk.obj
 0001:00007dac       ?NonDelegatingRelease@CUnknown@@UAGKXZ 0001808c f   stdunk:stdunk.obj
 0001:00007ddb       ?NonDelegatingQueryInterface@CUnknown@@UAGJABU_GUID@@PAPAX@Z 000180bb f   stdunk:stdunk.obj
 0002:00000000       __imp_@ExAcquireFastMutex@4 00018120     hal:HAL.dll
 0002:00000004       __imp_@KfAcquireSpinLock@4 00018124     hal:HAL.dll
 0002:00000008       __imp_@KfReleaseSpinLock@8 00018128     hal:HAL.dll
 0002:0000000c       __imp_@ExReleaseFastMutex@4 0001812c     hal:HAL.dll
 0002:00000010       __imp__KeStallExecutionProcessor@4 00018130     hal:HAL.dll
 0002:00000014       __imp__KeGetCurrentIrql@0  00018134     hal:HAL.dll
 0002:00000018       \177HAL_NULL_THUNK_DATA    00018138     hal:HAL.dll
 0002:0000001c       __imp__KeInitializeEvent@12 0001813c     ntoskrnl:ntoskrnl.exe
 0002:00000020       __imp__MmUnmapIoSpace@8    00018140     ntoskrnl:ntoskrnl.exe
 0002:00000024       __imp__RtlInitUnicodeString@8 00018144     ntoskrnl:ntoskrnl.exe
 0002:00000028       __imp__READ_REGISTER_ULONG@4 00018148     ntoskrnl:ntoskrnl.exe
 0002:0000002c       __imp__WRITE_REGISTER_ULONG@8 0001814c     ntoskrnl:ntoskrnl.exe
 0002:00000030       __imp__READ_REGISTER_UCHAR@4 00018150     ntoskrnl:ntoskrnl.exe
 0002:00000034       __imp__KeInitializeSpinLock@4 00018154     ntoskrnl:ntoskrnl.exe
 0002:00000038       __imp__WRITE_REGISTER_UCHAR@8 00018158     ntoskrnl:ntoskrnl.exe
 0002:0000003c       __imp__READ_REGISTER_USHORT@4 0001815c     ntoskrnl:ntoskrnl.exe
 0002:00000040       __imp__WRITE_REGISTER_USHORT@8 00018160     ntoskrnl:ntoskrnl.exe
 0002:00000044       __imp_@ObfDereferenceObject@4 00018164     ntoskrnl:ntoskrnl.exe
 0002:00000048       __imp__KeWaitForSingleObject@20 00018168     ntoskrnl:ntoskrnl.exe
 0002:0000004c       __imp_@IofCallDriver@8     0001816c     ntoskrnl:ntoskrnl.exe
 0002:00000050       __imp__IoBuildSynchronousFsdRequest@28 00018170     ntoskrnl:ntoskrnl.exe
 0002:00000054       __imp__IoGetAttachedDeviceReference@4 00018174     ntoskrnl:ntoskrnl.exe
 0002:00000058       __imp__IoGetDmaAdapter@12  00018178     ntoskrnl:ntoskrnl.exe
 0002:0000005c       __imp__MmMapIoSpace@16     0001817c     ntoskrnl:ntoskrnl.exe
 0002:00000060       __imp__KeInitializeTimer@4 00018180     ntoskrnl:ntoskrnl.exe
 0002:00000064       __imp_@InterlockedExchange@8 00018184     ntoskrnl:ntoskrnl.exe
 0002:00000068       __imp__KeRemoveQueueDpc@4  00018188     ntoskrnl:ntoskrnl.exe
 0002:0000006c       __imp__KeCancelTimer@4     0001818c     ntoskrnl:ntoskrnl.exe
 0002:00000070       __imp__KeSetEvent@12       00018190     ntoskrnl:ntoskrnl.exe
 0002:00000074       __imp__RtlAssert@16        00018194     ntoskrnl:ntoskrnl.exe
 0002:00000078       __imp___except_handler3    00018198     ntoskrnl:ntoskrnl.exe
 0002:0000007c       __imp___local_unwind2      0001819c     ntoskrnl:ntoskrnl.exe
 0002:00000080       __imp_@InterlockedIncrement@4 000181a0     ntoskrnl:ntoskrnl.exe
 0002:00000084       __imp_@InterlockedDecrement@4 000181a4     ntoskrnl:ntoskrnl.exe
 0002:00000088       __imp__KeInitializeMutex@8 000181a8     ntoskrnl:ntoskrnl.exe
 0002:0000008c       __imp__KeReleaseMutex@8    000181ac     ntoskrnl:ntoskrnl.exe
 0002:00000090       __imp___alldiv             000181b0     ntoskrnl:ntoskrnl.exe
 0002:00000094       __imp___allmul             000181b4     ntoskrnl:ntoskrnl.exe
 0002:00000098       __imp__ExAllocatePoolWithTag@12 000181b8     ntoskrnl:ntoskrnl.exe
 0002:0000009c       __imp__ExFreePool@4        000181bc     ntoskrnl:ntoskrnl.exe
 0002:000000a0       __imp__DbgBreakPoint@0     000181c0     ntoskrnl:ntoskrnl.exe
 0002:000000a4       __imp__DbgPrint            000181c4     ntoskrnl:ntoskrnl.exe
 0002:000000a8       __imp__KeInitializeDpc@12  000181c8     ntoskrnl:ntoskrnl.exe
 0002:000000ac       __imp__KeSetTimerEx@20     000181cc     ntoskrnl:ntoskrnl.exe
 0002:000000b0       __imp__KeClearEvent@4      000181d0     ntoskrnl:ntoskrnl.exe
 0002:000000b4       \177ntoskrnl_NULL_THUNK_DATA 000181d4     ntoskrnl:ntoskrnl.exe
 0002:000000b8       __imp__PcRegisterAdapterPowerManagement@8 000181d8     portcls:portcls.sys
 0002:000000bc       __imp__PcAddAdapterDevice@20 000181dc     portcls:portcls.sys
 0002:000000c0       __imp__PcRegisterSubdevice@12 000181e0     portcls:portcls.sys
 0002:000000c4       __imp__PcNewMiniport@8     000181e4     portcls:portcls.sys
 0002:000000c8       __imp__PcNewPort@8         000181e8     portcls:portcls.sys
 0002:000000cc       __imp__PcRegisterPhysicalConnection@20 000181ec     portcls:portcls.sys
 0002:000000d0       __imp__PcInitializeAdapterDriver@12 000181f0     portcls:portcls.sys
 0002:000000d4       __imp__PcNewResourceSublist@20 000181f4     portcls:portcls.sys
 0002:000000d8       __imp__PcNewInterruptSync@20 000181f8     portcls:portcls.sys
 0002:000000dc       __imp__PcNewRegistryKey@36 000181fc     portcls:portcls.sys
 0002:000000e0       __imp__PcNewServiceGroup@8 00018200     portcls:portcls.sys
 0002:000000e4       \177portcls_NULL_THUNK_DATA 00018204     portcls:portcls.sys
 0002:00000160       _IID_IAdapterCommon        00018280     adapter.obj
 0002:00000170       _CLSID_MiniportDriverFmSynth 00018290     adapter.obj
 0002:00000180       _CLSID_PortWaveCyclic      000182a0     adapter.obj
 0002:00000190       _CLSID_PortTopology        000182b0     adapter.obj
 0002:000001a0       _CLSID_PortMidi            000182c0     adapter.obj
 0002:000001b0       _IID_IAdapterPowerManagment 000182d0     adapter.obj
 0002:000001c0       _IID_IMiniportWaveCyclicStream 000182e0     adapter.obj
 0002:000001d0       _IID_IMiniportWaveCyclic   000182f0     adapter.obj
 0002:000001e0       _IID_IPortWaveCyclic       00018300     adapter.obj
 0002:000001f0       _IID_IMiniportTopology     00018310     adapter.obj
 0002:00000200       _IID_IDmaChannel           00018320     adapter.obj
 0002:00000210       _IID_IMiniport             00018330     adapter.obj
 0002:00000220       _IID_IUnknown              00018340     adapter.obj
 0002:00000230       ??_C@_1BE@FFBG@?$AAU?$AAs?$AAe?$AAD?$AAm?$AAa?$AAP?$AAo?$AAs?$AA?$AA@ 00018350     common.obj
 0002:00000244       ??_C@_1CA@DADJ@?$AAU?$AAs?$AAe?$AAD?$AAi?$AAs?$AAa?$AAb?$AAl?$AAe?$AAd?$AAP?$AAi?$AAn?$AAs?$AA?$AA@ 00018364     common.obj
 0002:00000264       ??_C@_1BC@MBIB@?$AAU?$AAs?$AAe?$AAS?$AAP?$AAD?$AAI?$AAF?$AA?$AA@ 00018384     common.obj
 0002:00000278       ??_C@_1BE@ONOC@?$AAU?$AAs?$AAe?$AAA?$AAl?$AAt?$AAO?$AAu?$AAt?$AA?$AA@ 00018398     common.obj
 0002:0000028c       ??_C@_1BO@LMMA@?$AAS?$AAk?$AAi?$AAp?$AAC?$AAo?$AAd?$AAe?$AAc?$AAR?$AAe?$AAs?$AAe?$AAt?$AA?$AA@ 000183ac     common.obj
 0002:000002ac       ??_C@_1CI@JKGI@?$AAS?$AAk?$AAi?$AAp?$AAC?$AAo?$AAn?$AAt?$AAr?$AAo?$AAl?$AAl?$AAe?$AAr?$AAR?$AAe?$AAs?$AAe?$AAt?$AA?$AA@ 000183cc     common.obj
 0002:000002d4       ??_C@_1BE@ENEK@?$AAR?$AAi?$AAg?$AAh?$AAt?$AAB?$AAa?$AAs?$AAs?$AA?$AA@ 000183f4     common.obj
 0002:000002e8       ??_C@_1BC@JMJO@?$AAL?$AAe?$AAf?$AAt?$AAB?$AAa?$AAs?$AAs?$AA?$AA@ 00018408     common.obj
 0002:000002fc       ??_C@_1BI@KGAJ@?$AAR?$AAi?$AAg?$AAh?$AAt?$AAT?$AAr?$AAe?$AAb?$AAl?$AAe?$AA?$AA@ 0001841c     common.obj
 0002:00000314       ??_C@_1BG@BGGD@?$AAL?$AAe?$AAf?$AAt?$AAT?$AAr?$AAe?$AAb?$AAl?$AAe?$AA?$AA@ 00018434     common.obj
 0002:0000032c       ??_C@_1O@IECC@?$AAM?$AAi?$AAc?$AAA?$AAG?$AAC?$AA?$AA@ 0001844c     common.obj
 0002:0000033c       ??_C@_1CA@EJHI@?$AAR?$AAi?$AAg?$AAh?$AAt?$AAO?$AAu?$AAt?$AAp?$AAu?$AAt?$AAG?$AAa?$AAi?$AAn?$AA?$AA@ 0001845c     common.obj
 0002:0000035c       ??_C@_1BO@PPLI@?$AAL?$AAe?$AAf?$AAt?$AAO?$AAu?$AAt?$AAp?$AAu?$AAt?$AAG?$AAa?$AAi?$AAn?$AA?$AA@ 0001847c     common.obj
 0002:0000037c       ??_C@_1BO@PMCJ@?$AAR?$AAi?$AAg?$AAh?$AAt?$AAI?$AAn?$AAp?$AAu?$AAt?$AAG?$AAa?$AAi?$AAn?$AA?$AA@ 0001849c     common.obj
 0002:0000039c       ??_C@_1BM@CFEM@?$AAL?$AAe?$AAf?$AAt?$AAI?$AAn?$AAp?$AAu?$AAt?$AAG?$AAa?$AAi?$AAn?$AA?$AA@ 000184bc     common.obj
 0002:000003b8       ??_C@_1CA@CIKM@?$AAR?$AAi?$AAg?$AAh?$AAt?$AAI?$AAn?$AAp?$AAu?$AAt?$AAM?$AAi?$AAx?$AAe?$AAr?$AA?$AA@ 000184d8     common.obj
 0002:000003d8       ??_C@_1BO@JOGM@?$AAL?$AAe?$AAf?$AAt?$AAI?$AAn?$AAp?$AAu?$AAt?$AAM?$AAi?$AAx?$AAe?$AAr?$AA?$AA@ 000184f8     common.obj
 0002:000003f8       ??_C@_1BI@BMOJ@?$AAO?$AAu?$AAt?$AAp?$AAu?$AAt?$AAM?$AAi?$AAx?$AAe?$AAr?$AA?$AA@ 00018518     common.obj
 0002:00000410       ??_C@_1BE@GLOL@?$AAP?$AAc?$AAS?$AAp?$AAk?$AAr?$AAV?$AAo?$AAl?$AA?$AA@ 00018530     common.obj
 0002:00000424       ??_C@_1O@MNBB@?$AAM?$AAi?$AAc?$AAV?$AAo?$AAl?$AA?$AA@ 00018544     common.obj
 0002:00000434       ??_C@_1BO@HCKE@?$AAR?$AAi?$AAg?$AAh?$AAt?$AAL?$AAi?$AAn?$AAe?$AAI?$AAn?$AAV?$AAo?$AAl?$AA?$AA@ 00018554     common.obj
 0002:00000454       ??_C@_1BM@KLMB@?$AAL?$AAe?$AAf?$AAt?$AAL?$AAi?$AAn?$AAe?$AAI?$AAn?$AAV?$AAo?$AAl?$AA?$AA@ 00018574     common.obj
 0002:00000470       ??_C@_1BG@COJL@?$AAR?$AAi?$AAg?$AAh?$AAt?$AAC?$AAD?$AAV?$AAo?$AAl?$AA?$AA@ 00018590     common.obj
 0002:00000488       ??_C@_1BE@KMKA@?$AAL?$AAe?$AAf?$AAt?$AAC?$AAD?$AAV?$AAo?$AAl?$AA?$AA@ 000185a8     common.obj
 0002:0000049c       ??_C@_1BK@JCIM@?$AAR?$AAi?$AAg?$AAh?$AAt?$AAM?$AAi?$AAd?$AAi?$AAV?$AAo?$AAl?$AA?$AA@ 000185bc     common.obj
 0002:000004b8       ??_C@_1BI@KBIJ@?$AAL?$AAe?$AAf?$AAt?$AAM?$AAi?$AAd?$AAi?$AAV?$AAo?$AAl?$AA?$AA@ 000185d8     common.obj
 0002:000004d0       ??_C@_1BK@MFCG@?$AAR?$AAi?$AAg?$AAh?$AAt?$AAW?$AAa?$AAv?$AAe?$AAV?$AAo?$AAl?$AA?$AA@ 000185f0     common.obj
 0002:000004ec       ??_C@_1BI@PGCD@?$AAL?$AAe?$AAf?$AAt?$AAW?$AAa?$AAv?$AAe?$AAV?$AAo?$AAl?$AA?$AA@ 0001860c     common.obj
 0002:00000504       ??_C@_1BO@NHA@?$AAR?$AAi?$AAg?$AAh?$AAt?$AAM?$AAa?$AAs?$AAt?$AAe?$AAr?$AAV?$AAo?$AAl?$AA?$AA@ 00018624     common.obj
 0002:00000524       ??_C@_1BM@NEBF@?$AAL?$AAe?$AAf?$AAt?$AAM?$AAa?$AAs?$AAt?$AAe?$AAr?$AAV?$AAo?$AAl?$AA?$AA@ 00018644     common.obj
 0002:00000540       ??_7CAdapterCommon@@6BCUnknown@@@ 00018660     common.obj
 0002:00000550       ??_7CAdapterCommon@@6BIAdapterPowerManagement@@@ 00018670     common.obj
 0002:00000568       ??_7CAdapterCommon@@6BIAdapterCommon@@@ 00018688     common.obj
 0002:000006a8       ??_7CMiniportTopologyHDA@@6BCUnknown@@@ 000187c8     mintopo.obj
 0002:000006b8       ??_7CMiniportTopologyHDA@@6BIMiniportTopology@@@ 000187d8     mintopo.obj
 0002:000006d0       ??_7CMiniportWaveCyclicHDA@@6BCUnknown@@@ 000187f0     minwave.obj
 0002:000006e0       ??_7CMiniportWaveCyclicHDA@@6BIMiniportWaveCyclic@@@ 00018800     minwave.obj
 0002:000006fc       ??_C@_09BAJA@SSE2?5?$CFd?5?6?$AA@ 0001881c     minwave.obj
 0002:00000708       ??_7CMyDmaChannel@@6B@     00018828     minwave.obj
 0002:00000744       ??_C@_0DG@LDEH@Aligned?5DMA?5view?5invalid?5?$CIoff?$DN?$CFl@ 00018864     minwave.obj
 0002:0000077c       ??_7CMiniportWaveCyclicStreamHDA@@6BCUnknown@@@ 0001889c     minwave.obj
 0002:0000078c       ??_7CMiniportWaveCyclicStreamHDA@@6BIMiniportWaveCyclicStream@@@ 000188ac     minwave.obj
 0002:000007b0       ??_7CUnknown@@6B@          000188d0     stdunk:stdunk.obj
 0003:00000000       ?ulDebugOut@@3KA           000188e0     adapter.obj
 0003:00000008       __GUID_b7902fe9_fb0a_11d1_81b0_0060083316c1 000188e8     adapter.obj
 0003:00000018       __GUID_d3f0ce1c_fffc_11d1_81b0_0060083316c1 000188f8     adapter.obj
 0003:00000028       __GUID_c096df9c_fb09_11d1_81b0_0060083316c1 00018908     adapter.obj
 0003:00000140       ?audBufSize@@3KA           00018a20     common.obj
 0003:00000144       ?BdlSize@@3KA              00018a24     common.obj
 0003:00000840       __GUID_185fedf6_9905_11d1_95a9_00c04fb925d3 00019120     mintopo.obj
 0003:00000850       __GUID_185fedef_9905_11d1_95a9_00c04fb925d3 00019130     mintopo.obj
 0003:00000860       __GUID_185fede1_9905_11d1_95a9_00c04fb925d3 00019140     mintopo.obj
 0003:00000870       __GUID_185fede0_9905_11d1_95a9_00c04fb925d3 00019150     mintopo.obj
 0003:00000880       __GUID_7607e580_c557_11d0_8a2b_00a0c9255ac1 00019160     mintopo.obj
 0003:00000890       __GUID_185fede3_9905_11d1_95a9_00c04fb925d3 00019170     mintopo.obj
 0003:000008a0       __GUID_da441a60_c556_11d0_8a2b_00a0c9255ac1 00019180     mintopo.obj
 0003:000008b0       __GUID_185fedee_9905_11d1_95a9_00c04fb925d3 00019190     mintopo.obj
 0003:000008c0       __GUID_02b223c0_c557_11d0_8a2b_00a0c9255ac1 000191a0     mintopo.obj
 0003:000008d0       __GUID_185feded_9905_11d1_95a9_00c04fb925d3 000191b0     mintopo.obj
 0003:000008e0       __GUID_e88c9ba0_c557_11d0_8a2b_00a0c9255ac1 000191c0     mintopo.obj
 0003:000008f0       __GUID_185fedec_9905_11d1_95a9_00c04fb925d3 000191d0     mintopo.obj
 0003:00000900       __GUID_185fedeb_9905_11d1_95a9_00c04fb925d3 000191e0     mintopo.obj
 0003:00000910       __GUID_185fedea_9905_11d1_95a9_00c04fb925d3 000191f0     mintopo.obj
 0003:00000920       __GUID_185fede9_9905_11d1_95a9_00c04fb925d3 00019200     mintopo.obj
 0003:00000930       __GUID_185fede8_9905_11d1_95a9_00c04fb925d3 00019210     mintopo.obj
 0003:00000940       __GUID_e573adc0_c555_11d0_8a2b_00a0c9255ac1 00019220     mintopo.obj
 0003:00000950       __GUID_185fede7_9905_11d1_95a9_00c04fb925d3 00019230     mintopo.obj
 0003:00000960       __GUID_185fede5_9905_11d1_95a9_00c04fb925d3 00019240     mintopo.obj
 0003:00000970       __GUID_3a5acc00_c557_11d0_8a2b_00a0c9255ac1 00019250     mintopo.obj
 0003:00000980       __GUID_45ffaaa0_6e1b_11d0_bcf2_444553540000 00019260     mintopo.obj
 0003:00000990       __GUID_6994ad04_93ef_11d0_a3cc_00a0c9223196 00019270     mintopo.obj
 0003:000009a0       __GUID_185fedf7_9905_11d1_95a9_00c04fb925d3 00019280     mintopo.obj
 0003:000009b0       __GUID_dff21ce1_f70f_11d0_b917_00a0c9223196 00019290     mintopo.obj
 0003:000009c0       __GUID_dff21be1_f70f_11d0_b917_00a0c9223196 000192a0     mintopo.obj
 0003:000009d0       __GUID_185fedf9_9905_11d1_95a9_00c04fb925d3 000192b0     mintopo.obj
 0003:000009e0       __GUID_dff21fe3_f70f_11d0_b917_00a0c9223196 000192c0     mintopo.obj
 0003:000009f0       __GUID_185fedfb_9905_11d1_95a9_00c04fb925d3 000192d0     mintopo.obj
 0003:00000a00       __GUID_dff220e3_f70f_11d0_b917_00a0c9223196 000192e0     mintopo.obj
 0003:00000a10       __GUID_185fedf8_9905_11d1_95a9_00c04fb925d3 000192f0     mintopo.obj
 0003:00000a20       __GUID_dff220f3_f70f_11d0_b917_00a0c9223196 00019300     mintopo.obj
 0003:00000a30       __GUID_dff21fe4_f70f_11d0_b917_00a0c9223196 00019310     mintopo.obj
 0003:00000a40       __GUID_97e99ba0_bdea_11cf_a5d6_28db04c10000 00019320     mintopo.obj
 0003:00000c88       __GUID_507ae360_c554_11d0_8a2b_00a0c9255ac1 00019568     minwave.obj
 0003:00000c98       __GUID_4d837fe0_c555_11d0_8a2b_00a0c9255ac1 00019578     minwave.obj
 0003:00000ca8       __GUID_185fedfa_9905_11d1_95a9_00c04fb925d3 00019588     minwave.obj
 0003:00000cb8       __GUID_fb6c4281_0353_11d1_905f_0000c0cc16ba 00019598     minwave.obj
 0003:00000cc8       __GUID_05589f81_c356_11ce_bf01_00aa0055595a 000195a8     minwave.obj
 0003:00000cd8       __GUID_00000001_0000_0010_8000_00aa00389b71 000195b8     minwave.obj
 0003:00000ce8       __GUID_73647561_0000_0010_8000_00aa00389b71 000195c8     minwave.obj
 0003:00000cf8       __GUID_518590a2_a184_11d0_8522_00c04fd9baf3 000195d8     minwave.obj
 0003:00000d08       __GUID_0f6417d6_c318_11d0_a43f_00a0c9223196 000195e8     minwave.obj
 0003:00000d18       ?PDO@@3PAU_DEVICE_OBJECT@@A 000195f8     adapter.obj
 0003:00000d20       __GUID_00000000_0000_0000_0000_000000000000 00019600     adapter.obj
 0004:000000ae       _AddDevice@8               000196ce f   adapter.obj
 0004:0000036a       ?InstallSubdevice@@YGJPAU_DEVICE_OBJECT@@PAU_IRP@@PAGABU_GUID@@3P6GJPAPAUIUnknown@@3PAU4@W4_POOL_TYPE@@@Z5PAUIResourceList@@344@Z 0001998a f   adapter.obj
 0004:0000076e       ?StartDevice@@YGJPAU_DEVICE_OBJECT@@PAU_IRP@@PAUIResourceList@@@Z 00019d8e f   adapter.obj
 0004:00000f6e       ?AssignResources@@YGJPAUIResourceList@@PAPAU1@11111@Z 0001a58e f   adapter.obj
 0004:000014d8       ?NewAdapterCommon@@YGJPAPAUIUnknown@@ABU_GUID@@PAU1@W4_POOL_TYPE@@@Z 0001aaf8 f   common.obj
 0004:00002151       ?Init@CAdapterCommon@@UAGJPAUIResourceList@@PAU_DEVICE_OBJECT@@1@Z 0001b771 f   common.obj
 0004:00003ae2       ??1CAdapterCommon@@UAE@XZ  0001d102 f   common.obj
 0004:00003f00       ??_GHDA_Codec@@QAEPAXI@Z   0001d520 f i common.obj
 0004:00003f87       ?NonDelegatingQueryInterface@CAdapterCommon@@UAGJABU_GUID@@PAPAX@Z 0001d5a7 f   common.obj
 0004:000040de       ?WavePortDriverDest@CAdapterCommon@@UAGPAPAUIUnknown@@XZ 0001d6fe f   common.obj
 0004:0000417e       ?GetInterruptSync@CAdapterCommon@@UAGPAUIInterruptSync@@XZ 0001d79e f   common.obj
 0004:0000421e       ?GetDeviceDescription@CAdapterCommon@@UAGPAU_DEVICE_DESCRIPTION@@XZ 0001d83e f   common.obj
 0004:000042be       ?MidiPortDriverDest@CAdapterCommon@@UAGPAPAUIUnknown@@XZ 0001d8de f   common.obj
 0004:0000435e       ?SetWaveServiceGroup@CAdapterCommon@@UAGXPAUIServiceGroup@@@Z 0001d97e f   common.obj
 0004:00004b52       ?InitHDAController@CAdapterCommon@@QAGJXZ 0001e172 f   common.obj
 0004:00005d5e       ?TryInitializeCodecSlot@CAdapterCommon@@AAGJEPBD@Z 0001f37e f   common.obj
 0004:00005fa2       ?ReadRegistryBoolean@CAdapterCommon@@AAGEPBGE@Z 0001f5c2 f   common.obj
 0004:00006188       ?CreateMiniportTopologyHDA@@YGJPAPAUIUnknown@@ABU_GUID@@PAU1@W4_POOL_TYPE@@@Z 0001f7a8 f   mintopo.obj
 0004:000062fa       ?ProcessResources@CMiniportTopologyHDA@@AAEJPAUIResourceList@@@Z 0001f91a f   mintopo.obj
 0004:0000648a       ?NonDelegatingQueryInterface@CMiniportTopologyHDA@@UAGJABU_GUID@@PAPAX@Z 0001faaa f   mintopo.obj
 0004:0000663e       ??1CMiniportTopologyHDA@@UAE@XZ 0001fc5e f   mintopo.obj
 0004:00006816       ?Init@CMiniportTopologyHDA@@UAGJPAUIUnknown@@PAUIResourceList@@PAUIPortTopology@@@Z 0001fe36 f   mintopo.obj
 0004:00006a2a       ?GetDescription@CMiniportTopologyHDA@@UAGJPAPAUPCFILTER_DESCRIPTOR@@@Z 0002004a f   mintopo.obj
 0004:00008208       ?CreateMiniportWaveCyclicHDA@@YGJPAPAUIUnknown@@ABU_GUID@@PAU1@W4_POOL_TYPE@@@Z 00021828 f   minwave.obj
 0004:000084c6       ?ProcessResources@CMiniportWaveCyclicHDA@@AAEJPAUIResourceList@@@Z 00021ae6 f   minwave.obj
 0004:00008982       ?ValidateFormat@CMiniportWaveCyclicHDA@@AAEJPATKSDATAFORMAT@@@Z 00021fa2 f   minwave.obj
 0004:00008bbe       ?NonDelegatingQueryInterface@CMiniportWaveCyclicHDA@@UAGJABU_GUID@@PAPAX@Z 000221de f   minwave.obj
 0004:00008d72       ??1CMiniportWaveCyclicHDA@@UAE@XZ 00022392 f   minwave.obj
 0004:00008f76       ?Init@CMiniportWaveCyclicHDA@@UAGJPAUIUnknown@@PAUIResourceList@@PAUIPortWaveCyclic@@@Z 00022596 f   minwave.obj
 0004:0000920e       ?GetDescription@CMiniportWaveCyclicHDA@@UAGJPAPAUPCFILTER_DESCRIPTOR@@@Z 0002282e f   minwave.obj
 0004:000093fa       ?DataRangeIntersection@CMiniportWaveCyclicHDA@@UAGJKPATKSDATAFORMAT@@0KPAXPAK@Z 00022a1a f   minwave.obj
 0004:000099fa       ?NewStream@CMiniportWaveCyclicHDA@@UAGJPAPAUIMiniportWaveCyclicStream@@PAUIUnknown@@W4_POOL_TYPE@@KEPATKSDATAFORMAT@@PAPAUIDmaChannel@@PAPAUIServiceGroup@@@Z 0002301a f   minwave.obj
 0004:00009d92       ?NonDelegatingQueryInterface@CMiniportWaveCyclicStreamHDA@@UAGJABU_GUID@@PAPAX@Z 000233b2 f   minwave.obj
 0004:00009f3e       ??1CMiniportWaveCyclicStreamHDA@@UAE@XZ 0002355e f   minwave.obj
 0004:0000a1d0       ?Init@CMiniportWaveCyclicStreamHDA@@QAEJPAVCMiniportWaveCyclicHDA@@KEPATKSDATAFORMAT@@PAUIDmaChannel@@@Z 000237f0 f   minwave.obj
 0004:0000a472       ?SetNotificationFreq@CMiniportWaveCyclicStreamHDA@@UAGKKPAK@Z 00023a92 f   minwave.obj
 0004:0000a606       ?SetFormat@CMiniportWaveCyclicStreamHDA@@UAGJPATKSDATAFORMAT@@@Z 00023c26 f   minwave.obj
 0004:0000a84e       ?SetState@CMiniportWaveCyclicStreamHDA@@UAGJW4KSSTATE@@@Z 00023e6e f   minwave.obj
 0005:0000003e       _DriverEntry@8             00023fbe f   adapter.obj
 0005:000000ac       __IMPORT_DESCRIPTOR_ntoskrnl 0002402c     ntoskrnl:ntoskrnl.exe
 0005:000000c0       __IMPORT_DESCRIPTOR_HAL    00024040     hal:HAL.dll
 0005:000000d4       __IMPORT_DESCRIPTOR_portcls 00024054     portcls:portcls.sys
 0005:000000e8       __NULL_IMPORT_DESCRIPTOR   00024068     ntoskrnl:ntoskrnl.exe

 entry point at        0005:0000003e

 Static symbols

 0004:00006b7e       ?PropertyHandler_OnOff@@YGJPAU_PCPROPERTY_REQUEST@@@Z 0002019e f   mintopo.obj
 0004:00006f96       ?PropertyHandler_SuperMixCaps@@YGJPAU_PCPROPERTY_REQUEST@@@Z 000205b6 f   mintopo.obj
 0004:000075a6       ?PropertyHandler_SuperMixTable@@YGJPAU_PCPROPERTY_REQUEST@@@Z 00020bc6 f   mintopo.obj
 0004:00007cd6       ?PropertyHandler_CpuResources@@YGJPAU_PCPROPERTY_REQUEST@@@Z 000212f6 f   mintopo.obj
 0001:00006c0e       ?PropertyHandler_Level@@YGJPAU_PCPROPERTY_REQUEST@@@Z 00016eee f   mintopo.obj
 0004:00007f36       ?BasicSupportHandler@@YGJPAU_PCPROPERTY_REQUEST@@@Z 00021556 f   mintopo.obj
 0001:00006290       ?amp_set_cmd@@YGKEEEEE@Z   00016570 f   codec.obj
 0001:000001a0       ?AllocateAlignedCommonBuffer@@YGJPAU_DMA_ADAPTER@@KKPAU_HDA_DMA_COMMON_BUFFER@@@Z 00010480 f   common.obj
 0001:00000320       ?ResetCommonBufferDescriptor@@YGXPAU_HDA_DMA_COMMON_BUFFER@@@Z 00010600 f   common.obj
 0001:00000340       ?FreeAlignedCommonBuffer@@YGXPAU_DMA_ADAPTER@@PAU_HDA_DMA_COMMON_BUFFER@@@Z 00010620 f   common.obj

 698 bytes saved through ICF

