 HDA

 Timestamp is 68f16bbf (Thu Oct 16 15:03:43 2025)

 Preferred load address is 00010000

 Start         Length     Name                   Class
 0001:00000000 00002c56H .text                   CODE
 0002:00000000 000000a0H .idata$5                DATA
 0002:000000a0 00000578H .rdata                  DATA
 0003:00000000 00000cd0H .data                   DATA
 0003:00000cd0 00000010H .bss                    DATA
 0004:00000000 0000a72dH PAGE                    CODE
 0005:00000000 000000a9H INIT                    CODE
 0005:000000ac 0000003cH .idata$2                CODE
 0005:000000e8 00000014H .idata$3                CODE
 0005:000000fc 000000a0H .idata$4                CODE
 0005:0000019c 00000322H .idata$6                CODE
 0006:00000000 00000058H .rsrc$01                DATA
 0006:00000060 00000338H .rsrc$02                DATA

  Address         Publics by Value              Rva+Base     Lib:Object

 0001:00000000       ??3@YAXPAX@Z               000102e0 f i common.obj
 0001:00000010       ??2@YGPAXIW4_POOL_TYPE@@K@Z 000102f0 f i common.obj
 0001:00000050       ??0CAdapterCommon@@QAE@PAUIUnknown@@@Z 00010330 f i common.obj
 0001:000000a0       ?QueryInterface@CAdapterCommon@@UAGJABU_GUID@@PAPAX@Z 00010380 f i common.obj
 0001:000000d0       ?GetOuterUnknown@CUnknown@@QAEPAUIUnknown@@XZ 000103b0 f i common.obj
 0001:000000f0       ?AddRef@CAdapterCommon@@UAGKXZ 000103d0 f i common.obj
 0001:00000120       ?Release@CAdapterCommon@@UAGKXZ 00010400 f i common.obj
 0001:00000150       ??_ECAdapterCommon@@UAEPAXI@Z 00010430 f i common.obj
 0001:00000150       ??_GCAdapterCommon@@UAEPAXI@Z 00010430 f i common.obj
 0001:00000190       ??0IUnknown@@QAE@XZ        00010470 f i common.obj
 0001:000001a0       _IsEqualGUIDAligned@8      00010480 f i common.obj
 0001:0000024e       ?hda_send_verb@CAdapterCommon@@QAGKKKKK@Z 0001052e f   common.obj
 0001:00000426       ?ReadController@CAdapterCommon@@UAGEXZ 00010706 f   common.obj
 0001:000004ce       ?WriteController@CAdapterCommon@@UAGEE@Z 000107ae f   common.obj
 0001:000005d6       ?MixerRegWrite@CAdapterCommon@@UAGXEE@Z 000108b6 f   common.obj
 0001:0000071e       ?MixerRegRead@CAdapterCommon@@UAGEE@Z 000109fe f   common.obj
 0001:000007f2       ?MixerReset@CAdapterCommon@@UAGXXZ 00010ad2 f   common.obj
 0001:00000866       ?ResetController@CAdapterCommon@@UAGJXZ 00010b46 f   common.obj
 0001:000008fa       ?RestoreMixerSettingsFromRegistry@CAdapterCommon@@UAGJXZ 00010bda f   common.obj
 0001:00000b76       ?SaveMixerSettingsToRegistry@CAdapterCommon@@UAGJXZ 00010e56 f   common.obj
 0001:00000dba       ?ProgramSampleRate@CAdapterCommon@@QAGJK@Z 0001109a f   common.obj
 0001:0000105e       ?PowerChangeState@CAdapterCommon@@UAGXT_POWER_STATE@@@Z 0001133e f   common.obj
 0001:000011fa       ?QueryPowerChangeState@CAdapterCommon@@UAGJT_POWER_STATE@@@Z 000114da f   common.obj
 0001:0000127e       ?QueryDeviceCapabilities@CAdapterCommon@@UAGJPAU_DEVICE_CAPABILITIES@@@Z 0001155e f   common.obj
 0001:000013a6       ?hda_stop_stream@CAdapterCommon@@UAGJXZ 00011686 f   common.obj
 0001:00001610       ?hda_start_sound@CAdapterCommon@@UAGXXZ 000118f0 f   common.obj
 0001:00001650       ?hda_stop_sound@CAdapterCommon@@UAGXXZ 00011930 f   common.obj
 0001:00001670       ?hda_get_actual_stream_position@CAdapterCommon@@UAGKXZ 00011950 f   common.obj
 0001:00001690       ?hda_set_volume@CAdapterCommon@@QAGXK@Z 00011970 f   common.obj
 0001:00001710       ?readUCHAR@CAdapterCommon@@QAGEG@Z 000119f0 f   common.obj
 0001:00001730       ?writeUCHAR@CAdapterCommon@@QAGXGE@Z 00011a10 f   common.obj
 0001:00001760       ?readUSHORT@CAdapterCommon@@QAGGG@Z 00011a40 f   common.obj
 0001:00001780       ?writeUSHORT@CAdapterCommon@@QAGXGG@Z 00011a60 f   common.obj
 0001:000017b0       ?readULONG@CAdapterCommon@@QAGKG@Z 00011a90 f   common.obj
 0001:000017d0       ?writeULONG@CAdapterCommon@@QAGXGK@Z 00011ab0 f   common.obj
 0001:00001972       ?hda_showtime@CAdapterCommon@@UAGJPAUIDmaChannel@@@Z 00011c52 f   common.obj
 0001:00001e30       ?hda_return_sound_data_format@CAdapterCommon@@QAGGKKK@Z 00012110 f   common.obj
 0001:00001fa0       ?QueryInterface@CAdapterCommon@@W3AGJABU_GUID@@PAPAX@Z 00012280 f i common.obj
 0001:00001fb0       ?AddRef@CAdapterCommon@@W3AGKXZ 00012290 f i common.obj
 0001:00001fc0       ?Release@CAdapterCommon@@W3AGKXZ 000122a0 f i common.obj
 0001:00001fd0       ??0CMiniportTopologyHDA@@QAE@PAUIUnknown@@@Z 000122b0 f i mintopo.obj
 0001:00002010       ?QueryInterface@CMiniportWaveCyclicHDA@@UAGJABU_GUID@@PAPAX@Z 000122f0 f i mintopo.obj
 0001:00002010       ?QueryInterface@CMiniportTopologyHDA@@UAGJABU_GUID@@PAPAX@Z 000122f0 f i mintopo.obj
 0001:00002010       ?QueryInterface@CMiniportWaveCyclicStreamHDA@@UAGJABU_GUID@@PAPAX@Z 000122f0 f i mintopo.obj
 0001:00002040       ?AddRef@CMiniportWaveCyclicStreamHDA@@UAGKXZ 00012320 f i mintopo.obj
 0001:00002040       ?AddRef@CMiniportWaveCyclicHDA@@UAGKXZ 00012320 f i mintopo.obj
 0001:00002040       ?AddRef@CMiniportTopologyHDA@@UAGKXZ 00012320 f i mintopo.obj
 0001:00002070       ?DataRangeIntersection@CMiniportTopologyHDA@@UAGJKPATKSDATAFORMAT@@0KPAXPAK@Z 00012350 f i mintopo.obj
 0001:00002080       ??_ECMiniportTopologyHDA@@UAEPAXI@Z 00012360 f i mintopo.obj
 0001:00002080       ??_GCMiniportTopologyHDA@@UAEPAXI@Z 00012360 f i mintopo.obj
 0001:000020c0       ??0IMiniportWaveCyclic@@QAE@XZ 000123a0 f i mintopo.obj
 0001:000020c0       ??0IMiniportTopology@@QAE@XZ 000123a0 f i mintopo.obj
 0001:00002760       ?ReadBitsFromMixer@CMiniportTopologyHDA@@AAEEEEE@Z 00012a40 f   mintopo.obj
 0001:000027b0       ?ThisManyOnes@@YGEE@Z      00012a90 f i mintopo.obj
 0001:000027d0       ?WriteBitsToMixer@CMiniportTopologyHDA@@AAEXEEEE@Z 00012ab0 f   mintopo.obj
 0001:00002870       ??0CMiniportWaveCyclicHDA@@QAE@PAUIUnknown@@@Z 00012b50 f i minwave.obj
 0001:000028b0       ??_ECMiniportWaveCyclicHDA@@UAEPAXI@Z 00012b90 f i minwave.obj
 0001:000028b0       ??_GCMiniportWaveCyclicHDA@@UAEPAXI@Z 00012b90 f i minwave.obj
 0001:000028f0       ??2@YGPAXIW4_POOL_TYPE@@@Z 00012bd0 f i minwave.obj
 0001:00002940       ??0CMiniportWaveCyclicStreamHDA@@QAE@PAUIUnknown@@@Z 00012c20 f i minwave.obj
 0001:00002980       ?Release@CMiniportWaveCyclicStreamHDA@@UAGKXZ 00012c60 f i minwave.obj
 0001:00002980       ?Release@CMiniportTopologyHDA@@UAGKXZ 00012c60 f i minwave.obj
 0001:00002980       ?Release@CMiniportWaveCyclicHDA@@UAGKXZ 00012c60 f i minwave.obj
 0001:000029b0       ??_ECMiniportWaveCyclicStreamHDA@@UAEPAXI@Z 00012c90 f i minwave.obj
 0001:000029b0       ??_GCMiniportWaveCyclicStreamHDA@@UAEPAXI@Z 00012c90 f i minwave.obj
 0001:000029f0       ??0IMiniport@@QAE@XZ       00012cd0 f i minwave.obj
 0001:000029f0       ??0IAdapterPowerManagement@@QAE@XZ 00012cd0 f i minwave.obj
 0001:000029f0       ??0IAdapterCommon@@QAE@XZ  00012cd0 f i minwave.obj
 0001:000029f0       ??0IMiniportWaveCyclicStream@@QAE@XZ 00012cd0 f i minwave.obj
 0001:00002a29       ?GetPosition@CMiniportWaveCyclicStreamHDA@@UAGJPAK@Z 00012d09 f   minwave.obj
 0001:00002a80       ?NormalizePhysicalPosition@CMiniportWaveCyclicStreamHDA@@UAGJPA_J@Z 00012d60 f   minwave.obj
 0001:00002ae0       ?Silence@CMiniportWaveCyclicStreamHDA@@UAGXPAXK@Z 00012dc0 f   minwave.obj
 0001:00002b1e       _DbgPrint                  00012dfe f   ntoskrnl:ntoskrnl.exe
 0001:00002b24       _DbgBreakPoint@0           00012e04 f   ntoskrnl:ntoskrnl.exe
 0001:00002b2a       __alldiv                   00012e0a f   ntoskrnl:ntoskrnl.exe
 0001:00002b30       __allmul                   00012e10 f   ntoskrnl:ntoskrnl.exe
 0001:00002b36       _PcInitializeAdapterDriver@12 00012e16 f   portcls:portcls.sys
 0001:00002b3c       _PcAddAdapterDevice@20     00012e1c f   portcls:portcls.sys
 0001:00002b42       _PcRegisterSubdevice@12    00012e22 f   portcls:portcls.sys
 0001:00002b48       _PcNewMiniport@8           00012e28 f   portcls:portcls.sys
 0001:00002b4e       _PcNewPort@8               00012e2e f   portcls:portcls.sys
 0001:00002b54       _PcRegisterPhysicalConnection@20 00012e34 f   portcls:portcls.sys
 0001:00002b5a       _PcRegisterAdapterPowerManagement@8 00012e3a f   portcls:portcls.sys
 0001:00002b60       _PcNewResourceSublist@20   00012e40 f   portcls:portcls.sys
 0001:00002b66       _PcNewRegistryKey@36       00012e46 f   portcls:portcls.sys
 0001:00002b6c       _PcNewServiceGroup@8       00012e4c f   portcls:portcls.sys
 0001:00002b72       ??0CUnknown@@QAE@PAUIUnknown@@@Z 00012e52 f   stdunk:stdunk.obj
 0001:00002b91       ??_ECUnknown@@UAEPAXI@Z    00012e71 f i stdunk:stdunk.obj
 0001:00002b91       ??_GCUnknown@@UAEPAXI@Z    00012e71 f i stdunk:stdunk.obj
 0001:00002bad       ??1CUnknown@@UAE@XZ        00012e8d f   stdunk:stdunk.obj
 0001:00002bb4       ?NonDelegatingAddRef@CUnknown@@UAGKXZ 00012e94 f   stdunk:stdunk.obj
 0001:00002bca       ?NonDelegatingRelease@CUnknown@@UAGKXZ 00012eaa f   stdunk:stdunk.obj
 0001:00002bf9       ?NonDelegatingQueryInterface@CUnknown@@UAGJABU_GUID@@PAPAX@Z 00012ed9 f   stdunk:stdunk.obj
 0002:00000000       __imp_@KfAcquireSpinLock@4 00012f40     hal:HAL.dll
 0002:00000004       __imp_@KfReleaseSpinLock@8 00012f44     hal:HAL.dll
 0002:00000008       __imp__KeStallExecutionProcessor@4 00012f48     hal:HAL.dll
 0002:0000000c       __imp__KeGetCurrentIrql@0  00012f4c     hal:HAL.dll
 0002:00000010       \177HAL_NULL_THUNK_DATA    00012f50     hal:HAL.dll
 0002:00000014       __imp__ExAllocatePoolWithTag@12 00012f54     ntoskrnl:ntoskrnl.exe
 0002:00000018       __imp__KeInitializeSpinLock@4 00012f58     ntoskrnl:ntoskrnl.exe
 0002:0000001c       __imp__MmUnmapIoSpace@8    00012f5c     ntoskrnl:ntoskrnl.exe
 0002:00000020       __imp__READ_REGISTER_ULONG@4 00012f60     ntoskrnl:ntoskrnl.exe
 0002:00000024       __imp__WRITE_REGISTER_ULONG@8 00012f64     ntoskrnl:ntoskrnl.exe
 0002:00000028       __imp__RtlInitUnicodeString@8 00012f68     ntoskrnl:ntoskrnl.exe
 0002:0000002c       __imp__READ_REGISTER_UCHAR@4 00012f6c     ntoskrnl:ntoskrnl.exe
 0002:00000030       __imp__IoGetDmaAdapter@12  00012f70     ntoskrnl:ntoskrnl.exe
 0002:00000034       __imp__MmMapIoSpace@16     00012f74     ntoskrnl:ntoskrnl.exe
 0002:00000038       __imp__WRITE_REGISTER_USHORT@8 00012f78     ntoskrnl:ntoskrnl.exe
 0002:0000003c       __imp__KeInitializeMutex@8 00012f7c     ntoskrnl:ntoskrnl.exe
 0002:00000040       __imp__KeReleaseMutex@8    00012f80     ntoskrnl:ntoskrnl.exe
 0002:00000044       __imp__KeWaitForSingleObject@20 00012f84     ntoskrnl:ntoskrnl.exe
 0002:00000048       __imp___alldiv             00012f88     ntoskrnl:ntoskrnl.exe
 0002:0000004c       __imp__RtlAssert@16        00012f8c     ntoskrnl:ntoskrnl.exe
 0002:00000050       __imp__ExFreePool@4        00012f90     ntoskrnl:ntoskrnl.exe
 0002:00000054       __imp__DbgBreakPoint@0     00012f94     ntoskrnl:ntoskrnl.exe
 0002:00000058       __imp__DbgPrint            00012f98     ntoskrnl:ntoskrnl.exe
 0002:0000005c       __imp__READ_REGISTER_USHORT@4 00012f9c     ntoskrnl:ntoskrnl.exe
 0002:00000060       __imp__WRITE_REGISTER_UCHAR@8 00012fa0     ntoskrnl:ntoskrnl.exe
 0002:00000064       __imp___allmul             00012fa4     ntoskrnl:ntoskrnl.exe
 0002:00000068       __imp_@InterlockedIncrement@4 00012fa8     ntoskrnl:ntoskrnl.exe
 0002:0000006c       __imp_@InterlockedDecrement@4 00012fac     ntoskrnl:ntoskrnl.exe
 0002:00000070       \177ntoskrnl_NULL_THUNK_DATA 00012fb0     ntoskrnl:ntoskrnl.exe
 0002:00000074       __imp__PcNewMiniport@8     00012fb4     portcls:portcls.sys
 0002:00000078       __imp__PcNewPort@8         00012fb8     portcls:portcls.sys
 0002:0000007c       __imp__PcRegisterSubdevice@12 00012fbc     portcls:portcls.sys
 0002:00000080       __imp__PcAddAdapterDevice@20 00012fc0     portcls:portcls.sys
 0002:00000084       __imp__PcRegisterPhysicalConnection@20 00012fc4     portcls:portcls.sys
 0002:00000088       __imp__PcNewResourceSublist@20 00012fc8     portcls:portcls.sys
 0002:0000008c       __imp__PcNewRegistryKey@36 00012fcc     portcls:portcls.sys
 0002:00000090       __imp__PcNewServiceGroup@8 00012fd0     portcls:portcls.sys
 0002:00000094       __imp__PcInitializeAdapterDriver@12 00012fd4     portcls:portcls.sys
 0002:00000098       __imp__PcRegisterAdapterPowerManagement@8 00012fd8     portcls:portcls.sys
 0002:0000009c       \177portcls_NULL_THUNK_DATA 00012fdc     portcls:portcls.sys
 0002:00000110       _IID_IAdapterCommon        00013050     adapter.obj
 0002:00000120       _CLSID_MiniportDriverFmSynth 00013060     adapter.obj
 0002:00000130       _CLSID_PortWaveCyclic      00013070     adapter.obj
 0002:00000140       _CLSID_PortTopology        00013080     adapter.obj
 0002:00000150       _CLSID_PortMidi            00013090     adapter.obj
 0002:00000160       _IID_IAdapterPowerManagment 000130a0     adapter.obj
 0002:00000170       _IID_IMiniportWaveCyclicStream 000130b0     adapter.obj
 0002:00000180       _IID_IMiniportWaveCyclic   000130c0     adapter.obj
 0002:00000190       _IID_IPortWaveCyclic       000130d0     adapter.obj
 0002:000001a0       _IID_IMiniportTopology     000130e0     adapter.obj
 0002:000001b0       _IID_IMiniport             000130f0     adapter.obj
 0002:000001c0       _IID_IUnknown              00013100     adapter.obj
 0002:000001d0       ??_C@_1BE@ENEK@?$AAR?$AAi?$AAg?$AAh?$AAt?$AAB?$AAa?$AAs?$AAs?$AA?$AA@ 00013110     common.obj
 0002:000001e4       ??_C@_1BC@JMJO@?$AAL?$AAe?$AAf?$AAt?$AAB?$AAa?$AAs?$AAs?$AA?$AA@ 00013124     common.obj
 0002:000001f8       ??_C@_1BI@KGAJ@?$AAR?$AAi?$AAg?$AAh?$AAt?$AAT?$AAr?$AAe?$AAb?$AAl?$AAe?$AA?$AA@ 00013138     common.obj
 0002:00000210       ??_C@_1BG@BGGD@?$AAL?$AAe?$AAf?$AAt?$AAT?$AAr?$AAe?$AAb?$AAl?$AAe?$AA?$AA@ 00013150     common.obj
 0002:00000228       ??_C@_1O@IECC@?$AAM?$AAi?$AAc?$AAA?$AAG?$AAC?$AA?$AA@ 00013168     common.obj
 0002:00000238       ??_C@_1CA@EJHI@?$AAR?$AAi?$AAg?$AAh?$AAt?$AAO?$AAu?$AAt?$AAp?$AAu?$AAt?$AAG?$AAa?$AAi?$AAn?$AA?$AA@ 00013178     common.obj
 0002:00000258       ??_C@_1BO@PPLI@?$AAL?$AAe?$AAf?$AAt?$AAO?$AAu?$AAt?$AAp?$AAu?$AAt?$AAG?$AAa?$AAi?$AAn?$AA?$AA@ 00013198     common.obj
 0002:00000278       ??_C@_1BO@PMCJ@?$AAR?$AAi?$AAg?$AAh?$AAt?$AAI?$AAn?$AAp?$AAu?$AAt?$AAG?$AAa?$AAi?$AAn?$AA?$AA@ 000131b8     common.obj
 0002:00000298       ??_C@_1BM@CFEM@?$AAL?$AAe?$AAf?$AAt?$AAI?$AAn?$AAp?$AAu?$AAt?$AAG?$AAa?$AAi?$AAn?$AA?$AA@ 000131d8     common.obj
 0002:000002b4       ??_C@_1CA@CIKM@?$AAR?$AAi?$AAg?$AAh?$AAt?$AAI?$AAn?$AAp?$AAu?$AAt?$AAM?$AAi?$AAx?$AAe?$AAr?$AA?$AA@ 000131f4     common.obj
 0002:000002d4       ??_C@_1BO@JOGM@?$AAL?$AAe?$AAf?$AAt?$AAI?$AAn?$AAp?$AAu?$AAt?$AAM?$AAi?$AAx?$AAe?$AAr?$AA?$AA@ 00013214     common.obj
 0002:000002f4       ??_C@_1BI@BMOJ@?$AAO?$AAu?$AAt?$AAp?$AAu?$AAt?$AAM?$AAi?$AAx?$AAe?$AAr?$AA?$AA@ 00013234     common.obj
 0002:0000030c       ??_C@_1BE@GLOL@?$AAP?$AAc?$AAS?$AAp?$AAk?$AAr?$AAV?$AAo?$AAl?$AA?$AA@ 0001324c     common.obj
 0002:00000320       ??_C@_1O@MNBB@?$AAM?$AAi?$AAc?$AAV?$AAo?$AAl?$AA?$AA@ 00013260     common.obj
 0002:00000330       ??_C@_1BO@HCKE@?$AAR?$AAi?$AAg?$AAh?$AAt?$AAL?$AAi?$AAn?$AAe?$AAI?$AAn?$AAV?$AAo?$AAl?$AA?$AA@ 00013270     common.obj
 0002:00000350       ??_C@_1BM@KLMB@?$AAL?$AAe?$AAf?$AAt?$AAL?$AAi?$AAn?$AAe?$AAI?$AAn?$AAV?$AAo?$AAl?$AA?$AA@ 00013290     common.obj
 0002:0000036c       ??_C@_1BG@COJL@?$AAR?$AAi?$AAg?$AAh?$AAt?$AAC?$AAD?$AAV?$AAo?$AAl?$AA?$AA@ 000132ac     common.obj
 0002:00000384       ??_C@_1BE@KMKA@?$AAL?$AAe?$AAf?$AAt?$AAC?$AAD?$AAV?$AAo?$AAl?$AA?$AA@ 000132c4     common.obj
 0002:00000398       ??_C@_1BK@JCIM@?$AAR?$AAi?$AAg?$AAh?$AAt?$AAM?$AAi?$AAd?$AAi?$AAV?$AAo?$AAl?$AA?$AA@ 000132d8     common.obj
 0002:000003b4       ??_C@_1BI@KBIJ@?$AAL?$AAe?$AAf?$AAt?$AAM?$AAi?$AAd?$AAi?$AAV?$AAo?$AAl?$AA?$AA@ 000132f4     common.obj
 0002:000003cc       ??_C@_1BK@MFCG@?$AAR?$AAi?$AAg?$AAh?$AAt?$AAW?$AAa?$AAv?$AAe?$AAV?$AAo?$AAl?$AA?$AA@ 0001330c     common.obj
 0002:000003e8       ??_C@_1BI@PGCD@?$AAL?$AAe?$AAf?$AAt?$AAW?$AAa?$AAv?$AAe?$AAV?$AAo?$AAl?$AA?$AA@ 00013328     common.obj
 0002:00000400       ??_C@_1BO@NHA@?$AAR?$AAi?$AAg?$AAh?$AAt?$AAM?$AAa?$AAs?$AAt?$AAe?$AAr?$AAV?$AAo?$AAl?$AA?$AA@ 00013340     common.obj
 0002:00000420       ??_C@_1BM@NEBF@?$AAL?$AAe?$AAf?$AAt?$AAM?$AAa?$AAs?$AAt?$AAe?$AAr?$AAV?$AAo?$AAl?$AA?$AA@ 00013360     common.obj
 0002:0000043c       ??_7CAdapterCommon@@6BCUnknown@@@ 0001337c     common.obj
 0002:0000044c       ??_7CAdapterCommon@@6BIAdapterPowerManagement@@@ 0001338c     common.obj
 0002:00000464       ??_7CAdapterCommon@@6BIAdapterCommon@@@ 000133a4     common.obj
 0002:00000580       ??_7CMiniportTopologyHDA@@6BCUnknown@@@ 000134c0     mintopo.obj
 0002:00000590       ??_7CMiniportTopologyHDA@@6BIMiniportTopology@@@ 000134d0     mintopo.obj
 0002:000005a8       ??_7CMiniportWaveCyclicHDA@@6BCUnknown@@@ 000134e8     minwave.obj
 0002:000005b8       ??_7CMiniportWaveCyclicHDA@@6BIMiniportWaveCyclic@@@ 000134f8     minwave.obj
 0002:000005d4       ??_7CMiniportWaveCyclicStreamHDA@@6BCUnknown@@@ 00013514     minwave.obj
 0002:000005e4       ??_7CMiniportWaveCyclicStreamHDA@@6BIMiniportWaveCyclicStream@@@ 00013524     minwave.obj
 0002:00000608       ??_7CUnknown@@6B@          00013548     stdunk:stdunk.obj
 0003:00000000       ?ulDebugOut@@3KA           00013560     adapter.obj
 0003:00000008       __GUID_b7902fe9_fb0a_11d1_81b0_0060083316c1 00013568     adapter.obj
 0003:00000018       __GUID_d3f0ce1c_fffc_11d1_81b0_0060083316c1 00013578     adapter.obj
 0003:00000028       __GUID_c096df9c_fb09_11d1_81b0_0060083316c1 00013588     adapter.obj
 0003:000000f8       ?audBufSize@@3KA           00013658     common.obj
 0003:000000fc       ?BdlSize@@3KA              0001365c     common.obj
 0003:000007f8       __GUID_185fedf6_9905_11d1_95a9_00c04fb925d3 00013d58     mintopo.obj
 0003:00000808       __GUID_185fedef_9905_11d1_95a9_00c04fb925d3 00013d68     mintopo.obj
 0003:00000818       __GUID_185fede1_9905_11d1_95a9_00c04fb925d3 00013d78     mintopo.obj
 0003:00000828       __GUID_185fede0_9905_11d1_95a9_00c04fb925d3 00013d88     mintopo.obj
 0003:00000838       __GUID_7607e580_c557_11d0_8a2b_00a0c9255ac1 00013d98     mintopo.obj
 0003:00000848       __GUID_185fede3_9905_11d1_95a9_00c04fb925d3 00013da8     mintopo.obj
 0003:00000858       __GUID_da441a60_c556_11d0_8a2b_00a0c9255ac1 00013db8     mintopo.obj
 0003:00000868       __GUID_185fedee_9905_11d1_95a9_00c04fb925d3 00013dc8     mintopo.obj
 0003:00000878       __GUID_02b223c0_c557_11d0_8a2b_00a0c9255ac1 00013dd8     mintopo.obj
 0003:00000888       __GUID_185feded_9905_11d1_95a9_00c04fb925d3 00013de8     mintopo.obj
 0003:00000898       __GUID_e88c9ba0_c557_11d0_8a2b_00a0c9255ac1 00013df8     mintopo.obj
 0003:000008a8       __GUID_185fedec_9905_11d1_95a9_00c04fb925d3 00013e08     mintopo.obj
 0003:000008b8       __GUID_185fedeb_9905_11d1_95a9_00c04fb925d3 00013e18     mintopo.obj
 0003:000008c8       __GUID_185fedea_9905_11d1_95a9_00c04fb925d3 00013e28     mintopo.obj
 0003:000008d8       __GUID_185fede9_9905_11d1_95a9_00c04fb925d3 00013e38     mintopo.obj
 0003:000008e8       __GUID_185fede8_9905_11d1_95a9_00c04fb925d3 00013e48     mintopo.obj
 0003:000008f8       __GUID_e573adc0_c555_11d0_8a2b_00a0c9255ac1 00013e58     mintopo.obj
 0003:00000908       __GUID_185fede7_9905_11d1_95a9_00c04fb925d3 00013e68     mintopo.obj
 0003:00000918       __GUID_185fede5_9905_11d1_95a9_00c04fb925d3 00013e78     mintopo.obj
 0003:00000928       __GUID_3a5acc00_c557_11d0_8a2b_00a0c9255ac1 00013e88     mintopo.obj
 0003:00000938       __GUID_45ffaaa0_6e1b_11d0_bcf2_444553540000 00013e98     mintopo.obj
 0003:00000948       __GUID_6994ad04_93ef_11d0_a3cc_00a0c9223196 00013ea8     mintopo.obj
 0003:00000958       __GUID_185fedf7_9905_11d1_95a9_00c04fb925d3 00013eb8     mintopo.obj
 0003:00000968       __GUID_dff21ce1_f70f_11d0_b917_00a0c9223196 00013ec8     mintopo.obj
 0003:00000978       __GUID_dff21be1_f70f_11d0_b917_00a0c9223196 00013ed8     mintopo.obj
 0003:00000988       __GUID_185fedf9_9905_11d1_95a9_00c04fb925d3 00013ee8     mintopo.obj
 0003:00000998       __GUID_dff21fe3_f70f_11d0_b917_00a0c9223196 00013ef8     mintopo.obj
 0003:000009a8       __GUID_185fedfb_9905_11d1_95a9_00c04fb925d3 00013f08     mintopo.obj
 0003:000009b8       __GUID_dff220e3_f70f_11d0_b917_00a0c9223196 00013f18     mintopo.obj
 0003:000009c8       __GUID_185fedf8_9905_11d1_95a9_00c04fb925d3 00013f28     mintopo.obj
 0003:000009d8       __GUID_dff220f3_f70f_11d0_b917_00a0c9223196 00013f38     mintopo.obj
 0003:000009e8       __GUID_dff21fe4_f70f_11d0_b917_00a0c9223196 00013f48     mintopo.obj
 0003:000009f8       __GUID_97e99ba0_bdea_11cf_a5d6_28db04c10000 00013f58     mintopo.obj
 0003:00000c40       __GUID_507ae360_c554_11d0_8a2b_00a0c9255ac1 000141a0     minwave.obj
 0003:00000c50       __GUID_4d837fe0_c555_11d0_8a2b_00a0c9255ac1 000141b0     minwave.obj
 0003:00000c60       __GUID_185fedfa_9905_11d1_95a9_00c04fb925d3 000141c0     minwave.obj
 0003:00000c70       __GUID_fb6c4281_0353_11d1_905f_0000c0cc16ba 000141d0     minwave.obj
 0003:00000c80       __GUID_05589f81_c356_11ce_bf01_00aa0055595a 000141e0     minwave.obj
 0003:00000c90       __GUID_00000001_0000_0010_8000_00aa00389b71 000141f0     minwave.obj
 0003:00000ca0       __GUID_73647561_0000_0010_8000_00aa00389b71 00014200     minwave.obj
 0003:00000cb0       __GUID_518590a2_a184_11d0_8522_00c04fd9baf3 00014210     minwave.obj
 0003:00000cc0       __GUID_0f6417d6_c318_11d0_a43f_00a0c9223196 00014220     minwave.obj
 0003:00000cd0       __GUID_00000000_0000_0000_0000_000000000000 00014230     adapter.obj
 0004:0000003e       _AddDevice@8               0001427e f   adapter.obj
 0004:0000026a       ?InstallSubdevice@@YGJPAU_DEVICE_OBJECT@@PAU_IRP@@PAGABU_GUID@@3P6GJPAPAUIUnknown@@3PAU4@W4_POOL_TYPE@@@Z5PAUIResourceList@@344@Z 000144aa f   adapter.obj
 0004:0000066e       ?StartDevice@@YGJPAU_DEVICE_OBJECT@@PAU_IRP@@PAUIResourceList@@@Z 000148ae f   adapter.obj
 0004:00000e6e       ?AssignResources@@YGJPAUIResourceList@@PAPAU1@11111@Z 000150ae f   adapter.obj
 0004:000014d8       ?NewAdapterCommon@@YGJPAPAUIUnknown@@ABU_GUID@@PAU1@W4_POOL_TYPE@@@Z 00015718 f   common.obj
 0004:00001b1a       ?Init@CAdapterCommon@@UAGJPAUIResourceList@@PAU_DEVICE_OBJECT@@@Z 00015d5a f   common.obj
 0004:00002712       ??1CAdapterCommon@@UAE@XZ  00016952 f   common.obj
 0004:00002b97       ?NonDelegatingQueryInterface@CAdapterCommon@@UAGJABU_GUID@@PAPAX@Z 00016dd7 f   common.obj
 0004:00002cee       ?WavePortDriverDest@CAdapterCommon@@UAGPAPAUIUnknown@@XZ 00016f2e f   common.obj
 0004:00002d8e       ?GetInterruptSync@CAdapterCommon@@UAGPAUIInterruptSync@@XZ 00016fce f   common.obj
 0004:00002e2e       ?MidiPortDriverDest@CAdapterCommon@@UAGPAPAUIUnknown@@XZ 0001706e f   common.obj
 0004:00002e90       ?SetWaveServiceGroup@CAdapterCommon@@UAGXPAUIServiceGroup@@@Z 000170d0 f   common.obj
 0004:000032c6       ?InitHDA@CAdapterCommon@@QAGJXZ 00017506 f   common.obj
 0004:00003cea       ?InitializeCodec@CAdapterCommon@@QAGJE@Z 00017f2a f   common.obj
 0004:000042df       ?hda_initialize_audio_function_group@CAdapterCommon@@QAGXKK@Z 0001851f f   common.obj
 0004:00004bd0       ?hda_get_node_type@CAdapterCommon@@QAGEKK@Z 00018e10 f   common.obj
 0004:00004c00       ?hda_get_node_connection_entry@CAdapterCommon@@QAGKKKK@Z 00018e40 f   common.obj
 0004:00004cc0       ?hda_set_node_gain@CAdapterCommon@@QAGXKKKKK@Z 00018f00 f   common.obj
 0004:00004d60       ?hda_disable_pin_output@CAdapterCommon@@QAGXKK@Z 00018fa0 f   common.obj
 0004:00004da0       ?hda_is_headphone_connected@CAdapterCommon@@QAGHXZ 00018fe0 f   common.obj
 0004:00004ea6       ?hda_initialize_output_pin@CAdapterCommon@@QAGXK@Z 000190e6 f   common.obj
 0004:00005266       ?hda_initalize_audio_output@CAdapterCommon@@QAGXK@Z 000194a6 f   common.obj
 0004:000055e6       ?hda_initalize_audio_mixer@CAdapterCommon@@QAGXK@Z 00019826 f   common.obj
 0004:0000587e       ?hda_initalize_audio_selector@CAdapterCommon@@QAGXK@Z 00019abe f   common.obj
 0004:00005ac0       ?hda_is_supported_sample_rate@CAdapterCommon@@QAGEK@Z 00019d00 f   common.obj
 0004:00005bd8       ?CreateMiniportTopologyHDA@@YGJPAPAUIUnknown@@ABU_GUID@@PAU1@W4_POOL_TYPE@@@Z 00019e18 f   mintopo.obj
 0004:00005d4a       ?ProcessResources@CMiniportTopologyHDA@@AAEJPAUIResourceList@@@Z 00019f8a f   mintopo.obj
 0004:00005eda       ?NonDelegatingQueryInterface@CMiniportTopologyHDA@@UAGJABU_GUID@@PAPAX@Z 0001a11a f   mintopo.obj
 0004:0000608e       ??1CMiniportTopologyHDA@@UAE@XZ 0001a2ce f   mintopo.obj
 0004:00006266       ?Init@CMiniportTopologyHDA@@UAGJPAUIUnknown@@PAUIResourceList@@PAUIPortTopology@@@Z 0001a4a6 f   mintopo.obj
 0004:0000647a       ?GetDescription@CMiniportTopologyHDA@@UAGJPAPAUPCFILTER_DESCRIPTOR@@@Z 0001a6ba f   mintopo.obj
 0004:00007c58       ?CreateMiniportWaveCyclicHDA@@YGJPAPAUIUnknown@@ABU_GUID@@PAU1@W4_POOL_TYPE@@@Z 0001be98 f   minwave.obj
 0004:00007f2a       ?ProcessResources@CMiniportWaveCyclicHDA@@AAEJPAUIResourceList@@@Z 0001c16a f   minwave.obj
 0004:00008392       ?ValidateFormat@CMiniportWaveCyclicHDA@@AAEJPATKSDATAFORMAT@@@Z 0001c5d2 f   minwave.obj
 0004:000085ae       ?NonDelegatingQueryInterface@CMiniportWaveCyclicHDA@@UAGJABU_GUID@@PAPAX@Z 0001c7ee f   minwave.obj
 0004:00008762       ??1CMiniportWaveCyclicHDA@@UAE@XZ 0001c9a2 f   minwave.obj
 0004:00008966       ?Init@CMiniportWaveCyclicHDA@@UAGJPAUIUnknown@@PAUIResourceList@@PAUIPortWaveCyclic@@@Z 0001cba6 f   minwave.obj
 0004:00008bfe       ?GetDescription@CMiniportWaveCyclicHDA@@UAGJPAPAUPCFILTER_DESCRIPTOR@@@Z 0001ce3e f   minwave.obj
 0004:00008dea       ?DataRangeIntersection@CMiniportWaveCyclicHDA@@UAGJKPATKSDATAFORMAT@@0KPAXPAK@Z 0001d02a f   minwave.obj
 0004:000093ea       ?NewStream@CMiniportWaveCyclicHDA@@UAGJPAPAUIMiniportWaveCyclicStream@@PAUIUnknown@@W4_POOL_TYPE@@KEPATKSDATAFORMAT@@PAPAUIDmaChannel@@PAPAUIServiceGroup@@@Z 0001d62a f   minwave.obj
 0004:00009782       ?NonDelegatingQueryInterface@CMiniportWaveCyclicStreamHDA@@UAGJABU_GUID@@PAPAX@Z 0001d9c2 f   minwave.obj
 0004:0000992e       ??1CMiniportWaveCyclicStreamHDA@@UAE@XZ 0001db6e f   minwave.obj
 0004:00009ba0       ?Init@CMiniportWaveCyclicStreamHDA@@QAEJPAVCMiniportWaveCyclicHDA@@KEPATKSDATAFORMAT@@PAUIDmaChannel@@@Z 0001dde0 f   minwave.obj
 0004:00009e12       ?SetNotificationFreq@CMiniportWaveCyclicStreamHDA@@UAGKKPAK@Z 0001e052 f   minwave.obj
 0004:00009fa6       ?SetFormat@CMiniportWaveCyclicStreamHDA@@UAGJPATKSDATAFORMAT@@@Z 0001e1e6 f   minwave.obj
 0004:0000a26a       ?SetState@CMiniportWaveCyclicStreamHDA@@UAGJW4KSSTATE@@@Z 0001e4aa f   minwave.obj
 0005:0000003e       _DriverEntry@8             0001e9be f   adapter.obj
 0005:000000ac       __IMPORT_DESCRIPTOR_ntoskrnl 0001ea2c     ntoskrnl:ntoskrnl.exe
 0005:000000c0       __IMPORT_DESCRIPTOR_HAL    0001ea40     hal:HAL.dll
 0005:000000d4       __IMPORT_DESCRIPTOR_portcls 0001ea54     portcls:portcls.sys
 0005:000000e8       __NULL_IMPORT_DESCRIPTOR   0001ea68     ntoskrnl:ntoskrnl.exe

 entry point at        0005:0000003e

 Static symbols

 0004:000065ce       ?PropertyHandler_OnOff@@YGJPAU_PCPROPERTY_REQUEST@@@Z 0001a80e f   mintopo.obj
 0004:000069e6       ?PropertyHandler_SuperMixCaps@@YGJPAU_PCPROPERTY_REQUEST@@@Z 0001ac26 f   mintopo.obj
 0004:00006ff6       ?PropertyHandler_SuperMixTable@@YGJPAU_PCPROPERTY_REQUEST@@@Z 0001b236 f   mintopo.obj
 0004:00007726       ?PropertyHandler_CpuResources@@YGJPAU_PCPROPERTY_REQUEST@@@Z 0001b966 f   mintopo.obj
 0001:0000213e       ?PropertyHandler_Level@@YGJPAU_PCPROPERTY_REQUEST@@@Z 0001241e f   mintopo.obj
 0004:00007986       ?BasicSupportHandler@@YGJPAU_PCPROPERTY_REQUEST@@@Z 0001bbc6 f   mintopo.obj

 318 bytes saved through ICF

