 HDA

 Timestamp is 69e43aca (Sat Apr 18 19:15:38 2026)

 Preferred load address is 00010000

 Start         Length     Name                   Class
 0001:00000000 00007037H .text                   CODE
 0002:00000000 000000b8H .idata$5                DATA
 0002:000000b8 00000703H .rdata                  DATA
 0003:00000000 00000d18H .data                   DATA
 0003:00000d18 0000001eH .bss                    DATA
 0004:00000000 0000a3adH PAGE                    CODE
 0005:00000000 000000a9H INIT                    CODE
 0005:000000ac 0000003cH .idata$2                CODE
 0005:000000e8 00000014H .idata$3                CODE
 0005:000000fc 000000b8H .idata$4                CODE
 0005:000001b4 000003b4H .idata$6                CODE
 0006:00000000 00000058H .rsrc$01                DATA
 0006:00000060 000003d0H .rsrc$02                DATA

  Address         Publics by Value              Rva+Base     Lib:Object

 0001:00000000       ??3@YAXPAX@Z               000102e0 f i common.obj
 0001:00000010       ??2@YGPAXIW4_POOL_TYPE@@K@Z 000102f0 f i common.obj
 0001:00000050       ??0CAdapterCommon@@QAE@PAUIUnknown@@@Z 00010330 f i common.obj
 0001:000000a0       ?QueryInterface@CAdapterCommon@@UAGJABU_GUID@@PAPAX@Z 00010380 f i common.obj
 0001:000000d0       ?GetOuterUnknown@CUnknown@@QAEPAUIUnknown@@XZ 000103b0 f i common.obj
 0001:000000f0       ?AddRef@CAdapterCommon@@UAGKXZ 000103d0 f i common.obj
 0001:00000120       ?Release@CAdapterCommon@@UAGKXZ 00010400 f i common.obj
 0001:00000150       ??_ECAdapterCommon@@UAEPAXI@Z 00010430 f i common.obj
 0001:00000150       ??_GCAdapterCommon@@UAEPAXI@Z 00010430 f i common.obj
 0001:00000370       _IsEqualGUIDAligned@8      00010650 f i common.obj
 0001:000003f0       ??2@YGPAXIW4_POOL_TYPE@@@Z 000106d0 f i common.obj
 0001:00000440       ?hda_is_supported_sample_rate@CAdapterCommon@@UAGEK@Z 00010720 f   common.obj
 0001:00000516       ?hda_send_verb@CAdapterCommon@@UAGKKKKK@Z 000107f6 f   common.obj
 0001:00000832       ?ReadController@CAdapterCommon@@UAGEXZ 00010b12 f   common.obj
 0001:000008d6       ?WriteController@CAdapterCommon@@UAGEE@Z 00010bb6 f   common.obj
 0001:000009e2       ?MixerRegWrite@CAdapterCommon@@UAGXEE@Z 00010cc2 f   common.obj
 0001:00000baa       ?MixerRegRead@CAdapterCommon@@UAGEE@Z 00010e8a f   common.obj
 0001:00000c8e       ?MixerReset@CAdapterCommon@@UAGXXZ 00010f6e f   common.obj
 0001:00000d2e       ?AcknowledgeIRQ@CAdapterCommon@@AAE?AW4_HDA_INTERRUPT_TYPE@@XZ 0001100e f   common.obj
 0001:00000fd2       ?ResetController@CAdapterCommon@@UAGJXZ 000112b2 f   common.obj
 0001:00001086       ?RestoreMixerSettingsFromRegistry@CAdapterCommon@@UAGJXZ 00011366 f   common.obj
 0001:00001332       ?SaveMixerSettingsToRegistry@CAdapterCommon@@UAGJXZ 00011612 f   common.obj
 0001:0000158e       ?ProgramSampleRate@CAdapterCommon@@UAGJK@Z 0001186e f   common.obj
 0001:00001786       ?PowerChangeState@CAdapterCommon@@UAGXT_POWER_STATE@@@Z 00011a66 f   common.obj
 0001:00001966       ?QueryPowerChangeState@CAdapterCommon@@UAGJT_POWER_STATE@@@Z 00011c46 f   common.obj
 0001:000019ea       ?QueryDeviceCapabilities@CAdapterCommon@@UAGJPAU_DEVICE_CAPABILITIES@@@Z 00011cca f   common.obj
 0001:00001a9a       ?InterruptServiceRoutine@@YGJPAUIInterruptSync@@PAX@Z 00011d7a f   common.obj
 0001:00001c26       ?hda_stop_stream@CAdapterCommon@@UAGJXZ 00011f06 f   common.obj
 0001:00001ed6       ?hda_start_sound@CAdapterCommon@@UAGXXZ 000121b6 f   common.obj
 0001:00001f9a       ?hda_stop_sound@CAdapterCommon@@UAGXXZ 0001227a f   common.obj
 0001:00002096       ?hda_get_actual_stream_position@CAdapterCommon@@UAGKXZ 00012376 f   common.obj
 0001:000021a0       ?hda_set_volume@CAdapterCommon@@QAGXKE@Z 00012480 f   common.obj
 0001:00002200       ?readUCHAR@CAdapterCommon@@QAGEG@Z 000124e0 f   common.obj
 0001:00002220       ?writeUCHAR@CAdapterCommon@@QAGXGE@Z 00012500 f   common.obj
 0001:00002250       ?readUSHORT@CAdapterCommon@@QAGGG@Z 00012530 f   common.obj
 0001:00002270       ?writeUSHORT@CAdapterCommon@@QAGXGG@Z 00012550 f   common.obj
 0001:000022a0       ?readULONG@CAdapterCommon@@QAGKG@Z 00012580 f   common.obj
 0001:000022c0       ?writeULONG@CAdapterCommon@@QAGXGK@Z 000125a0 f   common.obj
 0001:0000249a       ?hda_showtime@CAdapterCommon@@UAGJPAUIDmaChannel@@@Z 0001277a f   common.obj
 0001:00002940       ?ReadWriteConfigSpace@CAdapterCommon@@AAGJPAU_DEVICE_OBJECT@@KPAXKK@Z 00012c20 f   common.obj
 0001:00002a6b       ?WriteConfigSpaceByte@CAdapterCommon@@AAGJEEE@Z 00012d4b f   common.obj
 0001:00002b6b       ?WriteConfigSpaceWord@CAdapterCommon@@AAGJEGG@Z 00012e4b f   common.obj
 0001:00002c30       ?QueryInterface@CAdapterCommon@@W3AGJABU_GUID@@PAPAX@Z 00012f10 f i common.obj
 0001:00002c40       ?AddRef@CAdapterCommon@@W3AGKXZ 00012f20 f i common.obj
 0001:00002c50       ?Release@CAdapterCommon@@W3AGKXZ 00012f30 f i common.obj
 0001:00002c60       ??0HDA_Codec@@QAE@EEEPAUIAdapterCommon@@@Z 00012f40 f   codec.obj
 0001:00002d00       ??1HDA_Codec@@QAE@XZ       00012fe0 f   codec.obj
 0001:00002e1e       ?InitializeCodec@HDA_Codec@@QAGJXZ 000130fe f   codec.obj
 0001:000035d8       ?hda_initialize_audio_function_group@HDA_Codec@@QAGJK@Z 000138b8 f   codec.obj
 0001:0000422a       ?hda_get_node_type@HDA_Codec@@QAGEK@Z 0001450a f   codec.obj
 0001:000042da       ?hda_get_node_connection_entries@HDA_Codec@@QAGKKK@Z 000145ba f   codec.obj
 0001:000043e0       ?hda_enable_pin_output@HDA_Codec@@QAGXK@Z 000146c0 f   codec.obj
 0001:00004410       ?hda_disable_pin_output@HDA_Codec@@QAGXK@Z 000146f0 f   codec.obj
 0001:00004440       ?hda_is_headphone_connected@HDA_Codec@@QAGEXZ 00014720 f   codec.obj
 0001:0000452a       ?hda_initialize_output_pin@HDA_Codec@@QAGXKAAUHDA_NODE_PATH@@@Z 0001480a f   codec.obj
 0001:000048d2       ?hda_initialize_audio_output@HDA_Codec@@QAGXKAAUHDA_NODE_PATH@@@Z 00014bb2 f   codec.obj
 0001:00004cc6       ?hda_initialize_audio_mixer@HDA_Codec@@QAGXKAAUHDA_NODE_PATH@@@Z 00014fa6 f   codec.obj
 0001:00004fee       ?hda_initialize_audio_selector@HDA_Codec@@QAGXKAAUHDA_NODE_PATH@@@Z 000152ce f   codec.obj
 0001:00005466       ?ProgramSampleRate@HDA_Codec@@QAGJK@Z 00015746 f   codec.obj
 0001:000057b0       ?hda_check_headphone_connection_change@HDA_Codec@@QAGXXZ 00015a90 f   codec.obj
 0001:00005882       ?hda_is_supported_sample_rate@HDA_Codec@@QAGEK@Z 00015b62 f   codec.obj
 0001:000059a0       ?hda_set_volume@HDA_Codec@@QAGXKE@Z 00015c80 f   codec.obj
 0001:00005a00       ?hda_set_node_gain@HDA_Codec@@QAGXKKKKE@Z 00015ce0 f   codec.obj
 0001:00005aa0       ?hda_send_verb@HDA_Codec@@QAGKKKK@Z 00015d80 f   codec.obj
 0001:00005ad0       ?hda_return_sound_data_format@CAdapterCommon@@QAGGKKK@Z 00015db0 f   codec.obj
 0001:00005ad0       ?hda_return_sound_data_format@HDA_Codec@@QAGGKKK@Z 00015db0 f   codec.obj
 0001:00005c40       ??0CMiniportTopologyHDA@@QAE@PAUIUnknown@@@Z 00015f20 f i mintopo.obj
 0001:00005c80       ?QueryInterface@CMiniportTopologyHDA@@UAGJABU_GUID@@PAPAX@Z 00015f60 f i mintopo.obj
 0001:00005c80       ?QueryInterface@CMiniportWaveCyclicStreamHDA@@UAGJABU_GUID@@PAPAX@Z 00015f60 f i mintopo.obj
 0001:00005c80       ?QueryInterface@CMiniportWaveCyclicHDA@@UAGJABU_GUID@@PAPAX@Z 00015f60 f i mintopo.obj
 0001:00005cb0       ?Release@CMiniportWaveCyclicStreamHDA@@UAGKXZ 00015f90 f i mintopo.obj
 0001:00005cb0       ?Release@CMiniportTopologyHDA@@UAGKXZ 00015f90 f i mintopo.obj
 0001:00005cb0       ?Release@CMiniportWaveCyclicHDA@@UAGKXZ 00015f90 f i mintopo.obj
 0001:00005ce0       ?DataRangeIntersection@CMiniportTopologyHDA@@UAGJKPATKSDATAFORMAT@@0KPAXPAK@Z 00015fc0 f i mintopo.obj
 0001:00005cf0       ??_ECMiniportTopologyHDA@@UAEPAXI@Z 00015fd0 f i mintopo.obj
 0001:00005cf0       ??_GCMiniportTopologyHDA@@UAEPAXI@Z 00015fd0 f i mintopo.obj
 0001:00005d30       ??0IMiniportTopology@@QAE@XZ 00016010 f i mintopo.obj
 0001:00005d30       ??0IMiniportWaveCyclic@@QAE@XZ 00016010 f i mintopo.obj
 0001:00005d50       ??0IMiniport@@QAE@XZ       00016030 f i mintopo.obj
 0001:00005d50       ??0IMiniportWaveCyclicStream@@QAE@XZ 00016030 f i mintopo.obj
 0001:00005d50       ??0IAdapterPowerManagement@@QAE@XZ 00016030 f i mintopo.obj
 0001:00005d50       ??0IDmaChannel@@QAE@XZ     00016030 f i mintopo.obj
 0001:00005d50       ??0IAdapterCommon@@QAE@XZ  00016030 f i mintopo.obj
 0001:000063f0       ?ReadBitsFromMixer@CMiniportTopologyHDA@@AAEEEEE@Z 000166d0 f   mintopo.obj
 0001:00006440       ?ThisManyOnes@@YGEE@Z      00016720 f i mintopo.obj
 0001:00006460       ?WriteBitsToMixer@CMiniportTopologyHDA@@AAEXEEEE@Z 00016740 f   mintopo.obj
 0001:00006500       ??0CMiniportWaveCyclicHDA@@QAE@PAUIUnknown@@@Z 000167e0 f i minwave.obj
 0001:00006540       ??_ECMiniportWaveCyclicHDA@@UAEPAXI@Z 00016820 f i minwave.obj
 0001:00006540       ??_GCMiniportWaveCyclicHDA@@UAEPAXI@Z 00016820 f i minwave.obj
 0001:00006580       ??0CMyDmaChannel@@QAE@PAUIDmaChannel@@@Z 00016860 f i minwave.obj
 0001:00006640       ?QueryInterface@CMyDmaChannel@@UAGJABU_GUID@@PAPAX@Z 00016920 f i minwave.obj
 0001:000066a0       _IsEqualGUID@8             00016980 f i minwave.obj
 0001:000066d0       ?AddRef@CMyDmaChannel@@UAGKXZ 000169b0 f i minwave.obj
 0001:000066f0       ?Release@CMyDmaChannel@@UAGKXZ 000169d0 f i minwave.obj
 0001:00006740       ?AllocateBuffer@CMyDmaChannel@@UAGJKPAT_LARGE_INTEGER@@@Z 00016a20 f i minwave.obj
 0001:000068e0       ?FreeBuffer@CMyDmaChannel@@UAGXXZ 00016bc0 f i minwave.obj
 0001:00006930       ?SystemAddress@CMyDmaChannel@@UAGPAXXZ 00016c10 f i minwave.obj
 0001:00006960       ?CopyTo@CMyDmaChannel@@UAGXPAX0K@Z 00016c40 f i minwave.obj
 0001:000069e0       ?CopyFrom@CMyDmaChannel@@UAGXPAX0K@Z 00016cc0 f i minwave.obj
 0001:00006a10       ?TransferCount@CMyDmaChannel@@UAGKXZ 00016cf0 f i minwave.obj
 0001:00006a30       ?MaximumBufferSize@CMyDmaChannel@@UAGKXZ 00016d10 f i minwave.obj
 0001:00006a50       ?AllocatedBufferSize@CMyDmaChannel@@UAGKXZ 00016d30 f i minwave.obj
 0001:00006a80       ?BufferSize@CMyDmaChannel@@UAGKXZ 00016d60 f i minwave.obj
 0001:00006ab0       ?SetBufferSize@CMyDmaChannel@@UAGXK@Z 00016d90 f i minwave.obj
 0001:00006ae0       ?PhysicalAddress@CMyDmaChannel@@UAG?AT_LARGE_INTEGER@@XZ 00016dc0 f i minwave.obj
 0001:00006b40       ?GetAdapterObject@CMyDmaChannel@@UAGPAU_DMA_ADAPTER@@XZ 00016e20 f i minwave.obj
 0001:00006b60       ??0CMiniportWaveCyclicStreamHDA@@QAE@PAUIUnknown@@@Z 00016e40 f i minwave.obj
 0001:00006ba0       ?AddRef@CMiniportTopologyHDA@@UAGKXZ 00016e80 f i minwave.obj
 0001:00006ba0       ?AddRef@CMiniportWaveCyclicHDA@@UAGKXZ 00016e80 f i minwave.obj
 0001:00006ba0       ?AddRef@CMiniportWaveCyclicStreamHDA@@UAGKXZ 00016e80 f i minwave.obj
 0001:00006bd0       ??_GCMiniportWaveCyclicStreamHDA@@UAEPAXI@Z 00016eb0 f i minwave.obj
 0001:00006bd0       ??_ECMiniportWaveCyclicStreamHDA@@UAEPAXI@Z 00016eb0 f i minwave.obj
 0001:00006c29       ?GetPosition@CMiniportWaveCyclicStreamHDA@@UAGJPAK@Z 00016f09 f   minwave.obj
 0001:00006d1e       ?NormalizePhysicalPosition@CMiniportWaveCyclicStreamHDA@@UAGJPA_J@Z 00016ffe f   minwave.obj
 0001:00006dc0       ?Silence@CMiniportWaveCyclicStreamHDA@@UAGXPAXK@Z 000170a0 f   minwave.obj
 0001:00006dfe       _DbgPrint                  000170de f   ntoskrnl:ntoskrnl.exe
 0001:00006e04       _DbgBreakPoint@0           000170e4 f   ntoskrnl:ntoskrnl.exe
 0001:00006e0a       __alldiv                   000170ea f   ntoskrnl:ntoskrnl.exe
 0001:00006e10       __allmul                   000170f0 f   ntoskrnl:ntoskrnl.exe
 0001:00006e16       _PcInitializeAdapterDriver@12 000170f6 f   portcls:portcls.sys
 0001:00006e1c       _PcAddAdapterDevice@20     000170fc f   portcls:portcls.sys
 0001:00006e22       _PcRegisterSubdevice@12    00017102 f   portcls:portcls.sys
 0001:00006e28       _PcNewMiniport@8           00017108 f   portcls:portcls.sys
 0001:00006e2e       _PcNewPort@8               0001710e f   portcls:portcls.sys
 0001:00006e34       _PcRegisterPhysicalConnection@20 00017114 f   portcls:portcls.sys
 0001:00006e3a       _PcRegisterAdapterPowerManagement@8 0001711a f   portcls:portcls.sys
 0001:00006e40       _PcNewResourceSublist@20   00017120 f   portcls:portcls.sys
 0001:00006e46       _PcNewInterruptSync@20     00017126 f   portcls:portcls.sys
 0001:00006e4c       _PcNewRegistryKey@36       0001712c f   portcls:portcls.sys
 0001:00006e52       _PcNewServiceGroup@8       00017132 f   portcls:portcls.sys
 0001:00006e60       ??0CUnknown@@QAE@PAUIUnknown@@@Z 00017140 f   stdunk:stdunk.obj
 0001:00006eb0       ??_GCUnknown@@UAEPAXI@Z    00017190 f i stdunk:stdunk.obj
 0001:00006eb0       ??_ECUnknown@@UAEPAXI@Z    00017190 f i stdunk:stdunk.obj
 0001:00006ee0       ??0IUnknown@@QAE@XZ        000171c0 f i stdunk:stdunk.obj
 0001:00006ee0       ??0INonDelegatingUnknown@@QAE@XZ 000171c0 f i stdunk:stdunk.obj
 0001:00006ef0       ??1CUnknown@@UAE@XZ        000171d0 f   stdunk:stdunk.obj
 0001:00006f10       ?NonDelegatingAddRef@CUnknown@@UAGKXZ 000171f0 f   stdunk:stdunk.obj
 0001:00006f50       ?NonDelegatingRelease@CUnknown@@UAGKXZ 00017230 f   stdunk:stdunk.obj
 0001:00006fd0       ?NonDelegatingQueryInterface@CUnknown@@UAGJABU_GUID@@PAPAX@Z 000172b0 f   stdunk:stdunk.obj
 0002:00000000       __imp_@KfAcquireSpinLock@4 00017320     hal:HAL.dll
 0002:00000004       __imp_@KfReleaseSpinLock@8 00017324     hal:HAL.dll
 0002:00000008       __imp__KeStallExecutionProcessor@4 00017328     hal:HAL.dll
 0002:0000000c       __imp__KeGetCurrentIrql@0  0001732c     hal:HAL.dll
 0002:00000010       \177HAL_NULL_THUNK_DATA    00017330     hal:HAL.dll
 0002:00000014       __imp__MmMapIoSpace@16     00017334     ntoskrnl:ntoskrnl.exe
 0002:00000018       __imp__KeInitializeSpinLock@4 00017338     ntoskrnl:ntoskrnl.exe
 0002:0000001c       __imp__MmUnmapIoSpace@8    0001733c     ntoskrnl:ntoskrnl.exe
 0002:00000020       __imp__RtlInitUnicodeString@8 00017340     ntoskrnl:ntoskrnl.exe
 0002:00000024       __imp__IoGetDmaAdapter@12  00017344     ntoskrnl:ntoskrnl.exe
 0002:00000028       __imp__READ_REGISTER_ULONG@4 00017348     ntoskrnl:ntoskrnl.exe
 0002:0000002c       __imp__WRITE_REGISTER_ULONG@8 0001734c     ntoskrnl:ntoskrnl.exe
 0002:00000030       __imp__READ_REGISTER_UCHAR@4 00017350     ntoskrnl:ntoskrnl.exe
 0002:00000034       __imp__WRITE_REGISTER_UCHAR@8 00017354     ntoskrnl:ntoskrnl.exe
 0002:00000038       __imp__READ_REGISTER_USHORT@4 00017358     ntoskrnl:ntoskrnl.exe
 0002:0000003c       __imp__WRITE_REGISTER_USHORT@8 0001735c     ntoskrnl:ntoskrnl.exe
 0002:00000040       __imp__ExFreePool@4        00017360     ntoskrnl:ntoskrnl.exe
 0002:00000044       __imp__ExAllocatePoolWithTag@12 00017364     ntoskrnl:ntoskrnl.exe
 0002:00000048       __imp_@IofCallDriver@8     00017368     ntoskrnl:ntoskrnl.exe
 0002:0000004c       __imp__IoBuildSynchronousFsdRequest@28 0001736c     ntoskrnl:ntoskrnl.exe
 0002:00000050       __imp__IoGetAttachedDeviceReference@4 00017370     ntoskrnl:ntoskrnl.exe
 0002:00000054       __imp__KeInitializeEvent@12 00017374     ntoskrnl:ntoskrnl.exe
 0002:00000058       __imp_@InterlockedIncrement@4 00017378     ntoskrnl:ntoskrnl.exe
 0002:0000005c       __imp__RtlAssert@16        0001737c     ntoskrnl:ntoskrnl.exe
 0002:00000060       __imp__KeInitializeMutex@8 00017380     ntoskrnl:ntoskrnl.exe
 0002:00000064       __imp__KeReleaseMutex@8    00017384     ntoskrnl:ntoskrnl.exe
 0002:00000068       __imp___alldiv             00017388     ntoskrnl:ntoskrnl.exe
 0002:0000006c       __imp___allmul             0001738c     ntoskrnl:ntoskrnl.exe
 0002:00000070       __imp__DbgBreakPoint@0     00017390     ntoskrnl:ntoskrnl.exe
 0002:00000074       __imp__DbgPrint            00017394     ntoskrnl:ntoskrnl.exe
 0002:00000078       __imp__KeWaitForSingleObject@20 00017398     ntoskrnl:ntoskrnl.exe
 0002:0000007c       __imp_@ObfDereferenceObject@4 0001739c     ntoskrnl:ntoskrnl.exe
 0002:00000080       __imp_@InterlockedDecrement@4 000173a0     ntoskrnl:ntoskrnl.exe
 0002:00000084       \177ntoskrnl_NULL_THUNK_DATA 000173a4     ntoskrnl:ntoskrnl.exe
 0002:00000088       __imp__PcRegisterAdapterPowerManagement@8 000173a8     portcls:portcls.sys
 0002:0000008c       __imp__PcAddAdapterDevice@20 000173ac     portcls:portcls.sys
 0002:00000090       __imp__PcRegisterSubdevice@12 000173b0     portcls:portcls.sys
 0002:00000094       __imp__PcNewMiniport@8     000173b4     portcls:portcls.sys
 0002:00000098       __imp__PcNewPort@8         000173b8     portcls:portcls.sys
 0002:0000009c       __imp__PcRegisterPhysicalConnection@20 000173bc     portcls:portcls.sys
 0002:000000a0       __imp__PcInitializeAdapterDriver@12 000173c0     portcls:portcls.sys
 0002:000000a4       __imp__PcNewResourceSublist@20 000173c4     portcls:portcls.sys
 0002:000000a8       __imp__PcNewInterruptSync@20 000173c8     portcls:portcls.sys
 0002:000000ac       __imp__PcNewRegistryKey@36 000173cc     portcls:portcls.sys
 0002:000000b0       __imp__PcNewServiceGroup@8 000173d0     portcls:portcls.sys
 0002:000000b4       \177portcls_NULL_THUNK_DATA 000173d4     portcls:portcls.sys
 0002:00000130       _IID_IAdapterCommon        00017450     adapter.obj
 0002:00000140       _CLSID_MiniportDriverFmSynth 00017460     adapter.obj
 0002:00000150       _CLSID_PortWaveCyclic      00017470     adapter.obj
 0002:00000160       _CLSID_PortTopology        00017480     adapter.obj
 0002:00000170       _CLSID_PortMidi            00017490     adapter.obj
 0002:00000180       _IID_IAdapterPowerManagment 000174a0     adapter.obj
 0002:00000190       _IID_IMiniportWaveCyclicStream 000174b0     adapter.obj
 0002:000001a0       _IID_IMiniportWaveCyclic   000174c0     adapter.obj
 0002:000001b0       _IID_IPortWaveCyclic       000174d0     adapter.obj
 0002:000001c0       _IID_IMiniportTopology     000174e0     adapter.obj
 0002:000001d0       _IID_IDmaChannel           000174f0     adapter.obj
 0002:000001e0       _IID_IMiniport             00017500     adapter.obj
 0002:000001f0       _IID_IUnknown              00017510     adapter.obj
 0002:00000200       ??_C@_1BE@FFBG@?$AAU?$AAs?$AAe?$AAD?$AAm?$AAa?$AAP?$AAo?$AAs?$AA?$AA@ 00017520     common.obj
 0002:00000214       ??_C@_1CA@DADJ@?$AAU?$AAs?$AAe?$AAD?$AAi?$AAs?$AAa?$AAb?$AAl?$AAe?$AAd?$AAP?$AAi?$AAn?$AAs?$AA?$AA@ 00017534     common.obj
 0002:00000234       ??_C@_1BC@MBIB@?$AAU?$AAs?$AAe?$AAS?$AAP?$AAD?$AAI?$AAF?$AA?$AA@ 00017554     common.obj
 0002:00000248       ??_C@_1BE@ONOC@?$AAU?$AAs?$AAe?$AAA?$AAl?$AAt?$AAO?$AAu?$AAt?$AA?$AA@ 00017568     common.obj
 0002:0000025c       ??_C@_1BO@LMMA@?$AAS?$AAk?$AAi?$AAp?$AAC?$AAo?$AAd?$AAe?$AAc?$AAR?$AAe?$AAs?$AAe?$AAt?$AA?$AA@ 0001757c     common.obj
 0002:0000027c       ??_C@_1CI@JKGI@?$AAS?$AAk?$AAi?$AAp?$AAC?$AAo?$AAn?$AAt?$AAr?$AAo?$AAl?$AAl?$AAe?$AAr?$AAR?$AAe?$AAs?$AAe?$AAt?$AA?$AA@ 0001759c     common.obj
 0002:000002a4       ??_C@_1BE@ENEK@?$AAR?$AAi?$AAg?$AAh?$AAt?$AAB?$AAa?$AAs?$AAs?$AA?$AA@ 000175c4     common.obj
 0002:000002b8       ??_C@_1BC@JMJO@?$AAL?$AAe?$AAf?$AAt?$AAB?$AAa?$AAs?$AAs?$AA?$AA@ 000175d8     common.obj
 0002:000002cc       ??_C@_1BI@KGAJ@?$AAR?$AAi?$AAg?$AAh?$AAt?$AAT?$AAr?$AAe?$AAb?$AAl?$AAe?$AA?$AA@ 000175ec     common.obj
 0002:000002e4       ??_C@_1BG@BGGD@?$AAL?$AAe?$AAf?$AAt?$AAT?$AAr?$AAe?$AAb?$AAl?$AAe?$AA?$AA@ 00017604     common.obj
 0002:000002fc       ??_C@_1O@IECC@?$AAM?$AAi?$AAc?$AAA?$AAG?$AAC?$AA?$AA@ 0001761c     common.obj
 0002:0000030c       ??_C@_1CA@EJHI@?$AAR?$AAi?$AAg?$AAh?$AAt?$AAO?$AAu?$AAt?$AAp?$AAu?$AAt?$AAG?$AAa?$AAi?$AAn?$AA?$AA@ 0001762c     common.obj
 0002:0000032c       ??_C@_1BO@PPLI@?$AAL?$AAe?$AAf?$AAt?$AAO?$AAu?$AAt?$AAp?$AAu?$AAt?$AAG?$AAa?$AAi?$AAn?$AA?$AA@ 0001764c     common.obj
 0002:0000034c       ??_C@_1BO@PMCJ@?$AAR?$AAi?$AAg?$AAh?$AAt?$AAI?$AAn?$AAp?$AAu?$AAt?$AAG?$AAa?$AAi?$AAn?$AA?$AA@ 0001766c     common.obj
 0002:0000036c       ??_C@_1BM@CFEM@?$AAL?$AAe?$AAf?$AAt?$AAI?$AAn?$AAp?$AAu?$AAt?$AAG?$AAa?$AAi?$AAn?$AA?$AA@ 0001768c     common.obj
 0002:00000388       ??_C@_1CA@CIKM@?$AAR?$AAi?$AAg?$AAh?$AAt?$AAI?$AAn?$AAp?$AAu?$AAt?$AAM?$AAi?$AAx?$AAe?$AAr?$AA?$AA@ 000176a8     common.obj
 0002:000003a8       ??_C@_1BO@JOGM@?$AAL?$AAe?$AAf?$AAt?$AAI?$AAn?$AAp?$AAu?$AAt?$AAM?$AAi?$AAx?$AAe?$AAr?$AA?$AA@ 000176c8     common.obj
 0002:000003c8       ??_C@_1BI@BMOJ@?$AAO?$AAu?$AAt?$AAp?$AAu?$AAt?$AAM?$AAi?$AAx?$AAe?$AAr?$AA?$AA@ 000176e8     common.obj
 0002:000003e0       ??_C@_1BE@GLOL@?$AAP?$AAc?$AAS?$AAp?$AAk?$AAr?$AAV?$AAo?$AAl?$AA?$AA@ 00017700     common.obj
 0002:000003f4       ??_C@_1O@MNBB@?$AAM?$AAi?$AAc?$AAV?$AAo?$AAl?$AA?$AA@ 00017714     common.obj
 0002:00000404       ??_C@_1BO@HCKE@?$AAR?$AAi?$AAg?$AAh?$AAt?$AAL?$AAi?$AAn?$AAe?$AAI?$AAn?$AAV?$AAo?$AAl?$AA?$AA@ 00017724     common.obj
 0002:00000424       ??_C@_1BM@KLMB@?$AAL?$AAe?$AAf?$AAt?$AAL?$AAi?$AAn?$AAe?$AAI?$AAn?$AAV?$AAo?$AAl?$AA?$AA@ 00017744     common.obj
 0002:00000440       ??_C@_1BG@COJL@?$AAR?$AAi?$AAg?$AAh?$AAt?$AAC?$AAD?$AAV?$AAo?$AAl?$AA?$AA@ 00017760     common.obj
 0002:00000458       ??_C@_1BE@KMKA@?$AAL?$AAe?$AAf?$AAt?$AAC?$AAD?$AAV?$AAo?$AAl?$AA?$AA@ 00017778     common.obj
 0002:0000046c       ??_C@_1BK@JCIM@?$AAR?$AAi?$AAg?$AAh?$AAt?$AAM?$AAi?$AAd?$AAi?$AAV?$AAo?$AAl?$AA?$AA@ 0001778c     common.obj
 0002:00000488       ??_C@_1BI@KBIJ@?$AAL?$AAe?$AAf?$AAt?$AAM?$AAi?$AAd?$AAi?$AAV?$AAo?$AAl?$AA?$AA@ 000177a8     common.obj
 0002:000004a0       ??_C@_1BK@MFCG@?$AAR?$AAi?$AAg?$AAh?$AAt?$AAW?$AAa?$AAv?$AAe?$AAV?$AAo?$AAl?$AA?$AA@ 000177c0     common.obj
 0002:000004bc       ??_C@_1BI@PGCD@?$AAL?$AAe?$AAf?$AAt?$AAW?$AAa?$AAv?$AAe?$AAV?$AAo?$AAl?$AA?$AA@ 000177dc     common.obj
 0002:000004d4       ??_C@_1BO@NHA@?$AAR?$AAi?$AAg?$AAh?$AAt?$AAM?$AAa?$AAs?$AAt?$AAe?$AAr?$AAV?$AAo?$AAl?$AA?$AA@ 000177f4     common.obj
 0002:000004f4       ??_C@_1BM@NEBF@?$AAL?$AAe?$AAf?$AAt?$AAM?$AAa?$AAs?$AAt?$AAe?$AAr?$AAV?$AAo?$AAl?$AA?$AA@ 00017814     common.obj
 0002:00000510       ??_7CAdapterCommon@@6BCUnknown@@@ 00017830     common.obj
 0002:00000520       ??_7CAdapterCommon@@6BIAdapterPowerManagement@@@ 00017840     common.obj
 0002:00000538       ??_7CAdapterCommon@@6BIAdapterCommon@@@ 00017858     common.obj
 0002:00000668       ??_7CMiniportTopologyHDA@@6BCUnknown@@@ 00017988     mintopo.obj
 0002:00000678       ??_7CMiniportTopologyHDA@@6BIMiniportTopology@@@ 00017998     mintopo.obj
 0002:00000690       ??_7CMiniportWaveCyclicHDA@@6BCUnknown@@@ 000179b0     minwave.obj
 0002:000006a0       ??_7CMiniportWaveCyclicHDA@@6BIMiniportWaveCyclic@@@ 000179c0     minwave.obj
 0002:000006bc       ??_C@_09BAJA@SSE2?5?$CFd?5?6?$AA@ 000179dc     minwave.obj
 0002:000006c8       ??_7CMyDmaChannel@@6B@     000179e8     minwave.obj
 0002:00000704       ??_C@_0DG@LDEH@Aligned?5DMA?5view?5invalid?5?$CIoff?$DN?$CFl@ 00017a24     minwave.obj
 0002:0000073c       ??_7CMiniportWaveCyclicStreamHDA@@6BCUnknown@@@ 00017a5c     minwave.obj
 0002:0000074c       ??_7CMiniportWaveCyclicStreamHDA@@6BIMiniportWaveCyclicStream@@@ 00017a6c     minwave.obj
 0002:00000770       ??_7CUnknown@@6B@          00017a90     stdunk:stdunk.obj
 0002:00000780       ??_C@_0BB@CHNF@m_lRefCount?5?$DO?$DN?50?$AA@ 00017aa0     stdunk:stdunk.obj
 0002:00000794       ??_C@_0N@DIKJ@?4?2stdunk?4cpp?$AA@ 00017ab4     stdunk:stdunk.obj
 0002:000007a4       ??_C@_0BA@HPDB@m_lRefCount?5?$DO?50?$AA@ 00017ac4     stdunk:stdunk.obj
 0002:000007b4       ??_C@_06DPDC@ppVoid?$AA@   00017ad4     stdunk:stdunk.obj
 0003:00000000       ?ulDebugOut@@3KA           00017ae0     adapter.obj
 0003:00000008       __GUID_b7902fe9_fb0a_11d1_81b0_0060083316c1 00017ae8     adapter.obj
 0003:00000018       __GUID_d3f0ce1c_fffc_11d1_81b0_0060083316c1 00017af8     adapter.obj
 0003:00000028       __GUID_c096df9c_fb09_11d1_81b0_0060083316c1 00017b08     adapter.obj
 0003:00000140       ?audBufSize@@3KA           00017c20     common.obj
 0003:00000144       ?BdlSize@@3KA              00017c24     common.obj
 0003:00000840       __GUID_185fedf6_9905_11d1_95a9_00c04fb925d3 00018320     mintopo.obj
 0003:00000850       __GUID_185fedef_9905_11d1_95a9_00c04fb925d3 00018330     mintopo.obj
 0003:00000860       __GUID_185fede1_9905_11d1_95a9_00c04fb925d3 00018340     mintopo.obj
 0003:00000870       __GUID_185fede0_9905_11d1_95a9_00c04fb925d3 00018350     mintopo.obj
 0003:00000880       __GUID_7607e580_c557_11d0_8a2b_00a0c9255ac1 00018360     mintopo.obj
 0003:00000890       __GUID_185fede3_9905_11d1_95a9_00c04fb925d3 00018370     mintopo.obj
 0003:000008a0       __GUID_da441a60_c556_11d0_8a2b_00a0c9255ac1 00018380     mintopo.obj
 0003:000008b0       __GUID_185fedee_9905_11d1_95a9_00c04fb925d3 00018390     mintopo.obj
 0003:000008c0       __GUID_02b223c0_c557_11d0_8a2b_00a0c9255ac1 000183a0     mintopo.obj
 0003:000008d0       __GUID_185feded_9905_11d1_95a9_00c04fb925d3 000183b0     mintopo.obj
 0003:000008e0       __GUID_e88c9ba0_c557_11d0_8a2b_00a0c9255ac1 000183c0     mintopo.obj
 0003:000008f0       __GUID_185fedec_9905_11d1_95a9_00c04fb925d3 000183d0     mintopo.obj
 0003:00000900       __GUID_185fedeb_9905_11d1_95a9_00c04fb925d3 000183e0     mintopo.obj
 0003:00000910       __GUID_185fedea_9905_11d1_95a9_00c04fb925d3 000183f0     mintopo.obj
 0003:00000920       __GUID_185fede9_9905_11d1_95a9_00c04fb925d3 00018400     mintopo.obj
 0003:00000930       __GUID_185fede8_9905_11d1_95a9_00c04fb925d3 00018410     mintopo.obj
 0003:00000940       __GUID_e573adc0_c555_11d0_8a2b_00a0c9255ac1 00018420     mintopo.obj
 0003:00000950       __GUID_185fede7_9905_11d1_95a9_00c04fb925d3 00018430     mintopo.obj
 0003:00000960       __GUID_185fede5_9905_11d1_95a9_00c04fb925d3 00018440     mintopo.obj
 0003:00000970       __GUID_3a5acc00_c557_11d0_8a2b_00a0c9255ac1 00018450     mintopo.obj
 0003:00000980       __GUID_45ffaaa0_6e1b_11d0_bcf2_444553540000 00018460     mintopo.obj
 0003:00000990       __GUID_6994ad04_93ef_11d0_a3cc_00a0c9223196 00018470     mintopo.obj
 0003:000009a0       __GUID_185fedf7_9905_11d1_95a9_00c04fb925d3 00018480     mintopo.obj
 0003:000009b0       __GUID_dff21ce1_f70f_11d0_b917_00a0c9223196 00018490     mintopo.obj
 0003:000009c0       __GUID_dff21be1_f70f_11d0_b917_00a0c9223196 000184a0     mintopo.obj
 0003:000009d0       __GUID_185fedf9_9905_11d1_95a9_00c04fb925d3 000184b0     mintopo.obj
 0003:000009e0       __GUID_dff21fe3_f70f_11d0_b917_00a0c9223196 000184c0     mintopo.obj
 0003:000009f0       __GUID_185fedfb_9905_11d1_95a9_00c04fb925d3 000184d0     mintopo.obj
 0003:00000a00       __GUID_dff220e3_f70f_11d0_b917_00a0c9223196 000184e0     mintopo.obj
 0003:00000a10       __GUID_185fedf8_9905_11d1_95a9_00c04fb925d3 000184f0     mintopo.obj
 0003:00000a20       __GUID_dff220f3_f70f_11d0_b917_00a0c9223196 00018500     mintopo.obj
 0003:00000a30       __GUID_dff21fe4_f70f_11d0_b917_00a0c9223196 00018510     mintopo.obj
 0003:00000a40       __GUID_97e99ba0_bdea_11cf_a5d6_28db04c10000 00018520     mintopo.obj
 0003:00000c88       __GUID_507ae360_c554_11d0_8a2b_00a0c9255ac1 00018768     minwave.obj
 0003:00000c98       __GUID_4d837fe0_c555_11d0_8a2b_00a0c9255ac1 00018778     minwave.obj
 0003:00000ca8       __GUID_185fedfa_9905_11d1_95a9_00c04fb925d3 00018788     minwave.obj
 0003:00000cb8       __GUID_fb6c4281_0353_11d1_905f_0000c0cc16ba 00018798     minwave.obj
 0003:00000cc8       __GUID_05589f81_c356_11ce_bf01_00aa0055595a 000187a8     minwave.obj
 0003:00000cd8       __GUID_00000001_0000_0010_8000_00aa00389b71 000187b8     minwave.obj
 0003:00000ce8       __GUID_73647561_0000_0010_8000_00aa00389b71 000187c8     minwave.obj
 0003:00000cf8       __GUID_518590a2_a184_11d0_8522_00c04fd9baf3 000187d8     minwave.obj
 0003:00000d08       __GUID_0f6417d6_c318_11d0_a43f_00a0c9223196 000187e8     minwave.obj
 0003:00000d18       ?PDO@@3PAU_DEVICE_OBJECT@@A 000187f8     adapter.obj
 0003:00000d20       __GUID_00000000_0000_0000_0000_000000000000 00018800     adapter.obj
 0004:000000ae       _AddDevice@8               000188ce f   adapter.obj
 0004:0000036a       ?InstallSubdevice@@YGJPAU_DEVICE_OBJECT@@PAU_IRP@@PAGABU_GUID@@3P6GJPAPAUIUnknown@@3PAU4@W4_POOL_TYPE@@@Z5PAUIResourceList@@344@Z 00018b8a f   adapter.obj
 0004:0000076e       ?StartDevice@@YGJPAU_DEVICE_OBJECT@@PAU_IRP@@PAUIResourceList@@@Z 00018f8e f   adapter.obj
 0004:00000f6e       ?AssignResources@@YGJPAUIResourceList@@PAPAU1@11111@Z 0001978e f   adapter.obj
 0004:000014d8       ?NewAdapterCommon@@YGJPAPAUIUnknown@@ABU_GUID@@PAU1@W4_POOL_TYPE@@@Z 00019cf8 f   common.obj
 0004:000020c5       ?Init@CAdapterCommon@@UAGJPAUIResourceList@@PAU_DEVICE_OBJECT@@1@Z 0001a8e5 f   common.obj
 0004:00003962       ??1CAdapterCommon@@UAE@XZ  0001c182 f   common.obj
 0004:00003d80       ??_GHDA_Codec@@QAEPAXI@Z   0001c5a0 f i common.obj
 0004:00003e07       ?NonDelegatingQueryInterface@CAdapterCommon@@UAGJABU_GUID@@PAPAX@Z 0001c627 f   common.obj
 0004:00003f5e       ?WavePortDriverDest@CAdapterCommon@@UAGPAPAUIUnknown@@XZ 0001c77e f   common.obj
 0004:00003ffe       ?GetInterruptSync@CAdapterCommon@@UAGPAUIInterruptSync@@XZ 0001c81e f   common.obj
 0004:0000409e       ?GetDeviceDescription@CAdapterCommon@@UAGPAU_DEVICE_DESCRIPTION@@XZ 0001c8be f   common.obj
 0004:0000413e       ?MidiPortDriverDest@CAdapterCommon@@UAGPAPAUIUnknown@@XZ 0001c95e f   common.obj
 0004:000041de       ?SetWaveServiceGroup@CAdapterCommon@@UAGXPAUIServiceGroup@@@Z 0001c9fe f   common.obj
 0004:000048da       ?InitHDAController@CAdapterCommon@@QAGJXZ 0001d0fa f   common.obj
 0004:000058ca       ?TryInitializeCodecSlot@CAdapterCommon@@AAGXEKPBDPAJ@Z 0001e0ea f   common.obj
 0004:00005ab2       ?ReadRegistryBoolean@CAdapterCommon@@AAGEPBGE@Z 0001e2d2 f   common.obj
 0004:00005c98       ?CreateMiniportTopologyHDA@@YGJPAPAUIUnknown@@ABU_GUID@@PAU1@W4_POOL_TYPE@@@Z 0001e4b8 f   mintopo.obj
 0004:00005e0a       ?ProcessResources@CMiniportTopologyHDA@@AAEJPAUIResourceList@@@Z 0001e62a f   mintopo.obj
 0004:00005f8a       ?NonDelegatingQueryInterface@CMiniportTopologyHDA@@UAGJABU_GUID@@PAPAX@Z 0001e7aa f   mintopo.obj
 0004:0000612e       ??1CMiniportTopologyHDA@@UAE@XZ 0001e94e f   mintopo.obj
 0004:00006306       ?Init@CMiniportTopologyHDA@@UAGJPAUIUnknown@@PAUIResourceList@@PAUIPortTopology@@@Z 0001eb26 f   mintopo.obj
 0004:0000651a       ?GetDescription@CMiniportTopologyHDA@@UAGJPAPAUPCFILTER_DESCRIPTOR@@@Z 0001ed3a f   mintopo.obj
 0004:00007cd8       ?CreateMiniportWaveCyclicHDA@@YGJPAPAUIUnknown@@ABU_GUID@@PAU1@W4_POOL_TYPE@@@Z 000204f8 f   minwave.obj
 0004:00007f96       ?ProcessResources@CMiniportWaveCyclicHDA@@AAEJPAUIResourceList@@@Z 000207b6 f   minwave.obj
 0004:00008462       ?ValidateFormat@CMiniportWaveCyclicHDA@@AAEJPATKSDATAFORMAT@@@Z 00020c82 f   minwave.obj
 0004:0000869e       ?NonDelegatingQueryInterface@CMiniportWaveCyclicHDA@@UAGJABU_GUID@@PAPAX@Z 00020ebe f   minwave.obj
 0004:00008852       ??1CMiniportWaveCyclicHDA@@UAE@XZ 00021072 f   minwave.obj
 0004:00008a46       ?Init@CMiniportWaveCyclicHDA@@UAGJPAUIUnknown@@PAUIResourceList@@PAUIPortWaveCyclic@@@Z 00021266 f   minwave.obj
 0004:00008cde       ?GetDescription@CMiniportWaveCyclicHDA@@UAGJPAPAUPCFILTER_DESCRIPTOR@@@Z 000214fe f   minwave.obj
 0004:00008eba       ?DataRangeIntersection@CMiniportWaveCyclicHDA@@UAGJKPATKSDATAFORMAT@@0KPAXPAK@Z 000216da f   minwave.obj
 0004:000094aa       ?NewStream@CMiniportWaveCyclicHDA@@UAGJPAPAUIMiniportWaveCyclicStream@@PAUIUnknown@@W4_POOL_TYPE@@KEPATKSDATAFORMAT@@PAPAUIDmaChannel@@PAPAUIServiceGroup@@@Z 00021cca f   minwave.obj
 0004:00009842       ?NonDelegatingQueryInterface@CMiniportWaveCyclicStreamHDA@@UAGJABU_GUID@@PAPAX@Z 00022062 f   minwave.obj
 0004:000099de       ??1CMiniportWaveCyclicStreamHDA@@UAE@XZ 000221fe f   minwave.obj
 0004:00009c50       ?Init@CMiniportWaveCyclicStreamHDA@@QAEJPAVCMiniportWaveCyclicHDA@@KEPATKSDATAFORMAT@@PAUIDmaChannel@@@Z 00022470 f   minwave.obj
 0004:00009ec2       ?SetNotificationFreq@CMiniportWaveCyclicStreamHDA@@UAGKKPAK@Z 000226e2 f   minwave.obj
 0004:0000a056       ?SetFormat@CMiniportWaveCyclicStreamHDA@@UAGJPATKSDATAFORMAT@@@Z 00022876 f   minwave.obj
 0004:0000a29e       ?SetState@CMiniportWaveCyclicStreamHDA@@UAGJW4KSSTATE@@@Z 00022abe f   minwave.obj
 0005:0000003e       _DriverEntry@8             00022c1e f   adapter.obj
 0005:000000ac       __IMPORT_DESCRIPTOR_ntoskrnl 00022c8c     ntoskrnl:ntoskrnl.exe
 0005:000000c0       __IMPORT_DESCRIPTOR_HAL    00022ca0     hal:HAL.dll
 0005:000000d4       __IMPORT_DESCRIPTOR_portcls 00022cb4     portcls:portcls.sys
 0005:000000e8       __NULL_IMPORT_DESCRIPTOR   00022cc8     ntoskrnl:ntoskrnl.exe

 entry point at        0005:0000003e

 Static symbols

 0004:0000666e       ?PropertyHandler_OnOff@@YGJPAU_PCPROPERTY_REQUEST@@@Z 0001ee8e f   mintopo.obj
 0004:00006a86       ?PropertyHandler_SuperMixCaps@@YGJPAU_PCPROPERTY_REQUEST@@@Z 0001f2a6 f   mintopo.obj
 0004:00007086       ?PropertyHandler_SuperMixTable@@YGJPAU_PCPROPERTY_REQUEST@@@Z 0001f8a6 f   mintopo.obj
 0004:000077b6       ?PropertyHandler_CpuResources@@YGJPAU_PCPROPERTY_REQUEST@@@Z 0001ffd6 f   mintopo.obj
 0001:00005dce       ?PropertyHandler_Level@@YGJPAU_PCPROPERTY_REQUEST@@@Z 000160ae f   mintopo.obj
 0004:00007a06       ?BasicSupportHandler@@YGJPAU_PCPROPERTY_REQUEST@@@Z 00020226 f   mintopo.obj
 0001:00000190       ?AllocateAlignedCommonBuffer@@YGJPAU_DMA_ADAPTER@@KKPAU_HDA_DMA_COMMON_BUFFER@@@Z 00010470 f   common.obj
 0001:00000300       ?ResetCommonBufferDescriptor@@YGXPAU_HDA_DMA_COMMON_BUFFER@@@Z 000105e0 f   common.obj
 0001:00000320       ?FreeAlignedCommonBuffer@@YGXPAU_DMA_ADAPTER@@PAU_HDA_DMA_COMMON_BUFFER@@@Z 00010600 f   common.obj

 712 bytes saved through ICF

