 HDA

 Timestamp is 69682749 (Wed Jan 14 15:31:21 2026)

 Preferred load address is 00010000

 Start         Length     Name                   Class
 0001:00000000 00003c1cH .text                   CODE
 0002:00000000 000000b8H .idata$5                DATA
 0002:000000b8 000006b0H .rdata                  DATA
 0003:00000000 00000d70H .data                   DATA
 0003:00000d70 00000014H .bss                    DATA
 0004:00000000 0000c070H PAGE                    CODE
 0005:00000000 000000a9H INIT                    CODE
 0005:000000ac 0000003cH .idata$2                CODE
 0005:000000e8 00000014H .idata$3                CODE
 0005:000000fc 000000b8H .idata$4                CODE
 0005:000001b4 000003b4H .idata$6                CODE
 0006:00000000 00000058H .rsrc$01                DATA
 0006:00000060 000003d8H .rsrc$02                DATA

  Address         Publics by Value              Rva+Base     Lib:Object

 0001:00000000       ??3@YAXPAX@Z               000102e0 f i common.obj
 0001:00000010       ??2@YGPAXIW4_POOL_TYPE@@K@Z 000102f0 f i common.obj
 0001:00000050       ??0CAdapterCommon@@QAE@PAUIUnknown@@@Z 00010330 f i common.obj
 0001:000000a0       ?QueryInterface@CAdapterCommon@@UAGJABU_GUID@@PAPAX@Z 00010380 f i common.obj
 0001:000000d0       ?GetOuterUnknown@CUnknown@@QAEPAUIUnknown@@XZ 000103b0 f i common.obj
 0001:000000f0       ?AddRef@CAdapterCommon@@UAGKXZ 000103d0 f i common.obj
 0001:00000120       ?Release@CAdapterCommon@@UAGKXZ 00010400 f i common.obj
 0001:00000150       ??_ECAdapterCommon@@UAEPAXI@Z 00010430 f i common.obj
 0001:00000150       ??_GCAdapterCommon@@UAEPAXI@Z 00010430 f i common.obj
 0001:00000190       ??0IUnknown@@QAE@XZ        00010470 f i common.obj
 0001:000001a0       _IsEqualGUIDAligned@8      00010480 f i common.obj
 0001:00000220       ?hda_check_headphone_connection_change@CAdapterCommon@@QAGXXZ 00010500 f   common.obj
 0001:000002e0       ?hda_is_supported_sample_rate@CAdapterCommon@@QAGEK@Z 000105c0 f   common.obj
 0001:000003f6       ?hda_send_verb@CAdapterCommon@@QAGKKKKK@Z 000106d6 f   common.obj
 0001:000006f2       ?ReadController@CAdapterCommon@@UAGEXZ 000109d2 f   common.obj
 0001:00000796       ?WriteController@CAdapterCommon@@UAGEE@Z 00010a76 f   common.obj
 0001:000008a2       ?MixerRegWrite@CAdapterCommon@@UAGXEE@Z 00010b82 f   common.obj
 0001:00000a7a       ?MixerRegRead@CAdapterCommon@@UAGEE@Z 00010d5a f   common.obj
 0001:00000b5e       ?MixerReset@CAdapterCommon@@UAGXXZ 00010e3e f   common.obj
 0001:00000bfe       ?AcknowledgeIRQ@CAdapterCommon@@AAE?AW4_HDA_INTERRUPT_TYPE@@XZ 00010ede f   common.obj
 0001:00000ea2       ?ResetController@CAdapterCommon@@UAGJXZ 00011182 f   common.obj
 0001:00000f46       ?RestoreMixerSettingsFromRegistry@CAdapterCommon@@UAGJXZ 00011226 f   common.obj
 0001:000011f2       ?SaveMixerSettingsToRegistry@CAdapterCommon@@UAGJXZ 000114d2 f   common.obj
 0001:000014e2       ?ProgramSampleRate@CAdapterCommon@@UAGJK@Z 000117c2 f   common.obj
 0001:000017d6       ?PowerChangeState@CAdapterCommon@@UAGXT_POWER_STATE@@@Z 00011ab6 f   common.obj
 0001:000019c6       ?QueryPowerChangeState@CAdapterCommon@@UAGJT_POWER_STATE@@@Z 00011ca6 f   common.obj
 0001:00001a4a       ?QueryDeviceCapabilities@CAdapterCommon@@UAGJPAU_DEVICE_CAPABILITIES@@@Z 00011d2a f   common.obj
 0001:00001afa       ?InterruptServiceRoutine@@YGJPAUIInterruptSync@@PAX@Z 00011dda f   common.obj
 0001:00001c86       ?hda_stop_stream@CAdapterCommon@@UAGJXZ 00011f66 f   common.obj
 0001:00001f00       ?hda_start_sound@CAdapterCommon@@UAGXXZ 000121e0 f   common.obj
 0001:00001f6a       ?hda_stop_sound@CAdapterCommon@@UAGXXZ 0001224a f   common.obj
 0001:0000208e       ?hda_get_actual_stream_position@CAdapterCommon@@UAGKXZ 0001236e f   common.obj
 0001:000021f0       ?hda_set_volume@CAdapterCommon@@QAGXKE@Z 000124d0 f   common.obj
 0001:00002260       ?hda_set_node_gain@CAdapterCommon@@QAGXKKKKKE@Z 00012540 f   common.obj
 0001:00002300       ?readUCHAR@CAdapterCommon@@QAGEG@Z 000125e0 f   common.obj
 0001:00002320       ?writeUCHAR@CAdapterCommon@@QAGXGE@Z 00012600 f   common.obj
 0001:00002350       ?readUSHORT@CAdapterCommon@@QAGGG@Z 00012630 f   common.obj
 0001:00002370       ?writeUSHORT@CAdapterCommon@@QAGXGG@Z 00012650 f   common.obj
 0001:000023a0       ?readULONG@CAdapterCommon@@QAGKG@Z 00012680 f   common.obj
 0001:000023c0       ?writeULONG@CAdapterCommon@@QAGXGK@Z 000126a0 f   common.obj
 0001:0000259a       ?hda_showtime@CAdapterCommon@@UAGJPAUIDmaChannel@@@Z 0001287a f   common.obj
 0001:00002a20       ?hda_return_sound_data_format@CAdapterCommon@@QAGGKKK@Z 00012d00 f   common.obj
 0001:00002b90       ?ReadWriteConfigSpace@CAdapterCommon@@AAGJPAU_DEVICE_OBJECT@@KPAXKK@Z 00012e70 f   common.obj
 0001:00002cbb       ?WriteConfigSpaceByte@CAdapterCommon@@AAGJEEE@Z 00012f9b f   common.obj
 0001:00002dbb       ?WriteConfigSpaceWord@CAdapterCommon@@AAGJEGG@Z 0001309b f   common.obj
 0001:00002e80       ?QueryInterface@CAdapterCommon@@W3AGJABU_GUID@@PAPAX@Z 00013160 f i common.obj
 0001:00002e90       ?AddRef@CAdapterCommon@@W3AGKXZ 00013170 f i common.obj
 0001:00002ea0       ?Release@CAdapterCommon@@W3AGKXZ 00013180 f i common.obj
 0001:00002eb0       ??0CMiniportTopologyHDA@@QAE@PAUIUnknown@@@Z 00013190 f i mintopo.obj
 0001:00002ef0       ?QueryInterface@CMiniportTopologyHDA@@UAGJABU_GUID@@PAPAX@Z 000131d0 f i mintopo.obj
 0001:00002ef0       ?QueryInterface@CMiniportWaveCyclicStreamHDA@@UAGJABU_GUID@@PAPAX@Z 000131d0 f i mintopo.obj
 0001:00002ef0       ?QueryInterface@CMiniportWaveCyclicHDA@@UAGJABU_GUID@@PAPAX@Z 000131d0 f i mintopo.obj
 0001:00002f20       ?DataRangeIntersection@CMiniportTopologyHDA@@UAGJKPATKSDATAFORMAT@@0KPAXPAK@Z 00013200 f i mintopo.obj
 0001:00002f30       ??_GCMiniportTopologyHDA@@UAEPAXI@Z 00013210 f i mintopo.obj
 0001:00002f30       ??_ECMiniportTopologyHDA@@UAEPAXI@Z 00013210 f i mintopo.obj
 0001:000035f0       ?ReadBitsFromMixer@CMiniportTopologyHDA@@AAEEEEE@Z 000138d0 f   mintopo.obj
 0001:00003640       ?ThisManyOnes@@YGEE@Z      00013920 f i mintopo.obj
 0001:00003660       ?WriteBitsToMixer@CMiniportTopologyHDA@@AAEXEEEE@Z 00013940 f   mintopo.obj
 0001:00003700       ??0CMiniportWaveCyclicHDA@@QAE@PAUIUnknown@@@Z 000139e0 f i minwave.obj
 0001:00003740       ?AddRef@CMiniportWaveCyclicHDA@@UAGKXZ 00013a20 f i minwave.obj
 0001:00003740       ?AddRef@CMiniportWaveCyclicStreamHDA@@UAGKXZ 00013a20 f i minwave.obj
 0001:00003740       ?AddRef@CMiniportTopologyHDA@@UAGKXZ 00013a20 f i minwave.obj
 0001:00003770       ??_ECMiniportWaveCyclicHDA@@UAEPAXI@Z 00013a50 f i minwave.obj
 0001:00003770       ??_GCMiniportWaveCyclicHDA@@UAEPAXI@Z 00013a50 f i minwave.obj
 0001:000037b0       ??0IMiniportWaveCyclic@@QAE@XZ 00013a90 f i minwave.obj
 0001:000037b0       ??0IMiniportTopology@@QAE@XZ 00013a90 f i minwave.obj
 0001:000037d0       ??2@YGPAXIW4_POOL_TYPE@@@Z 00013ab0 f i minwave.obj
 0001:00003820       ??0CMiniportWaveCyclicStreamHDA@@QAE@PAUIUnknown@@@Z 00013b00 f i minwave.obj
 0001:00003860       ?Release@CMiniportWaveCyclicHDA@@UAGKXZ 00013b40 f i minwave.obj
 0001:00003860       ?Release@CMiniportTopologyHDA@@UAGKXZ 00013b40 f i minwave.obj
 0001:00003860       ?Release@CMiniportWaveCyclicStreamHDA@@UAGKXZ 00013b40 f i minwave.obj
 0001:00003890       ??_GCMiniportWaveCyclicStreamHDA@@UAEPAXI@Z 00013b70 f i minwave.obj
 0001:00003890       ??_ECMiniportWaveCyclicStreamHDA@@UAEPAXI@Z 00013b70 f i minwave.obj
 0001:000038d0       ??0IMiniport@@QAE@XZ       00013bb0 f i minwave.obj
 0001:000038d0       ??0IAdapterCommon@@QAE@XZ  00013bb0 f i minwave.obj
 0001:000038d0       ??0IAdapterPowerManagement@@QAE@XZ 00013bb0 f i minwave.obj
 0001:000038d0       ??0IMiniportWaveCyclicStream@@QAE@XZ 00013bb0 f i minwave.obj
 0001:00003909       ?GetPosition@CMiniportWaveCyclicStreamHDA@@UAGJPAK@Z 00013be9 f   minwave.obj
 0001:000039fe       ?NormalizePhysicalPosition@CMiniportWaveCyclicStreamHDA@@UAGJPA_J@Z 00013cde f   minwave.obj
 0001:00003aa0       ?Silence@CMiniportWaveCyclicStreamHDA@@UAGXPAXK@Z 00013d80 f   minwave.obj
 0001:00003ade       _DbgPrint                  00013dbe f   ntoskrnl:ntoskrnl.exe
 0001:00003ae4       _DbgBreakPoint@0           00013dc4 f   ntoskrnl:ntoskrnl.exe
 0001:00003aea       __alldiv                   00013dca f   ntoskrnl:ntoskrnl.exe
 0001:00003af0       __allmul                   00013dd0 f   ntoskrnl:ntoskrnl.exe
 0001:00003af6       _PcInitializeAdapterDriver@12 00013dd6 f   portcls:portcls.sys
 0001:00003afc       _PcAddAdapterDevice@20     00013ddc f   portcls:portcls.sys
 0001:00003b02       _PcRegisterSubdevice@12    00013de2 f   portcls:portcls.sys
 0001:00003b08       _PcNewMiniport@8           00013de8 f   portcls:portcls.sys
 0001:00003b0e       _PcNewPort@8               00013dee f   portcls:portcls.sys
 0001:00003b14       _PcRegisterPhysicalConnection@20 00013df4 f   portcls:portcls.sys
 0001:00003b1a       _PcRegisterAdapterPowerManagement@8 00013dfa f   portcls:portcls.sys
 0001:00003b20       _PcNewResourceSublist@20   00013e00 f   portcls:portcls.sys
 0001:00003b26       _PcNewInterruptSync@20     00013e06 f   portcls:portcls.sys
 0001:00003b2c       _PcNewRegistryKey@36       00013e0c f   portcls:portcls.sys
 0001:00003b32       _PcNewServiceGroup@8       00013e12 f   portcls:portcls.sys
 0001:00003b38       ??0CUnknown@@QAE@PAUIUnknown@@@Z 00013e18 f   stdunk:stdunk.obj
 0001:00003b57       ??_ECUnknown@@UAEPAXI@Z    00013e37 f i stdunk:stdunk.obj
 0001:00003b57       ??_GCUnknown@@UAEPAXI@Z    00013e37 f i stdunk:stdunk.obj
 0001:00003b73       ??1CUnknown@@UAE@XZ        00013e53 f   stdunk:stdunk.obj
 0001:00003b7a       ?NonDelegatingAddRef@CUnknown@@UAGKXZ 00013e5a f   stdunk:stdunk.obj
 0001:00003b90       ?NonDelegatingRelease@CUnknown@@UAGKXZ 00013e70 f   stdunk:stdunk.obj
 0001:00003bbf       ?NonDelegatingQueryInterface@CUnknown@@UAGJABU_GUID@@PAPAX@Z 00013e9f f   stdunk:stdunk.obj
 0002:00000000       __imp_@KfAcquireSpinLock@4 00013f00     hal:HAL.dll
 0002:00000004       __imp_@KfReleaseSpinLock@8 00013f04     hal:HAL.dll
 0002:00000008       __imp__KeStallExecutionProcessor@4 00013f08     hal:HAL.dll
 0002:0000000c       __imp__KeGetCurrentIrql@0  00013f0c     hal:HAL.dll
 0002:00000010       \177HAL_NULL_THUNK_DATA    00013f10     hal:HAL.dll
 0002:00000014       __imp__MmMapIoSpace@16     00013f14     ntoskrnl:ntoskrnl.exe
 0002:00000018       __imp__KeInitializeSpinLock@4 00013f18     ntoskrnl:ntoskrnl.exe
 0002:0000001c       __imp__MmUnmapIoSpace@8    00013f1c     ntoskrnl:ntoskrnl.exe
 0002:00000020       __imp__IoGetDmaAdapter@12  00013f20     ntoskrnl:ntoskrnl.exe
 0002:00000024       __imp__RtlInitUnicodeString@8 00013f24     ntoskrnl:ntoskrnl.exe
 0002:00000028       __imp__READ_REGISTER_ULONG@4 00013f28     ntoskrnl:ntoskrnl.exe
 0002:0000002c       __imp__WRITE_REGISTER_ULONG@8 00013f2c     ntoskrnl:ntoskrnl.exe
 0002:00000030       __imp__READ_REGISTER_UCHAR@4 00013f30     ntoskrnl:ntoskrnl.exe
 0002:00000034       __imp__WRITE_REGISTER_UCHAR@8 00013f34     ntoskrnl:ntoskrnl.exe
 0002:00000038       __imp__READ_REGISTER_USHORT@4 00013f38     ntoskrnl:ntoskrnl.exe
 0002:0000003c       __imp__ExFreePool@4        00013f3c     ntoskrnl:ntoskrnl.exe
 0002:00000040       __imp__ExAllocatePoolWithTag@12 00013f40     ntoskrnl:ntoskrnl.exe
 0002:00000044       __imp__KeWaitForSingleObject@20 00013f44     ntoskrnl:ntoskrnl.exe
 0002:00000048       __imp_@IofCallDriver@8     00013f48     ntoskrnl:ntoskrnl.exe
 0002:0000004c       __imp__IoBuildSynchronousFsdRequest@28 00013f4c     ntoskrnl:ntoskrnl.exe
 0002:00000050       __imp__IoGetAttachedDeviceReference@4 00013f50     ntoskrnl:ntoskrnl.exe
 0002:00000054       __imp__KeInitializeEvent@12 00013f54     ntoskrnl:ntoskrnl.exe
 0002:00000058       __imp__KeInitializeMutex@8 00013f58     ntoskrnl:ntoskrnl.exe
 0002:0000005c       __imp__RtlAssert@16        00013f5c     ntoskrnl:ntoskrnl.exe
 0002:00000060       __imp___alldiv             00013f60     ntoskrnl:ntoskrnl.exe
 0002:00000064       __imp___allmul             00013f64     ntoskrnl:ntoskrnl.exe
 0002:00000068       __imp__DbgBreakPoint@0     00013f68     ntoskrnl:ntoskrnl.exe
 0002:0000006c       __imp__DbgPrint            00013f6c     ntoskrnl:ntoskrnl.exe
 0002:00000070       __imp_@ObfDereferenceObject@4 00013f70     ntoskrnl:ntoskrnl.exe
 0002:00000074       __imp__WRITE_REGISTER_USHORT@8 00013f74     ntoskrnl:ntoskrnl.exe
 0002:00000078       __imp__KeReleaseMutex@8    00013f78     ntoskrnl:ntoskrnl.exe
 0002:0000007c       __imp_@InterlockedDecrement@4 00013f7c     ntoskrnl:ntoskrnl.exe
 0002:00000080       __imp_@InterlockedIncrement@4 00013f80     ntoskrnl:ntoskrnl.exe
 0002:00000084       \177ntoskrnl_NULL_THUNK_DATA 00013f84     ntoskrnl:ntoskrnl.exe
 0002:00000088       __imp__PcInitializeAdapterDriver@12 00013f88     portcls:portcls.sys
 0002:0000008c       __imp__PcNewMiniport@8     00013f8c     portcls:portcls.sys
 0002:00000090       __imp__PcNewPort@8         00013f90     portcls:portcls.sys
 0002:00000094       __imp__PcRegisterPhysicalConnection@20 00013f94     portcls:portcls.sys
 0002:00000098       __imp__PcAddAdapterDevice@20 00013f98     portcls:portcls.sys
 0002:0000009c       __imp__PcRegisterSubdevice@12 00013f9c     portcls:portcls.sys
 0002:000000a0       __imp__PcNewInterruptSync@20 00013fa0     portcls:portcls.sys
 0002:000000a4       __imp__PcNewRegistryKey@36 00013fa4     portcls:portcls.sys
 0002:000000a8       __imp__PcNewServiceGroup@8 00013fa8     portcls:portcls.sys
 0002:000000ac       __imp__PcRegisterAdapterPowerManagement@8 00013fac     portcls:portcls.sys
 0002:000000b0       __imp__PcNewResourceSublist@20 00013fb0     portcls:portcls.sys
 0002:000000b4       \177portcls_NULL_THUNK_DATA 00013fb4     portcls:portcls.sys
 0002:00000130       _IID_IAdapterCommon        00014030     adapter.obj
 0002:00000140       _CLSID_MiniportDriverFmSynth 00014040     adapter.obj
 0002:00000150       _CLSID_PortWaveCyclic      00014050     adapter.obj
 0002:00000160       _CLSID_PortTopology        00014060     adapter.obj
 0002:00000170       _CLSID_PortMidi            00014070     adapter.obj
 0002:00000180       _IID_IAdapterPowerManagment 00014080     adapter.obj
 0002:00000190       _IID_IMiniportWaveCyclicStream 00014090     adapter.obj
 0002:000001a0       _IID_IMiniportWaveCyclic   000140a0     adapter.obj
 0002:000001b0       _IID_IPortWaveCyclic       000140b0     adapter.obj
 0002:000001c0       _IID_IMiniportTopology     000140c0     adapter.obj
 0002:000001d0       _IID_IMiniport             000140d0     adapter.obj
 0002:000001e0       _IID_IUnknown              000140e0     adapter.obj
 0002:000001f0       ??_C@_1BE@DCLA@?$AAD?$AAi?$AAs?$AAa?$AAb?$AAl?$AAe?$AAC?$AAD?$AA?$AA@ 000140f0     common.obj
 0002:00000204       ??_C@_1BM@HKPL@?$AAD?$AAi?$AAs?$AAa?$AAb?$AAl?$AAe?$AAL?$AAi?$AAn?$AAe?$AAI?$AAn?$AA?$AA@ 00014104     common.obj
 0002:00000220       ??_C@_1BG@OEIB@?$AAD?$AAi?$AAs?$AAa?$AAb?$AAl?$AAe?$AAM?$AAi?$AAc?$AA?$AA@ 00014120     common.obj
 0002:00000238       ??_C@_1BK@PFJA@?$AAD?$AAi?$AAs?$AAa?$AAb?$AAl?$AAe?$AAM?$AAi?$AAc?$AAI?$AAn?$AA?$AA@ 00014138     common.obj
 0002:00000254       ??_C@_1BO@PIPO@?$AAD?$AAi?$AAs?$AAa?$AAb?$AAl?$AAe?$AAM?$AAo?$AAn?$AAo?$AAO?$AAu?$AAt?$AA?$AA@ 00014154     common.obj
 0002:00000274       ??_C@_1CC@CCGC@?$AAD?$AAi?$AAs?$AAa?$AAb?$AAl?$AAe?$AAH?$AAe?$AAa?$AAd?$AAp?$AAh?$AAo?$AAn?$AAe?$AA?$AA@ 00014174     common.obj
 0002:00000298       ??_C@_1BG@KIAL@?$AAD?$AAi?$AAs?$AAa?$AAb?$AAl?$AAe?$AAA?$AAU?$AAX?$AA?$AA@ 00014198     common.obj
 0002:000002b0       ??_C@_1BK@CIGJ@?$AAD?$AAi?$AAs?$AAa?$AAb?$AAl?$AAe?$AAV?$AAi?$AAd?$AAe?$AAo?$AA?$AA@ 000141b0     common.obj
 0002:000002cc       ??_C@_1BI@JAOF@?$AAD?$AAi?$AAs?$AAa?$AAb?$AAl?$AAe?$AAM?$AAi?$AAc?$AA2?$AA?$AA@ 000141cc     common.obj
 0002:000002e4       ??_C@_1BK@EHMP@?$AAD?$AAi?$AAs?$AAa?$AAb?$AAl?$AAe?$AAP?$AAh?$AAo?$AAn?$AAe?$AA?$AA@ 000141e4     common.obj
 0002:00000300       ??_C@_1BM@PILN@?$AAD?$AAi?$AAs?$AAa?$AAb?$AAl?$AAe?$AAP?$AAC?$AAB?$AAe?$AAe?$AAp?$AA?$AA@ 00014200     common.obj
 0002:0000031c       ??_C@_1BE@ENEK@?$AAR?$AAi?$AAg?$AAh?$AAt?$AAB?$AAa?$AAs?$AAs?$AA?$AA@ 0001421c     common.obj
 0002:00000330       ??_C@_1BC@JMJO@?$AAL?$AAe?$AAf?$AAt?$AAB?$AAa?$AAs?$AAs?$AA?$AA@ 00014230     common.obj
 0002:00000344       ??_C@_1BI@KGAJ@?$AAR?$AAi?$AAg?$AAh?$AAt?$AAT?$AAr?$AAe?$AAb?$AAl?$AAe?$AA?$AA@ 00014244     common.obj
 0002:0000035c       ??_C@_1BG@BGGD@?$AAL?$AAe?$AAf?$AAt?$AAT?$AAr?$AAe?$AAb?$AAl?$AAe?$AA?$AA@ 0001425c     common.obj
 0002:00000374       ??_C@_1O@IECC@?$AAM?$AAi?$AAc?$AAA?$AAG?$AAC?$AA?$AA@ 00014274     common.obj
 0002:00000384       ??_C@_1CA@EJHI@?$AAR?$AAi?$AAg?$AAh?$AAt?$AAO?$AAu?$AAt?$AAp?$AAu?$AAt?$AAG?$AAa?$AAi?$AAn?$AA?$AA@ 00014284     common.obj
 0002:000003a4       ??_C@_1BO@PPLI@?$AAL?$AAe?$AAf?$AAt?$AAO?$AAu?$AAt?$AAp?$AAu?$AAt?$AAG?$AAa?$AAi?$AAn?$AA?$AA@ 000142a4     common.obj
 0002:000003c4       ??_C@_1BO@PMCJ@?$AAR?$AAi?$AAg?$AAh?$AAt?$AAI?$AAn?$AAp?$AAu?$AAt?$AAG?$AAa?$AAi?$AAn?$AA?$AA@ 000142c4     common.obj
 0002:000003e4       ??_C@_1BM@CFEM@?$AAL?$AAe?$AAf?$AAt?$AAI?$AAn?$AAp?$AAu?$AAt?$AAG?$AAa?$AAi?$AAn?$AA?$AA@ 000142e4     common.obj
 0002:00000400       ??_C@_1CA@CIKM@?$AAR?$AAi?$AAg?$AAh?$AAt?$AAI?$AAn?$AAp?$AAu?$AAt?$AAM?$AAi?$AAx?$AAe?$AAr?$AA?$AA@ 00014300     common.obj
 0002:00000420       ??_C@_1BO@JOGM@?$AAL?$AAe?$AAf?$AAt?$AAI?$AAn?$AAp?$AAu?$AAt?$AAM?$AAi?$AAx?$AAe?$AAr?$AA?$AA@ 00014320     common.obj
 0002:00000440       ??_C@_1BI@BMOJ@?$AAO?$AAu?$AAt?$AAp?$AAu?$AAt?$AAM?$AAi?$AAx?$AAe?$AAr?$AA?$AA@ 00014340     common.obj
 0002:00000458       ??_C@_1BE@GLOL@?$AAP?$AAc?$AAS?$AAp?$AAk?$AAr?$AAV?$AAo?$AAl?$AA?$AA@ 00014358     common.obj
 0002:0000046c       ??_C@_1O@MNBB@?$AAM?$AAi?$AAc?$AAV?$AAo?$AAl?$AA?$AA@ 0001436c     common.obj
 0002:0000047c       ??_C@_1BO@HCKE@?$AAR?$AAi?$AAg?$AAh?$AAt?$AAL?$AAi?$AAn?$AAe?$AAI?$AAn?$AAV?$AAo?$AAl?$AA?$AA@ 0001437c     common.obj
 0002:0000049c       ??_C@_1BM@KLMB@?$AAL?$AAe?$AAf?$AAt?$AAL?$AAi?$AAn?$AAe?$AAI?$AAn?$AAV?$AAo?$AAl?$AA?$AA@ 0001439c     common.obj
 0002:000004b8       ??_C@_1BG@COJL@?$AAR?$AAi?$AAg?$AAh?$AAt?$AAC?$AAD?$AAV?$AAo?$AAl?$AA?$AA@ 000143b8     common.obj
 0002:000004d0       ??_C@_1BE@KMKA@?$AAL?$AAe?$AAf?$AAt?$AAC?$AAD?$AAV?$AAo?$AAl?$AA?$AA@ 000143d0     common.obj
 0002:000004e4       ??_C@_1BK@JCIM@?$AAR?$AAi?$AAg?$AAh?$AAt?$AAM?$AAi?$AAd?$AAi?$AAV?$AAo?$AAl?$AA?$AA@ 000143e4     common.obj
 0002:00000500       ??_C@_1BI@KBIJ@?$AAL?$AAe?$AAf?$AAt?$AAM?$AAi?$AAd?$AAi?$AAV?$AAo?$AAl?$AA?$AA@ 00014400     common.obj
 0002:00000518       ??_C@_1BK@MFCG@?$AAR?$AAi?$AAg?$AAh?$AAt?$AAW?$AAa?$AAv?$AAe?$AAV?$AAo?$AAl?$AA?$AA@ 00014418     common.obj
 0002:00000534       ??_C@_1BI@PGCD@?$AAL?$AAe?$AAf?$AAt?$AAW?$AAa?$AAv?$AAe?$AAV?$AAo?$AAl?$AA?$AA@ 00014434     common.obj
 0002:0000054c       ??_C@_1BO@NHA@?$AAR?$AAi?$AAg?$AAh?$AAt?$AAM?$AAa?$AAs?$AAt?$AAe?$AAr?$AAV?$AAo?$AAl?$AA?$AA@ 0001444c     common.obj
 0002:0000056c       ??_C@_1BM@NEBF@?$AAL?$AAe?$AAf?$AAt?$AAM?$AAa?$AAs?$AAt?$AAe?$AAr?$AAV?$AAo?$AAl?$AA?$AA@ 0001446c     common.obj
 0002:00000588       ??_7CAdapterCommon@@6BCUnknown@@@ 00014488     common.obj
 0002:00000598       ??_7CAdapterCommon@@6BIAdapterPowerManagement@@@ 00014498     common.obj
 0002:000005b0       ??_7CAdapterCommon@@6BIAdapterCommon@@@ 000144b0     common.obj
 0002:000006d0       ??_7CMiniportTopologyHDA@@6BCUnknown@@@ 000145d0     mintopo.obj
 0002:000006e0       ??_7CMiniportTopologyHDA@@6BIMiniportTopology@@@ 000145e0     mintopo.obj
 0002:000006f8       ??_7CMiniportWaveCyclicHDA@@6BCUnknown@@@ 000145f8     minwave.obj
 0002:00000708       ??_7CMiniportWaveCyclicHDA@@6BIMiniportWaveCyclic@@@ 00014608     minwave.obj
 0002:00000724       ??_7CMiniportWaveCyclicStreamHDA@@6BCUnknown@@@ 00014624     minwave.obj
 0002:00000734       ??_7CMiniportWaveCyclicStreamHDA@@6BIMiniportWaveCyclicStream@@@ 00014634     minwave.obj
 0002:00000758       ??_7CUnknown@@6B@          00014658     stdunk:stdunk.obj
 0003:00000000       ?ulDebugOut@@3KA           00014680     adapter.obj
 0003:00000008       __GUID_b7902fe9_fb0a_11d1_81b0_0060083316c1 00014688     adapter.obj
 0003:00000018       __GUID_d3f0ce1c_fffc_11d1_81b0_0060083316c1 00014698     adapter.obj
 0003:00000028       __GUID_c096df9c_fb09_11d1_81b0_0060083316c1 000146a8     adapter.obj
 0003:00000100       ?m_stHardwareConfig@CAdapterCommon@@0UtHardwareConfig@@A 00014780     common.obj
 0003:00000194       ?audBufSize@@3KA           00014814     common.obj
 0003:00000198       ?BdlSize@@3KA              00014818     common.obj
 0003:00000898       __GUID_185fedf6_9905_11d1_95a9_00c04fb925d3 00014f18     mintopo.obj
 0003:000008a8       __GUID_185fedef_9905_11d1_95a9_00c04fb925d3 00014f28     mintopo.obj
 0003:000008b8       __GUID_185fede1_9905_11d1_95a9_00c04fb925d3 00014f38     mintopo.obj
 0003:000008c8       __GUID_185fede0_9905_11d1_95a9_00c04fb925d3 00014f48     mintopo.obj
 0003:000008d8       __GUID_7607e580_c557_11d0_8a2b_00a0c9255ac1 00014f58     mintopo.obj
 0003:000008e8       __GUID_185fede3_9905_11d1_95a9_00c04fb925d3 00014f68     mintopo.obj
 0003:000008f8       __GUID_da441a60_c556_11d0_8a2b_00a0c9255ac1 00014f78     mintopo.obj
 0003:00000908       __GUID_185fedee_9905_11d1_95a9_00c04fb925d3 00014f88     mintopo.obj
 0003:00000918       __GUID_02b223c0_c557_11d0_8a2b_00a0c9255ac1 00014f98     mintopo.obj
 0003:00000928       __GUID_185feded_9905_11d1_95a9_00c04fb925d3 00014fa8     mintopo.obj
 0003:00000938       __GUID_e88c9ba0_c557_11d0_8a2b_00a0c9255ac1 00014fb8     mintopo.obj
 0003:00000948       __GUID_185fedec_9905_11d1_95a9_00c04fb925d3 00014fc8     mintopo.obj
 0003:00000958       __GUID_185fedeb_9905_11d1_95a9_00c04fb925d3 00014fd8     mintopo.obj
 0003:00000968       __GUID_185fedea_9905_11d1_95a9_00c04fb925d3 00014fe8     mintopo.obj
 0003:00000978       __GUID_185fede9_9905_11d1_95a9_00c04fb925d3 00014ff8     mintopo.obj
 0003:00000988       __GUID_185fede8_9905_11d1_95a9_00c04fb925d3 00015008     mintopo.obj
 0003:00000998       __GUID_e573adc0_c555_11d0_8a2b_00a0c9255ac1 00015018     mintopo.obj
 0003:000009a8       __GUID_185fede7_9905_11d1_95a9_00c04fb925d3 00015028     mintopo.obj
 0003:000009b8       __GUID_185fede5_9905_11d1_95a9_00c04fb925d3 00015038     mintopo.obj
 0003:000009c8       __GUID_3a5acc00_c557_11d0_8a2b_00a0c9255ac1 00015048     mintopo.obj
 0003:000009d8       __GUID_45ffaaa0_6e1b_11d0_bcf2_444553540000 00015058     mintopo.obj
 0003:000009e8       __GUID_6994ad04_93ef_11d0_a3cc_00a0c9223196 00015068     mintopo.obj
 0003:000009f8       __GUID_185fedf7_9905_11d1_95a9_00c04fb925d3 00015078     mintopo.obj
 0003:00000a08       __GUID_dff21ce1_f70f_11d0_b917_00a0c9223196 00015088     mintopo.obj
 0003:00000a18       __GUID_dff21be1_f70f_11d0_b917_00a0c9223196 00015098     mintopo.obj
 0003:00000a28       __GUID_185fedf9_9905_11d1_95a9_00c04fb925d3 000150a8     mintopo.obj
 0003:00000a38       __GUID_dff21fe3_f70f_11d0_b917_00a0c9223196 000150b8     mintopo.obj
 0003:00000a48       __GUID_185fedfb_9905_11d1_95a9_00c04fb925d3 000150c8     mintopo.obj
 0003:00000a58       __GUID_dff220e3_f70f_11d0_b917_00a0c9223196 000150d8     mintopo.obj
 0003:00000a68       __GUID_185fedf8_9905_11d1_95a9_00c04fb925d3 000150e8     mintopo.obj
 0003:00000a78       __GUID_dff220f3_f70f_11d0_b917_00a0c9223196 000150f8     mintopo.obj
 0003:00000a88       __GUID_dff21fe4_f70f_11d0_b917_00a0c9223196 00015108     mintopo.obj
 0003:00000a98       __GUID_97e99ba0_bdea_11cf_a5d6_28db04c10000 00015118     mintopo.obj
 0003:00000ce0       __GUID_507ae360_c554_11d0_8a2b_00a0c9255ac1 00015360     minwave.obj
 0003:00000cf0       __GUID_4d837fe0_c555_11d0_8a2b_00a0c9255ac1 00015370     minwave.obj
 0003:00000d00       __GUID_185fedfa_9905_11d1_95a9_00c04fb925d3 00015380     minwave.obj
 0003:00000d10       __GUID_fb6c4281_0353_11d1_905f_0000c0cc16ba 00015390     minwave.obj
 0003:00000d20       __GUID_05589f81_c356_11ce_bf01_00aa0055595a 000153a0     minwave.obj
 0003:00000d30       __GUID_00000001_0000_0010_8000_00aa00389b71 000153b0     minwave.obj
 0003:00000d40       __GUID_73647561_0000_0010_8000_00aa00389b71 000153c0     minwave.obj
 0003:00000d50       __GUID_518590a2_a184_11d0_8522_00c04fd9baf3 000153d0     minwave.obj
 0003:00000d60       __GUID_0f6417d6_c318_11d0_a43f_00a0c9223196 000153e0     minwave.obj
 0003:00000d70       __GUID_00000000_0000_0000_0000_000000000000 000153f0     adapter.obj
 0004:0000003e       _AddDevice@8               0001545e f   adapter.obj
 0004:0000026a       ?InstallSubdevice@@YGJPAU_DEVICE_OBJECT@@PAU_IRP@@PAGABU_GUID@@3P6GJPAPAUIUnknown@@3PAU4@W4_POOL_TYPE@@@Z5PAUIResourceList@@344@Z 0001568a f   adapter.obj
 0004:0000066e       ?StartDevice@@YGJPAU_DEVICE_OBJECT@@PAU_IRP@@PAUIResourceList@@@Z 00015a8e f   adapter.obj
 0004:00000e6e       ?AssignResources@@YGJPAUIResourceList@@PAPAU1@11111@Z 0001628e f   adapter.obj
 0004:000013c8       ?NewAdapterCommon@@YGJPAPAUIUnknown@@ABU_GUID@@PAU1@W4_POOL_TYPE@@@Z 000167e8 f   common.obj
 0004:00001d41       ?Init@CAdapterCommon@@UAGJPAUIResourceList@@PAU_DEVICE_OBJECT@@@Z 00017161 f   common.obj
 0004:00003202       ??1CAdapterCommon@@UAE@XZ  00018622 f   common.obj
 0004:00003667       ?NonDelegatingQueryInterface@CAdapterCommon@@UAGJABU_GUID@@PAPAX@Z 00018a87 f   common.obj
 0004:000037be       ?WavePortDriverDest@CAdapterCommon@@UAGPAPAUIUnknown@@XZ 00018bde f   common.obj
 0004:0000385e       ?GetInterruptSync@CAdapterCommon@@UAGPAUIInterruptSync@@XZ 00018c7e f   common.obj
 0004:000038fe       ?MidiPortDriverDest@CAdapterCommon@@UAGPAPAUIUnknown@@XZ 00018d1e f   common.obj
 0004:0000399e       ?SetWaveServiceGroup@CAdapterCommon@@UAGXPAUIServiceGroup@@@Z 00018dbe f   common.obj
 0004:000040b2       ?InitHDAController@CAdapterCommon@@QAGJXZ 000194d2 f   common.obj
 0004:00005106       ?InitializeCodec@CAdapterCommon@@QAGJE@Z 0001a526 f   common.obj
 0004:0000588c       ?hda_initialize_audio_function_group@CAdapterCommon@@QAGJKK@Z 0001acac f   common.obj
 0004:0000676e       ?hda_get_node_type@CAdapterCommon@@QAGEKK@Z 0001bb8e f   common.obj
 0004:0000681e       ?hda_get_node_connection_entries@CAdapterCommon@@QAGKKKK@Z 0001bc3e f   common.obj
 0004:00006930       ?hda_enable_pin_output@CAdapterCommon@@QAGXKK@Z 0001bd50 f   common.obj
 0004:00006970       ?hda_disable_pin_output@CAdapterCommon@@QAGXKK@Z 0001bd90 f   common.obj
 0004:000069b0       ?hda_is_headphone_connected@CAdapterCommon@@QAGEXZ 0001bdd0 f   common.obj
 0004:00006ab2       ?hda_initialize_output_pin@CAdapterCommon@@QAGXK@Z 0001bed2 f   common.obj
 0004:00006ed6       ?hda_initialize_audio_output@CAdapterCommon@@QAGXK@Z 0001c2f6 f   common.obj
 0004:000072fa       ?hda_initialize_audio_mixer@CAdapterCommon@@QAGXK@Z 0001c71a f   common.obj
 0004:00007632       ?hda_initialize_audio_selector@CAdapterCommon@@QAGXK@Z 0001ca52 f   common.obj
 0004:00007938       ?CreateMiniportTopologyHDA@@YGJPAPAUIUnknown@@ABU_GUID@@PAU1@W4_POOL_TYPE@@@Z 0001cd58 f   mintopo.obj
 0004:00007aaa       ?ProcessResources@CMiniportTopologyHDA@@AAEJPAUIResourceList@@@Z 0001ceca f   mintopo.obj
 0004:00007c3a       ?NonDelegatingQueryInterface@CMiniportTopologyHDA@@UAGJABU_GUID@@PAPAX@Z 0001d05a f   mintopo.obj
 0004:00007dee       ??1CMiniportTopologyHDA@@UAE@XZ 0001d20e f   mintopo.obj
 0004:00007fc6       ?Init@CMiniportTopologyHDA@@UAGJPAUIUnknown@@PAUIResourceList@@PAUIPortTopology@@@Z 0001d3e6 f   mintopo.obj
 0004:000081da       ?GetDescription@CMiniportTopologyHDA@@UAGJPAPAUPCFILTER_DESCRIPTOR@@@Z 0001d5fa f   mintopo.obj
 0004:000099b8       ?CreateMiniportWaveCyclicHDA@@YGJPAPAUIUnknown@@ABU_GUID@@PAU1@W4_POOL_TYPE@@@Z 0001edd8 f   minwave.obj
 0004:00009c86       ?ProcessResources@CMiniportWaveCyclicHDA@@AAEJPAUIResourceList@@@Z 0001f0a6 f   minwave.obj
 0004:0000a0f2       ?ValidateFormat@CMiniportWaveCyclicHDA@@AAEJPATKSDATAFORMAT@@@Z 0001f512 f   minwave.obj
 0004:0000a31e       ?NonDelegatingQueryInterface@CMiniportWaveCyclicHDA@@UAGJABU_GUID@@PAPAX@Z 0001f73e f   minwave.obj
 0004:0000a4d2       ??1CMiniportWaveCyclicHDA@@UAE@XZ 0001f8f2 f   minwave.obj
 0004:0000a6d6       ?Init@CMiniportWaveCyclicHDA@@UAGJPAUIUnknown@@PAUIResourceList@@PAUIPortWaveCyclic@@@Z 0001faf6 f   minwave.obj
 0004:0000a96e       ?GetDescription@CMiniportWaveCyclicHDA@@UAGJPAPAUPCFILTER_DESCRIPTOR@@@Z 0001fd8e f   minwave.obj
 0004:0000ab5a       ?DataRangeIntersection@CMiniportWaveCyclicHDA@@UAGJKPATKSDATAFORMAT@@0KPAXPAK@Z 0001ff7a f   minwave.obj
 0004:0000b15a       ?NewStream@CMiniportWaveCyclicHDA@@UAGJPAPAUIMiniportWaveCyclicStream@@PAUIUnknown@@W4_POOL_TYPE@@KEPATKSDATAFORMAT@@PAPAUIDmaChannel@@PAPAUIServiceGroup@@@Z 0002057a f   minwave.obj
 0004:0000b4f2       ?NonDelegatingQueryInterface@CMiniportWaveCyclicStreamHDA@@UAGJABU_GUID@@PAPAX@Z 00020912 f   minwave.obj
 0004:0000b69e       ??1CMiniportWaveCyclicStreamHDA@@UAE@XZ 00020abe f   minwave.obj
 0004:0000b910       ?Init@CMiniportWaveCyclicStreamHDA@@QAEJPAVCMiniportWaveCyclicHDA@@KEPATKSDATAFORMAT@@PAUIDmaChannel@@@Z 00020d30 f   minwave.obj
 0004:0000bb82       ?SetNotificationFreq@CMiniportWaveCyclicStreamHDA@@UAGKKPAK@Z 00020fa2 f   minwave.obj
 0004:0000bd16       ?SetFormat@CMiniportWaveCyclicStreamHDA@@UAGJPATKSDATAFORMAT@@@Z 00021136 f   minwave.obj
 0004:0000bf5e       ?SetState@CMiniportWaveCyclicStreamHDA@@UAGJW4KSSTATE@@@Z 0002137e f   minwave.obj
 0005:0000003e       _DriverEntry@8             000214de f   adapter.obj
 0005:000000ac       __IMPORT_DESCRIPTOR_ntoskrnl 0002154c     ntoskrnl:ntoskrnl.exe
 0005:000000c0       __IMPORT_DESCRIPTOR_HAL    00021560     hal:HAL.dll
 0005:000000d4       __IMPORT_DESCRIPTOR_portcls 00021574     portcls:portcls.sys
 0005:000000e8       __NULL_IMPORT_DESCRIPTOR   00021588     ntoskrnl:ntoskrnl.exe

 entry point at        0005:0000003e

 Static symbols

 0004:0000832e       ?PropertyHandler_OnOff@@YGJPAU_PCPROPERTY_REQUEST@@@Z 0001d74e f   mintopo.obj
 0004:00008746       ?PropertyHandler_SuperMixCaps@@YGJPAU_PCPROPERTY_REQUEST@@@Z 0001db66 f   mintopo.obj
 0004:00008d56       ?PropertyHandler_SuperMixTable@@YGJPAU_PCPROPERTY_REQUEST@@@Z 0001e176 f   mintopo.obj
 0004:00009486       ?PropertyHandler_CpuResources@@YGJPAU_PCPROPERTY_REQUEST@@@Z 0001e8a6 f   mintopo.obj
 0001:00002fce       ?PropertyHandler_Level@@YGJPAU_PCPROPERTY_REQUEST@@@Z 000132ae f   mintopo.obj
 0004:000096e6       ?BasicSupportHandler@@YGJPAU_PCPROPERTY_REQUEST@@@Z 0001eb06 f   mintopo.obj

 318 bytes saved through ICF

