 HDA

 Timestamp is 68e96f90 (Fri Oct 10 13:41:52 2025)

 Preferred load address is 00010000

 Start         Length     Name                   Class
 0001:00000000 00001627H .text                   CODE
 0002:00000000 00000080H .idata$5                DATA
 0002:00000080 000005a3H .rdata                  DATA
 0003:00000000 00000cf8H .data                   DATA
 0003:00000cf8 00000010H .bss                    DATA
 0004:00000000 000077aaH PAGE                    CODE
 0005:00000000 000000a9H INIT                    CODE
 0005:000000ac 0000003cH .idata$2                CODE
 0005:000000e8 00000014H .idata$3                CODE
 0005:000000fc 00000080H .idata$4                CODE
 0005:0000017c 00000272H .idata$6                CODE
 0006:00000000 00000058H .rsrc$01                DATA
 0006:00000060 00000338H .rsrc$02                DATA

  Address         Publics by Value              Rva+Base     Lib:Object

 0001:00000000       ??3@YAXPAX@Z               000102e0 f i common.obj
 0001:00000010       ??2@YGPAXIW4_POOL_TYPE@@K@Z 000102f0 f i common.obj
 0001:00000050       ??0CAdapterCommon@@QAE@PAUIUnknown@@@Z 00010330 f i common.obj
 0001:000000a0       ?QueryInterface@CAdapterCommon@@UAGJABU_GUID@@PAPAX@Z 00010380 f i common.obj
 0001:000000d0       ?GetOuterUnknown@CUnknown@@QAEPAUIUnknown@@XZ 000103b0 f i common.obj
 0001:000000f0       ?AddRef@CAdapterCommon@@UAGKXZ 000103d0 f i common.obj
 0001:00000120       ?Release@CAdapterCommon@@UAGKXZ 00010400 f i common.obj
 0001:00000150       ??_ECAdapterCommon@@UAEPAXI@Z 00010430 f i common.obj
 0001:00000150       ??_GCAdapterCommon@@UAEPAXI@Z 00010430 f i common.obj
 0001:00000190       _IsEqualGUIDAligned@8      00010470 f i common.obj
 0001:0000028c       ?ReadController@CAdapterCommon@@UAGEXZ 0001056c f   common.obj
 0001:000003de       ?WriteController@CAdapterCommon@@UAGEE@Z 000106be f   common.obj
 0001:000004dc       ?MixerRegWrite@CAdapterCommon@@UAGXEE@Z 000107bc f   common.obj
 0001:00000590       ?MixerRegRead@CAdapterCommon@@UAGEE@Z 00010870 f   common.obj
 0001:000005dc       ?MixerReset@CAdapterCommon@@UAGXXZ 000108bc f   common.obj
 0001:0000065c       ?AcknowledgeIRQ@CAdapterCommon@@AAEXXZ 0001093c f   common.obj
 0001:000006b0       ?ResetController@CAdapterCommon@@UAGJXZ 00010990 f   common.obj
 0001:0000077a       ?RestoreMixerSettingsFromRegistry@CAdapterCommon@@UAGJXZ 00010a5a f   common.obj
 0001:000009f6       ?SaveMixerSettingsToRegistry@CAdapterCommon@@UAGJXZ 00010cd6 f   common.obj
 0001:00000bbe       ?PowerChangeState@CAdapterCommon@@UAGXT_POWER_STATE@@@Z 00010e9e f   common.obj
 0001:00000d3a       ?QueryPowerChangeState@CAdapterCommon@@UAGJT_POWER_STATE@@@Z 0001101a f   common.obj
 0001:00000dbe       ?QueryDeviceCapabilities@CAdapterCommon@@UAGJPAU_DEVICE_CAPABILITIES@@@Z 0001109e f   common.obj
 0001:00000e9e       ?InterruptServiceRoutine@@YGJPAUIInterruptSync@@PAX@Z 0001117e f   common.obj
 0001:00000f80       ?QueryInterface@CAdapterCommon@@W3AGJABU_GUID@@PAPAX@Z 00011260 f i common.obj
 0001:00000f90       ?AddRef@CAdapterCommon@@W3AGKXZ 00011270 f i common.obj
 0001:00000fa0       ?Release@CAdapterCommon@@W3AGKXZ 00011280 f i common.obj
 0001:00000fb0       ??0CMiniportTopologyHDA@@QAE@PAUIUnknown@@@Z 00011290 f i mintopo.obj
 0001:00000ff0       ?AddRef@CMiniportWaveCyclicHDA@@UAGKXZ 000112d0 f i mintopo.obj
 0001:00000ff0       ?AddRef@CMiniportTopologyHDA@@UAGKXZ 000112d0 f i mintopo.obj
 0001:00000ff0       ?AddRef@CMiniportWaveCyclicStreamHDA@@UAGKXZ 000112d0 f i mintopo.obj
 0001:00001020       ?Release@CMiniportWaveCyclicStreamHDA@@UAGKXZ 00011300 f i mintopo.obj
 0001:00001020       ?Release@CMiniportTopologyHDA@@UAGKXZ 00011300 f i mintopo.obj
 0001:00001020       ?Release@CMiniportWaveCyclicHDA@@UAGKXZ 00011300 f i mintopo.obj
 0001:00001050       ?DataRangeIntersection@CMiniportTopologyHDA@@UAGJKPATKSDATAFORMAT@@0KPAXPAK@Z 00011330 f i mintopo.obj
 0001:00001060       ??_GCMiniportTopologyHDA@@UAEPAXI@Z 00011340 f i mintopo.obj
 0001:00001060       ??_ECMiniportTopologyHDA@@UAEPAXI@Z 00011340 f i mintopo.obj
 0001:000010a0       ??0IMiniportWaveCyclic@@QAE@XZ 00011380 f i mintopo.obj
 0001:000010a0       ??0IMiniportTopology@@QAE@XZ 00011380 f i mintopo.obj
 0001:000010c0       ??0IAdapterCommon@@QAE@XZ  000113a0 f i mintopo.obj
 0001:000010c0       ??0IMiniport@@QAE@XZ       000113a0 f i mintopo.obj
 0001:000010c0       ??0IMiniportWaveCyclicStream@@QAE@XZ 000113a0 f i mintopo.obj
 0001:000010c0       ??0IAdapterPowerManagement@@QAE@XZ 000113a0 f i mintopo.obj
 0001:000010e0       ??0CMiniportWaveCyclicHDA@@QAE@PAUIUnknown@@@Z 000113c0 f i minwave.obj
 0001:00001120       ??_GCMiniportWaveCyclicHDA@@UAEPAXI@Z 00011400 f i minwave.obj
 0001:00001120       ??_ECMiniportWaveCyclicHDA@@UAEPAXI@Z 00011400 f i minwave.obj
 0001:00001160       ??2@YGPAXIW4_POOL_TYPE@@@Z 00011440 f i minwave.obj
 0001:000011b0       ??0CMiniportWaveCyclicStreamHDA@@QAE@PAUIUnknown@@@Z 00011490 f i minwave.obj
 0001:000011f0       ?QueryInterface@CMiniportWaveCyclicHDA@@UAGJABU_GUID@@PAPAX@Z 000114d0 f i minwave.obj
 0001:000011f0       ?QueryInterface@CMiniportWaveCyclicStreamHDA@@UAGJABU_GUID@@PAPAX@Z 000114d0 f i minwave.obj
 0001:000011f0       ?QueryInterface@CMiniportTopologyHDA@@UAGJABU_GUID@@PAPAX@Z 000114d0 f i minwave.obj
 0001:00001220       ??_GCMiniportWaveCyclicStreamHDA@@UAEPAXI@Z 00011500 f i minwave.obj
 0001:00001220       ??_ECMiniportWaveCyclicStreamHDA@@UAEPAXI@Z 00011500 f i minwave.obj
 0001:000012a7       ?GetPosition@CMiniportWaveCyclicStreamHDA@@UAGJPAK@Z 00011587 f   minwave.obj
 0001:00001350       ?NormalizePhysicalPosition@CMiniportWaveCyclicStreamHDA@@UAGJPA_J@Z 00011630 f   minwave.obj
 0001:000013b0       ?Silence@CMiniportWaveCyclicStreamHDA@@UAGXPAXK@Z 00011690 f   minwave.obj
 0001:000013ee       _DbgPrint                  000116ce f   ntoskrnl:ntoskrnl.exe
 0001:000013f4       _DbgBreakPoint@0           000116d4 f   ntoskrnl:ntoskrnl.exe
 0001:000013fa       __alldiv                   000116da f   ntoskrnl:ntoskrnl.exe
 0001:00001400       __allmul                   000116e0 f   ntoskrnl:ntoskrnl.exe
 0001:00001406       _PcInitializeAdapterDriver@12 000116e6 f   portcls:portcls.sys
 0001:0000140c       _PcAddAdapterDevice@20     000116ec f   portcls:portcls.sys
 0001:00001412       _PcRegisterSubdevice@12    000116f2 f   portcls:portcls.sys
 0001:00001418       _PcNewMiniport@8           000116f8 f   portcls:portcls.sys
 0001:0000141e       _PcNewPort@8               000116fe f   portcls:portcls.sys
 0001:00001424       _PcRegisterPhysicalConnection@20 00011704 f   portcls:portcls.sys
 0001:0000142a       _PcRegisterAdapterPowerManagement@8 0001170a f   portcls:portcls.sys
 0001:00001430       _PcNewResourceSublist@20   00011710 f   portcls:portcls.sys
 0001:00001436       _PcNewInterruptSync@20     00011716 f   portcls:portcls.sys
 0001:0000143c       _PcGetTimeInterval@8       0001171c f   portcls:portcls.sys
 0001:00001442       _PcNewRegistryKey@36       00011722 f   portcls:portcls.sys
 0001:00001448       _PcNewServiceGroup@8       00011728 f   portcls:portcls.sys
 0001:00001450       ??0CUnknown@@QAE@PAUIUnknown@@@Z 00011730 f   stdunk:stdunk.obj
 0001:000014a0       ??_ECUnknown@@UAEPAXI@Z    00011780 f i stdunk:stdunk.obj
 0001:000014a0       ??_GCUnknown@@UAEPAXI@Z    00011780 f i stdunk:stdunk.obj
 0001:000014d0       ??0IUnknown@@QAE@XZ        000117b0 f i stdunk:stdunk.obj
 0001:000014d0       ??0INonDelegatingUnknown@@QAE@XZ 000117b0 f i stdunk:stdunk.obj
 0001:000014e0       ??1CUnknown@@UAE@XZ        000117c0 f   stdunk:stdunk.obj
 0001:00001500       ?NonDelegatingAddRef@CUnknown@@UAGKXZ 000117e0 f   stdunk:stdunk.obj
 0001:00001540       ?NonDelegatingRelease@CUnknown@@UAGKXZ 00011820 f   stdunk:stdunk.obj
 0001:000015c0       ?NonDelegatingQueryInterface@CUnknown@@UAGJABU_GUID@@PAPAX@Z 000118a0 f   stdunk:stdunk.obj
 0002:00000000       __imp__WRITE_PORT_UCHAR@8  00011920     hal:HAL.dll
 0002:00000004       __imp__READ_PORT_UCHAR@4   00011924     hal:HAL.dll
 0002:00000008       __imp__KeStallExecutionProcessor@4 00011928     hal:HAL.dll
 0002:0000000c       __imp__KeGetCurrentIrql@0  0001192c     hal:HAL.dll
 0002:00000010       \177HAL_NULL_THUNK_DATA    00011930     hal:HAL.dll
 0002:00000014       __imp__KeInitializeMutex@8 00011934     ntoskrnl:ntoskrnl.exe
 0002:00000018       __imp__DbgBreakPoint@0     00011938     ntoskrnl:ntoskrnl.exe
 0002:0000001c       __imp__ExAllocatePoolWithTag@12 0001193c     ntoskrnl:ntoskrnl.exe
 0002:00000020       __imp___alldiv             00011940     ntoskrnl:ntoskrnl.exe
 0002:00000024       __imp___allmul             00011944     ntoskrnl:ntoskrnl.exe
 0002:00000028       __imp__RtlInitUnicodeString@8 00011948     ntoskrnl:ntoskrnl.exe
 0002:0000002c       __imp__ExFreePool@4        0001194c     ntoskrnl:ntoskrnl.exe
 0002:00000030       __imp__KeReleaseMutex@8    00011950     ntoskrnl:ntoskrnl.exe
 0002:00000034       __imp__KeWaitForSingleObject@20 00011954     ntoskrnl:ntoskrnl.exe
 0002:00000038       __imp__RtlAssert@16        00011958     ntoskrnl:ntoskrnl.exe
 0002:0000003c       __imp__DbgPrint            0001195c     ntoskrnl:ntoskrnl.exe
 0002:00000040       __imp_@InterlockedIncrement@4 00011960     ntoskrnl:ntoskrnl.exe
 0002:00000044       __imp_@InterlockedDecrement@4 00011964     ntoskrnl:ntoskrnl.exe
 0002:00000048       \177ntoskrnl_NULL_THUNK_DATA 00011968     ntoskrnl:ntoskrnl.exe
 0002:0000004c       __imp__PcNewMiniport@8     0001196c     portcls:portcls.sys
 0002:00000050       __imp__PcNewPort@8         00011970     portcls:portcls.sys
 0002:00000054       __imp__PcRegisterPhysicalConnection@20 00011974     portcls:portcls.sys
 0002:00000058       __imp__PcRegisterSubdevice@12 00011978     portcls:portcls.sys
 0002:0000005c       __imp__PcAddAdapterDevice@20 0001197c     portcls:portcls.sys
 0002:00000060       __imp__PcRegisterAdapterPowerManagement@8 00011980     portcls:portcls.sys
 0002:00000064       __imp__PcNewInterruptSync@20 00011984     portcls:portcls.sys
 0002:00000068       __imp__PcGetTimeInterval@8 00011988     portcls:portcls.sys
 0002:0000006c       __imp__PcNewRegistryKey@36 0001198c     portcls:portcls.sys
 0002:00000070       __imp__PcNewServiceGroup@8 00011990     portcls:portcls.sys
 0002:00000074       __imp__PcInitializeAdapterDriver@12 00011994     portcls:portcls.sys
 0002:00000078       __imp__PcNewResourceSublist@20 00011998     portcls:portcls.sys
 0002:0000007c       \177portcls_NULL_THUNK_DATA 0001199c     portcls:portcls.sys
 0002:000000f0       _IID_IAdapterCommon        00011a10     adapter.obj
 0002:00000100       _CLSID_MiniportDriverFmSynth 00011a20     adapter.obj
 0002:00000110       _CLSID_PortWaveCyclic      00011a30     adapter.obj
 0002:00000120       _CLSID_PortTopology        00011a40     adapter.obj
 0002:00000130       _CLSID_PortMidi            00011a50     adapter.obj
 0002:00000140       _IID_IAdapterPowerManagment 00011a60     adapter.obj
 0002:00000150       _IID_IMiniportWaveCyclicStream 00011a70     adapter.obj
 0002:00000160       _IID_IMiniportWaveCyclic   00011a80     adapter.obj
 0002:00000170       _IID_IPortWaveCyclic       00011a90     adapter.obj
 0002:00000180       _IID_IMiniportTopology     00011aa0     adapter.obj
 0002:00000190       _IID_IMiniport             00011ab0     adapter.obj
 0002:000001a0       _IID_IUnknown              00011ac0     adapter.obj
 0002:000001b0       ??_C@_1BE@ENEK@?$AAR?$AAi?$AAg?$AAh?$AAt?$AAB?$AAa?$AAs?$AAs?$AA?$AA@ 00011ad0     common.obj
 0002:000001c4       ??_C@_1BC@JMJO@?$AAL?$AAe?$AAf?$AAt?$AAB?$AAa?$AAs?$AAs?$AA?$AA@ 00011ae4     common.obj
 0002:000001d8       ??_C@_1BI@KGAJ@?$AAR?$AAi?$AAg?$AAh?$AAt?$AAT?$AAr?$AAe?$AAb?$AAl?$AAe?$AA?$AA@ 00011af8     common.obj
 0002:000001f0       ??_C@_1BG@BGGD@?$AAL?$AAe?$AAf?$AAt?$AAT?$AAr?$AAe?$AAb?$AAl?$AAe?$AA?$AA@ 00011b10     common.obj
 0002:00000208       ??_C@_1O@IECC@?$AAM?$AAi?$AAc?$AAA?$AAG?$AAC?$AA?$AA@ 00011b28     common.obj
 0002:00000218       ??_C@_1CA@EJHI@?$AAR?$AAi?$AAg?$AAh?$AAt?$AAO?$AAu?$AAt?$AAp?$AAu?$AAt?$AAG?$AAa?$AAi?$AAn?$AA?$AA@ 00011b38     common.obj
 0002:00000238       ??_C@_1BO@PPLI@?$AAL?$AAe?$AAf?$AAt?$AAO?$AAu?$AAt?$AAp?$AAu?$AAt?$AAG?$AAa?$AAi?$AAn?$AA?$AA@ 00011b58     common.obj
 0002:00000258       ??_C@_1BO@PMCJ@?$AAR?$AAi?$AAg?$AAh?$AAt?$AAI?$AAn?$AAp?$AAu?$AAt?$AAG?$AAa?$AAi?$AAn?$AA?$AA@ 00011b78     common.obj
 0002:00000278       ??_C@_1BM@CFEM@?$AAL?$AAe?$AAf?$AAt?$AAI?$AAn?$AAp?$AAu?$AAt?$AAG?$AAa?$AAi?$AAn?$AA?$AA@ 00011b98     common.obj
 0002:00000294       ??_C@_1CA@CIKM@?$AAR?$AAi?$AAg?$AAh?$AAt?$AAI?$AAn?$AAp?$AAu?$AAt?$AAM?$AAi?$AAx?$AAe?$AAr?$AA?$AA@ 00011bb4     common.obj
 0002:000002b4       ??_C@_1BO@JOGM@?$AAL?$AAe?$AAf?$AAt?$AAI?$AAn?$AAp?$AAu?$AAt?$AAM?$AAi?$AAx?$AAe?$AAr?$AA?$AA@ 00011bd4     common.obj
 0002:000002d4       ??_C@_1BI@BMOJ@?$AAO?$AAu?$AAt?$AAp?$AAu?$AAt?$AAM?$AAi?$AAx?$AAe?$AAr?$AA?$AA@ 00011bf4     common.obj
 0002:000002ec       ??_C@_1BE@GLOL@?$AAP?$AAc?$AAS?$AAp?$AAk?$AAr?$AAV?$AAo?$AAl?$AA?$AA@ 00011c0c     common.obj
 0002:00000300       ??_C@_1O@MNBB@?$AAM?$AAi?$AAc?$AAV?$AAo?$AAl?$AA?$AA@ 00011c20     common.obj
 0002:00000310       ??_C@_1BO@HCKE@?$AAR?$AAi?$AAg?$AAh?$AAt?$AAL?$AAi?$AAn?$AAe?$AAI?$AAn?$AAV?$AAo?$AAl?$AA?$AA@ 00011c30     common.obj
 0002:00000330       ??_C@_1BM@KLMB@?$AAL?$AAe?$AAf?$AAt?$AAL?$AAi?$AAn?$AAe?$AAI?$AAn?$AAV?$AAo?$AAl?$AA?$AA@ 00011c50     common.obj
 0002:0000034c       ??_C@_1BG@COJL@?$AAR?$AAi?$AAg?$AAh?$AAt?$AAC?$AAD?$AAV?$AAo?$AAl?$AA?$AA@ 00011c6c     common.obj
 0002:00000364       ??_C@_1BE@KMKA@?$AAL?$AAe?$AAf?$AAt?$AAC?$AAD?$AAV?$AAo?$AAl?$AA?$AA@ 00011c84     common.obj
 0002:00000378       ??_C@_1BK@JCIM@?$AAR?$AAi?$AAg?$AAh?$AAt?$AAM?$AAi?$AAd?$AAi?$AAV?$AAo?$AAl?$AA?$AA@ 00011c98     common.obj
 0002:00000394       ??_C@_1BI@KBIJ@?$AAL?$AAe?$AAf?$AAt?$AAM?$AAi?$AAd?$AAi?$AAV?$AAo?$AAl?$AA?$AA@ 00011cb4     common.obj
 0002:000003ac       ??_C@_1BK@MFCG@?$AAR?$AAi?$AAg?$AAh?$AAt?$AAW?$AAa?$AAv?$AAe?$AAV?$AAo?$AAl?$AA?$AA@ 00011ccc     common.obj
 0002:000003c8       ??_C@_1BI@PGCD@?$AAL?$AAe?$AAf?$AAt?$AAW?$AAa?$AAv?$AAe?$AAV?$AAo?$AAl?$AA?$AA@ 00011ce8     common.obj
 0002:000003e0       ??_C@_1BO@NHA@?$AAR?$AAi?$AAg?$AAh?$AAt?$AAM?$AAa?$AAs?$AAt?$AAe?$AAr?$AAV?$AAo?$AAl?$AA?$AA@ 00011d00     common.obj
 0002:00000400       ??_C@_1BM@NEBF@?$AAL?$AAe?$AAf?$AAt?$AAM?$AAa?$AAs?$AAt?$AAe?$AAr?$AAV?$AAo?$AAl?$AA?$AA@ 00011d20     common.obj
 0002:0000041c       ??_7CAdapterCommon@@6BCUnknown@@@ 00011d3c     common.obj
 0002:0000042c       ??_7CAdapterCommon@@6BIAdapterPowerManagement@@@ 00011d4c     common.obj
 0002:00000444       ??_7CAdapterCommon@@6BIAdapterCommon@@@ 00011d64     common.obj
 0002:00000550       ??_7CMiniportTopologyHDA@@6BCUnknown@@@ 00011e70     mintopo.obj
 0002:00000560       ??_7CMiniportTopologyHDA@@6BIMiniportTopology@@@ 00011e80     mintopo.obj
 0002:00000578       ??_7CMiniportWaveCyclicHDA@@6BCUnknown@@@ 00011e98     minwave.obj
 0002:00000588       ??_7CMiniportWaveCyclicHDA@@6BIMiniportWaveCyclic@@@ 00011ea8     minwave.obj
 0002:000005a4       ??_7CMiniportWaveCyclicStreamHDA@@6BCUnknown@@@ 00011ec4     minwave.obj
 0002:000005b4       ??_7CMiniportWaveCyclicStreamHDA@@6BIMiniportWaveCyclicStream@@@ 00011ed4     minwave.obj
 0002:000005d8       ??_7CUnknown@@6B@          00011ef8     stdunk:stdunk.obj
 0002:000005e8       ??_C@_0BB@CHNF@m_lRefCount?5?$DO?$DN?50?$AA@ 00011f08     stdunk:stdunk.obj
 0002:000005fc       ??_C@_0N@DIKJ@?4?2stdunk?4cpp?$AA@ 00011f1c     stdunk:stdunk.obj
 0002:0000060c       ??_C@_0BA@HPDB@m_lRefCount?5?$DO?50?$AA@ 00011f2c     stdunk:stdunk.obj
 0002:0000061c       ??_C@_06DPDC@ppVoid?$AA@   00011f3c     stdunk:stdunk.obj
 0003:00000000       ?ulDebugOut@@3KA           00011f60     adapter.obj
 0003:00000008       __GUID_b7902fe9_fb0a_11d1_81b0_0060083316c1 00011f68     adapter.obj
 0003:00000018       __GUID_d3f0ce1c_fffc_11d1_81b0_0060083316c1 00011f78     adapter.obj
 0003:00000028       __GUID_c096df9c_fb09_11d1_81b0_0060083316c1 00011f88     adapter.obj
 0003:000007f0       __GUID_185fedf6_9905_11d1_95a9_00c04fb925d3 00012750     mintopo.obj
 0003:00000800       __GUID_185fedef_9905_11d1_95a9_00c04fb925d3 00012760     mintopo.obj
 0003:00000810       __GUID_185fede1_9905_11d1_95a9_00c04fb925d3 00012770     mintopo.obj
 0003:00000820       __GUID_185fede0_9905_11d1_95a9_00c04fb925d3 00012780     mintopo.obj
 0003:00000830       __GUID_7607e580_c557_11d0_8a2b_00a0c9255ac1 00012790     mintopo.obj
 0003:00000840       __GUID_185fede3_9905_11d1_95a9_00c04fb925d3 000127a0     mintopo.obj
 0003:00000850       __GUID_da441a60_c556_11d0_8a2b_00a0c9255ac1 000127b0     mintopo.obj
 0003:00000860       __GUID_185fedee_9905_11d1_95a9_00c04fb925d3 000127c0     mintopo.obj
 0003:00000870       __GUID_02b223c0_c557_11d0_8a2b_00a0c9255ac1 000127d0     mintopo.obj
 0003:00000880       __GUID_185feded_9905_11d1_95a9_00c04fb925d3 000127e0     mintopo.obj
 0003:00000890       __GUID_e88c9ba0_c557_11d0_8a2b_00a0c9255ac1 000127f0     mintopo.obj
 0003:000008a0       __GUID_185fedec_9905_11d1_95a9_00c04fb925d3 00012800     mintopo.obj
 0003:000008b0       __GUID_185fedeb_9905_11d1_95a9_00c04fb925d3 00012810     mintopo.obj
 0003:000008c0       __GUID_185fedea_9905_11d1_95a9_00c04fb925d3 00012820     mintopo.obj
 0003:000008d0       __GUID_185fede9_9905_11d1_95a9_00c04fb925d3 00012830     mintopo.obj
 0003:000008e0       __GUID_185fede8_9905_11d1_95a9_00c04fb925d3 00012840     mintopo.obj
 0003:000008f0       __GUID_e573adc0_c555_11d0_8a2b_00a0c9255ac1 00012850     mintopo.obj
 0003:00000900       __GUID_185fede7_9905_11d1_95a9_00c04fb925d3 00012860     mintopo.obj
 0003:00000910       __GUID_185fede5_9905_11d1_95a9_00c04fb925d3 00012870     mintopo.obj
 0003:00000920       __GUID_3a5acc00_c557_11d0_8a2b_00a0c9255ac1 00012880     mintopo.obj
 0003:00000930       __GUID_45ffaaa0_6e1b_11d0_bcf2_444553540000 00012890     mintopo.obj
 0003:00000940       __GUID_6994ad04_93ef_11d0_a3cc_00a0c9223196 000128a0     mintopo.obj
 0003:00000950       __GUID_185fedf7_9905_11d1_95a9_00c04fb925d3 000128b0     mintopo.obj
 0003:00000960       __GUID_dff21ce1_f70f_11d0_b917_00a0c9223196 000128c0     mintopo.obj
 0003:00000970       __GUID_dff21be1_f70f_11d0_b917_00a0c9223196 000128d0     mintopo.obj
 0003:00000980       __GUID_185fedf9_9905_11d1_95a9_00c04fb925d3 000128e0     mintopo.obj
 0003:00000990       __GUID_dff21fe3_f70f_11d0_b917_00a0c9223196 000128f0     mintopo.obj
 0003:000009a0       __GUID_185fedfb_9905_11d1_95a9_00c04fb925d3 00012900     mintopo.obj
 0003:000009b0       __GUID_dff220e3_f70f_11d0_b917_00a0c9223196 00012910     mintopo.obj
 0003:000009c0       __GUID_185fedf8_9905_11d1_95a9_00c04fb925d3 00012920     mintopo.obj
 0003:000009d0       __GUID_dff220f3_f70f_11d0_b917_00a0c9223196 00012930     mintopo.obj
 0003:000009e0       __GUID_dff21fe4_f70f_11d0_b917_00a0c9223196 00012940     mintopo.obj
 0003:000009f0       __GUID_97e99ba0_bdea_11cf_a5d6_28db04c10000 00012950     mintopo.obj
 0003:00000c68       __GUID_507ae360_c554_11d0_8a2b_00a0c9255ac1 00012bc8     minwave.obj
 0003:00000c78       __GUID_4d837fe0_c555_11d0_8a2b_00a0c9255ac1 00012bd8     minwave.obj
 0003:00000c88       __GUID_185fedfa_9905_11d1_95a9_00c04fb925d3 00012be8     minwave.obj
 0003:00000c98       __GUID_fb6c4281_0353_11d1_905f_0000c0cc16ba 00012bf8     minwave.obj
 0003:00000ca8       __GUID_05589f81_c356_11ce_bf01_00aa0055595a 00012c08     minwave.obj
 0003:00000cb8       __GUID_00000001_0000_0010_8000_00aa00389b71 00012c18     minwave.obj
 0003:00000cc8       __GUID_73647561_0000_0010_8000_00aa00389b71 00012c28     minwave.obj
 0003:00000cd8       __GUID_518590a2_a184_11d0_8522_00c04fd9baf3 00012c38     minwave.obj
 0003:00000ce8       __GUID_0f6417d6_c318_11d0_a43f_00a0c9223196 00012c48     minwave.obj
 0003:00000cf8       __GUID_00000000_0000_0000_0000_000000000000 00012c58     adapter.obj
 0004:0000003e       _AddDevice@8               00012cbe f   adapter.obj
 0004:0000026a       ?InstallSubdevice@@YGJPAU_DEVICE_OBJECT@@PAU_IRP@@PAGABU_GUID@@3P6GJPAPAUIUnknown@@3PAU4@W4_POOL_TYPE@@@Z5PAUIResourceList@@344@Z 00012eea f   adapter.obj
 0004:0000066e       ?StartDevice@@YGJPAU_DEVICE_OBJECT@@PAU_IRP@@PAUIResourceList@@@Z 000132ee f   adapter.obj
 0004:00000e6e       ?AssignResources@@YGJPAUIResourceList@@PAPAU1@11111@Z 00013aee f   adapter.obj
 0004:000014d8       ?NewAdapterCommon@@YGJPAPAUIUnknown@@ABU_GUID@@PAU1@W4_POOL_TYPE@@@Z 00014158 f   common.obj
 0004:0000173e       ?Init@CAdapterCommon@@UAGJPAUIResourceList@@PAU_DEVICE_OBJECT@@@Z 000143be f   common.obj
 0004:00001a86       ??1CAdapterCommon@@UAE@XZ  00014706 f   common.obj
 0004:00001c27       ?NonDelegatingQueryInterface@CAdapterCommon@@UAGJABU_GUID@@PAPAX@Z 000148a7 f   common.obj
 0004:00001d7e       ?WavePortDriverDest@CAdapterCommon@@UAGPAPAUIUnknown@@XZ 000149fe f   common.obj
 0004:00001e1e       ?GetInterruptSync@CAdapterCommon@@UAGPAUIInterruptSync@@XZ 00014a9e f   common.obj
 0004:00001ebe       ?MidiPortDriverDest@CAdapterCommon@@UAGPAPAUIUnknown@@XZ 00014b3e f   common.obj
 0004:00001f20       ?SetWaveServiceGroup@CAdapterCommon@@UAGXPAUIServiceGroup@@@Z 00014ba0 f   common.obj
 0004:00001fc8       ?CreateMiniportTopologyHDA@@YGJPAPAUIUnknown@@ABU_GUID@@PAU1@W4_POOL_TYPE@@@Z 00014c48 f   mintopo.obj
 0004:00002172       ?ProcessResources@CMiniportTopologyHDA@@AAEJPAUIResourceList@@@Z 00014df2 f   mintopo.obj
 0004:0000236a       ?NonDelegatingQueryInterface@CMiniportTopologyHDA@@UAGJABU_GUID@@PAPAX@Z 00014fea f   mintopo.obj
 0004:0000250e       ??1CMiniportTopologyHDA@@UAE@XZ 0001518e f   mintopo.obj
 0004:000026e6       ?Init@CMiniportTopologyHDA@@UAGJPAUIUnknown@@PAUIResourceList@@PAUIPortTopology@@@Z 00015366 f   mintopo.obj
 0004:0000291a       ?GetDescription@CMiniportTopologyHDA@@UAGJPAPAUPCFILTER_DESCRIPTOR@@@Z 0001559a f   mintopo.obj
 0004:00004790       ?ReadBitsFromMixer@CMiniportTopologyHDA@@AAEEEEE@Z 00017410 f   mintopo.obj
 0004:000047e0       ?ThisManyOnes@@YGEE@Z      00017460 f i mintopo.obj
 0004:00004800       ?WriteBitsToMixer@CMiniportTopologyHDA@@AAEXEEEE@Z 00017480 f   mintopo.obj
 0004:000048f8       ?CreateMiniportWaveCyclicHDA@@YGJPAPAUIUnknown@@ABU_GUID@@PAU1@W4_POOL_TYPE@@@Z 00017578 f   minwave.obj
 0004:00004a24       ?MapUsingTable@@YGHKPAKK@Z 000176a4 f   minwave.obj
 0004:00004b4a       ?ConfigureDevice@CMiniportWaveCyclicHDA@@AAEEKKK@Z 000177ca f   minwave.obj
 0004:00004eaa       ?ProcessResources@CMiniportWaveCyclicHDA@@AAEJPAUIResourceList@@@Z 00017b2a f   minwave.obj
 0004:00005422       ?ValidateFormat@CMiniportWaveCyclicHDA@@AAEJPATKSDATAFORMAT@@@Z 000180a2 f   minwave.obj
 0004:0000563e       ?NonDelegatingQueryInterface@CMiniportWaveCyclicHDA@@UAGJABU_GUID@@PAPAX@Z 000182be f   minwave.obj
 0004:000057f2       ??1CMiniportWaveCyclicHDA@@UAE@XZ 00018472 f   minwave.obj
 0004:00005a06       ?Init@CMiniportWaveCyclicHDA@@UAGJPAUIUnknown@@PAUIResourceList@@PAUIPortWaveCyclic@@@Z 00018686 f   minwave.obj
 0004:00005c9e       ?GetDescription@CMiniportWaveCyclicHDA@@UAGJPAPAUPCFILTER_DESCRIPTOR@@@Z 0001891e f   minwave.obj
 0004:00005e7a       ?DataRangeIntersection@CMiniportWaveCyclicHDA@@UAGJKPATKSDATAFORMAT@@0KPAXPAK@Z 00018afa f   minwave.obj
 0004:0000646a       ?NewStream@CMiniportWaveCyclicHDA@@UAGJPAPAUIMiniportWaveCyclicStream@@PAUIUnknown@@W4_POOL_TYPE@@KEPATKSDATAFORMAT@@PAPAUIDmaChannel@@PAPAUIServiceGroup@@@Z 000190ea f   minwave.obj
 0004:00006802       ?NonDelegatingQueryInterface@CMiniportWaveCyclicStreamHDA@@UAGJABU_GUID@@PAPAX@Z 00019482 f   minwave.obj
 0004:0000699e       ??1CMiniportWaveCyclicStreamHDA@@UAE@XZ 0001961e f   minwave.obj
 0004:00006c10       ?Init@CMiniportWaveCyclicStreamHDA@@QAEJPAVCMiniportWaveCyclicHDA@@KEPATKSDATAFORMAT@@PAUIDmaChannelSlave@@@Z 00019890 f   minwave.obj
 0004:00006e82       ?SetNotificationFreq@CMiniportWaveCyclicStreamHDA@@UAGKKPAK@Z 00019b02 f   minwave.obj
 0004:00007016       ?SetFormat@CMiniportWaveCyclicStreamHDA@@UAGJPATKSDATAFORMAT@@@Z 00019c96 f   minwave.obj
 0004:000072da       ?SetState@CMiniportWaveCyclicStreamHDA@@UAGJW4KSSTATE@@@Z 00019f5a f   minwave.obj
 0005:0000003e       _DriverEntry@8             0001a47e f   adapter.obj
 0005:000000ac       __IMPORT_DESCRIPTOR_ntoskrnl 0001a4ec     ntoskrnl:ntoskrnl.exe
 0005:000000c0       __IMPORT_DESCRIPTOR_HAL    0001a500     hal:HAL.dll
 0005:000000d4       __IMPORT_DESCRIPTOR_portcls 0001a514     portcls:portcls.sys
 0005:000000e8       __NULL_IMPORT_DESCRIPTOR   0001a528     ntoskrnl:ntoskrnl.exe

 entry point at        0005:0000003e

 Static symbols

 0004:00002a6e       ?PropertyHandler_OnOff@@YGJPAU_PCPROPERTY_REQUEST@@@Z 000156ee f   mintopo.obj
 0004:00002e7e       ?PropertyHandler_Level@@YGJPAU_PCPROPERTY_REQUEST@@@Z 00015afe f   mintopo.obj
 0004:00003576       ?BasicSupportHandler@@YGJPAU_PCPROPERTY_REQUEST@@@Z 000161f6 f   mintopo.obj
 0004:00003896       ?PropertyHandler_SuperMixCaps@@YGJPAU_PCPROPERTY_REQUEST@@@Z 00016516 f   mintopo.obj
 0004:00003e96       ?PropertyHandler_SuperMixTable@@YGJPAU_PCPROPERTY_REQUEST@@@Z 00016b16 f   mintopo.obj
 0004:000045c6       ?PropertyHandler_CpuResources@@YGJPAU_PCPROPERTY_REQUEST@@@Z 00017246 f   mintopo.obj

 332 bytes saved through ICF

