 HDA

 Timestamp is 68f6c897 (Mon Oct 20 16:41:11 2025)

 Preferred load address is 00010000

 Start         Length     Name                   Class
 0001:00000000 000030fcH .text                   CODE
 0002:00000000 000000a4H .idata$5                DATA
 0002:000000a8 00000580H .rdata                  DATA
 0003:00000000 00000cd0H .data                   DATA
 0003:00000cd0 00000010H .bss                    DATA
 0004:00000000 0000a4c0H PAGE                    CODE
 0005:00000000 000000a9H INIT                    CODE
 0005:000000ac 0000003cH .idata$2                CODE
 0005:000000e8 00000014H .idata$3                CODE
 0005:000000fc 000000a4H .idata$4                CODE
 0005:000001a0 00000338H .idata$6                CODE
 0006:00000000 00000058H .rsrc$01                DATA
 0006:00000060 00000338H .rsrc$02                DATA

  Address         Publics by Value              Rva+Base     Lib:Object

 0001:00000000       ??3@YAXPAX@Z               000102e0 f i common.obj
 0001:00000010       ??2@YGPAXIW4_POOL_TYPE@@K@Z 000102f0 f i common.obj
 0001:00000050       ??0CAdapterCommon@@QAE@PAUIUnknown@@@Z 00010330 f i common.obj
 0001:000000a0       ?QueryInterface@CAdapterCommon@@UAGJABU_GUID@@PAPAX@Z 00010380 f i common.obj
 0001:000000d0       ?GetOuterUnknown@CUnknown@@QAEPAUIUnknown@@XZ 000103b0 f i common.obj
 0001:000000f0       ?AddRef@CAdapterCommon@@UAGKXZ 000103d0 f i common.obj
 0001:00000120       ?Release@CAdapterCommon@@UAGKXZ 00010400 f i common.obj
 0001:00000150       ??_ECAdapterCommon@@UAEPAXI@Z 00010430 f i common.obj
 0001:00000150       ??_GCAdapterCommon@@UAEPAXI@Z 00010430 f i common.obj
 0001:00000190       ??0IUnknown@@QAE@XZ        00010470 f i common.obj
 0001:000001a0       _IsEqualGUIDAligned@8      00010480 f i common.obj
 0001:0000024e       ?hda_send_verb@CAdapterCommon@@QAGKKKKK@Z 0001052e f   common.obj
 0001:00000426       ?ReadController@CAdapterCommon@@UAGEXZ 00010706 f   common.obj
 0001:000004ce       ?WriteController@CAdapterCommon@@UAGEE@Z 000107ae f   common.obj
 0001:000005d6       ?MixerRegWrite@CAdapterCommon@@UAGXEE@Z 000108b6 f   common.obj
 0001:0000071e       ?MixerRegRead@CAdapterCommon@@UAGEE@Z 000109fe f   common.obj
 0001:000007f2       ?MixerReset@CAdapterCommon@@UAGXXZ 00010ad2 f   common.obj
 0001:00000882       ?AcknowledgeIRQ@CAdapterCommon@@AAEXXZ 00010b62 f   common.obj
 0001:00000996       ?ResetController@CAdapterCommon@@UAGJXZ 00010c76 f   common.obj
 0001:00000a3a       ?RestoreMixerSettingsFromRegistry@CAdapterCommon@@UAGJXZ 00010d1a f   common.obj
 0001:00000cb6       ?SaveMixerSettingsToRegistry@CAdapterCommon@@UAGJXZ 00010f96 f   common.obj
 0001:00000efa       ?ProgramSampleRate@CAdapterCommon@@QAGJK@Z 000111da f   common.obj
 0001:0000119e       ?PowerChangeState@CAdapterCommon@@UAGXT_POWER_STATE@@@Z 0001147e f   common.obj
 0001:0000133a       ?QueryPowerChangeState@CAdapterCommon@@UAGJT_POWER_STATE@@@Z 0001161a f   common.obj
 0001:000013be       ?QueryDeviceCapabilities@CAdapterCommon@@UAGJPAU_DEVICE_CAPABILITIES@@@Z 0001169e f   common.obj
 0001:0000147a       ?InterruptServiceRoutine@@YGJPAUIInterruptSync@@PAX@Z 0001175a f   common.obj
 0001:000015f6       ?hda_stop_stream@CAdapterCommon@@UAGJXZ 000118d6 f   common.obj
 0001:00001860       ?hda_start_sound@CAdapterCommon@@UAGXXZ 00011b40 f   common.obj
 0001:000018a0       ?hda_stop_sound@CAdapterCommon@@UAGXXZ 00011b80 f   common.obj
 0001:000018c0       ?hda_get_actual_stream_position@CAdapterCommon@@UAGKXZ 00011ba0 f   common.obj
 0001:000018e0       ?hda_set_volume@CAdapterCommon@@QAGXK@Z 00011bc0 f   common.obj
 0001:00001960       ?readUCHAR@CAdapterCommon@@QAGEG@Z 00011c40 f   common.obj
 0001:00001980       ?writeUCHAR@CAdapterCommon@@QAGXGE@Z 00011c60 f   common.obj
 0001:000019b0       ?setUCHARBit@CAdapterCommon@@QAGXGE@Z 00011c90 f   common.obj
 0001:000019f0       ?readUSHORT@CAdapterCommon@@QAGGG@Z 00011cd0 f   common.obj
 0001:00001a10       ?writeUSHORT@CAdapterCommon@@QAGXGG@Z 00011cf0 f   common.obj
 0001:00001a40       ?readULONG@CAdapterCommon@@QAGKG@Z 00011d20 f   common.obj
 0001:00001a60       ?writeULONG@CAdapterCommon@@QAGXGK@Z 00011d40 f   common.obj
 0001:00001cb2       ?hda_showtime@CAdapterCommon@@UAGJPAUIDmaChannel@@@Z 00011f92 f   common.obj
 0001:00002240       ?hda_return_sound_data_format@CAdapterCommon@@QAGGKKK@Z 00012520 f   common.obj
 0001:000023b0       ?QueryInterface@CAdapterCommon@@W3AGJABU_GUID@@PAPAX@Z 00012690 f i common.obj
 0001:000023c0       ?AddRef@CAdapterCommon@@W3AGKXZ 000126a0 f i common.obj
 0001:000023d0       ?Release@CAdapterCommon@@W3AGKXZ 000126b0 f i common.obj
 0001:000023e0       ??0CMiniportTopologyHDA@@QAE@PAUIUnknown@@@Z 000126c0 f i mintopo.obj
 0001:00002420       ?AddRef@CMiniportWaveCyclicStreamHDA@@UAGKXZ 00012700 f i mintopo.obj
 0001:00002420       ?AddRef@CMiniportTopologyHDA@@UAGKXZ 00012700 f i mintopo.obj
 0001:00002420       ?AddRef@CMiniportWaveCyclicHDA@@UAGKXZ 00012700 f i mintopo.obj
 0001:00002450       ?DataRangeIntersection@CMiniportTopologyHDA@@UAGJKPATKSDATAFORMAT@@0KPAXPAK@Z 00012730 f i mintopo.obj
 0001:00002460       ??_ECMiniportTopologyHDA@@UAEPAXI@Z 00012740 f i mintopo.obj
 0001:00002460       ??_GCMiniportTopologyHDA@@UAEPAXI@Z 00012740 f i mintopo.obj
 0001:000024a0       ??0IMiniportWaveCyclic@@QAE@XZ 00012780 f i mintopo.obj
 0001:000024a0       ??0IMiniportTopology@@QAE@XZ 00012780 f i mintopo.obj
 0001:00002b40       ?ReadBitsFromMixer@CMiniportTopologyHDA@@AAEEEEE@Z 00012e20 f   mintopo.obj
 0001:00002b90       ?ThisManyOnes@@YGEE@Z      00012e70 f i mintopo.obj
 0001:00002bb0       ?WriteBitsToMixer@CMiniportTopologyHDA@@AAEXEEEE@Z 00012e90 f   mintopo.obj
 0001:00002c50       ??0CMiniportWaveCyclicHDA@@QAE@PAUIUnknown@@@Z 00012f30 f i minwave.obj
 0001:00002c90       ?QueryInterface@CMiniportTopologyHDA@@UAGJABU_GUID@@PAPAX@Z 00012f70 f i minwave.obj
 0001:00002c90       ?QueryInterface@CMiniportWaveCyclicStreamHDA@@UAGJABU_GUID@@PAPAX@Z 00012f70 f i minwave.obj
 0001:00002c90       ?QueryInterface@CMiniportWaveCyclicHDA@@UAGJABU_GUID@@PAPAX@Z 00012f70 f i minwave.obj
 0001:00002cc0       ??_GCMiniportWaveCyclicHDA@@UAEPAXI@Z 00012fa0 f i minwave.obj
 0001:00002cc0       ??_ECMiniportWaveCyclicHDA@@UAEPAXI@Z 00012fa0 f i minwave.obj
 0001:00002d00       ??2@YGPAXIW4_POOL_TYPE@@@Z 00012fe0 f i minwave.obj
 0001:00002d50       ??0CMiniportWaveCyclicStreamHDA@@QAE@PAUIUnknown@@@Z 00013030 f i minwave.obj
 0001:00002d90       ?Release@CMiniportWaveCyclicHDA@@UAGKXZ 00013070 f i minwave.obj
 0001:00002d90       ?Release@CMiniportTopologyHDA@@UAGKXZ 00013070 f i minwave.obj
 0001:00002d90       ?Release@CMiniportWaveCyclicStreamHDA@@UAGKXZ 00013070 f i minwave.obj
 0001:00002dc0       ??_ECMiniportWaveCyclicStreamHDA@@UAEPAXI@Z 000130a0 f i minwave.obj
 0001:00002dc0       ??_GCMiniportWaveCyclicStreamHDA@@UAEPAXI@Z 000130a0 f i minwave.obj
 0001:00002e00       ??0IMiniportWaveCyclicStream@@QAE@XZ 000130e0 f i minwave.obj
 0001:00002e00       ??0IAdapterCommon@@QAE@XZ  000130e0 f i minwave.obj
 0001:00002e00       ??0IAdapterPowerManagement@@QAE@XZ 000130e0 f i minwave.obj
 0001:00002e00       ??0IMiniport@@QAE@XZ       000130e0 f i minwave.obj
 0001:00002e39       ?GetPosition@CMiniportWaveCyclicStreamHDA@@UAGJPAK@Z 00013119 f   minwave.obj
 0001:00002ede       ?NormalizePhysicalPosition@CMiniportWaveCyclicStreamHDA@@UAGJPA_J@Z 000131be f   minwave.obj
 0001:00002f80       ?Silence@CMiniportWaveCyclicStreamHDA@@UAGXPAXK@Z 00013260 f   minwave.obj
 0001:00002fbe       _DbgPrint                  0001329e f   ntoskrnl:ntoskrnl.exe
 0001:00002fc4       _DbgBreakPoint@0           000132a4 f   ntoskrnl:ntoskrnl.exe
 0001:00002fca       __alldiv                   000132aa f   ntoskrnl:ntoskrnl.exe
 0001:00002fd0       __allmul                   000132b0 f   ntoskrnl:ntoskrnl.exe
 0001:00002fd6       _PcInitializeAdapterDriver@12 000132b6 f   portcls:portcls.sys
 0001:00002fdc       _PcAddAdapterDevice@20     000132bc f   portcls:portcls.sys
 0001:00002fe2       _PcRegisterSubdevice@12    000132c2 f   portcls:portcls.sys
 0001:00002fe8       _PcNewMiniport@8           000132c8 f   portcls:portcls.sys
 0001:00002fee       _PcNewPort@8               000132ce f   portcls:portcls.sys
 0001:00002ff4       _PcRegisterPhysicalConnection@20 000132d4 f   portcls:portcls.sys
 0001:00002ffa       _PcRegisterAdapterPowerManagement@8 000132da f   portcls:portcls.sys
 0001:00003000       _PcNewResourceSublist@20   000132e0 f   portcls:portcls.sys
 0001:00003006       _PcNewInterruptSync@20     000132e6 f   portcls:portcls.sys
 0001:0000300c       _PcNewRegistryKey@36       000132ec f   portcls:portcls.sys
 0001:00003012       _PcNewServiceGroup@8       000132f2 f   portcls:portcls.sys
 0001:00003018       ??0CUnknown@@QAE@PAUIUnknown@@@Z 000132f8 f   stdunk:stdunk.obj
 0001:00003037       ??_ECUnknown@@UAEPAXI@Z    00013317 f i stdunk:stdunk.obj
 0001:00003037       ??_GCUnknown@@UAEPAXI@Z    00013317 f i stdunk:stdunk.obj
 0001:00003053       ??1CUnknown@@UAE@XZ        00013333 f   stdunk:stdunk.obj
 0001:0000305a       ?NonDelegatingAddRef@CUnknown@@UAGKXZ 0001333a f   stdunk:stdunk.obj
 0001:00003070       ?NonDelegatingRelease@CUnknown@@UAGKXZ 00013350 f   stdunk:stdunk.obj
 0001:0000309f       ?NonDelegatingQueryInterface@CUnknown@@UAGJABU_GUID@@PAPAX@Z 0001337f f   stdunk:stdunk.obj
 0002:00000000       __imp_@KfAcquireSpinLock@4 000133e0     hal:HAL.dll
 0002:00000004       __imp_@KfReleaseSpinLock@8 000133e4     hal:HAL.dll
 0002:00000008       __imp__KeGetCurrentIrql@0  000133e8     hal:HAL.dll
 0002:0000000c       __imp__KeStallExecutionProcessor@4 000133ec     hal:HAL.dll
 0002:00000010       \177HAL_NULL_THUNK_DATA    000133f0     hal:HAL.dll
 0002:00000014       __imp__MmMapIoSpace@16     000133f4     ntoskrnl:ntoskrnl.exe
 0002:00000018       __imp__IoGetDmaAdapter@12  000133f8     ntoskrnl:ntoskrnl.exe
 0002:0000001c       __imp__ExAllocatePoolWithTag@12 000133fc     ntoskrnl:ntoskrnl.exe
 0002:00000020       __imp__KeInitializeSpinLock@4 00013400     ntoskrnl:ntoskrnl.exe
 0002:00000024       __imp__READ_REGISTER_ULONG@4 00013404     ntoskrnl:ntoskrnl.exe
 0002:00000028       __imp__WRITE_REGISTER_ULONG@8 00013408     ntoskrnl:ntoskrnl.exe
 0002:0000002c       __imp__RtlInitUnicodeString@8 0001340c     ntoskrnl:ntoskrnl.exe
 0002:00000030       __imp__MmUnmapIoSpace@8    00013410     ntoskrnl:ntoskrnl.exe
 0002:00000034       __imp__DbgPrint            00013414     ntoskrnl:ntoskrnl.exe
 0002:00000038       __imp__READ_REGISTER_USHORT@4 00013418     ntoskrnl:ntoskrnl.exe
 0002:0000003c       __imp__WRITE_REGISTER_USHORT@8 0001341c     ntoskrnl:ntoskrnl.exe
 0002:00000040       __imp__KeInitializeMutex@8 00013420     ntoskrnl:ntoskrnl.exe
 0002:00000044       __imp__KeReleaseMutex@8    00013424     ntoskrnl:ntoskrnl.exe
 0002:00000048       __imp__KeWaitForSingleObject@20 00013428     ntoskrnl:ntoskrnl.exe
 0002:0000004c       __imp___alldiv             0001342c     ntoskrnl:ntoskrnl.exe
 0002:00000050       __imp__RtlAssert@16        00013430     ntoskrnl:ntoskrnl.exe
 0002:00000054       __imp__ExFreePool@4        00013434     ntoskrnl:ntoskrnl.exe
 0002:00000058       __imp__DbgBreakPoint@0     00013438     ntoskrnl:ntoskrnl.exe
 0002:0000005c       __imp__READ_REGISTER_UCHAR@4 0001343c     ntoskrnl:ntoskrnl.exe
 0002:00000060       __imp__WRITE_REGISTER_UCHAR@8 00013440     ntoskrnl:ntoskrnl.exe
 0002:00000064       __imp___allmul             00013444     ntoskrnl:ntoskrnl.exe
 0002:00000068       __imp_@InterlockedDecrement@4 00013448     ntoskrnl:ntoskrnl.exe
 0002:0000006c       __imp_@InterlockedIncrement@4 0001344c     ntoskrnl:ntoskrnl.exe
 0002:00000070       \177ntoskrnl_NULL_THUNK_DATA 00013450     ntoskrnl:ntoskrnl.exe
 0002:00000074       __imp__PcInitializeAdapterDriver@12 00013454     portcls:portcls.sys
 0002:00000078       __imp__PcNewMiniport@8     00013458     portcls:portcls.sys
 0002:0000007c       __imp__PcNewPort@8         0001345c     portcls:portcls.sys
 0002:00000080       __imp__PcRegisterPhysicalConnection@20 00013460     portcls:portcls.sys
 0002:00000084       __imp__PcAddAdapterDevice@20 00013464     portcls:portcls.sys
 0002:00000088       __imp__PcRegisterSubdevice@12 00013468     portcls:portcls.sys
 0002:0000008c       __imp__PcNewInterruptSync@20 0001346c     portcls:portcls.sys
 0002:00000090       __imp__PcNewRegistryKey@36 00013470     portcls:portcls.sys
 0002:00000094       __imp__PcNewServiceGroup@8 00013474     portcls:portcls.sys
 0002:00000098       __imp__PcRegisterAdapterPowerManagement@8 00013478     portcls:portcls.sys
 0002:0000009c       __imp__PcNewResourceSublist@20 0001347c     portcls:portcls.sys
 0002:000000a0       \177portcls_NULL_THUNK_DATA 00013480     portcls:portcls.sys
 0002:00000120       _IID_IAdapterCommon        00013500     adapter.obj
 0002:00000130       _CLSID_MiniportDriverFmSynth 00013510     adapter.obj
 0002:00000140       _CLSID_PortWaveCyclic      00013520     adapter.obj
 0002:00000150       _CLSID_PortTopology        00013530     adapter.obj
 0002:00000160       _CLSID_PortMidi            00013540     adapter.obj
 0002:00000170       _IID_IAdapterPowerManagment 00013550     adapter.obj
 0002:00000180       _IID_IMiniportWaveCyclicStream 00013560     adapter.obj
 0002:00000190       _IID_IMiniportWaveCyclic   00013570     adapter.obj
 0002:000001a0       _IID_IPortWaveCyclic       00013580     adapter.obj
 0002:000001b0       _IID_IMiniportTopology     00013590     adapter.obj
 0002:000001c0       _IID_IMiniport             000135a0     adapter.obj
 0002:000001d0       _IID_IUnknown              000135b0     adapter.obj
 0002:000001e0       ??_C@_1BE@ENEK@?$AAR?$AAi?$AAg?$AAh?$AAt?$AAB?$AAa?$AAs?$AAs?$AA?$AA@ 000135c0     common.obj
 0002:000001f4       ??_C@_1BC@JMJO@?$AAL?$AAe?$AAf?$AAt?$AAB?$AAa?$AAs?$AAs?$AA?$AA@ 000135d4     common.obj
 0002:00000208       ??_C@_1BI@KGAJ@?$AAR?$AAi?$AAg?$AAh?$AAt?$AAT?$AAr?$AAe?$AAb?$AAl?$AAe?$AA?$AA@ 000135e8     common.obj
 0002:00000220       ??_C@_1BG@BGGD@?$AAL?$AAe?$AAf?$AAt?$AAT?$AAr?$AAe?$AAb?$AAl?$AAe?$AA?$AA@ 00013600     common.obj
 0002:00000238       ??_C@_1O@IECC@?$AAM?$AAi?$AAc?$AAA?$AAG?$AAC?$AA?$AA@ 00013618     common.obj
 0002:00000248       ??_C@_1CA@EJHI@?$AAR?$AAi?$AAg?$AAh?$AAt?$AAO?$AAu?$AAt?$AAp?$AAu?$AAt?$AAG?$AAa?$AAi?$AAn?$AA?$AA@ 00013628     common.obj
 0002:00000268       ??_C@_1BO@PPLI@?$AAL?$AAe?$AAf?$AAt?$AAO?$AAu?$AAt?$AAp?$AAu?$AAt?$AAG?$AAa?$AAi?$AAn?$AA?$AA@ 00013648     common.obj
 0002:00000288       ??_C@_1BO@PMCJ@?$AAR?$AAi?$AAg?$AAh?$AAt?$AAI?$AAn?$AAp?$AAu?$AAt?$AAG?$AAa?$AAi?$AAn?$AA?$AA@ 00013668     common.obj
 0002:000002a8       ??_C@_1BM@CFEM@?$AAL?$AAe?$AAf?$AAt?$AAI?$AAn?$AAp?$AAu?$AAt?$AAG?$AAa?$AAi?$AAn?$AA?$AA@ 00013688     common.obj
 0002:000002c4       ??_C@_1CA@CIKM@?$AAR?$AAi?$AAg?$AAh?$AAt?$AAI?$AAn?$AAp?$AAu?$AAt?$AAM?$AAi?$AAx?$AAe?$AAr?$AA?$AA@ 000136a4     common.obj
 0002:000002e4       ??_C@_1BO@JOGM@?$AAL?$AAe?$AAf?$AAt?$AAI?$AAn?$AAp?$AAu?$AAt?$AAM?$AAi?$AAx?$AAe?$AAr?$AA?$AA@ 000136c4     common.obj
 0002:00000304       ??_C@_1BI@BMOJ@?$AAO?$AAu?$AAt?$AAp?$AAu?$AAt?$AAM?$AAi?$AAx?$AAe?$AAr?$AA?$AA@ 000136e4     common.obj
 0002:0000031c       ??_C@_1BE@GLOL@?$AAP?$AAc?$AAS?$AAp?$AAk?$AAr?$AAV?$AAo?$AAl?$AA?$AA@ 000136fc     common.obj
 0002:00000330       ??_C@_1O@MNBB@?$AAM?$AAi?$AAc?$AAV?$AAo?$AAl?$AA?$AA@ 00013710     common.obj
 0002:00000340       ??_C@_1BO@HCKE@?$AAR?$AAi?$AAg?$AAh?$AAt?$AAL?$AAi?$AAn?$AAe?$AAI?$AAn?$AAV?$AAo?$AAl?$AA?$AA@ 00013720     common.obj
 0002:00000360       ??_C@_1BM@KLMB@?$AAL?$AAe?$AAf?$AAt?$AAL?$AAi?$AAn?$AAe?$AAI?$AAn?$AAV?$AAo?$AAl?$AA?$AA@ 00013740     common.obj
 0002:0000037c       ??_C@_1BG@COJL@?$AAR?$AAi?$AAg?$AAh?$AAt?$AAC?$AAD?$AAV?$AAo?$AAl?$AA?$AA@ 0001375c     common.obj
 0002:00000394       ??_C@_1BE@KMKA@?$AAL?$AAe?$AAf?$AAt?$AAC?$AAD?$AAV?$AAo?$AAl?$AA?$AA@ 00013774     common.obj
 0002:000003a8       ??_C@_1BK@JCIM@?$AAR?$AAi?$AAg?$AAh?$AAt?$AAM?$AAi?$AAd?$AAi?$AAV?$AAo?$AAl?$AA?$AA@ 00013788     common.obj
 0002:000003c4       ??_C@_1BI@KBIJ@?$AAL?$AAe?$AAf?$AAt?$AAM?$AAi?$AAd?$AAi?$AAV?$AAo?$AAl?$AA?$AA@ 000137a4     common.obj
 0002:000003dc       ??_C@_1BK@MFCG@?$AAR?$AAi?$AAg?$AAh?$AAt?$AAW?$AAa?$AAv?$AAe?$AAV?$AAo?$AAl?$AA?$AA@ 000137bc     common.obj
 0002:000003f8       ??_C@_1BI@PGCD@?$AAL?$AAe?$AAf?$AAt?$AAW?$AAa?$AAv?$AAe?$AAV?$AAo?$AAl?$AA?$AA@ 000137d8     common.obj
 0002:00000410       ??_C@_1BO@NHA@?$AAR?$AAi?$AAg?$AAh?$AAt?$AAM?$AAa?$AAs?$AAt?$AAe?$AAr?$AAV?$AAo?$AAl?$AA?$AA@ 000137f0     common.obj
 0002:00000430       ??_C@_1BM@NEBF@?$AAL?$AAe?$AAf?$AAt?$AAM?$AAa?$AAs?$AAt?$AAe?$AAr?$AAV?$AAo?$AAl?$AA?$AA@ 00013810     common.obj
 0002:0000044c       ??_7CAdapterCommon@@6BCUnknown@@@ 0001382c     common.obj
 0002:0000045c       ??_7CAdapterCommon@@6BIAdapterPowerManagement@@@ 0001383c     common.obj
 0002:00000474       ??_7CAdapterCommon@@6BIAdapterCommon@@@ 00013854     common.obj
 0002:00000590       ??_7CMiniportTopologyHDA@@6BCUnknown@@@ 00013970     mintopo.obj
 0002:000005a0       ??_7CMiniportTopologyHDA@@6BIMiniportTopology@@@ 00013980     mintopo.obj
 0002:000005b8       ??_7CMiniportWaveCyclicHDA@@6BCUnknown@@@ 00013998     minwave.obj
 0002:000005c8       ??_7CMiniportWaveCyclicHDA@@6BIMiniportWaveCyclic@@@ 000139a8     minwave.obj
 0002:000005e4       ??_7CMiniportWaveCyclicStreamHDA@@6BCUnknown@@@ 000139c4     minwave.obj
 0002:000005f4       ??_7CMiniportWaveCyclicStreamHDA@@6BIMiniportWaveCyclicStream@@@ 000139d4     minwave.obj
 0002:00000618       ??_7CUnknown@@6B@          000139f8     stdunk:stdunk.obj
 0003:00000000       ?ulDebugOut@@3KA           00013a20     adapter.obj
 0003:00000008       __GUID_b7902fe9_fb0a_11d1_81b0_0060083316c1 00013a28     adapter.obj
 0003:00000018       __GUID_d3f0ce1c_fffc_11d1_81b0_0060083316c1 00013a38     adapter.obj
 0003:00000028       __GUID_c096df9c_fb09_11d1_81b0_0060083316c1 00013a48     adapter.obj
 0003:000000f8       ?audBufSize@@3KA           00013b18     common.obj
 0003:000000fc       ?BdlSize@@3KA              00013b1c     common.obj
 0003:000007f8       __GUID_185fedf6_9905_11d1_95a9_00c04fb925d3 00014218     mintopo.obj
 0003:00000808       __GUID_185fedef_9905_11d1_95a9_00c04fb925d3 00014228     mintopo.obj
 0003:00000818       __GUID_185fede1_9905_11d1_95a9_00c04fb925d3 00014238     mintopo.obj
 0003:00000828       __GUID_185fede0_9905_11d1_95a9_00c04fb925d3 00014248     mintopo.obj
 0003:00000838       __GUID_7607e580_c557_11d0_8a2b_00a0c9255ac1 00014258     mintopo.obj
 0003:00000848       __GUID_185fede3_9905_11d1_95a9_00c04fb925d3 00014268     mintopo.obj
 0003:00000858       __GUID_da441a60_c556_11d0_8a2b_00a0c9255ac1 00014278     mintopo.obj
 0003:00000868       __GUID_185fedee_9905_11d1_95a9_00c04fb925d3 00014288     mintopo.obj
 0003:00000878       __GUID_02b223c0_c557_11d0_8a2b_00a0c9255ac1 00014298     mintopo.obj
 0003:00000888       __GUID_185feded_9905_11d1_95a9_00c04fb925d3 000142a8     mintopo.obj
 0003:00000898       __GUID_e88c9ba0_c557_11d0_8a2b_00a0c9255ac1 000142b8     mintopo.obj
 0003:000008a8       __GUID_185fedec_9905_11d1_95a9_00c04fb925d3 000142c8     mintopo.obj
 0003:000008b8       __GUID_185fedeb_9905_11d1_95a9_00c04fb925d3 000142d8     mintopo.obj
 0003:000008c8       __GUID_185fedea_9905_11d1_95a9_00c04fb925d3 000142e8     mintopo.obj
 0003:000008d8       __GUID_185fede9_9905_11d1_95a9_00c04fb925d3 000142f8     mintopo.obj
 0003:000008e8       __GUID_185fede8_9905_11d1_95a9_00c04fb925d3 00014308     mintopo.obj
 0003:000008f8       __GUID_e573adc0_c555_11d0_8a2b_00a0c9255ac1 00014318     mintopo.obj
 0003:00000908       __GUID_185fede7_9905_11d1_95a9_00c04fb925d3 00014328     mintopo.obj
 0003:00000918       __GUID_185fede5_9905_11d1_95a9_00c04fb925d3 00014338     mintopo.obj
 0003:00000928       __GUID_3a5acc00_c557_11d0_8a2b_00a0c9255ac1 00014348     mintopo.obj
 0003:00000938       __GUID_45ffaaa0_6e1b_11d0_bcf2_444553540000 00014358     mintopo.obj
 0003:00000948       __GUID_6994ad04_93ef_11d0_a3cc_00a0c9223196 00014368     mintopo.obj
 0003:00000958       __GUID_185fedf7_9905_11d1_95a9_00c04fb925d3 00014378     mintopo.obj
 0003:00000968       __GUID_dff21ce1_f70f_11d0_b917_00a0c9223196 00014388     mintopo.obj
 0003:00000978       __GUID_dff21be1_f70f_11d0_b917_00a0c9223196 00014398     mintopo.obj
 0003:00000988       __GUID_185fedf9_9905_11d1_95a9_00c04fb925d3 000143a8     mintopo.obj
 0003:00000998       __GUID_dff21fe3_f70f_11d0_b917_00a0c9223196 000143b8     mintopo.obj
 0003:000009a8       __GUID_185fedfb_9905_11d1_95a9_00c04fb925d3 000143c8     mintopo.obj
 0003:000009b8       __GUID_dff220e3_f70f_11d0_b917_00a0c9223196 000143d8     mintopo.obj
 0003:000009c8       __GUID_185fedf8_9905_11d1_95a9_00c04fb925d3 000143e8     mintopo.obj
 0003:000009d8       __GUID_dff220f3_f70f_11d0_b917_00a0c9223196 000143f8     mintopo.obj
 0003:000009e8       __GUID_dff21fe4_f70f_11d0_b917_00a0c9223196 00014408     mintopo.obj
 0003:000009f8       __GUID_97e99ba0_bdea_11cf_a5d6_28db04c10000 00014418     mintopo.obj
 0003:00000c40       __GUID_507ae360_c554_11d0_8a2b_00a0c9255ac1 00014660     minwave.obj
 0003:00000c50       __GUID_4d837fe0_c555_11d0_8a2b_00a0c9255ac1 00014670     minwave.obj
 0003:00000c60       __GUID_185fedfa_9905_11d1_95a9_00c04fb925d3 00014680     minwave.obj
 0003:00000c70       __GUID_fb6c4281_0353_11d1_905f_0000c0cc16ba 00014690     minwave.obj
 0003:00000c80       __GUID_05589f81_c356_11ce_bf01_00aa0055595a 000146a0     minwave.obj
 0003:00000c90       __GUID_00000001_0000_0010_8000_00aa00389b71 000146b0     minwave.obj
 0003:00000ca0       __GUID_73647561_0000_0010_8000_00aa00389b71 000146c0     minwave.obj
 0003:00000cb0       __GUID_518590a2_a184_11d0_8522_00c04fd9baf3 000146d0     minwave.obj
 0003:00000cc0       __GUID_0f6417d6_c318_11d0_a43f_00a0c9223196 000146e0     minwave.obj
 0003:00000cd0       __GUID_00000000_0000_0000_0000_000000000000 000146f0     adapter.obj
 0004:0000003e       _AddDevice@8               0001473e f   adapter.obj
 0004:0000026a       ?InstallSubdevice@@YGJPAU_DEVICE_OBJECT@@PAU_IRP@@PAGABU_GUID@@3P6GJPAPAUIUnknown@@3PAU4@W4_POOL_TYPE@@@Z5PAUIResourceList@@344@Z 0001496a f   adapter.obj
 0004:0000066e       ?StartDevice@@YGJPAU_DEVICE_OBJECT@@PAU_IRP@@PAUIResourceList@@@Z 00014d6e f   adapter.obj
 0004:00000e6e       ?AssignResources@@YGJPAUIResourceList@@PAPAU1@11111@Z 0001556e f   adapter.obj
 0004:000014d8       ?NewAdapterCommon@@YGJPAPAUIUnknown@@ABU_GUID@@PAU1@W4_POOL_TYPE@@@Z 00015bd8 f   common.obj
 0004:00001b8a       ?Init@CAdapterCommon@@UAGJPAUIResourceList@@PAU_DEVICE_OBJECT@@@Z 0001628a f   common.obj
 0004:00002892       ??1CAdapterCommon@@UAE@XZ  00016f92 f   common.obj
 0004:00002d17       ?NonDelegatingQueryInterface@CAdapterCommon@@UAGJABU_GUID@@PAPAX@Z 00017417 f   common.obj
 0004:00002e6e       ?WavePortDriverDest@CAdapterCommon@@UAGPAPAUIUnknown@@XZ 0001756e f   common.obj
 0004:00002f0e       ?GetInterruptSync@CAdapterCommon@@UAGPAUIInterruptSync@@XZ 0001760e f   common.obj
 0004:00002fae       ?MidiPortDriverDest@CAdapterCommon@@UAGPAPAUIUnknown@@XZ 000176ae f   common.obj
 0004:00003010       ?SetWaveServiceGroup@CAdapterCommon@@UAGXPAUIServiceGroup@@@Z 00017710 f   common.obj
 0004:00003446       ?InitHDA@CAdapterCommon@@QAGJXZ 00017b46 f   common.obj
 0004:00003e6a       ?InitializeCodec@CAdapterCommon@@QAGJE@Z 0001856a f   common.obj
 0004:0000445f       ?hda_initialize_audio_function_group@CAdapterCommon@@QAGXKK@Z 00018b5f f   common.obj
 0004:00004d50       ?hda_get_node_type@CAdapterCommon@@QAGEKK@Z 00019450 f   common.obj
 0004:00004d80       ?hda_get_node_connection_entries@CAdapterCommon@@QAGKKKK@Z 00019480 f   common.obj
 0004:00004e40       ?hda_set_node_gain@CAdapterCommon@@QAGXKKKKK@Z 00019540 f   common.obj
 0004:00004ee0       ?hda_disable_pin_output@CAdapterCommon@@QAGXKK@Z 000195e0 f   common.obj
 0004:00004f20       ?hda_is_headphone_connected@CAdapterCommon@@QAGHXZ 00019620 f   common.obj
 0004:00005026       ?hda_initialize_output_pin@CAdapterCommon@@QAGXK@Z 00019726 f   common.obj
 0004:000053e6       ?hda_initalize_audio_output@CAdapterCommon@@QAGXK@Z 00019ae6 f   common.obj
 0004:00005766       ?hda_initalize_audio_mixer@CAdapterCommon@@QAGXK@Z 00019e66 f   common.obj
 0004:000059fe       ?hda_initalize_audio_selector@CAdapterCommon@@QAGXK@Z 0001a0fe f   common.obj
 0004:00005c40       ?hda_is_supported_sample_rate@CAdapterCommon@@QAGEK@Z 0001a340 f   common.obj
 0004:00005d58       ?CreateMiniportTopologyHDA@@YGJPAPAUIUnknown@@ABU_GUID@@PAU1@W4_POOL_TYPE@@@Z 0001a458 f   mintopo.obj
 0004:00005eca       ?ProcessResources@CMiniportTopologyHDA@@AAEJPAUIResourceList@@@Z 0001a5ca f   mintopo.obj
 0004:0000605a       ?NonDelegatingQueryInterface@CMiniportTopologyHDA@@UAGJABU_GUID@@PAPAX@Z 0001a75a f   mintopo.obj
 0004:0000620e       ??1CMiniportTopologyHDA@@UAE@XZ 0001a90e f   mintopo.obj
 0004:000063e6       ?Init@CMiniportTopologyHDA@@UAGJPAUIUnknown@@PAUIResourceList@@PAUIPortTopology@@@Z 0001aae6 f   mintopo.obj
 0004:000065fa       ?GetDescription@CMiniportTopologyHDA@@UAGJPAPAUPCFILTER_DESCRIPTOR@@@Z 0001acfa f   mintopo.obj
 0004:00007dd8       ?CreateMiniportWaveCyclicHDA@@YGJPAPAUIUnknown@@ABU_GUID@@PAU1@W4_POOL_TYPE@@@Z 0001c4d8 f   minwave.obj
 0004:000080a6       ?ProcessResources@CMiniportWaveCyclicHDA@@AAEJPAUIResourceList@@@Z 0001c7a6 f   minwave.obj
 0004:00008512       ?ValidateFormat@CMiniportWaveCyclicHDA@@AAEJPATKSDATAFORMAT@@@Z 0001cc12 f   minwave.obj
 0004:0000871e       ?NonDelegatingQueryInterface@CMiniportWaveCyclicHDA@@UAGJABU_GUID@@PAPAX@Z 0001ce1e f   minwave.obj
 0004:000088d2       ??1CMiniportWaveCyclicHDA@@UAE@XZ 0001cfd2 f   minwave.obj
 0004:00008ad6       ?Init@CMiniportWaveCyclicHDA@@UAGJPAUIUnknown@@PAUIResourceList@@PAUIPortWaveCyclic@@@Z 0001d1d6 f   minwave.obj
 0004:00008d6e       ?GetDescription@CMiniportWaveCyclicHDA@@UAGJPAPAUPCFILTER_DESCRIPTOR@@@Z 0001d46e f   minwave.obj
 0004:00008f5a       ?DataRangeIntersection@CMiniportWaveCyclicHDA@@UAGJKPATKSDATAFORMAT@@0KPAXPAK@Z 0001d65a f   minwave.obj
 0004:0000955a       ?NewStream@CMiniportWaveCyclicHDA@@UAGJPAPAUIMiniportWaveCyclicStream@@PAUIUnknown@@W4_POOL_TYPE@@KEPATKSDATAFORMAT@@PAPAUIDmaChannel@@PAPAUIServiceGroup@@@Z 0001dc5a f   minwave.obj
 0004:000098f2       ?NonDelegatingQueryInterface@CMiniportWaveCyclicStreamHDA@@UAGJABU_GUID@@PAPAX@Z 0001dff2 f   minwave.obj
 0004:00009a9e       ??1CMiniportWaveCyclicStreamHDA@@UAE@XZ 0001e19e f   minwave.obj
 0004:00009d10       ?Init@CMiniportWaveCyclicStreamHDA@@QAEJPAVCMiniportWaveCyclicHDA@@KEPATKSDATAFORMAT@@PAUIDmaChannel@@@Z 0001e410 f   minwave.obj
 0004:00009f82       ?SetNotificationFreq@CMiniportWaveCyclicStreamHDA@@UAGKKPAK@Z 0001e682 f   minwave.obj
 0004:0000a116       ?SetFormat@CMiniportWaveCyclicStreamHDA@@UAGJPATKSDATAFORMAT@@@Z 0001e816 f   minwave.obj
 0004:0000a3ae       ?SetState@CMiniportWaveCyclicStreamHDA@@UAGJW4KSSTATE@@@Z 0001eaae f   minwave.obj
 0005:0000003e       _DriverEntry@8             0001ebfe f   adapter.obj
 0005:000000ac       __IMPORT_DESCRIPTOR_ntoskrnl 0001ec6c     ntoskrnl:ntoskrnl.exe
 0005:000000c0       __IMPORT_DESCRIPTOR_HAL    0001ec80     hal:HAL.dll
 0005:000000d4       __IMPORT_DESCRIPTOR_portcls 0001ec94     portcls:portcls.sys
 0005:000000e8       __NULL_IMPORT_DESCRIPTOR   0001eca8     ntoskrnl:ntoskrnl.exe

 entry point at        0005:0000003e

 Static symbols

 0004:0000674e       ?PropertyHandler_OnOff@@YGJPAU_PCPROPERTY_REQUEST@@@Z 0001ae4e f   mintopo.obj
 0004:00006b66       ?PropertyHandler_SuperMixCaps@@YGJPAU_PCPROPERTY_REQUEST@@@Z 0001b266 f   mintopo.obj
 0004:00007176       ?PropertyHandler_SuperMixTable@@YGJPAU_PCPROPERTY_REQUEST@@@Z 0001b876 f   mintopo.obj
 0004:000078a6       ?PropertyHandler_CpuResources@@YGJPAU_PCPROPERTY_REQUEST@@@Z 0001bfa6 f   mintopo.obj
 0001:0000251e       ?PropertyHandler_Level@@YGJPAU_PCPROPERTY_REQUEST@@@Z 000127fe f   mintopo.obj
 0004:00007b06       ?BasicSupportHandler@@YGJPAU_PCPROPERTY_REQUEST@@@Z 0001c206 f   mintopo.obj

 318 bytes saved through ICF

