 HDA

 Timestamp is 695c217f (Mon Jan 05 12:39:27 2026)

 Preferred load address is 00010000

 Start         Length     Name                   Class
 0001:00000000 00003b8cH .text                   CODE
 0002:00000000 000000b8H .idata$5                DATA
 0002:000000b8 00000588H .rdata                  DATA
 0003:00000000 00000cd8H .data                   DATA
 0003:00000cd8 00000013H .bss                    DATA
 0004:00000000 0000baf0H PAGE                    CODE
 0005:00000000 000000a9H INIT                    CODE
 0005:000000ac 0000003cH .idata$2                CODE
 0005:000000e8 00000014H .idata$3                CODE
 0005:000000fc 000000b8H .idata$4                CODE
 0005:000001b4 000003b4H .idata$6                CODE
 0006:00000000 00000058H .rsrc$01                DATA
 0006:00000060 000003c8H .rsrc$02                DATA

  Address         Publics by Value              Rva+Base     Lib:Object

 0001:00000000       ??3@YAXPAX@Z               000102e0 f i common.obj
 0001:00000010       ??2@YGPAXIW4_POOL_TYPE@@K@Z 000102f0 f i common.obj
 0001:00000050       ??0CAdapterCommon@@QAE@PAUIUnknown@@@Z 00010330 f i common.obj
 0001:000000a0       ?QueryInterface@CAdapterCommon@@UAGJABU_GUID@@PAPAX@Z 00010380 f i common.obj
 0001:000000d0       ?GetOuterUnknown@CUnknown@@QAEPAUIUnknown@@XZ 000103b0 f i common.obj
 0001:000000f0       ?AddRef@CAdapterCommon@@UAGKXZ 000103d0 f i common.obj
 0001:00000120       ?Release@CAdapterCommon@@UAGKXZ 00010400 f i common.obj
 0001:00000150       ??_GCAdapterCommon@@UAEPAXI@Z 00010430 f i common.obj
 0001:00000150       ??_ECAdapterCommon@@UAEPAXI@Z 00010430 f i common.obj
 0001:00000190       ??0IUnknown@@QAE@XZ        00010470 f i common.obj
 0001:000001a0       _IsEqualGUIDAligned@8      00010480 f i common.obj
 0001:00000220       ?hda_check_headphone_connection_change@CAdapterCommon@@QAGXXZ 00010500 f   common.obj
 0001:000002e0       ?hda_is_supported_sample_rate@CAdapterCommon@@QAGEK@Z 000105c0 f   common.obj
 0001:000003f6       ?hda_send_verb@CAdapterCommon@@QAGKKKKK@Z 000106d6 f   common.obj
 0001:000006f2       ?ReadController@CAdapterCommon@@UAGEXZ 000109d2 f   common.obj
 0001:00000796       ?WriteController@CAdapterCommon@@UAGEE@Z 00010a76 f   common.obj
 0001:000008a2       ?MixerRegWrite@CAdapterCommon@@UAGXEE@Z 00010b82 f   common.obj
 0001:00000a3a       ?MixerRegRead@CAdapterCommon@@UAGEE@Z 00010d1a f   common.obj
 0001:00000b1e       ?MixerReset@CAdapterCommon@@UAGXXZ 00010dfe f   common.obj
 0001:00000bbe       ?AcknowledgeIRQ@CAdapterCommon@@AAE?AW4_HDA_INTERRUPT_TYPE@@XZ 00010e9e f   common.obj
 0001:00000e62       ?ResetController@CAdapterCommon@@UAGJXZ 00011142 f   common.obj
 0001:00000f06       ?RestoreMixerSettingsFromRegistry@CAdapterCommon@@UAGJXZ 000111e6 f   common.obj
 0001:000011b2       ?SaveMixerSettingsToRegistry@CAdapterCommon@@UAGJXZ 00011492 f   common.obj
 0001:000014a2       ?ProgramSampleRate@CAdapterCommon@@UAGJK@Z 00011782 f   common.obj
 0001:00001796       ?PowerChangeState@CAdapterCommon@@UAGXT_POWER_STATE@@@Z 00011a76 f   common.obj
 0001:00001986       ?QueryPowerChangeState@CAdapterCommon@@UAGJT_POWER_STATE@@@Z 00011c66 f   common.obj
 0001:00001a0a       ?QueryDeviceCapabilities@CAdapterCommon@@UAGJPAU_DEVICE_CAPABILITIES@@@Z 00011cea f   common.obj
 0001:00001aba       ?InterruptServiceRoutine@@YGJPAUIInterruptSync@@PAX@Z 00011d9a f   common.obj
 0001:00001c46       ?hda_stop_stream@CAdapterCommon@@UAGJXZ 00011f26 f   common.obj
 0001:00001ec0       ?hda_start_sound@CAdapterCommon@@UAGXXZ 000121a0 f   common.obj
 0001:00001f2a       ?hda_stop_sound@CAdapterCommon@@UAGXXZ 0001220a f   common.obj
 0001:00001fe0       ?hda_get_actual_stream_position@CAdapterCommon@@UAGKXZ 000122c0 f   common.obj
 0001:00002000       ?hda_set_volume@CAdapterCommon@@QAGXKE@Z 000122e0 f   common.obj
 0001:00002080       ?hda_set_node_gain@CAdapterCommon@@QAGXKKKKKE@Z 00012360 f   common.obj
 0001:00002120       ?readUCHAR@CAdapterCommon@@QAGEG@Z 00012400 f   common.obj
 0001:00002140       ?writeUCHAR@CAdapterCommon@@QAGXGE@Z 00012420 f   common.obj
 0001:00002170       ?readUSHORT@CAdapterCommon@@QAGGG@Z 00012450 f   common.obj
 0001:00002190       ?writeUSHORT@CAdapterCommon@@QAGXGG@Z 00012470 f   common.obj
 0001:000021c0       ?readULONG@CAdapterCommon@@QAGKG@Z 000124a0 f   common.obj
 0001:000021e0       ?writeULONG@CAdapterCommon@@QAGXGK@Z 000124c0 f   common.obj
 0001:00002422       ?hda_showtime@CAdapterCommon@@UAGJPAUIDmaChannel@@@Z 00012702 f   common.obj
 0001:00002990       ?hda_return_sound_data_format@CAdapterCommon@@QAGGKKK@Z 00012c70 f   common.obj
 0001:00002b00       ?ReadWriteConfigSpace@CAdapterCommon@@AAGJPAU_DEVICE_OBJECT@@KPAXKK@Z 00012de0 f   common.obj
 0001:00002c2b       ?WriteConfigSpaceByte@CAdapterCommon@@AAGJEEE@Z 00012f0b f   common.obj
 0001:00002d2b       ?WriteConfigSpaceWord@CAdapterCommon@@AAGJEGG@Z 0001300b f   common.obj
 0001:00002df0       ?QueryInterface@CAdapterCommon@@W3AGJABU_GUID@@PAPAX@Z 000130d0 f i common.obj
 0001:00002e00       ?AddRef@CAdapterCommon@@W3AGKXZ 000130e0 f i common.obj
 0001:00002e10       ?Release@CAdapterCommon@@W3AGKXZ 000130f0 f i common.obj
 0001:00002e20       ??0CMiniportTopologyHDA@@QAE@PAUIUnknown@@@Z 00013100 f i mintopo.obj
 0001:00002e60       ?DataRangeIntersection@CMiniportTopologyHDA@@UAGJKPATKSDATAFORMAT@@0KPAXPAK@Z 00013140 f i mintopo.obj
 0001:00002e70       ??_ECMiniportTopologyHDA@@UAEPAXI@Z 00013150 f i mintopo.obj
 0001:00002e70       ??_GCMiniportTopologyHDA@@UAEPAXI@Z 00013150 f i mintopo.obj
 0001:00003530       ?ReadBitsFromMixer@CMiniportTopologyHDA@@AAEEEEE@Z 00013810 f   mintopo.obj
 0001:00003580       ?ThisManyOnes@@YGEE@Z      00013860 f i mintopo.obj
 0001:000035a0       ?WriteBitsToMixer@CMiniportTopologyHDA@@AAEXEEEE@Z 00013880 f   mintopo.obj
 0001:00003640       ??0CMiniportWaveCyclicHDA@@QAE@PAUIUnknown@@@Z 00013920 f i minwave.obj
 0001:00003680       ?QueryInterface@CMiniportWaveCyclicHDA@@UAGJABU_GUID@@PAPAX@Z 00013960 f i minwave.obj
 0001:00003680       ?QueryInterface@CMiniportWaveCyclicStreamHDA@@UAGJABU_GUID@@PAPAX@Z 00013960 f i minwave.obj
 0001:00003680       ?QueryInterface@CMiniportTopologyHDA@@UAGJABU_GUID@@PAPAX@Z 00013960 f i minwave.obj
 0001:000036b0       ?AddRef@CMiniportTopologyHDA@@UAGKXZ 00013990 f i minwave.obj
 0001:000036b0       ?AddRef@CMiniportWaveCyclicStreamHDA@@UAGKXZ 00013990 f i minwave.obj
 0001:000036b0       ?AddRef@CMiniportWaveCyclicHDA@@UAGKXZ 00013990 f i minwave.obj
 0001:000036e0       ?Release@CMiniportWaveCyclicHDA@@UAGKXZ 000139c0 f i minwave.obj
 0001:000036e0       ?Release@CMiniportTopologyHDA@@UAGKXZ 000139c0 f i minwave.obj
 0001:000036e0       ?Release@CMiniportWaveCyclicStreamHDA@@UAGKXZ 000139c0 f i minwave.obj
 0001:00003710       ??_ECMiniportWaveCyclicHDA@@UAEPAXI@Z 000139f0 f i minwave.obj
 0001:00003710       ??_GCMiniportWaveCyclicHDA@@UAEPAXI@Z 000139f0 f i minwave.obj
 0001:00003750       ??0IMiniportTopology@@QAE@XZ 00013a30 f i minwave.obj
 0001:00003750       ??0IMiniportWaveCyclic@@QAE@XZ 00013a30 f i minwave.obj
 0001:00003770       ??2@YGPAXIW4_POOL_TYPE@@@Z 00013a50 f i minwave.obj
 0001:000037c0       ??0CMiniportWaveCyclicStreamHDA@@QAE@PAUIUnknown@@@Z 00013aa0 f i minwave.obj
 0001:00003800       ??_ECMiniportWaveCyclicStreamHDA@@UAEPAXI@Z 00013ae0 f i minwave.obj
 0001:00003800       ??_GCMiniportWaveCyclicStreamHDA@@UAEPAXI@Z 00013ae0 f i minwave.obj
 0001:00003840       ??0IMiniport@@QAE@XZ       00013b20 f i minwave.obj
 0001:00003840       ??0IAdapterCommon@@QAE@XZ  00013b20 f i minwave.obj
 0001:00003840       ??0IMiniportWaveCyclicStream@@QAE@XZ 00013b20 f i minwave.obj
 0001:00003840       ??0IAdapterPowerManagement@@QAE@XZ 00013b20 f i minwave.obj
 0001:00003879       ?GetPosition@CMiniportWaveCyclicStreamHDA@@UAGJPAK@Z 00013b59 f   minwave.obj
 0001:0000396e       ?NormalizePhysicalPosition@CMiniportWaveCyclicStreamHDA@@UAGJPA_J@Z 00013c4e f   minwave.obj
 0001:00003a10       ?Silence@CMiniportWaveCyclicStreamHDA@@UAGXPAXK@Z 00013cf0 f   minwave.obj
 0001:00003a4e       _DbgPrint                  00013d2e f   ntoskrnl:ntoskrnl.exe
 0001:00003a54       _DbgBreakPoint@0           00013d34 f   ntoskrnl:ntoskrnl.exe
 0001:00003a5a       __alldiv                   00013d3a f   ntoskrnl:ntoskrnl.exe
 0001:00003a60       __allmul                   00013d40 f   ntoskrnl:ntoskrnl.exe
 0001:00003a66       _PcInitializeAdapterDriver@12 00013d46 f   portcls:portcls.sys
 0001:00003a6c       _PcAddAdapterDevice@20     00013d4c f   portcls:portcls.sys
 0001:00003a72       _PcRegisterSubdevice@12    00013d52 f   portcls:portcls.sys
 0001:00003a78       _PcNewMiniport@8           00013d58 f   portcls:portcls.sys
 0001:00003a7e       _PcNewPort@8               00013d5e f   portcls:portcls.sys
 0001:00003a84       _PcRegisterPhysicalConnection@20 00013d64 f   portcls:portcls.sys
 0001:00003a8a       _PcRegisterAdapterPowerManagement@8 00013d6a f   portcls:portcls.sys
 0001:00003a90       _PcNewResourceSublist@20   00013d70 f   portcls:portcls.sys
 0001:00003a96       _PcNewInterruptSync@20     00013d76 f   portcls:portcls.sys
 0001:00003a9c       _PcNewRegistryKey@36       00013d7c f   portcls:portcls.sys
 0001:00003aa2       _PcNewServiceGroup@8       00013d82 f   portcls:portcls.sys
 0001:00003aa8       ??0CUnknown@@QAE@PAUIUnknown@@@Z 00013d88 f   stdunk:stdunk.obj
 0001:00003ac7       ??_GCUnknown@@UAEPAXI@Z    00013da7 f i stdunk:stdunk.obj
 0001:00003ac7       ??_ECUnknown@@UAEPAXI@Z    00013da7 f i stdunk:stdunk.obj
 0001:00003ae3       ??1CUnknown@@UAE@XZ        00013dc3 f   stdunk:stdunk.obj
 0001:00003aea       ?NonDelegatingAddRef@CUnknown@@UAGKXZ 00013dca f   stdunk:stdunk.obj
 0001:00003b00       ?NonDelegatingRelease@CUnknown@@UAGKXZ 00013de0 f   stdunk:stdunk.obj
 0001:00003b2f       ?NonDelegatingQueryInterface@CUnknown@@UAGJABU_GUID@@PAPAX@Z 00013e0f f   stdunk:stdunk.obj
 0002:00000000       __imp_@KfAcquireSpinLock@4 00013e80     hal:HAL.dll
 0002:00000004       __imp_@KfReleaseSpinLock@8 00013e84     hal:HAL.dll
 0002:00000008       __imp__KeStallExecutionProcessor@4 00013e88     hal:HAL.dll
 0002:0000000c       __imp__KeGetCurrentIrql@0  00013e8c     hal:HAL.dll
 0002:00000010       \177HAL_NULL_THUNK_DATA    00013e90     hal:HAL.dll
 0002:00000014       __imp__MmMapIoSpace@16     00013e94     ntoskrnl:ntoskrnl.exe
 0002:00000018       __imp__KeInitializeSpinLock@4 00013e98     ntoskrnl:ntoskrnl.exe
 0002:0000001c       __imp__MmUnmapIoSpace@8    00013e9c     ntoskrnl:ntoskrnl.exe
 0002:00000020       __imp__IoGetDmaAdapter@12  00013ea0     ntoskrnl:ntoskrnl.exe
 0002:00000024       __imp__READ_REGISTER_ULONG@4 00013ea4     ntoskrnl:ntoskrnl.exe
 0002:00000028       __imp__WRITE_REGISTER_ULONG@8 00013ea8     ntoskrnl:ntoskrnl.exe
 0002:0000002c       __imp__RtlInitUnicodeString@8 00013eac     ntoskrnl:ntoskrnl.exe
 0002:00000030       __imp__READ_REGISTER_UCHAR@4 00013eb0     ntoskrnl:ntoskrnl.exe
 0002:00000034       __imp__WRITE_REGISTER_UCHAR@8 00013eb4     ntoskrnl:ntoskrnl.exe
 0002:00000038       __imp__READ_REGISTER_USHORT@4 00013eb8     ntoskrnl:ntoskrnl.exe
 0002:0000003c       __imp__ExFreePool@4        00013ebc     ntoskrnl:ntoskrnl.exe
 0002:00000040       __imp__ExAllocatePoolWithTag@12 00013ec0     ntoskrnl:ntoskrnl.exe
 0002:00000044       __imp__KeWaitForSingleObject@20 00013ec4     ntoskrnl:ntoskrnl.exe
 0002:00000048       __imp_@IofCallDriver@8     00013ec8     ntoskrnl:ntoskrnl.exe
 0002:0000004c       __imp__IoBuildSynchronousFsdRequest@28 00013ecc     ntoskrnl:ntoskrnl.exe
 0002:00000050       __imp__IoGetAttachedDeviceReference@4 00013ed0     ntoskrnl:ntoskrnl.exe
 0002:00000054       __imp__KeInitializeEvent@12 00013ed4     ntoskrnl:ntoskrnl.exe
 0002:00000058       __imp__KeInitializeMutex@8 00013ed8     ntoskrnl:ntoskrnl.exe
 0002:0000005c       __imp__RtlAssert@16        00013edc     ntoskrnl:ntoskrnl.exe
 0002:00000060       __imp___alldiv             00013ee0     ntoskrnl:ntoskrnl.exe
 0002:00000064       __imp___allmul             00013ee4     ntoskrnl:ntoskrnl.exe
 0002:00000068       __imp__DbgBreakPoint@0     00013ee8     ntoskrnl:ntoskrnl.exe
 0002:0000006c       __imp__DbgPrint            00013eec     ntoskrnl:ntoskrnl.exe
 0002:00000070       __imp_@ObfDereferenceObject@4 00013ef0     ntoskrnl:ntoskrnl.exe
 0002:00000074       __imp__WRITE_REGISTER_USHORT@8 00013ef4     ntoskrnl:ntoskrnl.exe
 0002:00000078       __imp__KeReleaseMutex@8    00013ef8     ntoskrnl:ntoskrnl.exe
 0002:0000007c       __imp_@InterlockedDecrement@4 00013efc     ntoskrnl:ntoskrnl.exe
 0002:00000080       __imp_@InterlockedIncrement@4 00013f00     ntoskrnl:ntoskrnl.exe
 0002:00000084       \177ntoskrnl_NULL_THUNK_DATA 00013f04     ntoskrnl:ntoskrnl.exe
 0002:00000088       __imp__PcInitializeAdapterDriver@12 00013f08     portcls:portcls.sys
 0002:0000008c       __imp__PcNewMiniport@8     00013f0c     portcls:portcls.sys
 0002:00000090       __imp__PcNewPort@8         00013f10     portcls:portcls.sys
 0002:00000094       __imp__PcRegisterPhysicalConnection@20 00013f14     portcls:portcls.sys
 0002:00000098       __imp__PcAddAdapterDevice@20 00013f18     portcls:portcls.sys
 0002:0000009c       __imp__PcRegisterSubdevice@12 00013f1c     portcls:portcls.sys
 0002:000000a0       __imp__PcNewInterruptSync@20 00013f20     portcls:portcls.sys
 0002:000000a4       __imp__PcNewRegistryKey@36 00013f24     portcls:portcls.sys
 0002:000000a8       __imp__PcNewServiceGroup@8 00013f28     portcls:portcls.sys
 0002:000000ac       __imp__PcRegisterAdapterPowerManagement@8 00013f2c     portcls:portcls.sys
 0002:000000b0       __imp__PcNewResourceSublist@20 00013f30     portcls:portcls.sys
 0002:000000b4       \177portcls_NULL_THUNK_DATA 00013f34     portcls:portcls.sys
 0002:00000130       _IID_IAdapterCommon        00013fb0     adapter.obj
 0002:00000140       _CLSID_MiniportDriverFmSynth 00013fc0     adapter.obj
 0002:00000150       _CLSID_PortWaveCyclic      00013fd0     adapter.obj
 0002:00000160       _CLSID_PortTopology        00013fe0     adapter.obj
 0002:00000170       _CLSID_PortMidi            00013ff0     adapter.obj
 0002:00000180       _IID_IAdapterPowerManagment 00014000     adapter.obj
 0002:00000190       _IID_IMiniportWaveCyclicStream 00014010     adapter.obj
 0002:000001a0       _IID_IMiniportWaveCyclic   00014020     adapter.obj
 0002:000001b0       _IID_IPortWaveCyclic       00014030     adapter.obj
 0002:000001c0       _IID_IMiniportTopology     00014040     adapter.obj
 0002:000001d0       _IID_IMiniport             00014050     adapter.obj
 0002:000001e0       _IID_IUnknown              00014060     adapter.obj
 0002:000001f0       ??_C@_1BE@ENEK@?$AAR?$AAi?$AAg?$AAh?$AAt?$AAB?$AAa?$AAs?$AAs?$AA?$AA@ 00014070     common.obj
 0002:00000204       ??_C@_1BC@JMJO@?$AAL?$AAe?$AAf?$AAt?$AAB?$AAa?$AAs?$AAs?$AA?$AA@ 00014084     common.obj
 0002:00000218       ??_C@_1BI@KGAJ@?$AAR?$AAi?$AAg?$AAh?$AAt?$AAT?$AAr?$AAe?$AAb?$AAl?$AAe?$AA?$AA@ 00014098     common.obj
 0002:00000230       ??_C@_1BG@BGGD@?$AAL?$AAe?$AAf?$AAt?$AAT?$AAr?$AAe?$AAb?$AAl?$AAe?$AA?$AA@ 000140b0     common.obj
 0002:00000248       ??_C@_1O@IECC@?$AAM?$AAi?$AAc?$AAA?$AAG?$AAC?$AA?$AA@ 000140c8     common.obj
 0002:00000258       ??_C@_1CA@EJHI@?$AAR?$AAi?$AAg?$AAh?$AAt?$AAO?$AAu?$AAt?$AAp?$AAu?$AAt?$AAG?$AAa?$AAi?$AAn?$AA?$AA@ 000140d8     common.obj
 0002:00000278       ??_C@_1BO@PPLI@?$AAL?$AAe?$AAf?$AAt?$AAO?$AAu?$AAt?$AAp?$AAu?$AAt?$AAG?$AAa?$AAi?$AAn?$AA?$AA@ 000140f8     common.obj
 0002:00000298       ??_C@_1BO@PMCJ@?$AAR?$AAi?$AAg?$AAh?$AAt?$AAI?$AAn?$AAp?$AAu?$AAt?$AAG?$AAa?$AAi?$AAn?$AA?$AA@ 00014118     common.obj
 0002:000002b8       ??_C@_1BM@CFEM@?$AAL?$AAe?$AAf?$AAt?$AAI?$AAn?$AAp?$AAu?$AAt?$AAG?$AAa?$AAi?$AAn?$AA?$AA@ 00014138     common.obj
 0002:000002d4       ??_C@_1CA@CIKM@?$AAR?$AAi?$AAg?$AAh?$AAt?$AAI?$AAn?$AAp?$AAu?$AAt?$AAM?$AAi?$AAx?$AAe?$AAr?$AA?$AA@ 00014154     common.obj
 0002:000002f4       ??_C@_1BO@JOGM@?$AAL?$AAe?$AAf?$AAt?$AAI?$AAn?$AAp?$AAu?$AAt?$AAM?$AAi?$AAx?$AAe?$AAr?$AA?$AA@ 00014174     common.obj
 0002:00000314       ??_C@_1BI@BMOJ@?$AAO?$AAu?$AAt?$AAp?$AAu?$AAt?$AAM?$AAi?$AAx?$AAe?$AAr?$AA?$AA@ 00014194     common.obj
 0002:0000032c       ??_C@_1BE@GLOL@?$AAP?$AAc?$AAS?$AAp?$AAk?$AAr?$AAV?$AAo?$AAl?$AA?$AA@ 000141ac     common.obj
 0002:00000340       ??_C@_1O@MNBB@?$AAM?$AAi?$AAc?$AAV?$AAo?$AAl?$AA?$AA@ 000141c0     common.obj
 0002:00000350       ??_C@_1BO@HCKE@?$AAR?$AAi?$AAg?$AAh?$AAt?$AAL?$AAi?$AAn?$AAe?$AAI?$AAn?$AAV?$AAo?$AAl?$AA?$AA@ 000141d0     common.obj
 0002:00000370       ??_C@_1BM@KLMB@?$AAL?$AAe?$AAf?$AAt?$AAL?$AAi?$AAn?$AAe?$AAI?$AAn?$AAV?$AAo?$AAl?$AA?$AA@ 000141f0     common.obj
 0002:0000038c       ??_C@_1BG@COJL@?$AAR?$AAi?$AAg?$AAh?$AAt?$AAC?$AAD?$AAV?$AAo?$AAl?$AA?$AA@ 0001420c     common.obj
 0002:000003a4       ??_C@_1BE@KMKA@?$AAL?$AAe?$AAf?$AAt?$AAC?$AAD?$AAV?$AAo?$AAl?$AA?$AA@ 00014224     common.obj
 0002:000003b8       ??_C@_1BK@JCIM@?$AAR?$AAi?$AAg?$AAh?$AAt?$AAM?$AAi?$AAd?$AAi?$AAV?$AAo?$AAl?$AA?$AA@ 00014238     common.obj
 0002:000003d4       ??_C@_1BI@KBIJ@?$AAL?$AAe?$AAf?$AAt?$AAM?$AAi?$AAd?$AAi?$AAV?$AAo?$AAl?$AA?$AA@ 00014254     common.obj
 0002:000003ec       ??_C@_1BK@MFCG@?$AAR?$AAi?$AAg?$AAh?$AAt?$AAW?$AAa?$AAv?$AAe?$AAV?$AAo?$AAl?$AA?$AA@ 0001426c     common.obj
 0002:00000408       ??_C@_1BI@PGCD@?$AAL?$AAe?$AAf?$AAt?$AAW?$AAa?$AAv?$AAe?$AAV?$AAo?$AAl?$AA?$AA@ 00014288     common.obj
 0002:00000420       ??_C@_1BO@NHA@?$AAR?$AAi?$AAg?$AAh?$AAt?$AAM?$AAa?$AAs?$AAt?$AAe?$AAr?$AAV?$AAo?$AAl?$AA?$AA@ 000142a0     common.obj
 0002:00000440       ??_C@_1BM@NEBF@?$AAL?$AAe?$AAf?$AAt?$AAM?$AAa?$AAs?$AAt?$AAe?$AAr?$AAV?$AAo?$AAl?$AA?$AA@ 000142c0     common.obj
 0002:0000045c       ??_7CAdapterCommon@@6BCUnknown@@@ 000142dc     common.obj
 0002:0000046c       ??_7CAdapterCommon@@6BIAdapterPowerManagement@@@ 000142ec     common.obj
 0002:00000484       ??_7CAdapterCommon@@6BIAdapterCommon@@@ 00014304     common.obj
 0002:000005a8       ??_7CMiniportTopologyHDA@@6BCUnknown@@@ 00014428     mintopo.obj
 0002:000005b8       ??_7CMiniportTopologyHDA@@6BIMiniportTopology@@@ 00014438     mintopo.obj
 0002:000005d0       ??_7CMiniportWaveCyclicHDA@@6BCUnknown@@@ 00014450     minwave.obj
 0002:000005e0       ??_7CMiniportWaveCyclicHDA@@6BIMiniportWaveCyclic@@@ 00014460     minwave.obj
 0002:000005fc       ??_7CMiniportWaveCyclicStreamHDA@@6BCUnknown@@@ 0001447c     minwave.obj
 0002:0000060c       ??_7CMiniportWaveCyclicStreamHDA@@6BIMiniportWaveCyclicStream@@@ 0001448c     minwave.obj
 0002:00000630       ??_7CUnknown@@6B@          000144b0     stdunk:stdunk.obj
 0003:00000000       ?ulDebugOut@@3KA           000144c0     adapter.obj
 0003:00000008       __GUID_b7902fe9_fb0a_11d1_81b0_0060083316c1 000144c8     adapter.obj
 0003:00000018       __GUID_d3f0ce1c_fffc_11d1_81b0_0060083316c1 000144d8     adapter.obj
 0003:00000028       __GUID_c096df9c_fb09_11d1_81b0_0060083316c1 000144e8     adapter.obj
 0003:000000fc       ?audBufSize@@3KA           000145bc     common.obj
 0003:00000100       ?BdlSize@@3KA              000145c0     common.obj
 0003:00000800       __GUID_185fedf6_9905_11d1_95a9_00c04fb925d3 00014cc0     mintopo.obj
 0003:00000810       __GUID_185fedef_9905_11d1_95a9_00c04fb925d3 00014cd0     mintopo.obj
 0003:00000820       __GUID_185fede1_9905_11d1_95a9_00c04fb925d3 00014ce0     mintopo.obj
 0003:00000830       __GUID_185fede0_9905_11d1_95a9_00c04fb925d3 00014cf0     mintopo.obj
 0003:00000840       __GUID_7607e580_c557_11d0_8a2b_00a0c9255ac1 00014d00     mintopo.obj
 0003:00000850       __GUID_185fede3_9905_11d1_95a9_00c04fb925d3 00014d10     mintopo.obj
 0003:00000860       __GUID_da441a60_c556_11d0_8a2b_00a0c9255ac1 00014d20     mintopo.obj
 0003:00000870       __GUID_185fedee_9905_11d1_95a9_00c04fb925d3 00014d30     mintopo.obj
 0003:00000880       __GUID_02b223c0_c557_11d0_8a2b_00a0c9255ac1 00014d40     mintopo.obj
 0003:00000890       __GUID_185feded_9905_11d1_95a9_00c04fb925d3 00014d50     mintopo.obj
 0003:000008a0       __GUID_e88c9ba0_c557_11d0_8a2b_00a0c9255ac1 00014d60     mintopo.obj
 0003:000008b0       __GUID_185fedec_9905_11d1_95a9_00c04fb925d3 00014d70     mintopo.obj
 0003:000008c0       __GUID_185fedeb_9905_11d1_95a9_00c04fb925d3 00014d80     mintopo.obj
 0003:000008d0       __GUID_185fedea_9905_11d1_95a9_00c04fb925d3 00014d90     mintopo.obj
 0003:000008e0       __GUID_185fede9_9905_11d1_95a9_00c04fb925d3 00014da0     mintopo.obj
 0003:000008f0       __GUID_185fede8_9905_11d1_95a9_00c04fb925d3 00014db0     mintopo.obj
 0003:00000900       __GUID_e573adc0_c555_11d0_8a2b_00a0c9255ac1 00014dc0     mintopo.obj
 0003:00000910       __GUID_185fede7_9905_11d1_95a9_00c04fb925d3 00014dd0     mintopo.obj
 0003:00000920       __GUID_185fede5_9905_11d1_95a9_00c04fb925d3 00014de0     mintopo.obj
 0003:00000930       __GUID_3a5acc00_c557_11d0_8a2b_00a0c9255ac1 00014df0     mintopo.obj
 0003:00000940       __GUID_45ffaaa0_6e1b_11d0_bcf2_444553540000 00014e00     mintopo.obj
 0003:00000950       __GUID_6994ad04_93ef_11d0_a3cc_00a0c9223196 00014e10     mintopo.obj
 0003:00000960       __GUID_185fedf7_9905_11d1_95a9_00c04fb925d3 00014e20     mintopo.obj
 0003:00000970       __GUID_dff21ce1_f70f_11d0_b917_00a0c9223196 00014e30     mintopo.obj
 0003:00000980       __GUID_dff21be1_f70f_11d0_b917_00a0c9223196 00014e40     mintopo.obj
 0003:00000990       __GUID_185fedf9_9905_11d1_95a9_00c04fb925d3 00014e50     mintopo.obj
 0003:000009a0       __GUID_dff21fe3_f70f_11d0_b917_00a0c9223196 00014e60     mintopo.obj
 0003:000009b0       __GUID_185fedfb_9905_11d1_95a9_00c04fb925d3 00014e70     mintopo.obj
 0003:000009c0       __GUID_dff220e3_f70f_11d0_b917_00a0c9223196 00014e80     mintopo.obj
 0003:000009d0       __GUID_185fedf8_9905_11d1_95a9_00c04fb925d3 00014e90     mintopo.obj
 0003:000009e0       __GUID_dff220f3_f70f_11d0_b917_00a0c9223196 00014ea0     mintopo.obj
 0003:000009f0       __GUID_dff21fe4_f70f_11d0_b917_00a0c9223196 00014eb0     mintopo.obj
 0003:00000a00       __GUID_97e99ba0_bdea_11cf_a5d6_28db04c10000 00014ec0     mintopo.obj
 0003:00000c48       __GUID_507ae360_c554_11d0_8a2b_00a0c9255ac1 00015108     minwave.obj
 0003:00000c58       __GUID_4d837fe0_c555_11d0_8a2b_00a0c9255ac1 00015118     minwave.obj
 0003:00000c68       __GUID_185fedfa_9905_11d1_95a9_00c04fb925d3 00015128     minwave.obj
 0003:00000c78       __GUID_fb6c4281_0353_11d1_905f_0000c0cc16ba 00015138     minwave.obj
 0003:00000c88       __GUID_05589f81_c356_11ce_bf01_00aa0055595a 00015148     minwave.obj
 0003:00000c98       __GUID_00000001_0000_0010_8000_00aa00389b71 00015158     minwave.obj
 0003:00000ca8       __GUID_73647561_0000_0010_8000_00aa00389b71 00015168     minwave.obj
 0003:00000cb8       __GUID_518590a2_a184_11d0_8522_00c04fd9baf3 00015178     minwave.obj
 0003:00000cc8       __GUID_0f6417d6_c318_11d0_a43f_00a0c9223196 00015188     minwave.obj
 0003:00000cd8       __GUID_00000000_0000_0000_0000_000000000000 00015198     adapter.obj
 0004:0000003e       _AddDevice@8               000151fe f   adapter.obj
 0004:0000026a       ?InstallSubdevice@@YGJPAU_DEVICE_OBJECT@@PAU_IRP@@PAGABU_GUID@@3P6GJPAPAUIUnknown@@3PAU4@W4_POOL_TYPE@@@Z5PAUIResourceList@@344@Z 0001542a f   adapter.obj
 0004:0000066e       ?StartDevice@@YGJPAU_DEVICE_OBJECT@@PAU_IRP@@PAUIResourceList@@@Z 0001582e f   adapter.obj
 0004:00000e6e       ?AssignResources@@YGJPAUIResourceList@@PAPAU1@11111@Z 0001602e f   adapter.obj
 0004:000013c8       ?NewAdapterCommon@@YGJPAPAUIUnknown@@ABU_GUID@@PAU1@W4_POOL_TYPE@@@Z 00016588 f   common.obj
 0004:00001d41       ?Init@CAdapterCommon@@UAGJPAUIResourceList@@PAU_DEVICE_OBJECT@@@Z 00016f01 f   common.obj
 0004:00003202       ??1CAdapterCommon@@UAE@XZ  000183c2 f   common.obj
 0004:00003667       ?NonDelegatingQueryInterface@CAdapterCommon@@UAGJABU_GUID@@PAPAX@Z 00018827 f   common.obj
 0004:000037be       ?WavePortDriverDest@CAdapterCommon@@UAGPAPAUIUnknown@@XZ 0001897e f   common.obj
 0004:0000385e       ?GetInterruptSync@CAdapterCommon@@UAGPAUIInterruptSync@@XZ 00018a1e f   common.obj
 0004:000038fe       ?MidiPortDriverDest@CAdapterCommon@@UAGPAPAUIUnknown@@XZ 00018abe f   common.obj
 0004:0000399e       ?SetWaveServiceGroup@CAdapterCommon@@UAGXPAUIServiceGroup@@@Z 00018b5e f   common.obj
 0004:000040b2       ?InitHDAController@CAdapterCommon@@QAGJXZ 00019272 f   common.obj
 0004:000050e6       ?InitializeCodec@CAdapterCommon@@QAGJE@Z 0001a2a6 f   common.obj
 0004:00005798       ?hda_initialize_audio_function_group@CAdapterCommon@@QAGJKK@Z 0001a958 f   common.obj
 0004:000061ee       ?hda_get_node_type@CAdapterCommon@@QAGEKK@Z 0001b3ae f   common.obj
 0004:0000629e       ?hda_get_node_connection_entries@CAdapterCommon@@QAGKKKK@Z 0001b45e f   common.obj
 0004:000063b0       ?hda_enable_pin_output@CAdapterCommon@@QAGXKK@Z 0001b570 f   common.obj
 0004:000063f0       ?hda_disable_pin_output@CAdapterCommon@@QAGXKK@Z 0001b5b0 f   common.obj
 0004:00006430       ?hda_is_headphone_connected@CAdapterCommon@@QAGEXZ 0001b5f0 f   common.obj
 0004:00006532       ?hda_initialize_output_pin@CAdapterCommon@@QAGXK@Z 0001b6f2 f   common.obj
 0004:00006956       ?hda_initialize_audio_output@CAdapterCommon@@QAGXK@Z 0001bb16 f   common.obj
 0004:00006d7a       ?hda_initialize_audio_mixer@CAdapterCommon@@QAGXK@Z 0001bf3a f   common.obj
 0004:000070b2       ?hda_initialize_audio_selector@CAdapterCommon@@QAGXK@Z 0001c272 f   common.obj
 0004:000073b8       ?CreateMiniportTopologyHDA@@YGJPAPAUIUnknown@@ABU_GUID@@PAU1@W4_POOL_TYPE@@@Z 0001c578 f   mintopo.obj
 0004:0000752a       ?ProcessResources@CMiniportTopologyHDA@@AAEJPAUIResourceList@@@Z 0001c6ea f   mintopo.obj
 0004:000076ba       ?NonDelegatingQueryInterface@CMiniportTopologyHDA@@UAGJABU_GUID@@PAPAX@Z 0001c87a f   mintopo.obj
 0004:0000786e       ??1CMiniportTopologyHDA@@UAE@XZ 0001ca2e f   mintopo.obj
 0004:00007a46       ?Init@CMiniportTopologyHDA@@UAGJPAUIUnknown@@PAUIResourceList@@PAUIPortTopology@@@Z 0001cc06 f   mintopo.obj
 0004:00007c5a       ?GetDescription@CMiniportTopologyHDA@@UAGJPAPAUPCFILTER_DESCRIPTOR@@@Z 0001ce1a f   mintopo.obj
 0004:00009438       ?CreateMiniportWaveCyclicHDA@@YGJPAPAUIUnknown@@ABU_GUID@@PAU1@W4_POOL_TYPE@@@Z 0001e5f8 f   minwave.obj
 0004:00009706       ?ProcessResources@CMiniportWaveCyclicHDA@@AAEJPAUIResourceList@@@Z 0001e8c6 f   minwave.obj
 0004:00009b72       ?ValidateFormat@CMiniportWaveCyclicHDA@@AAEJPATKSDATAFORMAT@@@Z 0001ed32 f   minwave.obj
 0004:00009d9e       ?NonDelegatingQueryInterface@CMiniportWaveCyclicHDA@@UAGJABU_GUID@@PAPAX@Z 0001ef5e f   minwave.obj
 0004:00009f52       ??1CMiniportWaveCyclicHDA@@UAE@XZ 0001f112 f   minwave.obj
 0004:0000a156       ?Init@CMiniportWaveCyclicHDA@@UAGJPAUIUnknown@@PAUIResourceList@@PAUIPortWaveCyclic@@@Z 0001f316 f   minwave.obj
 0004:0000a3ee       ?GetDescription@CMiniportWaveCyclicHDA@@UAGJPAPAUPCFILTER_DESCRIPTOR@@@Z 0001f5ae f   minwave.obj
 0004:0000a5da       ?DataRangeIntersection@CMiniportWaveCyclicHDA@@UAGJKPATKSDATAFORMAT@@0KPAXPAK@Z 0001f79a f   minwave.obj
 0004:0000abda       ?NewStream@CMiniportWaveCyclicHDA@@UAGJPAPAUIMiniportWaveCyclicStream@@PAUIUnknown@@W4_POOL_TYPE@@KEPATKSDATAFORMAT@@PAPAUIDmaChannel@@PAPAUIServiceGroup@@@Z 0001fd9a f   minwave.obj
 0004:0000af72       ?NonDelegatingQueryInterface@CMiniportWaveCyclicStreamHDA@@UAGJABU_GUID@@PAPAX@Z 00020132 f   minwave.obj
 0004:0000b11e       ??1CMiniportWaveCyclicStreamHDA@@UAE@XZ 000202de f   minwave.obj
 0004:0000b390       ?Init@CMiniportWaveCyclicStreamHDA@@QAEJPAVCMiniportWaveCyclicHDA@@KEPATKSDATAFORMAT@@PAUIDmaChannel@@@Z 00020550 f   minwave.obj
 0004:0000b602       ?SetNotificationFreq@CMiniportWaveCyclicStreamHDA@@UAGKKPAK@Z 000207c2 f   minwave.obj
 0004:0000b796       ?SetFormat@CMiniportWaveCyclicStreamHDA@@UAGJPATKSDATAFORMAT@@@Z 00020956 f   minwave.obj
 0004:0000b9de       ?SetState@CMiniportWaveCyclicStreamHDA@@UAGJW4KSSTATE@@@Z 00020b9e f   minwave.obj
 0005:0000003e       _DriverEntry@8             00020cfe f   adapter.obj
 0005:000000ac       __IMPORT_DESCRIPTOR_ntoskrnl 00020d6c     ntoskrnl:ntoskrnl.exe
 0005:000000c0       __IMPORT_DESCRIPTOR_HAL    00020d80     hal:HAL.dll
 0005:000000d4       __IMPORT_DESCRIPTOR_portcls 00020d94     portcls:portcls.sys
 0005:000000e8       __NULL_IMPORT_DESCRIPTOR   00020da8     ntoskrnl:ntoskrnl.exe

 entry point at        0005:0000003e

 Static symbols

 0004:00007dae       ?PropertyHandler_OnOff@@YGJPAU_PCPROPERTY_REQUEST@@@Z 0001cf6e f   mintopo.obj
 0004:000081c6       ?PropertyHandler_SuperMixCaps@@YGJPAU_PCPROPERTY_REQUEST@@@Z 0001d386 f   mintopo.obj
 0004:000087d6       ?PropertyHandler_SuperMixTable@@YGJPAU_PCPROPERTY_REQUEST@@@Z 0001d996 f   mintopo.obj
 0004:00008f06       ?PropertyHandler_CpuResources@@YGJPAU_PCPROPERTY_REQUEST@@@Z 0001e0c6 f   mintopo.obj
 0001:00002f0e       ?PropertyHandler_Level@@YGJPAU_PCPROPERTY_REQUEST@@@Z 000131ee f   mintopo.obj
 0004:00009166       ?BasicSupportHandler@@YGJPAU_PCPROPERTY_REQUEST@@@Z 0001e326 f   mintopo.obj

 318 bytes saved through ICF

