 HDA

 Timestamp is 68f18dd6 (Thu Oct 16 17:29:10 2025)

 Preferred load address is 00010000

 Start         Length     Name                   Class
 0001:00000000 00002e7cH .text                   CODE
 0002:00000000 000000a4H .idata$5                DATA
 0002:000000a8 00000580H .rdata                  DATA
 0003:00000000 00000cd0H .data                   DATA
 0003:00000cd0 00000010H .bss                    DATA
 0004:00000000 0000a49fH PAGE                    CODE
 0005:00000000 000000a9H INIT                    CODE
 0005:000000ac 0000003cH .idata$2                CODE
 0005:000000e8 00000014H .idata$3                CODE
 0005:000000fc 000000a4H .idata$4                CODE
 0005:000001a0 00000338H .idata$6                CODE
 0006:00000000 00000058H .rsrc$01                DATA
 0006:00000060 00000338H .rsrc$02                DATA

  Address         Publics by Value              Rva+Base     Lib:Object

 0001:00000000       ??3@YAXPAX@Z               000102e0 f i common.obj
 0001:00000010       ??2@YGPAXIW4_POOL_TYPE@@K@Z 000102f0 f i common.obj
 0001:00000050       ??0CAdapterCommon@@QAE@PAUIUnknown@@@Z 00010330 f i common.obj
 0001:000000a0       ?QueryInterface@CAdapterCommon@@UAGJABU_GUID@@PAPAX@Z 00010380 f i common.obj
 0001:000000d0       ?GetOuterUnknown@CUnknown@@QAEPAUIUnknown@@XZ 000103b0 f i common.obj
 0001:000000f0       ?AddRef@CAdapterCommon@@UAGKXZ 000103d0 f i common.obj
 0001:00000120       ?Release@CAdapterCommon@@UAGKXZ 00010400 f i common.obj
 0001:00000150       ??_ECAdapterCommon@@UAEPAXI@Z 00010430 f i common.obj
 0001:00000150       ??_GCAdapterCommon@@UAEPAXI@Z 00010430 f i common.obj
 0001:00000190       ??0IUnknown@@QAE@XZ        00010470 f i common.obj
 0001:000001a0       _IsEqualGUIDAligned@8      00010480 f i common.obj
 0001:0000024e       ?hda_send_verb@CAdapterCommon@@QAGKKKKK@Z 0001052e f   common.obj
 0001:00000426       ?ReadController@CAdapterCommon@@UAGEXZ 00010706 f   common.obj
 0001:000004ce       ?WriteController@CAdapterCommon@@UAGEE@Z 000107ae f   common.obj
 0001:000005d6       ?MixerRegWrite@CAdapterCommon@@UAGXEE@Z 000108b6 f   common.obj
 0001:0000071e       ?MixerRegRead@CAdapterCommon@@UAGEE@Z 000109fe f   common.obj
 0001:000007f2       ?MixerReset@CAdapterCommon@@UAGXXZ 00010ad2 f   common.obj
 0001:0000086a       ?AcknowledgeIRQ@CAdapterCommon@@AAEXXZ 00010b4a f   common.obj
 0001:00000916       ?ResetController@CAdapterCommon@@UAGJXZ 00010bf6 f   common.obj
 0001:000009ba       ?RestoreMixerSettingsFromRegistry@CAdapterCommon@@UAGJXZ 00010c9a f   common.obj
 0001:00000c36       ?SaveMixerSettingsToRegistry@CAdapterCommon@@UAGJXZ 00010f16 f   common.obj
 0001:00000e7a       ?ProgramSampleRate@CAdapterCommon@@QAGJK@Z 0001115a f   common.obj
 0001:0000111e       ?PowerChangeState@CAdapterCommon@@UAGXT_POWER_STATE@@@Z 000113fe f   common.obj
 0001:000012ba       ?QueryPowerChangeState@CAdapterCommon@@UAGJT_POWER_STATE@@@Z 0001159a f   common.obj
 0001:0000133e       ?QueryDeviceCapabilities@CAdapterCommon@@UAGJPAU_DEVICE_CAPABILITIES@@@Z 0001161e f   common.obj
 0001:000013fa       ?InterruptServiceRoutine@@YGJPAUIInterruptSync@@PAX@Z 000116da f   common.obj
 0001:00001586       ?hda_stop_stream@CAdapterCommon@@UAGJXZ 00011866 f   common.obj
 0001:000017f0       ?hda_start_sound@CAdapterCommon@@UAGXXZ 00011ad0 f   common.obj
 0001:00001830       ?hda_stop_sound@CAdapterCommon@@UAGXXZ 00011b10 f   common.obj
 0001:00001850       ?hda_get_actual_stream_position@CAdapterCommon@@UAGKXZ 00011b30 f   common.obj
 0001:00001870       ?hda_set_volume@CAdapterCommon@@QAGXK@Z 00011b50 f   common.obj
 0001:000018f0       ?readUCHAR@CAdapterCommon@@QAGEG@Z 00011bd0 f   common.obj
 0001:00001910       ?writeUCHAR@CAdapterCommon@@QAGXGE@Z 00011bf0 f   common.obj
 0001:00001940       ?readUSHORT@CAdapterCommon@@QAGGG@Z 00011c20 f   common.obj
 0001:00001960       ?writeUSHORT@CAdapterCommon@@QAGXGG@Z 00011c40 f   common.obj
 0001:00001990       ?readULONG@CAdapterCommon@@QAGKG@Z 00011c70 f   common.obj
 0001:000019b0       ?writeULONG@CAdapterCommon@@QAGXGK@Z 00011c90 f   common.obj
 0001:000019e0       ?setULONGBit@CAdapterCommon@@QAGXGK@Z 00011cc0 f   common.obj
 0001:00001b82       ?hda_showtime@CAdapterCommon@@UAGJPAUIDmaChannel@@@Z 00011e62 f   common.obj
 0001:00002040       ?hda_return_sound_data_format@CAdapterCommon@@QAGGKKK@Z 00012320 f   common.obj
 0001:000021b0       ?QueryInterface@CAdapterCommon@@W3AGJABU_GUID@@PAPAX@Z 00012490 f i common.obj
 0001:000021c0       ?AddRef@CAdapterCommon@@W3AGKXZ 000124a0 f i common.obj
 0001:000021d0       ?Release@CAdapterCommon@@W3AGKXZ 000124b0 f i common.obj
 0001:000021e0       ??0CMiniportTopologyHDA@@QAE@PAUIUnknown@@@Z 000124c0 f i mintopo.obj
 0001:00002220       ?AddRef@CMiniportWaveCyclicStreamHDA@@UAGKXZ 00012500 f i mintopo.obj
 0001:00002220       ?AddRef@CMiniportWaveCyclicHDA@@UAGKXZ 00012500 f i mintopo.obj
 0001:00002220       ?AddRef@CMiniportTopologyHDA@@UAGKXZ 00012500 f i mintopo.obj
 0001:00002250       ?DataRangeIntersection@CMiniportTopologyHDA@@UAGJKPATKSDATAFORMAT@@0KPAXPAK@Z 00012530 f i mintopo.obj
 0001:00002260       ??_ECMiniportTopologyHDA@@UAEPAXI@Z 00012540 f i mintopo.obj
 0001:00002260       ??_GCMiniportTopologyHDA@@UAEPAXI@Z 00012540 f i mintopo.obj
 0001:000022a0       ??0IMiniportTopology@@QAE@XZ 00012580 f i mintopo.obj
 0001:000022a0       ??0IMiniportWaveCyclic@@QAE@XZ 00012580 f i mintopo.obj
 0001:00002940       ?ReadBitsFromMixer@CMiniportTopologyHDA@@AAEEEEE@Z 00012c20 f   mintopo.obj
 0001:00002990       ?ThisManyOnes@@YGEE@Z      00012c70 f i mintopo.obj
 0001:000029b0       ?WriteBitsToMixer@CMiniportTopologyHDA@@AAEXEEEE@Z 00012c90 f   mintopo.obj
 0001:00002a50       ??0CMiniportWaveCyclicHDA@@QAE@PAUIUnknown@@@Z 00012d30 f i minwave.obj
 0001:00002a90       ?QueryInterface@CMiniportWaveCyclicStreamHDA@@UAGJABU_GUID@@PAPAX@Z 00012d70 f i minwave.obj
 0001:00002a90       ?QueryInterface@CMiniportWaveCyclicHDA@@UAGJABU_GUID@@PAPAX@Z 00012d70 f i minwave.obj
 0001:00002a90       ?QueryInterface@CMiniportTopologyHDA@@UAGJABU_GUID@@PAPAX@Z 00012d70 f i minwave.obj
 0001:00002ac0       ??_GCMiniportWaveCyclicHDA@@UAEPAXI@Z 00012da0 f i minwave.obj
 0001:00002ac0       ??_ECMiniportWaveCyclicHDA@@UAEPAXI@Z 00012da0 f i minwave.obj
 0001:00002b00       ??2@YGPAXIW4_POOL_TYPE@@@Z 00012de0 f i minwave.obj
 0001:00002b50       ??0CMiniportWaveCyclicStreamHDA@@QAE@PAUIUnknown@@@Z 00012e30 f i minwave.obj
 0001:00002b90       ?Release@CMiniportWaveCyclicHDA@@UAGKXZ 00012e70 f i minwave.obj
 0001:00002b90       ?Release@CMiniportTopologyHDA@@UAGKXZ 00012e70 f i minwave.obj
 0001:00002b90       ?Release@CMiniportWaveCyclicStreamHDA@@UAGKXZ 00012e70 f i minwave.obj
 0001:00002bc0       ??_GCMiniportWaveCyclicStreamHDA@@UAEPAXI@Z 00012ea0 f i minwave.obj
 0001:00002bc0       ??_ECMiniportWaveCyclicStreamHDA@@UAEPAXI@Z 00012ea0 f i minwave.obj
 0001:00002c00       ??0IMiniportWaveCyclicStream@@QAE@XZ 00012ee0 f i minwave.obj
 0001:00002c00       ??0IAdapterCommon@@QAE@XZ  00012ee0 f i minwave.obj
 0001:00002c00       ??0IAdapterPowerManagement@@QAE@XZ 00012ee0 f i minwave.obj
 0001:00002c00       ??0IMiniport@@QAE@XZ       00012ee0 f i minwave.obj
 0001:00002c39       ?GetPosition@CMiniportWaveCyclicStreamHDA@@UAGJPAK@Z 00012f19 f   minwave.obj
 0001:00002ca0       ?NormalizePhysicalPosition@CMiniportWaveCyclicStreamHDA@@UAGJPA_J@Z 00012f80 f   minwave.obj
 0001:00002d00       ?Silence@CMiniportWaveCyclicStreamHDA@@UAGXPAXK@Z 00012fe0 f   minwave.obj
 0001:00002d3e       _DbgPrint                  0001301e f   ntoskrnl:ntoskrnl.exe
 0001:00002d44       _DbgBreakPoint@0           00013024 f   ntoskrnl:ntoskrnl.exe
 0001:00002d4a       __alldiv                   0001302a f   ntoskrnl:ntoskrnl.exe
 0001:00002d50       __allmul                   00013030 f   ntoskrnl:ntoskrnl.exe
 0001:00002d56       _PcInitializeAdapterDriver@12 00013036 f   portcls:portcls.sys
 0001:00002d5c       _PcAddAdapterDevice@20     0001303c f   portcls:portcls.sys
 0001:00002d62       _PcRegisterSubdevice@12    00013042 f   portcls:portcls.sys
 0001:00002d68       _PcNewMiniport@8           00013048 f   portcls:portcls.sys
 0001:00002d6e       _PcNewPort@8               0001304e f   portcls:portcls.sys
 0001:00002d74       _PcRegisterPhysicalConnection@20 00013054 f   portcls:portcls.sys
 0001:00002d7a       _PcRegisterAdapterPowerManagement@8 0001305a f   portcls:portcls.sys
 0001:00002d80       _PcNewResourceSublist@20   00013060 f   portcls:portcls.sys
 0001:00002d86       _PcNewInterruptSync@20     00013066 f   portcls:portcls.sys
 0001:00002d8c       _PcNewRegistryKey@36       0001306c f   portcls:portcls.sys
 0001:00002d92       _PcNewServiceGroup@8       00013072 f   portcls:portcls.sys
 0001:00002d98       ??0CUnknown@@QAE@PAUIUnknown@@@Z 00013078 f   stdunk:stdunk.obj
 0001:00002db7       ??_ECUnknown@@UAEPAXI@Z    00013097 f i stdunk:stdunk.obj
 0001:00002db7       ??_GCUnknown@@UAEPAXI@Z    00013097 f i stdunk:stdunk.obj
 0001:00002dd3       ??1CUnknown@@UAE@XZ        000130b3 f   stdunk:stdunk.obj
 0001:00002dda       ?NonDelegatingAddRef@CUnknown@@UAGKXZ 000130ba f   stdunk:stdunk.obj
 0001:00002df0       ?NonDelegatingRelease@CUnknown@@UAGKXZ 000130d0 f   stdunk:stdunk.obj
 0001:00002e1f       ?NonDelegatingQueryInterface@CUnknown@@UAGJABU_GUID@@PAPAX@Z 000130ff f   stdunk:stdunk.obj
 0002:00000000       __imp_@KfAcquireSpinLock@4 00013160     hal:HAL.dll
 0002:00000004       __imp_@KfReleaseSpinLock@8 00013164     hal:HAL.dll
 0002:00000008       __imp__KeGetCurrentIrql@0  00013168     hal:HAL.dll
 0002:0000000c       __imp__KeStallExecutionProcessor@4 0001316c     hal:HAL.dll
 0002:00000010       \177HAL_NULL_THUNK_DATA    00013170     hal:HAL.dll
 0002:00000014       __imp__MmMapIoSpace@16     00013174     ntoskrnl:ntoskrnl.exe
 0002:00000018       __imp__IoGetDmaAdapter@12  00013178     ntoskrnl:ntoskrnl.exe
 0002:0000001c       __imp__ExAllocatePoolWithTag@12 0001317c     ntoskrnl:ntoskrnl.exe
 0002:00000020       __imp__KeInitializeSpinLock@4 00013180     ntoskrnl:ntoskrnl.exe
 0002:00000024       __imp__READ_REGISTER_ULONG@4 00013184     ntoskrnl:ntoskrnl.exe
 0002:00000028       __imp__WRITE_REGISTER_ULONG@8 00013188     ntoskrnl:ntoskrnl.exe
 0002:0000002c       __imp__RtlInitUnicodeString@8 0001318c     ntoskrnl:ntoskrnl.exe
 0002:00000030       __imp__MmUnmapIoSpace@8    00013190     ntoskrnl:ntoskrnl.exe
 0002:00000034       __imp__DbgPrint            00013194     ntoskrnl:ntoskrnl.exe
 0002:00000038       __imp__READ_REGISTER_USHORT@4 00013198     ntoskrnl:ntoskrnl.exe
 0002:0000003c       __imp__WRITE_REGISTER_USHORT@8 0001319c     ntoskrnl:ntoskrnl.exe
 0002:00000040       __imp__KeInitializeMutex@8 000131a0     ntoskrnl:ntoskrnl.exe
 0002:00000044       __imp__KeReleaseMutex@8    000131a4     ntoskrnl:ntoskrnl.exe
 0002:00000048       __imp__KeWaitForSingleObject@20 000131a8     ntoskrnl:ntoskrnl.exe
 0002:0000004c       __imp___alldiv             000131ac     ntoskrnl:ntoskrnl.exe
 0002:00000050       __imp__RtlAssert@16        000131b0     ntoskrnl:ntoskrnl.exe
 0002:00000054       __imp__ExFreePool@4        000131b4     ntoskrnl:ntoskrnl.exe
 0002:00000058       __imp__DbgBreakPoint@0     000131b8     ntoskrnl:ntoskrnl.exe
 0002:0000005c       __imp__READ_REGISTER_UCHAR@4 000131bc     ntoskrnl:ntoskrnl.exe
 0002:00000060       __imp__WRITE_REGISTER_UCHAR@8 000131c0     ntoskrnl:ntoskrnl.exe
 0002:00000064       __imp___allmul             000131c4     ntoskrnl:ntoskrnl.exe
 0002:00000068       __imp_@InterlockedDecrement@4 000131c8     ntoskrnl:ntoskrnl.exe
 0002:0000006c       __imp_@InterlockedIncrement@4 000131cc     ntoskrnl:ntoskrnl.exe
 0002:00000070       \177ntoskrnl_NULL_THUNK_DATA 000131d0     ntoskrnl:ntoskrnl.exe
 0002:00000074       __imp__PcInitializeAdapterDriver@12 000131d4     portcls:portcls.sys
 0002:00000078       __imp__PcNewMiniport@8     000131d8     portcls:portcls.sys
 0002:0000007c       __imp__PcNewPort@8         000131dc     portcls:portcls.sys
 0002:00000080       __imp__PcRegisterPhysicalConnection@20 000131e0     portcls:portcls.sys
 0002:00000084       __imp__PcAddAdapterDevice@20 000131e4     portcls:portcls.sys
 0002:00000088       __imp__PcRegisterSubdevice@12 000131e8     portcls:portcls.sys
 0002:0000008c       __imp__PcNewInterruptSync@20 000131ec     portcls:portcls.sys
 0002:00000090       __imp__PcNewRegistryKey@36 000131f0     portcls:portcls.sys
 0002:00000094       __imp__PcNewServiceGroup@8 000131f4     portcls:portcls.sys
 0002:00000098       __imp__PcRegisterAdapterPowerManagement@8 000131f8     portcls:portcls.sys
 0002:0000009c       __imp__PcNewResourceSublist@20 000131fc     portcls:portcls.sys
 0002:000000a0       \177portcls_NULL_THUNK_DATA 00013200     portcls:portcls.sys
 0002:00000120       _IID_IAdapterCommon        00013280     adapter.obj
 0002:00000130       _CLSID_MiniportDriverFmSynth 00013290     adapter.obj
 0002:00000140       _CLSID_PortWaveCyclic      000132a0     adapter.obj
 0002:00000150       _CLSID_PortTopology        000132b0     adapter.obj
 0002:00000160       _CLSID_PortMidi            000132c0     adapter.obj
 0002:00000170       _IID_IAdapterPowerManagment 000132d0     adapter.obj
 0002:00000180       _IID_IMiniportWaveCyclicStream 000132e0     adapter.obj
 0002:00000190       _IID_IMiniportWaveCyclic   000132f0     adapter.obj
 0002:000001a0       _IID_IPortWaveCyclic       00013300     adapter.obj
 0002:000001b0       _IID_IMiniportTopology     00013310     adapter.obj
 0002:000001c0       _IID_IMiniport             00013320     adapter.obj
 0002:000001d0       _IID_IUnknown              00013330     adapter.obj
 0002:000001e0       ??_C@_1BE@ENEK@?$AAR?$AAi?$AAg?$AAh?$AAt?$AAB?$AAa?$AAs?$AAs?$AA?$AA@ 00013340     common.obj
 0002:000001f4       ??_C@_1BC@JMJO@?$AAL?$AAe?$AAf?$AAt?$AAB?$AAa?$AAs?$AAs?$AA?$AA@ 00013354     common.obj
 0002:00000208       ??_C@_1BI@KGAJ@?$AAR?$AAi?$AAg?$AAh?$AAt?$AAT?$AAr?$AAe?$AAb?$AAl?$AAe?$AA?$AA@ 00013368     common.obj
 0002:00000220       ??_C@_1BG@BGGD@?$AAL?$AAe?$AAf?$AAt?$AAT?$AAr?$AAe?$AAb?$AAl?$AAe?$AA?$AA@ 00013380     common.obj
 0002:00000238       ??_C@_1O@IECC@?$AAM?$AAi?$AAc?$AAA?$AAG?$AAC?$AA?$AA@ 00013398     common.obj
 0002:00000248       ??_C@_1CA@EJHI@?$AAR?$AAi?$AAg?$AAh?$AAt?$AAO?$AAu?$AAt?$AAp?$AAu?$AAt?$AAG?$AAa?$AAi?$AAn?$AA?$AA@ 000133a8     common.obj
 0002:00000268       ??_C@_1BO@PPLI@?$AAL?$AAe?$AAf?$AAt?$AAO?$AAu?$AAt?$AAp?$AAu?$AAt?$AAG?$AAa?$AAi?$AAn?$AA?$AA@ 000133c8     common.obj
 0002:00000288       ??_C@_1BO@PMCJ@?$AAR?$AAi?$AAg?$AAh?$AAt?$AAI?$AAn?$AAp?$AAu?$AAt?$AAG?$AAa?$AAi?$AAn?$AA?$AA@ 000133e8     common.obj
 0002:000002a8       ??_C@_1BM@CFEM@?$AAL?$AAe?$AAf?$AAt?$AAI?$AAn?$AAp?$AAu?$AAt?$AAG?$AAa?$AAi?$AAn?$AA?$AA@ 00013408     common.obj
 0002:000002c4       ??_C@_1CA@CIKM@?$AAR?$AAi?$AAg?$AAh?$AAt?$AAI?$AAn?$AAp?$AAu?$AAt?$AAM?$AAi?$AAx?$AAe?$AAr?$AA?$AA@ 00013424     common.obj
 0002:000002e4       ??_C@_1BO@JOGM@?$AAL?$AAe?$AAf?$AAt?$AAI?$AAn?$AAp?$AAu?$AAt?$AAM?$AAi?$AAx?$AAe?$AAr?$AA?$AA@ 00013444     common.obj
 0002:00000304       ??_C@_1BI@BMOJ@?$AAO?$AAu?$AAt?$AAp?$AAu?$AAt?$AAM?$AAi?$AAx?$AAe?$AAr?$AA?$AA@ 00013464     common.obj
 0002:0000031c       ??_C@_1BE@GLOL@?$AAP?$AAc?$AAS?$AAp?$AAk?$AAr?$AAV?$AAo?$AAl?$AA?$AA@ 0001347c     common.obj
 0002:00000330       ??_C@_1O@MNBB@?$AAM?$AAi?$AAc?$AAV?$AAo?$AAl?$AA?$AA@ 00013490     common.obj
 0002:00000340       ??_C@_1BO@HCKE@?$AAR?$AAi?$AAg?$AAh?$AAt?$AAL?$AAi?$AAn?$AAe?$AAI?$AAn?$AAV?$AAo?$AAl?$AA?$AA@ 000134a0     common.obj
 0002:00000360       ??_C@_1BM@KLMB@?$AAL?$AAe?$AAf?$AAt?$AAL?$AAi?$AAn?$AAe?$AAI?$AAn?$AAV?$AAo?$AAl?$AA?$AA@ 000134c0     common.obj
 0002:0000037c       ??_C@_1BG@COJL@?$AAR?$AAi?$AAg?$AAh?$AAt?$AAC?$AAD?$AAV?$AAo?$AAl?$AA?$AA@ 000134dc     common.obj
 0002:00000394       ??_C@_1BE@KMKA@?$AAL?$AAe?$AAf?$AAt?$AAC?$AAD?$AAV?$AAo?$AAl?$AA?$AA@ 000134f4     common.obj
 0002:000003a8       ??_C@_1BK@JCIM@?$AAR?$AAi?$AAg?$AAh?$AAt?$AAM?$AAi?$AAd?$AAi?$AAV?$AAo?$AAl?$AA?$AA@ 00013508     common.obj
 0002:000003c4       ??_C@_1BI@KBIJ@?$AAL?$AAe?$AAf?$AAt?$AAM?$AAi?$AAd?$AAi?$AAV?$AAo?$AAl?$AA?$AA@ 00013524     common.obj
 0002:000003dc       ??_C@_1BK@MFCG@?$AAR?$AAi?$AAg?$AAh?$AAt?$AAW?$AAa?$AAv?$AAe?$AAV?$AAo?$AAl?$AA?$AA@ 0001353c     common.obj
 0002:000003f8       ??_C@_1BI@PGCD@?$AAL?$AAe?$AAf?$AAt?$AAW?$AAa?$AAv?$AAe?$AAV?$AAo?$AAl?$AA?$AA@ 00013558     common.obj
 0002:00000410       ??_C@_1BO@NHA@?$AAR?$AAi?$AAg?$AAh?$AAt?$AAM?$AAa?$AAs?$AAt?$AAe?$AAr?$AAV?$AAo?$AAl?$AA?$AA@ 00013570     common.obj
 0002:00000430       ??_C@_1BM@NEBF@?$AAL?$AAe?$AAf?$AAt?$AAM?$AAa?$AAs?$AAt?$AAe?$AAr?$AAV?$AAo?$AAl?$AA?$AA@ 00013590     common.obj
 0002:0000044c       ??_7CAdapterCommon@@6BCUnknown@@@ 000135ac     common.obj
 0002:0000045c       ??_7CAdapterCommon@@6BIAdapterPowerManagement@@@ 000135bc     common.obj
 0002:00000474       ??_7CAdapterCommon@@6BIAdapterCommon@@@ 000135d4     common.obj
 0002:00000590       ??_7CMiniportTopologyHDA@@6BCUnknown@@@ 000136f0     mintopo.obj
 0002:000005a0       ??_7CMiniportTopologyHDA@@6BIMiniportTopology@@@ 00013700     mintopo.obj
 0002:000005b8       ??_7CMiniportWaveCyclicHDA@@6BCUnknown@@@ 00013718     minwave.obj
 0002:000005c8       ??_7CMiniportWaveCyclicHDA@@6BIMiniportWaveCyclic@@@ 00013728     minwave.obj
 0002:000005e4       ??_7CMiniportWaveCyclicStreamHDA@@6BCUnknown@@@ 00013744     minwave.obj
 0002:000005f4       ??_7CMiniportWaveCyclicStreamHDA@@6BIMiniportWaveCyclicStream@@@ 00013754     minwave.obj
 0002:00000618       ??_7CUnknown@@6B@          00013778     stdunk:stdunk.obj
 0003:00000000       ?ulDebugOut@@3KA           000137a0     adapter.obj
 0003:00000008       __GUID_b7902fe9_fb0a_11d1_81b0_0060083316c1 000137a8     adapter.obj
 0003:00000018       __GUID_d3f0ce1c_fffc_11d1_81b0_0060083316c1 000137b8     adapter.obj
 0003:00000028       __GUID_c096df9c_fb09_11d1_81b0_0060083316c1 000137c8     adapter.obj
 0003:000000f8       ?audBufSize@@3KA           00013898     common.obj
 0003:000000fc       ?BdlSize@@3KA              0001389c     common.obj
 0003:000007f8       __GUID_185fedf6_9905_11d1_95a9_00c04fb925d3 00013f98     mintopo.obj
 0003:00000808       __GUID_185fedef_9905_11d1_95a9_00c04fb925d3 00013fa8     mintopo.obj
 0003:00000818       __GUID_185fede1_9905_11d1_95a9_00c04fb925d3 00013fb8     mintopo.obj
 0003:00000828       __GUID_185fede0_9905_11d1_95a9_00c04fb925d3 00013fc8     mintopo.obj
 0003:00000838       __GUID_7607e580_c557_11d0_8a2b_00a0c9255ac1 00013fd8     mintopo.obj
 0003:00000848       __GUID_185fede3_9905_11d1_95a9_00c04fb925d3 00013fe8     mintopo.obj
 0003:00000858       __GUID_da441a60_c556_11d0_8a2b_00a0c9255ac1 00013ff8     mintopo.obj
 0003:00000868       __GUID_185fedee_9905_11d1_95a9_00c04fb925d3 00014008     mintopo.obj
 0003:00000878       __GUID_02b223c0_c557_11d0_8a2b_00a0c9255ac1 00014018     mintopo.obj
 0003:00000888       __GUID_185feded_9905_11d1_95a9_00c04fb925d3 00014028     mintopo.obj
 0003:00000898       __GUID_e88c9ba0_c557_11d0_8a2b_00a0c9255ac1 00014038     mintopo.obj
 0003:000008a8       __GUID_185fedec_9905_11d1_95a9_00c04fb925d3 00014048     mintopo.obj
 0003:000008b8       __GUID_185fedeb_9905_11d1_95a9_00c04fb925d3 00014058     mintopo.obj
 0003:000008c8       __GUID_185fedea_9905_11d1_95a9_00c04fb925d3 00014068     mintopo.obj
 0003:000008d8       __GUID_185fede9_9905_11d1_95a9_00c04fb925d3 00014078     mintopo.obj
 0003:000008e8       __GUID_185fede8_9905_11d1_95a9_00c04fb925d3 00014088     mintopo.obj
 0003:000008f8       __GUID_e573adc0_c555_11d0_8a2b_00a0c9255ac1 00014098     mintopo.obj
 0003:00000908       __GUID_185fede7_9905_11d1_95a9_00c04fb925d3 000140a8     mintopo.obj
 0003:00000918       __GUID_185fede5_9905_11d1_95a9_00c04fb925d3 000140b8     mintopo.obj
 0003:00000928       __GUID_3a5acc00_c557_11d0_8a2b_00a0c9255ac1 000140c8     mintopo.obj
 0003:00000938       __GUID_45ffaaa0_6e1b_11d0_bcf2_444553540000 000140d8     mintopo.obj
 0003:00000948       __GUID_6994ad04_93ef_11d0_a3cc_00a0c9223196 000140e8     mintopo.obj
 0003:00000958       __GUID_185fedf7_9905_11d1_95a9_00c04fb925d3 000140f8     mintopo.obj
 0003:00000968       __GUID_dff21ce1_f70f_11d0_b917_00a0c9223196 00014108     mintopo.obj
 0003:00000978       __GUID_dff21be1_f70f_11d0_b917_00a0c9223196 00014118     mintopo.obj
 0003:00000988       __GUID_185fedf9_9905_11d1_95a9_00c04fb925d3 00014128     mintopo.obj
 0003:00000998       __GUID_dff21fe3_f70f_11d0_b917_00a0c9223196 00014138     mintopo.obj
 0003:000009a8       __GUID_185fedfb_9905_11d1_95a9_00c04fb925d3 00014148     mintopo.obj
 0003:000009b8       __GUID_dff220e3_f70f_11d0_b917_00a0c9223196 00014158     mintopo.obj
 0003:000009c8       __GUID_185fedf8_9905_11d1_95a9_00c04fb925d3 00014168     mintopo.obj
 0003:000009d8       __GUID_dff220f3_f70f_11d0_b917_00a0c9223196 00014178     mintopo.obj
 0003:000009e8       __GUID_dff21fe4_f70f_11d0_b917_00a0c9223196 00014188     mintopo.obj
 0003:000009f8       __GUID_97e99ba0_bdea_11cf_a5d6_28db04c10000 00014198     mintopo.obj
 0003:00000c40       __GUID_507ae360_c554_11d0_8a2b_00a0c9255ac1 000143e0     minwave.obj
 0003:00000c50       __GUID_4d837fe0_c555_11d0_8a2b_00a0c9255ac1 000143f0     minwave.obj
 0003:00000c60       __GUID_185fedfa_9905_11d1_95a9_00c04fb925d3 00014400     minwave.obj
 0003:00000c70       __GUID_fb6c4281_0353_11d1_905f_0000c0cc16ba 00014410     minwave.obj
 0003:00000c80       __GUID_05589f81_c356_11ce_bf01_00aa0055595a 00014420     minwave.obj
 0003:00000c90       __GUID_00000001_0000_0010_8000_00aa00389b71 00014430     minwave.obj
 0003:00000ca0       __GUID_73647561_0000_0010_8000_00aa00389b71 00014440     minwave.obj
 0003:00000cb0       __GUID_518590a2_a184_11d0_8522_00c04fd9baf3 00014450     minwave.obj
 0003:00000cc0       __GUID_0f6417d6_c318_11d0_a43f_00a0c9223196 00014460     minwave.obj
 0003:00000cd0       __GUID_00000000_0000_0000_0000_000000000000 00014470     adapter.obj
 0004:0000003e       _AddDevice@8               000144be f   adapter.obj
 0004:0000026a       ?InstallSubdevice@@YGJPAU_DEVICE_OBJECT@@PAU_IRP@@PAGABU_GUID@@3P6GJPAPAUIUnknown@@3PAU4@W4_POOL_TYPE@@@Z5PAUIResourceList@@344@Z 000146ea f   adapter.obj
 0004:0000066e       ?StartDevice@@YGJPAU_DEVICE_OBJECT@@PAU_IRP@@PAUIResourceList@@@Z 00014aee f   adapter.obj
 0004:00000e6e       ?AssignResources@@YGJPAUIResourceList@@PAPAU1@11111@Z 000152ee f   adapter.obj
 0004:000014d8       ?NewAdapterCommon@@YGJPAPAUIUnknown@@ABU_GUID@@PAU1@W4_POOL_TYPE@@@Z 00015958 f   common.obj
 0004:00001b76       ?Init@CAdapterCommon@@UAGJPAUIResourceList@@PAU_DEVICE_OBJECT@@@Z 00015ff6 f   common.obj
 0004:00002892       ??1CAdapterCommon@@UAE@XZ  00016d12 f   common.obj
 0004:00002d17       ?NonDelegatingQueryInterface@CAdapterCommon@@UAGJABU_GUID@@PAPAX@Z 00017197 f   common.obj
 0004:00002e6e       ?WavePortDriverDest@CAdapterCommon@@UAGPAPAUIUnknown@@XZ 000172ee f   common.obj
 0004:00002f0e       ?GetInterruptSync@CAdapterCommon@@UAGPAUIInterruptSync@@XZ 0001738e f   common.obj
 0004:00002fae       ?MidiPortDriverDest@CAdapterCommon@@UAGPAPAUIUnknown@@XZ 0001742e f   common.obj
 0004:00003010       ?SetWaveServiceGroup@CAdapterCommon@@UAGXPAUIServiceGroup@@@Z 00017490 f   common.obj
 0004:00003446       ?InitHDA@CAdapterCommon@@QAGJXZ 000178c6 f   common.obj
 0004:00003e6a       ?InitializeCodec@CAdapterCommon@@QAGJE@Z 000182ea f   common.obj
 0004:0000445f       ?hda_initialize_audio_function_group@CAdapterCommon@@QAGXKK@Z 000188df f   common.obj
 0004:00004d50       ?hda_get_node_type@CAdapterCommon@@QAGEKK@Z 000191d0 f   common.obj
 0004:00004d80       ?hda_get_node_connection_entry@CAdapterCommon@@QAGKKKK@Z 00019200 f   common.obj
 0004:00004e40       ?hda_set_node_gain@CAdapterCommon@@QAGXKKKKK@Z 000192c0 f   common.obj
 0004:00004ee0       ?hda_disable_pin_output@CAdapterCommon@@QAGXKK@Z 00019360 f   common.obj
 0004:00004f20       ?hda_is_headphone_connected@CAdapterCommon@@QAGHXZ 000193a0 f   common.obj
 0004:00005026       ?hda_initialize_output_pin@CAdapterCommon@@QAGXK@Z 000194a6 f   common.obj
 0004:000053e6       ?hda_initalize_audio_output@CAdapterCommon@@QAGXK@Z 00019866 f   common.obj
 0004:00005766       ?hda_initalize_audio_mixer@CAdapterCommon@@QAGXK@Z 00019be6 f   common.obj
 0004:000059fe       ?hda_initalize_audio_selector@CAdapterCommon@@QAGXK@Z 00019e7e f   common.obj
 0004:00005c40       ?hda_is_supported_sample_rate@CAdapterCommon@@QAGEK@Z 0001a0c0 f   common.obj
 0004:00005d58       ?CreateMiniportTopologyHDA@@YGJPAPAUIUnknown@@ABU_GUID@@PAU1@W4_POOL_TYPE@@@Z 0001a1d8 f   mintopo.obj
 0004:00005eca       ?ProcessResources@CMiniportTopologyHDA@@AAEJPAUIResourceList@@@Z 0001a34a f   mintopo.obj
 0004:0000605a       ?NonDelegatingQueryInterface@CMiniportTopologyHDA@@UAGJABU_GUID@@PAPAX@Z 0001a4da f   mintopo.obj
 0004:0000620e       ??1CMiniportTopologyHDA@@UAE@XZ 0001a68e f   mintopo.obj
 0004:000063e6       ?Init@CMiniportTopologyHDA@@UAGJPAUIUnknown@@PAUIResourceList@@PAUIPortTopology@@@Z 0001a866 f   mintopo.obj
 0004:000065fa       ?GetDescription@CMiniportTopologyHDA@@UAGJPAPAUPCFILTER_DESCRIPTOR@@@Z 0001aa7a f   mintopo.obj
 0004:00007dd8       ?CreateMiniportWaveCyclicHDA@@YGJPAPAUIUnknown@@ABU_GUID@@PAU1@W4_POOL_TYPE@@@Z 0001c258 f   minwave.obj
 0004:000080a6       ?ProcessResources@CMiniportWaveCyclicHDA@@AAEJPAUIResourceList@@@Z 0001c526 f   minwave.obj
 0004:00008512       ?ValidateFormat@CMiniportWaveCyclicHDA@@AAEJPATKSDATAFORMAT@@@Z 0001c992 f   minwave.obj
 0004:0000871e       ?NonDelegatingQueryInterface@CMiniportWaveCyclicHDA@@UAGJABU_GUID@@PAPAX@Z 0001cb9e f   minwave.obj
 0004:000088d2       ??1CMiniportWaveCyclicHDA@@UAE@XZ 0001cd52 f   minwave.obj
 0004:00008ad6       ?Init@CMiniportWaveCyclicHDA@@UAGJPAUIUnknown@@PAUIResourceList@@PAUIPortWaveCyclic@@@Z 0001cf56 f   minwave.obj
 0004:00008d6e       ?GetDescription@CMiniportWaveCyclicHDA@@UAGJPAPAUPCFILTER_DESCRIPTOR@@@Z 0001d1ee f   minwave.obj
 0004:00008f5a       ?DataRangeIntersection@CMiniportWaveCyclicHDA@@UAGJKPATKSDATAFORMAT@@0KPAXPAK@Z 0001d3da f   minwave.obj
 0004:0000955a       ?NewStream@CMiniportWaveCyclicHDA@@UAGJPAPAUIMiniportWaveCyclicStream@@PAUIUnknown@@W4_POOL_TYPE@@KEPATKSDATAFORMAT@@PAPAUIDmaChannel@@PAPAUIServiceGroup@@@Z 0001d9da f   minwave.obj
 0004:000098f2       ?NonDelegatingQueryInterface@CMiniportWaveCyclicStreamHDA@@UAGJABU_GUID@@PAPAX@Z 0001dd72 f   minwave.obj
 0004:00009a9e       ??1CMiniportWaveCyclicStreamHDA@@UAE@XZ 0001df1e f   minwave.obj
 0004:00009d10       ?Init@CMiniportWaveCyclicStreamHDA@@QAEJPAVCMiniportWaveCyclicHDA@@KEPATKSDATAFORMAT@@PAUIDmaChannel@@@Z 0001e190 f   minwave.obj
 0004:00009f82       ?SetNotificationFreq@CMiniportWaveCyclicStreamHDA@@UAGKKPAK@Z 0001e402 f   minwave.obj
 0004:0000a116       ?SetFormat@CMiniportWaveCyclicStreamHDA@@UAGJPATKSDATAFORMAT@@@Z 0001e596 f   minwave.obj
 0004:0000a3ae       ?SetState@CMiniportWaveCyclicStreamHDA@@UAGJW4KSSTATE@@@Z 0001e82e f   minwave.obj
 0005:0000003e       _DriverEntry@8             0001e95e f   adapter.obj
 0005:000000ac       __IMPORT_DESCRIPTOR_ntoskrnl 0001e9cc     ntoskrnl:ntoskrnl.exe
 0005:000000c0       __IMPORT_DESCRIPTOR_HAL    0001e9e0     hal:HAL.dll
 0005:000000d4       __IMPORT_DESCRIPTOR_portcls 0001e9f4     portcls:portcls.sys
 0005:000000e8       __NULL_IMPORT_DESCRIPTOR   0001ea08     ntoskrnl:ntoskrnl.exe

 entry point at        0005:0000003e

 Static symbols

 0004:0000674e       ?PropertyHandler_OnOff@@YGJPAU_PCPROPERTY_REQUEST@@@Z 0001abce f   mintopo.obj
 0004:00006b66       ?PropertyHandler_SuperMixCaps@@YGJPAU_PCPROPERTY_REQUEST@@@Z 0001afe6 f   mintopo.obj
 0004:00007176       ?PropertyHandler_SuperMixTable@@YGJPAU_PCPROPERTY_REQUEST@@@Z 0001b5f6 f   mintopo.obj
 0004:000078a6       ?PropertyHandler_CpuResources@@YGJPAU_PCPROPERTY_REQUEST@@@Z 0001bd26 f   mintopo.obj
 0001:0000231e       ?PropertyHandler_Level@@YGJPAU_PCPROPERTY_REQUEST@@@Z 000125fe f   mintopo.obj
 0004:00007b06       ?BasicSupportHandler@@YGJPAU_PCPROPERTY_REQUEST@@@Z 0001bf86 f   mintopo.obj

 318 bytes saved through ICF

