 HDA

 Timestamp is 68f6a4ec (Mon Oct 20 14:09:00 2025)

 Preferred load address is 00010000

 Start         Length     Name                   Class
 0001:00000000 0000353cH .text                   CODE
 0002:00000000 000000a4H .idata$5                DATA
 0002:000000a8 00000580H .rdata                  DATA
 0003:00000000 00000cd0H .data                   DATA
 0003:00000cd0 00000010H .bss                    DATA
 0004:00000000 0000a4c0H PAGE                    CODE
 0005:00000000 000000a9H INIT                    CODE
 0005:000000ac 0000003cH .idata$2                CODE
 0005:000000e8 00000014H .idata$3                CODE
 0005:000000fc 000000a4H .idata$4                CODE
 0005:000001a0 00000338H .idata$6                CODE
 0006:00000000 00000058H .rsrc$01                DATA
 0006:00000060 00000338H .rsrc$02                DATA

  Address         Publics by Value              Rva+Base     Lib:Object

 0001:00000000       ??3@YAXPAX@Z               000102e0 f i common.obj
 0001:00000010       ??2@YGPAXIW4_POOL_TYPE@@K@Z 000102f0 f i common.obj
 0001:00000050       ??0CAdapterCommon@@QAE@PAUIUnknown@@@Z 00010330 f i common.obj
 0001:000000a0       ?QueryInterface@CAdapterCommon@@UAGJABU_GUID@@PAPAX@Z 00010380 f i common.obj
 0001:000000d0       ?GetOuterUnknown@CUnknown@@QAEPAUIUnknown@@XZ 000103b0 f i common.obj
 0001:000000f0       ?AddRef@CAdapterCommon@@UAGKXZ 000103d0 f i common.obj
 0001:00000120       ?Release@CAdapterCommon@@UAGKXZ 00010400 f i common.obj
 0001:00000150       ??_ECAdapterCommon@@UAEPAXI@Z 00010430 f i common.obj
 0001:00000150       ??_GCAdapterCommon@@UAEPAXI@Z 00010430 f i common.obj
 0001:00000190       ??0IUnknown@@QAE@XZ        00010470 f i common.obj
 0001:000001a0       _IsEqualGUIDAligned@8      00010480 f i common.obj
 0001:0000024e       ?hda_send_verb@CAdapterCommon@@QAGKKKKK@Z 0001052e f   common.obj
 0001:00000426       ?ReadController@CAdapterCommon@@UAGEXZ 00010706 f   common.obj
 0001:000004ce       ?WriteController@CAdapterCommon@@UAGEE@Z 000107ae f   common.obj
 0001:000005d6       ?MixerRegWrite@CAdapterCommon@@UAGXEE@Z 000108b6 f   common.obj
 0001:0000071e       ?MixerRegRead@CAdapterCommon@@UAGEE@Z 000109fe f   common.obj
 0001:000007f2       ?MixerReset@CAdapterCommon@@UAGXXZ 00010ad2 f   common.obj
 0001:00000882       ?AcknowledgeIRQ@CAdapterCommon@@AAEXXZ 00010b62 f   common.obj
 0001:00000996       ?ResetController@CAdapterCommon@@UAGJXZ 00010c76 f   common.obj
 0001:00000a3a       ?RestoreMixerSettingsFromRegistry@CAdapterCommon@@UAGJXZ 00010d1a f   common.obj
 0001:00000cb6       ?SaveMixerSettingsToRegistry@CAdapterCommon@@UAGJXZ 00010f96 f   common.obj
 0001:00000efa       ?ProgramSampleRate@CAdapterCommon@@QAGJK@Z 000111da f   common.obj
 0001:0000119e       ?PowerChangeState@CAdapterCommon@@UAGXT_POWER_STATE@@@Z 0001147e f   common.obj
 0001:0000133a       ?QueryPowerChangeState@CAdapterCommon@@UAGJT_POWER_STATE@@@Z 0001161a f   common.obj
 0001:000013be       ?QueryDeviceCapabilities@CAdapterCommon@@UAGJPAU_DEVICE_CAPABILITIES@@@Z 0001169e f   common.obj
 0001:0000147a       ?InterruptServiceRoutine@@YGJPAUIInterruptSync@@PAX@Z 0001175a f   common.obj
 0001:000015f6       ?hda_stop_stream@CAdapterCommon@@UAGJXZ 000118d6 f   common.obj
 0001:00001860       ?hda_start_sound@CAdapterCommon@@UAGXXZ 00011b40 f   common.obj
 0001:000018a0       ?hda_stop_sound@CAdapterCommon@@UAGXXZ 00011b80 f   common.obj
 0001:000018c0       ?hda_get_actual_stream_position@CAdapterCommon@@UAGKXZ 00011ba0 f   common.obj
 0001:000018e0       ?hda_set_volume@CAdapterCommon@@QAGXK@Z 00011bc0 f   common.obj
 0001:00001960       ?readUCHAR@CAdapterCommon@@QAGEG@Z 00011c40 f   common.obj
 0001:00001980       ?writeUCHAR@CAdapterCommon@@QAGXGE@Z 00011c60 f   common.obj
 0001:000019b0       ?setUCHARBit@CAdapterCommon@@QAGXGE@Z 00011c90 f   common.obj
 0001:000019f0       ?readUSHORT@CAdapterCommon@@QAGGG@Z 00011cd0 f   common.obj
 0001:00001a10       ?writeUSHORT@CAdapterCommon@@QAGXGG@Z 00011cf0 f   common.obj
 0001:00001a40       ?readULONG@CAdapterCommon@@QAGKG@Z 00011d20 f   common.obj
 0001:00001a60       ?writeULONG@CAdapterCommon@@QAGXGK@Z 00011d40 f   common.obj
 0001:00001cb2       ?hda_showtime@CAdapterCommon@@UAGJPAUIDmaChannel@@@Z 00011f92 f   common.obj
 0001:00002680       ?hda_return_sound_data_format@CAdapterCommon@@QAGGKKK@Z 00012960 f   common.obj
 0001:000027f0       ?QueryInterface@CAdapterCommon@@W3AGJABU_GUID@@PAPAX@Z 00012ad0 f i common.obj
 0001:00002800       ?AddRef@CAdapterCommon@@W3AGKXZ 00012ae0 f i common.obj
 0001:00002810       ?Release@CAdapterCommon@@W3AGKXZ 00012af0 f i common.obj
 0001:00002820       ??0CMiniportTopologyHDA@@QAE@PAUIUnknown@@@Z 00012b00 f i mintopo.obj
 0001:00002860       ?AddRef@CMiniportWaveCyclicStreamHDA@@UAGKXZ 00012b40 f i mintopo.obj
 0001:00002860       ?AddRef@CMiniportWaveCyclicHDA@@UAGKXZ 00012b40 f i mintopo.obj
 0001:00002860       ?AddRef@CMiniportTopologyHDA@@UAGKXZ 00012b40 f i mintopo.obj
 0001:00002890       ?DataRangeIntersection@CMiniportTopologyHDA@@UAGJKPATKSDATAFORMAT@@0KPAXPAK@Z 00012b70 f i mintopo.obj
 0001:000028a0       ??_ECMiniportTopologyHDA@@UAEPAXI@Z 00012b80 f i mintopo.obj
 0001:000028a0       ??_GCMiniportTopologyHDA@@UAEPAXI@Z 00012b80 f i mintopo.obj
 0001:000028e0       ??0IMiniportTopology@@QAE@XZ 00012bc0 f i mintopo.obj
 0001:000028e0       ??0IMiniportWaveCyclic@@QAE@XZ 00012bc0 f i mintopo.obj
 0001:00002f80       ?ReadBitsFromMixer@CMiniportTopologyHDA@@AAEEEEE@Z 00013260 f   mintopo.obj
 0001:00002fd0       ?ThisManyOnes@@YGEE@Z      000132b0 f i mintopo.obj
 0001:00002ff0       ?WriteBitsToMixer@CMiniportTopologyHDA@@AAEXEEEE@Z 000132d0 f   mintopo.obj
 0001:00003090       ??0CMiniportWaveCyclicHDA@@QAE@PAUIUnknown@@@Z 00013370 f i minwave.obj
 0001:000030d0       ?QueryInterface@CMiniportWaveCyclicHDA@@UAGJABU_GUID@@PAPAX@Z 000133b0 f i minwave.obj
 0001:000030d0       ?QueryInterface@CMiniportTopologyHDA@@UAGJABU_GUID@@PAPAX@Z 000133b0 f i minwave.obj
 0001:000030d0       ?QueryInterface@CMiniportWaveCyclicStreamHDA@@UAGJABU_GUID@@PAPAX@Z 000133b0 f i minwave.obj
 0001:00003100       ??_GCMiniportWaveCyclicHDA@@UAEPAXI@Z 000133e0 f i minwave.obj
 0001:00003100       ??_ECMiniportWaveCyclicHDA@@UAEPAXI@Z 000133e0 f i minwave.obj
 0001:00003140       ??2@YGPAXIW4_POOL_TYPE@@@Z 00013420 f i minwave.obj
 0001:00003190       ??0CMiniportWaveCyclicStreamHDA@@QAE@PAUIUnknown@@@Z 00013470 f i minwave.obj
 0001:000031d0       ?Release@CMiniportTopologyHDA@@UAGKXZ 000134b0 f i minwave.obj
 0001:000031d0       ?Release@CMiniportWaveCyclicStreamHDA@@UAGKXZ 000134b0 f i minwave.obj
 0001:000031d0       ?Release@CMiniportWaveCyclicHDA@@UAGKXZ 000134b0 f i minwave.obj
 0001:00003200       ??_ECMiniportWaveCyclicStreamHDA@@UAEPAXI@Z 000134e0 f i minwave.obj
 0001:00003200       ??_GCMiniportWaveCyclicStreamHDA@@UAEPAXI@Z 000134e0 f i minwave.obj
 0001:00003240       ??0IMiniportWaveCyclicStream@@QAE@XZ 00013520 f i minwave.obj
 0001:00003240       ??0IAdapterCommon@@QAE@XZ  00013520 f i minwave.obj
 0001:00003240       ??0IAdapterPowerManagement@@QAE@XZ 00013520 f i minwave.obj
 0001:00003240       ??0IMiniport@@QAE@XZ       00013520 f i minwave.obj
 0001:00003279       ?GetPosition@CMiniportWaveCyclicStreamHDA@@UAGJPAK@Z 00013559 f   minwave.obj
 0001:0000331e       ?NormalizePhysicalPosition@CMiniportWaveCyclicStreamHDA@@UAGJPA_J@Z 000135fe f   minwave.obj
 0001:000033c0       ?Silence@CMiniportWaveCyclicStreamHDA@@UAGXPAXK@Z 000136a0 f   minwave.obj
 0001:000033fe       _DbgPrint                  000136de f   ntoskrnl:ntoskrnl.exe
 0001:00003404       _DbgBreakPoint@0           000136e4 f   ntoskrnl:ntoskrnl.exe
 0001:0000340a       __alldiv                   000136ea f   ntoskrnl:ntoskrnl.exe
 0001:00003410       __allmul                   000136f0 f   ntoskrnl:ntoskrnl.exe
 0001:00003416       _PcInitializeAdapterDriver@12 000136f6 f   portcls:portcls.sys
 0001:0000341c       _PcAddAdapterDevice@20     000136fc f   portcls:portcls.sys
 0001:00003422       _PcRegisterSubdevice@12    00013702 f   portcls:portcls.sys
 0001:00003428       _PcNewMiniport@8           00013708 f   portcls:portcls.sys
 0001:0000342e       _PcNewPort@8               0001370e f   portcls:portcls.sys
 0001:00003434       _PcRegisterPhysicalConnection@20 00013714 f   portcls:portcls.sys
 0001:0000343a       _PcRegisterAdapterPowerManagement@8 0001371a f   portcls:portcls.sys
 0001:00003440       _PcNewResourceSublist@20   00013720 f   portcls:portcls.sys
 0001:00003446       _PcNewInterruptSync@20     00013726 f   portcls:portcls.sys
 0001:0000344c       _PcNewRegistryKey@36       0001372c f   portcls:portcls.sys
 0001:00003452       _PcNewServiceGroup@8       00013732 f   portcls:portcls.sys
 0001:00003458       ??0CUnknown@@QAE@PAUIUnknown@@@Z 00013738 f   stdunk:stdunk.obj
 0001:00003477       ??_ECUnknown@@UAEPAXI@Z    00013757 f i stdunk:stdunk.obj
 0001:00003477       ??_GCUnknown@@UAEPAXI@Z    00013757 f i stdunk:stdunk.obj
 0001:00003493       ??1CUnknown@@UAE@XZ        00013773 f   stdunk:stdunk.obj
 0001:0000349a       ?NonDelegatingAddRef@CUnknown@@UAGKXZ 0001377a f   stdunk:stdunk.obj
 0001:000034b0       ?NonDelegatingRelease@CUnknown@@UAGKXZ 00013790 f   stdunk:stdunk.obj
 0001:000034df       ?NonDelegatingQueryInterface@CUnknown@@UAGJABU_GUID@@PAPAX@Z 000137bf f   stdunk:stdunk.obj
 0002:00000000       __imp_@KfAcquireSpinLock@4 00013820     hal:HAL.dll
 0002:00000004       __imp_@KfReleaseSpinLock@8 00013824     hal:HAL.dll
 0002:00000008       __imp__KeGetCurrentIrql@0  00013828     hal:HAL.dll
 0002:0000000c       __imp__KeStallExecutionProcessor@4 0001382c     hal:HAL.dll
 0002:00000010       \177HAL_NULL_THUNK_DATA    00013830     hal:HAL.dll
 0002:00000014       __imp__MmMapIoSpace@16     00013834     ntoskrnl:ntoskrnl.exe
 0002:00000018       __imp__IoGetDmaAdapter@12  00013838     ntoskrnl:ntoskrnl.exe
 0002:0000001c       __imp__ExAllocatePoolWithTag@12 0001383c     ntoskrnl:ntoskrnl.exe
 0002:00000020       __imp__KeInitializeSpinLock@4 00013840     ntoskrnl:ntoskrnl.exe
 0002:00000024       __imp__READ_REGISTER_ULONG@4 00013844     ntoskrnl:ntoskrnl.exe
 0002:00000028       __imp__WRITE_REGISTER_ULONG@8 00013848     ntoskrnl:ntoskrnl.exe
 0002:0000002c       __imp__RtlInitUnicodeString@8 0001384c     ntoskrnl:ntoskrnl.exe
 0002:00000030       __imp__MmUnmapIoSpace@8    00013850     ntoskrnl:ntoskrnl.exe
 0002:00000034       __imp__DbgPrint            00013854     ntoskrnl:ntoskrnl.exe
 0002:00000038       __imp__READ_REGISTER_USHORT@4 00013858     ntoskrnl:ntoskrnl.exe
 0002:0000003c       __imp__WRITE_REGISTER_USHORT@8 0001385c     ntoskrnl:ntoskrnl.exe
 0002:00000040       __imp__KeInitializeMutex@8 00013860     ntoskrnl:ntoskrnl.exe
 0002:00000044       __imp__KeReleaseMutex@8    00013864     ntoskrnl:ntoskrnl.exe
 0002:00000048       __imp__KeWaitForSingleObject@20 00013868     ntoskrnl:ntoskrnl.exe
 0002:0000004c       __imp___alldiv             0001386c     ntoskrnl:ntoskrnl.exe
 0002:00000050       __imp__RtlAssert@16        00013870     ntoskrnl:ntoskrnl.exe
 0002:00000054       __imp__ExFreePool@4        00013874     ntoskrnl:ntoskrnl.exe
 0002:00000058       __imp__DbgBreakPoint@0     00013878     ntoskrnl:ntoskrnl.exe
 0002:0000005c       __imp__READ_REGISTER_UCHAR@4 0001387c     ntoskrnl:ntoskrnl.exe
 0002:00000060       __imp__WRITE_REGISTER_UCHAR@8 00013880     ntoskrnl:ntoskrnl.exe
 0002:00000064       __imp___allmul             00013884     ntoskrnl:ntoskrnl.exe
 0002:00000068       __imp_@InterlockedDecrement@4 00013888     ntoskrnl:ntoskrnl.exe
 0002:0000006c       __imp_@InterlockedIncrement@4 0001388c     ntoskrnl:ntoskrnl.exe
 0002:00000070       \177ntoskrnl_NULL_THUNK_DATA 00013890     ntoskrnl:ntoskrnl.exe
 0002:00000074       __imp__PcInitializeAdapterDriver@12 00013894     portcls:portcls.sys
 0002:00000078       __imp__PcNewMiniport@8     00013898     portcls:portcls.sys
 0002:0000007c       __imp__PcNewPort@8         0001389c     portcls:portcls.sys
 0002:00000080       __imp__PcRegisterPhysicalConnection@20 000138a0     portcls:portcls.sys
 0002:00000084       __imp__PcAddAdapterDevice@20 000138a4     portcls:portcls.sys
 0002:00000088       __imp__PcRegisterSubdevice@12 000138a8     portcls:portcls.sys
 0002:0000008c       __imp__PcNewInterruptSync@20 000138ac     portcls:portcls.sys
 0002:00000090       __imp__PcNewRegistryKey@36 000138b0     portcls:portcls.sys
 0002:00000094       __imp__PcNewServiceGroup@8 000138b4     portcls:portcls.sys
 0002:00000098       __imp__PcRegisterAdapterPowerManagement@8 000138b8     portcls:portcls.sys
 0002:0000009c       __imp__PcNewResourceSublist@20 000138bc     portcls:portcls.sys
 0002:000000a0       \177portcls_NULL_THUNK_DATA 000138c0     portcls:portcls.sys
 0002:00000120       _IID_IAdapterCommon        00013940     adapter.obj
 0002:00000130       _CLSID_MiniportDriverFmSynth 00013950     adapter.obj
 0002:00000140       _CLSID_PortWaveCyclic      00013960     adapter.obj
 0002:00000150       _CLSID_PortTopology        00013970     adapter.obj
 0002:00000160       _CLSID_PortMidi            00013980     adapter.obj
 0002:00000170       _IID_IAdapterPowerManagment 00013990     adapter.obj
 0002:00000180       _IID_IMiniportWaveCyclicStream 000139a0     adapter.obj
 0002:00000190       _IID_IMiniportWaveCyclic   000139b0     adapter.obj
 0002:000001a0       _IID_IPortWaveCyclic       000139c0     adapter.obj
 0002:000001b0       _IID_IMiniportTopology     000139d0     adapter.obj
 0002:000001c0       _IID_IMiniport             000139e0     adapter.obj
 0002:000001d0       _IID_IUnknown              000139f0     adapter.obj
 0002:000001e0       ??_C@_1BE@ENEK@?$AAR?$AAi?$AAg?$AAh?$AAt?$AAB?$AAa?$AAs?$AAs?$AA?$AA@ 00013a00     common.obj
 0002:000001f4       ??_C@_1BC@JMJO@?$AAL?$AAe?$AAf?$AAt?$AAB?$AAa?$AAs?$AAs?$AA?$AA@ 00013a14     common.obj
 0002:00000208       ??_C@_1BI@KGAJ@?$AAR?$AAi?$AAg?$AAh?$AAt?$AAT?$AAr?$AAe?$AAb?$AAl?$AAe?$AA?$AA@ 00013a28     common.obj
 0002:00000220       ??_C@_1BG@BGGD@?$AAL?$AAe?$AAf?$AAt?$AAT?$AAr?$AAe?$AAb?$AAl?$AAe?$AA?$AA@ 00013a40     common.obj
 0002:00000238       ??_C@_1O@IECC@?$AAM?$AAi?$AAc?$AAA?$AAG?$AAC?$AA?$AA@ 00013a58     common.obj
 0002:00000248       ??_C@_1CA@EJHI@?$AAR?$AAi?$AAg?$AAh?$AAt?$AAO?$AAu?$AAt?$AAp?$AAu?$AAt?$AAG?$AAa?$AAi?$AAn?$AA?$AA@ 00013a68     common.obj
 0002:00000268       ??_C@_1BO@PPLI@?$AAL?$AAe?$AAf?$AAt?$AAO?$AAu?$AAt?$AAp?$AAu?$AAt?$AAG?$AAa?$AAi?$AAn?$AA?$AA@ 00013a88     common.obj
 0002:00000288       ??_C@_1BO@PMCJ@?$AAR?$AAi?$AAg?$AAh?$AAt?$AAI?$AAn?$AAp?$AAu?$AAt?$AAG?$AAa?$AAi?$AAn?$AA?$AA@ 00013aa8     common.obj
 0002:000002a8       ??_C@_1BM@CFEM@?$AAL?$AAe?$AAf?$AAt?$AAI?$AAn?$AAp?$AAu?$AAt?$AAG?$AAa?$AAi?$AAn?$AA?$AA@ 00013ac8     common.obj
 0002:000002c4       ??_C@_1CA@CIKM@?$AAR?$AAi?$AAg?$AAh?$AAt?$AAI?$AAn?$AAp?$AAu?$AAt?$AAM?$AAi?$AAx?$AAe?$AAr?$AA?$AA@ 00013ae4     common.obj
 0002:000002e4       ??_C@_1BO@JOGM@?$AAL?$AAe?$AAf?$AAt?$AAI?$AAn?$AAp?$AAu?$AAt?$AAM?$AAi?$AAx?$AAe?$AAr?$AA?$AA@ 00013b04     common.obj
 0002:00000304       ??_C@_1BI@BMOJ@?$AAO?$AAu?$AAt?$AAp?$AAu?$AAt?$AAM?$AAi?$AAx?$AAe?$AAr?$AA?$AA@ 00013b24     common.obj
 0002:0000031c       ??_C@_1BE@GLOL@?$AAP?$AAc?$AAS?$AAp?$AAk?$AAr?$AAV?$AAo?$AAl?$AA?$AA@ 00013b3c     common.obj
 0002:00000330       ??_C@_1O@MNBB@?$AAM?$AAi?$AAc?$AAV?$AAo?$AAl?$AA?$AA@ 00013b50     common.obj
 0002:00000340       ??_C@_1BO@HCKE@?$AAR?$AAi?$AAg?$AAh?$AAt?$AAL?$AAi?$AAn?$AAe?$AAI?$AAn?$AAV?$AAo?$AAl?$AA?$AA@ 00013b60     common.obj
 0002:00000360       ??_C@_1BM@KLMB@?$AAL?$AAe?$AAf?$AAt?$AAL?$AAi?$AAn?$AAe?$AAI?$AAn?$AAV?$AAo?$AAl?$AA?$AA@ 00013b80     common.obj
 0002:0000037c       ??_C@_1BG@COJL@?$AAR?$AAi?$AAg?$AAh?$AAt?$AAC?$AAD?$AAV?$AAo?$AAl?$AA?$AA@ 00013b9c     common.obj
 0002:00000394       ??_C@_1BE@KMKA@?$AAL?$AAe?$AAf?$AAt?$AAC?$AAD?$AAV?$AAo?$AAl?$AA?$AA@ 00013bb4     common.obj
 0002:000003a8       ??_C@_1BK@JCIM@?$AAR?$AAi?$AAg?$AAh?$AAt?$AAM?$AAi?$AAd?$AAi?$AAV?$AAo?$AAl?$AA?$AA@ 00013bc8     common.obj
 0002:000003c4       ??_C@_1BI@KBIJ@?$AAL?$AAe?$AAf?$AAt?$AAM?$AAi?$AAd?$AAi?$AAV?$AAo?$AAl?$AA?$AA@ 00013be4     common.obj
 0002:000003dc       ??_C@_1BK@MFCG@?$AAR?$AAi?$AAg?$AAh?$AAt?$AAW?$AAa?$AAv?$AAe?$AAV?$AAo?$AAl?$AA?$AA@ 00013bfc     common.obj
 0002:000003f8       ??_C@_1BI@PGCD@?$AAL?$AAe?$AAf?$AAt?$AAW?$AAa?$AAv?$AAe?$AAV?$AAo?$AAl?$AA?$AA@ 00013c18     common.obj
 0002:00000410       ??_C@_1BO@NHA@?$AAR?$AAi?$AAg?$AAh?$AAt?$AAM?$AAa?$AAs?$AAt?$AAe?$AAr?$AAV?$AAo?$AAl?$AA?$AA@ 00013c30     common.obj
 0002:00000430       ??_C@_1BM@NEBF@?$AAL?$AAe?$AAf?$AAt?$AAM?$AAa?$AAs?$AAt?$AAe?$AAr?$AAV?$AAo?$AAl?$AA?$AA@ 00013c50     common.obj
 0002:0000044c       ??_7CAdapterCommon@@6BCUnknown@@@ 00013c6c     common.obj
 0002:0000045c       ??_7CAdapterCommon@@6BIAdapterPowerManagement@@@ 00013c7c     common.obj
 0002:00000474       ??_7CAdapterCommon@@6BIAdapterCommon@@@ 00013c94     common.obj
 0002:00000590       ??_7CMiniportTopologyHDA@@6BCUnknown@@@ 00013db0     mintopo.obj
 0002:000005a0       ??_7CMiniportTopologyHDA@@6BIMiniportTopology@@@ 00013dc0     mintopo.obj
 0002:000005b8       ??_7CMiniportWaveCyclicHDA@@6BCUnknown@@@ 00013dd8     minwave.obj
 0002:000005c8       ??_7CMiniportWaveCyclicHDA@@6BIMiniportWaveCyclic@@@ 00013de8     minwave.obj
 0002:000005e4       ??_7CMiniportWaveCyclicStreamHDA@@6BCUnknown@@@ 00013e04     minwave.obj
 0002:000005f4       ??_7CMiniportWaveCyclicStreamHDA@@6BIMiniportWaveCyclicStream@@@ 00013e14     minwave.obj
 0002:00000618       ??_7CUnknown@@6B@          00013e38     stdunk:stdunk.obj
 0003:00000000       ?ulDebugOut@@3KA           00013e60     adapter.obj
 0003:00000008       __GUID_b7902fe9_fb0a_11d1_81b0_0060083316c1 00013e68     adapter.obj
 0003:00000018       __GUID_d3f0ce1c_fffc_11d1_81b0_0060083316c1 00013e78     adapter.obj
 0003:00000028       __GUID_c096df9c_fb09_11d1_81b0_0060083316c1 00013e88     adapter.obj
 0003:000000f8       ?audBufSize@@3KA           00013f58     common.obj
 0003:000000fc       ?BdlSize@@3KA              00013f5c     common.obj
 0003:000007f8       __GUID_185fedf6_9905_11d1_95a9_00c04fb925d3 00014658     mintopo.obj
 0003:00000808       __GUID_185fedef_9905_11d1_95a9_00c04fb925d3 00014668     mintopo.obj
 0003:00000818       __GUID_185fede1_9905_11d1_95a9_00c04fb925d3 00014678     mintopo.obj
 0003:00000828       __GUID_185fede0_9905_11d1_95a9_00c04fb925d3 00014688     mintopo.obj
 0003:00000838       __GUID_7607e580_c557_11d0_8a2b_00a0c9255ac1 00014698     mintopo.obj
 0003:00000848       __GUID_185fede3_9905_11d1_95a9_00c04fb925d3 000146a8     mintopo.obj
 0003:00000858       __GUID_da441a60_c556_11d0_8a2b_00a0c9255ac1 000146b8     mintopo.obj
 0003:00000868       __GUID_185fedee_9905_11d1_95a9_00c04fb925d3 000146c8     mintopo.obj
 0003:00000878       __GUID_02b223c0_c557_11d0_8a2b_00a0c9255ac1 000146d8     mintopo.obj
 0003:00000888       __GUID_185feded_9905_11d1_95a9_00c04fb925d3 000146e8     mintopo.obj
 0003:00000898       __GUID_e88c9ba0_c557_11d0_8a2b_00a0c9255ac1 000146f8     mintopo.obj
 0003:000008a8       __GUID_185fedec_9905_11d1_95a9_00c04fb925d3 00014708     mintopo.obj
 0003:000008b8       __GUID_185fedeb_9905_11d1_95a9_00c04fb925d3 00014718     mintopo.obj
 0003:000008c8       __GUID_185fedea_9905_11d1_95a9_00c04fb925d3 00014728     mintopo.obj
 0003:000008d8       __GUID_185fede9_9905_11d1_95a9_00c04fb925d3 00014738     mintopo.obj
 0003:000008e8       __GUID_185fede8_9905_11d1_95a9_00c04fb925d3 00014748     mintopo.obj
 0003:000008f8       __GUID_e573adc0_c555_11d0_8a2b_00a0c9255ac1 00014758     mintopo.obj
 0003:00000908       __GUID_185fede7_9905_11d1_95a9_00c04fb925d3 00014768     mintopo.obj
 0003:00000918       __GUID_185fede5_9905_11d1_95a9_00c04fb925d3 00014778     mintopo.obj
 0003:00000928       __GUID_3a5acc00_c557_11d0_8a2b_00a0c9255ac1 00014788     mintopo.obj
 0003:00000938       __GUID_45ffaaa0_6e1b_11d0_bcf2_444553540000 00014798     mintopo.obj
 0003:00000948       __GUID_6994ad04_93ef_11d0_a3cc_00a0c9223196 000147a8     mintopo.obj
 0003:00000958       __GUID_185fedf7_9905_11d1_95a9_00c04fb925d3 000147b8     mintopo.obj
 0003:00000968       __GUID_dff21ce1_f70f_11d0_b917_00a0c9223196 000147c8     mintopo.obj
 0003:00000978       __GUID_dff21be1_f70f_11d0_b917_00a0c9223196 000147d8     mintopo.obj
 0003:00000988       __GUID_185fedf9_9905_11d1_95a9_00c04fb925d3 000147e8     mintopo.obj
 0003:00000998       __GUID_dff21fe3_f70f_11d0_b917_00a0c9223196 000147f8     mintopo.obj
 0003:000009a8       __GUID_185fedfb_9905_11d1_95a9_00c04fb925d3 00014808     mintopo.obj
 0003:000009b8       __GUID_dff220e3_f70f_11d0_b917_00a0c9223196 00014818     mintopo.obj
 0003:000009c8       __GUID_185fedf8_9905_11d1_95a9_00c04fb925d3 00014828     mintopo.obj
 0003:000009d8       __GUID_dff220f3_f70f_11d0_b917_00a0c9223196 00014838     mintopo.obj
 0003:000009e8       __GUID_dff21fe4_f70f_11d0_b917_00a0c9223196 00014848     mintopo.obj
 0003:000009f8       __GUID_97e99ba0_bdea_11cf_a5d6_28db04c10000 00014858     mintopo.obj
 0003:00000c40       __GUID_507ae360_c554_11d0_8a2b_00a0c9255ac1 00014aa0     minwave.obj
 0003:00000c50       __GUID_4d837fe0_c555_11d0_8a2b_00a0c9255ac1 00014ab0     minwave.obj
 0003:00000c60       __GUID_185fedfa_9905_11d1_95a9_00c04fb925d3 00014ac0     minwave.obj
 0003:00000c70       __GUID_fb6c4281_0353_11d1_905f_0000c0cc16ba 00014ad0     minwave.obj
 0003:00000c80       __GUID_05589f81_c356_11ce_bf01_00aa0055595a 00014ae0     minwave.obj
 0003:00000c90       __GUID_00000001_0000_0010_8000_00aa00389b71 00014af0     minwave.obj
 0003:00000ca0       __GUID_73647561_0000_0010_8000_00aa00389b71 00014b00     minwave.obj
 0003:00000cb0       __GUID_518590a2_a184_11d0_8522_00c04fd9baf3 00014b10     minwave.obj
 0003:00000cc0       __GUID_0f6417d6_c318_11d0_a43f_00a0c9223196 00014b20     minwave.obj
 0003:00000cd0       __GUID_00000000_0000_0000_0000_000000000000 00014b30     adapter.obj
 0004:0000003e       _AddDevice@8               00014b7e f   adapter.obj
 0004:0000026a       ?InstallSubdevice@@YGJPAU_DEVICE_OBJECT@@PAU_IRP@@PAGABU_GUID@@3P6GJPAPAUIUnknown@@3PAU4@W4_POOL_TYPE@@@Z5PAUIResourceList@@344@Z 00014daa f   adapter.obj
 0004:0000066e       ?StartDevice@@YGJPAU_DEVICE_OBJECT@@PAU_IRP@@PAUIResourceList@@@Z 000151ae f   adapter.obj
 0004:00000e6e       ?AssignResources@@YGJPAUIResourceList@@PAPAU1@11111@Z 000159ae f   adapter.obj
 0004:000014d8       ?NewAdapterCommon@@YGJPAPAUIUnknown@@ABU_GUID@@PAU1@W4_POOL_TYPE@@@Z 00016018 f   common.obj
 0004:00001b8a       ?Init@CAdapterCommon@@UAGJPAUIResourceList@@PAU_DEVICE_OBJECT@@@Z 000166ca f   common.obj
 0004:00002892       ??1CAdapterCommon@@UAE@XZ  000173d2 f   common.obj
 0004:00002d17       ?NonDelegatingQueryInterface@CAdapterCommon@@UAGJABU_GUID@@PAPAX@Z 00017857 f   common.obj
 0004:00002e6e       ?WavePortDriverDest@CAdapterCommon@@UAGPAPAUIUnknown@@XZ 000179ae f   common.obj
 0004:00002f0e       ?GetInterruptSync@CAdapterCommon@@UAGPAUIInterruptSync@@XZ 00017a4e f   common.obj
 0004:00002fae       ?MidiPortDriverDest@CAdapterCommon@@UAGPAPAUIUnknown@@XZ 00017aee f   common.obj
 0004:00003010       ?SetWaveServiceGroup@CAdapterCommon@@UAGXPAUIServiceGroup@@@Z 00017b50 f   common.obj
 0004:00003446       ?InitHDA@CAdapterCommon@@QAGJXZ 00017f86 f   common.obj
 0004:00003e6a       ?InitializeCodec@CAdapterCommon@@QAGJE@Z 000189aa f   common.obj
 0004:0000445f       ?hda_initialize_audio_function_group@CAdapterCommon@@QAGXKK@Z 00018f9f f   common.obj
 0004:00004d50       ?hda_get_node_type@CAdapterCommon@@QAGEKK@Z 00019890 f   common.obj
 0004:00004d80       ?hda_get_node_connection_entry@CAdapterCommon@@QAGKKKK@Z 000198c0 f   common.obj
 0004:00004e40       ?hda_set_node_gain@CAdapterCommon@@QAGXKKKKK@Z 00019980 f   common.obj
 0004:00004ee0       ?hda_disable_pin_output@CAdapterCommon@@QAGXKK@Z 00019a20 f   common.obj
 0004:00004f20       ?hda_is_headphone_connected@CAdapterCommon@@QAGHXZ 00019a60 f   common.obj
 0004:00005026       ?hda_initialize_output_pin@CAdapterCommon@@QAGXK@Z 00019b66 f   common.obj
 0004:000053e6       ?hda_initalize_audio_output@CAdapterCommon@@QAGXK@Z 00019f26 f   common.obj
 0004:00005766       ?hda_initalize_audio_mixer@CAdapterCommon@@QAGXK@Z 0001a2a6 f   common.obj
 0004:000059fe       ?hda_initalize_audio_selector@CAdapterCommon@@QAGXK@Z 0001a53e f   common.obj
 0004:00005c40       ?hda_is_supported_sample_rate@CAdapterCommon@@QAGEK@Z 0001a780 f   common.obj
 0004:00005d58       ?CreateMiniportTopologyHDA@@YGJPAPAUIUnknown@@ABU_GUID@@PAU1@W4_POOL_TYPE@@@Z 0001a898 f   mintopo.obj
 0004:00005eca       ?ProcessResources@CMiniportTopologyHDA@@AAEJPAUIResourceList@@@Z 0001aa0a f   mintopo.obj
 0004:0000605a       ?NonDelegatingQueryInterface@CMiniportTopologyHDA@@UAGJABU_GUID@@PAPAX@Z 0001ab9a f   mintopo.obj
 0004:0000620e       ??1CMiniportTopologyHDA@@UAE@XZ 0001ad4e f   mintopo.obj
 0004:000063e6       ?Init@CMiniportTopologyHDA@@UAGJPAUIUnknown@@PAUIResourceList@@PAUIPortTopology@@@Z 0001af26 f   mintopo.obj
 0004:000065fa       ?GetDescription@CMiniportTopologyHDA@@UAGJPAPAUPCFILTER_DESCRIPTOR@@@Z 0001b13a f   mintopo.obj
 0004:00007dd8       ?CreateMiniportWaveCyclicHDA@@YGJPAPAUIUnknown@@ABU_GUID@@PAU1@W4_POOL_TYPE@@@Z 0001c918 f   minwave.obj
 0004:000080a6       ?ProcessResources@CMiniportWaveCyclicHDA@@AAEJPAUIResourceList@@@Z 0001cbe6 f   minwave.obj
 0004:00008512       ?ValidateFormat@CMiniportWaveCyclicHDA@@AAEJPATKSDATAFORMAT@@@Z 0001d052 f   minwave.obj
 0004:0000871e       ?NonDelegatingQueryInterface@CMiniportWaveCyclicHDA@@UAGJABU_GUID@@PAPAX@Z 0001d25e f   minwave.obj
 0004:000088d2       ??1CMiniportWaveCyclicHDA@@UAE@XZ 0001d412 f   minwave.obj
 0004:00008ad6       ?Init@CMiniportWaveCyclicHDA@@UAGJPAUIUnknown@@PAUIResourceList@@PAUIPortWaveCyclic@@@Z 0001d616 f   minwave.obj
 0004:00008d6e       ?GetDescription@CMiniportWaveCyclicHDA@@UAGJPAPAUPCFILTER_DESCRIPTOR@@@Z 0001d8ae f   minwave.obj
 0004:00008f5a       ?DataRangeIntersection@CMiniportWaveCyclicHDA@@UAGJKPATKSDATAFORMAT@@0KPAXPAK@Z 0001da9a f   minwave.obj
 0004:0000955a       ?NewStream@CMiniportWaveCyclicHDA@@UAGJPAPAUIMiniportWaveCyclicStream@@PAUIUnknown@@W4_POOL_TYPE@@KEPATKSDATAFORMAT@@PAPAUIDmaChannel@@PAPAUIServiceGroup@@@Z 0001e09a f   minwave.obj
 0004:000098f2       ?NonDelegatingQueryInterface@CMiniportWaveCyclicStreamHDA@@UAGJABU_GUID@@PAPAX@Z 0001e432 f   minwave.obj
 0004:00009a9e       ??1CMiniportWaveCyclicStreamHDA@@UAE@XZ 0001e5de f   minwave.obj
 0004:00009d10       ?Init@CMiniportWaveCyclicStreamHDA@@QAEJPAVCMiniportWaveCyclicHDA@@KEPATKSDATAFORMAT@@PAUIDmaChannel@@@Z 0001e850 f   minwave.obj
 0004:00009f82       ?SetNotificationFreq@CMiniportWaveCyclicStreamHDA@@UAGKKPAK@Z 0001eac2 f   minwave.obj
 0004:0000a116       ?SetFormat@CMiniportWaveCyclicStreamHDA@@UAGJPATKSDATAFORMAT@@@Z 0001ec56 f   minwave.obj
 0004:0000a3ae       ?SetState@CMiniportWaveCyclicStreamHDA@@UAGJW4KSSTATE@@@Z 0001eeee f   minwave.obj
 0005:0000003e       _DriverEntry@8             0001f03e f   adapter.obj
 0005:000000ac       __IMPORT_DESCRIPTOR_ntoskrnl 0001f0ac     ntoskrnl:ntoskrnl.exe
 0005:000000c0       __IMPORT_DESCRIPTOR_HAL    0001f0c0     hal:HAL.dll
 0005:000000d4       __IMPORT_DESCRIPTOR_portcls 0001f0d4     portcls:portcls.sys
 0005:000000e8       __NULL_IMPORT_DESCRIPTOR   0001f0e8     ntoskrnl:ntoskrnl.exe

 entry point at        0005:0000003e

 Static symbols

 0004:0000674e       ?PropertyHandler_OnOff@@YGJPAU_PCPROPERTY_REQUEST@@@Z 0001b28e f   mintopo.obj
 0004:00006b66       ?PropertyHandler_SuperMixCaps@@YGJPAU_PCPROPERTY_REQUEST@@@Z 0001b6a6 f   mintopo.obj
 0004:00007176       ?PropertyHandler_SuperMixTable@@YGJPAU_PCPROPERTY_REQUEST@@@Z 0001bcb6 f   mintopo.obj
 0004:000078a6       ?PropertyHandler_CpuResources@@YGJPAU_PCPROPERTY_REQUEST@@@Z 0001c3e6 f   mintopo.obj
 0001:0000295e       ?PropertyHandler_Level@@YGJPAU_PCPROPERTY_REQUEST@@@Z 00012c3e f   mintopo.obj
 0004:00007b06       ?BasicSupportHandler@@YGJPAU_PCPROPERTY_REQUEST@@@Z 0001c646 f   mintopo.obj

 318 bytes saved through ICF

