 HDA

 Timestamp is 68ffff78 (Mon Oct 27 15:25:44 2025)

 Preferred load address is 00010000

 Start         Length     Name                   Class
 0001:00000000 000032fcH .text                   CODE
 0002:00000000 000000a4H .idata$5                DATA
 0002:000000a8 00000580H .rdata                  DATA
 0003:00000000 00000cd0H .data                   DATA
 0003:00000cd0 00000010H .bss                    DATA
 0004:00000000 0000abc0H PAGE                    CODE
 0005:00000000 000000a9H INIT                    CODE
 0005:000000ac 0000003cH .idata$2                CODE
 0005:000000e8 00000014H .idata$3                CODE
 0005:000000fc 000000a4H .idata$4                CODE
 0005:000001a0 00000338H .idata$6                CODE
 0006:00000000 00000058H .rsrc$01                DATA
 0006:00000060 00000338H .rsrc$02                DATA

  Address         Publics by Value              Rva+Base     Lib:Object

 0001:00000000       ??3@YAXPAX@Z               000102e0 f i common.obj
 0001:00000010       ??2@YGPAXIW4_POOL_TYPE@@K@Z 000102f0 f i common.obj
 0001:00000050       ??0CAdapterCommon@@QAE@PAUIUnknown@@@Z 00010330 f i common.obj
 0001:000000a0       ?QueryInterface@CAdapterCommon@@UAGJABU_GUID@@PAPAX@Z 00010380 f i common.obj
 0001:000000d0       ?GetOuterUnknown@CUnknown@@QAEPAUIUnknown@@XZ 000103b0 f i common.obj
 0001:000000f0       ?AddRef@CAdapterCommon@@UAGKXZ 000103d0 f i common.obj
 0001:00000120       ?Release@CAdapterCommon@@UAGKXZ 00010400 f i common.obj
 0001:00000150       ??_GCAdapterCommon@@UAEPAXI@Z 00010430 f i common.obj
 0001:00000150       ??_ECAdapterCommon@@UAEPAXI@Z 00010430 f i common.obj
 0001:00000190       ??0IMiniportWaveCyclicStream@@QAE@XZ 00010470 f i common.obj
 0001:00000190       ??0IAdapterPowerManagement@@QAE@XZ 00010470 f i common.obj
 0001:00000190       ??0IMiniport@@QAE@XZ       00010470 f i common.obj
 0001:00000190       ??0IAdapterCommon@@QAE@XZ  00010470 f i common.obj
 0001:000001b0       ??0IUnknown@@QAE@XZ        00010490 f i common.obj
 0001:000001c0       _IsEqualGUIDAligned@8      000104a0 f i common.obj
 0001:00000240       ?hda_check_headphone_connection_change@CAdapterCommon@@QAGXXZ 00010520 f   common.obj
 0001:000002f0       ?hda_is_supported_sample_rate@CAdapterCommon@@QAGEK@Z 000105d0 f   common.obj
 0001:000003da       ?hda_send_verb@CAdapterCommon@@QAGKKKKK@Z 000106ba f   common.obj
 0001:000005c2       ?ReadController@CAdapterCommon@@UAGEXZ 000108a2 f   common.obj
 0001:00000666       ?WriteController@CAdapterCommon@@UAGEE@Z 00010946 f   common.obj
 0001:0000076a       ?MixerRegWrite@CAdapterCommon@@UAGXEE@Z 00010a4a f   common.obj
 0001:000008b6       ?MixerRegRead@CAdapterCommon@@UAGEE@Z 00010b96 f   common.obj
 0001:0000098e       ?MixerReset@CAdapterCommon@@UAGXXZ 00010c6e f   common.obj
 0001:000009fe       ?AcknowledgeIRQ@CAdapterCommon@@AAEEXZ 00010cde f   common.obj
 0001:00000b12       ?ResetController@CAdapterCommon@@UAGJXZ 00010df2 f   common.obj
 0001:00000bb6       ?RestoreMixerSettingsFromRegistry@CAdapterCommon@@UAGJXZ 00010e96 f   common.obj
 0001:00000e32       ?SaveMixerSettingsToRegistry@CAdapterCommon@@UAGJXZ 00011112 f   common.obj
 0001:0000106a       ?ProgramSampleRate@CAdapterCommon@@QAGJK@Z 0001134a f   common.obj
 0001:00001302       ?PowerChangeState@CAdapterCommon@@UAGXT_POWER_STATE@@@Z 000115e2 f   common.obj
 0001:00001496       ?QueryPowerChangeState@CAdapterCommon@@UAGJT_POWER_STATE@@@Z 00011776 f   common.obj
 0001:0000151a       ?QueryDeviceCapabilities@CAdapterCommon@@UAGJPAU_DEVICE_CAPABILITIES@@@Z 000117fa f   common.obj
 0001:000015ca       ?InterruptServiceRoutine@@YGJPAUIInterruptSync@@PAX@Z 000118aa f   common.obj
 0001:00001746       ?hda_stop_stream@CAdapterCommon@@UAGJXZ 00011a26 f   common.obj
 0001:000019c0       ?hda_start_sound@CAdapterCommon@@UAGXXZ 00011ca0 f   common.obj
 0001:00001a2a       ?hda_stop_sound@CAdapterCommon@@UAGXXZ 00011d0a f   common.obj
 0001:00001ae0       ?hda_get_actual_stream_position@CAdapterCommon@@UAGKXZ 00011dc0 f   common.obj
 0001:00001b00       ?hda_set_volume@CAdapterCommon@@QAGXK@Z 00011de0 f   common.obj
 0001:00001b80       ?readUCHAR@CAdapterCommon@@QAGEG@Z 00011e60 f   common.obj
 0001:00001ba0       ?writeUCHAR@CAdapterCommon@@QAGXGE@Z 00011e80 f   common.obj
 0001:00001bd0       ?readUSHORT@CAdapterCommon@@QAGGG@Z 00011eb0 f   common.obj
 0001:00001bf0       ?writeUSHORT@CAdapterCommon@@QAGXGG@Z 00011ed0 f   common.obj
 0001:00001c20       ?readULONG@CAdapterCommon@@QAGKG@Z 00011f00 f   common.obj
 0001:00001c40       ?writeULONG@CAdapterCommon@@QAGXGK@Z 00011f20 f   common.obj
 0001:00001e62       ?hda_showtime@CAdapterCommon@@UAGJPAUIDmaChannel@@@Z 00012142 f   common.obj
 0001:00002410       ?hda_return_sound_data_format@CAdapterCommon@@QAGGKKK@Z 000126f0 f   common.obj
 0001:00002580       ?QueryInterface@CAdapterCommon@@W3AGJABU_GUID@@PAPAX@Z 00012860 f i common.obj
 0001:00002590       ?AddRef@CAdapterCommon@@W3AGKXZ 00012870 f i common.obj
 0001:000025a0       ?Release@CAdapterCommon@@W3AGKXZ 00012880 f i common.obj
 0001:000025b0       ??0CMiniportTopologyHDA@@QAE@PAUIUnknown@@@Z 00012890 f i mintopo.obj
 0001:000025f0       ?QueryInterface@CMiniportWaveCyclicStreamHDA@@UAGJABU_GUID@@PAPAX@Z 000128d0 f i mintopo.obj
 0001:000025f0       ?QueryInterface@CMiniportTopologyHDA@@UAGJABU_GUID@@PAPAX@Z 000128d0 f i mintopo.obj
 0001:000025f0       ?QueryInterface@CMiniportWaveCyclicHDA@@UAGJABU_GUID@@PAPAX@Z 000128d0 f i mintopo.obj
 0001:00002620       ?AddRef@CMiniportTopologyHDA@@UAGKXZ 00012900 f i mintopo.obj
 0001:00002620       ?AddRef@CMiniportWaveCyclicHDA@@UAGKXZ 00012900 f i mintopo.obj
 0001:00002620       ?AddRef@CMiniportWaveCyclicStreamHDA@@UAGKXZ 00012900 f i mintopo.obj
 0001:00002650       ?Release@CMiniportWaveCyclicHDA@@UAGKXZ 00012930 f i mintopo.obj
 0001:00002650       ?Release@CMiniportWaveCyclicStreamHDA@@UAGKXZ 00012930 f i mintopo.obj
 0001:00002650       ?Release@CMiniportTopologyHDA@@UAGKXZ 00012930 f i mintopo.obj
 0001:00002680       ?DataRangeIntersection@CMiniportTopologyHDA@@UAGJKPATKSDATAFORMAT@@0KPAXPAK@Z 00012960 f i mintopo.obj
 0001:00002690       ??_ECMiniportTopologyHDA@@UAEPAXI@Z 00012970 f i mintopo.obj
 0001:00002690       ??_GCMiniportTopologyHDA@@UAEPAXI@Z 00012970 f i mintopo.obj
 0001:000026d0       ??0IMiniportTopology@@QAE@XZ 000129b0 f i mintopo.obj
 0001:000026d0       ??0IMiniportWaveCyclic@@QAE@XZ 000129b0 f i mintopo.obj
 0001:00002d70       ?ReadBitsFromMixer@CMiniportTopologyHDA@@AAEEEEE@Z 00013050 f   mintopo.obj
 0001:00002dc0       ?ThisManyOnes@@YGEE@Z      000130a0 f i mintopo.obj
 0001:00002de0       ?WriteBitsToMixer@CMiniportTopologyHDA@@AAEXEEEE@Z 000130c0 f   mintopo.obj
 0001:00002e80       ??0CMiniportWaveCyclicHDA@@QAE@PAUIUnknown@@@Z 00013160 f i minwave.obj
 0001:00002ec0       ??_GCMiniportWaveCyclicHDA@@UAEPAXI@Z 000131a0 f i minwave.obj
 0001:00002ec0       ??_ECMiniportWaveCyclicHDA@@UAEPAXI@Z 000131a0 f i minwave.obj
 0001:00002f00       ??2@YGPAXIW4_POOL_TYPE@@@Z 000131e0 f i minwave.obj
 0001:00002f50       ??0CMiniportWaveCyclicStreamHDA@@QAE@PAUIUnknown@@@Z 00013230 f i minwave.obj
 0001:00002f90       ??_GCMiniportWaveCyclicStreamHDA@@UAEPAXI@Z 00013270 f i minwave.obj
 0001:00002f90       ??_ECMiniportWaveCyclicStreamHDA@@UAEPAXI@Z 00013270 f i minwave.obj
 0001:00002fe9       ?GetPosition@CMiniportWaveCyclicStreamHDA@@UAGJPAK@Z 000132c9 f   minwave.obj
 0001:000030de       ?NormalizePhysicalPosition@CMiniportWaveCyclicStreamHDA@@UAGJPA_J@Z 000133be f   minwave.obj
 0001:00003180       ?Silence@CMiniportWaveCyclicStreamHDA@@UAGXPAXK@Z 00013460 f   minwave.obj
 0001:000031be       _DbgPrint                  0001349e f   ntoskrnl:ntoskrnl.exe
 0001:000031c4       _DbgBreakPoint@0           000134a4 f   ntoskrnl:ntoskrnl.exe
 0001:000031ca       __alldiv                   000134aa f   ntoskrnl:ntoskrnl.exe
 0001:000031d0       __allmul                   000134b0 f   ntoskrnl:ntoskrnl.exe
 0001:000031d6       _PcInitializeAdapterDriver@12 000134b6 f   portcls:portcls.sys
 0001:000031dc       _PcAddAdapterDevice@20     000134bc f   portcls:portcls.sys
 0001:000031e2       _PcRegisterSubdevice@12    000134c2 f   portcls:portcls.sys
 0001:000031e8       _PcNewMiniport@8           000134c8 f   portcls:portcls.sys
 0001:000031ee       _PcNewPort@8               000134ce f   portcls:portcls.sys
 0001:000031f4       _PcRegisterPhysicalConnection@20 000134d4 f   portcls:portcls.sys
 0001:000031fa       _PcRegisterAdapterPowerManagement@8 000134da f   portcls:portcls.sys
 0001:00003200       _PcNewResourceSublist@20   000134e0 f   portcls:portcls.sys
 0001:00003206       _PcNewInterruptSync@20     000134e6 f   portcls:portcls.sys
 0001:0000320c       _PcNewRegistryKey@36       000134ec f   portcls:portcls.sys
 0001:00003212       _PcNewServiceGroup@8       000134f2 f   portcls:portcls.sys
 0001:00003218       ??0CUnknown@@QAE@PAUIUnknown@@@Z 000134f8 f   stdunk:stdunk.obj
 0001:00003237       ??_ECUnknown@@UAEPAXI@Z    00013517 f i stdunk:stdunk.obj
 0001:00003237       ??_GCUnknown@@UAEPAXI@Z    00013517 f i stdunk:stdunk.obj
 0001:00003253       ??1CUnknown@@UAE@XZ        00013533 f   stdunk:stdunk.obj
 0001:0000325a       ?NonDelegatingAddRef@CUnknown@@UAGKXZ 0001353a f   stdunk:stdunk.obj
 0001:00003270       ?NonDelegatingRelease@CUnknown@@UAGKXZ 00013550 f   stdunk:stdunk.obj
 0001:0000329f       ?NonDelegatingQueryInterface@CUnknown@@UAGJABU_GUID@@PAPAX@Z 0001357f f   stdunk:stdunk.obj
 0002:00000000       __imp_@KfAcquireSpinLock@4 000135e0     hal:HAL.dll
 0002:00000004       __imp_@KfReleaseSpinLock@8 000135e4     hal:HAL.dll
 0002:00000008       __imp__KeGetCurrentIrql@0  000135e8     hal:HAL.dll
 0002:0000000c       __imp__KeStallExecutionProcessor@4 000135ec     hal:HAL.dll
 0002:00000010       \177HAL_NULL_THUNK_DATA    000135f0     hal:HAL.dll
 0002:00000014       __imp__MmMapIoSpace@16     000135f4     ntoskrnl:ntoskrnl.exe
 0002:00000018       __imp__IoGetDmaAdapter@12  000135f8     ntoskrnl:ntoskrnl.exe
 0002:0000001c       __imp__ExAllocatePoolWithTag@12 000135fc     ntoskrnl:ntoskrnl.exe
 0002:00000020       __imp__KeInitializeSpinLock@4 00013600     ntoskrnl:ntoskrnl.exe
 0002:00000024       __imp__READ_REGISTER_ULONG@4 00013604     ntoskrnl:ntoskrnl.exe
 0002:00000028       __imp__WRITE_REGISTER_ULONG@8 00013608     ntoskrnl:ntoskrnl.exe
 0002:0000002c       __imp__RtlInitUnicodeString@8 0001360c     ntoskrnl:ntoskrnl.exe
 0002:00000030       __imp__MmUnmapIoSpace@8    00013610     ntoskrnl:ntoskrnl.exe
 0002:00000034       __imp__DbgPrint            00013614     ntoskrnl:ntoskrnl.exe
 0002:00000038       __imp__READ_REGISTER_USHORT@4 00013618     ntoskrnl:ntoskrnl.exe
 0002:0000003c       __imp__WRITE_REGISTER_USHORT@8 0001361c     ntoskrnl:ntoskrnl.exe
 0002:00000040       __imp__KeInitializeMutex@8 00013620     ntoskrnl:ntoskrnl.exe
 0002:00000044       __imp__KeReleaseMutex@8    00013624     ntoskrnl:ntoskrnl.exe
 0002:00000048       __imp__KeWaitForSingleObject@20 00013628     ntoskrnl:ntoskrnl.exe
 0002:0000004c       __imp___alldiv             0001362c     ntoskrnl:ntoskrnl.exe
 0002:00000050       __imp__RtlAssert@16        00013630     ntoskrnl:ntoskrnl.exe
 0002:00000054       __imp__ExFreePool@4        00013634     ntoskrnl:ntoskrnl.exe
 0002:00000058       __imp__DbgBreakPoint@0     00013638     ntoskrnl:ntoskrnl.exe
 0002:0000005c       __imp__READ_REGISTER_UCHAR@4 0001363c     ntoskrnl:ntoskrnl.exe
 0002:00000060       __imp__WRITE_REGISTER_UCHAR@8 00013640     ntoskrnl:ntoskrnl.exe
 0002:00000064       __imp___allmul             00013644     ntoskrnl:ntoskrnl.exe
 0002:00000068       __imp_@InterlockedDecrement@4 00013648     ntoskrnl:ntoskrnl.exe
 0002:0000006c       __imp_@InterlockedIncrement@4 0001364c     ntoskrnl:ntoskrnl.exe
 0002:00000070       \177ntoskrnl_NULL_THUNK_DATA 00013650     ntoskrnl:ntoskrnl.exe
 0002:00000074       __imp__PcInitializeAdapterDriver@12 00013654     portcls:portcls.sys
 0002:00000078       __imp__PcNewMiniport@8     00013658     portcls:portcls.sys
 0002:0000007c       __imp__PcNewPort@8         0001365c     portcls:portcls.sys
 0002:00000080       __imp__PcRegisterPhysicalConnection@20 00013660     portcls:portcls.sys
 0002:00000084       __imp__PcAddAdapterDevice@20 00013664     portcls:portcls.sys
 0002:00000088       __imp__PcRegisterSubdevice@12 00013668     portcls:portcls.sys
 0002:0000008c       __imp__PcNewInterruptSync@20 0001366c     portcls:portcls.sys
 0002:00000090       __imp__PcNewRegistryKey@36 00013670     portcls:portcls.sys
 0002:00000094       __imp__PcNewServiceGroup@8 00013674     portcls:portcls.sys
 0002:00000098       __imp__PcRegisterAdapterPowerManagement@8 00013678     portcls:portcls.sys
 0002:0000009c       __imp__PcNewResourceSublist@20 0001367c     portcls:portcls.sys
 0002:000000a0       \177portcls_NULL_THUNK_DATA 00013680     portcls:portcls.sys
 0002:00000120       _IID_IAdapterCommon        00013700     adapter.obj
 0002:00000130       _CLSID_MiniportDriverFmSynth 00013710     adapter.obj
 0002:00000140       _CLSID_PortWaveCyclic      00013720     adapter.obj
 0002:00000150       _CLSID_PortTopology        00013730     adapter.obj
 0002:00000160       _CLSID_PortMidi            00013740     adapter.obj
 0002:00000170       _IID_IAdapterPowerManagment 00013750     adapter.obj
 0002:00000180       _IID_IMiniportWaveCyclicStream 00013760     adapter.obj
 0002:00000190       _IID_IMiniportWaveCyclic   00013770     adapter.obj
 0002:000001a0       _IID_IPortWaveCyclic       00013780     adapter.obj
 0002:000001b0       _IID_IMiniportTopology     00013790     adapter.obj
 0002:000001c0       _IID_IMiniport             000137a0     adapter.obj
 0002:000001d0       _IID_IUnknown              000137b0     adapter.obj
 0002:000001e0       ??_C@_1BE@ENEK@?$AAR?$AAi?$AAg?$AAh?$AAt?$AAB?$AAa?$AAs?$AAs?$AA?$AA@ 000137c0     common.obj
 0002:000001f4       ??_C@_1BC@JMJO@?$AAL?$AAe?$AAf?$AAt?$AAB?$AAa?$AAs?$AAs?$AA?$AA@ 000137d4     common.obj
 0002:00000208       ??_C@_1BI@KGAJ@?$AAR?$AAi?$AAg?$AAh?$AAt?$AAT?$AAr?$AAe?$AAb?$AAl?$AAe?$AA?$AA@ 000137e8     common.obj
 0002:00000220       ??_C@_1BG@BGGD@?$AAL?$AAe?$AAf?$AAt?$AAT?$AAr?$AAe?$AAb?$AAl?$AAe?$AA?$AA@ 00013800     common.obj
 0002:00000238       ??_C@_1O@IECC@?$AAM?$AAi?$AAc?$AAA?$AAG?$AAC?$AA?$AA@ 00013818     common.obj
 0002:00000248       ??_C@_1CA@EJHI@?$AAR?$AAi?$AAg?$AAh?$AAt?$AAO?$AAu?$AAt?$AAp?$AAu?$AAt?$AAG?$AAa?$AAi?$AAn?$AA?$AA@ 00013828     common.obj
 0002:00000268       ??_C@_1BO@PPLI@?$AAL?$AAe?$AAf?$AAt?$AAO?$AAu?$AAt?$AAp?$AAu?$AAt?$AAG?$AAa?$AAi?$AAn?$AA?$AA@ 00013848     common.obj
 0002:00000288       ??_C@_1BO@PMCJ@?$AAR?$AAi?$AAg?$AAh?$AAt?$AAI?$AAn?$AAp?$AAu?$AAt?$AAG?$AAa?$AAi?$AAn?$AA?$AA@ 00013868     common.obj
 0002:000002a8       ??_C@_1BM@CFEM@?$AAL?$AAe?$AAf?$AAt?$AAI?$AAn?$AAp?$AAu?$AAt?$AAG?$AAa?$AAi?$AAn?$AA?$AA@ 00013888     common.obj
 0002:000002c4       ??_C@_1CA@CIKM@?$AAR?$AAi?$AAg?$AAh?$AAt?$AAI?$AAn?$AAp?$AAu?$AAt?$AAM?$AAi?$AAx?$AAe?$AAr?$AA?$AA@ 000138a4     common.obj
 0002:000002e4       ??_C@_1BO@JOGM@?$AAL?$AAe?$AAf?$AAt?$AAI?$AAn?$AAp?$AAu?$AAt?$AAM?$AAi?$AAx?$AAe?$AAr?$AA?$AA@ 000138c4     common.obj
 0002:00000304       ??_C@_1BI@BMOJ@?$AAO?$AAu?$AAt?$AAp?$AAu?$AAt?$AAM?$AAi?$AAx?$AAe?$AAr?$AA?$AA@ 000138e4     common.obj
 0002:0000031c       ??_C@_1BE@GLOL@?$AAP?$AAc?$AAS?$AAp?$AAk?$AAr?$AAV?$AAo?$AAl?$AA?$AA@ 000138fc     common.obj
 0002:00000330       ??_C@_1O@MNBB@?$AAM?$AAi?$AAc?$AAV?$AAo?$AAl?$AA?$AA@ 00013910     common.obj
 0002:00000340       ??_C@_1BO@HCKE@?$AAR?$AAi?$AAg?$AAh?$AAt?$AAL?$AAi?$AAn?$AAe?$AAI?$AAn?$AAV?$AAo?$AAl?$AA?$AA@ 00013920     common.obj
 0002:00000360       ??_C@_1BM@KLMB@?$AAL?$AAe?$AAf?$AAt?$AAL?$AAi?$AAn?$AAe?$AAI?$AAn?$AAV?$AAo?$AAl?$AA?$AA@ 00013940     common.obj
 0002:0000037c       ??_C@_1BG@COJL@?$AAR?$AAi?$AAg?$AAh?$AAt?$AAC?$AAD?$AAV?$AAo?$AAl?$AA?$AA@ 0001395c     common.obj
 0002:00000394       ??_C@_1BE@KMKA@?$AAL?$AAe?$AAf?$AAt?$AAC?$AAD?$AAV?$AAo?$AAl?$AA?$AA@ 00013974     common.obj
 0002:000003a8       ??_C@_1BK@JCIM@?$AAR?$AAi?$AAg?$AAh?$AAt?$AAM?$AAi?$AAd?$AAi?$AAV?$AAo?$AAl?$AA?$AA@ 00013988     common.obj
 0002:000003c4       ??_C@_1BI@KBIJ@?$AAL?$AAe?$AAf?$AAt?$AAM?$AAi?$AAd?$AAi?$AAV?$AAo?$AAl?$AA?$AA@ 000139a4     common.obj
 0002:000003dc       ??_C@_1BK@MFCG@?$AAR?$AAi?$AAg?$AAh?$AAt?$AAW?$AAa?$AAv?$AAe?$AAV?$AAo?$AAl?$AA?$AA@ 000139bc     common.obj
 0002:000003f8       ??_C@_1BI@PGCD@?$AAL?$AAe?$AAf?$AAt?$AAW?$AAa?$AAv?$AAe?$AAV?$AAo?$AAl?$AA?$AA@ 000139d8     common.obj
 0002:00000410       ??_C@_1BO@NHA@?$AAR?$AAi?$AAg?$AAh?$AAt?$AAM?$AAa?$AAs?$AAt?$AAe?$AAr?$AAV?$AAo?$AAl?$AA?$AA@ 000139f0     common.obj
 0002:00000430       ??_C@_1BM@NEBF@?$AAL?$AAe?$AAf?$AAt?$AAM?$AAa?$AAs?$AAt?$AAe?$AAr?$AAV?$AAo?$AAl?$AA?$AA@ 00013a10     common.obj
 0002:0000044c       ??_7CAdapterCommon@@6BCUnknown@@@ 00013a2c     common.obj
 0002:0000045c       ??_7CAdapterCommon@@6BIAdapterPowerManagement@@@ 00013a3c     common.obj
 0002:00000474       ??_7CAdapterCommon@@6BIAdapterCommon@@@ 00013a54     common.obj
 0002:00000590       ??_7CMiniportTopologyHDA@@6BCUnknown@@@ 00013b70     mintopo.obj
 0002:000005a0       ??_7CMiniportTopologyHDA@@6BIMiniportTopology@@@ 00013b80     mintopo.obj
 0002:000005b8       ??_7CMiniportWaveCyclicHDA@@6BCUnknown@@@ 00013b98     minwave.obj
 0002:000005c8       ??_7CMiniportWaveCyclicHDA@@6BIMiniportWaveCyclic@@@ 00013ba8     minwave.obj
 0002:000005e4       ??_7CMiniportWaveCyclicStreamHDA@@6BCUnknown@@@ 00013bc4     minwave.obj
 0002:000005f4       ??_7CMiniportWaveCyclicStreamHDA@@6BIMiniportWaveCyclicStream@@@ 00013bd4     minwave.obj
 0002:00000618       ??_7CUnknown@@6B@          00013bf8     stdunk:stdunk.obj
 0003:00000000       ?ulDebugOut@@3KA           00013c20     adapter.obj
 0003:00000008       __GUID_b7902fe9_fb0a_11d1_81b0_0060083316c1 00013c28     adapter.obj
 0003:00000018       __GUID_d3f0ce1c_fffc_11d1_81b0_0060083316c1 00013c38     adapter.obj
 0003:00000028       __GUID_c096df9c_fb09_11d1_81b0_0060083316c1 00013c48     adapter.obj
 0003:000000f8       ?audBufSize@@3KA           00013d18     common.obj
 0003:000000fc       ?BdlSize@@3KA              00013d1c     common.obj
 0003:000007f8       __GUID_185fedf6_9905_11d1_95a9_00c04fb925d3 00014418     mintopo.obj
 0003:00000808       __GUID_185fedef_9905_11d1_95a9_00c04fb925d3 00014428     mintopo.obj
 0003:00000818       __GUID_185fede1_9905_11d1_95a9_00c04fb925d3 00014438     mintopo.obj
 0003:00000828       __GUID_185fede0_9905_11d1_95a9_00c04fb925d3 00014448     mintopo.obj
 0003:00000838       __GUID_7607e580_c557_11d0_8a2b_00a0c9255ac1 00014458     mintopo.obj
 0003:00000848       __GUID_185fede3_9905_11d1_95a9_00c04fb925d3 00014468     mintopo.obj
 0003:00000858       __GUID_da441a60_c556_11d0_8a2b_00a0c9255ac1 00014478     mintopo.obj
 0003:00000868       __GUID_185fedee_9905_11d1_95a9_00c04fb925d3 00014488     mintopo.obj
 0003:00000878       __GUID_02b223c0_c557_11d0_8a2b_00a0c9255ac1 00014498     mintopo.obj
 0003:00000888       __GUID_185feded_9905_11d1_95a9_00c04fb925d3 000144a8     mintopo.obj
 0003:00000898       __GUID_e88c9ba0_c557_11d0_8a2b_00a0c9255ac1 000144b8     mintopo.obj
 0003:000008a8       __GUID_185fedec_9905_11d1_95a9_00c04fb925d3 000144c8     mintopo.obj
 0003:000008b8       __GUID_185fedeb_9905_11d1_95a9_00c04fb925d3 000144d8     mintopo.obj
 0003:000008c8       __GUID_185fedea_9905_11d1_95a9_00c04fb925d3 000144e8     mintopo.obj
 0003:000008d8       __GUID_185fede9_9905_11d1_95a9_00c04fb925d3 000144f8     mintopo.obj
 0003:000008e8       __GUID_185fede8_9905_11d1_95a9_00c04fb925d3 00014508     mintopo.obj
 0003:000008f8       __GUID_e573adc0_c555_11d0_8a2b_00a0c9255ac1 00014518     mintopo.obj
 0003:00000908       __GUID_185fede7_9905_11d1_95a9_00c04fb925d3 00014528     mintopo.obj
 0003:00000918       __GUID_185fede5_9905_11d1_95a9_00c04fb925d3 00014538     mintopo.obj
 0003:00000928       __GUID_3a5acc00_c557_11d0_8a2b_00a0c9255ac1 00014548     mintopo.obj
 0003:00000938       __GUID_45ffaaa0_6e1b_11d0_bcf2_444553540000 00014558     mintopo.obj
 0003:00000948       __GUID_6994ad04_93ef_11d0_a3cc_00a0c9223196 00014568     mintopo.obj
 0003:00000958       __GUID_185fedf7_9905_11d1_95a9_00c04fb925d3 00014578     mintopo.obj
 0003:00000968       __GUID_dff21ce1_f70f_11d0_b917_00a0c9223196 00014588     mintopo.obj
 0003:00000978       __GUID_dff21be1_f70f_11d0_b917_00a0c9223196 00014598     mintopo.obj
 0003:00000988       __GUID_185fedf9_9905_11d1_95a9_00c04fb925d3 000145a8     mintopo.obj
 0003:00000998       __GUID_dff21fe3_f70f_11d0_b917_00a0c9223196 000145b8     mintopo.obj
 0003:000009a8       __GUID_185fedfb_9905_11d1_95a9_00c04fb925d3 000145c8     mintopo.obj
 0003:000009b8       __GUID_dff220e3_f70f_11d0_b917_00a0c9223196 000145d8     mintopo.obj
 0003:000009c8       __GUID_185fedf8_9905_11d1_95a9_00c04fb925d3 000145e8     mintopo.obj
 0003:000009d8       __GUID_dff220f3_f70f_11d0_b917_00a0c9223196 000145f8     mintopo.obj
 0003:000009e8       __GUID_dff21fe4_f70f_11d0_b917_00a0c9223196 00014608     mintopo.obj
 0003:000009f8       __GUID_97e99ba0_bdea_11cf_a5d6_28db04c10000 00014618     mintopo.obj
 0003:00000c40       __GUID_507ae360_c554_11d0_8a2b_00a0c9255ac1 00014860     minwave.obj
 0003:00000c50       __GUID_4d837fe0_c555_11d0_8a2b_00a0c9255ac1 00014870     minwave.obj
 0003:00000c60       __GUID_185fedfa_9905_11d1_95a9_00c04fb925d3 00014880     minwave.obj
 0003:00000c70       __GUID_fb6c4281_0353_11d1_905f_0000c0cc16ba 00014890     minwave.obj
 0003:00000c80       __GUID_05589f81_c356_11ce_bf01_00aa0055595a 000148a0     minwave.obj
 0003:00000c90       __GUID_00000001_0000_0010_8000_00aa00389b71 000148b0     minwave.obj
 0003:00000ca0       __GUID_73647561_0000_0010_8000_00aa00389b71 000148c0     minwave.obj
 0003:00000cb0       __GUID_518590a2_a184_11d0_8522_00c04fd9baf3 000148d0     minwave.obj
 0003:00000cc0       __GUID_0f6417d6_c318_11d0_a43f_00a0c9223196 000148e0     minwave.obj
 0003:00000cd0       __GUID_00000000_0000_0000_0000_000000000000 000148f0     adapter.obj
 0004:0000003e       _AddDevice@8               0001493e f   adapter.obj
 0004:0000026a       ?InstallSubdevice@@YGJPAU_DEVICE_OBJECT@@PAU_IRP@@PAGABU_GUID@@3P6GJPAPAUIUnknown@@3PAU4@W4_POOL_TYPE@@@Z5PAUIResourceList@@344@Z 00014b6a f   adapter.obj
 0004:0000066e       ?StartDevice@@YGJPAU_DEVICE_OBJECT@@PAU_IRP@@PAUIResourceList@@@Z 00014f6e f   adapter.obj
 0004:00000e6e       ?AssignResources@@YGJPAUIResourceList@@PAPAU1@11111@Z 0001576e f   adapter.obj
 0004:000014d8       ?NewAdapterCommon@@YGJPAPAUIUnknown@@ABU_GUID@@PAU1@W4_POOL_TYPE@@@Z 00015dd8 f   common.obj
 0004:00001d35       ?Init@CAdapterCommon@@UAGJPAUIResourceList@@PAU_DEVICE_OBJECT@@@Z 00016635 f   common.obj
 0004:00002c7a       ??1CAdapterCommon@@UAE@XZ  0001757a f   common.obj
 0004:000030f7       ?NonDelegatingQueryInterface@CAdapterCommon@@UAGJABU_GUID@@PAPAX@Z 000179f7 f   common.obj
 0004:0000324e       ?WavePortDriverDest@CAdapterCommon@@UAGPAPAUIUnknown@@XZ 00017b4e f   common.obj
 0004:000032ee       ?GetInterruptSync@CAdapterCommon@@UAGPAUIInterruptSync@@XZ 00017bee f   common.obj
 0004:0000338e       ?MidiPortDriverDest@CAdapterCommon@@UAGPAPAUIUnknown@@XZ 00017c8e f   common.obj
 0004:0000342e       ?SetWaveServiceGroup@CAdapterCommon@@UAGXPAUIServiceGroup@@@Z 00017d2e f   common.obj
 0004:00003876       ?InitHDA@CAdapterCommon@@QAGJXZ 00018176 f   common.obj
 0004:00004286       ?InitializeCodec@CAdapterCommon@@QAGJE@Z 00018b86 f   common.obj
 0004:0000489b       ?hda_initialize_audio_function_group@CAdapterCommon@@QAGXKK@Z 0001919b f   common.obj
 0004:0000521e       ?hda_get_node_type@CAdapterCommon@@QAGEKK@Z 00019b1e f   common.obj
 0004:000052ce       ?hda_get_node_connection_entries@CAdapterCommon@@QAGKKKK@Z 00019bce f   common.obj
 0004:0000541e       ?hda_set_node_gain@CAdapterCommon@@QAGXKKKKK@Z 00019d1e f   common.obj
 0004:00005500       ?hda_enable_pin_output@CAdapterCommon@@QAGXKK@Z 00019e00 f   common.obj
 0004:00005540       ?hda_disable_pin_output@CAdapterCommon@@QAGXKK@Z 00019e40 f   common.obj
 0004:00005580       ?hda_is_headphone_connected@CAdapterCommon@@QAGHXZ 00019e80 f   common.obj
 0004:0000567e       ?hda_initialize_output_pin@CAdapterCommon@@QAGXK@Z 00019f7e f   common.obj
 0004:00005a72       ?hda_initalize_audio_output@CAdapterCommon@@QAGXK@Z 0001a372 f   common.obj
 0004:00005e6a       ?hda_initalize_audio_mixer@CAdapterCommon@@QAGXK@Z 0001a76a f   common.obj
 0004:00006182       ?hda_initalize_audio_selector@CAdapterCommon@@QAGXK@Z 0001aa82 f   common.obj
 0004:00006458       ?CreateMiniportTopologyHDA@@YGJPAPAUIUnknown@@ABU_GUID@@PAU1@W4_POOL_TYPE@@@Z 0001ad58 f   mintopo.obj
 0004:000065ca       ?ProcessResources@CMiniportTopologyHDA@@AAEJPAUIResourceList@@@Z 0001aeca f   mintopo.obj
 0004:0000675a       ?NonDelegatingQueryInterface@CMiniportTopologyHDA@@UAGJABU_GUID@@PAPAX@Z 0001b05a f   mintopo.obj
 0004:0000690e       ??1CMiniportTopologyHDA@@UAE@XZ 0001b20e f   mintopo.obj
 0004:00006ae6       ?Init@CMiniportTopologyHDA@@UAGJPAUIUnknown@@PAUIResourceList@@PAUIPortTopology@@@Z 0001b3e6 f   mintopo.obj
 0004:00006cfa       ?GetDescription@CMiniportTopologyHDA@@UAGJPAPAUPCFILTER_DESCRIPTOR@@@Z 0001b5fa f   mintopo.obj
 0004:000084d8       ?CreateMiniportWaveCyclicHDA@@YGJPAPAUIUnknown@@ABU_GUID@@PAU1@W4_POOL_TYPE@@@Z 0001cdd8 f   minwave.obj
 0004:000087a6       ?ProcessResources@CMiniportWaveCyclicHDA@@AAEJPAUIResourceList@@@Z 0001d0a6 f   minwave.obj
 0004:00008c12       ?ValidateFormat@CMiniportWaveCyclicHDA@@AAEJPATKSDATAFORMAT@@@Z 0001d512 f   minwave.obj
 0004:00008e1e       ?NonDelegatingQueryInterface@CMiniportWaveCyclicHDA@@UAGJABU_GUID@@PAPAX@Z 0001d71e f   minwave.obj
 0004:00008fd2       ??1CMiniportWaveCyclicHDA@@UAE@XZ 0001d8d2 f   minwave.obj
 0004:000091d6       ?Init@CMiniportWaveCyclicHDA@@UAGJPAUIUnknown@@PAUIResourceList@@PAUIPortWaveCyclic@@@Z 0001dad6 f   minwave.obj
 0004:0000946e       ?GetDescription@CMiniportWaveCyclicHDA@@UAGJPAPAUPCFILTER_DESCRIPTOR@@@Z 0001dd6e f   minwave.obj
 0004:0000965a       ?DataRangeIntersection@CMiniportWaveCyclicHDA@@UAGJKPATKSDATAFORMAT@@0KPAXPAK@Z 0001df5a f   minwave.obj
 0004:00009c5a       ?NewStream@CMiniportWaveCyclicHDA@@UAGJPAPAUIMiniportWaveCyclicStream@@PAUIUnknown@@W4_POOL_TYPE@@KEPATKSDATAFORMAT@@PAPAUIDmaChannel@@PAPAUIServiceGroup@@@Z 0001e55a f   minwave.obj
 0004:00009ff2       ?NonDelegatingQueryInterface@CMiniportWaveCyclicStreamHDA@@UAGJABU_GUID@@PAPAX@Z 0001e8f2 f   minwave.obj
 0004:0000a19e       ??1CMiniportWaveCyclicStreamHDA@@UAE@XZ 0001ea9e f   minwave.obj
 0004:0000a410       ?Init@CMiniportWaveCyclicStreamHDA@@QAEJPAVCMiniportWaveCyclicHDA@@KEPATKSDATAFORMAT@@PAUIDmaChannel@@@Z 0001ed10 f   minwave.obj
 0004:0000a682       ?SetNotificationFreq@CMiniportWaveCyclicStreamHDA@@UAGKKPAK@Z 0001ef82 f   minwave.obj
 0004:0000a816       ?SetFormat@CMiniportWaveCyclicStreamHDA@@UAGJPATKSDATAFORMAT@@@Z 0001f116 f   minwave.obj
 0004:0000aaae       ?SetState@CMiniportWaveCyclicStreamHDA@@UAGJW4KSSTATE@@@Z 0001f3ae f   minwave.obj
 0005:0000003e       _DriverEntry@8             0001f4fe f   adapter.obj
 0005:000000ac       __IMPORT_DESCRIPTOR_ntoskrnl 0001f56c     ntoskrnl:ntoskrnl.exe
 0005:000000c0       __IMPORT_DESCRIPTOR_HAL    0001f580     hal:HAL.dll
 0005:000000d4       __IMPORT_DESCRIPTOR_portcls 0001f594     portcls:portcls.sys
 0005:000000e8       __NULL_IMPORT_DESCRIPTOR   0001f5a8     ntoskrnl:ntoskrnl.exe

 entry point at        0005:0000003e

 Static symbols

 0004:00006e4e       ?PropertyHandler_OnOff@@YGJPAU_PCPROPERTY_REQUEST@@@Z 0001b74e f   mintopo.obj
 0004:00007266       ?PropertyHandler_SuperMixCaps@@YGJPAU_PCPROPERTY_REQUEST@@@Z 0001bb66 f   mintopo.obj
 0004:00007876       ?PropertyHandler_SuperMixTable@@YGJPAU_PCPROPERTY_REQUEST@@@Z 0001c176 f   mintopo.obj
 0004:00007fa6       ?PropertyHandler_CpuResources@@YGJPAU_PCPROPERTY_REQUEST@@@Z 0001c8a6 f   mintopo.obj
 0001:0000274e       ?PropertyHandler_Level@@YGJPAU_PCPROPERTY_REQUEST@@@Z 00012a2e f   mintopo.obj
 0004:00008206       ?BasicSupportHandler@@YGJPAU_PCPROPERTY_REQUEST@@@Z 0001cb06 f   mintopo.obj

 318 bytes saved through ICF

