 HDA

 Timestamp is 6a1b7773 (Sat May 30 16:49:07 2026)

 Preferred load address is 00010000

 Start         Length     Name                   Class
 0001:00000000 00007047H .text                   CODE
 0002:00000000 000000b8H .idata$5                DATA
 0002:000000b8 00000703H .rdata                  DATA
 0003:00000000 00000d18H .data                   DATA
 0003:00000d18 0000001eH .bss                    DATA
 0004:00000000 0000a36dH PAGE                    CODE
 0005:00000000 000000a9H INIT                    CODE
 0005:000000ac 0000003cH .idata$2                CODE
 0005:000000e8 00000014H .idata$3                CODE
 0005:000000fc 000000b8H .idata$4                CODE
 0005:000001b4 000003b4H .idata$6                CODE
 0006:00000000 00000058H .rsrc$01                DATA
 0006:00000060 000003d0H .rsrc$02                DATA

  Address         Publics by Value              Rva+Base     Lib:Object

 0001:00000000       ??3@YAXPAX@Z               000102e0 f i common.obj
 0001:00000010       ??2@YGPAXIW4_POOL_TYPE@@K@Z 000102f0 f i common.obj
 0001:00000050       ??0CAdapterCommon@@QAE@PAUIUnknown@@@Z 00010330 f i common.obj
 0001:000000a0       ?QueryInterface@CAdapterCommon@@UAGJABU_GUID@@PAPAX@Z 00010380 f i common.obj
 0001:000000d0       ?GetOuterUnknown@CUnknown@@QAEPAUIUnknown@@XZ 000103b0 f i common.obj
 0001:000000f0       ?AddRef@CAdapterCommon@@UAGKXZ 000103d0 f i common.obj
 0001:00000120       ?Release@CAdapterCommon@@UAGKXZ 00010400 f i common.obj
 0001:00000150       ??_ECAdapterCommon@@UAEPAXI@Z 00010430 f i common.obj
 0001:00000150       ??_GCAdapterCommon@@UAEPAXI@Z 00010430 f i common.obj
 0001:00000380       _IsEqualGUIDAligned@8      00010660 f i common.obj
 0001:00000400       ??2@YGPAXIW4_POOL_TYPE@@@Z 000106e0 f i common.obj
 0001:00000450       ?hda_is_supported_sample_rate@CAdapterCommon@@UAGEK@Z 00010730 f   common.obj
 0001:00000526       ?hda_send_verb@CAdapterCommon@@UAGKKKKK@Z 00010806 f   common.obj
 0001:00000842       ?ReadController@CAdapterCommon@@UAGEXZ 00010b22 f   common.obj
 0001:000008e6       ?WriteController@CAdapterCommon@@UAGEE@Z 00010bc6 f   common.obj
 0001:000009f2       ?MixerRegWrite@CAdapterCommon@@UAGXEE@Z 00010cd2 f   common.obj
 0001:00000bba       ?MixerRegRead@CAdapterCommon@@UAGEE@Z 00010e9a f   common.obj
 0001:00000c9e       ?MixerReset@CAdapterCommon@@UAGXXZ 00010f7e f   common.obj
 0001:00000d3e       ?AcknowledgeIRQ@CAdapterCommon@@AAE?AW4_HDA_INTERRUPT_TYPE@@XZ 0001101e f   common.obj
 0001:00000fe2       ?ResetController@CAdapterCommon@@UAGJXZ 000112c2 f   common.obj
 0001:00001096       ?RestoreMixerSettingsFromRegistry@CAdapterCommon@@UAGJXZ 00011376 f   common.obj
 0001:00001342       ?SaveMixerSettingsToRegistry@CAdapterCommon@@UAGJXZ 00011622 f   common.obj
 0001:0000159e       ?ProgramSampleRate@CAdapterCommon@@UAGJK@Z 0001187e f   common.obj
 0001:00001796       ?PowerChangeState@CAdapterCommon@@UAGXT_POWER_STATE@@@Z 00011a76 f   common.obj
 0001:00001976       ?QueryPowerChangeState@CAdapterCommon@@UAGJT_POWER_STATE@@@Z 00011c56 f   common.obj
 0001:000019fa       ?QueryDeviceCapabilities@CAdapterCommon@@UAGJPAU_DEVICE_CAPABILITIES@@@Z 00011cda f   common.obj
 0001:00001aaa       ?InterruptServiceRoutine@@YGJPAUIInterruptSync@@PAX@Z 00011d8a f   common.obj
 0001:00001c36       ?hda_stop_stream@CAdapterCommon@@UAGJXZ 00011f16 f   common.obj
 0001:00001ee6       ?hda_start_sound@CAdapterCommon@@UAGXXZ 000121c6 f   common.obj
 0001:00001faa       ?hda_stop_sound@CAdapterCommon@@UAGXXZ 0001228a f   common.obj
 0001:000020a6       ?hda_get_actual_stream_position@CAdapterCommon@@UAGKXZ 00012386 f   common.obj
 0001:000021b0       ?hda_set_volume@CAdapterCommon@@QAGXKE@Z 00012490 f   common.obj
 0001:00002210       ?readUCHAR@CAdapterCommon@@QAGEG@Z 000124f0 f   common.obj
 0001:00002230       ?writeUCHAR@CAdapterCommon@@QAGXGE@Z 00012510 f   common.obj
 0001:00002260       ?readUSHORT@CAdapterCommon@@QAGGG@Z 00012540 f   common.obj
 0001:00002280       ?writeUSHORT@CAdapterCommon@@QAGXGG@Z 00012560 f   common.obj
 0001:000022b0       ?readULONG@CAdapterCommon@@QAGKG@Z 00012590 f   common.obj
 0001:000022d0       ?writeULONG@CAdapterCommon@@QAGXGK@Z 000125b0 f   common.obj
 0001:000024aa       ?hda_showtime@CAdapterCommon@@UAGJPAUIDmaChannel@@@Z 0001278a f   common.obj
 0001:00002950       ?hda_return_sound_data_format@HDA_Codec@@QAGGKKK@Z 00012c30 f   common.obj
 0001:00002950       ?hda_return_sound_data_format@CAdapterCommon@@QAGGKKK@Z 00012c30 f   common.obj
 0001:00002ac0       ?ReadWriteConfigSpace@CAdapterCommon@@AAGJPAU_DEVICE_OBJECT@@KPAXKK@Z 00012da0 f   common.obj
 0001:00002beb       ?WriteConfigSpaceByte@CAdapterCommon@@AAGJEEE@Z 00012ecb f   common.obj
 0001:00002ceb       ?WriteConfigSpaceWord@CAdapterCommon@@AAGJEGG@Z 00012fcb f   common.obj
 0001:00002db0       ?QueryInterface@CAdapterCommon@@W3AGJABU_GUID@@PAPAX@Z 00013090 f i common.obj
 0001:00002dc0       ?AddRef@CAdapterCommon@@W3AGKXZ 000130a0 f i common.obj
 0001:00002dd0       ?Release@CAdapterCommon@@W3AGKXZ 000130b0 f i common.obj
 0001:00002de0       ??0HDA_Codec@@QAE@EEEPAUIAdapterCommon@@@Z 000130c0 f   codec.obj
 0001:00002e80       ??1HDA_Codec@@QAE@XZ       00013160 f   codec.obj
 0001:00002f9e       ?InitializeCodec@HDA_Codec@@QAGJXZ 0001327e f   codec.obj
 0001:00003758       ?hda_initialize_audio_function_group@HDA_Codec@@QAGJK@Z 00013a38 f   codec.obj
 0001:000043aa       ?hda_get_node_type@HDA_Codec@@QAGEK@Z 0001468a f   codec.obj
 0001:0000445a       ?hda_get_node_connection_entries@HDA_Codec@@QAGKKK@Z 0001473a f   codec.obj
 0001:00004560       ?hda_enable_pin_output@HDA_Codec@@QAGXK@Z 00014840 f   codec.obj
 0001:00004590       ?hda_disable_pin_output@HDA_Codec@@QAGXK@Z 00014870 f   codec.obj
 0001:000045c0       ?hda_is_headphone_connected@HDA_Codec@@QAGEXZ 000148a0 f   codec.obj
 0001:000046aa       ?hda_initialize_output_pin@HDA_Codec@@QAGXKAAUHDA_NODE_PATH@@@Z 0001498a f   codec.obj
 0001:00004a52       ?hda_initialize_audio_output@HDA_Codec@@QAGXKAAUHDA_NODE_PATH@@@Z 00014d32 f   codec.obj
 0001:00004e46       ?hda_initialize_audio_mixer@HDA_Codec@@QAGXKAAUHDA_NODE_PATH@@@Z 00015126 f   codec.obj
 0001:0000516e       ?hda_initialize_audio_selector@HDA_Codec@@QAGXKAAUHDA_NODE_PATH@@@Z 0001544e f   codec.obj
 0001:000055e6       ?ProgramSampleRate@HDA_Codec@@QAGJK@Z 000158c6 f   codec.obj
 0001:00005930       ?hda_check_headphone_connection_change@HDA_Codec@@QAGXXZ 00015c10 f   codec.obj
 0001:00005a02       ?hda_is_supported_sample_rate@HDA_Codec@@QAGEK@Z 00015ce2 f   codec.obj
 0001:00005b20       ?hda_set_volume@HDA_Codec@@QAGXKE@Z 00015e00 f   codec.obj
 0001:00005b80       ?hda_set_node_gain@HDA_Codec@@QAGXKKKKE@Z 00015e60 f   codec.obj
 0001:00005c20       ?hda_send_verb@HDA_Codec@@QAGKKKK@Z 00015f00 f   codec.obj
 0001:00005c50       ??0CMiniportTopologyHDA@@QAE@PAUIUnknown@@@Z 00015f30 f i mintopo.obj
 0001:00005c90       ?QueryInterface@CMiniportWaveCyclicStreamHDA@@UAGJABU_GUID@@PAPAX@Z 00015f70 f i mintopo.obj
 0001:00005c90       ?QueryInterface@CMiniportWaveCyclicHDA@@UAGJABU_GUID@@PAPAX@Z 00015f70 f i mintopo.obj
 0001:00005c90       ?QueryInterface@CMiniportTopologyHDA@@UAGJABU_GUID@@PAPAX@Z 00015f70 f i mintopo.obj
 0001:00005cc0       ?Release@CMiniportWaveCyclicStreamHDA@@UAGKXZ 00015fa0 f i mintopo.obj
 0001:00005cc0       ?Release@CMiniportWaveCyclicHDA@@UAGKXZ 00015fa0 f i mintopo.obj
 0001:00005cc0       ?Release@CMiniportTopologyHDA@@UAGKXZ 00015fa0 f i mintopo.obj
 0001:00005cf0       ?DataRangeIntersection@CMiniportTopologyHDA@@UAGJKPATKSDATAFORMAT@@0KPAXPAK@Z 00015fd0 f i mintopo.obj
 0001:00005d00       ??_GCMiniportTopologyHDA@@UAEPAXI@Z 00015fe0 f i mintopo.obj
 0001:00005d00       ??_ECMiniportTopologyHDA@@UAEPAXI@Z 00015fe0 f i mintopo.obj
 0001:00005d40       ??0IMiniportTopology@@QAE@XZ 00016020 f i mintopo.obj
 0001:00005d40       ??0IMiniportWaveCyclic@@QAE@XZ 00016020 f i mintopo.obj
 0001:00005d60       ??0IMiniportWaveCyclicStream@@QAE@XZ 00016040 f i mintopo.obj
 0001:00005d60       ??0IMiniport@@QAE@XZ       00016040 f i mintopo.obj
 0001:00005d60       ??0IDmaChannel@@QAE@XZ     00016040 f i mintopo.obj
 0001:00005d60       ??0IAdapterPowerManagement@@QAE@XZ 00016040 f i mintopo.obj
 0001:00005d60       ??0IAdapterCommon@@QAE@XZ  00016040 f i mintopo.obj
 0001:00006400       ?ReadBitsFromMixer@CMiniportTopologyHDA@@AAEEEEE@Z 000166e0 f   mintopo.obj
 0001:00006450       ?ThisManyOnes@@YGEE@Z      00016730 f i mintopo.obj
 0001:00006470       ?WriteBitsToMixer@CMiniportTopologyHDA@@AAEXEEEE@Z 00016750 f   mintopo.obj
 0001:00006510       ??0CMiniportWaveCyclicHDA@@QAE@PAUIUnknown@@@Z 000167f0 f i minwave.obj
 0001:00006550       ??_ECMiniportWaveCyclicHDA@@UAEPAXI@Z 00016830 f i minwave.obj
 0001:00006550       ??_GCMiniportWaveCyclicHDA@@UAEPAXI@Z 00016830 f i minwave.obj
 0001:00006590       ??0CMyDmaChannel@@QAE@PAUIDmaChannel@@@Z 00016870 f i minwave.obj
 0001:00006650       ?QueryInterface@CMyDmaChannel@@UAGJABU_GUID@@PAPAX@Z 00016930 f i minwave.obj
 0001:000066b0       _IsEqualGUID@8             00016990 f i minwave.obj
 0001:000066e0       ?AddRef@CMyDmaChannel@@UAGKXZ 000169c0 f i minwave.obj
 0001:00006700       ?Release@CMyDmaChannel@@UAGKXZ 000169e0 f i minwave.obj
 0001:00006750       ?AllocateBuffer@CMyDmaChannel@@UAGJKPAT_LARGE_INTEGER@@@Z 00016a30 f i minwave.obj
 0001:000068f0       ?FreeBuffer@CMyDmaChannel@@UAGXXZ 00016bd0 f i minwave.obj
 0001:00006940       ?SystemAddress@CMyDmaChannel@@UAGPAXXZ 00016c20 f i minwave.obj
 0001:00006970       ?CopyTo@CMyDmaChannel@@UAGXPAX0K@Z 00016c50 f i minwave.obj
 0001:000069f0       ?CopyFrom@CMyDmaChannel@@UAGXPAX0K@Z 00016cd0 f i minwave.obj
 0001:00006a20       ?TransferCount@CMyDmaChannel@@UAGKXZ 00016d00 f i minwave.obj
 0001:00006a40       ?MaximumBufferSize@CMyDmaChannel@@UAGKXZ 00016d20 f i minwave.obj
 0001:00006a60       ?AllocatedBufferSize@CMyDmaChannel@@UAGKXZ 00016d40 f i minwave.obj
 0001:00006a90       ?BufferSize@CMyDmaChannel@@UAGKXZ 00016d70 f i minwave.obj
 0001:00006ac0       ?SetBufferSize@CMyDmaChannel@@UAGXK@Z 00016da0 f i minwave.obj
 0001:00006af0       ?PhysicalAddress@CMyDmaChannel@@UAG?AT_LARGE_INTEGER@@XZ 00016dd0 f i minwave.obj
 0001:00006b50       ?GetAdapterObject@CMyDmaChannel@@UAGPAU_DMA_ADAPTER@@XZ 00016e30 f i minwave.obj
 0001:00006b70       ??0CMiniportWaveCyclicStreamHDA@@QAE@PAUIUnknown@@@Z 00016e50 f i minwave.obj
 0001:00006bb0       ?AddRef@CMiniportTopologyHDA@@UAGKXZ 00016e90 f i minwave.obj
 0001:00006bb0       ?AddRef@CMiniportWaveCyclicHDA@@UAGKXZ 00016e90 f i minwave.obj
 0001:00006bb0       ?AddRef@CMiniportWaveCyclicStreamHDA@@UAGKXZ 00016e90 f i minwave.obj
 0001:00006be0       ??_GCMiniportWaveCyclicStreamHDA@@UAEPAXI@Z 00016ec0 f i minwave.obj
 0001:00006be0       ??_ECMiniportWaveCyclicStreamHDA@@UAEPAXI@Z 00016ec0 f i minwave.obj
 0001:00006c39       ?GetPosition@CMiniportWaveCyclicStreamHDA@@UAGJPAK@Z 00016f19 f   minwave.obj
 0001:00006d2e       ?NormalizePhysicalPosition@CMiniportWaveCyclicStreamHDA@@UAGJPA_J@Z 0001700e f   minwave.obj
 0001:00006dd0       ?Silence@CMiniportWaveCyclicStreamHDA@@UAGXPAXK@Z 000170b0 f   minwave.obj
 0001:00006e0e       _DbgPrint                  000170ee f   ntoskrnl:ntoskrnl.exe
 0001:00006e14       _DbgBreakPoint@0           000170f4 f   ntoskrnl:ntoskrnl.exe
 0001:00006e1a       __alldiv                   000170fa f   ntoskrnl:ntoskrnl.exe
 0001:00006e20       __allmul                   00017100 f   ntoskrnl:ntoskrnl.exe
 0001:00006e26       _PcInitializeAdapterDriver@12 00017106 f   portcls:portcls.sys
 0001:00006e2c       _PcAddAdapterDevice@20     0001710c f   portcls:portcls.sys
 0001:00006e32       _PcRegisterSubdevice@12    00017112 f   portcls:portcls.sys
 0001:00006e38       _PcNewMiniport@8           00017118 f   portcls:portcls.sys
 0001:00006e3e       _PcNewPort@8               0001711e f   portcls:portcls.sys
 0001:00006e44       _PcRegisterPhysicalConnection@20 00017124 f   portcls:portcls.sys
 0001:00006e4a       _PcRegisterAdapterPowerManagement@8 0001712a f   portcls:portcls.sys
 0001:00006e50       _PcNewResourceSublist@20   00017130 f   portcls:portcls.sys
 0001:00006e56       _PcNewInterruptSync@20     00017136 f   portcls:portcls.sys
 0001:00006e5c       _PcNewRegistryKey@36       0001713c f   portcls:portcls.sys
 0001:00006e62       _PcNewServiceGroup@8       00017142 f   portcls:portcls.sys
 0001:00006e70       ??0CUnknown@@QAE@PAUIUnknown@@@Z 00017150 f   stdunk:stdunk.obj
 0001:00006ec0       ??_GCUnknown@@UAEPAXI@Z    000171a0 f i stdunk:stdunk.obj
 0001:00006ec0       ??_ECUnknown@@UAEPAXI@Z    000171a0 f i stdunk:stdunk.obj
 0001:00006ef0       ??0IUnknown@@QAE@XZ        000171d0 f i stdunk:stdunk.obj
 0001:00006ef0       ??0INonDelegatingUnknown@@QAE@XZ 000171d0 f i stdunk:stdunk.obj
 0001:00006f00       ??1CUnknown@@UAE@XZ        000171e0 f   stdunk:stdunk.obj
 0001:00006f20       ?NonDelegatingAddRef@CUnknown@@UAGKXZ 00017200 f   stdunk:stdunk.obj
 0001:00006f60       ?NonDelegatingRelease@CUnknown@@UAGKXZ 00017240 f   stdunk:stdunk.obj
 0001:00006fe0       ?NonDelegatingQueryInterface@CUnknown@@UAGJABU_GUID@@PAPAX@Z 000172c0 f   stdunk:stdunk.obj
 0002:00000000       __imp_@KfAcquireSpinLock@4 00017340     hal:HAL.dll
 0002:00000004       __imp_@KfReleaseSpinLock@8 00017344     hal:HAL.dll
 0002:00000008       __imp__KeStallExecutionProcessor@4 00017348     hal:HAL.dll
 0002:0000000c       __imp__KeGetCurrentIrql@0  0001734c     hal:HAL.dll
 0002:00000010       \177HAL_NULL_THUNK_DATA    00017350     hal:HAL.dll
 0002:00000014       __imp__MmMapIoSpace@16     00017354     ntoskrnl:ntoskrnl.exe
 0002:00000018       __imp__KeInitializeSpinLock@4 00017358     ntoskrnl:ntoskrnl.exe
 0002:0000001c       __imp__MmUnmapIoSpace@8    0001735c     ntoskrnl:ntoskrnl.exe
 0002:00000020       __imp__RtlInitUnicodeString@8 00017360     ntoskrnl:ntoskrnl.exe
 0002:00000024       __imp__IoGetDmaAdapter@12  00017364     ntoskrnl:ntoskrnl.exe
 0002:00000028       __imp__READ_REGISTER_ULONG@4 00017368     ntoskrnl:ntoskrnl.exe
 0002:0000002c       __imp__WRITE_REGISTER_ULONG@8 0001736c     ntoskrnl:ntoskrnl.exe
 0002:00000030       __imp__READ_REGISTER_UCHAR@4 00017370     ntoskrnl:ntoskrnl.exe
 0002:00000034       __imp__WRITE_REGISTER_UCHAR@8 00017374     ntoskrnl:ntoskrnl.exe
 0002:00000038       __imp__READ_REGISTER_USHORT@4 00017378     ntoskrnl:ntoskrnl.exe
 0002:0000003c       __imp__WRITE_REGISTER_USHORT@8 0001737c     ntoskrnl:ntoskrnl.exe
 0002:00000040       __imp__ExFreePool@4        00017380     ntoskrnl:ntoskrnl.exe
 0002:00000044       __imp__ExAllocatePoolWithTag@12 00017384     ntoskrnl:ntoskrnl.exe
 0002:00000048       __imp_@IofCallDriver@8     00017388     ntoskrnl:ntoskrnl.exe
 0002:0000004c       __imp__IoBuildSynchronousFsdRequest@28 0001738c     ntoskrnl:ntoskrnl.exe
 0002:00000050       __imp__IoGetAttachedDeviceReference@4 00017390     ntoskrnl:ntoskrnl.exe
 0002:00000054       __imp__KeInitializeEvent@12 00017394     ntoskrnl:ntoskrnl.exe
 0002:00000058       __imp_@InterlockedIncrement@4 00017398     ntoskrnl:ntoskrnl.exe
 0002:0000005c       __imp__RtlAssert@16        0001739c     ntoskrnl:ntoskrnl.exe
 0002:00000060       __imp__KeInitializeMutex@8 000173a0     ntoskrnl:ntoskrnl.exe
 0002:00000064       __imp__KeReleaseMutex@8    000173a4     ntoskrnl:ntoskrnl.exe
 0002:00000068       __imp___alldiv             000173a8     ntoskrnl:ntoskrnl.exe
 0002:0000006c       __imp___allmul             000173ac     ntoskrnl:ntoskrnl.exe
 0002:00000070       __imp__DbgBreakPoint@0     000173b0     ntoskrnl:ntoskrnl.exe
 0002:00000074       __imp__DbgPrint            000173b4     ntoskrnl:ntoskrnl.exe
 0002:00000078       __imp__KeWaitForSingleObject@20 000173b8     ntoskrnl:ntoskrnl.exe
 0002:0000007c       __imp_@ObfDereferenceObject@4 000173bc     ntoskrnl:ntoskrnl.exe
 0002:00000080       __imp_@InterlockedDecrement@4 000173c0     ntoskrnl:ntoskrnl.exe
 0002:00000084       \177ntoskrnl_NULL_THUNK_DATA 000173c4     ntoskrnl:ntoskrnl.exe
 0002:00000088       __imp__PcRegisterAdapterPowerManagement@8 000173c8     portcls:portcls.sys
 0002:0000008c       __imp__PcAddAdapterDevice@20 000173cc     portcls:portcls.sys
 0002:00000090       __imp__PcRegisterSubdevice@12 000173d0     portcls:portcls.sys
 0002:00000094       __imp__PcNewMiniport@8     000173d4     portcls:portcls.sys
 0002:00000098       __imp__PcNewPort@8         000173d8     portcls:portcls.sys
 0002:0000009c       __imp__PcRegisterPhysicalConnection@20 000173dc     portcls:portcls.sys
 0002:000000a0       __imp__PcInitializeAdapterDriver@12 000173e0     portcls:portcls.sys
 0002:000000a4       __imp__PcNewResourceSublist@20 000173e4     portcls:portcls.sys
 0002:000000a8       __imp__PcNewInterruptSync@20 000173e8     portcls:portcls.sys
 0002:000000ac       __imp__PcNewRegistryKey@36 000173ec     portcls:portcls.sys
 0002:000000b0       __imp__PcNewServiceGroup@8 000173f0     portcls:portcls.sys
 0002:000000b4       \177portcls_NULL_THUNK_DATA 000173f4     portcls:portcls.sys
 0002:00000130       _IID_IAdapterCommon        00017470     adapter.obj
 0002:00000140       _CLSID_MiniportDriverFmSynth 00017480     adapter.obj
 0002:00000150       _CLSID_PortWaveCyclic      00017490     adapter.obj
 0002:00000160       _CLSID_PortTopology        000174a0     adapter.obj
 0002:00000170       _CLSID_PortMidi            000174b0     adapter.obj
 0002:00000180       _IID_IAdapterPowerManagment 000174c0     adapter.obj
 0002:00000190       _IID_IMiniportWaveCyclicStream 000174d0     adapter.obj
 0002:000001a0       _IID_IMiniportWaveCyclic   000174e0     adapter.obj
 0002:000001b0       _IID_IPortWaveCyclic       000174f0     adapter.obj
 0002:000001c0       _IID_IMiniportTopology     00017500     adapter.obj
 0002:000001d0       _IID_IDmaChannel           00017510     adapter.obj
 0002:000001e0       _IID_IMiniport             00017520     adapter.obj
 0002:000001f0       _IID_IUnknown              00017530     adapter.obj
 0002:00000200       ??_C@_1BE@FFBG@?$AAU?$AAs?$AAe?$AAD?$AAm?$AAa?$AAP?$AAo?$AAs?$AA?$AA@ 00017540     common.obj
 0002:00000214       ??_C@_1CA@DADJ@?$AAU?$AAs?$AAe?$AAD?$AAi?$AAs?$AAa?$AAb?$AAl?$AAe?$AAd?$AAP?$AAi?$AAn?$AAs?$AA?$AA@ 00017554     common.obj
 0002:00000234       ??_C@_1BC@MBIB@?$AAU?$AAs?$AAe?$AAS?$AAP?$AAD?$AAI?$AAF?$AA?$AA@ 00017574     common.obj
 0002:00000248       ??_C@_1BE@ONOC@?$AAU?$AAs?$AAe?$AAA?$AAl?$AAt?$AAO?$AAu?$AAt?$AA?$AA@ 00017588     common.obj
 0002:0000025c       ??_C@_1BO@LMMA@?$AAS?$AAk?$AAi?$AAp?$AAC?$AAo?$AAd?$AAe?$AAc?$AAR?$AAe?$AAs?$AAe?$AAt?$AA?$AA@ 0001759c     common.obj
 0002:0000027c       ??_C@_1CI@JKGI@?$AAS?$AAk?$AAi?$AAp?$AAC?$AAo?$AAn?$AAt?$AAr?$AAo?$AAl?$AAl?$AAe?$AAr?$AAR?$AAe?$AAs?$AAe?$AAt?$AA?$AA@ 000175bc     common.obj
 0002:000002a4       ??_C@_1BE@ENEK@?$AAR?$AAi?$AAg?$AAh?$AAt?$AAB?$AAa?$AAs?$AAs?$AA?$AA@ 000175e4     common.obj
 0002:000002b8       ??_C@_1BC@JMJO@?$AAL?$AAe?$AAf?$AAt?$AAB?$AAa?$AAs?$AAs?$AA?$AA@ 000175f8     common.obj
 0002:000002cc       ??_C@_1BI@KGAJ@?$AAR?$AAi?$AAg?$AAh?$AAt?$AAT?$AAr?$AAe?$AAb?$AAl?$AAe?$AA?$AA@ 0001760c     common.obj
 0002:000002e4       ??_C@_1BG@BGGD@?$AAL?$AAe?$AAf?$AAt?$AAT?$AAr?$AAe?$AAb?$AAl?$AAe?$AA?$AA@ 00017624     common.obj
 0002:000002fc       ??_C@_1O@IECC@?$AAM?$AAi?$AAc?$AAA?$AAG?$AAC?$AA?$AA@ 0001763c     common.obj
 0002:0000030c       ??_C@_1CA@EJHI@?$AAR?$AAi?$AAg?$AAh?$AAt?$AAO?$AAu?$AAt?$AAp?$AAu?$AAt?$AAG?$AAa?$AAi?$AAn?$AA?$AA@ 0001764c     common.obj
 0002:0000032c       ??_C@_1BO@PPLI@?$AAL?$AAe?$AAf?$AAt?$AAO?$AAu?$AAt?$AAp?$AAu?$AAt?$AAG?$AAa?$AAi?$AAn?$AA?$AA@ 0001766c     common.obj
 0002:0000034c       ??_C@_1BO@PMCJ@?$AAR?$AAi?$AAg?$AAh?$AAt?$AAI?$AAn?$AAp?$AAu?$AAt?$AAG?$AAa?$AAi?$AAn?$AA?$AA@ 0001768c     common.obj
 0002:0000036c       ??_C@_1BM@CFEM@?$AAL?$AAe?$AAf?$AAt?$AAI?$AAn?$AAp?$AAu?$AAt?$AAG?$AAa?$AAi?$AAn?$AA?$AA@ 000176ac     common.obj
 0002:00000388       ??_C@_1CA@CIKM@?$AAR?$AAi?$AAg?$AAh?$AAt?$AAI?$AAn?$AAp?$AAu?$AAt?$AAM?$AAi?$AAx?$AAe?$AAr?$AA?$AA@ 000176c8     common.obj
 0002:000003a8       ??_C@_1BO@JOGM@?$AAL?$AAe?$AAf?$AAt?$AAI?$AAn?$AAp?$AAu?$AAt?$AAM?$AAi?$AAx?$AAe?$AAr?$AA?$AA@ 000176e8     common.obj
 0002:000003c8       ??_C@_1BI@BMOJ@?$AAO?$AAu?$AAt?$AAp?$AAu?$AAt?$AAM?$AAi?$AAx?$AAe?$AAr?$AA?$AA@ 00017708     common.obj
 0002:000003e0       ??_C@_1BE@GLOL@?$AAP?$AAc?$AAS?$AAp?$AAk?$AAr?$AAV?$AAo?$AAl?$AA?$AA@ 00017720     common.obj
 0002:000003f4       ??_C@_1O@MNBB@?$AAM?$AAi?$AAc?$AAV?$AAo?$AAl?$AA?$AA@ 00017734     common.obj
 0002:00000404       ??_C@_1BO@HCKE@?$AAR?$AAi?$AAg?$AAh?$AAt?$AAL?$AAi?$AAn?$AAe?$AAI?$AAn?$AAV?$AAo?$AAl?$AA?$AA@ 00017744     common.obj
 0002:00000424       ??_C@_1BM@KLMB@?$AAL?$AAe?$AAf?$AAt?$AAL?$AAi?$AAn?$AAe?$AAI?$AAn?$AAV?$AAo?$AAl?$AA?$AA@ 00017764     common.obj
 0002:00000440       ??_C@_1BG@COJL@?$AAR?$AAi?$AAg?$AAh?$AAt?$AAC?$AAD?$AAV?$AAo?$AAl?$AA?$AA@ 00017780     common.obj
 0002:00000458       ??_C@_1BE@KMKA@?$AAL?$AAe?$AAf?$AAt?$AAC?$AAD?$AAV?$AAo?$AAl?$AA?$AA@ 00017798     common.obj
 0002:0000046c       ??_C@_1BK@JCIM@?$AAR?$AAi?$AAg?$AAh?$AAt?$AAM?$AAi?$AAd?$AAi?$AAV?$AAo?$AAl?$AA?$AA@ 000177ac     common.obj
 0002:00000488       ??_C@_1BI@KBIJ@?$AAL?$AAe?$AAf?$AAt?$AAM?$AAi?$AAd?$AAi?$AAV?$AAo?$AAl?$AA?$AA@ 000177c8     common.obj
 0002:000004a0       ??_C@_1BK@MFCG@?$AAR?$AAi?$AAg?$AAh?$AAt?$AAW?$AAa?$AAv?$AAe?$AAV?$AAo?$AAl?$AA?$AA@ 000177e0     common.obj
 0002:000004bc       ??_C@_1BI@PGCD@?$AAL?$AAe?$AAf?$AAt?$AAW?$AAa?$AAv?$AAe?$AAV?$AAo?$AAl?$AA?$AA@ 000177fc     common.obj
 0002:000004d4       ??_C@_1BO@NHA@?$AAR?$AAi?$AAg?$AAh?$AAt?$AAM?$AAa?$AAs?$AAt?$AAe?$AAr?$AAV?$AAo?$AAl?$AA?$AA@ 00017814     common.obj
 0002:000004f4       ??_C@_1BM@NEBF@?$AAL?$AAe?$AAf?$AAt?$AAM?$AAa?$AAs?$AAt?$AAe?$AAr?$AAV?$AAo?$AAl?$AA?$AA@ 00017834     common.obj
 0002:00000510       ??_7CAdapterCommon@@6BCUnknown@@@ 00017850     common.obj
 0002:00000520       ??_7CAdapterCommon@@6BIAdapterPowerManagement@@@ 00017860     common.obj
 0002:00000538       ??_7CAdapterCommon@@6BIAdapterCommon@@@ 00017878     common.obj
 0002:00000668       ??_7CMiniportTopologyHDA@@6BCUnknown@@@ 000179a8     mintopo.obj
 0002:00000678       ??_7CMiniportTopologyHDA@@6BIMiniportTopology@@@ 000179b8     mintopo.obj
 0002:00000690       ??_7CMiniportWaveCyclicHDA@@6BCUnknown@@@ 000179d0     minwave.obj
 0002:000006a0       ??_7CMiniportWaveCyclicHDA@@6BIMiniportWaveCyclic@@@ 000179e0     minwave.obj
 0002:000006bc       ??_C@_09BAJA@SSE2?5?$CFd?5?6?$AA@ 000179fc     minwave.obj
 0002:000006c8       ??_7CMyDmaChannel@@6B@     00017a08     minwave.obj
 0002:00000704       ??_C@_0DG@LDEH@Aligned?5DMA?5view?5invalid?5?$CIoff?$DN?$CFl@ 00017a44     minwave.obj
 0002:0000073c       ??_7CMiniportWaveCyclicStreamHDA@@6BCUnknown@@@ 00017a7c     minwave.obj
 0002:0000074c       ??_7CMiniportWaveCyclicStreamHDA@@6BIMiniportWaveCyclicStream@@@ 00017a8c     minwave.obj
 0002:00000770       ??_7CUnknown@@6B@          00017ab0     stdunk:stdunk.obj
 0002:00000780       ??_C@_0BB@CHNF@m_lRefCount?5?$DO?$DN?50?$AA@ 00017ac0     stdunk:stdunk.obj
 0002:00000794       ??_C@_0N@DIKJ@?4?2stdunk?4cpp?$AA@ 00017ad4     stdunk:stdunk.obj
 0002:000007a4       ??_C@_0BA@HPDB@m_lRefCount?5?$DO?50?$AA@ 00017ae4     stdunk:stdunk.obj
 0002:000007b4       ??_C@_06DPDC@ppVoid?$AA@   00017af4     stdunk:stdunk.obj
 0003:00000000       ?ulDebugOut@@3KA           00017b00     adapter.obj
 0003:00000008       __GUID_b7902fe9_fb0a_11d1_81b0_0060083316c1 00017b08     adapter.obj
 0003:00000018       __GUID_d3f0ce1c_fffc_11d1_81b0_0060083316c1 00017b18     adapter.obj
 0003:00000028       __GUID_c096df9c_fb09_11d1_81b0_0060083316c1 00017b28     adapter.obj
 0003:00000140       ?audBufSize@@3KA           00017c40     common.obj
 0003:00000144       ?BdlSize@@3KA              00017c44     common.obj
 0003:00000840       __GUID_185fedf6_9905_11d1_95a9_00c04fb925d3 00018340     mintopo.obj
 0003:00000850       __GUID_185fedef_9905_11d1_95a9_00c04fb925d3 00018350     mintopo.obj
 0003:00000860       __GUID_185fede1_9905_11d1_95a9_00c04fb925d3 00018360     mintopo.obj
 0003:00000870       __GUID_185fede0_9905_11d1_95a9_00c04fb925d3 00018370     mintopo.obj
 0003:00000880       __GUID_7607e580_c557_11d0_8a2b_00a0c9255ac1 00018380     mintopo.obj
 0003:00000890       __GUID_185fede3_9905_11d1_95a9_00c04fb925d3 00018390     mintopo.obj
 0003:000008a0       __GUID_da441a60_c556_11d0_8a2b_00a0c9255ac1 000183a0     mintopo.obj
 0003:000008b0       __GUID_185fedee_9905_11d1_95a9_00c04fb925d3 000183b0     mintopo.obj
 0003:000008c0       __GUID_02b223c0_c557_11d0_8a2b_00a0c9255ac1 000183c0     mintopo.obj
 0003:000008d0       __GUID_185feded_9905_11d1_95a9_00c04fb925d3 000183d0     mintopo.obj
 0003:000008e0       __GUID_e88c9ba0_c557_11d0_8a2b_00a0c9255ac1 000183e0     mintopo.obj
 0003:000008f0       __GUID_185fedec_9905_11d1_95a9_00c04fb925d3 000183f0     mintopo.obj
 0003:00000900       __GUID_185fedeb_9905_11d1_95a9_00c04fb925d3 00018400     mintopo.obj
 0003:00000910       __GUID_185fedea_9905_11d1_95a9_00c04fb925d3 00018410     mintopo.obj
 0003:00000920       __GUID_185fede9_9905_11d1_95a9_00c04fb925d3 00018420     mintopo.obj
 0003:00000930       __GUID_185fede8_9905_11d1_95a9_00c04fb925d3 00018430     mintopo.obj
 0003:00000940       __GUID_e573adc0_c555_11d0_8a2b_00a0c9255ac1 00018440     mintopo.obj
 0003:00000950       __GUID_185fede7_9905_11d1_95a9_00c04fb925d3 00018450     mintopo.obj
 0003:00000960       __GUID_185fede5_9905_11d1_95a9_00c04fb925d3 00018460     mintopo.obj
 0003:00000970       __GUID_3a5acc00_c557_11d0_8a2b_00a0c9255ac1 00018470     mintopo.obj
 0003:00000980       __GUID_45ffaaa0_6e1b_11d0_bcf2_444553540000 00018480     mintopo.obj
 0003:00000990       __GUID_6994ad04_93ef_11d0_a3cc_00a0c9223196 00018490     mintopo.obj
 0003:000009a0       __GUID_185fedf7_9905_11d1_95a9_00c04fb925d3 000184a0     mintopo.obj
 0003:000009b0       __GUID_dff21ce1_f70f_11d0_b917_00a0c9223196 000184b0     mintopo.obj
 0003:000009c0       __GUID_dff21be1_f70f_11d0_b917_00a0c9223196 000184c0     mintopo.obj
 0003:000009d0       __GUID_185fedf9_9905_11d1_95a9_00c04fb925d3 000184d0     mintopo.obj
 0003:000009e0       __GUID_dff21fe3_f70f_11d0_b917_00a0c9223196 000184e0     mintopo.obj
 0003:000009f0       __GUID_185fedfb_9905_11d1_95a9_00c04fb925d3 000184f0     mintopo.obj
 0003:00000a00       __GUID_dff220e3_f70f_11d0_b917_00a0c9223196 00018500     mintopo.obj
 0003:00000a10       __GUID_185fedf8_9905_11d1_95a9_00c04fb925d3 00018510     mintopo.obj
 0003:00000a20       __GUID_dff220f3_f70f_11d0_b917_00a0c9223196 00018520     mintopo.obj
 0003:00000a30       __GUID_dff21fe4_f70f_11d0_b917_00a0c9223196 00018530     mintopo.obj
 0003:00000a40       __GUID_97e99ba0_bdea_11cf_a5d6_28db04c10000 00018540     mintopo.obj
 0003:00000c88       __GUID_507ae360_c554_11d0_8a2b_00a0c9255ac1 00018788     minwave.obj
 0003:00000c98       __GUID_4d837fe0_c555_11d0_8a2b_00a0c9255ac1 00018798     minwave.obj
 0003:00000ca8       __GUID_185fedfa_9905_11d1_95a9_00c04fb925d3 000187a8     minwave.obj
 0003:00000cb8       __GUID_fb6c4281_0353_11d1_905f_0000c0cc16ba 000187b8     minwave.obj
 0003:00000cc8       __GUID_05589f81_c356_11ce_bf01_00aa0055595a 000187c8     minwave.obj
 0003:00000cd8       __GUID_00000001_0000_0010_8000_00aa00389b71 000187d8     minwave.obj
 0003:00000ce8       __GUID_73647561_0000_0010_8000_00aa00389b71 000187e8     minwave.obj
 0003:00000cf8       __GUID_518590a2_a184_11d0_8522_00c04fd9baf3 000187f8     minwave.obj
 0003:00000d08       __GUID_0f6417d6_c318_11d0_a43f_00a0c9223196 00018808     minwave.obj
 0003:00000d18       ?PDO@@3PAU_DEVICE_OBJECT@@A 00018818     adapter.obj
 0003:00000d20       __GUID_00000000_0000_0000_0000_000000000000 00018820     adapter.obj
 0004:000000ae       _AddDevice@8               000188ee f   adapter.obj
 0004:0000036a       ?InstallSubdevice@@YGJPAU_DEVICE_OBJECT@@PAU_IRP@@PAGABU_GUID@@3P6GJPAPAUIUnknown@@3PAU4@W4_POOL_TYPE@@@Z5PAUIResourceList@@344@Z 00018baa f   adapter.obj
 0004:0000076e       ?StartDevice@@YGJPAU_DEVICE_OBJECT@@PAU_IRP@@PAUIResourceList@@@Z 00018fae f   adapter.obj
 0004:00000f6e       ?AssignResources@@YGJPAUIResourceList@@PAPAU1@11111@Z 000197ae f   adapter.obj
 0004:000014d8       ?NewAdapterCommon@@YGJPAPAUIUnknown@@ABU_GUID@@PAU1@W4_POOL_TYPE@@@Z 00019d18 f   common.obj
 0004:000020c5       ?Init@CAdapterCommon@@UAGJPAUIResourceList@@PAU_DEVICE_OBJECT@@1@Z 0001a905 f   common.obj
 0004:00003962       ??1CAdapterCommon@@UAE@XZ  0001c1a2 f   common.obj
 0004:00003d80       ??_GHDA_Codec@@QAEPAXI@Z   0001c5c0 f i common.obj
 0004:00003e07       ?NonDelegatingQueryInterface@CAdapterCommon@@UAGJABU_GUID@@PAPAX@Z 0001c647 f   common.obj
 0004:00003f5e       ?WavePortDriverDest@CAdapterCommon@@UAGPAPAUIUnknown@@XZ 0001c79e f   common.obj
 0004:00003ffe       ?GetInterruptSync@CAdapterCommon@@UAGPAUIInterruptSync@@XZ 0001c83e f   common.obj
 0004:0000409e       ?GetDeviceDescription@CAdapterCommon@@UAGPAU_DEVICE_DESCRIPTION@@XZ 0001c8de f   common.obj
 0004:0000413e       ?MidiPortDriverDest@CAdapterCommon@@UAGPAPAUIUnknown@@XZ 0001c97e f   common.obj
 0004:000041de       ?SetWaveServiceGroup@CAdapterCommon@@UAGXPAUIServiceGroup@@@Z 0001ca1e f   common.obj
 0004:0000488e       ?InitHDAController@CAdapterCommon@@QAGJXZ 0001d0ce f   common.obj
 0004:0000588a       ?TryInitializeCodecSlot@CAdapterCommon@@AAGXEKPBDPAJ@Z 0001e0ca f   common.obj
 0004:00005a72       ?ReadRegistryBoolean@CAdapterCommon@@AAGEPBGE@Z 0001e2b2 f   common.obj
 0004:00005c58       ?CreateMiniportTopologyHDA@@YGJPAPAUIUnknown@@ABU_GUID@@PAU1@W4_POOL_TYPE@@@Z 0001e498 f   mintopo.obj
 0004:00005dca       ?ProcessResources@CMiniportTopologyHDA@@AAEJPAUIResourceList@@@Z 0001e60a f   mintopo.obj
 0004:00005f4a       ?NonDelegatingQueryInterface@CMiniportTopologyHDA@@UAGJABU_GUID@@PAPAX@Z 0001e78a f   mintopo.obj
 0004:000060ee       ??1CMiniportTopologyHDA@@UAE@XZ 0001e92e f   mintopo.obj
 0004:000062c6       ?Init@CMiniportTopologyHDA@@UAGJPAUIUnknown@@PAUIResourceList@@PAUIPortTopology@@@Z 0001eb06 f   mintopo.obj
 0004:000064da       ?GetDescription@CMiniportTopologyHDA@@UAGJPAPAUPCFILTER_DESCRIPTOR@@@Z 0001ed1a f   mintopo.obj
 0004:00007c98       ?CreateMiniportWaveCyclicHDA@@YGJPAPAUIUnknown@@ABU_GUID@@PAU1@W4_POOL_TYPE@@@Z 000204d8 f   minwave.obj
 0004:00007f56       ?ProcessResources@CMiniportWaveCyclicHDA@@AAEJPAUIResourceList@@@Z 00020796 f   minwave.obj
 0004:00008422       ?ValidateFormat@CMiniportWaveCyclicHDA@@AAEJPATKSDATAFORMAT@@@Z 00020c62 f   minwave.obj
 0004:0000865e       ?NonDelegatingQueryInterface@CMiniportWaveCyclicHDA@@UAGJABU_GUID@@PAPAX@Z 00020e9e f   minwave.obj
 0004:00008812       ??1CMiniportWaveCyclicHDA@@UAE@XZ 00021052 f   minwave.obj
 0004:00008a06       ?Init@CMiniportWaveCyclicHDA@@UAGJPAUIUnknown@@PAUIResourceList@@PAUIPortWaveCyclic@@@Z 00021246 f   minwave.obj
 0004:00008c9e       ?GetDescription@CMiniportWaveCyclicHDA@@UAGJPAPAUPCFILTER_DESCRIPTOR@@@Z 000214de f   minwave.obj
 0004:00008e7a       ?DataRangeIntersection@CMiniportWaveCyclicHDA@@UAGJKPATKSDATAFORMAT@@0KPAXPAK@Z 000216ba f   minwave.obj
 0004:0000946a       ?NewStream@CMiniportWaveCyclicHDA@@UAGJPAPAUIMiniportWaveCyclicStream@@PAUIUnknown@@W4_POOL_TYPE@@KEPATKSDATAFORMAT@@PAPAUIDmaChannel@@PAPAUIServiceGroup@@@Z 00021caa f   minwave.obj
 0004:00009802       ?NonDelegatingQueryInterface@CMiniportWaveCyclicStreamHDA@@UAGJABU_GUID@@PAPAX@Z 00022042 f   minwave.obj
 0004:0000999e       ??1CMiniportWaveCyclicStreamHDA@@UAE@XZ 000221de f   minwave.obj
 0004:00009c10       ?Init@CMiniportWaveCyclicStreamHDA@@QAEJPAVCMiniportWaveCyclicHDA@@KEPATKSDATAFORMAT@@PAUIDmaChannel@@@Z 00022450 f   minwave.obj
 0004:00009e82       ?SetNotificationFreq@CMiniportWaveCyclicStreamHDA@@UAGKKPAK@Z 000226c2 f   minwave.obj
 0004:0000a016       ?SetFormat@CMiniportWaveCyclicStreamHDA@@UAGJPATKSDATAFORMAT@@@Z 00022856 f   minwave.obj
 0004:0000a25e       ?SetState@CMiniportWaveCyclicStreamHDA@@UAGJW4KSSTATE@@@Z 00022a9e f   minwave.obj
 0005:0000003e       _DriverEntry@8             00022bfe f   adapter.obj
 0005:000000ac       __IMPORT_DESCRIPTOR_ntoskrnl 00022c6c     ntoskrnl:ntoskrnl.exe
 0005:000000c0       __IMPORT_DESCRIPTOR_HAL    00022c80     hal:HAL.dll
 0005:000000d4       __IMPORT_DESCRIPTOR_portcls 00022c94     portcls:portcls.sys
 0005:000000e8       __NULL_IMPORT_DESCRIPTOR   00022ca8     ntoskrnl:ntoskrnl.exe

 entry point at        0005:0000003e

 Static symbols

 0004:0000662e       ?PropertyHandler_OnOff@@YGJPAU_PCPROPERTY_REQUEST@@@Z 0001ee6e f   mintopo.obj
 0004:00006a46       ?PropertyHandler_SuperMixCaps@@YGJPAU_PCPROPERTY_REQUEST@@@Z 0001f286 f   mintopo.obj
 0004:00007046       ?PropertyHandler_SuperMixTable@@YGJPAU_PCPROPERTY_REQUEST@@@Z 0001f886 f   mintopo.obj
 0004:00007776       ?PropertyHandler_CpuResources@@YGJPAU_PCPROPERTY_REQUEST@@@Z 0001ffb6 f   mintopo.obj
 0001:00005dde       ?PropertyHandler_Level@@YGJPAU_PCPROPERTY_REQUEST@@@Z 000160be f   mintopo.obj
 0004:000079c6       ?BasicSupportHandler@@YGJPAU_PCPROPERTY_REQUEST@@@Z 00020206 f   mintopo.obj
 0001:00000190       ?AllocateAlignedCommonBuffer@@YGJPAU_DMA_ADAPTER@@KKPAU_HDA_DMA_COMMON_BUFFER@@@Z 00010470 f   common.obj
 0001:00000310       ?ResetCommonBufferDescriptor@@YGXPAU_HDA_DMA_COMMON_BUFFER@@@Z 000105f0 f   common.obj
 0001:00000330       ?FreeAlignedCommonBuffer@@YGXPAU_DMA_ADAPTER@@PAU_HDA_DMA_COMMON_BUFFER@@@Z 00010610 f   common.obj

 712 bytes saved through ICF

