 HDA

 Timestamp is 695d8112 (Tue Jan 06 13:39:30 2026)

 Preferred load address is 00010000

 Start         Length     Name                   Class
 0001:00000000 00003bbcH .text                   CODE
 0002:00000000 000000b8H .idata$5                DATA
 0002:000000b8 00000588H .rdata                  DATA
 0003:00000000 00000cd8H .data                   DATA
 0003:00000cd8 00000013H .bss                    DATA
 0004:00000000 0000be10H PAGE                    CODE
 0005:00000000 000000a9H INIT                    CODE
 0005:000000ac 0000003cH .idata$2                CODE
 0005:000000e8 00000014H .idata$3                CODE
 0005:000000fc 000000b8H .idata$4                CODE
 0005:000001b4 000003b4H .idata$6                CODE
 0006:00000000 00000058H .rsrc$01                DATA
 0006:00000060 000003c8H .rsrc$02                DATA

  Address         Publics by Value              Rva+Base     Lib:Object

 0001:00000000       ??3@YAXPAX@Z               000102e0 f i common.obj
 0001:00000010       ??2@YGPAXIW4_POOL_TYPE@@K@Z 000102f0 f i common.obj
 0001:00000050       ??0CAdapterCommon@@QAE@PAUIUnknown@@@Z 00010330 f i common.obj
 0001:000000a0       ?QueryInterface@CAdapterCommon@@UAGJABU_GUID@@PAPAX@Z 00010380 f i common.obj
 0001:000000d0       ?GetOuterUnknown@CUnknown@@QAEPAUIUnknown@@XZ 000103b0 f i common.obj
 0001:000000f0       ?AddRef@CAdapterCommon@@UAGKXZ 000103d0 f i common.obj
 0001:00000120       ?Release@CAdapterCommon@@UAGKXZ 00010400 f i common.obj
 0001:00000150       ??_GCAdapterCommon@@UAEPAXI@Z 00010430 f i common.obj
 0001:00000150       ??_ECAdapterCommon@@UAEPAXI@Z 00010430 f i common.obj
 0001:00000190       ??0IUnknown@@QAE@XZ        00010470 f i common.obj
 0001:000001a0       _IsEqualGUIDAligned@8      00010480 f i common.obj
 0001:00000220       ?hda_check_headphone_connection_change@CAdapterCommon@@QAGXXZ 00010500 f   common.obj
 0001:000002e0       ?hda_is_supported_sample_rate@CAdapterCommon@@QAGEK@Z 000105c0 f   common.obj
 0001:000003f6       ?hda_send_verb@CAdapterCommon@@QAGKKKKK@Z 000106d6 f   common.obj
 0001:000006f2       ?ReadController@CAdapterCommon@@UAGEXZ 000109d2 f   common.obj
 0001:00000796       ?WriteController@CAdapterCommon@@UAGEE@Z 00010a76 f   common.obj
 0001:000008a2       ?MixerRegWrite@CAdapterCommon@@UAGXEE@Z 00010b82 f   common.obj
 0001:00000a7a       ?MixerRegRead@CAdapterCommon@@UAGEE@Z 00010d5a f   common.obj
 0001:00000b5e       ?MixerReset@CAdapterCommon@@UAGXXZ 00010e3e f   common.obj
 0001:00000bfe       ?AcknowledgeIRQ@CAdapterCommon@@AAE?AW4_HDA_INTERRUPT_TYPE@@XZ 00010ede f   common.obj
 0001:00000ea2       ?ResetController@CAdapterCommon@@UAGJXZ 00011182 f   common.obj
 0001:00000f46       ?RestoreMixerSettingsFromRegistry@CAdapterCommon@@UAGJXZ 00011226 f   common.obj
 0001:000011f2       ?SaveMixerSettingsToRegistry@CAdapterCommon@@UAGJXZ 000114d2 f   common.obj
 0001:000014e2       ?ProgramSampleRate@CAdapterCommon@@UAGJK@Z 000117c2 f   common.obj
 0001:000017d6       ?PowerChangeState@CAdapterCommon@@UAGXT_POWER_STATE@@@Z 00011ab6 f   common.obj
 0001:000019c6       ?QueryPowerChangeState@CAdapterCommon@@UAGJT_POWER_STATE@@@Z 00011ca6 f   common.obj
 0001:00001a4a       ?QueryDeviceCapabilities@CAdapterCommon@@UAGJPAU_DEVICE_CAPABILITIES@@@Z 00011d2a f   common.obj
 0001:00001afa       ?InterruptServiceRoutine@@YGJPAUIInterruptSync@@PAX@Z 00011dda f   common.obj
 0001:00001c86       ?hda_stop_stream@CAdapterCommon@@UAGJXZ 00011f66 f   common.obj
 0001:00001f00       ?hda_start_sound@CAdapterCommon@@UAGXXZ 000121e0 f   common.obj
 0001:00001f6a       ?hda_stop_sound@CAdapterCommon@@UAGXXZ 0001224a f   common.obj
 0001:00002020       ?hda_get_actual_stream_position@CAdapterCommon@@UAGKXZ 00012300 f   common.obj
 0001:00002040       ?hda_set_volume@CAdapterCommon@@QAGXKE@Z 00012320 f   common.obj
 0001:000020b0       ?hda_set_node_gain@CAdapterCommon@@QAGXKKKKKE@Z 00012390 f   common.obj
 0001:00002150       ?readUCHAR@CAdapterCommon@@QAGEG@Z 00012430 f   common.obj
 0001:00002170       ?writeUCHAR@CAdapterCommon@@QAGXGE@Z 00012450 f   common.obj
 0001:000021a0       ?readUSHORT@CAdapterCommon@@QAGGG@Z 00012480 f   common.obj
 0001:000021c0       ?writeUSHORT@CAdapterCommon@@QAGXGG@Z 000124a0 f   common.obj
 0001:000021f0       ?readULONG@CAdapterCommon@@QAGKG@Z 000124d0 f   common.obj
 0001:00002210       ?writeULONG@CAdapterCommon@@QAGXGK@Z 000124f0 f   common.obj
 0001:00002452       ?hda_showtime@CAdapterCommon@@UAGJPAUIDmaChannel@@@Z 00012732 f   common.obj
 0001:000029c0       ?hda_return_sound_data_format@CAdapterCommon@@QAGGKKK@Z 00012ca0 f   common.obj
 0001:00002b30       ?ReadWriteConfigSpace@CAdapterCommon@@AAGJPAU_DEVICE_OBJECT@@KPAXKK@Z 00012e10 f   common.obj
 0001:00002c5b       ?WriteConfigSpaceByte@CAdapterCommon@@AAGJEEE@Z 00012f3b f   common.obj
 0001:00002d5b       ?WriteConfigSpaceWord@CAdapterCommon@@AAGJEGG@Z 0001303b f   common.obj
 0001:00002e20       ?QueryInterface@CAdapterCommon@@W3AGJABU_GUID@@PAPAX@Z 00013100 f i common.obj
 0001:00002e30       ?AddRef@CAdapterCommon@@W3AGKXZ 00013110 f i common.obj
 0001:00002e40       ?Release@CAdapterCommon@@W3AGKXZ 00013120 f i common.obj
 0001:00002e50       ??0CMiniportTopologyHDA@@QAE@PAUIUnknown@@@Z 00013130 f i mintopo.obj
 0001:00002e90       ?DataRangeIntersection@CMiniportTopologyHDA@@UAGJKPATKSDATAFORMAT@@0KPAXPAK@Z 00013170 f i mintopo.obj
 0001:00002ea0       ??_ECMiniportTopologyHDA@@UAEPAXI@Z 00013180 f i mintopo.obj
 0001:00002ea0       ??_GCMiniportTopologyHDA@@UAEPAXI@Z 00013180 f i mintopo.obj
 0001:00003560       ?ReadBitsFromMixer@CMiniportTopologyHDA@@AAEEEEE@Z 00013840 f   mintopo.obj
 0001:000035b0       ?ThisManyOnes@@YGEE@Z      00013890 f i mintopo.obj
 0001:000035d0       ?WriteBitsToMixer@CMiniportTopologyHDA@@AAEXEEEE@Z 000138b0 f   mintopo.obj
 0001:00003670       ??0CMiniportWaveCyclicHDA@@QAE@PAUIUnknown@@@Z 00013950 f i minwave.obj
 0001:000036b0       ?QueryInterface@CMiniportWaveCyclicHDA@@UAGJABU_GUID@@PAPAX@Z 00013990 f i minwave.obj
 0001:000036b0       ?QueryInterface@CMiniportWaveCyclicStreamHDA@@UAGJABU_GUID@@PAPAX@Z 00013990 f i minwave.obj
 0001:000036b0       ?QueryInterface@CMiniportTopologyHDA@@UAGJABU_GUID@@PAPAX@Z 00013990 f i minwave.obj
 0001:000036e0       ?AddRef@CMiniportTopologyHDA@@UAGKXZ 000139c0 f i minwave.obj
 0001:000036e0       ?AddRef@CMiniportWaveCyclicStreamHDA@@UAGKXZ 000139c0 f i minwave.obj
 0001:000036e0       ?AddRef@CMiniportWaveCyclicHDA@@UAGKXZ 000139c0 f i minwave.obj
 0001:00003710       ?Release@CMiniportWaveCyclicHDA@@UAGKXZ 000139f0 f i minwave.obj
 0001:00003710       ?Release@CMiniportTopologyHDA@@UAGKXZ 000139f0 f i minwave.obj
 0001:00003710       ?Release@CMiniportWaveCyclicStreamHDA@@UAGKXZ 000139f0 f i minwave.obj
 0001:00003740       ??_ECMiniportWaveCyclicHDA@@UAEPAXI@Z 00013a20 f i minwave.obj
 0001:00003740       ??_GCMiniportWaveCyclicHDA@@UAEPAXI@Z 00013a20 f i minwave.obj
 0001:00003780       ??0IMiniportTopology@@QAE@XZ 00013a60 f i minwave.obj
 0001:00003780       ??0IMiniportWaveCyclic@@QAE@XZ 00013a60 f i minwave.obj
 0001:000037a0       ??2@YGPAXIW4_POOL_TYPE@@@Z 00013a80 f i minwave.obj
 0001:000037f0       ??0CMiniportWaveCyclicStreamHDA@@QAE@PAUIUnknown@@@Z 00013ad0 f i minwave.obj
 0001:00003830       ??_ECMiniportWaveCyclicStreamHDA@@UAEPAXI@Z 00013b10 f i minwave.obj
 0001:00003830       ??_GCMiniportWaveCyclicStreamHDA@@UAEPAXI@Z 00013b10 f i minwave.obj
 0001:00003870       ??0IMiniport@@QAE@XZ       00013b50 f i minwave.obj
 0001:00003870       ??0IAdapterCommon@@QAE@XZ  00013b50 f i minwave.obj
 0001:00003870       ??0IMiniportWaveCyclicStream@@QAE@XZ 00013b50 f i minwave.obj
 0001:00003870       ??0IAdapterPowerManagement@@QAE@XZ 00013b50 f i minwave.obj
 0001:000038a9       ?GetPosition@CMiniportWaveCyclicStreamHDA@@UAGJPAK@Z 00013b89 f   minwave.obj
 0001:0000399e       ?NormalizePhysicalPosition@CMiniportWaveCyclicStreamHDA@@UAGJPA_J@Z 00013c7e f   minwave.obj
 0001:00003a40       ?Silence@CMiniportWaveCyclicStreamHDA@@UAGXPAXK@Z 00013d20 f   minwave.obj
 0001:00003a7e       _DbgPrint                  00013d5e f   ntoskrnl:ntoskrnl.exe
 0001:00003a84       _DbgBreakPoint@0           00013d64 f   ntoskrnl:ntoskrnl.exe
 0001:00003a8a       __alldiv                   00013d6a f   ntoskrnl:ntoskrnl.exe
 0001:00003a90       __allmul                   00013d70 f   ntoskrnl:ntoskrnl.exe
 0001:00003a96       _PcInitializeAdapterDriver@12 00013d76 f   portcls:portcls.sys
 0001:00003a9c       _PcAddAdapterDevice@20     00013d7c f   portcls:portcls.sys
 0001:00003aa2       _PcRegisterSubdevice@12    00013d82 f   portcls:portcls.sys
 0001:00003aa8       _PcNewMiniport@8           00013d88 f   portcls:portcls.sys
 0001:00003aae       _PcNewPort@8               00013d8e f   portcls:portcls.sys
 0001:00003ab4       _PcRegisterPhysicalConnection@20 00013d94 f   portcls:portcls.sys
 0001:00003aba       _PcRegisterAdapterPowerManagement@8 00013d9a f   portcls:portcls.sys
 0001:00003ac0       _PcNewResourceSublist@20   00013da0 f   portcls:portcls.sys
 0001:00003ac6       _PcNewInterruptSync@20     00013da6 f   portcls:portcls.sys
 0001:00003acc       _PcNewRegistryKey@36       00013dac f   portcls:portcls.sys
 0001:00003ad2       _PcNewServiceGroup@8       00013db2 f   portcls:portcls.sys
 0001:00003ad8       ??0CUnknown@@QAE@PAUIUnknown@@@Z 00013db8 f   stdunk:stdunk.obj
 0001:00003af7       ??_GCUnknown@@UAEPAXI@Z    00013dd7 f i stdunk:stdunk.obj
 0001:00003af7       ??_ECUnknown@@UAEPAXI@Z    00013dd7 f i stdunk:stdunk.obj
 0001:00003b13       ??1CUnknown@@UAE@XZ        00013df3 f   stdunk:stdunk.obj
 0001:00003b1a       ?NonDelegatingAddRef@CUnknown@@UAGKXZ 00013dfa f   stdunk:stdunk.obj
 0001:00003b30       ?NonDelegatingRelease@CUnknown@@UAGKXZ 00013e10 f   stdunk:stdunk.obj
 0001:00003b5f       ?NonDelegatingQueryInterface@CUnknown@@UAGJABU_GUID@@PAPAX@Z 00013e3f f   stdunk:stdunk.obj
 0002:00000000       __imp_@KfAcquireSpinLock@4 00013ea0     hal:HAL.dll
 0002:00000004       __imp_@KfReleaseSpinLock@8 00013ea4     hal:HAL.dll
 0002:00000008       __imp__KeStallExecutionProcessor@4 00013ea8     hal:HAL.dll
 0002:0000000c       __imp__KeGetCurrentIrql@0  00013eac     hal:HAL.dll
 0002:00000010       \177HAL_NULL_THUNK_DATA    00013eb0     hal:HAL.dll
 0002:00000014       __imp__MmMapIoSpace@16     00013eb4     ntoskrnl:ntoskrnl.exe
 0002:00000018       __imp__KeInitializeSpinLock@4 00013eb8     ntoskrnl:ntoskrnl.exe
 0002:0000001c       __imp__MmUnmapIoSpace@8    00013ebc     ntoskrnl:ntoskrnl.exe
 0002:00000020       __imp__IoGetDmaAdapter@12  00013ec0     ntoskrnl:ntoskrnl.exe
 0002:00000024       __imp__READ_REGISTER_ULONG@4 00013ec4     ntoskrnl:ntoskrnl.exe
 0002:00000028       __imp__WRITE_REGISTER_ULONG@8 00013ec8     ntoskrnl:ntoskrnl.exe
 0002:0000002c       __imp__RtlInitUnicodeString@8 00013ecc     ntoskrnl:ntoskrnl.exe
 0002:00000030       __imp__READ_REGISTER_UCHAR@4 00013ed0     ntoskrnl:ntoskrnl.exe
 0002:00000034       __imp__WRITE_REGISTER_UCHAR@8 00013ed4     ntoskrnl:ntoskrnl.exe
 0002:00000038       __imp__READ_REGISTER_USHORT@4 00013ed8     ntoskrnl:ntoskrnl.exe
 0002:0000003c       __imp__ExFreePool@4        00013edc     ntoskrnl:ntoskrnl.exe
 0002:00000040       __imp__ExAllocatePoolWithTag@12 00013ee0     ntoskrnl:ntoskrnl.exe
 0002:00000044       __imp__KeWaitForSingleObject@20 00013ee4     ntoskrnl:ntoskrnl.exe
 0002:00000048       __imp_@IofCallDriver@8     00013ee8     ntoskrnl:ntoskrnl.exe
 0002:0000004c       __imp__IoBuildSynchronousFsdRequest@28 00013eec     ntoskrnl:ntoskrnl.exe
 0002:00000050       __imp__IoGetAttachedDeviceReference@4 00013ef0     ntoskrnl:ntoskrnl.exe
 0002:00000054       __imp__KeInitializeEvent@12 00013ef4     ntoskrnl:ntoskrnl.exe
 0002:00000058       __imp__KeInitializeMutex@8 00013ef8     ntoskrnl:ntoskrnl.exe
 0002:0000005c       __imp__RtlAssert@16        00013efc     ntoskrnl:ntoskrnl.exe
 0002:00000060       __imp___alldiv             00013f00     ntoskrnl:ntoskrnl.exe
 0002:00000064       __imp___allmul             00013f04     ntoskrnl:ntoskrnl.exe
 0002:00000068       __imp__DbgBreakPoint@0     00013f08     ntoskrnl:ntoskrnl.exe
 0002:0000006c       __imp__DbgPrint            00013f0c     ntoskrnl:ntoskrnl.exe
 0002:00000070       __imp_@ObfDereferenceObject@4 00013f10     ntoskrnl:ntoskrnl.exe
 0002:00000074       __imp__WRITE_REGISTER_USHORT@8 00013f14     ntoskrnl:ntoskrnl.exe
 0002:00000078       __imp__KeReleaseMutex@8    00013f18     ntoskrnl:ntoskrnl.exe
 0002:0000007c       __imp_@InterlockedDecrement@4 00013f1c     ntoskrnl:ntoskrnl.exe
 0002:00000080       __imp_@InterlockedIncrement@4 00013f20     ntoskrnl:ntoskrnl.exe
 0002:00000084       \177ntoskrnl_NULL_THUNK_DATA 00013f24     ntoskrnl:ntoskrnl.exe
 0002:00000088       __imp__PcInitializeAdapterDriver@12 00013f28     portcls:portcls.sys
 0002:0000008c       __imp__PcNewMiniport@8     00013f2c     portcls:portcls.sys
 0002:00000090       __imp__PcNewPort@8         00013f30     portcls:portcls.sys
 0002:00000094       __imp__PcRegisterPhysicalConnection@20 00013f34     portcls:portcls.sys
 0002:00000098       __imp__PcAddAdapterDevice@20 00013f38     portcls:portcls.sys
 0002:0000009c       __imp__PcRegisterSubdevice@12 00013f3c     portcls:portcls.sys
 0002:000000a0       __imp__PcNewInterruptSync@20 00013f40     portcls:portcls.sys
 0002:000000a4       __imp__PcNewRegistryKey@36 00013f44     portcls:portcls.sys
 0002:000000a8       __imp__PcNewServiceGroup@8 00013f48     portcls:portcls.sys
 0002:000000ac       __imp__PcRegisterAdapterPowerManagement@8 00013f4c     portcls:portcls.sys
 0002:000000b0       __imp__PcNewResourceSublist@20 00013f50     portcls:portcls.sys
 0002:000000b4       \177portcls_NULL_THUNK_DATA 00013f54     portcls:portcls.sys
 0002:00000130       _IID_IAdapterCommon        00013fd0     adapter.obj
 0002:00000140       _CLSID_MiniportDriverFmSynth 00013fe0     adapter.obj
 0002:00000150       _CLSID_PortWaveCyclic      00013ff0     adapter.obj
 0002:00000160       _CLSID_PortTopology        00014000     adapter.obj
 0002:00000170       _CLSID_PortMidi            00014010     adapter.obj
 0002:00000180       _IID_IAdapterPowerManagment 00014020     adapter.obj
 0002:00000190       _IID_IMiniportWaveCyclicStream 00014030     adapter.obj
 0002:000001a0       _IID_IMiniportWaveCyclic   00014040     adapter.obj
 0002:000001b0       _IID_IPortWaveCyclic       00014050     adapter.obj
 0002:000001c0       _IID_IMiniportTopology     00014060     adapter.obj
 0002:000001d0       _IID_IMiniport             00014070     adapter.obj
 0002:000001e0       _IID_IUnknown              00014080     adapter.obj
 0002:000001f0       ??_C@_1BE@ENEK@?$AAR?$AAi?$AAg?$AAh?$AAt?$AAB?$AAa?$AAs?$AAs?$AA?$AA@ 00014090     common.obj
 0002:00000204       ??_C@_1BC@JMJO@?$AAL?$AAe?$AAf?$AAt?$AAB?$AAa?$AAs?$AAs?$AA?$AA@ 000140a4     common.obj
 0002:00000218       ??_C@_1BI@KGAJ@?$AAR?$AAi?$AAg?$AAh?$AAt?$AAT?$AAr?$AAe?$AAb?$AAl?$AAe?$AA?$AA@ 000140b8     common.obj
 0002:00000230       ??_C@_1BG@BGGD@?$AAL?$AAe?$AAf?$AAt?$AAT?$AAr?$AAe?$AAb?$AAl?$AAe?$AA?$AA@ 000140d0     common.obj
 0002:00000248       ??_C@_1O@IECC@?$AAM?$AAi?$AAc?$AAA?$AAG?$AAC?$AA?$AA@ 000140e8     common.obj
 0002:00000258       ??_C@_1CA@EJHI@?$AAR?$AAi?$AAg?$AAh?$AAt?$AAO?$AAu?$AAt?$AAp?$AAu?$AAt?$AAG?$AAa?$AAi?$AAn?$AA?$AA@ 000140f8     common.obj
 0002:00000278       ??_C@_1BO@PPLI@?$AAL?$AAe?$AAf?$AAt?$AAO?$AAu?$AAt?$AAp?$AAu?$AAt?$AAG?$AAa?$AAi?$AAn?$AA?$AA@ 00014118     common.obj
 0002:00000298       ??_C@_1BO@PMCJ@?$AAR?$AAi?$AAg?$AAh?$AAt?$AAI?$AAn?$AAp?$AAu?$AAt?$AAG?$AAa?$AAi?$AAn?$AA?$AA@ 00014138     common.obj
 0002:000002b8       ??_C@_1BM@CFEM@?$AAL?$AAe?$AAf?$AAt?$AAI?$AAn?$AAp?$AAu?$AAt?$AAG?$AAa?$AAi?$AAn?$AA?$AA@ 00014158     common.obj
 0002:000002d4       ??_C@_1CA@CIKM@?$AAR?$AAi?$AAg?$AAh?$AAt?$AAI?$AAn?$AAp?$AAu?$AAt?$AAM?$AAi?$AAx?$AAe?$AAr?$AA?$AA@ 00014174     common.obj
 0002:000002f4       ??_C@_1BO@JOGM@?$AAL?$AAe?$AAf?$AAt?$AAI?$AAn?$AAp?$AAu?$AAt?$AAM?$AAi?$AAx?$AAe?$AAr?$AA?$AA@ 00014194     common.obj
 0002:00000314       ??_C@_1BI@BMOJ@?$AAO?$AAu?$AAt?$AAp?$AAu?$AAt?$AAM?$AAi?$AAx?$AAe?$AAr?$AA?$AA@ 000141b4     common.obj
 0002:0000032c       ??_C@_1BE@GLOL@?$AAP?$AAc?$AAS?$AAp?$AAk?$AAr?$AAV?$AAo?$AAl?$AA?$AA@ 000141cc     common.obj
 0002:00000340       ??_C@_1O@MNBB@?$AAM?$AAi?$AAc?$AAV?$AAo?$AAl?$AA?$AA@ 000141e0     common.obj
 0002:00000350       ??_C@_1BO@HCKE@?$AAR?$AAi?$AAg?$AAh?$AAt?$AAL?$AAi?$AAn?$AAe?$AAI?$AAn?$AAV?$AAo?$AAl?$AA?$AA@ 000141f0     common.obj
 0002:00000370       ??_C@_1BM@KLMB@?$AAL?$AAe?$AAf?$AAt?$AAL?$AAi?$AAn?$AAe?$AAI?$AAn?$AAV?$AAo?$AAl?$AA?$AA@ 00014210     common.obj
 0002:0000038c       ??_C@_1BG@COJL@?$AAR?$AAi?$AAg?$AAh?$AAt?$AAC?$AAD?$AAV?$AAo?$AAl?$AA?$AA@ 0001422c     common.obj
 0002:000003a4       ??_C@_1BE@KMKA@?$AAL?$AAe?$AAf?$AAt?$AAC?$AAD?$AAV?$AAo?$AAl?$AA?$AA@ 00014244     common.obj
 0002:000003b8       ??_C@_1BK@JCIM@?$AAR?$AAi?$AAg?$AAh?$AAt?$AAM?$AAi?$AAd?$AAi?$AAV?$AAo?$AAl?$AA?$AA@ 00014258     common.obj
 0002:000003d4       ??_C@_1BI@KBIJ@?$AAL?$AAe?$AAf?$AAt?$AAM?$AAi?$AAd?$AAi?$AAV?$AAo?$AAl?$AA?$AA@ 00014274     common.obj
 0002:000003ec       ??_C@_1BK@MFCG@?$AAR?$AAi?$AAg?$AAh?$AAt?$AAW?$AAa?$AAv?$AAe?$AAV?$AAo?$AAl?$AA?$AA@ 0001428c     common.obj
 0002:00000408       ??_C@_1BI@PGCD@?$AAL?$AAe?$AAf?$AAt?$AAW?$AAa?$AAv?$AAe?$AAV?$AAo?$AAl?$AA?$AA@ 000142a8     common.obj
 0002:00000420       ??_C@_1BO@NHA@?$AAR?$AAi?$AAg?$AAh?$AAt?$AAM?$AAa?$AAs?$AAt?$AAe?$AAr?$AAV?$AAo?$AAl?$AA?$AA@ 000142c0     common.obj
 0002:00000440       ??_C@_1BM@NEBF@?$AAL?$AAe?$AAf?$AAt?$AAM?$AAa?$AAs?$AAt?$AAe?$AAr?$AAV?$AAo?$AAl?$AA?$AA@ 000142e0     common.obj
 0002:0000045c       ??_7CAdapterCommon@@6BCUnknown@@@ 000142fc     common.obj
 0002:0000046c       ??_7CAdapterCommon@@6BIAdapterPowerManagement@@@ 0001430c     common.obj
 0002:00000484       ??_7CAdapterCommon@@6BIAdapterCommon@@@ 00014324     common.obj
 0002:000005a8       ??_7CMiniportTopologyHDA@@6BCUnknown@@@ 00014448     mintopo.obj
 0002:000005b8       ??_7CMiniportTopologyHDA@@6BIMiniportTopology@@@ 00014458     mintopo.obj
 0002:000005d0       ??_7CMiniportWaveCyclicHDA@@6BCUnknown@@@ 00014470     minwave.obj
 0002:000005e0       ??_7CMiniportWaveCyclicHDA@@6BIMiniportWaveCyclic@@@ 00014480     minwave.obj
 0002:000005fc       ??_7CMiniportWaveCyclicStreamHDA@@6BCUnknown@@@ 0001449c     minwave.obj
 0002:0000060c       ??_7CMiniportWaveCyclicStreamHDA@@6BIMiniportWaveCyclicStream@@@ 000144ac     minwave.obj
 0002:00000630       ??_7CUnknown@@6B@          000144d0     stdunk:stdunk.obj
 0003:00000000       ?ulDebugOut@@3KA           000144e0     adapter.obj
 0003:00000008       __GUID_b7902fe9_fb0a_11d1_81b0_0060083316c1 000144e8     adapter.obj
 0003:00000018       __GUID_d3f0ce1c_fffc_11d1_81b0_0060083316c1 000144f8     adapter.obj
 0003:00000028       __GUID_c096df9c_fb09_11d1_81b0_0060083316c1 00014508     adapter.obj
 0003:000000fc       ?audBufSize@@3KA           000145dc     common.obj
 0003:00000100       ?BdlSize@@3KA              000145e0     common.obj
 0003:00000800       __GUID_185fedf6_9905_11d1_95a9_00c04fb925d3 00014ce0     mintopo.obj
 0003:00000810       __GUID_185fedef_9905_11d1_95a9_00c04fb925d3 00014cf0     mintopo.obj
 0003:00000820       __GUID_185fede1_9905_11d1_95a9_00c04fb925d3 00014d00     mintopo.obj
 0003:00000830       __GUID_185fede0_9905_11d1_95a9_00c04fb925d3 00014d10     mintopo.obj
 0003:00000840       __GUID_7607e580_c557_11d0_8a2b_00a0c9255ac1 00014d20     mintopo.obj
 0003:00000850       __GUID_185fede3_9905_11d1_95a9_00c04fb925d3 00014d30     mintopo.obj
 0003:00000860       __GUID_da441a60_c556_11d0_8a2b_00a0c9255ac1 00014d40     mintopo.obj
 0003:00000870       __GUID_185fedee_9905_11d1_95a9_00c04fb925d3 00014d50     mintopo.obj
 0003:00000880       __GUID_02b223c0_c557_11d0_8a2b_00a0c9255ac1 00014d60     mintopo.obj
 0003:00000890       __GUID_185feded_9905_11d1_95a9_00c04fb925d3 00014d70     mintopo.obj
 0003:000008a0       __GUID_e88c9ba0_c557_11d0_8a2b_00a0c9255ac1 00014d80     mintopo.obj
 0003:000008b0       __GUID_185fedec_9905_11d1_95a9_00c04fb925d3 00014d90     mintopo.obj
 0003:000008c0       __GUID_185fedeb_9905_11d1_95a9_00c04fb925d3 00014da0     mintopo.obj
 0003:000008d0       __GUID_185fedea_9905_11d1_95a9_00c04fb925d3 00014db0     mintopo.obj
 0003:000008e0       __GUID_185fede9_9905_11d1_95a9_00c04fb925d3 00014dc0     mintopo.obj
 0003:000008f0       __GUID_185fede8_9905_11d1_95a9_00c04fb925d3 00014dd0     mintopo.obj
 0003:00000900       __GUID_e573adc0_c555_11d0_8a2b_00a0c9255ac1 00014de0     mintopo.obj
 0003:00000910       __GUID_185fede7_9905_11d1_95a9_00c04fb925d3 00014df0     mintopo.obj
 0003:00000920       __GUID_185fede5_9905_11d1_95a9_00c04fb925d3 00014e00     mintopo.obj
 0003:00000930       __GUID_3a5acc00_c557_11d0_8a2b_00a0c9255ac1 00014e10     mintopo.obj
 0003:00000940       __GUID_45ffaaa0_6e1b_11d0_bcf2_444553540000 00014e20     mintopo.obj
 0003:00000950       __GUID_6994ad04_93ef_11d0_a3cc_00a0c9223196 00014e30     mintopo.obj
 0003:00000960       __GUID_185fedf7_9905_11d1_95a9_00c04fb925d3 00014e40     mintopo.obj
 0003:00000970       __GUID_dff21ce1_f70f_11d0_b917_00a0c9223196 00014e50     mintopo.obj
 0003:00000980       __GUID_dff21be1_f70f_11d0_b917_00a0c9223196 00014e60     mintopo.obj
 0003:00000990       __GUID_185fedf9_9905_11d1_95a9_00c04fb925d3 00014e70     mintopo.obj
 0003:000009a0       __GUID_dff21fe3_f70f_11d0_b917_00a0c9223196 00014e80     mintopo.obj
 0003:000009b0       __GUID_185fedfb_9905_11d1_95a9_00c04fb925d3 00014e90     mintopo.obj
 0003:000009c0       __GUID_dff220e3_f70f_11d0_b917_00a0c9223196 00014ea0     mintopo.obj
 0003:000009d0       __GUID_185fedf8_9905_11d1_95a9_00c04fb925d3 00014eb0     mintopo.obj
 0003:000009e0       __GUID_dff220f3_f70f_11d0_b917_00a0c9223196 00014ec0     mintopo.obj
 0003:000009f0       __GUID_dff21fe4_f70f_11d0_b917_00a0c9223196 00014ed0     mintopo.obj
 0003:00000a00       __GUID_97e99ba0_bdea_11cf_a5d6_28db04c10000 00014ee0     mintopo.obj
 0003:00000c48       __GUID_507ae360_c554_11d0_8a2b_00a0c9255ac1 00015128     minwave.obj
 0003:00000c58       __GUID_4d837fe0_c555_11d0_8a2b_00a0c9255ac1 00015138     minwave.obj
 0003:00000c68       __GUID_185fedfa_9905_11d1_95a9_00c04fb925d3 00015148     minwave.obj
 0003:00000c78       __GUID_fb6c4281_0353_11d1_905f_0000c0cc16ba 00015158     minwave.obj
 0003:00000c88       __GUID_05589f81_c356_11ce_bf01_00aa0055595a 00015168     minwave.obj
 0003:00000c98       __GUID_00000001_0000_0010_8000_00aa00389b71 00015178     minwave.obj
 0003:00000ca8       __GUID_73647561_0000_0010_8000_00aa00389b71 00015188     minwave.obj
 0003:00000cb8       __GUID_518590a2_a184_11d0_8522_00c04fd9baf3 00015198     minwave.obj
 0003:00000cc8       __GUID_0f6417d6_c318_11d0_a43f_00a0c9223196 000151a8     minwave.obj
 0003:00000cd8       __GUID_00000000_0000_0000_0000_000000000000 000151b8     adapter.obj
 0004:0000003e       _AddDevice@8               0001521e f   adapter.obj
 0004:0000026a       ?InstallSubdevice@@YGJPAU_DEVICE_OBJECT@@PAU_IRP@@PAGABU_GUID@@3P6GJPAPAUIUnknown@@3PAU4@W4_POOL_TYPE@@@Z5PAUIResourceList@@344@Z 0001544a f   adapter.obj
 0004:0000066e       ?StartDevice@@YGJPAU_DEVICE_OBJECT@@PAU_IRP@@PAUIResourceList@@@Z 0001584e f   adapter.obj
 0004:00000e6e       ?AssignResources@@YGJPAUIResourceList@@PAPAU1@11111@Z 0001604e f   adapter.obj
 0004:000013c8       ?NewAdapterCommon@@YGJPAPAUIUnknown@@ABU_GUID@@PAU1@W4_POOL_TYPE@@@Z 000165a8 f   common.obj
 0004:00001d41       ?Init@CAdapterCommon@@UAGJPAUIResourceList@@PAU_DEVICE_OBJECT@@@Z 00016f21 f   common.obj
 0004:00003202       ??1CAdapterCommon@@UAE@XZ  000183e2 f   common.obj
 0004:00003667       ?NonDelegatingQueryInterface@CAdapterCommon@@UAGJABU_GUID@@PAPAX@Z 00018847 f   common.obj
 0004:000037be       ?WavePortDriverDest@CAdapterCommon@@UAGPAPAUIUnknown@@XZ 0001899e f   common.obj
 0004:0000385e       ?GetInterruptSync@CAdapterCommon@@UAGPAUIInterruptSync@@XZ 00018a3e f   common.obj
 0004:000038fe       ?MidiPortDriverDest@CAdapterCommon@@UAGPAPAUIUnknown@@XZ 00018ade f   common.obj
 0004:0000399e       ?SetWaveServiceGroup@CAdapterCommon@@UAGXPAUIServiceGroup@@@Z 00018b7e f   common.obj
 0004:000040b2       ?InitHDAController@CAdapterCommon@@QAGJXZ 00019292 f   common.obj
 0004:000050e6       ?InitializeCodec@CAdapterCommon@@QAGJE@Z 0001a2c6 f   common.obj
 0004:000057e8       ?hda_initialize_audio_function_group@CAdapterCommon@@QAGJKK@Z 0001a9c8 f   common.obj
 0004:0000650e       ?hda_get_node_type@CAdapterCommon@@QAGEKK@Z 0001b6ee f   common.obj
 0004:000065be       ?hda_get_node_connection_entries@CAdapterCommon@@QAGKKKK@Z 0001b79e f   common.obj
 0004:000066d0       ?hda_enable_pin_output@CAdapterCommon@@QAGXKK@Z 0001b8b0 f   common.obj
 0004:00006710       ?hda_disable_pin_output@CAdapterCommon@@QAGXKK@Z 0001b8f0 f   common.obj
 0004:00006750       ?hda_is_headphone_connected@CAdapterCommon@@QAGEXZ 0001b930 f   common.obj
 0004:00006852       ?hda_initialize_output_pin@CAdapterCommon@@QAGXK@Z 0001ba32 f   common.obj
 0004:00006c76       ?hda_initialize_audio_output@CAdapterCommon@@QAGXK@Z 0001be56 f   common.obj
 0004:0000709a       ?hda_initialize_audio_mixer@CAdapterCommon@@QAGXK@Z 0001c27a f   common.obj
 0004:000073d2       ?hda_initialize_audio_selector@CAdapterCommon@@QAGXK@Z 0001c5b2 f   common.obj
 0004:000076d8       ?CreateMiniportTopologyHDA@@YGJPAPAUIUnknown@@ABU_GUID@@PAU1@W4_POOL_TYPE@@@Z 0001c8b8 f   mintopo.obj
 0004:0000784a       ?ProcessResources@CMiniportTopologyHDA@@AAEJPAUIResourceList@@@Z 0001ca2a f   mintopo.obj
 0004:000079da       ?NonDelegatingQueryInterface@CMiniportTopologyHDA@@UAGJABU_GUID@@PAPAX@Z 0001cbba f   mintopo.obj
 0004:00007b8e       ??1CMiniportTopologyHDA@@UAE@XZ 0001cd6e f   mintopo.obj
 0004:00007d66       ?Init@CMiniportTopologyHDA@@UAGJPAUIUnknown@@PAUIResourceList@@PAUIPortTopology@@@Z 0001cf46 f   mintopo.obj
 0004:00007f7a       ?GetDescription@CMiniportTopologyHDA@@UAGJPAPAUPCFILTER_DESCRIPTOR@@@Z 0001d15a f   mintopo.obj
 0004:00009758       ?CreateMiniportWaveCyclicHDA@@YGJPAPAUIUnknown@@ABU_GUID@@PAU1@W4_POOL_TYPE@@@Z 0001e938 f   minwave.obj
 0004:00009a26       ?ProcessResources@CMiniportWaveCyclicHDA@@AAEJPAUIResourceList@@@Z 0001ec06 f   minwave.obj
 0004:00009e92       ?ValidateFormat@CMiniportWaveCyclicHDA@@AAEJPATKSDATAFORMAT@@@Z 0001f072 f   minwave.obj
 0004:0000a0be       ?NonDelegatingQueryInterface@CMiniportWaveCyclicHDA@@UAGJABU_GUID@@PAPAX@Z 0001f29e f   minwave.obj
 0004:0000a272       ??1CMiniportWaveCyclicHDA@@UAE@XZ 0001f452 f   minwave.obj
 0004:0000a476       ?Init@CMiniportWaveCyclicHDA@@UAGJPAUIUnknown@@PAUIResourceList@@PAUIPortWaveCyclic@@@Z 0001f656 f   minwave.obj
 0004:0000a70e       ?GetDescription@CMiniportWaveCyclicHDA@@UAGJPAPAUPCFILTER_DESCRIPTOR@@@Z 0001f8ee f   minwave.obj
 0004:0000a8fa       ?DataRangeIntersection@CMiniportWaveCyclicHDA@@UAGJKPATKSDATAFORMAT@@0KPAXPAK@Z 0001fada f   minwave.obj
 0004:0000aefa       ?NewStream@CMiniportWaveCyclicHDA@@UAGJPAPAUIMiniportWaveCyclicStream@@PAUIUnknown@@W4_POOL_TYPE@@KEPATKSDATAFORMAT@@PAPAUIDmaChannel@@PAPAUIServiceGroup@@@Z 000200da f   minwave.obj
 0004:0000b292       ?NonDelegatingQueryInterface@CMiniportWaveCyclicStreamHDA@@UAGJABU_GUID@@PAPAX@Z 00020472 f   minwave.obj
 0004:0000b43e       ??1CMiniportWaveCyclicStreamHDA@@UAE@XZ 0002061e f   minwave.obj
 0004:0000b6b0       ?Init@CMiniportWaveCyclicStreamHDA@@QAEJPAVCMiniportWaveCyclicHDA@@KEPATKSDATAFORMAT@@PAUIDmaChannel@@@Z 00020890 f   minwave.obj
 0004:0000b922       ?SetNotificationFreq@CMiniportWaveCyclicStreamHDA@@UAGKKPAK@Z 00020b02 f   minwave.obj
 0004:0000bab6       ?SetFormat@CMiniportWaveCyclicStreamHDA@@UAGJPATKSDATAFORMAT@@@Z 00020c96 f   minwave.obj
 0004:0000bcfe       ?SetState@CMiniportWaveCyclicStreamHDA@@UAGJW4KSSTATE@@@Z 00020ede f   minwave.obj
 0005:0000003e       _DriverEntry@8             0002103e f   adapter.obj
 0005:000000ac       __IMPORT_DESCRIPTOR_ntoskrnl 000210ac     ntoskrnl:ntoskrnl.exe
 0005:000000c0       __IMPORT_DESCRIPTOR_HAL    000210c0     hal:HAL.dll
 0005:000000d4       __IMPORT_DESCRIPTOR_portcls 000210d4     portcls:portcls.sys
 0005:000000e8       __NULL_IMPORT_DESCRIPTOR   000210e8     ntoskrnl:ntoskrnl.exe

 entry point at        0005:0000003e

 Static symbols

 0004:000080ce       ?PropertyHandler_OnOff@@YGJPAU_PCPROPERTY_REQUEST@@@Z 0001d2ae f   mintopo.obj
 0004:000084e6       ?PropertyHandler_SuperMixCaps@@YGJPAU_PCPROPERTY_REQUEST@@@Z 0001d6c6 f   mintopo.obj
 0004:00008af6       ?PropertyHandler_SuperMixTable@@YGJPAU_PCPROPERTY_REQUEST@@@Z 0001dcd6 f   mintopo.obj
 0004:00009226       ?PropertyHandler_CpuResources@@YGJPAU_PCPROPERTY_REQUEST@@@Z 0001e406 f   mintopo.obj
 0001:00002f3e       ?PropertyHandler_Level@@YGJPAU_PCPROPERTY_REQUEST@@@Z 0001321e f   mintopo.obj
 0004:00009486       ?BasicSupportHandler@@YGJPAU_PCPROPERTY_REQUEST@@@Z 0001e666 f   mintopo.obj

 318 bytes saved through ICF

