 WDMHDA

 Timestamp is 68a649b7 (Wed Aug 20 15:18:31 2025)

 Preferred load address is 00010000

 Start         Length     Name                   Class
 0001:00000000 000040f7H .text                   CODE
 0002:00000000 00000090H .idata$5                DATA
 0002:00000090 00000d6fH .rdata                  DATA
 0003:00000000 0000096dH .data                   DATA
 0003:00000970 00000690H .bss                    DATA
 0004:00000000 0000fb74H PAGE                    CODE
 0005:00000000 0000003cH .idata$2                CODE
 0005:0000003c 00000014H .idata$3                CODE
 0005:00000050 00000090H .idata$4                CODE
 0005:000000e0 000002e8H .idata$6                CODE
 0006:00000000 00000058H .rsrc$01                DATA
 0006:00000060 00000358H .rsrc$02                DATA

  Address         Publics by Value              Rva+Base     Lib:Object

 0001:00000000       ??3@YAXPAX@Z               000102e0 f i adapter.obj
 0001:00000010       ??2@YGPAXIW4_POOL_TYPE@@K@Z 000102f0 f i common.obj
 0001:00000050       ??0CAdapterCommon@@QAE@PAUIUnknown@@@Z 00010330 f i common.obj
 0001:000000a0       ?QueryInterface@CMiniportWaveICH@@UAGJABU_GUID@@PAPAX@Z 00010380 f i common.obj
 0001:000000a0       ?QueryInterface@CAdapterCommon@@UAGJABU_GUID@@PAPAX@Z 00010380 f i common.obj
 0001:000000d0       ?GetOuterUnknown@CUnknown@@QAEPAUIUnknown@@XZ 000103b0 f i common.obj
 0001:000000f0       ?Release@CMiniportWaveICH@@UAGKXZ 000103d0 f i common.obj
 0001:000000f0       ?Release@CAdapterCommon@@UAGKXZ 000103d0 f i common.obj
 0001:00000120       ?GetPinConfig@CAdapterCommon@@UAGHW4TopoPinConfig@@@Z 00010400 f i common.obj
 0001:00000140       ?SetPinConfig@CAdapterCommon@@UAGXW4TopoPinConfig@@H@Z 00010420 f i common.obj
 0001:00000160       ?GetNodeConfig@CAdapterCommon@@UAGHW4TopoNodeConfig@@@Z 00010440 f i common.obj
 0001:00000180       ?SetNodeConfig@CAdapterCommon@@UAGXW4TopoNodeConfig@@H@Z 00010460 f i common.obj
 0001:000001a0       ?GetNodeReg@CAdapterCommon@@UAG?AW4AC97Register@@W4TopoNodes@@@Z 00010480 f i common.obj
 0001:000001c0       ?GetNodeMask@CAdapterCommon@@UAGGW4TopoNodes@@@Z 000104a0 f i common.obj
 0001:000001e0       ??_ECAdapterCommon@@UAEPAXI@Z 000104c0 f i common.obj
 0001:000001e0       ??_GCAdapterCommon@@UAEPAXI@Z 000104c0 f i common.obj
 0001:00000220       ??0IAdapterCommon@@QAE@XZ  00010500 f i common.obj
 0001:00000220       ??0IMiniportWavePciStream@@QAE@XZ 00010500 f i common.obj
 0001:00000220       ??0IPowerNotify@@QAE@XZ    00010500 f i common.obj
 0001:00000220       ??0IAdapterPowerManagement@@QAE@XZ 00010500 f i common.obj
 0001:00000220       ??0IMiniport@@QAE@XZ       00010500 f i common.obj
 0001:00000240       _IsEqualGUIDAligned@8      00010520 f i common.obj
 0001:000002de       ?hda_send_verb@CAdapterCommon@@QAGKKKKK@Z 000105be f   common.obj
 0001:00000516       ?hda_stop_stream@CAdapterCommon@@UAGJXZ 000107f6 f   common.obj
 0001:00000780       ?hda_start_sound@CAdapterCommon@@UAGXXZ 00010a60 f   common.obj
 0001:000007c0       ?hda_stop_sound@CAdapterCommon@@UAGXXZ 00010aa0 f   common.obj
 0001:00000852       ?WriteBMControlRegister@CAdapterCommon@@UAGXKE@Z 00010b32 f   common.obj
 0001:00000952       ?WriteBMControlRegister@CAdapterCommon@@UAGXKG@Z 00010c32 f   common.obj
 0001:00000a52       ?WriteBMControlRegister@CAdapterCommon@@UAGXKK@Z 00010d32 f   common.obj
 0001:00000b4e       ?ReadBMControlRegister8@CAdapterCommon@@UAGEK@Z 00010e2e f   common.obj
 0001:00000c46       ?ReadBMControlRegister16@CAdapterCommon@@UAGGK@Z 00010f26 f   common.obj
 0001:00000d46       ?ReadBMControlRegister32@CAdapterCommon@@UAGKK@Z 00011026 f   common.obj
 0001:00000de0       ?readUCHAR@CAdapterCommon@@QAGEG@Z 000110c0 f   common.obj
 0001:00000e00       ?writeUCHAR@CAdapterCommon@@QAGXGE@Z 000110e0 f   common.obj
 0001:00000e30       ?readUSHORT@CAdapterCommon@@QAGGG@Z 00011110 f   common.obj
 0001:00000e50       ?writeUSHORT@CAdapterCommon@@QAGXGG@Z 00011130 f   common.obj
 0001:00000e80       ?writeULONG@CAdapterCommon@@QAGXGK@Z 00011160 f   common.obj
 0001:00000f5a       ?hda_play_pcm_data_in_loop@CAdapterCommon@@UAGJEKK@Z 0001123a f   common.obj
 0001:00001250       ?hda_return_sound_data_format@CAdapterCommon@@QAGGKKK@Z 00011530 f   common.obj
 0001:000013c0       ?get_bdl_mem@CAdapterCommon@@UAGPAKXZ 000116a0 f   common.obj
 0001:000013d0       ?QueryInterface@CMiniportWaveICH@@W3AGJABU_GUID@@PAPAX@Z 000116b0 f i common.obj
 0001:000013d0       ?QueryInterface@CAdapterCommon@@W3AGJABU_GUID@@PAPAX@Z 000116b0 f i common.obj
 0001:000013e0       ?Release@CAdapterCommon@@W3AGKXZ 000116c0 f i common.obj
 0001:000013e0       ?Release@CMiniportWaveICH@@W3AGKXZ 000116c0 f i common.obj
 0001:000013f0       ??0CMiniportTopologyICH@@QAE@PAUIUnknown@@@Z 000116d0 f i mintopo.obj
 0001:00001430       ?QueryInterface@CMiniportTopologyICH@@UAGJABU_GUID@@PAPAX@Z 00011710 f i mintopo.obj
 0001:00001430       ?QueryInterface@CMiniportWaveICHStream@@UAGJABU_GUID@@PAPAX@Z 00011710 f i mintopo.obj
 0001:00001460       ??_GCMiniportTopologyICH@@UAEPAXI@Z 00011740 f i mintopo.obj
 0001:00001460       ??_ECMiniportTopologyICH@@UAEPAXI@Z 00011740 f i mintopo.obj
 0001:000014a0       ??0IMiniportTopologyICH@@QAE@XZ 00011780 f i mintopo.obj
 0001:000014c0       ?TransNodeNrToNodeDef@CMiniportTopologyICH@@AAE?AW4TopoNodes@@H@Z 000117a0 f i mintopo.obj
 0001:00001520       ?TransPinNrToPinDef@CMiniportTopologyICH@@AAE?AW4TopoPins@@H@Z 00011800 f i mintopo.obj
 0001:00001580       ?SetPinTranslation@CMiniportTopologyICH@@AAEXHW4TopoPins@@@Z 00011860 f i mintopo.obj
 0001:000015b0       ?SetNodeTranslation@CMiniportTopologyICH@@AAEXHW4TopoNodes@@@Z 00011890 f i mintopo.obj
 0001:000015e0       ?TransNodeDefToNodeNr@CMiniportTopologyICH@@AAEHW4TopoNodes@@@Z 000118c0 f i mintopo.obj
 0001:00001640       ?TransPinDefToPinNr@CMiniportTopologyICH@@AAEHW4TopoPins@@@Z 00011920 f i mintopo.obj
 0001:000016a0       ??0CMiniportWaveICH@@QAE@PAUIUnknown@@@Z 00011980 f i minwave.obj
 0001:000016f0       ?AddRef@CAdapterCommon@@UAGKXZ 000119d0 f i minwave.obj
 0001:000016f0       ?AddRef@CMiniportWaveICH@@UAGKXZ 000119d0 f i minwave.obj
 0001:00001720       ??_GCMiniportWaveICH@@UAEPAXI@Z 00011a00 f i minwave.obj
 0001:00001720       ??_ECMiniportWaveICH@@UAEPAXI@Z 00011a00 f i minwave.obj
 0001:00001760       ??0IMiniportTopology@@QAE@XZ 00011a40 f i minwave.obj
 0001:00001760       ??0IMiniportWavePci@@QAE@XZ 00011a40 f i minwave.obj
 0001:00001780       ?Service@CMiniportWaveICH@@UAGXXZ 00011a60 f   minwave.obj
 0001:00001866       ?InterruptServiceRoutine@CMiniportWaveICH@@SGJPAUIInterruptSync@@PAX@Z 00011b46 f   minwave.obj
 0001:00001b30       ?AddRef@CAdapterCommon@@W3AGKXZ 00011e10 f i minwave.obj
 0001:00001b30       ?AddRef@CMiniportWaveICH@@W3AGKXZ 00011e10 f i minwave.obj
 0001:00001b40       ??0CMiniportWaveICHStream@@QAE@PAUIUnknown@@@Z 00011e20 f i ichwave.obj
 0001:00001b80       ?AddRef@CMiniportTopologyICH@@UAGKXZ 00011e60 f i ichwave.obj
 0001:00001b80       ?AddRef@CMiniportWaveICHStream@@UAGKXZ 00011e60 f i ichwave.obj
 0001:00001bb0       ?Release@CMiniportTopologyICH@@UAGKXZ 00011e90 f i ichwave.obj
 0001:00001bb0       ?Release@CMiniportWaveICHStream@@UAGKXZ 00011e90 f i ichwave.obj
 0001:00001be0       ??_ECMiniportWaveICHStream@@UAEPAXI@Z 00011ec0 f i ichwave.obj
 0001:00001be0       ??_GCMiniportWaveICHStream@@UAEPAXI@Z 00011ec0 f i ichwave.obj
 0001:00001c20       _HalFreeCommonBuffer@24    00011f00 f i ichwave.obj
 0001:00001d0e       ?PowerChangeNotify@CMiniportWaveICHStream@@QAEJT_POWER_STATE@@@Z 00011fee f   ichwave.obj
 0001:00001fbe       ?MoveBDList@CMiniportWaveICHStream@@AAEXHHH@Z 0001229e f   ichwave.obj
 0001:0000231a       ?CheckBDList@CMiniportWaveICHStream@@AAEXXZ 000125fa f   ichwave.obj
 0001:0000278a       ?Service@CMiniportWaveICHStream@@UAGXXZ 00012a6a f   ichwave.obj
 0001:0000280e       ?NormalizePhysicalPosition@CMiniportWaveICHStream@@UAGJPA_J@Z 00012aee f   ichwave.obj
 0001:000028b9       ?GetPosition@CMiniportWaveICHStream@@UAGJPA_K@Z 00012b99 f   ichwave.obj
 0001:00002b7e       ?RevokeMappings@CMiniportWaveICHStream@@UAGJPAX0PAK@Z 00012e5e f   ichwave.obj
 0001:00003156       ?MappingAvailable@CMiniportWaveICHStream@@UAGXXZ 00013436 f   ichwave.obj
 0001:000032c6       ?GetNewMappings@CMiniportWaveICHStream@@AAEJXZ 000135a6 f   ichwave.obj
 0001:000037de       ?ReleaseUsedMappings@CMiniportWaveICHStream@@AAEJXZ 00013abe f   ichwave.obj
 0001:00003b7a       ?SetState@CMiniportWaveICHStream@@UAGJW4KSSTATE@@@Z 00013e5a f   ichwave.obj
 0001:00003d3e       ?ResetDMA@CMiniportWaveICHStream@@AAEJXZ 0001401e f   ichwave.obj
 0001:00003dbe       ?PauseDMA@CMiniportWaveICHStream@@AAEJXZ 0001409e f   ichwave.obj
 0001:00003e4e       ?ResumeDMA@CMiniportWaveICHStream@@AAEJXZ 0001412e f   ichwave.obj
 0001:00003ecc       _DbgPrint                  000141ac f   ntoskrnl:ntoskrnl.exe
 0001:00003ed2       __alldiv                   000141b2 f   ntoskrnl:ntoskrnl.exe
 0001:00003ed8       __allmul                   000141b8 f   ntoskrnl:ntoskrnl.exe
 0001:00003ede       _PcRegisterSubdevice@12    000141be f   portcls:portcls.sys
 0001:00003ee4       _PcNewMiniport@8           000141c4 f   portcls:portcls.sys
 0001:00003eea       _PcNewPort@8               000141ca f   portcls:portcls.sys
 0001:00003ef0       _PcRegisterPhysicalConnection@20 000141d0 f   portcls:portcls.sys
 0001:00003ef6       _PcRegisterAdapterPowerManagement@8 000141d6 f   portcls:portcls.sys
 0001:00003efc       _PcAddAdapterDevice@20     000141dc f   portcls:portcls.sys
 0001:00003f02       _PcInitializeAdapterDriver@12 000141e2 f   portcls:portcls.sys
 0001:00003f08       _PcNewInterruptSync@20     000141e8 f   portcls:portcls.sys
 0001:00003f0e       _PcNewServiceGroup@8       000141ee f   portcls:portcls.sys
 0001:00003f20       ??0CUnknown@@QAE@PAUIUnknown@@@Z 00014200 f   stdunk:stdunk.obj
 0001:00003f70       ??_ECUnknown@@UAEPAXI@Z    00014250 f i stdunk:stdunk.obj
 0001:00003f70       ??_GCUnknown@@UAEPAXI@Z    00014250 f i stdunk:stdunk.obj
 0001:00003fa0       ??0INonDelegatingUnknown@@QAE@XZ 00014280 f i stdunk:stdunk.obj
 0001:00003fa0       ??0IUnknown@@QAE@XZ        00014280 f i stdunk:stdunk.obj
 0001:00003fb0       ??1CUnknown@@UAE@XZ        00014290 f   stdunk:stdunk.obj
 0001:00003fd0       ?NonDelegatingAddRef@CUnknown@@UAGKXZ 000142b0 f   stdunk:stdunk.obj
 0001:00004010       ?NonDelegatingRelease@CUnknown@@UAGKXZ 000142f0 f   stdunk:stdunk.obj
 0001:00004090       ?NonDelegatingQueryInterface@CUnknown@@UAGJABU_GUID@@PAPAX@Z 00014370 f   stdunk:stdunk.obj
 0002:00000000       __imp_@KfAcquireSpinLock@4 000143e0     hal:HAL.dll
 0002:00000004       __imp_@KfReleaseSpinLock@8 000143e4     hal:HAL.dll
 0002:00000008       __imp__KeStallExecutionProcessor@4 000143e8     hal:HAL.dll
 0002:0000000c       __imp__KeGetCurrentIrql@0  000143ec     hal:HAL.dll
 0002:00000010       \177HAL_NULL_THUNK_DATA    000143f0     hal:HAL.dll
 0002:00000014       __imp__KeInitializeSpinLock@4 000143f4     ntoskrnl:ntoskrnl.exe
 0002:00000018       __imp__MmMapIoSpace@16     000143f8     ntoskrnl:ntoskrnl.exe
 0002:0000001c       __imp__READ_REGISTER_ULONG@4 000143fc     ntoskrnl:ntoskrnl.exe
 0002:00000020       __imp__WRITE_REGISTER_ULONG@8 00014400     ntoskrnl:ntoskrnl.exe
 0002:00000024       __imp__IoGetDmaAdapter@12  00014404     ntoskrnl:ntoskrnl.exe
 0002:00000028       __imp__MmUnmapIoSpace@8    00014408     ntoskrnl:ntoskrnl.exe
 0002:0000002c       __imp__RtlAssert@16        0001440c     ntoskrnl:ntoskrnl.exe
 0002:00000030       __imp__READ_REGISTER_USHORT@4 00014410     ntoskrnl:ntoskrnl.exe
 0002:00000034       __imp__WRITE_REGISTER_USHORT@8 00014414     ntoskrnl:ntoskrnl.exe
 0002:00000038       __imp_@KefReleaseSpinLockFromDpcLevel@4 00014418     ntoskrnl:ntoskrnl.exe
 0002:0000003c       __imp_@KefAcquireSpinLockAtDpcLevel@4 0001441c     ntoskrnl:ntoskrnl.exe
 0002:00000040       __imp___alldiv             00014420     ntoskrnl:ntoskrnl.exe
 0002:00000044       __imp___allmul             00014424     ntoskrnl:ntoskrnl.exe
 0002:00000048       __imp__ExFreePool@4        00014428     ntoskrnl:ntoskrnl.exe
 0002:0000004c       __imp__ExAllocatePoolWithTag@12 0001442c     ntoskrnl:ntoskrnl.exe
 0002:00000050       __imp__DbgPrint            00014430     ntoskrnl:ntoskrnl.exe
 0002:00000054       __imp__READ_REGISTER_UCHAR@4 00014434     ntoskrnl:ntoskrnl.exe
 0002:00000058       __imp__WRITE_REGISTER_UCHAR@8 00014438     ntoskrnl:ntoskrnl.exe
 0002:0000005c       __imp_@InterlockedIncrement@4 0001443c     ntoskrnl:ntoskrnl.exe
 0002:00000060       __imp_@InterlockedDecrement@4 00014440     ntoskrnl:ntoskrnl.exe
 0002:00000064       \177ntoskrnl_NULL_THUNK_DATA 00014444     ntoskrnl:ntoskrnl.exe
 0002:00000068       __imp__PcRegisterPhysicalConnection@20 00014448     portcls:portcls.sys
 0002:0000006c       __imp__PcRegisterAdapterPowerManagement@8 0001444c     portcls:portcls.sys
 0002:00000070       __imp__PcNewPort@8         00014450     portcls:portcls.sys
 0002:00000074       __imp__PcNewMiniport@8     00014454     portcls:portcls.sys
 0002:00000078       __imp__PcAddAdapterDevice@20 00014458     portcls:portcls.sys
 0002:0000007c       __imp__PcNewInterruptSync@20 0001445c     portcls:portcls.sys
 0002:00000080       __imp__PcNewServiceGroup@8 00014460     portcls:portcls.sys
 0002:00000084       __imp__PcRegisterSubdevice@12 00014464     portcls:portcls.sys
 0002:00000088       __imp__PcInitializeAdapterDriver@12 00014468     portcls:portcls.sys
 0002:0000008c       \177portcls_NULL_THUNK_DATA 0001446c     portcls:portcls.sys
 0002:00000100       _IID_IMiniportTopologyICH  000144e0     adapter.obj
 0002:00000110       _IID_IAdapterCommon        000144f0     adapter.obj
 0002:00000120       _CLSID_PortWavePci         00014500     adapter.obj
 0002:00000130       _CLSID_PortWaveCyclic      00014510     adapter.obj
 0002:00000140       _CLSID_PortTopology        00014520     adapter.obj
 0002:00000150       _IID_IPortEvents           00014530     adapter.obj
 0002:00000160       _IID_IPowerNotify          00014540     adapter.obj
 0002:00000170       _IID_IAdapterPowerManagment 00014550     adapter.obj
 0002:00000180       _IID_IMiniportWavePciStream 00014560     adapter.obj
 0002:00000190       _IID_IMiniportWavePci      00014570     adapter.obj
 0002:000001a0       _IID_IPortWavePci          00014580     adapter.obj
 0002:000001b0       _IID_IMiniportTopology     00014590     adapter.obj
 0002:000001c0       _IID_IServiceSink          000145a0     adapter.obj
 0002:000001d0       _IID_IMiniport             000145b0     adapter.obj
 0002:000001e0       _IID_IUnknown              000145c0     adapter.obj
 0002:000001f0       ??_C@_1BE@DCLA@?$AAD?$AAi?$AAs?$AAa?$AAb?$AAl?$AAe?$AAC?$AAD?$AA?$AA@ 000145d0     common.obj
 0002:00000204       ??_C@_1BM@HKPL@?$AAD?$AAi?$AAs?$AAa?$AAb?$AAl?$AAe?$AAL?$AAi?$AAn?$AAe?$AAI?$AAn?$AA?$AA@ 000145e4     common.obj
 0002:00000220       ??_C@_1BG@OEIB@?$AAD?$AAi?$AAs?$AAa?$AAb?$AAl?$AAe?$AAM?$AAi?$AAc?$AA?$AA@ 00014600     common.obj
 0002:00000238       ??_C@_1BK@PFJA@?$AAD?$AAi?$AAs?$AAa?$AAb?$AAl?$AAe?$AAM?$AAi?$AAc?$AAI?$AAn?$AA?$AA@ 00014618     common.obj
 0002:00000254       ??_C@_1BO@PIPO@?$AAD?$AAi?$AAs?$AAa?$AAb?$AAl?$AAe?$AAM?$AAo?$AAn?$AAo?$AAO?$AAu?$AAt?$AA?$AA@ 00014634     common.obj
 0002:00000274       ??_C@_1CC@CCGC@?$AAD?$AAi?$AAs?$AAa?$AAb?$AAl?$AAe?$AAH?$AAe?$AAa?$AAd?$AAp?$AAh?$AAo?$AAn?$AAe?$AA?$AA@ 00014654     common.obj
 0002:00000298       ??_C@_1BG@KIAL@?$AAD?$AAi?$AAs?$AAa?$AAb?$AAl?$AAe?$AAA?$AAU?$AAX?$AA?$AA@ 00014678     common.obj
 0002:000002b0       ??_C@_1BK@CIGJ@?$AAD?$AAi?$AAs?$AAa?$AAb?$AAl?$AAe?$AAV?$AAi?$AAd?$AAe?$AAo?$AA?$AA@ 00014690     common.obj
 0002:000002cc       ??_C@_1BI@JAOF@?$AAD?$AAi?$AAs?$AAa?$AAb?$AAl?$AAe?$AAM?$AAi?$AAc?$AA2?$AA?$AA@ 000146ac     common.obj
 0002:000002e4       ??_C@_1BK@EHMP@?$AAD?$AAi?$AAs?$AAa?$AAb?$AAl?$AAe?$AAP?$AAh?$AAo?$AAn?$AAe?$AA?$AA@ 000146c4     common.obj
 0002:00000300       ??_C@_1BM@PILN@?$AAD?$AAi?$AAs?$AAa?$AAb?$AAl?$AAe?$AAP?$AAC?$AAB?$AAe?$AAe?$AAp?$AA?$AA@ 000146e0     common.obj
 0002:00000490       ??_7CAdapterCommon@@6BCUnknown@@@ 00014870     common.obj
 0002:000004a0       ??_7CAdapterCommon@@6BIAdapterPowerManagement@@@ 00014880     common.obj
 0002:000004b8       ??_7CAdapterCommon@@6BIAdapterCommon@@@ 00014898     common.obj
 0002:00000720       ??_C@_0L@MNPI@MICIN_MUTE?$AA@ 00014b00     mintopo.obj
 0002:0000072c       ??_C@_0N@HPEF@MICIN_VOLUME?$AA@ 00014b0c     mintopo.obj
 0002:0000073c       ??_C@_0BK@LPFK@MASTER_INPUT_VOLUME_PHONE?$AA@ 00014b1c     mintopo.obj
 0002:00000758       ??_C@_0CC@IDAP@MASTER_INPUT_VOLUME_TONE_MIX_MON@ 00014b38     mintopo.obj
 0002:0000077c       ??_C@_0BN@LLLE@MASTER_INPUT_VOLUME_TONE_MIX?$AA@ 00014b5c     mintopo.obj
 0002:0000079c       ??_C@_0BL@IFDB@MASTER_INPUT_VOLUME_LINEIN?$AA@ 00014b7c     mintopo.obj
 0002:000007b8       ??_C@_0BI@GMMI@MASTER_INPUT_VOLUME_AUX?$AA@ 00014b98     mintopo.obj
 0002:000007d0       ??_C@_0BK@LDGE@MASTER_INPUT_VOLUME_VIDEO?$AA@ 00014bb0     mintopo.obj
 0002:000007ec       ??_C@_0BH@OOJJ@MASTER_INPUT_VOLUME_CD?$AA@ 00014bcc     mintopo.obj
 0002:00000804       ??_C@_0BI@DDAB@MASTER_INPUT_VOLUME_MIC?$AA@ 00014be4     mintopo.obj
 0002:0000081c       ??_C@_0O@HHNI@WAVEIN_SELECT?$AA@ 00014bfc     mintopo.obj
 0002:0000082c       ??_C@_0BD@LLBD@MONOOUT_VOLUME_MIC?$AA@ 00014c0c     mintopo.obj
 0002:00000840       ??_C@_0BG@CHHG@MONOOUT_VOLUME_3D_MIX?$AA@ 00014c20     mintopo.obj
 0002:00000858       ??_C@_0P@KINE@MONOOUT_SELECT?$AA@ 00014c38     mintopo.obj
 0002:00000868       ??_C@_0L@BDJE@HPOUT_MUTE?$AA@ 00014c48     mintopo.obj
 0002:00000874       ??_C@_0N@JODA@HPOUT_VOLUME?$AA@ 00014c54     mintopo.obj
 0002:00000884       ??_C@_0M@JMNG@MASTER_MUTE?$AA@ 00014c64     mintopo.obj
 0002:00000890       ??_C@_0O@OBME@MASTER_VOLUME?$AA@ 00014c70     mintopo.obj
 0002:000008a0       ??_C@_0N@HGLG@SIMUL_STEREO?$AA@ 00014c80     mintopo.obj
 0002:000008b0       ??_C@_08DMEJ@LOUDNESS?$AA@ 00014c90     mintopo.obj
 0002:000008bc       ??_C@_06KII@TREBLE?$AA@    00014c9c     mintopo.obj
 0002:000008c4       ??_C@_04MBGH@BASS?$AA@     00014ca4     mintopo.obj
 0002:000008cc       ??_C@_08IFPB@BEEP_MIX?$AA@ 00014cac     mintopo.obj
 0002:000008d8       ??_C@_09CCLP@3D_ENABLE?$AA@ 00014cb8     mintopo.obj
 0002:000008e4       ??_C@_08JFFM@3D_DEPTH?$AA@ 00014cc4     mintopo.obj
 0002:000008f0       ??_C@_09PMGC@3D_CENTER?$AA@ 00014cd0     mintopo.obj
 0002:000008fc       ??_C@_08LODL@MAIN_MIX?$AA@ 00014cdc     mintopo.obj
 0002:00000908       ??_C@_08CBIP@AUX_MUTE?$AA@ 00014ce8     mintopo.obj
 0002:00000914       ??_C@_0L@LPJK@AUX_VOLUME?$AA@ 00014cf4     mintopo.obj
 0002:00000920       ??_C@_0L@HMBK@VIDEO_MUTE?$AA@ 00014d00     mintopo.obj
 0002:0000092c       ??_C@_0N@IEIG@VIDEO_VOLUME?$AA@ 00014d0c     mintopo.obj
 0002:0000093c       ??_C@_07MNKA@CD_MUTE?$AA@  00014d1c     mintopo.obj
 0002:00000944       ??_C@_09IKNP@CD_VOLUME?$AA@ 00014d24     mintopo.obj
 0002:00000950       ??_C@_0M@FAFP@LINEIN_MUTE?$AA@ 00014d30     mintopo.obj
 0002:0000095c       ??_C@_0O@OIGP@LINEIN_VOLUME?$AA@ 00014d3c     mintopo.obj
 0002:0000096c       ??_C@_08COAD@MIC_MUTE?$AA@ 00014d4c     mintopo.obj
 0002:00000978       ??_C@_0L@NKIM@MIC_VOLUME?$AA@ 00014d58     mintopo.obj
 0002:00000984       ??_C@_09NDLF@MIC_BOOST?$AA@ 00014d64     mintopo.obj
 0002:00000990       ??_C@_0L@LIOK@MIC_SELECT?$AA@ 00014d70     mintopo.obj
 0002:0000099c       ??_C@_0L@IGIK@PHONE_MUTE?$AA@ 00014d7c     mintopo.obj
 0002:000009a8       ??_C@_0N@GJJC@PHONE_VOLUME?$AA@ 00014d88     mintopo.obj
 0002:000009b8       ??_C@_0M@DICN@PCBEEP_MUTE?$AA@ 00014d98     mintopo.obj
 0002:000009c4       ??_C@_0O@BCLC@PCBEEP_VOLUME?$AA@ 00014da4     mintopo.obj
 0002:000009d4       ??_C@_0BC@ENGJ@WAVEOUT_3D_BYPASS?$AA@ 00014db4     mintopo.obj
 0002:000009e8       ??_C@_0N@LCCE@WAVEOUT_MUTE?$AA@ 00014dc8     mintopo.obj
 0002:000009f8       ??_C@_0P@NBBD@WAVEOUT_VOLUME?$AA@ 00014dd8     mintopo.obj
 0002:00000a08       ??_C@_07KGBD@INVALID?$AA@  00014de8     mintopo.obj
 0002:00000a10       ??_C@_0M@BCEI@TOP_ELEMENT?$AA@ 00014df0     mintopo.obj
 0002:00000a1c       ??_C@_0P@KCIC@PIN_MICIN_DEST?$AA@ 00014dfc     mintopo.obj
 0002:00000a2c       ??_C@_0BA@FOKF@PIN_WAVEIN_DEST?$AA@ 00014e0c     mintopo.obj
 0002:00000a3c       ??_C@_0BB@BPGH@PIN_MONOOUT_DEST?$AA@ 00014e1c     mintopo.obj
 0002:00000a50       ??_C@_0P@HMOO@PIN_HPOUT_DEST?$AA@ 00014e30     mintopo.obj
 0002:00000a60       ??_C@_0BD@IEEG@PIN_MASTEROUT_DEST?$AA@ 00014e40     mintopo.obj
 0002:00000a74       ??_C@_0BO@DBOE@PIN_VIRT_TONE_MIX_MONO_SOURCE?$AA@ 00014e54     mintopo.obj
 0002:00000a94       ??_C@_0BJ@EGI@PIN_VIRT_TONE_MIX_SOURCE?$AA@ 00014e74     mintopo.obj
 0002:00000ab0       ??_C@_0BM@KEBF@PIN_VIRT_3D_MIX_MONO_SOURCE?$AA@ 00014e90     mintopo.obj
 0002:00000acc       ??_C@_0BJ@BJBE@PIN_VIRT_3D_DEPTH_SOURCE?$AA@ 00014eac     mintopo.obj
 0002:00000ae8       ??_C@_0BK@GFAI@PIN_VIRT_3D_CENTER_SOURCE?$AA@ 00014ec8     mintopo.obj
 0002:00000b04       ??_C@_0P@HJPD@PIN_AUX_SOURCE?$AA@ 00014ee4     mintopo.obj
 0002:00000b14       ??_C@_0BB@NFEG@PIN_VIDEO_SOURCE?$AA@ 00014ef4     mintopo.obj
 0002:00000b28       ??_C@_0O@PCK@PIN_CD_SOURCE?$AA@ 00014f08     mintopo.obj
 0002:00000b38       ??_C@_0BC@FINC@PIN_LINEIN_SOURCE?$AA@ 00014f18     mintopo.obj
 0002:00000b4c       ??_C@_0P@BMOF@PIN_MIC_SOURCE?$AA@ 00014f2c     mintopo.obj
 0002:00000b5c       ??_C@_0BB@DIFC@PIN_PHONE_SOURCE?$AA@ 00014f3c     mintopo.obj
 0002:00000b70       ??_C@_0BC@KCAP@PIN_PCBEEP_SOURCE?$AA@ 00014f50     mintopo.obj
 0002:00000b84       ??_C@_0BD@CLEP@PIN_WAVEOUT_SOURCE?$AA@ 00014f64     mintopo.obj
 0002:00000b98       ??_7CMiniportTopologyICH@@6BCUnknown@@@ 00014f78     mintopo.obj
 0002:00000ba8       ??_7CMiniportTopologyICH@@6BIMiniportTopologyICH@@@ 00014f88     mintopo.obj
 0002:00000bc4       ??_C@_01BJG@?6?$AA@        00014fa4     mintopo.obj
 0002:00000bc8       ??_C@_0BE@KCEH@Invalid?5node?5nr?5?$CFu?4?$AA@ 00014fa8     mintopo.obj
 0002:00000bdc       ??_C@_0BD@KPMP@Invalid?5pin?5nr?5?$CFu?4?$AA@ 00014fbc     mintopo.obj
 0002:00000bf0       ??_C@_0BF@EHCG@Invalid?5TopoNode?5?$CFu?4?$AA@ 00014fd0     mintopo.obj
 0002:00000c08       ??_C@_0BE@NDKF@Invalid?5TopoPin?5?$CFu?4?$AA@ 00014fe8     mintopo.obj
 0002:00000c48       ??_7CMiniportWaveICH@@6BCUnknown@@@ 00015028     minwave.obj
 0002:00000c58       ??_7CMiniportWaveICH@@6BIPowerNotify@@@ 00015038     minwave.obj
 0002:00000c68       ??_7CMiniportWaveICH@@6BIMiniportWavePci@@@ 00015048     minwave.obj
 0002:00000d48       ??_7CMiniportWaveICHStream@@6BCUnknown@@@ 00015128     ichwave.obj
 0002:00000d58       ??_7CMiniportWaveICHStream@@6BIMiniportWavePciStream@@@ 00015138     ichwave.obj
 0002:00000d84       ??_C@_0BJ@FPNP@freeCommonBuffer?5?$CB?$DN?5NULL?$AA@ 00015164     ichwave.obj
 0002:00000da0       ??_C@_0BD@KHPO@c?3?2NTDDK?2inc?2wdm?4h?$AA@ 00015180     ichwave.obj
 0002:00000db4       ??_7CUnknown@@6B@          00015194     stdunk:stdunk.obj
 0002:00000dc4       ??_C@_0BB@CHNF@m_lRefCount?5?$DO?$DN?50?$AA@ 000151a4     stdunk:stdunk.obj
 0002:00000dd8       ??_C@_0N@DIKJ@?4?2stdunk?4cpp?$AA@ 000151b8     stdunk:stdunk.obj
 0002:00000de8       ??_C@_0BA@HPDB@m_lRefCount?5?$DO?50?$AA@ 000151c8     stdunk:stdunk.obj
 0002:00000df8       ??_C@_06DPDC@ppVoid?$AA@   000151d8     stdunk:stdunk.obj
 0003:00000010       ?ulDebugOut@@3KA           000151f0     adapter.obj
 0003:00000028       ?m_stHardwareConfig@CAdapterCommon@@0UtHardwareConfig@@A 00015208     common.obj
 0003:000000bc       ?audBufSize@@3KA           0001529c     common.obj
 0003:000000c0       ?BdlSize@@3KA              000152a0     common.obj
 0003:00000258       __GUID_45ffaaa0_6e1b_11d0_bcf2_444553540000 00015438     mintopo.obj
 0003:00000268       __GUID_f9b41dc3_96e2_11d2_ac4c_00c04f8efb68 00015448     mintopo.obj
 0003:00000278       __GUID_dff21ce2_f70f_11d0_b917_00a0c9223196 00015458     mintopo.obj
 0003:00000288       __GUID_185fedf7_9905_11d1_95a9_00c04fb925d3 00015468     mintopo.obj
 0003:00000298       __GUID_63ff5747_991f_11d2_ac4d_00c04f8efb68 00015478     mintopo.obj
 0003:000002a8       __GUID_9f0670b4_991f_11d2_ac4d_00c04f8efb68 00015488     mintopo.obj
 0003:000002b8       __GUID_00dff078_96e3_11d2_ac4c_00c04f8efb68 00015498     mintopo.obj
 0003:000002c8       __GUID_00dff077_96e3_11d2_ac4c_00c04f8efb68 000154a8     mintopo.obj
 0003:000002d8       __GUID_185fedfe_9905_11d1_95a9_00c04fb925d3 000154b8     mintopo.obj
 0003:000002e8       __GUID_915daec4_a434_11d2_ac52_00c04f8efb68 000154c8     mintopo.obj
 0003:000002f8       __GUID_dff21fe1_f70f_11d0_b917_00a0c9223196 000154d8     mintopo.obj
 0003:00000308       __GUID_dff220e3_f70f_11d0_b917_00a0c9223196 000154e8     mintopo.obj
 0003:00000318       __GUID_185fedf9_9905_11d1_95a9_00c04fb925d3 000154f8     mintopo.obj
 0003:00000328       __GUID_dff21fe3_f70f_11d0_b917_00a0c9223196 00015508     mintopo.obj
 0003:00000338       __GUID_dff21be1_f70f_11d0_b917_00a0c9223196 00015518     mintopo.obj
 0003:00000348       __GUID_dff21ee1_f70f_11d0_b917_00a0c9223196 00015528     mintopo.obj
 0003:00000358       __GUID_185fedff_9905_11d1_95a9_00c04fb925d3 00015538     mintopo.obj
 0003:00000368       __GUID_dff21ce1_f70f_11d0_b917_00a0c9223196 00015548     mintopo.obj
 0003:00000378       __GUID_6994ad04_93ef_11d0_a3cc_00a0c9223196 00015558     mintopo.obj
 0003:00000388       __GUID_0a8c1aa9_42b0_11d2_95d2_00c04fb925d3 00015568     mintopo.obj
 0003:00000398       __GUID_0a8c1ab3_42b0_11d2_95d2_00c04fb925d3 00015578     mintopo.obj
 0003:000003a8       __GUID_0a8c1ab2_42b0_11d2_95d2_00c04fb925d3 00015588     mintopo.obj
 0003:000003b8       __GUID_0a8c1aaf_42b0_11d2_95d2_00c04fb925d3 00015598     mintopo.obj
 0003:000003c8       __GUID_22b0eafe_96e3_11d2_ac4c_00c04f8efb68 000155a8     mintopo.obj
 0003:000003d8       __GUID_1ad247ed_96e3_11d2_ac4c_00c04f8efb68 000155b8     mintopo.obj
 0003:000003e8       __GUID_0a8c1aae_42b0_11d2_95d2_00c04fb925d3 000155c8     mintopo.obj
 0003:000003f8       __GUID_2ceaf780_c556_11d0_8a2b_00a0c9255ac1 000155d8     mintopo.obj
 0003:00000408       __GUID_0a8c1aa6_42b0_11d2_95d2_00c04fb925d3 000155e8     mintopo.obj
 0003:00000418       __GUID_0a8c1aa5_42b0_11d2_95d2_00c04fb925d3 000155f8     mintopo.obj
 0003:00000428       __GUID_185fede4_9905_11d1_95a9_00c04fb925d3 00015608     mintopo.obj
 0003:00000438       __GUID_185fede3_9905_11d1_95a9_00c04fb925d3 00015618     mintopo.obj
 0003:00000448       __GUID_b3ad50b5_3849_4983_add7_25e6268f912d 00015628     mintopo.obj
 0003:00000458       __GUID_185fede1_9905_11d1_95a9_00c04fb925d3 00015638     mintopo.obj
 0003:00000468       __GUID_185fede0_9905_11d1_95a9_00c04fb925d3 00015648     mintopo.obj
 0003:00000478       __GUID_7607e580_c557_11d0_8a2b_00a0c9255ac1 00015658     mintopo.obj
 0003:00000488       __GUID_0a8c1a9f_42b0_11d2_95d2_00c04fb925d3 00015668     mintopo.obj
 0003:00000498       __GUID_0a8c1a9e_42b0_11d2_95d2_00c04fb925d3 00015678     mintopo.obj
 0003:000004a8       __GUID_766db5a4_6e94_11d2_9ade_00c04f8efb68 00015688     mintopo.obj
 0003:000004b8       __GUID_0a8c1a9b_42b0_11d2_95d2_00c04fb925d3 00015698     mintopo.obj
 0003:000004c8       __GUID_da441a60_c556_11d0_8a2b_00a0c9255ac1 000156a8     mintopo.obj
 0003:000004d8       __GUID_185fedfd_9905_11d1_95a9_00c04fb925d3 000156b8     mintopo.obj
 0003:000004e8       __GUID_185fedfc_9905_11d1_95a9_00c04fb925d3 000156c8     mintopo.obj
 0003:000004f8       __GUID_9b46e709_992a_11d2_ac4d_00c04f8efb68 000156d8     mintopo.obj
 0003:00000508       __GUID_9b46e708_992a_11d2_ac4d_00c04f8efb68 000156e8     mintopo.obj
 0003:00000518       __GUID_185fedea_9905_11d1_95a9_00c04fb925d3 000156f8     mintopo.obj
 0003:00000528       __GUID_185fede9_9905_11d1_95a9_00c04fb925d3 00015708     mintopo.obj
 0003:00000538       __GUID_0a8c1a91_42b0_11d2_95d2_00c04fb925d3 00015718     mintopo.obj
 0003:00000548       __GUID_185fedf4_9905_11d1_95a9_00c04fb925d3 00015728     mintopo.obj
 0003:00000558       __GUID_185fedee_9905_11d1_95a9_00c04fb925d3 00015738     mintopo.obj
 0003:00000568       __GUID_185feded_9905_11d1_95a9_00c04fb925d3 00015748     mintopo.obj
 0003:00000578       __GUID_2bc31d6a_96e3_11d2_ac4c_00c04f8efb68 00015758     mintopo.obj
 0003:00000588       __GUID_e88c9ba0_c557_11d0_8a2b_00a0c9255ac1 00015768     mintopo.obj
 0003:00000598       __GUID_2bc31d6b_96e3_11d2_ac4c_00c04f8efb68 00015778     mintopo.obj
 0003:000005a8       __GUID_41887440_c558_11d0_8a2b_00a0c9255ac1 00015788     mintopo.obj
 0003:000005b8       __GUID_0a8c1a88_42b0_11d2_95d2_00c04fb925d3 00015798     mintopo.obj
 0003:000005c8       __GUID_0a8c1a87_42b0_11d2_95d2_00c04fb925d3 000157a8     mintopo.obj
 0003:000005d8       __GUID_185fedf1_9905_11d1_95a9_00c04fb925d3 000157b8     mintopo.obj
 0003:000005e8       __GUID_185fedf0_9905_11d1_95a9_00c04fb925d3 000157c8     mintopo.obj
 0003:000005f8       __GUID_185fede6_9905_11d1_95a9_00c04fb925d3 000157d8     mintopo.obj
 0003:00000608       __GUID_02b223c0_c557_11d0_8a2b_00a0c9255ac1 000157e8     mintopo.obj
 0003:00000618       __GUID_185fede5_9905_11d1_95a9_00c04fb925d3 000157f8     mintopo.obj
 0003:00000628       __GUID_3a5acc00_c557_11d0_8a2b_00a0c9255ac1 00015808     mintopo.obj
 0003:000008d0       __GUID_4d837fe0_c555_11d0_8a2b_00a0c9255ac1 00015ab0     minwave.obj
 0003:000008e0       __GUID_507ae360_c554_11d0_8a2b_00a0c9255ac1 00015ac0     minwave.obj
 0003:000008f0       __GUID_185fedfa_9905_11d1_95a9_00c04fb925d3 00015ad0     minwave.obj
 0003:00000900       __GUID_fb6c4281_0353_11d1_905f_0000c0cc16ba 00015ae0     minwave.obj
 0003:00000910       __GUID_05589f81_c356_11ce_bf01_00aa0055595a 00015af0     minwave.obj
 0003:00000920       __GUID_00000001_0000_0010_8000_00aa00389b71 00015b00     minwave.obj
 0003:00000930       __GUID_73647561_0000_0010_8000_00aa00389b71 00015b10     minwave.obj
 0003:00000950       __GUID_97e99ba0_bdea_11cf_a5d6_28db04c10000 00015b30     prophnd.obj
 0003:00000970       __GUID_00000000_0000_0000_0000_000000000000 00015b50     adapter.obj
 0004:00000056       ?InstallSubdevice@@YGJPAU_DEVICE_OBJECT@@PAU_IRP@@PAGABU_GUID@@3P6GJPAPAUIUnknown@@3PAU4@W4_POOL_TYPE@@@Z5PAUIResourceList@@3PAPAUIMiniport@@4@Z 00016236 f   adapter.obj
 0004:00000286       ?ValidateResources@@YGJPAUIResourceList@@@Z 00016466 f   adapter.obj
 0004:000005e2       ?StartDevice@@YGJPAU_DEVICE_OBJECT@@PAU_IRP@@PAUIResourceList@@@Z 000167c2 f   adapter.obj
 0004:00000b8e       _AddDevice@8               00016d6e f   adapter.obj
 0004:00000c82       _DriverEntry@8             00016e62 f   adapter.obj
 0004:00000d8e       ?NewAdapterCommon@@YGJPAPAUIUnknown@@ABU_GUID@@PAU1@W4_POOL_TYPE@@@Z 00016f6e f   common.obj
 0004:000013da       ?Init@CAdapterCommon@@UAGJPAUIResourceList@@PAU_DEVICE_OBJECT@@@Z 000175ba f   common.obj
 0004:000022c2       ??1CAdapterCommon@@UAE@XZ  000184a2 f   common.obj
 0004:000026ca       ?NonDelegatingQueryInterface@CAdapterCommon@@UAGJABU_GUID@@PAPAX@Z 000188aa f   common.obj
 0004:00002ac6       ?InitHDA@CAdapterCommon@@AAEJXZ 00018ca6 f   common.obj
 0004:0000349a       ?InitializeCodec@CAdapterCommon@@AAEJE@Z 0001967a f   common.obj
 0004:00003a3f       ?hda_initialize_audio_function_group@CAdapterCommon@@QAGXKK@Z 00019c1f f   common.obj
 0004:00004330       ?hda_get_node_type@CAdapterCommon@@QAGEKK@Z 0001a510 f   common.obj
 0004:00004360       ?hda_get_node_connection_entry@CAdapterCommon@@QAGKKKK@Z 0001a540 f   common.obj
 0004:00004420       ?hda_set_node_gain@CAdapterCommon@@QAGXKKKKK@Z 0001a600 f   common.obj
 0004:000044c0       ?hda_disable_pin_output@CAdapterCommon@@QAGXKK@Z 0001a6a0 f   common.obj
 0004:00004500       ?hda_is_headphone_connected@CAdapterCommon@@QAGHXZ 0001a6e0 f   common.obj
 0004:000045e6       ?hda_initialize_output_pin@CAdapterCommon@@QAGXK@Z 0001a7c6 f   common.obj
 0004:00004956       ?hda_initalize_audio_output@CAdapterCommon@@QAGXK@Z 0001ab36 f   common.obj
 0004:00004ca6       ?hda_initalize_audio_mixer@CAdapterCommon@@QAGXK@Z 0001ae86 f   common.obj
 0004:00004f0e       ?hda_initalize_audio_selector@CAdapterCommon@@QAGXK@Z 0001b0ee f   common.obj
 0004:00005150       ?hda_is_supported_sample_rate@CAdapterCommon@@QAGEK@Z 0001b330 f   common.obj
 0004:00005272       ?ProbeHWConfig@CAdapterCommon@@AAEJXZ 0001b452 f   common.obj
 0004:00005586       ?ReadCodecRegister@CAdapterCommon@@UAGJW4AC97Register@@PAG@Z 0001b766 f   common.obj
 0004:000056ea       ?WriteCodecRegister@CAdapterCommon@@UAGJW4AC97Register@@GG@Z 0001b8ca f   common.obj
 0004:00005812       ?PowerUpCodec@CAdapterCommon@@AAEJXZ 0001b9f2 f   common.obj
 0004:0000597a       ?ProgramSampleRate@CAdapterCommon@@UAGJW4AC97Register@@K@Z 0001bb5a f   common.obj
 0004:00005ca2       ?PowerChangeState@CAdapterCommon@@UAGXT_POWER_STATE@@@Z 0001be82 f   common.obj
 0004:0000609a       ?QueryPowerChangeState@CAdapterCommon@@UAGJT_POWER_STATE@@@Z 0001c27a f   common.obj
 0004:000061ee       ?QueryDeviceCapabilities@CAdapterCommon@@UAGJPAU_DEVICE_CAPABILITIES@@@Z 0001c3ce f   common.obj
 0004:000062ea       ?RestoreCodecRegisters@CAdapterCommon@@UAGJXZ 0001c4ca f   common.obj
 0004:000063e8       ?CreateMiniportTopologyICH@@YGJPAPAUIUnknown@@ABU_GUID@@PAU1@W4_POOL_TYPE@@@Z 0001c5c8 f   mintopo.obj
 0004:0000655e       ?NonDelegatingQueryInterface@CMiniportTopologyICH@@UAGJABU_GUID@@PAPAX@Z 0001c73e f   mintopo.obj
 0004:00006712       ??1CMiniportTopologyICH@@UAE@XZ 0001c8f2 f   mintopo.obj
 0004:000068a0       ?DataRangeIntersection@CMiniportTopologyICH@@UAGJKPATKSDATAFORMAT@@0KPAXPAK@Z 0001ca80 f   mintopo.obj
 0004:0000694a       ?Init@CMiniportTopologyICH@@UAGJPAUIUnknown@@PAUIResourceList@@PAUIPortTopology@@@Z 0001cb2a f   mintopo.obj
 0004:00006b9e       ?GetDescription@CMiniportTopologyICH@@UAGJPAPAUPCFILTER_DESCRIPTOR@@@Z 0001cd7e f   mintopo.obj
 0004:00006d46       ?DumpTopology@CMiniportTopologyICH@@AAEXXZ 0001cf26 f   mintopo.obj
 0004:0000705a       ?BuildTopology@CMiniportTopologyICH@@AAEJXZ 0001d23a f   mintopo.obj
 0004:000071ce       ?BuildPinDescriptors@CMiniportTopologyICH@@AAEJXZ 0001d3ae f   mintopo.obj
 0004:00007962       ?BuildNodeDescriptors@CMiniportTopologyICH@@AAEJXZ 0001db42 f   mintopo.obj
 0004:00008a66       ?BuildConnectionDescriptors@CMiniportTopologyICH@@AAEJXZ 0001ec46 f   mintopo.obj
 0004:0000a35e       ?GetPhysicalConnectionPins@CMiniportTopologyICH@@UAGJPAK00@Z 0002053e f   mintopo.obj
 0004:0000a502       ?CreateMiniportWaveICH@@YGJPAPAUIUnknown@@ABU_GUID@@PAU1@W4_POOL_TYPE@@@Z 000206e2 f   minwave.obj
 0004:0000a69a       ?NonDelegatingQueryInterface@CMiniportWaveICH@@UAGJABU_GUID@@PAPAX@Z 0002087a f   minwave.obj
 0004:0000a86a       ??1CMiniportWaveICH@@UAE@XZ 00020a4a f   minwave.obj
 0004:0000aa86       ?Init@CMiniportWaveICH@@UAGJPAUIUnknown@@PAUIResourceList@@PAUIPortWavePci@@PAPAUIServiceGroup@@@Z 00020c66 f   minwave.obj
 0004:0000ad86       ?ProcessResources@CMiniportWaveICH@@AAEJPAUIResourceList@@@Z 00020f66 f   minwave.obj
 0004:0000b0b2       ?BuildDataRangeInformation@CMiniportWaveICH@@AAEJXZ 00021292 f   minwave.obj
 0004:0000b812       ?NewStream@CMiniportWaveICH@@UAGJPAPAUIMiniportWavePciStream@@PAUIUnknown@@W4_POOL_TYPE@@PAUIPortWavePciStream@@KEPATKSDATAFORMAT@@PAPAUIDmaChannel@@PAPAUIServiceGroup@@@Z 000219f2 f   minwave.obj
 0004:0000bbaa       ?GetDescription@CMiniportWaveICH@@UAGJPAPAUPCFILTER_DESCRIPTOR@@@Z 00021d8a f   minwave.obj
 0004:0000bcce       ?DataRangeIntersection@CMiniportWaveICH@@UAGJKPATKSDATAFORMAT@@0KPAXPAK@Z 00021eae f   minwave.obj
 0004:0000bf22       ?TestDataFormat@CMiniportWaveICH@@AAEJPATKSDATAFORMAT@@W4WavePins@@@Z 00022102 f   minwave.obj
 0004:0000c336       ?PowerChangeNotify@CMiniportWaveICH@@UAGXT_POWER_STATE@@@Z 00022516 f   minwave.obj
 0004:0000c622       ?GetDBValues@CMiniportTopologyICH@@SGJPAUIAdapterCommon@@W4TopoNodes@@PAJ2PAK@Z 00022802 f   prophnd.obj
 0004:0000ca06       ?PropertyHandler_OnOff@CMiniportTopologyICH@@SGJPAU_PCPROPERTY_REQUEST@@@Z 00022be6 f   prophnd.obj
 0004:0000cf0a       ?BasicSupportHandler@CMiniportTopologyICH@@SGJPAU_PCPROPERTY_REQUEST@@@Z 000230ea f   prophnd.obj
 0004:0000d2b2       ?PropertyHandler_Level@CMiniportTopologyICH@@SGJPAU_PCPROPERTY_REQUEST@@@Z 00023492 f   prophnd.obj
 0004:0000de76       ?PropertyHandler_Tone@CMiniportTopologyICH@@SGJPAU_PCPROPERTY_REQUEST@@@Z 00024056 f   prophnd.obj
 0004:0000e4e6       ?PropertyHandler_Ulong@CMiniportTopologyICH@@SGJPAU_PCPROPERTY_REQUEST@@@Z 000246c6 f   prophnd.obj
 0004:0000ebb1       ?PropertyHandler_CpuResources@CMiniportTopologyICH@@SGJPAU_PCPROPERTY_REQUEST@@@Z 00024d91 f   prophnd.obj
 0004:0000ed52       ?CreateMiniportWaveICHStream@@YGJPAPAVCMiniportWaveICHStream@@PAUIUnknown@@W4_POOL_TYPE@@@Z 00024f32 f   ichwave.obj
 0004:0000eeea       ??1CMiniportWaveICHStream@@UAE@XZ 000250ca f   ichwave.obj
 0004:0000f296       ?Init@CMiniportWaveICHStream@@QAEJPAVCMiniportWaveICH@@PAUIPortWavePciStream@@KEPATKSDATAFORMAT@@PAPAUIServiceGroup@@@Z 00025476 f   ichwave.obj
 0004:0000f6f2       ?NonDelegatingQueryInterface@CMiniportWaveICHStream@@UAGJABU_GUID@@PAPAX@Z 000258d2 f   ichwave.obj
 0004:0000f892       ?GetAllocatorFraming@CMiniportWaveICHStream@@UAGJPAUKSALLOCATOR_FRAMING@@@Z 00025a72 f   ichwave.obj
 0004:0000f9ee       ?SetFormat@CMiniportWaveICHStream@@UAGJPATKSDATAFORMAT@@@Z 00025bce f   ichwave.obj
 0005:00000000       __IMPORT_DESCRIPTOR_ntoskrnl 00025d60     ntoskrnl:ntoskrnl.exe
 0005:00000014       __IMPORT_DESCRIPTOR_HAL    00025d74     hal:HAL.dll
 0005:00000028       __IMPORT_DESCRIPTOR_portcls 00025d88     portcls:portcls.sys
 0005:0000003c       __NULL_IMPORT_DESCRIPTOR   00025d9c     ntoskrnl:ntoskrnl.exe

 entry point at        0004:00000c82

 Static symbols


 384 bytes saved through ICF

