 WDMHDA

 Timestamp is 687eb2f4 (Mon Jul 21 14:36:52 2025)

 Preferred load address is 00010000

 Start         Length     Name                   Class
 0001:00000000 00003a77H .text                   CODE
 0002:00000000 000000b0H .idata$5                DATA
 0002:000000b0 000011cfH .rdata                  DATA
 0003:00000000 00000c65H .data                   DATA
 0003:00000c68 00000690H .bss                    DATA
 0004:00000000 0000fd94H PAGE                    CODE
 0005:00000000 0000003cH .idata$2                CODE
 0005:0000003c 00000014H .idata$3                CODE
 0005:00000050 000000b0H .idata$4                CODE
 0005:00000100 00000386H .idata$6                CODE
 0006:00000000 00000058H .rsrc$01                DATA
 0006:00000060 00000358H .rsrc$02                DATA

  Address         Publics by Value              Rva+Base     Lib:Object

 0001:00000000       ??3@YAXPAX@Z               000102e0 f i adapter.obj
 0001:00000010       ??2@YGPAXIW4_POOL_TYPE@@K@Z 000102f0 f i common.obj
 0001:00000050       ??0CAdapterCommon@@QAE@PAUIUnknown@@@Z 00010330 f i common.obj
 0001:000000a0       ?QueryInterface@CAdapterCommon@@UAGJABU_GUID@@PAPAX@Z 00010380 f i common.obj
 0001:000000a0       ?QueryInterface@CMiniportWaveICH@@UAGJABU_GUID@@PAPAX@Z 00010380 f i common.obj
 0001:000000d0       ?GetOuterUnknown@CUnknown@@QAEPAUIUnknown@@XZ 000103b0 f i common.obj
 0001:000000f0       ?Release@CMiniportWaveICH@@UAGKXZ 000103d0 f i common.obj
 0001:000000f0       ?Release@CAdapterCommon@@UAGKXZ 000103d0 f i common.obj
 0001:00000120       ?GetPinConfig@CAdapterCommon@@UAGHW4TopoPinConfig@@@Z 00010400 f i common.obj
 0001:00000140       ?SetPinConfig@CAdapterCommon@@UAGXW4TopoPinConfig@@H@Z 00010420 f i common.obj
 0001:00000160       ?GetNodeConfig@CAdapterCommon@@UAGHW4TopoNodeConfig@@@Z 00010440 f i common.obj
 0001:00000180       ?SetNodeConfig@CAdapterCommon@@UAGXW4TopoNodeConfig@@H@Z 00010460 f i common.obj
 0001:000001a0       ?GetNodeReg@CAdapterCommon@@UAG?AW4AC97Register@@W4TopoNodes@@@Z 00010480 f i common.obj
 0001:000001c0       ?GetNodeMask@CAdapterCommon@@UAGGW4TopoNodes@@@Z 000104a0 f i common.obj
 0001:000001e0       ??_GCAdapterCommon@@UAEPAXI@Z 000104c0 f i common.obj
 0001:000001e0       ??_ECAdapterCommon@@UAEPAXI@Z 000104c0 f i common.obj
 0001:00000220       ??0IUnknown@@QAE@XZ        00010500 f i common.obj
 0001:00000220       ??0INonDelegatingUnknown@@QAE@XZ 00010500 f i common.obj
 0001:00000230       _IsEqualGUIDAligned@8      00010510 f i common.obj
 0001:0000031a       ?hda_send_verb@CAdapterCommon@@QAGKKKKK@Z 000105fa f   common.obj
 0001:0000057a       ?WriteBMControlRegister@CAdapterCommon@@UAGXKE@Z 0001085a f   common.obj
 0001:00000686       ?WriteBMControlRegister@CAdapterCommon@@UAGXKG@Z 00010966 f   common.obj
 0001:0000079a       ?WriteBMControlRegister@CAdapterCommon@@UAGXKK@Z 00010a7a f   common.obj
 0001:000008a2       ?ReadBMControlRegister8@CAdapterCommon@@UAGEK@Z 00010b82 f   common.obj
 0001:000009ae       ?ReadBMControlRegister16@CAdapterCommon@@UAGGK@Z 00010c8e f   common.obj
 0001:00000abe       ?ReadBMControlRegister32@CAdapterCommon@@UAGKK@Z 00010d9e f   common.obj
 0001:00000b70       ?readUCHAR@CAdapterCommon@@QAGEG@Z 00010e50 f   common.obj
 0001:00000b90       ?writeUCHAR@CAdapterCommon@@QAGXGE@Z 00010e70 f   common.obj
 0001:00000bc0       ?readUSHORT@CAdapterCommon@@QAGGG@Z 00010ea0 f   common.obj
 0001:00000be0       ?writeUSHORT@CAdapterCommon@@QAGXGG@Z 00010ec0 f   common.obj
 0001:00000c10       ?writeULONG@CAdapterCommon@@QAGXGK@Z 00010ef0 f   common.obj
 0001:00000c40       ?QueryInterface@CAdapterCommon@@W3AGJABU_GUID@@PAPAX@Z 00010f20 f i common.obj
 0001:00000c40       ?QueryInterface@CMiniportWaveICH@@W3AGJABU_GUID@@PAPAX@Z 00010f20 f i common.obj
 0001:00000c50       ??0CMiniportTopologyICH@@QAE@PAUIUnknown@@@Z 00010f30 f i mintopo.obj
 0001:00000c90       ?AddRef@CMiniportTopologyICH@@UAGKXZ 00010f70 f i mintopo.obj
 0001:00000c90       ?AddRef@CMiniportWaveICHStream@@UAGKXZ 00010f70 f i mintopo.obj
 0001:00000cc0       ??_GCMiniportTopologyICH@@UAEPAXI@Z 00010fa0 f i mintopo.obj
 0001:00000cc0       ??_ECMiniportTopologyICH@@UAEPAXI@Z 00010fa0 f i mintopo.obj
 0001:00000d00       ??0IMiniportTopologyICH@@QAE@XZ 00010fe0 f i mintopo.obj
 0001:00000d20       ??0IMiniportWavePciStream@@QAE@XZ 00011000 f i mintopo.obj
 0001:00000d20       ??0IAdapterCommon@@QAE@XZ  00011000 f i mintopo.obj
 0001:00000d20       ??0IPowerNotify@@QAE@XZ    00011000 f i mintopo.obj
 0001:00000d20       ??0IMiniport@@QAE@XZ       00011000 f i mintopo.obj
 0001:00000d20       ??0IAdapterPowerManagement@@QAE@XZ 00011000 f i mintopo.obj
 0001:00000d40       ?TransNodeNrToNodeDef@CMiniportTopologyICH@@AAE?AW4TopoNodes@@H@Z 00011020 f i mintopo.obj
 0001:00000da0       ?TransPinNrToPinDef@CMiniportTopologyICH@@AAE?AW4TopoPins@@H@Z 00011080 f i mintopo.obj
 0001:00000e00       ?SetPinTranslation@CMiniportTopologyICH@@AAEXHW4TopoPins@@@Z 000110e0 f i mintopo.obj
 0001:00000e30       ?SetNodeTranslation@CMiniportTopologyICH@@AAEXHW4TopoNodes@@@Z 00011110 f i mintopo.obj
 0001:00000e60       ?TransNodeDefToNodeNr@CMiniportTopologyICH@@AAEHW4TopoNodes@@@Z 00011140 f i mintopo.obj
 0001:00000ec0       ?TransPinDefToPinNr@CMiniportTopologyICH@@AAEHW4TopoPins@@@Z 000111a0 f i mintopo.obj
 0001:00000f20       ??0CMiniportWaveICH@@QAE@PAUIUnknown@@@Z 00011200 f i minwave.obj
 0001:00000f70       ?AddRef@CMiniportWaveICH@@UAGKXZ 00011250 f i minwave.obj
 0001:00000f70       ?AddRef@CAdapterCommon@@UAGKXZ 00011250 f i minwave.obj
 0001:00000fa0       ??_GCMiniportWaveICH@@UAEPAXI@Z 00011280 f i minwave.obj
 0001:00000fa0       ??_ECMiniportWaveICH@@UAEPAXI@Z 00011280 f i minwave.obj
 0001:00000fe0       ??0IMiniportTopology@@QAE@XZ 000112c0 f i minwave.obj
 0001:00000fe0       ??0IMiniportWavePci@@QAE@XZ 000112c0 f i minwave.obj
 0001:00001000       ?Service@CMiniportWaveICH@@UAGXXZ 000112e0 f   minwave.obj
 0001:000010e6       ?InterruptServiceRoutine@CMiniportWaveICH@@SGJPAUIInterruptSync@@PAX@Z 000113c6 f   minwave.obj
 0001:000013b0       ?AddRef@CAdapterCommon@@W3AGKXZ 00011690 f i minwave.obj
 0001:000013b0       ?AddRef@CMiniportWaveICH@@W3AGKXZ 00011690 f i minwave.obj
 0001:000013c0       ?Release@CMiniportWaveICH@@W3AGKXZ 000116a0 f i minwave.obj
 0001:000013c0       ?Release@CAdapterCommon@@W3AGKXZ 000116a0 f i minwave.obj
 0001:000013d0       ??0CMiniportWaveICHStream@@QAE@PAUIUnknown@@@Z 000116b0 f i ichwave.obj
 0001:00001410       ?QueryInterface@CMiniportWaveICHStream@@UAGJABU_GUID@@PAPAX@Z 000116f0 f i ichwave.obj
 0001:00001410       ?QueryInterface@CMiniportTopologyICH@@UAGJABU_GUID@@PAPAX@Z 000116f0 f i ichwave.obj
 0001:00001440       ?Release@CMiniportTopologyICH@@UAGKXZ 00011720 f i ichwave.obj
 0001:00001440       ?Release@CMiniportWaveICHStream@@UAGKXZ 00011720 f i ichwave.obj
 0001:00001470       ??_GCMiniportWaveICHStream@@UAEPAXI@Z 00011750 f i ichwave.obj
 0001:00001470       ??_ECMiniportWaveICHStream@@UAEPAXI@Z 00011750 f i ichwave.obj
 0001:000014b0       _HalFreeCommonBuffer@24    00011790 f i ichwave.obj
 0001:00001500       _HalAllocateCommonBuffer@16 000117e0 f i ichwave.obj
 0001:000015ee       ?PowerChangeNotify@CMiniportWaveICHStream@@QAEJT_POWER_STATE@@@Z 000118ce f   ichwave.obj
 0001:000018be       ?MoveBDList@CMiniportWaveICHStream@@AAEXHHH@Z 00011b9e f   ichwave.obj
 0001:00001c0a       ?CheckBDList@CMiniportWaveICHStream@@AAEXXZ 00011eea f   ichwave.obj
 0001:0000207a       ?Service@CMiniportWaveICHStream@@UAGXXZ 0001235a f   ichwave.obj
 0001:000020fe       ?NormalizePhysicalPosition@CMiniportWaveICHStream@@UAGJPA_J@Z 000123de f   ichwave.obj
 0001:000021a9       ?GetPosition@CMiniportWaveICHStream@@UAGJPA_K@Z 00012489 f   ichwave.obj
 0001:0000246e       ?RevokeMappings@CMiniportWaveICHStream@@UAGJPAX0PAK@Z 0001274e f   ichwave.obj
 0001:00002a16       ?MappingAvailable@CMiniportWaveICHStream@@UAGXXZ 00012cf6 f   ichwave.obj
 0001:00002b76       ?GetNewMappings@CMiniportWaveICHStream@@AAEJXZ 00012e56 f   ichwave.obj
 0001:00002fbe       ?ReleaseUsedMappings@CMiniportWaveICHStream@@AAEJXZ 0001329e f   ichwave.obj
 0001:0000334a       ?SetState@CMiniportWaveICHStream@@UAGJW4KSSTATE@@@Z 0001362a f   ichwave.obj
 0001:00003526       ?ResetDMA@CMiniportWaveICHStream@@AAEJXZ 00013806 f   ichwave.obj
 0001:000036fe       ?PauseDMA@CMiniportWaveICHStream@@AAEJXZ 000139de f   ichwave.obj
 0001:000037be       ?ResumeDMA@CMiniportWaveICHStream@@AAEJXZ 00013a9e f   ichwave.obj
 0001:0000385c       _DbgPrint                  00013b3c f   ntoskrnl:ntoskrnl.exe
 0001:00003862       __alldiv                   00013b42 f   ntoskrnl:ntoskrnl.exe
 0001:00003868       __allmul                   00013b48 f   ntoskrnl:ntoskrnl.exe
 0001:0000386e       _PcRegisterSubdevice@12    00013b4e f   portcls:portcls.sys
 0001:00003874       _PcNewMiniport@8           00013b54 f   portcls:portcls.sys
 0001:0000387a       _PcNewPort@8               00013b5a f   portcls:portcls.sys
 0001:00003880       _PcRegisterPhysicalConnection@20 00013b60 f   portcls:portcls.sys
 0001:00003886       _PcRegisterAdapterPowerManagement@8 00013b66 f   portcls:portcls.sys
 0001:0000388c       _PcAddAdapterDevice@20     00013b6c f   portcls:portcls.sys
 0001:00003892       _PcInitializeAdapterDriver@12 00013b72 f   portcls:portcls.sys
 0001:00003898       _PcGetTimeInterval@8       00013b78 f   portcls:portcls.sys
 0001:0000389e       _PcNewRegistryKey@36       00013b7e f   portcls:portcls.sys
 0001:000038a4       _PcNewInterruptSync@20     00013b84 f   portcls:portcls.sys
 0001:000038aa       _PcNewServiceGroup@8       00013b8a f   portcls:portcls.sys
 0001:000038b0       ??0CUnknown@@QAE@PAUIUnknown@@@Z 00013b90 f   stdunk:stdunk.obj
 0001:00003900       ??_GCUnknown@@UAEPAXI@Z    00013be0 f i stdunk:stdunk.obj
 0001:00003900       ??_ECUnknown@@UAEPAXI@Z    00013be0 f i stdunk:stdunk.obj
 0001:00003930       ??1CUnknown@@UAE@XZ        00013c10 f   stdunk:stdunk.obj
 0001:00003950       ?NonDelegatingAddRef@CUnknown@@UAGKXZ 00013c30 f   stdunk:stdunk.obj
 0001:00003990       ?NonDelegatingRelease@CUnknown@@UAGKXZ 00013c70 f   stdunk:stdunk.obj
 0001:00003a10       ?NonDelegatingQueryInterface@CUnknown@@UAGJABU_GUID@@PAPAX@Z 00013cf0 f   stdunk:stdunk.obj
 0002:00000000       __imp__READ_PORT_UCHAR@4   00013d60     hal:HAL.dll
 0002:00000004       __imp__WRITE_PORT_ULONG@8  00013d64     hal:HAL.dll
 0002:00000008       __imp_@KfAcquireSpinLock@4 00013d68     hal:HAL.dll
 0002:0000000c       __imp_@KfReleaseSpinLock@8 00013d6c     hal:HAL.dll
 0002:00000010       __imp__WRITE_PORT_USHORT@8 00013d70     hal:HAL.dll
 0002:00000014       __imp__READ_PORT_USHORT@4  00013d74     hal:HAL.dll
 0002:00000018       __imp__WRITE_PORT_UCHAR@8  00013d78     hal:HAL.dll
 0002:0000001c       __imp__KeStallExecutionProcessor@4 00013d7c     hal:HAL.dll
 0002:00000020       __imp__KeGetCurrentIrql@0  00013d80     hal:HAL.dll
 0002:00000024       __imp__READ_PORT_ULONG@4   00013d84     hal:HAL.dll
 0002:00000028       \177HAL_NULL_THUNK_DATA    00013d88     hal:HAL.dll
 0002:0000002c       __imp__WRITE_REGISTER_ULONG@8 00013d8c     ntoskrnl:ntoskrnl.exe
 0002:00000030       __imp__WRITE_REGISTER_UCHAR@8 00013d90     ntoskrnl:ntoskrnl.exe
 0002:00000034       __imp__READ_REGISTER_USHORT@4 00013d94     ntoskrnl:ntoskrnl.exe
 0002:00000038       __imp__WRITE_REGISTER_USHORT@8 00013d98     ntoskrnl:ntoskrnl.exe
 0002:0000003c       __imp__MmUnmapIoSpace@8    00013d9c     ntoskrnl:ntoskrnl.exe
 0002:00000040       __imp___alldiv             00013da0     ntoskrnl:ntoskrnl.exe
 0002:00000044       __imp___allmul             00013da4     ntoskrnl:ntoskrnl.exe
 0002:00000048       __imp__KeInitializeSpinLock@4 00013da8     ntoskrnl:ntoskrnl.exe
 0002:0000004c       __imp__READ_REGISTER_UCHAR@4 00013dac     ntoskrnl:ntoskrnl.exe
 0002:00000050       __imp__ExFreePool@4        00013db0     ntoskrnl:ntoskrnl.exe
 0002:00000054       __imp__DbgPrint            00013db4     ntoskrnl:ntoskrnl.exe
 0002:00000058       __imp__RtlInitUnicodeString@8 00013db8     ntoskrnl:ntoskrnl.exe
 0002:0000005c       __imp__ExAllocatePoolWithTag@12 00013dbc     ntoskrnl:ntoskrnl.exe
 0002:00000060       __imp__MmMapIoSpace@16     00013dc0     ntoskrnl:ntoskrnl.exe
 0002:00000064       __imp__IoGetDmaAdapter@12  00013dc4     ntoskrnl:ntoskrnl.exe
 0002:00000068       __imp_@KefReleaseSpinLockFromDpcLevel@4 00013dc8     ntoskrnl:ntoskrnl.exe
 0002:0000006c       __imp_@KefAcquireSpinLockAtDpcLevel@4 00013dcc     ntoskrnl:ntoskrnl.exe
 0002:00000070       __imp__RtlAssert@16        00013dd0     ntoskrnl:ntoskrnl.exe
 0002:00000074       __imp_@InterlockedDecrement@4 00013dd4     ntoskrnl:ntoskrnl.exe
 0002:00000078       __imp_@InterlockedIncrement@4 00013dd8     ntoskrnl:ntoskrnl.exe
 0002:0000007c       \177ntoskrnl_NULL_THUNK_DATA 00013ddc     ntoskrnl:ntoskrnl.exe
 0002:00000080       __imp__PcRegisterSubdevice@12 00013de0     portcls:portcls.sys
 0002:00000084       __imp__PcRegisterPhysicalConnection@20 00013de4     portcls:portcls.sys
 0002:00000088       __imp__PcRegisterAdapterPowerManagement@8 00013de8     portcls:portcls.sys
 0002:0000008c       __imp__PcAddAdapterDevice@20 00013dec     portcls:portcls.sys
 0002:00000090       __imp__PcNewMiniport@8     00013df0     portcls:portcls.sys
 0002:00000094       __imp__PcNewPort@8         00013df4     portcls:portcls.sys
 0002:00000098       __imp__PcNewRegistryKey@36 00013df8     portcls:portcls.sys
 0002:0000009c       __imp__PcNewInterruptSync@20 00013dfc     portcls:portcls.sys
 0002:000000a0       __imp__PcNewServiceGroup@8 00013e00     portcls:portcls.sys
 0002:000000a4       __imp__PcInitializeAdapterDriver@12 00013e04     portcls:portcls.sys
 0002:000000a8       __imp__PcGetTimeInterval@8 00013e08     portcls:portcls.sys
 0002:000000ac       \177portcls_NULL_THUNK_DATA 00013e0c     portcls:portcls.sys
 0002:00000120       _IID_IMiniportTopologyICH  00013e80     adapter.obj
 0002:00000130       _IID_IAdapterCommon        00013e90     adapter.obj
 0002:00000140       _CLSID_PortWavePci         00013ea0     adapter.obj
 0002:00000150       _CLSID_PortWaveCyclic      00013eb0     adapter.obj
 0002:00000160       _CLSID_PortTopology        00013ec0     adapter.obj
 0002:00000170       _IID_IPortEvents           00013ed0     adapter.obj
 0002:00000180       _IID_IPowerNotify          00013ee0     adapter.obj
 0002:00000190       _IID_IAdapterPowerManagment 00013ef0     adapter.obj
 0002:000001a0       _IID_IMiniportWavePciStream 00013f00     adapter.obj
 0002:000001b0       _IID_IMiniportWavePci      00013f10     adapter.obj
 0002:000001c0       _IID_IPortWavePci          00013f20     adapter.obj
 0002:000001d0       _IID_IMiniportTopology     00013f30     adapter.obj
 0002:000001e0       _IID_IServiceSink          00013f40     adapter.obj
 0002:000001f0       _IID_IMiniport             00013f50     adapter.obj
 0002:00000200       _IID_IUnknown              00013f60     adapter.obj
 0002:00000210       ??_C@_1BE@DCLA@?$AAD?$AAi?$AAs?$AAa?$AAb?$AAl?$AAe?$AAC?$AAD?$AA?$AA@ 00013f70     common.obj
 0002:00000224       ??_C@_1BM@HKPL@?$AAD?$AAi?$AAs?$AAa?$AAb?$AAl?$AAe?$AAL?$AAi?$AAn?$AAe?$AAI?$AAn?$AA?$AA@ 00013f84     common.obj
 0002:00000240       ??_C@_1BG@OEIB@?$AAD?$AAi?$AAs?$AAa?$AAb?$AAl?$AAe?$AAM?$AAi?$AAc?$AA?$AA@ 00013fa0     common.obj
 0002:00000258       ??_C@_1BK@PFJA@?$AAD?$AAi?$AAs?$AAa?$AAb?$AAl?$AAe?$AAM?$AAi?$AAc?$AAI?$AAn?$AA?$AA@ 00013fb8     common.obj
 0002:00000274       ??_C@_1BO@PIPO@?$AAD?$AAi?$AAs?$AAa?$AAb?$AAl?$AAe?$AAM?$AAo?$AAn?$AAo?$AAO?$AAu?$AAt?$AA?$AA@ 00013fd4     common.obj
 0002:00000294       ??_C@_1CC@CCGC@?$AAD?$AAi?$AAs?$AAa?$AAb?$AAl?$AAe?$AAH?$AAe?$AAa?$AAd?$AAp?$AAh?$AAo?$AAn?$AAe?$AA?$AA@ 00013ff4     common.obj
 0002:000002b8       ??_C@_1BG@KIAL@?$AAD?$AAi?$AAs?$AAa?$AAb?$AAl?$AAe?$AAA?$AAU?$AAX?$AA?$AA@ 00014018     common.obj
 0002:000002d0       ??_C@_1BK@CIGJ@?$AAD?$AAi?$AAs?$AAa?$AAb?$AAl?$AAe?$AAV?$AAi?$AAd?$AAe?$AAo?$AA?$AA@ 00014030     common.obj
 0002:000002ec       ??_C@_1BI@JAOF@?$AAD?$AAi?$AAs?$AAa?$AAb?$AAl?$AAe?$AAM?$AAi?$AAc?$AA2?$AA?$AA@ 0001404c     common.obj
 0002:00000304       ??_C@_1BK@EHMP@?$AAD?$AAi?$AAs?$AAa?$AAb?$AAl?$AAe?$AAP?$AAh?$AAo?$AAn?$AAe?$AA?$AA@ 00014064     common.obj
 0002:00000320       ??_C@_1BM@PILN@?$AAD?$AAi?$AAs?$AAa?$AAb?$AAl?$AAe?$AAP?$AAC?$AAB?$AAe?$AAe?$AAp?$AA?$AA@ 00014080     common.obj
 0002:0000033c       ??_C@_1BE@HGFD@?$AAP?$AAo?$AAw?$AAe?$AAr?$AAD?$AAo?$AAw?$AAn?$AA?$AA@ 0001409c     common.obj
 0002:00000350       ??_C@_1BE@MCJM@?$AA3?$AAD?$AAC?$AAo?$AAn?$AAt?$AAr?$AAo?$AAl?$AA?$AA@ 000140b0     common.obj
 0002:00000364       ??_C@_1BO@GINH@?$AAG?$AAe?$AAn?$AAe?$AAr?$AAa?$AAl?$AAP?$AAu?$AAr?$AAp?$AAo?$AAs?$AAe?$AA?$AA@ 000140c4     common.obj
 0002:00000384       ??_C@_1BM@FBK@?$AAR?$AAe?$AAc?$AAo?$AAr?$AAd?$AAG?$AAa?$AAi?$AAn?$AAM?$AAi?$AAc?$AA?$AA@ 000140e4     common.obj
 0002:000003a0       ??_C@_1BG@EIJC@?$AAR?$AAe?$AAc?$AAo?$AAr?$AAd?$AAG?$AAa?$AAi?$AAn?$AA?$AA@ 00014100     common.obj
 0002:000003b8       ??_C@_1BK@EIDI@?$AAR?$AAe?$AAc?$AAo?$AAr?$AAd?$AAS?$AAe?$AAl?$AAe?$AAc?$AAt?$AA?$AA@ 00014118     common.obj
 0002:000003d4       ??_C@_1BM@ILDF@?$AAW?$AAa?$AAv?$AAe?$AAO?$AAu?$AAt?$AAV?$AAo?$AAl?$AAu?$AAm?$AAe?$AA?$AA@ 00014134     common.obj
 0002:000003f0       ??_C@_1BE@CANN@?$AAA?$AAU?$AAX?$AAV?$AAo?$AAl?$AAu?$AAm?$AAe?$AA?$AA@ 00014150     common.obj
 0002:00000404       ??_C@_1BI@JIGF@?$AAV?$AAi?$AAd?$AAe?$AAo?$AAV?$AAo?$AAl?$AAu?$AAm?$AAe?$AA?$AA@ 00014164     common.obj
 0002:0000041c       ??_C@_1BC@BEOL@?$AAC?$AAD?$AAV?$AAo?$AAl?$AAu?$AAm?$AAe?$AA?$AA@ 0001417c     common.obj
 0002:00000430       ??_C@_1BK@HJOE@?$AAL?$AAi?$AAn?$AAe?$AAI?$AAn?$AAV?$AAo?$AAl?$AAu?$AAm?$AAe?$AA?$AA@ 00014190     common.obj
 0002:0000044c       ??_C@_1BE@LDGF@?$AAM?$AAi?$AAc?$AAV?$AAo?$AAl?$AAu?$AAm?$AAe?$AA?$AA@ 000141ac     common.obj
 0002:00000460       ??_C@_1BI@JPEG@?$AAP?$AAh?$AAo?$AAn?$AAe?$AAV?$AAo?$AAl?$AAu?$AAm?$AAe?$AA?$AA@ 000141c0     common.obj
 0002:00000478       ??_C@_1BG@KNGA@?$AAB?$AAe?$AAe?$AAp?$AAV?$AAo?$AAl?$AAu?$AAm?$AAe?$AA?$AA@ 000141d8     common.obj
 0002:00000490       ??_C@_1BK@MCOG@?$AAT?$AAo?$AAn?$AAe?$AAC?$AAo?$AAn?$AAt?$AAr?$AAo?$AAl?$AAs?$AA?$AA@ 000141f0     common.obj
 0002:000004ac       ??_C@_1BM@MANC@?$AAM?$AAo?$AAn?$AAo?$AAo?$AAu?$AAt?$AAV?$AAo?$AAl?$AAu?$AAm?$AAe?$AA?$AA@ 0001420c     common.obj
 0002:000004c8       ??_C@_1CA@JIDE@?$AAH?$AAe?$AAa?$AAd?$AAp?$AAh?$AAo?$AAn?$AAe?$AAV?$AAo?$AAl?$AAu?$AAm?$AAe?$AA?$AA@ 00014228     common.obj
 0002:000004e8       ??_C@_1BK@LBLD@?$AAM?$AAa?$AAs?$AAt?$AAe?$AAr?$AAV?$AAo?$AAl?$AAu?$AAm?$AAe?$AA?$AA@ 00014248     common.obj
 0002:000006f0       ??_C@_0O@DFPB@REG_RESERVED2?$AA@ 00014450     common.obj
 0002:00000700       ??_C@_0BD@BHJG@REG_6CH_VOL_LRSURR?$AA@ 00014460     common.obj
 0002:00000714       ??_C@_0BB@HKPL@REG_6CH_VOL_CLFE?$AA@ 00014474     common.obj
 0002:00000728       ??_C@_0N@OKEP@REG_MIC_RATE?$AA@ 00014488     common.obj
 0002:00000738       ??_C@_0BA@LOLM@REG_PCM_LR_RATE?$AA@ 00014498     common.obj
 0002:00000748       ??_C@_0BB@ONJC@REG_PCM_LFE_RATE?$AA@ 000144a8     common.obj
 0002:0000075c       ??_C@_0BC@NILM@REG_PCM_SURR_RATE?$AA@ 000144bc     common.obj
 0002:00000770       ??_C@_0BD@BNOF@REG_PCM_FRONT_RATE?$AA@ 000144d0     common.obj
 0002:00000784       ??_C@_0BD@LAMI@REG_EXT_AUDIO_CTRL?$AA@ 000144e4     common.obj
 0002:00000798       ??_C@_0BB@GINL@REG_EXT_AUDIO_ID?$AA@ 000144f8     common.obj
 0002:000007ac       ??_C@_0O@OB@REG_POWERDOWN?$AA@ 0001450c     common.obj
 0002:000007bc       ??_C@_0N@EPEI@REG_RESERVED?$AA@ 0001451c     common.obj
 0002:000007cc       ??_C@_0P@BCML@REG_3D_CONTROL?$AA@ 0001452c     common.obj
 0002:000007dc       ??_C@_0M@HPBJ@REG_GENERAL?$AA@ 0001453c     common.obj
 0002:000007e8       ??_C@_0BE@PNAB@REG_RECORD_GAIN_MIC?$AA@ 00014548     common.obj
 0002:000007fc       ??_C@_0BA@NGLJ@REG_RECORD_GAIN?$AA@ 0001455c     common.obj
 0002:0000080c       ??_C@_0BC@BPAK@REG_RECORD_SELECT?$AA@ 0001456c     common.obj
 0002:00000820       ??_C@_0BC@FFIH@REG_PCMOUT_VOLUME?$AA@ 00014580     common.obj
 0002:00000834       ??_C@_0P@BADO@REG_AUX_VOLUME?$AA@ 00014594     common.obj
 0002:00000844       ??_C@_0BB@MOJD@REG_VIDEO_VOLUME?$AA@ 000145a4     common.obj
 0002:00000858       ??_C@_0O@COPH@REG_CD_VOLUME?$AA@ 000145b8     common.obj
 0002:00000868       ??_C@_0BC@LCF@REG_LINEIN_VOLUME?$AA@ 000145c8     common.obj
 0002:0000087c       ??_C@_0P@HFCI@REG_MIC_VOLUME?$AA@ 000145dc     common.obj
 0002:0000088c       ??_C@_0BB@CDIH@REG_PHONE_VOLUME?$AA@ 000145ec     common.obj
 0002:000008a0       ??_C@_0BA@IGCF@REG_BEEP_VOLUME?$AA@ 00014600     common.obj
 0002:000008b0       ??_C@_0BA@DEMA@REG_MASTER_TONE?$AA@ 00014610     common.obj
 0002:000008c0       ??_C@_0BB@NJKC@REG_MMONO_VOLUME?$AA@ 00014620     common.obj
 0002:000008d4       ??_C@_0BC@FKMN@REG_HPHONE_VOLUME?$AA@ 00014634     common.obj
 0002:000008e8       ??_C@_0BC@CIO@REG_MASTER_VOLUME?$AA@ 00014648     common.obj
 0002:000008fc       ??_C@_09PHKE@REG_RESET?$AA@ 0001465c     common.obj
 0002:00000908       ??_7CAdapterCommon@@6BCUnknown@@@ 00014668     common.obj
 0002:00000918       ??_7CAdapterCommon@@6BIAdapterPowerManagement@@@ 00014678     common.obj
 0002:00000930       ??_7CAdapterCommon@@6BIAdapterCommon@@@ 00014690     common.obj
 0002:00000b80       ??_C@_0L@MNPI@MICIN_MUTE?$AA@ 000148e0     mintopo.obj
 0002:00000b8c       ??_C@_0N@HPEF@MICIN_VOLUME?$AA@ 000148ec     mintopo.obj
 0002:00000b9c       ??_C@_0BK@LPFK@MASTER_INPUT_VOLUME_PHONE?$AA@ 000148fc     mintopo.obj
 0002:00000bb8       ??_C@_0CC@IDAP@MASTER_INPUT_VOLUME_TONE_MIX_MON@ 00014918     mintopo.obj
 0002:00000bdc       ??_C@_0BN@LLLE@MASTER_INPUT_VOLUME_TONE_MIX?$AA@ 0001493c     mintopo.obj
 0002:00000bfc       ??_C@_0BL@IFDB@MASTER_INPUT_VOLUME_LINEIN?$AA@ 0001495c     mintopo.obj
 0002:00000c18       ??_C@_0BI@GMMI@MASTER_INPUT_VOLUME_AUX?$AA@ 00014978     mintopo.obj
 0002:00000c30       ??_C@_0BK@LDGE@MASTER_INPUT_VOLUME_VIDEO?$AA@ 00014990     mintopo.obj
 0002:00000c4c       ??_C@_0BH@OOJJ@MASTER_INPUT_VOLUME_CD?$AA@ 000149ac     mintopo.obj
 0002:00000c64       ??_C@_0BI@DDAB@MASTER_INPUT_VOLUME_MIC?$AA@ 000149c4     mintopo.obj
 0002:00000c7c       ??_C@_0O@HHNI@WAVEIN_SELECT?$AA@ 000149dc     mintopo.obj
 0002:00000c8c       ??_C@_0BD@LLBD@MONOOUT_VOLUME_MIC?$AA@ 000149ec     mintopo.obj
 0002:00000ca0       ??_C@_0BG@CHHG@MONOOUT_VOLUME_3D_MIX?$AA@ 00014a00     mintopo.obj
 0002:00000cb8       ??_C@_0P@KINE@MONOOUT_SELECT?$AA@ 00014a18     mintopo.obj
 0002:00000cc8       ??_C@_0L@BDJE@HPOUT_MUTE?$AA@ 00014a28     mintopo.obj
 0002:00000cd4       ??_C@_0N@JODA@HPOUT_VOLUME?$AA@ 00014a34     mintopo.obj
 0002:00000ce4       ??_C@_0M@JMNG@MASTER_MUTE?$AA@ 00014a44     mintopo.obj
 0002:00000cf0       ??_C@_0O@OBME@MASTER_VOLUME?$AA@ 00014a50     mintopo.obj
 0002:00000d00       ??_C@_0N@HGLG@SIMUL_STEREO?$AA@ 00014a60     mintopo.obj
 0002:00000d10       ??_C@_08DMEJ@LOUDNESS?$AA@ 00014a70     mintopo.obj
 0002:00000d1c       ??_C@_06KII@TREBLE?$AA@    00014a7c     mintopo.obj
 0002:00000d24       ??_C@_04MBGH@BASS?$AA@     00014a84     mintopo.obj
 0002:00000d2c       ??_C@_08IFPB@BEEP_MIX?$AA@ 00014a8c     mintopo.obj
 0002:00000d38       ??_C@_09CCLP@3D_ENABLE?$AA@ 00014a98     mintopo.obj
 0002:00000d44       ??_C@_08JFFM@3D_DEPTH?$AA@ 00014aa4     mintopo.obj
 0002:00000d50       ??_C@_09PMGC@3D_CENTER?$AA@ 00014ab0     mintopo.obj
 0002:00000d5c       ??_C@_08LODL@MAIN_MIX?$AA@ 00014abc     mintopo.obj
 0002:00000d68       ??_C@_08CBIP@AUX_MUTE?$AA@ 00014ac8     mintopo.obj
 0002:00000d74       ??_C@_0L@LPJK@AUX_VOLUME?$AA@ 00014ad4     mintopo.obj
 0002:00000d80       ??_C@_0L@HMBK@VIDEO_MUTE?$AA@ 00014ae0     mintopo.obj
 0002:00000d8c       ??_C@_0N@IEIG@VIDEO_VOLUME?$AA@ 00014aec     mintopo.obj
 0002:00000d9c       ??_C@_07MNKA@CD_MUTE?$AA@  00014afc     mintopo.obj
 0002:00000da4       ??_C@_09IKNP@CD_VOLUME?$AA@ 00014b04     mintopo.obj
 0002:00000db0       ??_C@_0M@FAFP@LINEIN_MUTE?$AA@ 00014b10     mintopo.obj
 0002:00000dbc       ??_C@_0O@OIGP@LINEIN_VOLUME?$AA@ 00014b1c     mintopo.obj
 0002:00000dcc       ??_C@_08COAD@MIC_MUTE?$AA@ 00014b2c     mintopo.obj
 0002:00000dd8       ??_C@_0L@NKIM@MIC_VOLUME?$AA@ 00014b38     mintopo.obj
 0002:00000de4       ??_C@_09NDLF@MIC_BOOST?$AA@ 00014b44     mintopo.obj
 0002:00000df0       ??_C@_0L@LIOK@MIC_SELECT?$AA@ 00014b50     mintopo.obj
 0002:00000dfc       ??_C@_0L@IGIK@PHONE_MUTE?$AA@ 00014b5c     mintopo.obj
 0002:00000e08       ??_C@_0N@GJJC@PHONE_VOLUME?$AA@ 00014b68     mintopo.obj
 0002:00000e18       ??_C@_0M@DICN@PCBEEP_MUTE?$AA@ 00014b78     mintopo.obj
 0002:00000e24       ??_C@_0O@BCLC@PCBEEP_VOLUME?$AA@ 00014b84     mintopo.obj
 0002:00000e34       ??_C@_0BC@ENGJ@WAVEOUT_3D_BYPASS?$AA@ 00014b94     mintopo.obj
 0002:00000e48       ??_C@_0N@LCCE@WAVEOUT_MUTE?$AA@ 00014ba8     mintopo.obj
 0002:00000e58       ??_C@_0P@NBBD@WAVEOUT_VOLUME?$AA@ 00014bb8     mintopo.obj
 0002:00000e68       ??_C@_07KGBD@INVALID?$AA@  00014bc8     mintopo.obj
 0002:00000e70       ??_C@_0M@BCEI@TOP_ELEMENT?$AA@ 00014bd0     mintopo.obj
 0002:00000e7c       ??_C@_0P@KCIC@PIN_MICIN_DEST?$AA@ 00014bdc     mintopo.obj
 0002:00000e8c       ??_C@_0BA@FOKF@PIN_WAVEIN_DEST?$AA@ 00014bec     mintopo.obj
 0002:00000e9c       ??_C@_0BB@BPGH@PIN_MONOOUT_DEST?$AA@ 00014bfc     mintopo.obj
 0002:00000eb0       ??_C@_0P@HMOO@PIN_HPOUT_DEST?$AA@ 00014c10     mintopo.obj
 0002:00000ec0       ??_C@_0BD@IEEG@PIN_MASTEROUT_DEST?$AA@ 00014c20     mintopo.obj
 0002:00000ed4       ??_C@_0BO@DBOE@PIN_VIRT_TONE_MIX_MONO_SOURCE?$AA@ 00014c34     mintopo.obj
 0002:00000ef4       ??_C@_0BJ@EGI@PIN_VIRT_TONE_MIX_SOURCE?$AA@ 00014c54     mintopo.obj
 0002:00000f10       ??_C@_0BM@KEBF@PIN_VIRT_3D_MIX_MONO_SOURCE?$AA@ 00014c70     mintopo.obj
 0002:00000f2c       ??_C@_0BJ@BJBE@PIN_VIRT_3D_DEPTH_SOURCE?$AA@ 00014c8c     mintopo.obj
 0002:00000f48       ??_C@_0BK@GFAI@PIN_VIRT_3D_CENTER_SOURCE?$AA@ 00014ca8     mintopo.obj
 0002:00000f64       ??_C@_0P@HJPD@PIN_AUX_SOURCE?$AA@ 00014cc4     mintopo.obj
 0002:00000f74       ??_C@_0BB@NFEG@PIN_VIDEO_SOURCE?$AA@ 00014cd4     mintopo.obj
 0002:00000f88       ??_C@_0O@PCK@PIN_CD_SOURCE?$AA@ 00014ce8     mintopo.obj
 0002:00000f98       ??_C@_0BC@FINC@PIN_LINEIN_SOURCE?$AA@ 00014cf8     mintopo.obj
 0002:00000fac       ??_C@_0P@BMOF@PIN_MIC_SOURCE?$AA@ 00014d0c     mintopo.obj
 0002:00000fbc       ??_C@_0BB@DIFC@PIN_PHONE_SOURCE?$AA@ 00014d1c     mintopo.obj
 0002:00000fd0       ??_C@_0BC@KCAP@PIN_PCBEEP_SOURCE?$AA@ 00014d30     mintopo.obj
 0002:00000fe4       ??_C@_0BD@CLEP@PIN_WAVEOUT_SOURCE?$AA@ 00014d44     mintopo.obj
 0002:00000ff8       ??_7CMiniportTopologyICH@@6BCUnknown@@@ 00014d58     mintopo.obj
 0002:00001008       ??_7CMiniportTopologyICH@@6BIMiniportTopologyICH@@@ 00014d68     mintopo.obj
 0002:00001024       ??_C@_01BJG@?6?$AA@        00014d84     mintopo.obj
 0002:00001028       ??_C@_0BE@KCEH@Invalid?5node?5nr?5?$CFu?4?$AA@ 00014d88     mintopo.obj
 0002:0000103c       ??_C@_0BD@KPMP@Invalid?5pin?5nr?5?$CFu?4?$AA@ 00014d9c     mintopo.obj
 0002:00001050       ??_C@_0BF@EHCG@Invalid?5TopoNode?5?$CFu?4?$AA@ 00014db0     mintopo.obj
 0002:00001068       ??_C@_0BE@NDKF@Invalid?5TopoPin?5?$CFu?4?$AA@ 00014dc8     mintopo.obj
 0002:000010a8       ??_7CMiniportWaveICH@@6BCUnknown@@@ 00014e08     minwave.obj
 0002:000010b8       ??_7CMiniportWaveICH@@6BIPowerNotify@@@ 00014e18     minwave.obj
 0002:000010c8       ??_7CMiniportWaveICH@@6BIMiniportWavePci@@@ 00014e28     minwave.obj
 0002:000011a8       ??_7CMiniportWaveICHStream@@6BCUnknown@@@ 00014f08     ichwave.obj
 0002:000011b8       ??_7CMiniportWaveICHStream@@6BIMiniportWavePciStream@@@ 00014f18     ichwave.obj
 0002:000011e4       ??_C@_0BJ@FPNP@freeCommonBuffer?5?$CB?$DN?5NULL?$AA@ 00014f44     ichwave.obj
 0002:00001200       ??_C@_0BD@KHPO@c?3?2NTDDK?2inc?2wdm?4h?$AA@ 00014f60     ichwave.obj
 0002:00001214       ??_C@_0BN@IHIP@allocateCommonBuffer?5?$CB?$DN?5NULL?$AA@ 00014f74     ichwave.obj
 0002:00001234       ??_7CUnknown@@6B@          00014f94     stdunk:stdunk.obj
 0002:00001244       ??_C@_0BB@CHNF@m_lRefCount?5?$DO?$DN?50?$AA@ 00014fa4     stdunk:stdunk.obj
 0002:00001258       ??_C@_0N@DIKJ@?4?2stdunk?4cpp?$AA@ 00014fb8     stdunk:stdunk.obj
 0002:00001268       ??_C@_0BA@HPDB@m_lRefCount?5?$DO?50?$AA@ 00014fc8     stdunk:stdunk.obj
 0002:00001278       ??_C@_06DPDC@ppVoid?$AA@   00014fd8     stdunk:stdunk.obj
 0003:00000010       ?ulDebugOut@@3KA           00014ff0     adapter.obj
 0003:00000028       ?m_stAC97Registers@CAdapterCommon@@0PAUtAC97Registers@@A 00015008     common.obj
 0003:00000328       ?m_stHardwareConfig@CAdapterCommon@@0UtHardwareConfig@@A 00015308     common.obj
 0003:000003bc       ?audBufSize@@3KA           0001539c     common.obj
 0003:00000550       __GUID_45ffaaa0_6e1b_11d0_bcf2_444553540000 00015530     mintopo.obj
 0003:00000560       __GUID_f9b41dc3_96e2_11d2_ac4c_00c04f8efb68 00015540     mintopo.obj
 0003:00000570       __GUID_dff21ce2_f70f_11d0_b917_00a0c9223196 00015550     mintopo.obj
 0003:00000580       __GUID_185fedf7_9905_11d1_95a9_00c04fb925d3 00015560     mintopo.obj
 0003:00000590       __GUID_63ff5747_991f_11d2_ac4d_00c04f8efb68 00015570     mintopo.obj
 0003:000005a0       __GUID_9f0670b4_991f_11d2_ac4d_00c04f8efb68 00015580     mintopo.obj
 0003:000005b0       __GUID_00dff078_96e3_11d2_ac4c_00c04f8efb68 00015590     mintopo.obj
 0003:000005c0       __GUID_00dff077_96e3_11d2_ac4c_00c04f8efb68 000155a0     mintopo.obj
 0003:000005d0       __GUID_185fedfe_9905_11d1_95a9_00c04fb925d3 000155b0     mintopo.obj
 0003:000005e0       __GUID_915daec4_a434_11d2_ac52_00c04f8efb68 000155c0     mintopo.obj
 0003:000005f0       __GUID_dff21fe1_f70f_11d0_b917_00a0c9223196 000155d0     mintopo.obj
 0003:00000600       __GUID_dff220e3_f70f_11d0_b917_00a0c9223196 000155e0     mintopo.obj
 0003:00000610       __GUID_185fedf9_9905_11d1_95a9_00c04fb925d3 000155f0     mintopo.obj
 0003:00000620       __GUID_dff21fe3_f70f_11d0_b917_00a0c9223196 00015600     mintopo.obj
 0003:00000630       __GUID_dff21be1_f70f_11d0_b917_00a0c9223196 00015610     mintopo.obj
 0003:00000640       __GUID_dff21ee1_f70f_11d0_b917_00a0c9223196 00015620     mintopo.obj
 0003:00000650       __GUID_185fedff_9905_11d1_95a9_00c04fb925d3 00015630     mintopo.obj
 0003:00000660       __GUID_dff21ce1_f70f_11d0_b917_00a0c9223196 00015640     mintopo.obj
 0003:00000670       __GUID_6994ad04_93ef_11d0_a3cc_00a0c9223196 00015650     mintopo.obj
 0003:00000680       __GUID_0a8c1aa9_42b0_11d2_95d2_00c04fb925d3 00015660     mintopo.obj
 0003:00000690       __GUID_0a8c1ab3_42b0_11d2_95d2_00c04fb925d3 00015670     mintopo.obj
 0003:000006a0       __GUID_0a8c1ab2_42b0_11d2_95d2_00c04fb925d3 00015680     mintopo.obj
 0003:000006b0       __GUID_0a8c1aaf_42b0_11d2_95d2_00c04fb925d3 00015690     mintopo.obj
 0003:000006c0       __GUID_22b0eafe_96e3_11d2_ac4c_00c04f8efb68 000156a0     mintopo.obj
 0003:000006d0       __GUID_1ad247ed_96e3_11d2_ac4c_00c04f8efb68 000156b0     mintopo.obj
 0003:000006e0       __GUID_0a8c1aae_42b0_11d2_95d2_00c04fb925d3 000156c0     mintopo.obj
 0003:000006f0       __GUID_2ceaf780_c556_11d0_8a2b_00a0c9255ac1 000156d0     mintopo.obj
 0003:00000700       __GUID_0a8c1aa6_42b0_11d2_95d2_00c04fb925d3 000156e0     mintopo.obj
 0003:00000710       __GUID_0a8c1aa5_42b0_11d2_95d2_00c04fb925d3 000156f0     mintopo.obj
 0003:00000720       __GUID_185fede4_9905_11d1_95a9_00c04fb925d3 00015700     mintopo.obj
 0003:00000730       __GUID_185fede3_9905_11d1_95a9_00c04fb925d3 00015710     mintopo.obj
 0003:00000740       __GUID_b3ad50b5_3849_4983_add7_25e6268f912d 00015720     mintopo.obj
 0003:00000750       __GUID_185fede1_9905_11d1_95a9_00c04fb925d3 00015730     mintopo.obj
 0003:00000760       __GUID_185fede0_9905_11d1_95a9_00c04fb925d3 00015740     mintopo.obj
 0003:00000770       __GUID_7607e580_c557_11d0_8a2b_00a0c9255ac1 00015750     mintopo.obj
 0003:00000780       __GUID_0a8c1a9f_42b0_11d2_95d2_00c04fb925d3 00015760     mintopo.obj
 0003:00000790       __GUID_0a8c1a9e_42b0_11d2_95d2_00c04fb925d3 00015770     mintopo.obj
 0003:000007a0       __GUID_766db5a4_6e94_11d2_9ade_00c04f8efb68 00015780     mintopo.obj
 0003:000007b0       __GUID_0a8c1a9b_42b0_11d2_95d2_00c04fb925d3 00015790     mintopo.obj
 0003:000007c0       __GUID_da441a60_c556_11d0_8a2b_00a0c9255ac1 000157a0     mintopo.obj
 0003:000007d0       __GUID_185fedfd_9905_11d1_95a9_00c04fb925d3 000157b0     mintopo.obj
 0003:000007e0       __GUID_185fedfc_9905_11d1_95a9_00c04fb925d3 000157c0     mintopo.obj
 0003:000007f0       __GUID_9b46e709_992a_11d2_ac4d_00c04f8efb68 000157d0     mintopo.obj
 0003:00000800       __GUID_9b46e708_992a_11d2_ac4d_00c04f8efb68 000157e0     mintopo.obj
 0003:00000810       __GUID_185fedea_9905_11d1_95a9_00c04fb925d3 000157f0     mintopo.obj
 0003:00000820       __GUID_185fede9_9905_11d1_95a9_00c04fb925d3 00015800     mintopo.obj
 0003:00000830       __GUID_0a8c1a91_42b0_11d2_95d2_00c04fb925d3 00015810     mintopo.obj
 0003:00000840       __GUID_185fedf4_9905_11d1_95a9_00c04fb925d3 00015820     mintopo.obj
 0003:00000850       __GUID_185fedee_9905_11d1_95a9_00c04fb925d3 00015830     mintopo.obj
 0003:00000860       __GUID_185feded_9905_11d1_95a9_00c04fb925d3 00015840     mintopo.obj
 0003:00000870       __GUID_2bc31d6a_96e3_11d2_ac4c_00c04f8efb68 00015850     mintopo.obj
 0003:00000880       __GUID_e88c9ba0_c557_11d0_8a2b_00a0c9255ac1 00015860     mintopo.obj
 0003:00000890       __GUID_2bc31d6b_96e3_11d2_ac4c_00c04f8efb68 00015870     mintopo.obj
 0003:000008a0       __GUID_41887440_c558_11d0_8a2b_00a0c9255ac1 00015880     mintopo.obj
 0003:000008b0       __GUID_0a8c1a88_42b0_11d2_95d2_00c04fb925d3 00015890     mintopo.obj
 0003:000008c0       __GUID_0a8c1a87_42b0_11d2_95d2_00c04fb925d3 000158a0     mintopo.obj
 0003:000008d0       __GUID_185fedf1_9905_11d1_95a9_00c04fb925d3 000158b0     mintopo.obj
 0003:000008e0       __GUID_185fedf0_9905_11d1_95a9_00c04fb925d3 000158c0     mintopo.obj
 0003:000008f0       __GUID_185fede6_9905_11d1_95a9_00c04fb925d3 000158d0     mintopo.obj
 0003:00000900       __GUID_02b223c0_c557_11d0_8a2b_00a0c9255ac1 000158e0     mintopo.obj
 0003:00000910       __GUID_185fede5_9905_11d1_95a9_00c04fb925d3 000158f0     mintopo.obj
 0003:00000920       __GUID_3a5acc00_c557_11d0_8a2b_00a0c9255ac1 00015900     mintopo.obj
 0003:00000bc8       __GUID_4d837fe0_c555_11d0_8a2b_00a0c9255ac1 00015ba8     minwave.obj
 0003:00000bd8       __GUID_507ae360_c554_11d0_8a2b_00a0c9255ac1 00015bb8     minwave.obj
 0003:00000be8       __GUID_185fedfa_9905_11d1_95a9_00c04fb925d3 00015bc8     minwave.obj
 0003:00000bf8       __GUID_fb6c4281_0353_11d1_905f_0000c0cc16ba 00015bd8     minwave.obj
 0003:00000c08       __GUID_05589f81_c356_11ce_bf01_00aa0055595a 00015be8     minwave.obj
 0003:00000c18       __GUID_00000001_0000_0010_8000_00aa00389b71 00015bf8     minwave.obj
 0003:00000c28       __GUID_73647561_0000_0010_8000_00aa00389b71 00015c08     minwave.obj
 0003:00000c48       __GUID_97e99ba0_bdea_11cf_a5d6_28db04c10000 00015c28     prophnd.obj
 0003:00000c68       __GUID_00000000_0000_0000_0000_000000000000 00015c48     adapter.obj
 0004:00000056       ?InstallSubdevice@@YGJPAU_DEVICE_OBJECT@@PAU_IRP@@PAGABU_GUID@@3P6GJPAPAUIUnknown@@3PAU4@W4_POOL_TYPE@@@Z5PAUIResourceList@@3PAPAUIMiniport@@4@Z 00016336 f   adapter.obj
 0004:00000286       ?ValidateResources@@YGJPAUIResourceList@@@Z 00016566 f   adapter.obj
 0004:000005e2       ?StartDevice@@YGJPAU_DEVICE_OBJECT@@PAU_IRP@@PAUIResourceList@@@Z 000168c2 f   adapter.obj
 0004:00000b8e       _AddDevice@8               00016e6e f   adapter.obj
 0004:00000c82       _DriverEntry@8             00016f62 f   adapter.obj
 0004:00000d8e       ?NewAdapterCommon@@YGJPAPAUIUnknown@@ABU_GUID@@PAU1@W4_POOL_TYPE@@@Z 0001706e f   common.obj
 0004:0000128e       ?Init@CAdapterCommon@@UAGJPAUIResourceList@@PAU_DEVICE_OBJECT@@@Z 0001756e f   common.obj
 0004:00001da2       ??1CAdapterCommon@@UAE@XZ  00018082 f   common.obj
 0004:000023ce       ?DumpConfig@CAdapterCommon@@AAEXXZ 000186ae f   common.obj
 0004:00002e7a       ?NonDelegatingQueryInterface@CAdapterCommon@@UAGJABU_GUID@@PAPAX@Z 0001915a f   common.obj
 0004:00003242       ?InitHDA@CAdapterCommon@@AAEJXZ 00019522 f   common.obj
 0004:00003b22       ?ProbeHWConfig@CAdapterCommon@@AAEJXZ 00019e02 f   common.obj
 0004:000046fa       ?AcquireCodecSemiphore@CAdapterCommon@@AAEJXZ 0001a9da f   common.obj
 0004:00004a1a       ?ReadCodecRegister@CAdapterCommon@@UAGJW4AC97Register@@PAG@Z 0001acfa f   common.obj
 0004:00004f62       ?WriteCodecRegister@CAdapterCommon@@UAGJW4AC97Register@@GG@Z 0001b242 f   common.obj
 0004:000052ba       ?PrimaryCodecReady@CAdapterCommon@@AAEJXZ 0001b59a f   common.obj
 0004:000054a6       ?PowerUpCodec@CAdapterCommon@@AAEJXZ 0001b786 f   common.obj
 0004:0000579a       ?ProgramSampleRate@CAdapterCommon@@UAGJW4AC97Register@@K@Z 0001ba7a f   common.obj
 0004:00005c92       ?PowerChangeState@CAdapterCommon@@UAGXT_POWER_STATE@@@Z 0001bf72 f   common.obj
 0004:0000608a       ?QueryPowerChangeState@CAdapterCommon@@UAGJT_POWER_STATE@@@Z 0001c36a f   common.obj
 0004:000061de       ?QueryDeviceCapabilities@CAdapterCommon@@UAGJPAU_DEVICE_CAPABILITIES@@@Z 0001c4be f   common.obj
 0004:000062ea       ?DisableAC97Pin@CAdapterCommon@@AAEHW4TopoPinConfig@@@Z 0001c5ca f   common.obj
 0004:0000650a       ?RestoreCodecRegisters@CAdapterCommon@@UAGJXZ 0001c7ea f   common.obj
 0004:00006608       ?CreateMiniportTopologyICH@@YGJPAPAUIUnknown@@ABU_GUID@@PAU1@W4_POOL_TYPE@@@Z 0001c8e8 f   mintopo.obj
 0004:0000677e       ?NonDelegatingQueryInterface@CMiniportTopologyICH@@UAGJABU_GUID@@PAPAX@Z 0001ca5e f   mintopo.obj
 0004:00006932       ??1CMiniportTopologyICH@@UAE@XZ 0001cc12 f   mintopo.obj
 0004:00006ac0       ?DataRangeIntersection@CMiniportTopologyICH@@UAGJKPATKSDATAFORMAT@@0KPAXPAK@Z 0001cda0 f   mintopo.obj
 0004:00006b6a       ?Init@CMiniportTopologyICH@@UAGJPAUIUnknown@@PAUIResourceList@@PAUIPortTopology@@@Z 0001ce4a f   mintopo.obj
 0004:00006dbe       ?GetDescription@CMiniportTopologyICH@@UAGJPAPAUPCFILTER_DESCRIPTOR@@@Z 0001d09e f   mintopo.obj
 0004:00006f66       ?DumpTopology@CMiniportTopologyICH@@AAEXXZ 0001d246 f   mintopo.obj
 0004:0000727a       ?BuildTopology@CMiniportTopologyICH@@AAEJXZ 0001d55a f   mintopo.obj
 0004:000073ee       ?BuildPinDescriptors@CMiniportTopologyICH@@AAEJXZ 0001d6ce f   mintopo.obj
 0004:00007b82       ?BuildNodeDescriptors@CMiniportTopologyICH@@AAEJXZ 0001de62 f   mintopo.obj
 0004:00008c86       ?BuildConnectionDescriptors@CMiniportTopologyICH@@AAEJXZ 0001ef66 f   mintopo.obj
 0004:0000a57e       ?GetPhysicalConnectionPins@CMiniportTopologyICH@@UAGJPAK00@Z 0002085e f   mintopo.obj
 0004:0000a722       ?CreateMiniportWaveICH@@YGJPAPAUIUnknown@@ABU_GUID@@PAU1@W4_POOL_TYPE@@@Z 00020a02 f   minwave.obj
 0004:0000a8ba       ?NonDelegatingQueryInterface@CMiniportWaveICH@@UAGJABU_GUID@@PAPAX@Z 00020b9a f   minwave.obj
 0004:0000aa8a       ??1CMiniportWaveICH@@UAE@XZ 00020d6a f   minwave.obj
 0004:0000aca6       ?Init@CMiniportWaveICH@@UAGJPAUIUnknown@@PAUIResourceList@@PAUIPortWavePci@@PAPAUIServiceGroup@@@Z 00020f86 f   minwave.obj
 0004:0000afa6       ?ProcessResources@CMiniportWaveICH@@AAEJPAUIResourceList@@@Z 00021286 f   minwave.obj
 0004:0000b2d2       ?BuildDataRangeInformation@CMiniportWaveICH@@AAEJXZ 000215b2 f   minwave.obj
 0004:0000ba32       ?NewStream@CMiniportWaveICH@@UAGJPAPAUIMiniportWavePciStream@@PAUIUnknown@@W4_POOL_TYPE@@PAUIPortWavePciStream@@KEPATKSDATAFORMAT@@PAPAUIDmaChannel@@PAPAUIServiceGroup@@@Z 00021d12 f   minwave.obj
 0004:0000bdca       ?GetDescription@CMiniportWaveICH@@UAGJPAPAUPCFILTER_DESCRIPTOR@@@Z 000220aa f   minwave.obj
 0004:0000beee       ?DataRangeIntersection@CMiniportWaveICH@@UAGJKPATKSDATAFORMAT@@0KPAXPAK@Z 000221ce f   minwave.obj
 0004:0000c142       ?TestDataFormat@CMiniportWaveICH@@AAEJPATKSDATAFORMAT@@W4WavePins@@@Z 00022422 f   minwave.obj
 0004:0000c556       ?PowerChangeNotify@CMiniportWaveICH@@UAGXT_POWER_STATE@@@Z 00022836 f   minwave.obj
 0004:0000c842       ?GetDBValues@CMiniportTopologyICH@@SGJPAUIAdapterCommon@@W4TopoNodes@@PAJ2PAK@Z 00022b22 f   prophnd.obj
 0004:0000cc26       ?PropertyHandler_OnOff@CMiniportTopologyICH@@SGJPAU_PCPROPERTY_REQUEST@@@Z 00022f06 f   prophnd.obj
 0004:0000d12a       ?BasicSupportHandler@CMiniportTopologyICH@@SGJPAU_PCPROPERTY_REQUEST@@@Z 0002340a f   prophnd.obj
 0004:0000d4d2       ?PropertyHandler_Level@CMiniportTopologyICH@@SGJPAU_PCPROPERTY_REQUEST@@@Z 000237b2 f   prophnd.obj
 0004:0000e096       ?PropertyHandler_Tone@CMiniportTopologyICH@@SGJPAU_PCPROPERTY_REQUEST@@@Z 00024376 f   prophnd.obj
 0004:0000e706       ?PropertyHandler_Ulong@CMiniportTopologyICH@@SGJPAU_PCPROPERTY_REQUEST@@@Z 000249e6 f   prophnd.obj
 0004:0000edd1       ?PropertyHandler_CpuResources@CMiniportTopologyICH@@SGJPAU_PCPROPERTY_REQUEST@@@Z 000250b1 f   prophnd.obj
 0004:0000ef72       ?CreateMiniportWaveICHStream@@YGJPAPAVCMiniportWaveICHStream@@PAUIUnknown@@W4_POOL_TYPE@@@Z 00025252 f   ichwave.obj
 0004:0000f10a       ??1CMiniportWaveICHStream@@UAE@XZ 000253ea f   ichwave.obj
 0004:0000f4b6       ?Init@CMiniportWaveICHStream@@QAEJPAVCMiniportWaveICH@@PAUIPortWavePciStream@@KEPATKSDATAFORMAT@@PAPAUIServiceGroup@@@Z 00025796 f   ichwave.obj
 0004:0000f912       ?NonDelegatingQueryInterface@CMiniportWaveICHStream@@UAGJABU_GUID@@PAPAX@Z 00025bf2 f   ichwave.obj
 0004:0000fab2       ?GetAllocatorFraming@CMiniportWaveICHStream@@UAGJPAUKSALLOCATOR_FRAMING@@@Z 00025d92 f   ichwave.obj
 0004:0000fc0e       ?SetFormat@CMiniportWaveICHStream@@UAGJPATKSDATAFORMAT@@@Z 00025eee f   ichwave.obj
 0005:00000000       __IMPORT_DESCRIPTOR_ntoskrnl 00026080     ntoskrnl:ntoskrnl.exe
 0005:00000014       __IMPORT_DESCRIPTOR_HAL    00026094     hal:HAL.dll
 0005:00000028       __IMPORT_DESCRIPTOR_portcls 000260a8     portcls:portcls.sys
 0005:0000003c       __NULL_IMPORT_DESCRIPTOR   000260bc     ntoskrnl:ntoskrnl.exe

 entry point at        0004:00000c82

 Static symbols


 384 bytes saved through ICF

