 HDA

 Timestamp is 691e11d6 (Wed Nov 19 10:52:06 2025)

 Preferred load address is 00010000

 Start         Length     Name                   Class
 0001:00000000 00001511H .text                   CODE
 0002:00000000 000000b0H .idata$5                DATA
 0002:000000b0 0000059bH .rdata                  DATA
 0003:00000000 00000cc8H .data                   DATA
 0003:00000cc8 00000010H .bss                    DATA
 0004:00000000 0000333fH PAGE                    CODE
 0005:00000000 00000015H INIT                    CODE
 0005:00000018 0000003cH .idata$2                CODE
 0005:00000054 00000014H .idata$3                CODE
 0005:00000068 000000b0H .idata$4                CODE
 0005:00000118 00000390H .idata$6                CODE
 0006:00000000 00000058H .rsrc$01                DATA
 0006:00000060 00000338H .rsrc$02                DATA

  Address         Publics by Value              Rva+Base     Lib:Object

 0001:00000000       ??3@YAXPAX@Z               000102e0 f i common.obj
 0001:0000000c       ?QueryInterface@CAdapterCommon@@UAGJABU_GUID@@PAPAX@Z 000102ec f i common.obj
 0001:00000024       ?AddRef@CAdapterCommon@@UAGKXZ 00010304 f i common.obj
 0001:00000034       ?Release@CAdapterCommon@@UAGKXZ 00010314 f i common.obj
 0001:00000044       ??_GCAdapterCommon@@UAEPAXI@Z 00010324 f i common.obj
 0001:00000044       ??_ECAdapterCommon@@UAEPAXI@Z 00010324 f i common.obj
 0001:00000064       ?hda_check_headphone_connection_change@CAdapterCommon@@QAGXXZ 00010344 f   common.obj
 0001:000000da       ?hda_is_supported_sample_rate@CAdapterCommon@@QAGEK@Z 000103ba f   common.obj
 0001:00000160       ?hda_send_verb@CAdapterCommon@@QAGKKKKK@Z 00010440 f   common.obj
 0001:000002c4       ?ReadController@CAdapterCommon@@UAGEXZ 000105a4 f   common.obj
 0001:000002ca       ?WriteController@CAdapterCommon@@UAGEE@Z 000105aa f   common.obj
 0001:000002d0       ?MixerRegWrite@CAdapterCommon@@UAGXEE@Z 000105b0 f   common.obj
 0001:000002ec       ?MixerRegRead@CAdapterCommon@@UAGEE@Z 000105cc f   common.obj
 0001:0000030a       ?MixerReset@CAdapterCommon@@UAGXXZ 000105ea f   common.obj
 0001:0000030e       ?AcknowledgeIRQ@CAdapterCommon@@AAEEXZ 000105ee f   common.obj
 0001:00000388       ?ResetController@CAdapterCommon@@UAGJXZ 00010668 f   common.obj
 0001:000003a8       ?RestoreMixerSettingsFromRegistry@CAdapterCommon@@UAGJXZ 00010688 f   common.obj
 0001:00000506       ?SaveMixerSettingsToRegistry@CAdapterCommon@@UAGJXZ 000107e6 f   common.obj
 0001:000005ca       ?ProgramSampleRate@CAdapterCommon@@QAGJK@Z 000108aa f   common.obj
 0001:00000660       ?PowerChangeState@CAdapterCommon@@UAGXT_POWER_STATE@@@Z 00010940 f   common.obj
 0001:000006b6       ?QueryDeviceCapabilities@CAdapterCommon@@UAGJPAU_DEVICE_CAPABILITIES@@@Z 00010996 f   common.obj
 0001:000006b6       ?QueryPowerChangeState@CAdapterCommon@@UAGJT_POWER_STATE@@@Z 00010996 f   common.obj
 0001:000006bc       ?InterruptServiceRoutine@@YGJPAUIInterruptSync@@PAX@Z 0001099c f   common.obj
 0001:000006e8       ?hda_stop_stream@CAdapterCommon@@UAGJXZ 000109c8 f   common.obj
 0001:000007de       ?hda_start_sound@CAdapterCommon@@UAGXXZ 00010abe f   common.obj
 0001:00000806       ?hda_stop_sound@CAdapterCommon@@UAGXXZ 00010ae6 f   common.obj
 0001:0000084c       ?hda_get_actual_stream_position@CAdapterCommon@@UAGKXZ 00010b2c f   common.obj
 0001:00000862       ?hda_set_volume@CAdapterCommon@@QAGXK@Z 00010b42 f   common.obj
 0001:000008b0       ?readUCHAR@CAdapterCommon@@QAGEG@Z 00010b90 f   common.obj
 0001:000008c8       ?writeUCHAR@CAdapterCommon@@QAGXGE@Z 00010ba8 f   common.obj
 0001:000008e4       ?readUSHORT@CAdapterCommon@@QAGGG@Z 00010bc4 f   common.obj
 0001:000008fc       ?writeUSHORT@CAdapterCommon@@QAGXGG@Z 00010bdc f   common.obj
 0001:00000918       ?readULONG@CAdapterCommon@@QAGKG@Z 00010bf8 f   common.obj
 0001:00000930       ?writeULONG@CAdapterCommon@@QAGXGK@Z 00010c10 f   common.obj
 0001:0000094c       ?hda_showtime@CAdapterCommon@@UAGJPAUIDmaChannel@@@Z 00010c2c f   common.obj
 0001:00000b06       ?hda_return_sound_data_format@CAdapterCommon@@QAGGKKK@Z 00010de6 f   common.obj
 0001:00000bc4       ?ReadWriteConfigSpace@CAdapterCommon@@AAGJPAU_DEVICE_OBJECT@@KPAXKK@Z 00010ea4 f   common.obj
 0001:00000c6c       ?QueryInterface@CAdapterCommon@@W3AGJABU_GUID@@PAPAX@Z 00010f4c f i common.obj
 0001:00000c76       ?AddRef@CAdapterCommon@@W3AGKXZ 00010f56 f i common.obj
 0001:00000c80       ?Release@CAdapterCommon@@W3AGKXZ 00010f60 f i common.obj
 0001:00000c8a       ?QueryInterface@CMiniportWaveCyclicHDA@@UAGJABU_GUID@@PAPAX@Z 00010f6a f i mintopo.obj
 0001:00000c8a       ?QueryInterface@CMiniportWaveCyclicStreamHDA@@UAGJABU_GUID@@PAPAX@Z 00010f6a f i mintopo.obj
 0001:00000c8a       ?QueryInterface@CMiniportTopologyHDA@@UAGJABU_GUID@@PAPAX@Z 00010f6a f i mintopo.obj
 0001:00000ca2       ?Release@CMiniportTopologyHDA@@UAGKXZ 00010f82 f i mintopo.obj
 0001:00000ca2       ?Release@CMiniportWaveCyclicStreamHDA@@UAGKXZ 00010f82 f i mintopo.obj
 0001:00000ca2       ?Release@CMiniportWaveCyclicHDA@@UAGKXZ 00010f82 f i mintopo.obj
 0001:00000cb2       ?DataRangeIntersection@CMiniportTopologyHDA@@UAGJKPATKSDATAFORMAT@@0KPAXPAK@Z 00010f92 f i mintopo.obj
 0001:00000cba       ??_GCMiniportTopologyHDA@@UAEPAXI@Z 00010f9a f i mintopo.obj
 0001:00000cba       ??_ECMiniportTopologyHDA@@UAEPAXI@Z 00010f9a f i mintopo.obj
 0001:000010b8       ?ReadBitsFromMixer@CMiniportTopologyHDA@@AAEEEEE@Z 00011398 f   mintopo.obj
 0001:000010e0       ?WriteBitsToMixer@CMiniportTopologyHDA@@AAEXEEEE@Z 000113c0 f   mintopo.obj
 0001:00001136       ?AddRef@CMiniportWaveCyclicHDA@@UAGKXZ 00011416 f i minwave.obj
 0001:00001136       ?AddRef@CMiniportWaveCyclicStreamHDA@@UAGKXZ 00011416 f i minwave.obj
 0001:00001136       ?AddRef@CMiniportTopologyHDA@@UAGKXZ 00011416 f i minwave.obj
 0001:00001146       ??_GCMiniportWaveCyclicHDA@@UAEPAXI@Z 00011426 f i minwave.obj
 0001:00001146       ??_ECMiniportWaveCyclicHDA@@UAEPAXI@Z 00011426 f i minwave.obj
 0001:00001166       ??_GCMiniportWaveCyclicStreamHDA@@UAEPAXI@Z 00011446 f i minwave.obj
 0001:00001166       ??_ECMiniportWaveCyclicStreamHDA@@UAEPAXI@Z 00011446 f i minwave.obj
 0001:00001186       ?GetPosition@CMiniportWaveCyclicStreamHDA@@UAGJPAK@Z 00011466 f   minwave.obj
 0001:000011e8       ?NormalizePhysicalPosition@CMiniportWaveCyclicStreamHDA@@UAGJPA_J@Z 000114c8 f   minwave.obj
 0001:00001230       ?Silence@CMiniportWaveCyclicStreamHDA@@UAGXPAXK@Z 00011510 f   minwave.obj
 0001:0000126a       _DbgPrint                  0001154a f   ntoskrnl:ntoskrnl.exe
 0001:00001270       __alldiv                   00011550 f   ntoskrnl:ntoskrnl.exe
 0001:00001276       __allmul                   00011556 f   ntoskrnl:ntoskrnl.exe
 0001:0000127c       _PcInitializeAdapterDriver@12 0001155c f   portcls:portcls.sys
 0001:00001282       _PcAddAdapterDevice@20     00011562 f   portcls:portcls.sys
 0001:00001288       _PcRegisterSubdevice@12    00011568 f   portcls:portcls.sys
 0001:0000128e       _PcNewMiniport@8           0001156e f   portcls:portcls.sys
 0001:00001294       _PcNewPort@8               00011574 f   portcls:portcls.sys
 0001:0000129a       _PcRegisterPhysicalConnection@20 0001157a f   portcls:portcls.sys
 0001:000012a0       _PcRegisterAdapterPowerManagement@8 00011580 f   portcls:portcls.sys
 0001:000012a6       _PcNewResourceSublist@20   00011586 f   portcls:portcls.sys
 0001:000012ac       _PcNewInterruptSync@20     0001158c f   portcls:portcls.sys
 0001:000012b2       _PcNewRegistryKey@36       00011592 f   portcls:portcls.sys
 0001:000012b8       _PcNewServiceGroup@8       00011598 f   portcls:portcls.sys
 0001:000012c0       ??0CUnknown@@QAE@PAUIUnknown@@@Z 000115a0 f   stdunk:stdunk.obj
 0001:00001310       ??_GCUnknown@@UAEPAXI@Z    000115f0 f i stdunk:stdunk.obj
 0001:00001310       ??_ECUnknown@@UAEPAXI@Z    000115f0 f i stdunk:stdunk.obj
 0001:00001340       ??0INonDelegatingUnknown@@QAE@XZ 00011620 f i stdunk:stdunk.obj
 0001:00001350       ??1CUnknown@@UAE@XZ        00011630 f   stdunk:stdunk.obj
 0001:00001370       ?NonDelegatingAddRef@CUnknown@@UAGKXZ 00011650 f   stdunk:stdunk.obj
 0001:000013b0       ?NonDelegatingRelease@CUnknown@@UAGKXZ 00011690 f   stdunk:stdunk.obj
 0001:00001430       ?NonDelegatingQueryInterface@CUnknown@@UAGJABU_GUID@@PAPAX@Z 00011710 f   stdunk:stdunk.obj
 0001:000014a0       _IsEqualGUIDAligned@8      00011780 f i stdunk:stdunk.obj
 0002:00000000       __imp_@KfAcquireSpinLock@4 00011800     hal:HAL.dll
 0002:00000004       __imp_@KfReleaseSpinLock@8 00011804     hal:HAL.dll
 0002:00000008       __imp__KeStallExecutionProcessor@4 00011808     hal:HAL.dll
 0002:0000000c       \177HAL_NULL_THUNK_DATA    0001180c     hal:HAL.dll
 0002:00000010       __imp__KeInitializeSpinLock@4 00011810     ntoskrnl:ntoskrnl.exe
 0002:00000014       __imp__MmUnmapIoSpace@8    00011814     ntoskrnl:ntoskrnl.exe
 0002:00000018       __imp__READ_REGISTER_ULONG@4 00011818     ntoskrnl:ntoskrnl.exe
 0002:0000001c       __imp__DbgPrint            0001181c     ntoskrnl:ntoskrnl.exe
 0002:00000020       __imp__WRITE_REGISTER_ULONG@8 00011820     ntoskrnl:ntoskrnl.exe
 0002:00000024       __imp__RtlInitUnicodeString@8 00011824     ntoskrnl:ntoskrnl.exe
 0002:00000028       __imp__READ_REGISTER_UCHAR@4 00011828     ntoskrnl:ntoskrnl.exe
 0002:0000002c       __imp__WRITE_REGISTER_UCHAR@8 0001182c     ntoskrnl:ntoskrnl.exe
 0002:00000030       __imp__READ_REGISTER_USHORT@4 00011830     ntoskrnl:ntoskrnl.exe
 0002:00000034       __imp__ExAllocatePoolWithTag@12 00011834     ntoskrnl:ntoskrnl.exe
 0002:00000038       __imp__MmMapIoSpace@16     00011838     ntoskrnl:ntoskrnl.exe
 0002:0000003c       __imp__KeWaitForSingleObject@20 0001183c     ntoskrnl:ntoskrnl.exe
 0002:00000040       __imp_@IofCallDriver@8     00011840     ntoskrnl:ntoskrnl.exe
 0002:00000044       __imp__IoBuildSynchronousFsdRequest@28 00011844     ntoskrnl:ntoskrnl.exe
 0002:00000048       __imp__IoGetAttachedDeviceReference@4 00011848     ntoskrnl:ntoskrnl.exe
 0002:0000004c       __imp__KeInitializeEvent@12 0001184c     ntoskrnl:ntoskrnl.exe
 0002:00000050       __imp__KeInitializeMutex@8 00011850     ntoskrnl:ntoskrnl.exe
 0002:00000054       __imp__KeReleaseMutex@8    00011854     ntoskrnl:ntoskrnl.exe
 0002:00000058       __imp__ExFreePool@4        00011858     ntoskrnl:ntoskrnl.exe
 0002:0000005c       __imp___allmul             0001185c     ntoskrnl:ntoskrnl.exe
 0002:00000060       __imp__IoGetDmaAdapter@12  00011860     ntoskrnl:ntoskrnl.exe
 0002:00000064       __imp__WRITE_REGISTER_USHORT@8 00011864     ntoskrnl:ntoskrnl.exe
 0002:00000068       __imp_@ObfDereferenceObject@4 00011868     ntoskrnl:ntoskrnl.exe
 0002:0000006c       __imp___alldiv             0001186c     ntoskrnl:ntoskrnl.exe
 0002:00000070       __imp__RtlAssert@16        00011870     ntoskrnl:ntoskrnl.exe
 0002:00000074       __imp_@InterlockedIncrement@4 00011874     ntoskrnl:ntoskrnl.exe
 0002:00000078       __imp_@InterlockedDecrement@4 00011878     ntoskrnl:ntoskrnl.exe
 0002:0000007c       \177ntoskrnl_NULL_THUNK_DATA 0001187c     ntoskrnl:ntoskrnl.exe
 0002:00000080       __imp__PcRegisterSubdevice@12 00011880     portcls:portcls.sys
 0002:00000084       __imp__PcNewPort@8         00011884     portcls:portcls.sys
 0002:00000088       __imp__PcRegisterPhysicalConnection@20 00011888     portcls:portcls.sys
 0002:0000008c       __imp__PcAddAdapterDevice@20 0001188c     portcls:portcls.sys
 0002:00000090       __imp__PcNewMiniport@8     00011890     portcls:portcls.sys
 0002:00000094       __imp__PcNewInterruptSync@20 00011894     portcls:portcls.sys
 0002:00000098       __imp__PcNewRegistryKey@36 00011898     portcls:portcls.sys
 0002:0000009c       __imp__PcNewServiceGroup@8 0001189c     portcls:portcls.sys
 0002:000000a0       __imp__PcRegisterAdapterPowerManagement@8 000118a0     portcls:portcls.sys
 0002:000000a4       __imp__PcInitializeAdapterDriver@12 000118a4     portcls:portcls.sys
 0002:000000a8       __imp__PcNewResourceSublist@20 000118a8     portcls:portcls.sys
 0002:000000ac       \177portcls_NULL_THUNK_DATA 000118ac     portcls:portcls.sys
 0002:00000108       _IID_IAdapterCommon        00011908     adapter.obj
 0002:00000118       _CLSID_MiniportDriverFmSynth 00011918     adapter.obj
 0002:00000128       _CLSID_PortWaveCyclic      00011928     adapter.obj
 0002:00000138       _CLSID_PortTopology        00011938     adapter.obj
 0002:00000148       _CLSID_PortMidi            00011948     adapter.obj
 0002:00000158       _IID_IAdapterPowerManagment 00011958     adapter.obj
 0002:00000168       _IID_IMiniportWaveCyclicStream 00011968     adapter.obj
 0002:00000178       _IID_IMiniportWaveCyclic   00011978     adapter.obj
 0002:00000188       _IID_IPortWaveCyclic       00011988     adapter.obj
 0002:00000198       _IID_IMiniportTopology     00011998     adapter.obj
 0002:000001a8       _IID_IMiniport             000119a8     adapter.obj
 0002:000001b8       _IID_IUnknown              000119b8     adapter.obj
 0002:000001c8       ??_C@_1BE@ENEK@?$AAR?$AAi?$AAg?$AAh?$AAt?$AAB?$AAa?$AAs?$AAs?$AA?$AA@ 000119c8     common.obj
 0002:000001dc       ??_C@_1BC@JMJO@?$AAL?$AAe?$AAf?$AAt?$AAB?$AAa?$AAs?$AAs?$AA?$AA@ 000119dc     common.obj
 0002:000001f0       ??_C@_1BI@KGAJ@?$AAR?$AAi?$AAg?$AAh?$AAt?$AAT?$AAr?$AAe?$AAb?$AAl?$AAe?$AA?$AA@ 000119f0     common.obj
 0002:00000208       ??_C@_1BG@BGGD@?$AAL?$AAe?$AAf?$AAt?$AAT?$AAr?$AAe?$AAb?$AAl?$AAe?$AA?$AA@ 00011a08     common.obj
 0002:00000220       ??_C@_1O@IECC@?$AAM?$AAi?$AAc?$AAA?$AAG?$AAC?$AA?$AA@ 00011a20     common.obj
 0002:00000230       ??_C@_1CA@EJHI@?$AAR?$AAi?$AAg?$AAh?$AAt?$AAO?$AAu?$AAt?$AAp?$AAu?$AAt?$AAG?$AAa?$AAi?$AAn?$AA?$AA@ 00011a30     common.obj
 0002:00000250       ??_C@_1BO@PPLI@?$AAL?$AAe?$AAf?$AAt?$AAO?$AAu?$AAt?$AAp?$AAu?$AAt?$AAG?$AAa?$AAi?$AAn?$AA?$AA@ 00011a50     common.obj
 0002:00000270       ??_C@_1BO@PMCJ@?$AAR?$AAi?$AAg?$AAh?$AAt?$AAI?$AAn?$AAp?$AAu?$AAt?$AAG?$AAa?$AAi?$AAn?$AA?$AA@ 00011a70     common.obj
 0002:00000290       ??_C@_1BM@CFEM@?$AAL?$AAe?$AAf?$AAt?$AAI?$AAn?$AAp?$AAu?$AAt?$AAG?$AAa?$AAi?$AAn?$AA?$AA@ 00011a90     common.obj
 0002:000002ac       ??_C@_1CA@CIKM@?$AAR?$AAi?$AAg?$AAh?$AAt?$AAI?$AAn?$AAp?$AAu?$AAt?$AAM?$AAi?$AAx?$AAe?$AAr?$AA?$AA@ 00011aac     common.obj
 0002:000002cc       ??_C@_1BO@JOGM@?$AAL?$AAe?$AAf?$AAt?$AAI?$AAn?$AAp?$AAu?$AAt?$AAM?$AAi?$AAx?$AAe?$AAr?$AA?$AA@ 00011acc     common.obj
 0002:000002ec       ??_C@_1BI@BMOJ@?$AAO?$AAu?$AAt?$AAp?$AAu?$AAt?$AAM?$AAi?$AAx?$AAe?$AAr?$AA?$AA@ 00011aec     common.obj
 0002:00000304       ??_C@_1BE@GLOL@?$AAP?$AAc?$AAS?$AAp?$AAk?$AAr?$AAV?$AAo?$AAl?$AA?$AA@ 00011b04     common.obj
 0002:00000318       ??_C@_1O@MNBB@?$AAM?$AAi?$AAc?$AAV?$AAo?$AAl?$AA?$AA@ 00011b18     common.obj
 0002:00000328       ??_C@_1BO@HCKE@?$AAR?$AAi?$AAg?$AAh?$AAt?$AAL?$AAi?$AAn?$AAe?$AAI?$AAn?$AAV?$AAo?$AAl?$AA?$AA@ 00011b28     common.obj
 0002:00000348       ??_C@_1BM@KLMB@?$AAL?$AAe?$AAf?$AAt?$AAL?$AAi?$AAn?$AAe?$AAI?$AAn?$AAV?$AAo?$AAl?$AA?$AA@ 00011b48     common.obj
 0002:00000364       ??_C@_1BG@COJL@?$AAR?$AAi?$AAg?$AAh?$AAt?$AAC?$AAD?$AAV?$AAo?$AAl?$AA?$AA@ 00011b64     common.obj
 0002:0000037c       ??_C@_1BE@KMKA@?$AAL?$AAe?$AAf?$AAt?$AAC?$AAD?$AAV?$AAo?$AAl?$AA?$AA@ 00011b7c     common.obj
 0002:00000390       ??_C@_1BK@JCIM@?$AAR?$AAi?$AAg?$AAh?$AAt?$AAM?$AAi?$AAd?$AAi?$AAV?$AAo?$AAl?$AA?$AA@ 00011b90     common.obj
 0002:000003ac       ??_C@_1BI@KBIJ@?$AAL?$AAe?$AAf?$AAt?$AAM?$AAi?$AAd?$AAi?$AAV?$AAo?$AAl?$AA?$AA@ 00011bac     common.obj
 0002:000003c4       ??_C@_1BK@MFCG@?$AAR?$AAi?$AAg?$AAh?$AAt?$AAW?$AAa?$AAv?$AAe?$AAV?$AAo?$AAl?$AA?$AA@ 00011bc4     common.obj
 0002:000003e0       ??_C@_1BI@PGCD@?$AAL?$AAe?$AAf?$AAt?$AAW?$AAa?$AAv?$AAe?$AAV?$AAo?$AAl?$AA?$AA@ 00011be0     common.obj
 0002:000003f8       ??_C@_1BO@NHA@?$AAR?$AAi?$AAg?$AAh?$AAt?$AAM?$AAa?$AAs?$AAt?$AAe?$AAr?$AAV?$AAo?$AAl?$AA?$AA@ 00011bf8     common.obj
 0002:00000418       ??_C@_1BM@NEBF@?$AAL?$AAe?$AAf?$AAt?$AAM?$AAa?$AAs?$AAt?$AAe?$AAr?$AAV?$AAo?$AAl?$AA?$AA@ 00011c18     common.obj
 0002:00000434       ??_7CAdapterCommon@@6BIAdapterPowerManagement@@@ 00011c34     common.obj
 0002:0000044c       ??_7CAdapterCommon@@6BIAdapterCommon@@@ 00011c4c     common.obj
 0002:000004a0       ??_7CAdapterCommon@@6BCUnknown@@@ 00011ca0     common.obj
 0002:00000578       ??_7CMiniportTopologyHDA@@6BIMiniportTopology@@@ 00011d78     mintopo.obj
 0002:00000590       ??_7CMiniportTopologyHDA@@6BCUnknown@@@ 00011d90     mintopo.obj
 0002:000005a0       ??_7CMiniportWaveCyclicHDA@@6BIMiniportWaveCyclic@@@ 00011da0     minwave.obj
 0002:000005bc       ??_7CMiniportWaveCyclicHDA@@6BCUnknown@@@ 00011dbc     minwave.obj
 0002:000005cc       ??_7CMiniportWaveCyclicStreamHDA@@6BIMiniportWaveCyclicStream@@@ 00011dcc     minwave.obj
 0002:000005f0       ??_7CMiniportWaveCyclicStreamHDA@@6BCUnknown@@@ 00011df0     minwave.obj
 0002:00000600       ??_7CUnknown@@6B@          00011e00     stdunk:stdunk.obj
 0002:00000610       ??_C@_0BB@CHNF@m_lRefCount?5?$DO?$DN?50?$AA@ 00011e10     stdunk:stdunk.obj
 0002:00000624       ??_C@_0N@DIKJ@?4?2stdunk?4cpp?$AA@ 00011e24     stdunk:stdunk.obj
 0002:00000634       ??_C@_0BA@HPDB@m_lRefCount?5?$DO?50?$AA@ 00011e34     stdunk:stdunk.obj
 0002:00000644       ??_C@_06DPDC@ppVoid?$AA@   00011e44     stdunk:stdunk.obj
 0003:00000000       __GUID_b7902fe9_fb0a_11d1_81b0_0060083316c1 00011e60     adapter.obj
 0003:00000010       __GUID_d3f0ce1c_fffc_11d1_81b0_0060083316c1 00011e70     adapter.obj
 0003:00000020       __GUID_c096df9c_fb09_11d1_81b0_0060083316c1 00011e80     adapter.obj
 0003:000000f0       ?audBufSize@@3KA           00011f50     common.obj
 0003:000000f4       ?BdlSize@@3KA              00011f54     common.obj
 0003:000007f0       __GUID_185fedf6_9905_11d1_95a9_00c04fb925d3 00012650     mintopo.obj
 0003:00000800       __GUID_185fedef_9905_11d1_95a9_00c04fb925d3 00012660     mintopo.obj
 0003:00000810       __GUID_185fede1_9905_11d1_95a9_00c04fb925d3 00012670     mintopo.obj
 0003:00000820       __GUID_185fede0_9905_11d1_95a9_00c04fb925d3 00012680     mintopo.obj
 0003:00000830       __GUID_7607e580_c557_11d0_8a2b_00a0c9255ac1 00012690     mintopo.obj
 0003:00000840       __GUID_185fede3_9905_11d1_95a9_00c04fb925d3 000126a0     mintopo.obj
 0003:00000850       __GUID_da441a60_c556_11d0_8a2b_00a0c9255ac1 000126b0     mintopo.obj
 0003:00000860       __GUID_185fedee_9905_11d1_95a9_00c04fb925d3 000126c0     mintopo.obj
 0003:00000870       __GUID_02b223c0_c557_11d0_8a2b_00a0c9255ac1 000126d0     mintopo.obj
 0003:00000880       __GUID_185feded_9905_11d1_95a9_00c04fb925d3 000126e0     mintopo.obj
 0003:00000890       __GUID_e88c9ba0_c557_11d0_8a2b_00a0c9255ac1 000126f0     mintopo.obj
 0003:000008a0       __GUID_185fedec_9905_11d1_95a9_00c04fb925d3 00012700     mintopo.obj
 0003:000008b0       __GUID_185fedeb_9905_11d1_95a9_00c04fb925d3 00012710     mintopo.obj
 0003:000008c0       __GUID_185fedea_9905_11d1_95a9_00c04fb925d3 00012720     mintopo.obj
 0003:000008d0       __GUID_185fede9_9905_11d1_95a9_00c04fb925d3 00012730     mintopo.obj
 0003:000008e0       __GUID_185fede8_9905_11d1_95a9_00c04fb925d3 00012740     mintopo.obj
 0003:000008f0       __GUID_e573adc0_c555_11d0_8a2b_00a0c9255ac1 00012750     mintopo.obj
 0003:00000900       __GUID_185fede7_9905_11d1_95a9_00c04fb925d3 00012760     mintopo.obj
 0003:00000910       __GUID_185fede5_9905_11d1_95a9_00c04fb925d3 00012770     mintopo.obj
 0003:00000920       __GUID_3a5acc00_c557_11d0_8a2b_00a0c9255ac1 00012780     mintopo.obj
 0003:00000930       __GUID_45ffaaa0_6e1b_11d0_bcf2_444553540000 00012790     mintopo.obj
 0003:00000940       __GUID_6994ad04_93ef_11d0_a3cc_00a0c9223196 000127a0     mintopo.obj
 0003:00000950       __GUID_185fedf7_9905_11d1_95a9_00c04fb925d3 000127b0     mintopo.obj
 0003:00000960       __GUID_dff21ce1_f70f_11d0_b917_00a0c9223196 000127c0     mintopo.obj
 0003:00000970       __GUID_dff21be1_f70f_11d0_b917_00a0c9223196 000127d0     mintopo.obj
 0003:00000980       __GUID_185fedf9_9905_11d1_95a9_00c04fb925d3 000127e0     mintopo.obj
 0003:00000990       __GUID_dff21fe3_f70f_11d0_b917_00a0c9223196 000127f0     mintopo.obj
 0003:000009a0       __GUID_185fedfb_9905_11d1_95a9_00c04fb925d3 00012800     mintopo.obj
 0003:000009b0       __GUID_dff220e3_f70f_11d0_b917_00a0c9223196 00012810     mintopo.obj
 0003:000009c0       __GUID_185fedf8_9905_11d1_95a9_00c04fb925d3 00012820     mintopo.obj
 0003:000009d0       __GUID_dff220f3_f70f_11d0_b917_00a0c9223196 00012830     mintopo.obj
 0003:000009e0       __GUID_dff21fe4_f70f_11d0_b917_00a0c9223196 00012840     mintopo.obj
 0003:000009f0       __GUID_97e99ba0_bdea_11cf_a5d6_28db04c10000 00012850     mintopo.obj
 0003:00000c38       __GUID_507ae360_c554_11d0_8a2b_00a0c9255ac1 00012a98     minwave.obj
 0003:00000c48       __GUID_4d837fe0_c555_11d0_8a2b_00a0c9255ac1 00012aa8     minwave.obj
 0003:00000c58       __GUID_185fedfa_9905_11d1_95a9_00c04fb925d3 00012ab8     minwave.obj
 0003:00000c68       __GUID_fb6c4281_0353_11d1_905f_0000c0cc16ba 00012ac8     minwave.obj
 0003:00000c78       __GUID_05589f81_c356_11ce_bf01_00aa0055595a 00012ad8     minwave.obj
 0003:00000c88       __GUID_00000001_0000_0010_8000_00aa00389b71 00012ae8     minwave.obj
 0003:00000c98       __GUID_73647561_0000_0010_8000_00aa00389b71 00012af8     minwave.obj
 0003:00000ca8       __GUID_0f6417d6_c318_11d0_a43f_00a0c9223196 00012b08     minwave.obj
 0003:00000cb8       __GUID_518590a2_a184_11d0_8522_00c04fd9baf3 00012b18     minwave.obj
 0003:00000cc8       __GUID_00000000_0000_0000_0000_000000000000 00012b28     adapter.obj
 0004:00000000       _AddDevice@8               00012b40 f   adapter.obj
 0004:0000001a       ?InstallSubdevice@@YGJPAU_DEVICE_OBJECT@@PAU_IRP@@PAGABU_GUID@@3P6GJPAPAUIUnknown@@3PAU4@W4_POOL_TYPE@@@Z5PAUIResourceList@@344@Z 00012b5a f   adapter.obj
 0004:00000120       ?StartDevice@@YGJPAU_DEVICE_OBJECT@@PAU_IRP@@PAUIResourceList@@@Z 00012c60 f   adapter.obj
 0004:0000036e       ?AssignResources@@YGJPAUIResourceList@@PAPAU1@11111@Z 00012eae f   adapter.obj
 0004:00000624       ?NewAdapterCommon@@YGJPAPAUIUnknown@@ABU_GUID@@PAU1@W4_POOL_TYPE@@@Z 00013164 f   common.obj
 0004:000007bd       ?Init@CAdapterCommon@@UAGJPAUIResourceList@@PAU_DEVICE_OBJECT@@@Z 000132fd f   common.obj
 0004:00000b58       ??1CAdapterCommon@@UAE@XZ  00013698 f   common.obj
 0004:00000cb2       ?NonDelegatingQueryInterface@CAdapterCommon@@UAGJABU_GUID@@PAPAX@Z 000137f2 f   common.obj
 0004:00000d72       ?WavePortDriverDest@CAdapterCommon@@UAGPAPAUIUnknown@@XZ 000138b2 f   common.obj
 0004:00000d7e       ?GetInterruptSync@CAdapterCommon@@UAGPAUIInterruptSync@@XZ 000138be f   common.obj
 0004:00000d8c       ?MidiPortDriverDest@CAdapterCommon@@UAGPAPAUIUnknown@@XZ 000138cc f   common.obj
 0004:00000d98       ?SetWaveServiceGroup@CAdapterCommon@@UAGXPAUIServiceGroup@@@Z 000138d8 f   common.obj
 0004:00000dc8       ?InitHDA@CAdapterCommon@@QAGJXZ 00013908 f   common.obj
 0004:00001182       ?InitializeCodec@CAdapterCommon@@QAGJE@Z 00013cc2 f   common.obj
 0004:00001473       ?hda_initialize_audio_function_group@CAdapterCommon@@QAGXKK@Z 00013fb3 f   common.obj
 0004:00001952       ?hda_get_node_type@CAdapterCommon@@QAGEKK@Z 00014492 f   common.obj
 0004:00001974       ?hda_get_node_connection_entries@CAdapterCommon@@QAGKKKK@Z 000144b4 f   common.obj
 0004:000019fa       ?hda_set_node_gain@CAdapterCommon@@QAGXKKKKK@Z 0001453a f   common.obj
 0004:00001a68       ?hda_enable_pin_output@CAdapterCommon@@QAGXKK@Z 000145a8 f   common.obj
 0004:00001a9a       ?hda_disable_pin_output@CAdapterCommon@@QAGXKK@Z 000145da f   common.obj
 0004:00001acc       ?hda_is_headphone_connected@CAdapterCommon@@QAGHXZ 0001460c f   common.obj
 0004:00001b08       ?hda_initialize_output_pin@CAdapterCommon@@QAGXK@Z 00014648 f   common.obj
 0004:00001c62       ?hda_initalize_audio_output@CAdapterCommon@@QAGXK@Z 000147a2 f   common.obj
 0004:00001d6e       ?hda_initalize_audio_mixer@CAdapterCommon@@QAGXK@Z 000148ae f   common.obj
 0004:00001e4c       ?hda_initalize_audio_selector@CAdapterCommon@@QAGXK@Z 0001498c f   common.obj
 0004:00001f56       ?CreateMiniportTopologyHDA@@YGJPAPAUIUnknown@@ABU_GUID@@PAU1@W4_POOL_TYPE@@@Z 00014a96 f   mintopo.obj
 0004:00001fb6       ?ProcessResources@CMiniportTopologyHDA@@AAEJPAUIResourceList@@@Z 00014af6 f   mintopo.obj
 0004:00001fda       ?NonDelegatingQueryInterface@CMiniportTopologyHDA@@UAGJABU_GUID@@PAPAX@Z 00014b1a f   mintopo.obj
 0004:00002088       ??1CMiniportTopologyHDA@@UAE@XZ 00014bc8 f   mintopo.obj
 0004:000020cc       ?Init@CMiniportTopologyHDA@@UAGJPAUIUnknown@@PAUIResourceList@@PAUIPortTopology@@@Z 00014c0c f   mintopo.obj
 0004:0000212e       ?GetDescription@CMiniportTopologyHDA@@UAGJPAPAUPCFILTER_DESCRIPTOR@@@Z 00014c6e f   mintopo.obj
 0004:00002952       ?CreateMiniportWaveCyclicHDA@@YGJPAPAUIUnknown@@ABU_GUID@@PAU1@W4_POOL_TYPE@@@Z 00015492 f   minwave.obj
 0004:000029b2       ?ProcessResources@CMiniportWaveCyclicHDA@@AAEJPAUIResourceList@@@Z 000154f2 f   minwave.obj
 0004:00002a58       ?ValidateFormat@CMiniportWaveCyclicHDA@@AAEJPATKSDATAFORMAT@@@Z 00015598 f   minwave.obj
 0004:00002b32       ?NonDelegatingQueryInterface@CMiniportWaveCyclicHDA@@UAGJABU_GUID@@PAPAX@Z 00015672 f   minwave.obj
 0004:00002be0       ??1CMiniportWaveCyclicHDA@@UAE@XZ 00015720 f   minwave.obj
 0004:00002c34       ?Init@CMiniportWaveCyclicHDA@@UAGJPAUIUnknown@@PAUIResourceList@@PAUIPortWaveCyclic@@@Z 00015774 f   minwave.obj
 0004:00002cdc       ?GetDescription@CMiniportWaveCyclicHDA@@UAGJPAPAUPCFILTER_DESCRIPTOR@@@Z 0001581c f   minwave.obj
 0004:00002cec       ?DataRangeIntersection@CMiniportWaveCyclicHDA@@UAGJKPATKSDATAFORMAT@@0KPAXPAK@Z 0001582c f   minwave.obj
 0004:00002f42       ?NewStream@CMiniportWaveCyclicHDA@@UAGJPAPAUIMiniportWaveCyclicStream@@PAUIUnknown@@W4_POOL_TYPE@@KEPATKSDATAFORMAT@@PAPAUIDmaChannel@@PAPAUIServiceGroup@@@Z 00015a82 f   minwave.obj
 0004:00003082       ?NonDelegatingQueryInterface@CMiniportWaveCyclicStreamHDA@@UAGJABU_GUID@@PAPAX@Z 00015bc2 f   minwave.obj
 0004:0000310a       ??1CMiniportWaveCyclicStreamHDA@@UAE@XZ 00015c4a f   minwave.obj
 0004:00003174       ?Init@CMiniportWaveCyclicStreamHDA@@QAEJPAVCMiniportWaveCyclicHDA@@KEPATKSDATAFORMAT@@PAUIDmaChannel@@@Z 00015cb4 f   minwave.obj
 0004:000031fa       ?SetNotificationFreq@CMiniportWaveCyclicStreamHDA@@UAGKKPAK@Z 00015d3a f   minwave.obj
 0004:0000323a       ?SetFormat@CMiniportWaveCyclicStreamHDA@@UAGJPATKSDATAFORMAT@@@Z 00015d7a f   minwave.obj
 0004:000032f4       ?SetState@CMiniportWaveCyclicStreamHDA@@UAGJW4KSSTATE@@@Z 00015e34 f   minwave.obj
 0005:00000000       _DriverEntry@8             00015e80 f   adapter.obj
 0005:00000018       __IMPORT_DESCRIPTOR_ntoskrnl 00015e98     ntoskrnl:ntoskrnl.exe
 0005:0000002c       __IMPORT_DESCRIPTOR_HAL    00015eac     hal:HAL.dll
 0005:00000040       __IMPORT_DESCRIPTOR_portcls 00015ec0     portcls:portcls.sys
 0005:00000054       __NULL_IMPORT_DESCRIPTOR   00015ed4     ntoskrnl:ntoskrnl.exe

 entry point at        0005:00000000

 Static symbols

 0004:0000213e       ?PropertyHandler_OnOff@@YGJPAU_PCPROPERTY_REQUEST@@@Z 00014c7e f   mintopo.obj
 0004:000022dc       ?PropertyHandler_SuperMixCaps@@YGJPAU_PCPROPERTY_REQUEST@@@Z 00014e1c f   mintopo.obj
 0004:000024b6       ?PropertyHandler_SuperMixTable@@YGJPAU_PCPROPERTY_REQUEST@@@Z 00014ff6 f   mintopo.obj
 0004:000027d2       ?PropertyHandler_CpuResources@@YGJPAU_PCPROPERTY_REQUEST@@@Z 00015312 f   mintopo.obj
 0001:00000cda       ?PropertyHandler_Level@@YGJPAU_PCPROPERTY_REQUEST@@@Z 00010fba f   mintopo.obj
 0004:0000285e       ?BasicSupportHandler@@YGJPAU_PCPROPERTY_REQUEST@@@Z 0001539e f   mintopo.obj

 115 bytes saved through ICF

