 HDA

 Timestamp is 69581656 (Fri Jan 02 11:02:46 2026)

 Preferred load address is 00010000

 Start         Length     Name                   Class
 0001:00000000 00001631H .text                   CODE
 0002:00000000 000000b0H .idata$5                DATA
 0002:000000b0 000005a3H .rdata                  DATA
 0003:00000000 00000cc8H .data                   DATA
 0003:00000cc8 00000014H .bss                    DATA
 0004:00000000 000039d7H PAGE                    CODE
 0005:00000000 00000015H INIT                    CODE
 0005:00000018 0000003cH .idata$2                CODE
 0005:00000054 00000014H .idata$3                CODE
 0005:00000068 000000b0H .idata$4                CODE
 0005:00000118 00000390H .idata$6                CODE
 0006:00000000 00000058H .rsrc$01                DATA
 0006:00000060 00000338H .rsrc$02                DATA

  Address         Publics by Value              Rva+Base     Lib:Object

 0001:00000000       ??3@YAXPAX@Z               000102e0 f i common.obj
 0001:0000000c       ?QueryInterface@CAdapterCommon@@UAGJABU_GUID@@PAPAX@Z 000102ec f i common.obj
 0001:00000024       ?AddRef@CAdapterCommon@@UAGKXZ 00010304 f i common.obj
 0001:00000034       ?Release@CAdapterCommon@@UAGKXZ 00010314 f i common.obj
 0001:00000044       ??_GCAdapterCommon@@UAEPAXI@Z 00010324 f i common.obj
 0001:00000044       ??_ECAdapterCommon@@UAEPAXI@Z 00010324 f i common.obj
 0001:00000064       ?hda_check_headphone_connection_change@CAdapterCommon@@QAGXXZ 00010344 f   common.obj
 0001:000000da       ?hda_is_supported_sample_rate@CAdapterCommon@@QAGEK@Z 000103ba f   common.obj
 0001:00000160       ?hda_send_verb@CAdapterCommon@@QAGKKKKK@Z 00010440 f   common.obj
 0001:000002c4       ?ReadController@CAdapterCommon@@UAGEXZ 000105a4 f   common.obj
 0001:000002ca       ?WriteController@CAdapterCommon@@UAGEE@Z 000105aa f   common.obj
 0001:000002d0       ?MixerRegWrite@CAdapterCommon@@UAGXEE@Z 000105b0 f   common.obj
 0001:00000318       ?MixerRegRead@CAdapterCommon@@UAGEE@Z 000105f8 f   common.obj
 0001:00000336       ?MixerReset@CAdapterCommon@@UAGXXZ 00010616 f   common.obj
 0001:00000344       ?AcknowledgeIRQ@CAdapterCommon@@AAE?AW4_HDA_INTERRUPT_TYPE@@XZ 00010624 f   common.obj
 0001:00000458       ?ResetController@CAdapterCommon@@UAGJXZ 00010738 f   common.obj
 0001:00000478       ?RestoreMixerSettingsFromRegistry@CAdapterCommon@@UAGJXZ 00010758 f   common.obj
 0001:000005d6       ?SaveMixerSettingsToRegistry@CAdapterCommon@@UAGJXZ 000108b6 f   common.obj
 0001:000006d2       ?ProgramSampleRate@CAdapterCommon@@UAGJK@Z 000109b2 f   common.obj
 0001:00000768       ?PowerChangeState@CAdapterCommon@@UAGXT_POWER_STATE@@@Z 00010a48 f   common.obj
 0001:000007c6       ?QueryDeviceCapabilities@CAdapterCommon@@UAGJPAU_DEVICE_CAPABILITIES@@@Z 00010aa6 f   common.obj
 0001:000007c6       ?QueryPowerChangeState@CAdapterCommon@@UAGJT_POWER_STATE@@@Z 00010aa6 f   common.obj
 0001:000007cc       ?InterruptServiceRoutine@@YGJPAUIInterruptSync@@PAX@Z 00010aac f   common.obj
 0001:00000804       ?hda_stop_stream@CAdapterCommon@@UAGJXZ 00010ae4 f   common.obj
 0001:000008fa       ?hda_start_sound@CAdapterCommon@@UAGXXZ 00010bda f   common.obj
 0001:00000922       ?hda_stop_sound@CAdapterCommon@@UAGXXZ 00010c02 f   common.obj
 0001:00000968       ?hda_get_actual_stream_position@CAdapterCommon@@UAGKXZ 00010c48 f   common.obj
 0001:0000097e       ?hda_set_volume@CAdapterCommon@@QAGXKE@Z 00010c5e f   common.obj
 0001:000009d4       ?readUCHAR@CAdapterCommon@@QAGEG@Z 00010cb4 f   common.obj
 0001:000009ec       ?writeUCHAR@CAdapterCommon@@QAGXGE@Z 00010ccc f   common.obj
 0001:00000a08       ?readUSHORT@CAdapterCommon@@QAGGG@Z 00010ce8 f   common.obj
 0001:00000a20       ?writeUSHORT@CAdapterCommon@@QAGXGG@Z 00010d00 f   common.obj
 0001:00000a3c       ?readULONG@CAdapterCommon@@QAGKG@Z 00010d1c f   common.obj
 0001:00000a54       ?writeULONG@CAdapterCommon@@QAGXGK@Z 00010d34 f   common.obj
 0001:00000a70       ?hda_showtime@CAdapterCommon@@UAGJPAUIDmaChannel@@@Z 00010d50 f   common.obj
 0001:00000bb0       ?hda_return_sound_data_format@CAdapterCommon@@QAGGKKK@Z 00010e90 f   common.obj
 0001:00000c72       ?ReadWriteConfigSpace@CAdapterCommon@@AAGJPAU_DEVICE_OBJECT@@KPAXKK@Z 00010f52 f   common.obj
 0001:00000d1a       ?WriteConfigSpaceByte@CAdapterCommon@@AAGJEEE@Z 00010ffa f   common.obj
 0001:00000d50       ?WriteConfigSpaceWord@CAdapterCommon@@AAGJEGG@Z 00011030 f   common.obj
 0001:00000d86       ?QueryInterface@CAdapterCommon@@W3AGJABU_GUID@@PAPAX@Z 00011066 f i common.obj
 0001:00000d90       ?AddRef@CAdapterCommon@@W3AGKXZ 00011070 f i common.obj
 0001:00000d9a       ?Release@CAdapterCommon@@W3AGKXZ 0001107a f i common.obj
 0001:00000da4       ?QueryInterface@CMiniportTopologyHDA@@UAGJABU_GUID@@PAPAX@Z 00011084 f i mintopo.obj
 0001:00000da4       ?QueryInterface@CMiniportWaveCyclicHDA@@UAGJABU_GUID@@PAPAX@Z 00011084 f i mintopo.obj
 0001:00000da4       ?QueryInterface@CMiniportWaveCyclicStreamHDA@@UAGJABU_GUID@@PAPAX@Z 00011084 f i mintopo.obj
 0001:00000dbc       ?DataRangeIntersection@CMiniportTopologyHDA@@UAGJKPATKSDATAFORMAT@@0KPAXPAK@Z 0001109c f i mintopo.obj
 0001:00000dc4       ??_GCMiniportTopologyHDA@@UAEPAXI@Z 000110a4 f i mintopo.obj
 0001:00000dc4       ??_ECMiniportTopologyHDA@@UAEPAXI@Z 000110a4 f i mintopo.obj
 0001:000011c2       ?ReadBitsFromMixer@CMiniportTopologyHDA@@AAEEEEE@Z 000114a2 f   mintopo.obj
 0001:000011ea       ?WriteBitsToMixer@CMiniportTopologyHDA@@AAEXEEEE@Z 000114ca f   mintopo.obj
 0001:00001240       ?AddRef@CMiniportTopologyHDA@@UAGKXZ 00011520 f i minwave.obj
 0001:00001240       ?AddRef@CMiniportWaveCyclicStreamHDA@@UAGKXZ 00011520 f i minwave.obj
 0001:00001240       ?AddRef@CMiniportWaveCyclicHDA@@UAGKXZ 00011520 f i minwave.obj
 0001:00001250       ??_ECMiniportWaveCyclicHDA@@UAEPAXI@Z 00011530 f i minwave.obj
 0001:00001250       ??_GCMiniportWaveCyclicHDA@@UAEPAXI@Z 00011530 f i minwave.obj
 0001:00001270       ?Release@CMiniportTopologyHDA@@UAGKXZ 00011550 f i minwave.obj
 0001:00001270       ?Release@CMiniportWaveCyclicStreamHDA@@UAGKXZ 00011550 f i minwave.obj
 0001:00001270       ?Release@CMiniportWaveCyclicHDA@@UAGKXZ 00011550 f i minwave.obj
 0001:00001280       ??_ECMiniportWaveCyclicStreamHDA@@UAEPAXI@Z 00011560 f i minwave.obj
 0001:00001280       ??_GCMiniportWaveCyclicStreamHDA@@UAEPAXI@Z 00011560 f i minwave.obj
 0001:000012a0       ?GetPosition@CMiniportWaveCyclicStreamHDA@@UAGJPAK@Z 00011580 f   minwave.obj
 0001:00001302       ?NormalizePhysicalPosition@CMiniportWaveCyclicStreamHDA@@UAGJPA_J@Z 000115e2 f   minwave.obj
 0001:0000134a       ?Silence@CMiniportWaveCyclicStreamHDA@@UAGXPAXK@Z 0001162a f   minwave.obj
 0001:00001384       _DbgPrint                  00011664 f   ntoskrnl:ntoskrnl.exe
 0001:0000138a       __alldiv                   0001166a f   ntoskrnl:ntoskrnl.exe
 0001:00001390       __allmul                   00011670 f   ntoskrnl:ntoskrnl.exe
 0001:00001396       _PcInitializeAdapterDriver@12 00011676 f   portcls:portcls.sys
 0001:0000139c       _PcAddAdapterDevice@20     0001167c f   portcls:portcls.sys
 0001:000013a2       _PcRegisterSubdevice@12    00011682 f   portcls:portcls.sys
 0001:000013a8       _PcNewMiniport@8           00011688 f   portcls:portcls.sys
 0001:000013ae       _PcNewPort@8               0001168e f   portcls:portcls.sys
 0001:000013b4       _PcRegisterPhysicalConnection@20 00011694 f   portcls:portcls.sys
 0001:000013ba       _PcRegisterAdapterPowerManagement@8 0001169a f   portcls:portcls.sys
 0001:000013c0       _PcNewResourceSublist@20   000116a0 f   portcls:portcls.sys
 0001:000013c6       _PcNewInterruptSync@20     000116a6 f   portcls:portcls.sys
 0001:000013cc       _PcNewRegistryKey@36       000116ac f   portcls:portcls.sys
 0001:000013d2       _PcNewServiceGroup@8       000116b2 f   portcls:portcls.sys
 0001:000013e0       ??0CUnknown@@QAE@PAUIUnknown@@@Z 000116c0 f   stdunk:stdunk.obj
 0001:00001430       ??_GCUnknown@@UAEPAXI@Z    00011710 f i stdunk:stdunk.obj
 0001:00001430       ??_ECUnknown@@UAEPAXI@Z    00011710 f i stdunk:stdunk.obj
 0001:00001460       ??0INonDelegatingUnknown@@QAE@XZ 00011740 f i stdunk:stdunk.obj
 0001:00001470       ??1CUnknown@@UAE@XZ        00011750 f   stdunk:stdunk.obj
 0001:00001490       ?NonDelegatingAddRef@CUnknown@@UAGKXZ 00011770 f   stdunk:stdunk.obj
 0001:000014d0       ?NonDelegatingRelease@CUnknown@@UAGKXZ 000117b0 f   stdunk:stdunk.obj
 0001:00001550       ?NonDelegatingQueryInterface@CUnknown@@UAGJABU_GUID@@PAPAX@Z 00011830 f   stdunk:stdunk.obj
 0001:000015c0       _IsEqualGUIDAligned@8      000118a0 f i stdunk:stdunk.obj
 0002:00000000       __imp_@KfAcquireSpinLock@4 00011920     hal:HAL.dll
 0002:00000004       __imp_@KfReleaseSpinLock@8 00011924     hal:HAL.dll
 0002:00000008       __imp__KeStallExecutionProcessor@4 00011928     hal:HAL.dll
 0002:0000000c       \177HAL_NULL_THUNK_DATA    0001192c     hal:HAL.dll
 0002:00000010       __imp__KeInitializeSpinLock@4 00011930     ntoskrnl:ntoskrnl.exe
 0002:00000014       __imp__MmUnmapIoSpace@8    00011934     ntoskrnl:ntoskrnl.exe
 0002:00000018       __imp__READ_REGISTER_ULONG@4 00011938     ntoskrnl:ntoskrnl.exe
 0002:0000001c       __imp__DbgPrint            0001193c     ntoskrnl:ntoskrnl.exe
 0002:00000020       __imp__WRITE_REGISTER_ULONG@8 00011940     ntoskrnl:ntoskrnl.exe
 0002:00000024       __imp__RtlInitUnicodeString@8 00011944     ntoskrnl:ntoskrnl.exe
 0002:00000028       __imp__READ_REGISTER_UCHAR@4 00011948     ntoskrnl:ntoskrnl.exe
 0002:0000002c       __imp__WRITE_REGISTER_UCHAR@8 0001194c     ntoskrnl:ntoskrnl.exe
 0002:00000030       __imp__READ_REGISTER_USHORT@4 00011950     ntoskrnl:ntoskrnl.exe
 0002:00000034       __imp__ExAllocatePoolWithTag@12 00011954     ntoskrnl:ntoskrnl.exe
 0002:00000038       __imp__MmMapIoSpace@16     00011958     ntoskrnl:ntoskrnl.exe
 0002:0000003c       __imp__KeWaitForSingleObject@20 0001195c     ntoskrnl:ntoskrnl.exe
 0002:00000040       __imp_@IofCallDriver@8     00011960     ntoskrnl:ntoskrnl.exe
 0002:00000044       __imp__IoBuildSynchronousFsdRequest@28 00011964     ntoskrnl:ntoskrnl.exe
 0002:00000048       __imp__IoGetAttachedDeviceReference@4 00011968     ntoskrnl:ntoskrnl.exe
 0002:0000004c       __imp__KeInitializeEvent@12 0001196c     ntoskrnl:ntoskrnl.exe
 0002:00000050       __imp__KeInitializeMutex@8 00011970     ntoskrnl:ntoskrnl.exe
 0002:00000054       __imp__KeReleaseMutex@8    00011974     ntoskrnl:ntoskrnl.exe
 0002:00000058       __imp__ExFreePool@4        00011978     ntoskrnl:ntoskrnl.exe
 0002:0000005c       __imp___allmul             0001197c     ntoskrnl:ntoskrnl.exe
 0002:00000060       __imp__IoGetDmaAdapter@12  00011980     ntoskrnl:ntoskrnl.exe
 0002:00000064       __imp__WRITE_REGISTER_USHORT@8 00011984     ntoskrnl:ntoskrnl.exe
 0002:00000068       __imp_@ObfDereferenceObject@4 00011988     ntoskrnl:ntoskrnl.exe
 0002:0000006c       __imp___alldiv             0001198c     ntoskrnl:ntoskrnl.exe
 0002:00000070       __imp__RtlAssert@16        00011990     ntoskrnl:ntoskrnl.exe
 0002:00000074       __imp_@InterlockedIncrement@4 00011994     ntoskrnl:ntoskrnl.exe
 0002:00000078       __imp_@InterlockedDecrement@4 00011998     ntoskrnl:ntoskrnl.exe
 0002:0000007c       \177ntoskrnl_NULL_THUNK_DATA 0001199c     ntoskrnl:ntoskrnl.exe
 0002:00000080       __imp__PcRegisterSubdevice@12 000119a0     portcls:portcls.sys
 0002:00000084       __imp__PcNewPort@8         000119a4     portcls:portcls.sys
 0002:00000088       __imp__PcRegisterPhysicalConnection@20 000119a8     portcls:portcls.sys
 0002:0000008c       __imp__PcAddAdapterDevice@20 000119ac     portcls:portcls.sys
 0002:00000090       __imp__PcNewMiniport@8     000119b0     portcls:portcls.sys
 0002:00000094       __imp__PcNewInterruptSync@20 000119b4     portcls:portcls.sys
 0002:00000098       __imp__PcNewRegistryKey@36 000119b8     portcls:portcls.sys
 0002:0000009c       __imp__PcNewServiceGroup@8 000119bc     portcls:portcls.sys
 0002:000000a0       __imp__PcRegisterAdapterPowerManagement@8 000119c0     portcls:portcls.sys
 0002:000000a4       __imp__PcInitializeAdapterDriver@12 000119c4     portcls:portcls.sys
 0002:000000a8       __imp__PcNewResourceSublist@20 000119c8     portcls:portcls.sys
 0002:000000ac       \177portcls_NULL_THUNK_DATA 000119cc     portcls:portcls.sys
 0002:00000108       _IID_IAdapterCommon        00011a28     adapter.obj
 0002:00000118       _CLSID_MiniportDriverFmSynth 00011a38     adapter.obj
 0002:00000128       _CLSID_PortWaveCyclic      00011a48     adapter.obj
 0002:00000138       _CLSID_PortTopology        00011a58     adapter.obj
 0002:00000148       _CLSID_PortMidi            00011a68     adapter.obj
 0002:00000158       _IID_IAdapterPowerManagment 00011a78     adapter.obj
 0002:00000168       _IID_IMiniportWaveCyclicStream 00011a88     adapter.obj
 0002:00000178       _IID_IMiniportWaveCyclic   00011a98     adapter.obj
 0002:00000188       _IID_IPortWaveCyclic       00011aa8     adapter.obj
 0002:00000198       _IID_IMiniportTopology     00011ab8     adapter.obj
 0002:000001a8       _IID_IMiniport             00011ac8     adapter.obj
 0002:000001b8       _IID_IUnknown              00011ad8     adapter.obj
 0002:000001c8       ??_C@_1BE@ENEK@?$AAR?$AAi?$AAg?$AAh?$AAt?$AAB?$AAa?$AAs?$AAs?$AA?$AA@ 00011ae8     common.obj
 0002:000001dc       ??_C@_1BC@JMJO@?$AAL?$AAe?$AAf?$AAt?$AAB?$AAa?$AAs?$AAs?$AA?$AA@ 00011afc     common.obj
 0002:000001f0       ??_C@_1BI@KGAJ@?$AAR?$AAi?$AAg?$AAh?$AAt?$AAT?$AAr?$AAe?$AAb?$AAl?$AAe?$AA?$AA@ 00011b10     common.obj
 0002:00000208       ??_C@_1BG@BGGD@?$AAL?$AAe?$AAf?$AAt?$AAT?$AAr?$AAe?$AAb?$AAl?$AAe?$AA?$AA@ 00011b28     common.obj
 0002:00000220       ??_C@_1O@IECC@?$AAM?$AAi?$AAc?$AAA?$AAG?$AAC?$AA?$AA@ 00011b40     common.obj
 0002:00000230       ??_C@_1CA@EJHI@?$AAR?$AAi?$AAg?$AAh?$AAt?$AAO?$AAu?$AAt?$AAp?$AAu?$AAt?$AAG?$AAa?$AAi?$AAn?$AA?$AA@ 00011b50     common.obj
 0002:00000250       ??_C@_1BO@PPLI@?$AAL?$AAe?$AAf?$AAt?$AAO?$AAu?$AAt?$AAp?$AAu?$AAt?$AAG?$AAa?$AAi?$AAn?$AA?$AA@ 00011b70     common.obj
 0002:00000270       ??_C@_1BO@PMCJ@?$AAR?$AAi?$AAg?$AAh?$AAt?$AAI?$AAn?$AAp?$AAu?$AAt?$AAG?$AAa?$AAi?$AAn?$AA?$AA@ 00011b90     common.obj
 0002:00000290       ??_C@_1BM@CFEM@?$AAL?$AAe?$AAf?$AAt?$AAI?$AAn?$AAp?$AAu?$AAt?$AAG?$AAa?$AAi?$AAn?$AA?$AA@ 00011bb0     common.obj
 0002:000002ac       ??_C@_1CA@CIKM@?$AAR?$AAi?$AAg?$AAh?$AAt?$AAI?$AAn?$AAp?$AAu?$AAt?$AAM?$AAi?$AAx?$AAe?$AAr?$AA?$AA@ 00011bcc     common.obj
 0002:000002cc       ??_C@_1BO@JOGM@?$AAL?$AAe?$AAf?$AAt?$AAI?$AAn?$AAp?$AAu?$AAt?$AAM?$AAi?$AAx?$AAe?$AAr?$AA?$AA@ 00011bec     common.obj
 0002:000002ec       ??_C@_1BI@BMOJ@?$AAO?$AAu?$AAt?$AAp?$AAu?$AAt?$AAM?$AAi?$AAx?$AAe?$AAr?$AA?$AA@ 00011c0c     common.obj
 0002:00000304       ??_C@_1BE@GLOL@?$AAP?$AAc?$AAS?$AAp?$AAk?$AAr?$AAV?$AAo?$AAl?$AA?$AA@ 00011c24     common.obj
 0002:00000318       ??_C@_1O@MNBB@?$AAM?$AAi?$AAc?$AAV?$AAo?$AAl?$AA?$AA@ 00011c38     common.obj
 0002:00000328       ??_C@_1BO@HCKE@?$AAR?$AAi?$AAg?$AAh?$AAt?$AAL?$AAi?$AAn?$AAe?$AAI?$AAn?$AAV?$AAo?$AAl?$AA?$AA@ 00011c48     common.obj
 0002:00000348       ??_C@_1BM@KLMB@?$AAL?$AAe?$AAf?$AAt?$AAL?$AAi?$AAn?$AAe?$AAI?$AAn?$AAV?$AAo?$AAl?$AA?$AA@ 00011c68     common.obj
 0002:00000364       ??_C@_1BG@COJL@?$AAR?$AAi?$AAg?$AAh?$AAt?$AAC?$AAD?$AAV?$AAo?$AAl?$AA?$AA@ 00011c84     common.obj
 0002:0000037c       ??_C@_1BE@KMKA@?$AAL?$AAe?$AAf?$AAt?$AAC?$AAD?$AAV?$AAo?$AAl?$AA?$AA@ 00011c9c     common.obj
 0002:00000390       ??_C@_1BK@JCIM@?$AAR?$AAi?$AAg?$AAh?$AAt?$AAM?$AAi?$AAd?$AAi?$AAV?$AAo?$AAl?$AA?$AA@ 00011cb0     common.obj
 0002:000003ac       ??_C@_1BI@KBIJ@?$AAL?$AAe?$AAf?$AAt?$AAM?$AAi?$AAd?$AAi?$AAV?$AAo?$AAl?$AA?$AA@ 00011ccc     common.obj
 0002:000003c4       ??_C@_1BK@MFCG@?$AAR?$AAi?$AAg?$AAh?$AAt?$AAW?$AAa?$AAv?$AAe?$AAV?$AAo?$AAl?$AA?$AA@ 00011ce4     common.obj
 0002:000003e0       ??_C@_1BI@PGCD@?$AAL?$AAe?$AAf?$AAt?$AAW?$AAa?$AAv?$AAe?$AAV?$AAo?$AAl?$AA?$AA@ 00011d00     common.obj
 0002:000003f8       ??_C@_1BO@NHA@?$AAR?$AAi?$AAg?$AAh?$AAt?$AAM?$AAa?$AAs?$AAt?$AAe?$AAr?$AAV?$AAo?$AAl?$AA?$AA@ 00011d18     common.obj
 0002:00000418       ??_C@_1BM@NEBF@?$AAL?$AAe?$AAf?$AAt?$AAM?$AAa?$AAs?$AAt?$AAe?$AAr?$AAV?$AAo?$AAl?$AA?$AA@ 00011d38     common.obj
 0002:00000434       ??_7CAdapterCommon@@6BIAdapterPowerManagement@@@ 00011d54     common.obj
 0002:0000044c       ??_7CAdapterCommon@@6BIAdapterCommon@@@ 00011d6c     common.obj
 0002:000004a4       ??_7CAdapterCommon@@6BCUnknown@@@ 00011dc4     common.obj
 0002:00000580       ??_7CMiniportTopologyHDA@@6BIMiniportTopology@@@ 00011ea0     mintopo.obj
 0002:00000598       ??_7CMiniportTopologyHDA@@6BCUnknown@@@ 00011eb8     mintopo.obj
 0002:000005a8       ??_7CMiniportWaveCyclicHDA@@6BIMiniportWaveCyclic@@@ 00011ec8     minwave.obj
 0002:000005c4       ??_7CMiniportWaveCyclicHDA@@6BCUnknown@@@ 00011ee4     minwave.obj
 0002:000005d4       ??_7CMiniportWaveCyclicStreamHDA@@6BIMiniportWaveCyclicStream@@@ 00011ef4     minwave.obj
 0002:000005f8       ??_7CMiniportWaveCyclicStreamHDA@@6BCUnknown@@@ 00011f18     minwave.obj
 0002:00000608       ??_7CUnknown@@6B@          00011f28     stdunk:stdunk.obj
 0002:00000618       ??_C@_0BB@CHNF@m_lRefCount?5?$DO?$DN?50?$AA@ 00011f38     stdunk:stdunk.obj
 0002:0000062c       ??_C@_0N@DIKJ@?4?2stdunk?4cpp?$AA@ 00011f4c     stdunk:stdunk.obj
 0002:0000063c       ??_C@_0BA@HPDB@m_lRefCount?5?$DO?50?$AA@ 00011f5c     stdunk:stdunk.obj
 0002:0000064c       ??_C@_06DPDC@ppVoid?$AA@   00011f6c     stdunk:stdunk.obj
 0003:00000000       __GUID_b7902fe9_fb0a_11d1_81b0_0060083316c1 00011f80     adapter.obj
 0003:00000010       __GUID_d3f0ce1c_fffc_11d1_81b0_0060083316c1 00011f90     adapter.obj
 0003:00000020       __GUID_c096df9c_fb09_11d1_81b0_0060083316c1 00011fa0     adapter.obj
 0003:000000f0       ?audBufSize@@3KA           00012070     common.obj
 0003:000000f4       ?BdlSize@@3KA              00012074     common.obj
 0003:000007f0       __GUID_185fedf6_9905_11d1_95a9_00c04fb925d3 00012770     mintopo.obj
 0003:00000800       __GUID_185fedef_9905_11d1_95a9_00c04fb925d3 00012780     mintopo.obj
 0003:00000810       __GUID_185fede1_9905_11d1_95a9_00c04fb925d3 00012790     mintopo.obj
 0003:00000820       __GUID_185fede0_9905_11d1_95a9_00c04fb925d3 000127a0     mintopo.obj
 0003:00000830       __GUID_7607e580_c557_11d0_8a2b_00a0c9255ac1 000127b0     mintopo.obj
 0003:00000840       __GUID_185fede3_9905_11d1_95a9_00c04fb925d3 000127c0     mintopo.obj
 0003:00000850       __GUID_da441a60_c556_11d0_8a2b_00a0c9255ac1 000127d0     mintopo.obj
 0003:00000860       __GUID_185fedee_9905_11d1_95a9_00c04fb925d3 000127e0     mintopo.obj
 0003:00000870       __GUID_02b223c0_c557_11d0_8a2b_00a0c9255ac1 000127f0     mintopo.obj
 0003:00000880       __GUID_185feded_9905_11d1_95a9_00c04fb925d3 00012800     mintopo.obj
 0003:00000890       __GUID_e88c9ba0_c557_11d0_8a2b_00a0c9255ac1 00012810     mintopo.obj
 0003:000008a0       __GUID_185fedec_9905_11d1_95a9_00c04fb925d3 00012820     mintopo.obj
 0003:000008b0       __GUID_185fedeb_9905_11d1_95a9_00c04fb925d3 00012830     mintopo.obj
 0003:000008c0       __GUID_185fedea_9905_11d1_95a9_00c04fb925d3 00012840     mintopo.obj
 0003:000008d0       __GUID_185fede9_9905_11d1_95a9_00c04fb925d3 00012850     mintopo.obj
 0003:000008e0       __GUID_185fede8_9905_11d1_95a9_00c04fb925d3 00012860     mintopo.obj
 0003:000008f0       __GUID_e573adc0_c555_11d0_8a2b_00a0c9255ac1 00012870     mintopo.obj
 0003:00000900       __GUID_185fede7_9905_11d1_95a9_00c04fb925d3 00012880     mintopo.obj
 0003:00000910       __GUID_185fede5_9905_11d1_95a9_00c04fb925d3 00012890     mintopo.obj
 0003:00000920       __GUID_3a5acc00_c557_11d0_8a2b_00a0c9255ac1 000128a0     mintopo.obj
 0003:00000930       __GUID_45ffaaa0_6e1b_11d0_bcf2_444553540000 000128b0     mintopo.obj
 0003:00000940       __GUID_6994ad04_93ef_11d0_a3cc_00a0c9223196 000128c0     mintopo.obj
 0003:00000950       __GUID_185fedf7_9905_11d1_95a9_00c04fb925d3 000128d0     mintopo.obj
 0003:00000960       __GUID_dff21ce1_f70f_11d0_b917_00a0c9223196 000128e0     mintopo.obj
 0003:00000970       __GUID_dff21be1_f70f_11d0_b917_00a0c9223196 000128f0     mintopo.obj
 0003:00000980       __GUID_185fedf9_9905_11d1_95a9_00c04fb925d3 00012900     mintopo.obj
 0003:00000990       __GUID_dff21fe3_f70f_11d0_b917_00a0c9223196 00012910     mintopo.obj
 0003:000009a0       __GUID_185fedfb_9905_11d1_95a9_00c04fb925d3 00012920     mintopo.obj
 0003:000009b0       __GUID_dff220e3_f70f_11d0_b917_00a0c9223196 00012930     mintopo.obj
 0003:000009c0       __GUID_185fedf8_9905_11d1_95a9_00c04fb925d3 00012940     mintopo.obj
 0003:000009d0       __GUID_dff220f3_f70f_11d0_b917_00a0c9223196 00012950     mintopo.obj
 0003:000009e0       __GUID_dff21fe4_f70f_11d0_b917_00a0c9223196 00012960     mintopo.obj
 0003:000009f0       __GUID_97e99ba0_bdea_11cf_a5d6_28db04c10000 00012970     mintopo.obj
 0003:00000c38       __GUID_507ae360_c554_11d0_8a2b_00a0c9255ac1 00012bb8     minwave.obj
 0003:00000c48       __GUID_4d837fe0_c555_11d0_8a2b_00a0c9255ac1 00012bc8     minwave.obj
 0003:00000c58       __GUID_185fedfa_9905_11d1_95a9_00c04fb925d3 00012bd8     minwave.obj
 0003:00000c68       __GUID_fb6c4281_0353_11d1_905f_0000c0cc16ba 00012be8     minwave.obj
 0003:00000c78       __GUID_05589f81_c356_11ce_bf01_00aa0055595a 00012bf8     minwave.obj
 0003:00000c88       __GUID_00000001_0000_0010_8000_00aa00389b71 00012c08     minwave.obj
 0003:00000c98       __GUID_73647561_0000_0010_8000_00aa00389b71 00012c18     minwave.obj
 0003:00000ca8       __GUID_0f6417d6_c318_11d0_a43f_00a0c9223196 00012c28     minwave.obj
 0003:00000cb8       __GUID_518590a2_a184_11d0_8522_00c04fd9baf3 00012c38     minwave.obj
 0003:00000cc8       __GUID_00000000_0000_0000_0000_000000000000 00012c48     adapter.obj
 0004:00000000       _AddDevice@8               00012c60 f   adapter.obj
 0004:0000001a       ?InstallSubdevice@@YGJPAU_DEVICE_OBJECT@@PAU_IRP@@PAGABU_GUID@@3P6GJPAPAUIUnknown@@3PAU4@W4_POOL_TYPE@@@Z5PAUIResourceList@@344@Z 00012c7a f   adapter.obj
 0004:00000120       ?StartDevice@@YGJPAU_DEVICE_OBJECT@@PAU_IRP@@PAUIResourceList@@@Z 00012d80 f   adapter.obj
 0004:0000036e       ?AssignResources@@YGJPAUIResourceList@@PAPAU1@11111@Z 00012fce f   adapter.obj
 0004:00000624       ?NewAdapterCommon@@YGJPAPAUIUnknown@@ABU_GUID@@PAU1@W4_POOL_TYPE@@@Z 00013284 f   common.obj
 0004:00000895       ?Init@CAdapterCommon@@UAGJPAUIResourceList@@PAU_DEVICE_OBJECT@@@Z 000134f5 f   common.obj
 0004:00000fb8       ??1CAdapterCommon@@UAE@XZ  00013c18 f   common.obj
 0004:0000110c       ?NonDelegatingQueryInterface@CAdapterCommon@@UAGJABU_GUID@@PAPAX@Z 00013d6c f   common.obj
 0004:000011cc       ?WavePortDriverDest@CAdapterCommon@@UAGPAPAUIUnknown@@XZ 00013e2c f   common.obj
 0004:000011d8       ?GetInterruptSync@CAdapterCommon@@UAGPAUIInterruptSync@@XZ 00013e38 f   common.obj
 0004:000011e6       ?MidiPortDriverDest@CAdapterCommon@@UAGPAPAUIUnknown@@XZ 00013e46 f   common.obj
 0004:000011f2       ?SetWaveServiceGroup@CAdapterCommon@@UAGXPAUIServiceGroup@@@Z 00013e52 f   common.obj
 0004:00001222       ?InitHDAController@CAdapterCommon@@QAGJXZ 00013e82 f   common.obj
 0004:00001690       ?InitializeCodec@CAdapterCommon@@QAGJE@Z 000142f0 f   common.obj
 0004:00001a17       ?hda_initialize_audio_function_group@CAdapterCommon@@QAGXKK@Z 00014677 f   common.obj
 0004:00001fac       ?hda_get_node_type@CAdapterCommon@@QAGEKK@Z 00014c0c f   common.obj
 0004:00001fce       ?hda_get_node_connection_entries@CAdapterCommon@@QAGKKKK@Z 00014c2e f   common.obj
 0004:00002054       ?hda_set_node_gain@CAdapterCommon@@QAGXKKKKKE@Z 00014cb4 f   common.obj
 0004:000020be       ?hda_enable_pin_output@CAdapterCommon@@QAGXKK@Z 00014d1e f   common.obj
 0004:000020f0       ?hda_disable_pin_output@CAdapterCommon@@QAGXKK@Z 00014d50 f   common.obj
 0004:00002122       ?hda_is_headphone_connected@CAdapterCommon@@QAGHXZ 00014d82 f   common.obj
 0004:0000215e       ?hda_initialize_output_pin@CAdapterCommon@@QAGXK@Z 00014dbe f   common.obj
 0004:000022d4       ?hda_initialize_audio_output@CAdapterCommon@@QAGXK@Z 00014f34 f   common.obj
 0004:000023fc       ?hda_initialize_audio_mixer@CAdapterCommon@@QAGXK@Z 0001505c f   common.obj
 0004:000024f6       ?hda_initialize_audio_selector@CAdapterCommon@@QAGXK@Z 00015156 f   common.obj
 0004:0000261a       ?CreateMiniportTopologyHDA@@YGJPAPAUIUnknown@@ABU_GUID@@PAU1@W4_POOL_TYPE@@@Z 0001527a f   mintopo.obj
 0004:0000267a       ?ProcessResources@CMiniportTopologyHDA@@AAEJPAUIResourceList@@@Z 000152da f   mintopo.obj
 0004:0000269e       ?NonDelegatingQueryInterface@CMiniportTopologyHDA@@UAGJABU_GUID@@PAPAX@Z 000152fe f   mintopo.obj
 0004:0000274c       ??1CMiniportTopologyHDA@@UAE@XZ 000153ac f   mintopo.obj
 0004:00002790       ?Init@CMiniportTopologyHDA@@UAGJPAUIUnknown@@PAUIResourceList@@PAUIPortTopology@@@Z 000153f0 f   mintopo.obj
 0004:000027f2       ?GetDescription@CMiniportTopologyHDA@@UAGJPAPAUPCFILTER_DESCRIPTOR@@@Z 00015452 f   mintopo.obj
 0004:00003016       ?CreateMiniportWaveCyclicHDA@@YGJPAPAUIUnknown@@ABU_GUID@@PAU1@W4_POOL_TYPE@@@Z 00015c76 f   minwave.obj
 0004:00003076       ?ProcessResources@CMiniportWaveCyclicHDA@@AAEJPAUIResourceList@@@Z 00015cd6 f   minwave.obj
 0004:0000311c       ?ValidateFormat@CMiniportWaveCyclicHDA@@AAEJPATKSDATAFORMAT@@@Z 00015d7c f   minwave.obj
 0004:000031f8       ?NonDelegatingQueryInterface@CMiniportWaveCyclicHDA@@UAGJABU_GUID@@PAPAX@Z 00015e58 f   minwave.obj
 0004:000032a6       ??1CMiniportWaveCyclicHDA@@UAE@XZ 00015f06 f   minwave.obj
 0004:000032fa       ?Init@CMiniportWaveCyclicHDA@@UAGJPAUIUnknown@@PAUIResourceList@@PAUIPortWaveCyclic@@@Z 00015f5a f   minwave.obj
 0004:000033a2       ?GetDescription@CMiniportWaveCyclicHDA@@UAGJPAPAUPCFILTER_DESCRIPTOR@@@Z 00016002 f   minwave.obj
 0004:000033b2       ?DataRangeIntersection@CMiniportWaveCyclicHDA@@UAGJKPATKSDATAFORMAT@@0KPAXPAK@Z 00016012 f   minwave.obj
 0004:00003608       ?NewStream@CMiniportWaveCyclicHDA@@UAGJPAPAUIMiniportWaveCyclicStream@@PAUIUnknown@@W4_POOL_TYPE@@KEPATKSDATAFORMAT@@PAPAUIDmaChannel@@PAPAUIServiceGroup@@@Z 00016268 f   minwave.obj
 0004:00003748       ?NonDelegatingQueryInterface@CMiniportWaveCyclicStreamHDA@@UAGJABU_GUID@@PAPAX@Z 000163a8 f   minwave.obj
 0004:000037d0       ??1CMiniportWaveCyclicStreamHDA@@UAE@XZ 00016430 f   minwave.obj
 0004:0000383a       ?Init@CMiniportWaveCyclicStreamHDA@@QAEJPAVCMiniportWaveCyclicHDA@@KEPATKSDATAFORMAT@@PAUIDmaChannel@@@Z 0001649a f   minwave.obj
 0004:000038c0       ?SetNotificationFreq@CMiniportWaveCyclicStreamHDA@@UAGKKPAK@Z 00016520 f   minwave.obj
 0004:00003900       ?SetFormat@CMiniportWaveCyclicStreamHDA@@UAGJPATKSDATAFORMAT@@@Z 00016560 f   minwave.obj
 0004:0000398c       ?SetState@CMiniportWaveCyclicStreamHDA@@UAGJW4KSSTATE@@@Z 000165ec f   minwave.obj
 0005:00000000       _DriverEntry@8             00016640 f   adapter.obj
 0005:00000018       __IMPORT_DESCRIPTOR_ntoskrnl 00016658     ntoskrnl:ntoskrnl.exe
 0005:0000002c       __IMPORT_DESCRIPTOR_HAL    0001666c     hal:HAL.dll
 0005:00000040       __IMPORT_DESCRIPTOR_portcls 00016680     portcls:portcls.sys
 0005:00000054       __NULL_IMPORT_DESCRIPTOR   00016694     ntoskrnl:ntoskrnl.exe

 entry point at        0005:00000000

 Static symbols

 0004:00002802       ?PropertyHandler_OnOff@@YGJPAU_PCPROPERTY_REQUEST@@@Z 00015462 f   mintopo.obj
 0004:000029a0       ?PropertyHandler_SuperMixCaps@@YGJPAU_PCPROPERTY_REQUEST@@@Z 00015600 f   mintopo.obj
 0004:00002b7a       ?PropertyHandler_SuperMixTable@@YGJPAU_PCPROPERTY_REQUEST@@@Z 000157da f   mintopo.obj
 0004:00002e96       ?PropertyHandler_CpuResources@@YGJPAU_PCPROPERTY_REQUEST@@@Z 00015af6 f   mintopo.obj
 0001:00000de4       ?PropertyHandler_Level@@YGJPAU_PCPROPERTY_REQUEST@@@Z 000110c4 f   mintopo.obj
 0004:00002f22       ?BasicSupportHandler@@YGJPAU_PCPROPERTY_REQUEST@@@Z 00015b82 f   mintopo.obj

 115 bytes saved through ICF

