 HDA

 Timestamp is 69a28dc7 (Fri Feb 27 22:40:07 2026)

 Preferred load address is 00010000

 Start         Length     Name                   Class
 0001:00000000 00002ae1H .text                   CODE
 0002:00000000 000000b0H .idata$5                DATA
 0002:000000b0 0000069fH .rdata                  DATA
 0003:00000000 00000d10H .data                   DATA
 0003:00000d10 00000016H .bss                    DATA
 0004:00000000 00002ef5H PAGE                    CODE
 0005:00000000 00000015H INIT                    CODE
 0005:00000018 0000003cH .idata$2                CODE
 0005:00000054 00000014H .idata$3                CODE
 0005:00000068 000000b0H .idata$4                CODE
 0005:00000118 00000390H .idata$6                CODE
 0006:00000000 00000058H .rsrc$01                DATA
 0006:00000060 000003d8H .rsrc$02                DATA

  Address         Publics by Value              Rva+Base     Lib:Object

 0001:00000000       ??3@YAXPAX@Z               000102e0 f i common.obj
 0001:0000000c       ?QueryInterface@CAdapterCommon@@UAGJABU_GUID@@PAPAX@Z 000102ec f i common.obj
 0001:00000024       ?AddRef@CAdapterCommon@@UAGKXZ 00010304 f i common.obj
 0001:00000034       ?Release@CAdapterCommon@@UAGKXZ 00010314 f i common.obj
 0001:00000044       ??_GCAdapterCommon@@UAEPAXI@Z 00010324 f i common.obj
 0001:00000044       ??_ECAdapterCommon@@UAEPAXI@Z 00010324 f i common.obj
 0001:00000064       ?hda_is_supported_sample_rate@CAdapterCommon@@UAGEK@Z 00010344 f   common.obj
 0001:000000b0       ?hda_send_verb@CAdapterCommon@@UAGKKKKK@Z 00010390 f   common.obj
 0001:00000214       ?ReadController@CAdapterCommon@@UAGEXZ 000104f4 f   common.obj
 0001:0000021a       ?WriteController@CAdapterCommon@@UAGEE@Z 000104fa f   common.obj
 0001:00000220       ?MixerRegWrite@CAdapterCommon@@UAGXEE@Z 00010500 f   common.obj
 0001:0000026c       ?MixerRegRead@CAdapterCommon@@UAGEE@Z 0001054c f   common.obj
 0001:0000028a       ?MixerReset@CAdapterCommon@@UAGXXZ 0001056a f   common.obj
 0001:00000298       ?AcknowledgeIRQ@CAdapterCommon@@AAE?AW4_HDA_INTERRUPT_TYPE@@XZ 00010578 f   common.obj
 0001:000003ac       ?ResetController@CAdapterCommon@@UAGJXZ 0001068c f   common.obj
 0001:000003d4       ?RestoreMixerSettingsFromRegistry@CAdapterCommon@@UAGJXZ 000106b4 f   common.obj
 0001:00000532       ?SaveMixerSettingsToRegistry@CAdapterCommon@@UAGJXZ 00010812 f   common.obj
 0001:0000062e       ?ProgramSampleRate@CAdapterCommon@@UAGJK@Z 0001090e f   common.obj
 0001:0000068e       ?PowerChangeState@CAdapterCommon@@UAGXT_POWER_STATE@@@Z 0001096e f   common.obj
 0001:000006ec       ?QueryPowerChangeState@CAdapterCommon@@UAGJT_POWER_STATE@@@Z 000109cc f   common.obj
 0001:000006ec       ?QueryDeviceCapabilities@CAdapterCommon@@UAGJPAU_DEVICE_CAPABILITIES@@@Z 000109cc f   common.obj
 0001:000006f2       ?InterruptServiceRoutine@@YGJPAUIInterruptSync@@PAX@Z 000109d2 f   common.obj
 0001:0000072a       ?hda_stop_stream@CAdapterCommon@@UAGJXZ 00010a0a f   common.obj
 0001:00000820       ?hda_start_sound@CAdapterCommon@@UAGXXZ 00010b00 f   common.obj
 0001:0000085e       ?hda_stop_sound@CAdapterCommon@@UAGXXZ 00010b3e f   common.obj
 0001:000008a4       ?hda_get_actual_stream_position@CAdapterCommon@@UAGKXZ 00010b84 f   common.obj
 0001:0000090e       ?hda_set_volume@CAdapterCommon@@QAGXKE@Z 00010bee f   common.obj
 0001:0000094e       ?readUCHAR@CAdapterCommon@@QAGEG@Z 00010c2e f   common.obj
 0001:00000966       ?writeUCHAR@CAdapterCommon@@QAGXGE@Z 00010c46 f   common.obj
 0001:00000982       ?readUSHORT@CAdapterCommon@@QAGGG@Z 00010c62 f   common.obj
 0001:0000099a       ?writeUSHORT@CAdapterCommon@@QAGXGG@Z 00010c7a f   common.obj
 0001:000009b6       ?readULONG@CAdapterCommon@@QAGKG@Z 00010c96 f   common.obj
 0001:000009ce       ?writeULONG@CAdapterCommon@@QAGXGK@Z 00010cae f   common.obj
 0001:000009ea       ?hda_showtime@CAdapterCommon@@UAGJPAUIDmaChannel@@@Z 00010cca f   common.obj
 0001:00000b2a       ?hda_return_sound_data_format@CAdapterCommon@@QAGGKKK@Z 00010e0a f   common.obj
 0001:00000b2a       ?hda_return_sound_data_format@HDA_Codec@@QAGGKKK@Z 00010e0a f   common.obj
 0001:00000bec       ?ReadWriteConfigSpace@CAdapterCommon@@AAGJPAU_DEVICE_OBJECT@@KPAXKK@Z 00010ecc f   common.obj
 0001:00000c94       ?WriteConfigSpaceByte@CAdapterCommon@@AAGJEEE@Z 00010f74 f   common.obj
 0001:00000cca       ?WriteConfigSpaceWord@CAdapterCommon@@AAGJEGG@Z 00010faa f   common.obj
 0001:00000d00       ?QueryInterface@CAdapterCommon@@W3AGJABU_GUID@@PAPAX@Z 00010fe0 f i common.obj
 0001:00000d0a       ?AddRef@CAdapterCommon@@W3AGKXZ 00010fea f i common.obj
 0001:00000d14       ?Release@CAdapterCommon@@W3AGKXZ 00010ff4 f i common.obj
 0001:00000d1e       ??0HDA_Codec@@QAE@EEEPAUIAdapterCommon@@@Z 00010ffe f   codec.obj
 0001:00000d64       ??1HDA_Codec@@QAE@XZ       00011044 f   codec.obj
 0001:00000d88       ?InitializeCodec@HDA_Codec@@QAGJXZ 00011068 f   codec.obj
 0001:0000120a       ?hda_initialize_audio_function_group@HDA_Codec@@QAGJK@Z 000114ea f   codec.obj
 0001:000018cc       ?hda_get_node_type@HDA_Codec@@QAGEK@Z 00011bac f   codec.obj
 0001:000018ea       ?hda_get_node_connection_entries@HDA_Codec@@QAGKKK@Z 00011bca f   codec.obj
 0001:00001968       ?hda_enable_pin_output@HDA_Codec@@QAGXK@Z 00011c48 f   codec.obj
 0001:00001994       ?hda_disable_pin_output@HDA_Codec@@QAGXK@Z 00011c74 f   codec.obj
 0001:000019c0       ?hda_is_headphone_connected@HDA_Codec@@QAGEXZ 00011ca0 f   codec.obj
 0001:000019f2       ?hda_initialize_output_pin@HDA_Codec@@QAGXKAAUHDA_NODE_PATH@@@Z 00011cd2 f   codec.obj
 0001:00001b14       ?hda_initialize_audio_output@HDA_Codec@@QAGXKAAUHDA_NODE_PATH@@@Z 00011df4 f   codec.obj
 0001:00001c26       ?hda_initialize_audio_mixer@HDA_Codec@@QAGXKAAUHDA_NODE_PATH@@@Z 00011f06 f   codec.obj
 0001:00001d04       ?hda_initialize_audio_selector@HDA_Codec@@QAGXKAAUHDA_NODE_PATH@@@Z 00011fe4 f   codec.obj
 0001:00001e12       ?ProgramSampleRate@HDA_Codec@@QAGJK@Z 000120f2 f   codec.obj
 0001:00001e9e       ?hda_check_headphone_connection_change@HDA_Codec@@QAGXXZ 0001217e f   codec.obj
 0001:00001efa       ?hda_is_supported_sample_rate@HDA_Codec@@QAGEK@Z 000121da f   codec.obj
 0001:00001f98       ?hda_set_volume@HDA_Codec@@QAGXKE@Z 00012278 f   codec.obj
 0001:00001fce       ?hda_set_node_gain@HDA_Codec@@QAGXKKKKE@Z 000122ae f   codec.obj
 0001:00002036       ?hda_send_verb@HDA_Codec@@QAGJKKK@Z 00012316 f   codec.obj
 0001:00002056       ?DataRangeIntersection@CMiniportTopologyHDA@@UAGJKPATKSDATAFORMAT@@0KPAXPAK@Z 00012336 f i mintopo.obj
 0001:0000205e       ??_GCMiniportTopologyHDA@@UAEPAXI@Z 0001233e f i mintopo.obj
 0001:0000205e       ??_ECMiniportTopologyHDA@@UAEPAXI@Z 0001233e f i mintopo.obj
 0001:0000245c       ?ReadBitsFromMixer@CMiniportTopologyHDA@@AAEEEEE@Z 0001273c f   mintopo.obj
 0001:00002484       ?WriteBitsToMixer@CMiniportTopologyHDA@@AAEXEEEE@Z 00012764 f   mintopo.obj
 0001:000024da       ?QueryInterface@CMiniportTopologyHDA@@UAGJABU_GUID@@PAPAX@Z 000127ba f i minwave.obj
 0001:000024da       ?QueryInterface@CMiniportWaveCyclicHDA@@UAGJABU_GUID@@PAPAX@Z 000127ba f i minwave.obj
 0001:000024da       ?QueryInterface@CMiniportWaveCyclicStreamHDA@@UAGJABU_GUID@@PAPAX@Z 000127ba f i minwave.obj
 0001:000024f2       ??_ECMiniportWaveCyclicHDA@@UAEPAXI@Z 000127d2 f i minwave.obj
 0001:000024f2       ??_GCMiniportWaveCyclicHDA@@UAEPAXI@Z 000127d2 f i minwave.obj
 0001:00002512       ??0CMyDmaChannel@@QAE@PAUIDmaChannel@@@Z 000127f2 f i minwave.obj
 0001:0000253a       ?QueryInterface@CMyDmaChannel@@UAGJABU_GUID@@PAPAX@Z 0001281a f i minwave.obj
 0001:0000258a       ?AddRef@CMyDmaChannel@@UAGKXZ 0001286a f i minwave.obj
 0001:0000259a       ?Release@CMyDmaChannel@@UAGKXZ 0001287a f i minwave.obj
 0001:000025c6       ?AllocateBuffer@CMyDmaChannel@@UAGJKPAT_LARGE_INTEGER@@@Z 000128a6 f i minwave.obj
 0001:00002620       ?FreeBuffer@CMyDmaChannel@@UAGXXZ 00012900 f i minwave.obj
 0001:0000264c       ?SystemAddress@CMyDmaChannel@@UAGPAXXZ 0001292c f i minwave.obj
 0001:00002668       ?CopyTo@CMyDmaChannel@@UAGXPAX0K@Z 00012948 f i minwave.obj
 0001:00002668       ?CopyFrom@CMyDmaChannel@@UAGXPAX0K@Z 00012948 f i minwave.obj
 0001:0000268a       ?TransferCount@CMyDmaChannel@@UAGKXZ 0001296a f i minwave.obj
 0001:0000269a       ?MaximumBufferSize@CMyDmaChannel@@UAGKXZ 0001297a f i minwave.obj
 0001:000026aa       ?AllocatedBufferSize@CMyDmaChannel@@UAGKXZ 0001298a f i minwave.obj
 0001:000026ba       ?BufferSize@CMyDmaChannel@@UAGKXZ 0001299a f i minwave.obj
 0001:000026ca       ?SetBufferSize@CMyDmaChannel@@UAGXK@Z 000129aa f i minwave.obj
 0001:000026de       ?PhysicalAddress@CMyDmaChannel@@UAG?AT_LARGE_INTEGER@@XZ 000129be f i minwave.obj
 0001:00002706       ?GetAdapterObject@CMyDmaChannel@@UAGPAU_DMA_ADAPTER@@XZ 000129e6 f i minwave.obj
 0001:00002716       ?AddRef@CMiniportTopologyHDA@@UAGKXZ 000129f6 f i minwave.obj
 0001:00002716       ?AddRef@CMiniportWaveCyclicStreamHDA@@UAGKXZ 000129f6 f i minwave.obj
 0001:00002716       ?AddRef@CMiniportWaveCyclicHDA@@UAGKXZ 000129f6 f i minwave.obj
 0001:00002726       ?Release@CMiniportTopologyHDA@@UAGKXZ 00012a06 f i minwave.obj
 0001:00002726       ?Release@CMiniportWaveCyclicStreamHDA@@UAGKXZ 00012a06 f i minwave.obj
 0001:00002726       ?Release@CMiniportWaveCyclicHDA@@UAGKXZ 00012a06 f i minwave.obj
 0001:00002736       ??_ECMiniportWaveCyclicStreamHDA@@UAEPAXI@Z 00012a16 f i minwave.obj
 0001:00002736       ??_GCMiniportWaveCyclicStreamHDA@@UAEPAXI@Z 00012a16 f i minwave.obj
 0001:00002756       ?GetPosition@CMiniportWaveCyclicStreamHDA@@UAGJPAK@Z 00012a36 f   minwave.obj
 0001:000027b8       ?NormalizePhysicalPosition@CMiniportWaveCyclicStreamHDA@@UAGJPA_J@Z 00012a98 f   minwave.obj
 0001:00002800       ?Silence@CMiniportWaveCyclicStreamHDA@@UAGXPAXK@Z 00012ae0 f   minwave.obj
 0001:0000283a       _DbgPrint                  00012b1a f   ntoskrnl:ntoskrnl.exe
 0001:00002840       __alldiv                   00012b20 f   ntoskrnl:ntoskrnl.exe
 0001:00002846       __allmul                   00012b26 f   ntoskrnl:ntoskrnl.exe
 0001:0000284c       _PcInitializeAdapterDriver@12 00012b2c f   portcls:portcls.sys
 0001:00002852       _PcAddAdapterDevice@20     00012b32 f   portcls:portcls.sys
 0001:00002858       _PcRegisterSubdevice@12    00012b38 f   portcls:portcls.sys
 0001:0000285e       _PcNewMiniport@8           00012b3e f   portcls:portcls.sys
 0001:00002864       _PcNewPort@8               00012b44 f   portcls:portcls.sys
 0001:0000286a       _PcRegisterPhysicalConnection@20 00012b4a f   portcls:portcls.sys
 0001:00002870       _PcRegisterAdapterPowerManagement@8 00012b50 f   portcls:portcls.sys
 0001:00002876       _PcNewResourceSublist@20   00012b56 f   portcls:portcls.sys
 0001:0000287c       _PcNewInterruptSync@20     00012b5c f   portcls:portcls.sys
 0001:00002882       _PcNewRegistryKey@36       00012b62 f   portcls:portcls.sys
 0001:00002888       _PcNewServiceGroup@8       00012b68 f   portcls:portcls.sys
 0001:00002890       ??0CUnknown@@QAE@PAUIUnknown@@@Z 00012b70 f   stdunk:stdunk.obj
 0001:000028e0       ??_GCUnknown@@UAEPAXI@Z    00012bc0 f i stdunk:stdunk.obj
 0001:000028e0       ??_ECUnknown@@UAEPAXI@Z    00012bc0 f i stdunk:stdunk.obj
 0001:00002910       ??0INonDelegatingUnknown@@QAE@XZ 00012bf0 f i stdunk:stdunk.obj
 0001:00002920       ??1CUnknown@@UAE@XZ        00012c00 f   stdunk:stdunk.obj
 0001:00002940       ?NonDelegatingAddRef@CUnknown@@UAGKXZ 00012c20 f   stdunk:stdunk.obj
 0001:00002980       ?NonDelegatingRelease@CUnknown@@UAGKXZ 00012c60 f   stdunk:stdunk.obj
 0001:00002a00       ?NonDelegatingQueryInterface@CUnknown@@UAGJABU_GUID@@PAPAX@Z 00012ce0 f   stdunk:stdunk.obj
 0001:00002a70       _IsEqualGUIDAligned@8      00012d50 f i stdunk:stdunk.obj
 0002:00000000       __imp_@KfAcquireSpinLock@4 00012de0     hal:HAL.dll
 0002:00000004       __imp_@KfReleaseSpinLock@8 00012de4     hal:HAL.dll
 0002:00000008       __imp__KeStallExecutionProcessor@4 00012de8     hal:HAL.dll
 0002:0000000c       \177HAL_NULL_THUNK_DATA    00012dec     hal:HAL.dll
 0002:00000010       __imp__KeInitializeSpinLock@4 00012df0     ntoskrnl:ntoskrnl.exe
 0002:00000014       __imp__MmUnmapIoSpace@8    00012df4     ntoskrnl:ntoskrnl.exe
 0002:00000018       __imp__RtlInitUnicodeString@8 00012df8     ntoskrnl:ntoskrnl.exe
 0002:0000001c       __imp__READ_REGISTER_ULONG@4 00012dfc     ntoskrnl:ntoskrnl.exe
 0002:00000020       __imp__DbgPrint            00012e00     ntoskrnl:ntoskrnl.exe
 0002:00000024       __imp__WRITE_REGISTER_ULONG@8 00012e04     ntoskrnl:ntoskrnl.exe
 0002:00000028       __imp__READ_REGISTER_UCHAR@4 00012e08     ntoskrnl:ntoskrnl.exe
 0002:0000002c       __imp__WRITE_REGISTER_UCHAR@8 00012e0c     ntoskrnl:ntoskrnl.exe
 0002:00000030       __imp__READ_REGISTER_USHORT@4 00012e10     ntoskrnl:ntoskrnl.exe
 0002:00000034       __imp__WRITE_REGISTER_USHORT@8 00012e14     ntoskrnl:ntoskrnl.exe
 0002:00000038       __imp__ExAllocatePoolWithTag@12 00012e18     ntoskrnl:ntoskrnl.exe
 0002:0000003c       __imp__MmMapIoSpace@16     00012e1c     ntoskrnl:ntoskrnl.exe
 0002:00000040       __imp_@IofCallDriver@8     00012e20     ntoskrnl:ntoskrnl.exe
 0002:00000044       __imp__IoBuildSynchronousFsdRequest@28 00012e24     ntoskrnl:ntoskrnl.exe
 0002:00000048       __imp__IoGetAttachedDeviceReference@4 00012e28     ntoskrnl:ntoskrnl.exe
 0002:0000004c       __imp__KeInitializeEvent@12 00012e2c     ntoskrnl:ntoskrnl.exe
 0002:00000050       __imp_@InterlockedIncrement@4 00012e30     ntoskrnl:ntoskrnl.exe
 0002:00000054       __imp_@InterlockedDecrement@4 00012e34     ntoskrnl:ntoskrnl.exe
 0002:00000058       __imp__ExFreePool@4        00012e38     ntoskrnl:ntoskrnl.exe
 0002:0000005c       __imp__KeReleaseMutex@8    00012e3c     ntoskrnl:ntoskrnl.exe
 0002:00000060       __imp___alldiv             00012e40     ntoskrnl:ntoskrnl.exe
 0002:00000064       __imp___allmul             00012e44     ntoskrnl:ntoskrnl.exe
 0002:00000068       __imp__IoGetDmaAdapter@12  00012e48     ntoskrnl:ntoskrnl.exe
 0002:0000006c       __imp_@ObfDereferenceObject@4 00012e4c     ntoskrnl:ntoskrnl.exe
 0002:00000070       __imp__KeWaitForSingleObject@20 00012e50     ntoskrnl:ntoskrnl.exe
 0002:00000074       __imp__KeInitializeMutex@8 00012e54     ntoskrnl:ntoskrnl.exe
 0002:00000078       __imp__RtlAssert@16        00012e58     ntoskrnl:ntoskrnl.exe
 0002:0000007c       \177ntoskrnl_NULL_THUNK_DATA 00012e5c     ntoskrnl:ntoskrnl.exe
 0002:00000080       __imp__PcRegisterSubdevice@12 00012e60     portcls:portcls.sys
 0002:00000084       __imp__PcNewMiniport@8     00012e64     portcls:portcls.sys
 0002:00000088       __imp__PcNewPort@8         00012e68     portcls:portcls.sys
 0002:0000008c       __imp__PcRegisterPhysicalConnection@20 00012e6c     portcls:portcls.sys
 0002:00000090       __imp__PcAddAdapterDevice@20 00012e70     portcls:portcls.sys
 0002:00000094       __imp__PcInitializeAdapterDriver@12 00012e74     portcls:portcls.sys
 0002:00000098       __imp__PcNewResourceSublist@20 00012e78     portcls:portcls.sys
 0002:0000009c       __imp__PcNewInterruptSync@20 00012e7c     portcls:portcls.sys
 0002:000000a0       __imp__PcNewRegistryKey@36 00012e80     portcls:portcls.sys
 0002:000000a4       __imp__PcNewServiceGroup@8 00012e84     portcls:portcls.sys
 0002:000000a8       __imp__PcRegisterAdapterPowerManagement@8 00012e88     portcls:portcls.sys
 0002:000000ac       \177portcls_NULL_THUNK_DATA 00012e8c     portcls:portcls.sys
 0002:00000108       _IID_IAdapterCommon        00012ee8     adapter.obj
 0002:00000118       _CLSID_MiniportDriverFmSynth 00012ef8     adapter.obj
 0002:00000128       _CLSID_PortWaveCyclic      00012f08     adapter.obj
 0002:00000138       _CLSID_PortTopology        00012f18     adapter.obj
 0002:00000148       _CLSID_PortMidi            00012f28     adapter.obj
 0002:00000158       _IID_IAdapterPowerManagment 00012f38     adapter.obj
 0002:00000168       _IID_IMiniportWaveCyclicStream 00012f48     adapter.obj
 0002:00000178       _IID_IMiniportWaveCyclic   00012f58     adapter.obj
 0002:00000188       _IID_IPortWaveCyclic       00012f68     adapter.obj
 0002:00000198       _IID_IMiniportTopology     00012f78     adapter.obj
 0002:000001a8       _IID_IDmaChannel           00012f88     adapter.obj
 0002:000001b8       _IID_IMiniport             00012f98     adapter.obj
 0002:000001c8       _IID_IUnknown              00012fa8     adapter.obj
 0002:000001d8       ??_C@_1BE@FFBG@?$AAU?$AAs?$AAe?$AAD?$AAm?$AAa?$AAP?$AAo?$AAs?$AA?$AA@ 00012fb8     common.obj
 0002:000001ec       ??_C@_1CA@DADJ@?$AAU?$AAs?$AAe?$AAD?$AAi?$AAs?$AAa?$AAb?$AAl?$AAe?$AAd?$AAP?$AAi?$AAn?$AAs?$AA?$AA@ 00012fcc     common.obj
 0002:0000020c       ??_C@_1BC@MBIB@?$AAU?$AAs?$AAe?$AAS?$AAP?$AAD?$AAI?$AAF?$AA?$AA@ 00012fec     common.obj
 0002:00000220       ??_C@_1BE@ONOC@?$AAU?$AAs?$AAe?$AAA?$AAl?$AAt?$AAO?$AAu?$AAt?$AA?$AA@ 00013000     common.obj
 0002:00000234       ??_C@_1BO@LMMA@?$AAS?$AAk?$AAi?$AAp?$AAC?$AAo?$AAd?$AAe?$AAc?$AAR?$AAe?$AAs?$AAe?$AAt?$AA?$AA@ 00013014     common.obj
 0002:00000254       ??_C@_1CI@JKGI@?$AAS?$AAk?$AAi?$AAp?$AAC?$AAo?$AAn?$AAt?$AAr?$AAo?$AAl?$AAl?$AAe?$AAr?$AAR?$AAe?$AAs?$AAe?$AAt?$AA?$AA@ 00013034     common.obj
 0002:0000027c       ??_C@_1BE@ENEK@?$AAR?$AAi?$AAg?$AAh?$AAt?$AAB?$AAa?$AAs?$AAs?$AA?$AA@ 0001305c     common.obj
 0002:00000290       ??_C@_1BC@JMJO@?$AAL?$AAe?$AAf?$AAt?$AAB?$AAa?$AAs?$AAs?$AA?$AA@ 00013070     common.obj
 0002:000002a4       ??_C@_1BI@KGAJ@?$AAR?$AAi?$AAg?$AAh?$AAt?$AAT?$AAr?$AAe?$AAb?$AAl?$AAe?$AA?$AA@ 00013084     common.obj
 0002:000002bc       ??_C@_1BG@BGGD@?$AAL?$AAe?$AAf?$AAt?$AAT?$AAr?$AAe?$AAb?$AAl?$AAe?$AA?$AA@ 0001309c     common.obj
 0002:000002d4       ??_C@_1O@IECC@?$AAM?$AAi?$AAc?$AAA?$AAG?$AAC?$AA?$AA@ 000130b4     common.obj
 0002:000002e4       ??_C@_1CA@EJHI@?$AAR?$AAi?$AAg?$AAh?$AAt?$AAO?$AAu?$AAt?$AAp?$AAu?$AAt?$AAG?$AAa?$AAi?$AAn?$AA?$AA@ 000130c4     common.obj
 0002:00000304       ??_C@_1BO@PPLI@?$AAL?$AAe?$AAf?$AAt?$AAO?$AAu?$AAt?$AAp?$AAu?$AAt?$AAG?$AAa?$AAi?$AAn?$AA?$AA@ 000130e4     common.obj
 0002:00000324       ??_C@_1BO@PMCJ@?$AAR?$AAi?$AAg?$AAh?$AAt?$AAI?$AAn?$AAp?$AAu?$AAt?$AAG?$AAa?$AAi?$AAn?$AA?$AA@ 00013104     common.obj
 0002:00000344       ??_C@_1BM@CFEM@?$AAL?$AAe?$AAf?$AAt?$AAI?$AAn?$AAp?$AAu?$AAt?$AAG?$AAa?$AAi?$AAn?$AA?$AA@ 00013124     common.obj
 0002:00000360       ??_C@_1CA@CIKM@?$AAR?$AAi?$AAg?$AAh?$AAt?$AAI?$AAn?$AAp?$AAu?$AAt?$AAM?$AAi?$AAx?$AAe?$AAr?$AA?$AA@ 00013140     common.obj
 0002:00000380       ??_C@_1BO@JOGM@?$AAL?$AAe?$AAf?$AAt?$AAI?$AAn?$AAp?$AAu?$AAt?$AAM?$AAi?$AAx?$AAe?$AAr?$AA?$AA@ 00013160     common.obj
 0002:000003a0       ??_C@_1BI@BMOJ@?$AAO?$AAu?$AAt?$AAp?$AAu?$AAt?$AAM?$AAi?$AAx?$AAe?$AAr?$AA?$AA@ 00013180     common.obj
 0002:000003b8       ??_C@_1BE@GLOL@?$AAP?$AAc?$AAS?$AAp?$AAk?$AAr?$AAV?$AAo?$AAl?$AA?$AA@ 00013198     common.obj
 0002:000003cc       ??_C@_1O@MNBB@?$AAM?$AAi?$AAc?$AAV?$AAo?$AAl?$AA?$AA@ 000131ac     common.obj
 0002:000003dc       ??_C@_1BO@HCKE@?$AAR?$AAi?$AAg?$AAh?$AAt?$AAL?$AAi?$AAn?$AAe?$AAI?$AAn?$AAV?$AAo?$AAl?$AA?$AA@ 000131bc     common.obj
 0002:000003fc       ??_C@_1BM@KLMB@?$AAL?$AAe?$AAf?$AAt?$AAL?$AAi?$AAn?$AAe?$AAI?$AAn?$AAV?$AAo?$AAl?$AA?$AA@ 000131dc     common.obj
 0002:00000418       ??_C@_1BG@COJL@?$AAR?$AAi?$AAg?$AAh?$AAt?$AAC?$AAD?$AAV?$AAo?$AAl?$AA?$AA@ 000131f8     common.obj
 0002:00000430       ??_C@_1BE@KMKA@?$AAL?$AAe?$AAf?$AAt?$AAC?$AAD?$AAV?$AAo?$AAl?$AA?$AA@ 00013210     common.obj
 0002:00000444       ??_C@_1BK@JCIM@?$AAR?$AAi?$AAg?$AAh?$AAt?$AAM?$AAi?$AAd?$AAi?$AAV?$AAo?$AAl?$AA?$AA@ 00013224     common.obj
 0002:00000460       ??_C@_1BI@KBIJ@?$AAL?$AAe?$AAf?$AAt?$AAM?$AAi?$AAd?$AAi?$AAV?$AAo?$AAl?$AA?$AA@ 00013240     common.obj
 0002:00000478       ??_C@_1BK@MFCG@?$AAR?$AAi?$AAg?$AAh?$AAt?$AAW?$AAa?$AAv?$AAe?$AAV?$AAo?$AAl?$AA?$AA@ 00013258     common.obj
 0002:00000494       ??_C@_1BI@PGCD@?$AAL?$AAe?$AAf?$AAt?$AAW?$AAa?$AAv?$AAe?$AAV?$AAo?$AAl?$AA?$AA@ 00013274     common.obj
 0002:000004ac       ??_C@_1BO@NHA@?$AAR?$AAi?$AAg?$AAh?$AAt?$AAM?$AAa?$AAs?$AAt?$AAe?$AAr?$AAV?$AAo?$AAl?$AA?$AA@ 0001328c     common.obj
 0002:000004cc       ??_C@_1BM@NEBF@?$AAL?$AAe?$AAf?$AAt?$AAM?$AAa?$AAs?$AAt?$AAe?$AAr?$AAV?$AAo?$AAl?$AA?$AA@ 000132ac     common.obj
 0002:000004e8       ??_7CAdapterCommon@@6BIAdapterPowerManagement@@@ 000132c8     common.obj
 0002:00000500       ??_7CAdapterCommon@@6BIAdapterCommon@@@ 000132e0     common.obj
 0002:00000564       ??_7CAdapterCommon@@6BCUnknown@@@ 00013344     common.obj
 0002:00000640       ??_7CMiniportTopologyHDA@@6BIMiniportTopology@@@ 00013420     mintopo.obj
 0002:00000658       ??_7CMiniportTopologyHDA@@6BCUnknown@@@ 00013438     mintopo.obj
 0002:00000668       ??_7CMiniportWaveCyclicHDA@@6BIMiniportWaveCyclic@@@ 00013448     minwave.obj
 0002:00000684       ??_7CMiniportWaveCyclicHDA@@6BCUnknown@@@ 00013464     minwave.obj
 0002:00000694       ??_7CMyDmaChannel@@6B@     00013474     minwave.obj
 0002:000006d0       ??_7CMiniportWaveCyclicStreamHDA@@6BIMiniportWaveCyclicStream@@@ 000134b0     minwave.obj
 0002:000006f4       ??_7CMiniportWaveCyclicStreamHDA@@6BCUnknown@@@ 000134d4     minwave.obj
 0002:00000704       ??_7CUnknown@@6B@          000134e4     stdunk:stdunk.obj
 0002:00000714       ??_C@_0BB@CHNF@m_lRefCount?5?$DO?$DN?50?$AA@ 000134f4     stdunk:stdunk.obj
 0002:00000728       ??_C@_0N@DIKJ@?4?2stdunk?4cpp?$AA@ 00013508     stdunk:stdunk.obj
 0002:00000738       ??_C@_0BA@HPDB@m_lRefCount?5?$DO?50?$AA@ 00013518     stdunk:stdunk.obj
 0002:00000748       ??_C@_06DPDC@ppVoid?$AA@   00013528     stdunk:stdunk.obj
 0003:00000000       __GUID_b7902fe9_fb0a_11d1_81b0_0060083316c1 00013540     adapter.obj
 0003:00000010       __GUID_d3f0ce1c_fffc_11d1_81b0_0060083316c1 00013550     adapter.obj
 0003:00000020       __GUID_c096df9c_fb09_11d1_81b0_0060083316c1 00013560     adapter.obj
 0003:00000138       ?audBufSize@@3KA           00013678     common.obj
 0003:0000013c       ?BdlSize@@3KA              0001367c     common.obj
 0003:00000838       __GUID_185fedf6_9905_11d1_95a9_00c04fb925d3 00013d78     mintopo.obj
 0003:00000848       __GUID_185fedef_9905_11d1_95a9_00c04fb925d3 00013d88     mintopo.obj
 0003:00000858       __GUID_185fede1_9905_11d1_95a9_00c04fb925d3 00013d98     mintopo.obj
 0003:00000868       __GUID_185fede0_9905_11d1_95a9_00c04fb925d3 00013da8     mintopo.obj
 0003:00000878       __GUID_7607e580_c557_11d0_8a2b_00a0c9255ac1 00013db8     mintopo.obj
 0003:00000888       __GUID_185fede3_9905_11d1_95a9_00c04fb925d3 00013dc8     mintopo.obj
 0003:00000898       __GUID_da441a60_c556_11d0_8a2b_00a0c9255ac1 00013dd8     mintopo.obj
 0003:000008a8       __GUID_185fedee_9905_11d1_95a9_00c04fb925d3 00013de8     mintopo.obj
 0003:000008b8       __GUID_02b223c0_c557_11d0_8a2b_00a0c9255ac1 00013df8     mintopo.obj
 0003:000008c8       __GUID_185feded_9905_11d1_95a9_00c04fb925d3 00013e08     mintopo.obj
 0003:000008d8       __GUID_e88c9ba0_c557_11d0_8a2b_00a0c9255ac1 00013e18     mintopo.obj
 0003:000008e8       __GUID_185fedec_9905_11d1_95a9_00c04fb925d3 00013e28     mintopo.obj
 0003:000008f8       __GUID_185fedeb_9905_11d1_95a9_00c04fb925d3 00013e38     mintopo.obj
 0003:00000908       __GUID_185fedea_9905_11d1_95a9_00c04fb925d3 00013e48     mintopo.obj
 0003:00000918       __GUID_185fede9_9905_11d1_95a9_00c04fb925d3 00013e58     mintopo.obj
 0003:00000928       __GUID_185fede8_9905_11d1_95a9_00c04fb925d3 00013e68     mintopo.obj
 0003:00000938       __GUID_e573adc0_c555_11d0_8a2b_00a0c9255ac1 00013e78     mintopo.obj
 0003:00000948       __GUID_185fede7_9905_11d1_95a9_00c04fb925d3 00013e88     mintopo.obj
 0003:00000958       __GUID_185fede5_9905_11d1_95a9_00c04fb925d3 00013e98     mintopo.obj
 0003:00000968       __GUID_3a5acc00_c557_11d0_8a2b_00a0c9255ac1 00013ea8     mintopo.obj
 0003:00000978       __GUID_45ffaaa0_6e1b_11d0_bcf2_444553540000 00013eb8     mintopo.obj
 0003:00000988       __GUID_6994ad04_93ef_11d0_a3cc_00a0c9223196 00013ec8     mintopo.obj
 0003:00000998       __GUID_185fedf7_9905_11d1_95a9_00c04fb925d3 00013ed8     mintopo.obj
 0003:000009a8       __GUID_dff21ce1_f70f_11d0_b917_00a0c9223196 00013ee8     mintopo.obj
 0003:000009b8       __GUID_dff21be1_f70f_11d0_b917_00a0c9223196 00013ef8     mintopo.obj
 0003:000009c8       __GUID_185fedf9_9905_11d1_95a9_00c04fb925d3 00013f08     mintopo.obj
 0003:000009d8       __GUID_dff21fe3_f70f_11d0_b917_00a0c9223196 00013f18     mintopo.obj
 0003:000009e8       __GUID_185fedfb_9905_11d1_95a9_00c04fb925d3 00013f28     mintopo.obj
 0003:000009f8       __GUID_dff220e3_f70f_11d0_b917_00a0c9223196 00013f38     mintopo.obj
 0003:00000a08       __GUID_185fedf8_9905_11d1_95a9_00c04fb925d3 00013f48     mintopo.obj
 0003:00000a18       __GUID_dff220f3_f70f_11d0_b917_00a0c9223196 00013f58     mintopo.obj
 0003:00000a28       __GUID_dff21fe4_f70f_11d0_b917_00a0c9223196 00013f68     mintopo.obj
 0003:00000a38       __GUID_97e99ba0_bdea_11cf_a5d6_28db04c10000 00013f78     mintopo.obj
 0003:00000c80       __GUID_507ae360_c554_11d0_8a2b_00a0c9255ac1 000141c0     minwave.obj
 0003:00000c90       __GUID_4d837fe0_c555_11d0_8a2b_00a0c9255ac1 000141d0     minwave.obj
 0003:00000ca0       __GUID_185fedfa_9905_11d1_95a9_00c04fb925d3 000141e0     minwave.obj
 0003:00000cb0       __GUID_fb6c4281_0353_11d1_905f_0000c0cc16ba 000141f0     minwave.obj
 0003:00000cc0       __GUID_05589f81_c356_11ce_bf01_00aa0055595a 00014200     minwave.obj
 0003:00000cd0       __GUID_00000001_0000_0010_8000_00aa00389b71 00014210     minwave.obj
 0003:00000ce0       __GUID_73647561_0000_0010_8000_00aa00389b71 00014220     minwave.obj
 0003:00000cf0       __GUID_0f6417d6_c318_11d0_a43f_00a0c9223196 00014230     minwave.obj
 0003:00000d00       __GUID_518590a2_a184_11d0_8522_00c04fd9baf3 00014240     minwave.obj
 0003:00000d10       __GUID_00000000_0000_0000_0000_000000000000 00014250     adapter.obj
 0004:00000000       _AddDevice@8               00014280 f   adapter.obj
 0004:0000001a       ?InstallSubdevice@@YGJPAU_DEVICE_OBJECT@@PAU_IRP@@PAGABU_GUID@@3P6GJPAPAUIUnknown@@3PAU4@W4_POOL_TYPE@@@Z5PAUIResourceList@@344@Z 0001429a f   adapter.obj
 0004:00000120       ?StartDevice@@YGJPAU_DEVICE_OBJECT@@PAU_IRP@@PAUIResourceList@@@Z 000143a0 f   adapter.obj
 0004:0000036e       ?AssignResources@@YGJPAUIResourceList@@PAPAU1@11111@Z 000145ee f   adapter.obj
 0004:0000051c       ?NewAdapterCommon@@YGJPAPAUIUnknown@@ABU_GUID@@PAU1@W4_POOL_TYPE@@@Z 0001479c f   common.obj
 0004:00000825       ?Init@CAdapterCommon@@UAGJPAUIResourceList@@PAU_DEVICE_OBJECT@@@Z 00014aa5 f   common.obj
 0004:00001112       ??1CAdapterCommon@@UAE@XZ  00015392 f   common.obj
 0004:0000129a       ?NonDelegatingQueryInterface@CAdapterCommon@@UAGJABU_GUID@@PAPAX@Z 0001551a f   common.obj
 0004:0000135a       ?WavePortDriverDest@CAdapterCommon@@UAGPAPAUIUnknown@@XZ 000155da f   common.obj
 0004:00001366       ?GetInterruptSync@CAdapterCommon@@UAGPAUIInterruptSync@@XZ 000155e6 f   common.obj
 0004:00001374       ?GetDeviceDescription@CAdapterCommon@@UAGPAU_DEVICE_DESCRIPTION@@XZ 000155f4 f   common.obj
 0004:0000137e       ?MidiPortDriverDest@CAdapterCommon@@UAGPAPAUIUnknown@@XZ 000155fe f   common.obj
 0004:0000138a       ?SetWaveServiceGroup@CAdapterCommon@@UAGXPAUIServiceGroup@@@Z 0001560a f   common.obj
 0004:000013ba       ?InitHDAController@CAdapterCommon@@QAGJXZ 0001563a f   common.obj
 0004:000019e0       ?ReadRegistryBoolean@CAdapterCommon@@AAGEPBGE@Z 00015c60 f   common.obj
 0004:00001abc       ?CreateMiniportTopologyHDA@@YGJPAPAUIUnknown@@ABU_GUID@@PAU1@W4_POOL_TYPE@@@Z 00015d3c f   mintopo.obj
 0004:00001b1c       ?ProcessResources@CMiniportTopologyHDA@@AAEJPAUIResourceList@@@Z 00015d9c f   mintopo.obj
 0004:00001b40       ?NonDelegatingQueryInterface@CMiniportTopologyHDA@@UAGJABU_GUID@@PAPAX@Z 00015dc0 f   mintopo.obj
 0004:00001bee       ??1CMiniportTopologyHDA@@UAE@XZ 00015e6e f   mintopo.obj
 0004:00001c32       ?Init@CMiniportTopologyHDA@@UAGJPAUIUnknown@@PAUIResourceList@@PAUIPortTopology@@@Z 00015eb2 f   mintopo.obj
 0004:00001c94       ?GetDescription@CMiniportTopologyHDA@@UAGJPAPAUPCFILTER_DESCRIPTOR@@@Z 00015f14 f   mintopo.obj
 0004:000024b8       ?CreateMiniportWaveCyclicHDA@@YGJPAPAUIUnknown@@ABU_GUID@@PAU1@W4_POOL_TYPE@@@Z 00016738 f   minwave.obj
 0004:00002518       ?ProcessResources@CMiniportWaveCyclicHDA@@AAEJPAUIResourceList@@@Z 00016798 f   minwave.obj
 0004:0000262c       ?ValidateFormat@CMiniportWaveCyclicHDA@@AAEJPATKSDATAFORMAT@@@Z 000168ac f   minwave.obj
 0004:00002716       ?NonDelegatingQueryInterface@CMiniportWaveCyclicHDA@@UAGJABU_GUID@@PAPAX@Z 00016996 f   minwave.obj
 0004:000027c4       ??1CMiniportWaveCyclicHDA@@UAE@XZ 00016a44 f   minwave.obj
 0004:00002818       ?Init@CMiniportWaveCyclicHDA@@UAGJPAUIUnknown@@PAUIResourceList@@PAUIPortWaveCyclic@@@Z 00016a98 f   minwave.obj
 0004:000028c0       ?GetDescription@CMiniportWaveCyclicHDA@@UAGJPAPAUPCFILTER_DESCRIPTOR@@@Z 00016b40 f   minwave.obj
 0004:000028d0       ?DataRangeIntersection@CMiniportWaveCyclicHDA@@UAGJKPATKSDATAFORMAT@@0KPAXPAK@Z 00016b50 f   minwave.obj
 0004:00002b26       ?NewStream@CMiniportWaveCyclicHDA@@UAGJPAPAUIMiniportWaveCyclicStream@@PAUIUnknown@@W4_POOL_TYPE@@KEPATKSDATAFORMAT@@PAPAUIDmaChannel@@PAPAUIServiceGroup@@@Z 00016da6 f   minwave.obj
 0004:00002c66       ?NonDelegatingQueryInterface@CMiniportWaveCyclicStreamHDA@@UAGJABU_GUID@@PAPAX@Z 00016ee6 f   minwave.obj
 0004:00002cee       ??1CMiniportWaveCyclicStreamHDA@@UAE@XZ 00016f6e f   minwave.obj
 0004:00002d58       ?Init@CMiniportWaveCyclicStreamHDA@@QAEJPAVCMiniportWaveCyclicHDA@@KEPATKSDATAFORMAT@@PAUIDmaChannel@@@Z 00016fd8 f   minwave.obj
 0004:00002dde       ?SetNotificationFreq@CMiniportWaveCyclicStreamHDA@@UAGKKPAK@Z 0001705e f   minwave.obj
 0004:00002e1e       ?SetFormat@CMiniportWaveCyclicStreamHDA@@UAGJPATKSDATAFORMAT@@@Z 0001709e f   minwave.obj
 0004:00002eaa       ?SetState@CMiniportWaveCyclicStreamHDA@@UAGJW4KSSTATE@@@Z 0001712a f   minwave.obj
 0005:00000000       _DriverEntry@8             00017180 f   adapter.obj
 0005:00000018       __IMPORT_DESCRIPTOR_ntoskrnl 00017198     ntoskrnl:ntoskrnl.exe
 0005:0000002c       __IMPORT_DESCRIPTOR_HAL    000171ac     hal:HAL.dll
 0005:00000040       __IMPORT_DESCRIPTOR_portcls 000171c0     portcls:portcls.sys
 0005:00000054       __NULL_IMPORT_DESCRIPTOR   000171d4     ntoskrnl:ntoskrnl.exe

 entry point at        0005:00000000

 Static symbols

 0004:00001ca4       ?PropertyHandler_OnOff@@YGJPAU_PCPROPERTY_REQUEST@@@Z 00015f24 f   mintopo.obj
 0004:00001e42       ?PropertyHandler_SuperMixCaps@@YGJPAU_PCPROPERTY_REQUEST@@@Z 000160c2 f   mintopo.obj
 0004:0000201c       ?PropertyHandler_SuperMixTable@@YGJPAU_PCPROPERTY_REQUEST@@@Z 0001629c f   mintopo.obj
 0004:00002338       ?PropertyHandler_CpuResources@@YGJPAU_PCPROPERTY_REQUEST@@@Z 000165b8 f   mintopo.obj
 0001:0000207e       ?PropertyHandler_Level@@YGJPAU_PCPROPERTY_REQUEST@@@Z 0001235e f   mintopo.obj
 0004:000023c4       ?BasicSupportHandler@@YGJPAU_PCPROPERTY_REQUEST@@@Z 00016644 f   mintopo.obj

 342 bytes saved through ICF

