 HDA

 Timestamp is 696542c0 (Mon Jan 12 10:51:44 2026)

 Preferred load address is 00010000

 Start         Length     Name                   Class
 0001:00000000 00001504H .text                   CODE
 0002:00000000 000000acH .idata$5                DATA
 0002:000000b0 00000690H .rdata                  DATA
 0003:00000000 00000d68H .data                   DATA
 0003:00000d68 00000014H .bss                    DATA
 0004:00000000 00003c05H PAGE                    CODE
 0005:00000000 00000015H INIT                    CODE
 0005:00000018 0000003cH .idata$2                CODE
 0005:00000054 00000014H .idata$3                CODE
 0005:00000068 000000acH .idata$4                CODE
 0005:00000114 00000384H .idata$6                CODE
 0006:00000000 00000058H .rsrc$01                DATA
 0006:00000060 000003d8H .rsrc$02                DATA

  Address         Publics by Value              Rva+Base     Lib:Object

 0001:00000000       ?QueryInterface@CAdapterCommon@@UAGJABU_GUID@@PAPAX@Z 000102e0 f i common.obj
 0001:00000018       ?AddRef@CAdapterCommon@@UAGKXZ 000102f8 f i common.obj
 0001:00000028       ?Release@CAdapterCommon@@UAGKXZ 00010308 f i common.obj
 0001:00000038       ??_GCAdapterCommon@@UAEPAXI@Z 00010318 f i common.obj
 0001:00000038       ??_ECAdapterCommon@@UAEPAXI@Z 00010318 f i common.obj
 0001:00000058       ?hda_check_headphone_connection_change@CAdapterCommon@@QAGXXZ 00010338 f   common.obj
 0001:000000ce       ?hda_is_supported_sample_rate@CAdapterCommon@@QAGEK@Z 000103ae f   common.obj
 0001:00000154       ?hda_send_verb@CAdapterCommon@@QAGKKKKK@Z 00010434 f   common.obj
 0001:000002b8       ?ReadController@CAdapterCommon@@UAGEXZ 00010598 f   common.obj
 0001:000002be       ?WriteController@CAdapterCommon@@UAGEE@Z 0001059e f   common.obj
 0001:000002c4       ?MixerRegWrite@CAdapterCommon@@UAGXEE@Z 000105a4 f   common.obj
 0001:00000310       ?MixerRegRead@CAdapterCommon@@UAGEE@Z 000105f0 f   common.obj
 0001:0000032e       ?MixerReset@CAdapterCommon@@UAGXXZ 0001060e f   common.obj
 0001:0000033c       ?AcknowledgeIRQ@CAdapterCommon@@AAE?AW4_HDA_INTERRUPT_TYPE@@XZ 0001061c f   common.obj
 0001:00000450       ?ResetController@CAdapterCommon@@UAGJXZ 00010730 f   common.obj
 0001:00000470       ?RestoreMixerSettingsFromRegistry@CAdapterCommon@@UAGJXZ 00010750 f   common.obj
 0001:000005ce       ?SaveMixerSettingsToRegistry@CAdapterCommon@@UAGJXZ 000108ae f   common.obj
 0001:000006ca       ?ProgramSampleRate@CAdapterCommon@@UAGJK@Z 000109aa f   common.obj
 0001:00000760       ?PowerChangeState@CAdapterCommon@@UAGXT_POWER_STATE@@@Z 00010a40 f   common.obj
 0001:000007be       ?QueryPowerChangeState@CAdapterCommon@@UAGJT_POWER_STATE@@@Z 00010a9e f   common.obj
 0001:000007be       ?QueryDeviceCapabilities@CAdapterCommon@@UAGJPAU_DEVICE_CAPABILITIES@@@Z 00010a9e f   common.obj
 0001:000007c4       ?InterruptServiceRoutine@@YGJPAUIInterruptSync@@PAX@Z 00010aa4 f   common.obj
 0001:000007fc       ?hda_stop_stream@CAdapterCommon@@UAGJXZ 00010adc f   common.obj
 0001:000008f2       ?hda_start_sound@CAdapterCommon@@UAGXXZ 00010bd2 f   common.obj
 0001:0000091a       ?hda_stop_sound@CAdapterCommon@@UAGXXZ 00010bfa f   common.obj
 0001:00000960       ?hda_get_actual_stream_position@CAdapterCommon@@UAGKXZ 00010c40 f   common.obj
 0001:00000976       ?hda_set_volume@CAdapterCommon@@QAGXKE@Z 00010c56 f   common.obj
 0001:000009bc       ?hda_set_node_gain@CAdapterCommon@@QAGXKKKKKE@Z 00010c9c f   common.obj
 0001:00000a26       ?readUCHAR@CAdapterCommon@@QAGEG@Z 00010d06 f   common.obj
 0001:00000a3e       ?writeUCHAR@CAdapterCommon@@QAGXGE@Z 00010d1e f   common.obj
 0001:00000a5a       ?readUSHORT@CAdapterCommon@@QAGGG@Z 00010d3a f   common.obj
 0001:00000a72       ?writeUSHORT@CAdapterCommon@@QAGXGG@Z 00010d52 f   common.obj
 0001:00000a8e       ?readULONG@CAdapterCommon@@QAGKG@Z 00010d6e f   common.obj
 0001:00000aa6       ?writeULONG@CAdapterCommon@@QAGXGK@Z 00010d86 f   common.obj
 0001:00000ac2       ?hda_showtime@CAdapterCommon@@UAGJPAUIDmaChannel@@@Z 00010da2 f   common.obj
 0001:00000bf8       ?hda_return_sound_data_format@CAdapterCommon@@QAGGKKK@Z 00010ed8 f   common.obj
 0001:00000cba       ?ReadWriteConfigSpace@CAdapterCommon@@AAGJPAU_DEVICE_OBJECT@@KPAXKK@Z 00010f9a f   common.obj
 0001:00000d62       ?WriteConfigSpaceByte@CAdapterCommon@@AAGJEEE@Z 00011042 f   common.obj
 0001:00000d98       ?WriteConfigSpaceWord@CAdapterCommon@@AAGJEGG@Z 00011078 f   common.obj
 0001:00000dce       ?QueryInterface@CAdapterCommon@@W3AGJABU_GUID@@PAPAX@Z 000110ae f i common.obj
 0001:00000dd8       ?AddRef@CAdapterCommon@@W3AGKXZ 000110b8 f i common.obj
 0001:00000de2       ?Release@CAdapterCommon@@W3AGKXZ 000110c2 f i common.obj
 0001:00000dec       ?AddRef@CMiniportWaveCyclicHDA@@UAGKXZ 000110cc f i mintopo.obj
 0001:00000dec       ?AddRef@CMiniportWaveCyclicStreamHDA@@UAGKXZ 000110cc f i mintopo.obj
 0001:00000dec       ?AddRef@CMiniportTopologyHDA@@UAGKXZ 000110cc f i mintopo.obj
 0001:00000dfc       ?Release@CMiniportTopologyHDA@@UAGKXZ 000110dc f i mintopo.obj
 0001:00000dfc       ?Release@CMiniportWaveCyclicHDA@@UAGKXZ 000110dc f i mintopo.obj
 0001:00000dfc       ?Release@CMiniportWaveCyclicStreamHDA@@UAGKXZ 000110dc f i mintopo.obj
 0001:00000e0c       ?DataRangeIntersection@CMiniportTopologyHDA@@UAGJKPATKSDATAFORMAT@@0KPAXPAK@Z 000110ec f i mintopo.obj
 0001:00000e14       ??_GCMiniportTopologyHDA@@UAEPAXI@Z 000110f4 f i mintopo.obj
 0001:00000e14       ??_ECMiniportTopologyHDA@@UAEPAXI@Z 000110f4 f i mintopo.obj
 0001:00001212       ?ReadBitsFromMixer@CMiniportTopologyHDA@@AAEEEEE@Z 000114f2 f   mintopo.obj
 0001:0000123a       ?WriteBitsToMixer@CMiniportTopologyHDA@@AAEXEEEE@Z 0001151a f   mintopo.obj
 0001:00001290       ??_ECMiniportWaveCyclicHDA@@UAEPAXI@Z 00011570 f i minwave.obj
 0001:00001290       ??_GCMiniportWaveCyclicHDA@@UAEPAXI@Z 00011570 f i minwave.obj
 0001:000012b0       ?QueryInterface@CMiniportWaveCyclicHDA@@UAGJABU_GUID@@PAPAX@Z 00011590 f i minwave.obj
 0001:000012b0       ?QueryInterface@CMiniportTopologyHDA@@UAGJABU_GUID@@PAPAX@Z 00011590 f i minwave.obj
 0001:000012b0       ?QueryInterface@CMiniportWaveCyclicStreamHDA@@UAGJABU_GUID@@PAPAX@Z 00011590 f i minwave.obj
 0001:000012c8       ??_ECMiniportWaveCyclicStreamHDA@@UAEPAXI@Z 000115a8 f i minwave.obj
 0001:000012c8       ??_GCMiniportWaveCyclicStreamHDA@@UAEPAXI@Z 000115a8 f i minwave.obj
 0001:000012e8       ?GetPosition@CMiniportWaveCyclicStreamHDA@@UAGJPAK@Z 000115c8 f   minwave.obj
 0001:0000134a       ?NormalizePhysicalPosition@CMiniportWaveCyclicStreamHDA@@UAGJPA_J@Z 0001162a f   minwave.obj
 0001:00001392       ?Silence@CMiniportWaveCyclicStreamHDA@@UAGXPAXK@Z 00011672 f   minwave.obj
 0001:000013cc       _DbgPrint                  000116ac f   ntoskrnl:ntoskrnl.exe
 0001:000013d2       __alldiv                   000116b2 f   ntoskrnl:ntoskrnl.exe
 0001:000013d8       __allmul                   000116b8 f   ntoskrnl:ntoskrnl.exe
 0001:000013de       _PcInitializeAdapterDriver@12 000116be f   portcls:portcls.sys
 0001:000013e4       _PcAddAdapterDevice@20     000116c4 f   portcls:portcls.sys
 0001:000013ea       _PcRegisterSubdevice@12    000116ca f   portcls:portcls.sys
 0001:000013f0       _PcNewMiniport@8           000116d0 f   portcls:portcls.sys
 0001:000013f6       _PcNewPort@8               000116d6 f   portcls:portcls.sys
 0001:000013fc       _PcRegisterPhysicalConnection@20 000116dc f   portcls:portcls.sys
 0001:00001402       _PcRegisterAdapterPowerManagement@8 000116e2 f   portcls:portcls.sys
 0001:00001408       _PcNewResourceSublist@20   000116e8 f   portcls:portcls.sys
 0001:0000140e       _PcNewInterruptSync@20     000116ee f   portcls:portcls.sys
 0001:00001414       _PcNewRegistryKey@36       000116f4 f   portcls:portcls.sys
 0001:0000141a       _PcNewServiceGroup@8       000116fa f   portcls:portcls.sys
 0001:00001420       ??0CUnknown@@QAE@PAUIUnknown@@@Z 00011700 f   stdunk:stdunk.obj
 0001:0000143f       ??_ECUnknown@@UAEPAXI@Z    0001171f f i stdunk:stdunk.obj
 0001:0000143f       ??_GCUnknown@@UAEPAXI@Z    0001171f f i stdunk:stdunk.obj
 0001:0000145b       ??1CUnknown@@UAE@XZ        0001173b f   stdunk:stdunk.obj
 0001:00001462       ?NonDelegatingAddRef@CUnknown@@UAGKXZ 00011742 f   stdunk:stdunk.obj
 0001:00001478       ?NonDelegatingRelease@CUnknown@@UAGKXZ 00011758 f   stdunk:stdunk.obj
 0001:000014a7       ?NonDelegatingQueryInterface@CUnknown@@UAGJABU_GUID@@PAPAX@Z 00011787 f   stdunk:stdunk.obj
 0002:00000000       __imp_@KfAcquireSpinLock@4 00011800     hal:HAL.dll
 0002:00000004       __imp_@KfReleaseSpinLock@8 00011804     hal:HAL.dll
 0002:00000008       __imp__KeStallExecutionProcessor@4 00011808     hal:HAL.dll
 0002:0000000c       \177HAL_NULL_THUNK_DATA    0001180c     hal:HAL.dll
 0002:00000010       __imp__KeInitializeSpinLock@4 00011810     ntoskrnl:ntoskrnl.exe
 0002:00000014       __imp__MmUnmapIoSpace@8    00011814     ntoskrnl:ntoskrnl.exe
 0002:00000018       __imp__RtlInitUnicodeString@8 00011818     ntoskrnl:ntoskrnl.exe
 0002:0000001c       __imp__DbgPrint            0001181c     ntoskrnl:ntoskrnl.exe
 0002:00000020       __imp__READ_REGISTER_ULONG@4 00011820     ntoskrnl:ntoskrnl.exe
 0002:00000024       __imp__WRITE_REGISTER_ULONG@8 00011824     ntoskrnl:ntoskrnl.exe
 0002:00000028       __imp__READ_REGISTER_UCHAR@4 00011828     ntoskrnl:ntoskrnl.exe
 0002:0000002c       __imp__WRITE_REGISTER_UCHAR@8 0001182c     ntoskrnl:ntoskrnl.exe
 0002:00000030       __imp__READ_REGISTER_USHORT@4 00011830     ntoskrnl:ntoskrnl.exe
 0002:00000034       __imp__ExAllocatePoolWithTag@12 00011834     ntoskrnl:ntoskrnl.exe
 0002:00000038       __imp__MmMapIoSpace@16     00011838     ntoskrnl:ntoskrnl.exe
 0002:0000003c       __imp__KeWaitForSingleObject@20 0001183c     ntoskrnl:ntoskrnl.exe
 0002:00000040       __imp_@IofCallDriver@8     00011840     ntoskrnl:ntoskrnl.exe
 0002:00000044       __imp__IoBuildSynchronousFsdRequest@28 00011844     ntoskrnl:ntoskrnl.exe
 0002:00000048       __imp__IoGetAttachedDeviceReference@4 00011848     ntoskrnl:ntoskrnl.exe
 0002:0000004c       __imp__KeInitializeEvent@12 0001184c     ntoskrnl:ntoskrnl.exe
 0002:00000050       __imp__KeInitializeMutex@8 00011850     ntoskrnl:ntoskrnl.exe
 0002:00000054       __imp__ExFreePool@4        00011854     ntoskrnl:ntoskrnl.exe
 0002:00000058       __imp___alldiv             00011858     ntoskrnl:ntoskrnl.exe
 0002:0000005c       __imp___allmul             0001185c     ntoskrnl:ntoskrnl.exe
 0002:00000060       __imp__IoGetDmaAdapter@12  00011860     ntoskrnl:ntoskrnl.exe
 0002:00000064       __imp__WRITE_REGISTER_USHORT@8 00011864     ntoskrnl:ntoskrnl.exe
 0002:00000068       __imp_@ObfDereferenceObject@4 00011868     ntoskrnl:ntoskrnl.exe
 0002:0000006c       __imp__KeReleaseMutex@8    0001186c     ntoskrnl:ntoskrnl.exe
 0002:00000070       __imp_@InterlockedDecrement@4 00011870     ntoskrnl:ntoskrnl.exe
 0002:00000074       __imp_@InterlockedIncrement@4 00011874     ntoskrnl:ntoskrnl.exe
 0002:00000078       \177ntoskrnl_NULL_THUNK_DATA 00011878     ntoskrnl:ntoskrnl.exe
 0002:0000007c       __imp__PcInitializeAdapterDriver@12 0001187c     portcls:portcls.sys
 0002:00000080       __imp__PcNewMiniport@8     00011880     portcls:portcls.sys
 0002:00000084       __imp__PcNewPort@8         00011884     portcls:portcls.sys
 0002:00000088       __imp__PcRegisterPhysicalConnection@20 00011888     portcls:portcls.sys
 0002:0000008c       __imp__PcAddAdapterDevice@20 0001188c     portcls:portcls.sys
 0002:00000090       __imp__PcRegisterSubdevice@12 00011890     portcls:portcls.sys
 0002:00000094       __imp__PcNewInterruptSync@20 00011894     portcls:portcls.sys
 0002:00000098       __imp__PcNewRegistryKey@36 00011898     portcls:portcls.sys
 0002:0000009c       __imp__PcNewServiceGroup@8 0001189c     portcls:portcls.sys
 0002:000000a0       __imp__PcRegisterAdapterPowerManagement@8 000118a0     portcls:portcls.sys
 0002:000000a4       __imp__PcNewResourceSublist@20 000118a4     portcls:portcls.sys
 0002:000000a8       \177portcls_NULL_THUNK_DATA 000118a8     portcls:portcls.sys
 0002:00000108       _IID_IAdapterCommon        00011908     adapter.obj
 0002:00000118       _CLSID_MiniportDriverFmSynth 00011918     adapter.obj
 0002:00000128       _CLSID_PortWaveCyclic      00011928     adapter.obj
 0002:00000138       _CLSID_PortTopology        00011938     adapter.obj
 0002:00000148       _CLSID_PortMidi            00011948     adapter.obj
 0002:00000158       _IID_IAdapterPowerManagment 00011958     adapter.obj
 0002:00000168       _IID_IMiniportWaveCyclicStream 00011968     adapter.obj
 0002:00000178       _IID_IMiniportWaveCyclic   00011978     adapter.obj
 0002:00000188       _IID_IPortWaveCyclic       00011988     adapter.obj
 0002:00000198       _IID_IMiniportTopology     00011998     adapter.obj
 0002:000001a8       _IID_IMiniport             000119a8     adapter.obj
 0002:000001b8       _IID_IUnknown              000119b8     adapter.obj
 0002:000001c8       ??_C@_1BE@DCLA@?$AAD?$AAi?$AAs?$AAa?$AAb?$AAl?$AAe?$AAC?$AAD?$AA?$AA@ 000119c8     common.obj
 0002:000001dc       ??_C@_1BM@HKPL@?$AAD?$AAi?$AAs?$AAa?$AAb?$AAl?$AAe?$AAL?$AAi?$AAn?$AAe?$AAI?$AAn?$AA?$AA@ 000119dc     common.obj
 0002:000001f8       ??_C@_1BG@OEIB@?$AAD?$AAi?$AAs?$AAa?$AAb?$AAl?$AAe?$AAM?$AAi?$AAc?$AA?$AA@ 000119f8     common.obj
 0002:00000210       ??_C@_1BK@PFJA@?$AAD?$AAi?$AAs?$AAa?$AAb?$AAl?$AAe?$AAM?$AAi?$AAc?$AAI?$AAn?$AA?$AA@ 00011a10     common.obj
 0002:0000022c       ??_C@_1BO@PIPO@?$AAD?$AAi?$AAs?$AAa?$AAb?$AAl?$AAe?$AAM?$AAo?$AAn?$AAo?$AAO?$AAu?$AAt?$AA?$AA@ 00011a2c     common.obj
 0002:0000024c       ??_C@_1CC@CCGC@?$AAD?$AAi?$AAs?$AAa?$AAb?$AAl?$AAe?$AAH?$AAe?$AAa?$AAd?$AAp?$AAh?$AAo?$AAn?$AAe?$AA?$AA@ 00011a4c     common.obj
 0002:00000270       ??_C@_1BG@KIAL@?$AAD?$AAi?$AAs?$AAa?$AAb?$AAl?$AAe?$AAA?$AAU?$AAX?$AA?$AA@ 00011a70     common.obj
 0002:00000288       ??_C@_1BK@CIGJ@?$AAD?$AAi?$AAs?$AAa?$AAb?$AAl?$AAe?$AAV?$AAi?$AAd?$AAe?$AAo?$AA?$AA@ 00011a88     common.obj
 0002:000002a4       ??_C@_1BI@JAOF@?$AAD?$AAi?$AAs?$AAa?$AAb?$AAl?$AAe?$AAM?$AAi?$AAc?$AA2?$AA?$AA@ 00011aa4     common.obj
 0002:000002bc       ??_C@_1BK@EHMP@?$AAD?$AAi?$AAs?$AAa?$AAb?$AAl?$AAe?$AAP?$AAh?$AAo?$AAn?$AAe?$AA?$AA@ 00011abc     common.obj
 0002:000002d8       ??_C@_1BM@PILN@?$AAD?$AAi?$AAs?$AAa?$AAb?$AAl?$AAe?$AAP?$AAC?$AAB?$AAe?$AAe?$AAp?$AA?$AA@ 00011ad8     common.obj
 0002:000002f4       ??_C@_1BE@ENEK@?$AAR?$AAi?$AAg?$AAh?$AAt?$AAB?$AAa?$AAs?$AAs?$AA?$AA@ 00011af4     common.obj
 0002:00000308       ??_C@_1BC@JMJO@?$AAL?$AAe?$AAf?$AAt?$AAB?$AAa?$AAs?$AAs?$AA?$AA@ 00011b08     common.obj
 0002:0000031c       ??_C@_1BI@KGAJ@?$AAR?$AAi?$AAg?$AAh?$AAt?$AAT?$AAr?$AAe?$AAb?$AAl?$AAe?$AA?$AA@ 00011b1c     common.obj
 0002:00000334       ??_C@_1BG@BGGD@?$AAL?$AAe?$AAf?$AAt?$AAT?$AAr?$AAe?$AAb?$AAl?$AAe?$AA?$AA@ 00011b34     common.obj
 0002:0000034c       ??_C@_1O@IECC@?$AAM?$AAi?$AAc?$AAA?$AAG?$AAC?$AA?$AA@ 00011b4c     common.obj
 0002:0000035c       ??_C@_1CA@EJHI@?$AAR?$AAi?$AAg?$AAh?$AAt?$AAO?$AAu?$AAt?$AAp?$AAu?$AAt?$AAG?$AAa?$AAi?$AAn?$AA?$AA@ 00011b5c     common.obj
 0002:0000037c       ??_C@_1BO@PPLI@?$AAL?$AAe?$AAf?$AAt?$AAO?$AAu?$AAt?$AAp?$AAu?$AAt?$AAG?$AAa?$AAi?$AAn?$AA?$AA@ 00011b7c     common.obj
 0002:0000039c       ??_C@_1BO@PMCJ@?$AAR?$AAi?$AAg?$AAh?$AAt?$AAI?$AAn?$AAp?$AAu?$AAt?$AAG?$AAa?$AAi?$AAn?$AA?$AA@ 00011b9c     common.obj
 0002:000003bc       ??_C@_1BM@CFEM@?$AAL?$AAe?$AAf?$AAt?$AAI?$AAn?$AAp?$AAu?$AAt?$AAG?$AAa?$AAi?$AAn?$AA?$AA@ 00011bbc     common.obj
 0002:000003d8       ??_C@_1CA@CIKM@?$AAR?$AAi?$AAg?$AAh?$AAt?$AAI?$AAn?$AAp?$AAu?$AAt?$AAM?$AAi?$AAx?$AAe?$AAr?$AA?$AA@ 00011bd8     common.obj
 0002:000003f8       ??_C@_1BO@JOGM@?$AAL?$AAe?$AAf?$AAt?$AAI?$AAn?$AAp?$AAu?$AAt?$AAM?$AAi?$AAx?$AAe?$AAr?$AA?$AA@ 00011bf8     common.obj
 0002:00000418       ??_C@_1BI@BMOJ@?$AAO?$AAu?$AAt?$AAp?$AAu?$AAt?$AAM?$AAi?$AAx?$AAe?$AAr?$AA?$AA@ 00011c18     common.obj
 0002:00000430       ??_C@_1BE@GLOL@?$AAP?$AAc?$AAS?$AAp?$AAk?$AAr?$AAV?$AAo?$AAl?$AA?$AA@ 00011c30     common.obj
 0002:00000444       ??_C@_1O@MNBB@?$AAM?$AAi?$AAc?$AAV?$AAo?$AAl?$AA?$AA@ 00011c44     common.obj
 0002:00000454       ??_C@_1BO@HCKE@?$AAR?$AAi?$AAg?$AAh?$AAt?$AAL?$AAi?$AAn?$AAe?$AAI?$AAn?$AAV?$AAo?$AAl?$AA?$AA@ 00011c54     common.obj
 0002:00000474       ??_C@_1BM@KLMB@?$AAL?$AAe?$AAf?$AAt?$AAL?$AAi?$AAn?$AAe?$AAI?$AAn?$AAV?$AAo?$AAl?$AA?$AA@ 00011c74     common.obj
 0002:00000490       ??_C@_1BG@COJL@?$AAR?$AAi?$AAg?$AAh?$AAt?$AAC?$AAD?$AAV?$AAo?$AAl?$AA?$AA@ 00011c90     common.obj
 0002:000004a8       ??_C@_1BE@KMKA@?$AAL?$AAe?$AAf?$AAt?$AAC?$AAD?$AAV?$AAo?$AAl?$AA?$AA@ 00011ca8     common.obj
 0002:000004bc       ??_C@_1BK@JCIM@?$AAR?$AAi?$AAg?$AAh?$AAt?$AAM?$AAi?$AAd?$AAi?$AAV?$AAo?$AAl?$AA?$AA@ 00011cbc     common.obj
 0002:000004d8       ??_C@_1BI@KBIJ@?$AAL?$AAe?$AAf?$AAt?$AAM?$AAi?$AAd?$AAi?$AAV?$AAo?$AAl?$AA?$AA@ 00011cd8     common.obj
 0002:000004f0       ??_C@_1BK@MFCG@?$AAR?$AAi?$AAg?$AAh?$AAt?$AAW?$AAa?$AAv?$AAe?$AAV?$AAo?$AAl?$AA?$AA@ 00011cf0     common.obj
 0002:0000050c       ??_C@_1BI@PGCD@?$AAL?$AAe?$AAf?$AAt?$AAW?$AAa?$AAv?$AAe?$AAV?$AAo?$AAl?$AA?$AA@ 00011d0c     common.obj
 0002:00000524       ??_C@_1BO@NHA@?$AAR?$AAi?$AAg?$AAh?$AAt?$AAM?$AAa?$AAs?$AAt?$AAe?$AAr?$AAV?$AAo?$AAl?$AA?$AA@ 00011d24     common.obj
 0002:00000544       ??_C@_1BM@NEBF@?$AAL?$AAe?$AAf?$AAt?$AAM?$AAa?$AAs?$AAt?$AAe?$AAr?$AAV?$AAo?$AAl?$AA?$AA@ 00011d44     common.obj
 0002:00000560       ??_7CAdapterCommon@@6BIAdapterPowerManagement@@@ 00011d60     common.obj
 0002:00000578       ??_7CAdapterCommon@@6BIAdapterCommon@@@ 00011d78     common.obj
 0002:000005d0       ??_7CAdapterCommon@@6BCUnknown@@@ 00011dd0     common.obj
 0002:000006a8       ??_7CMiniportTopologyHDA@@6BIMiniportTopology@@@ 00011ea8     mintopo.obj
 0002:000006c0       ??_7CMiniportTopologyHDA@@6BCUnknown@@@ 00011ec0     mintopo.obj
 0002:000006d0       ??_7CMiniportWaveCyclicHDA@@6BIMiniportWaveCyclic@@@ 00011ed0     minwave.obj
 0002:000006ec       ??_7CMiniportWaveCyclicHDA@@6BCUnknown@@@ 00011eec     minwave.obj
 0002:000006fc       ??_7CMiniportWaveCyclicStreamHDA@@6BIMiniportWaveCyclicStream@@@ 00011efc     minwave.obj
 0002:00000720       ??_7CMiniportWaveCyclicStreamHDA@@6BCUnknown@@@ 00011f20     minwave.obj
 0002:00000730       ??_7CUnknown@@6B@          00011f30     stdunk:stdunk.obj
 0003:00000000       __GUID_b7902fe9_fb0a_11d1_81b0_0060083316c1 00011f40     adapter.obj
 0003:00000010       __GUID_d3f0ce1c_fffc_11d1_81b0_0060083316c1 00011f50     adapter.obj
 0003:00000020       __GUID_c096df9c_fb09_11d1_81b0_0060083316c1 00011f60     adapter.obj
 0003:000000f8       ?m_stHardwareConfig@CAdapterCommon@@0UtHardwareConfig@@A 00012038     common.obj
 0003:0000018c       ?audBufSize@@3KA           000120cc     common.obj
 0003:00000190       ?BdlSize@@3KA              000120d0     common.obj
 0003:00000890       __GUID_185fedf6_9905_11d1_95a9_00c04fb925d3 000127d0     mintopo.obj
 0003:000008a0       __GUID_185fedef_9905_11d1_95a9_00c04fb925d3 000127e0     mintopo.obj
 0003:000008b0       __GUID_185fede1_9905_11d1_95a9_00c04fb925d3 000127f0     mintopo.obj
 0003:000008c0       __GUID_185fede0_9905_11d1_95a9_00c04fb925d3 00012800     mintopo.obj
 0003:000008d0       __GUID_7607e580_c557_11d0_8a2b_00a0c9255ac1 00012810     mintopo.obj
 0003:000008e0       __GUID_185fede3_9905_11d1_95a9_00c04fb925d3 00012820     mintopo.obj
 0003:000008f0       __GUID_da441a60_c556_11d0_8a2b_00a0c9255ac1 00012830     mintopo.obj
 0003:00000900       __GUID_185fedee_9905_11d1_95a9_00c04fb925d3 00012840     mintopo.obj
 0003:00000910       __GUID_02b223c0_c557_11d0_8a2b_00a0c9255ac1 00012850     mintopo.obj
 0003:00000920       __GUID_185feded_9905_11d1_95a9_00c04fb925d3 00012860     mintopo.obj
 0003:00000930       __GUID_e88c9ba0_c557_11d0_8a2b_00a0c9255ac1 00012870     mintopo.obj
 0003:00000940       __GUID_185fedec_9905_11d1_95a9_00c04fb925d3 00012880     mintopo.obj
 0003:00000950       __GUID_185fedeb_9905_11d1_95a9_00c04fb925d3 00012890     mintopo.obj
 0003:00000960       __GUID_185fedea_9905_11d1_95a9_00c04fb925d3 000128a0     mintopo.obj
 0003:00000970       __GUID_185fede9_9905_11d1_95a9_00c04fb925d3 000128b0     mintopo.obj
 0003:00000980       __GUID_185fede8_9905_11d1_95a9_00c04fb925d3 000128c0     mintopo.obj
 0003:00000990       __GUID_e573adc0_c555_11d0_8a2b_00a0c9255ac1 000128d0     mintopo.obj
 0003:000009a0       __GUID_185fede7_9905_11d1_95a9_00c04fb925d3 000128e0     mintopo.obj
 0003:000009b0       __GUID_185fede5_9905_11d1_95a9_00c04fb925d3 000128f0     mintopo.obj
 0003:000009c0       __GUID_3a5acc00_c557_11d0_8a2b_00a0c9255ac1 00012900     mintopo.obj
 0003:000009d0       __GUID_45ffaaa0_6e1b_11d0_bcf2_444553540000 00012910     mintopo.obj
 0003:000009e0       __GUID_6994ad04_93ef_11d0_a3cc_00a0c9223196 00012920     mintopo.obj
 0003:000009f0       __GUID_185fedf7_9905_11d1_95a9_00c04fb925d3 00012930     mintopo.obj
 0003:00000a00       __GUID_dff21ce1_f70f_11d0_b917_00a0c9223196 00012940     mintopo.obj
 0003:00000a10       __GUID_dff21be1_f70f_11d0_b917_00a0c9223196 00012950     mintopo.obj
 0003:00000a20       __GUID_185fedf9_9905_11d1_95a9_00c04fb925d3 00012960     mintopo.obj
 0003:00000a30       __GUID_dff21fe3_f70f_11d0_b917_00a0c9223196 00012970     mintopo.obj
 0003:00000a40       __GUID_185fedfb_9905_11d1_95a9_00c04fb925d3 00012980     mintopo.obj
 0003:00000a50       __GUID_dff220e3_f70f_11d0_b917_00a0c9223196 00012990     mintopo.obj
 0003:00000a60       __GUID_185fedf8_9905_11d1_95a9_00c04fb925d3 000129a0     mintopo.obj
 0003:00000a70       __GUID_dff220f3_f70f_11d0_b917_00a0c9223196 000129b0     mintopo.obj
 0003:00000a80       __GUID_dff21fe4_f70f_11d0_b917_00a0c9223196 000129c0     mintopo.obj
 0003:00000a90       __GUID_97e99ba0_bdea_11cf_a5d6_28db04c10000 000129d0     mintopo.obj
 0003:00000cd8       __GUID_507ae360_c554_11d0_8a2b_00a0c9255ac1 00012c18     minwave.obj
 0003:00000ce8       __GUID_4d837fe0_c555_11d0_8a2b_00a0c9255ac1 00012c28     minwave.obj
 0003:00000cf8       __GUID_185fedfa_9905_11d1_95a9_00c04fb925d3 00012c38     minwave.obj
 0003:00000d08       __GUID_fb6c4281_0353_11d1_905f_0000c0cc16ba 00012c48     minwave.obj
 0003:00000d18       __GUID_05589f81_c356_11ce_bf01_00aa0055595a 00012c58     minwave.obj
 0003:00000d28       __GUID_00000001_0000_0010_8000_00aa00389b71 00012c68     minwave.obj
 0003:00000d38       __GUID_73647561_0000_0010_8000_00aa00389b71 00012c78     minwave.obj
 0003:00000d48       __GUID_0f6417d6_c318_11d0_a43f_00a0c9223196 00012c88     minwave.obj
 0003:00000d58       __GUID_518590a2_a184_11d0_8522_00c04fd9baf3 00012c98     minwave.obj
 0003:00000d68       __GUID_00000000_0000_0000_0000_000000000000 00012ca8     adapter.obj
 0004:00000000       _AddDevice@8               00012cc0 f   adapter.obj
 0004:0000001a       ?InstallSubdevice@@YGJPAU_DEVICE_OBJECT@@PAU_IRP@@PAGABU_GUID@@3P6GJPAPAUIUnknown@@3PAU4@W4_POOL_TYPE@@@Z5PAUIResourceList@@344@Z 00012cda f   adapter.obj
 0004:00000120       ?StartDevice@@YGJPAU_DEVICE_OBJECT@@PAU_IRP@@PAUIResourceList@@@Z 00012de0 f   adapter.obj
 0004:0000036e       ?AssignResources@@YGJPAUIResourceList@@PAPAU1@11111@Z 0001302e f   adapter.obj
 0004:000004fe       ?NewAdapterCommon@@YGJPAPAUIUnknown@@ABU_GUID@@PAU1@W4_POOL_TYPE@@@Z 000131be f   common.obj
 0004:0000076f       ?Init@CAdapterCommon@@UAGJPAUIResourceList@@PAU_DEVICE_OBJECT@@@Z 0001342f f   common.obj
 0004:00000e92       ??1CAdapterCommon@@UAE@XZ  00013b52 f   common.obj
 0004:00000fe6       ?NonDelegatingQueryInterface@CAdapterCommon@@UAGJABU_GUID@@PAPAX@Z 00013ca6 f   common.obj
 0004:000010a6       ?WavePortDriverDest@CAdapterCommon@@UAGPAPAUIUnknown@@XZ 00013d66 f   common.obj
 0004:000010b2       ?GetInterruptSync@CAdapterCommon@@UAGPAUIInterruptSync@@XZ 00013d72 f   common.obj
 0004:000010c0       ?MidiPortDriverDest@CAdapterCommon@@UAGPAPAUIUnknown@@XZ 00013d80 f   common.obj
 0004:000010cc       ?SetWaveServiceGroup@CAdapterCommon@@UAGXPAUIServiceGroup@@@Z 00013d8c f   common.obj
 0004:000010fc       ?InitHDAController@CAdapterCommon@@QAGJXZ 00013dbc f   common.obj
 0004:0000158a       ?InitializeCodec@CAdapterCommon@@QAGJE@Z 0001424a f   common.obj
 0004:000019e0       ?hda_initialize_audio_function_group@CAdapterCommon@@QAGJKK@Z 000146a0 f   common.obj
 0004:00002240       ?hda_get_node_type@CAdapterCommon@@QAGEKK@Z 00014f00 f   common.obj
 0004:00002262       ?hda_get_node_connection_entries@CAdapterCommon@@QAGKKKK@Z 00014f22 f   common.obj
 0004:000022e8       ?hda_enable_pin_output@CAdapterCommon@@QAGXKK@Z 00014fa8 f   common.obj
 0004:0000231a       ?hda_disable_pin_output@CAdapterCommon@@QAGXKK@Z 00014fda f   common.obj
 0004:0000234c       ?hda_is_headphone_connected@CAdapterCommon@@QAGEXZ 0001500c f   common.obj
 0004:00002386       ?hda_initialize_output_pin@CAdapterCommon@@QAGXK@Z 00015046 f   common.obj
 0004:000024fc       ?hda_initialize_audio_output@CAdapterCommon@@QAGXK@Z 000151bc f   common.obj
 0004:0000262a       ?hda_initialize_audio_mixer@CAdapterCommon@@QAGXK@Z 000152ea f   common.obj
 0004:00002724       ?hda_initialize_audio_selector@CAdapterCommon@@QAGXK@Z 000153e4 f   common.obj
 0004:00002848       ?CreateMiniportTopologyHDA@@YGJPAPAUIUnknown@@ABU_GUID@@PAU1@W4_POOL_TYPE@@@Z 00015508 f   mintopo.obj
 0004:000028a8       ?ProcessResources@CMiniportTopologyHDA@@AAEJPAUIResourceList@@@Z 00015568 f   mintopo.obj
 0004:000028cc       ?NonDelegatingQueryInterface@CMiniportTopologyHDA@@UAGJABU_GUID@@PAPAX@Z 0001558c f   mintopo.obj
 0004:0000297a       ??1CMiniportTopologyHDA@@UAE@XZ 0001563a f   mintopo.obj
 0004:000029be       ?Init@CMiniportTopologyHDA@@UAGJPAUIUnknown@@PAUIResourceList@@PAUIPortTopology@@@Z 0001567e f   mintopo.obj
 0004:00002a20       ?GetDescription@CMiniportTopologyHDA@@UAGJPAPAUPCFILTER_DESCRIPTOR@@@Z 000156e0 f   mintopo.obj
 0004:00003244       ?CreateMiniportWaveCyclicHDA@@YGJPAPAUIUnknown@@ABU_GUID@@PAU1@W4_POOL_TYPE@@@Z 00015f04 f   minwave.obj
 0004:000032a4       ?ProcessResources@CMiniportWaveCyclicHDA@@AAEJPAUIResourceList@@@Z 00015f64 f   minwave.obj
 0004:0000334a       ?ValidateFormat@CMiniportWaveCyclicHDA@@AAEJPATKSDATAFORMAT@@@Z 0001600a f   minwave.obj
 0004:00003426       ?NonDelegatingQueryInterface@CMiniportWaveCyclicHDA@@UAGJABU_GUID@@PAPAX@Z 000160e6 f   minwave.obj
 0004:000034d4       ??1CMiniportWaveCyclicHDA@@UAE@XZ 00016194 f   minwave.obj
 0004:00003528       ?Init@CMiniportWaveCyclicHDA@@UAGJPAUIUnknown@@PAUIResourceList@@PAUIPortWaveCyclic@@@Z 000161e8 f   minwave.obj
 0004:000035d0       ?GetDescription@CMiniportWaveCyclicHDA@@UAGJPAPAUPCFILTER_DESCRIPTOR@@@Z 00016290 f   minwave.obj
 0004:000035e0       ?DataRangeIntersection@CMiniportWaveCyclicHDA@@UAGJKPATKSDATAFORMAT@@0KPAXPAK@Z 000162a0 f   minwave.obj
 0004:00003836       ?NewStream@CMiniportWaveCyclicHDA@@UAGJPAPAUIMiniportWaveCyclicStream@@PAUIUnknown@@W4_POOL_TYPE@@KEPATKSDATAFORMAT@@PAPAUIDmaChannel@@PAPAUIServiceGroup@@@Z 000164f6 f   minwave.obj
 0004:00003976       ?NonDelegatingQueryInterface@CMiniportWaveCyclicStreamHDA@@UAGJABU_GUID@@PAPAX@Z 00016636 f   minwave.obj
 0004:000039fe       ??1CMiniportWaveCyclicStreamHDA@@UAE@XZ 000166be f   minwave.obj
 0004:00003a68       ?Init@CMiniportWaveCyclicStreamHDA@@QAEJPAVCMiniportWaveCyclicHDA@@KEPATKSDATAFORMAT@@PAUIDmaChannel@@@Z 00016728 f   minwave.obj
 0004:00003aee       ?SetNotificationFreq@CMiniportWaveCyclicStreamHDA@@UAGKKPAK@Z 000167ae f   minwave.obj
 0004:00003b2e       ?SetFormat@CMiniportWaveCyclicStreamHDA@@UAGJPATKSDATAFORMAT@@@Z 000167ee f   minwave.obj
 0004:00003bba       ?SetState@CMiniportWaveCyclicStreamHDA@@UAGJW4KSSTATE@@@Z 0001687a f   minwave.obj
 0005:00000000       _DriverEntry@8             000168e0 f   adapter.obj
 0005:00000018       __IMPORT_DESCRIPTOR_ntoskrnl 000168f8     ntoskrnl:ntoskrnl.exe
 0005:0000002c       __IMPORT_DESCRIPTOR_HAL    0001690c     hal:HAL.dll
 0005:00000040       __IMPORT_DESCRIPTOR_portcls 00016920     portcls:portcls.sys
 0005:00000054       __NULL_IMPORT_DESCRIPTOR   00016934     ntoskrnl:ntoskrnl.exe

 entry point at        0005:00000000

 Static symbols

 0004:00002a30       ?PropertyHandler_OnOff@@YGJPAU_PCPROPERTY_REQUEST@@@Z 000156f0 f   mintopo.obj
 0004:00002bce       ?PropertyHandler_SuperMixCaps@@YGJPAU_PCPROPERTY_REQUEST@@@Z 0001588e f   mintopo.obj
 0004:00002da8       ?PropertyHandler_SuperMixTable@@YGJPAU_PCPROPERTY_REQUEST@@@Z 00015a68 f   mintopo.obj
 0004:000030c4       ?PropertyHandler_CpuResources@@YGJPAU_PCPROPERTY_REQUEST@@@Z 00015d84 f   mintopo.obj
 0001:00000e34       ?PropertyHandler_Level@@YGJPAU_PCPROPERTY_REQUEST@@@Z 00011114 f   mintopo.obj
 0004:00003150       ?BasicSupportHandler@@YGJPAU_PCPROPERTY_REQUEST@@@Z 00015e10 f   mintopo.obj

 115 bytes saved through ICF

