 HDA

 Timestamp is 696eb01d (Mon Jan 19 14:28:45 2026)

 Preferred load address is 00010000

 Start         Length     Name                   Class
 0001:00000000 00001576H .text                   CODE
 0002:00000000 000000acH .idata$5                DATA
 0002:000000b0 00000690H .rdata                  DATA
 0003:00000000 00000d68H .data                   DATA
 0003:00000d68 00000014H .bss                    DATA
 0004:00000000 00003c6bH PAGE                    CODE
 0005:00000000 00000015H INIT                    CODE
 0005:00000018 0000003cH .idata$2                CODE
 0005:00000054 00000014H .idata$3                CODE
 0005:00000068 000000acH .idata$4                CODE
 0005:00000114 00000384H .idata$6                CODE
 0006:00000000 00000058H .rsrc$01                DATA
 0006:00000060 000003d8H .rsrc$02                DATA

  Address         Publics by Value              Rva+Base     Lib:Object

 0001:00000000       ?QueryInterface@CAdapterCommon@@UAGJABU_GUID@@PAPAX@Z 000102e0 f i common.obj
 0001:00000018       ?AddRef@CAdapterCommon@@UAGKXZ 000102f8 f i common.obj
 0001:00000028       ?Release@CAdapterCommon@@UAGKXZ 00010308 f i common.obj
 0001:00000038       ??_GCAdapterCommon@@UAEPAXI@Z 00010318 f i common.obj
 0001:00000038       ??_ECAdapterCommon@@UAEPAXI@Z 00010318 f i common.obj
 0001:00000058       ?hda_check_headphone_connection_change@CAdapterCommon@@QAGXXZ 00010338 f   common.obj
 0001:000000ce       ?hda_is_supported_sample_rate@CAdapterCommon@@QAGEK@Z 000103ae f   common.obj
 0001:00000178       ?hda_send_verb@CAdapterCommon@@QAGKKKKK@Z 00010458 f   common.obj
 0001:000002dc       ?ReadController@CAdapterCommon@@UAGEXZ 000105bc f   common.obj
 0001:000002e2       ?WriteController@CAdapterCommon@@UAGEE@Z 000105c2 f   common.obj
 0001:000002e8       ?MixerRegWrite@CAdapterCommon@@UAGXEE@Z 000105c8 f   common.obj
 0001:00000334       ?MixerRegRead@CAdapterCommon@@UAGEE@Z 00010614 f   common.obj
 0001:00000352       ?MixerReset@CAdapterCommon@@UAGXXZ 00010632 f   common.obj
 0001:00000360       ?AcknowledgeIRQ@CAdapterCommon@@AAE?AW4_HDA_INTERRUPT_TYPE@@XZ 00010640 f   common.obj
 0001:00000474       ?ResetController@CAdapterCommon@@UAGJXZ 00010754 f   common.obj
 0001:00000494       ?RestoreMixerSettingsFromRegistry@CAdapterCommon@@UAGJXZ 00010774 f   common.obj
 0001:000005f2       ?SaveMixerSettingsToRegistry@CAdapterCommon@@UAGJXZ 000108d2 f   common.obj
 0001:000006ee       ?ProgramSampleRate@CAdapterCommon@@UAGJK@Z 000109ce f   common.obj
 0001:00000784       ?PowerChangeState@CAdapterCommon@@UAGXT_POWER_STATE@@@Z 00010a64 f   common.obj
 0001:000007e2       ?QueryPowerChangeState@CAdapterCommon@@UAGJT_POWER_STATE@@@Z 00010ac2 f   common.obj
 0001:000007e2       ?QueryDeviceCapabilities@CAdapterCommon@@UAGJPAU_DEVICE_CAPABILITIES@@@Z 00010ac2 f   common.obj
 0001:000007e8       ?InterruptServiceRoutine@@YGJPAUIInterruptSync@@PAX@Z 00010ac8 f   common.obj
 0001:00000820       ?hda_stop_stream@CAdapterCommon@@UAGJXZ 00010b00 f   common.obj
 0001:00000916       ?hda_start_sound@CAdapterCommon@@UAGXXZ 00010bf6 f   common.obj
 0001:0000093e       ?hda_stop_sound@CAdapterCommon@@UAGXXZ 00010c1e f   common.obj
 0001:00000984       ?hda_get_actual_stream_position@CAdapterCommon@@UAGKXZ 00010c64 f   common.obj
 0001:000009e6       ?hda_set_volume@CAdapterCommon@@QAGXKE@Z 00010cc6 f   common.obj
 0001:00000a2c       ?hda_set_node_gain@CAdapterCommon@@QAGXKKKKKE@Z 00010d0c f   common.obj
 0001:00000a96       ?readUCHAR@CAdapterCommon@@QAGEG@Z 00010d76 f   common.obj
 0001:00000aae       ?writeUCHAR@CAdapterCommon@@QAGXGE@Z 00010d8e f   common.obj
 0001:00000aca       ?readUSHORT@CAdapterCommon@@QAGGG@Z 00010daa f   common.obj
 0001:00000ae2       ?writeUSHORT@CAdapterCommon@@QAGXGG@Z 00010dc2 f   common.obj
 0001:00000afe       ?readULONG@CAdapterCommon@@QAGKG@Z 00010dde f   common.obj
 0001:00000b16       ?writeULONG@CAdapterCommon@@QAGXGK@Z 00010df6 f   common.obj
 0001:00000b32       ?hda_showtime@CAdapterCommon@@UAGJPAUIDmaChannel@@@Z 00010e12 f   common.obj
 0001:00000c6a       ?hda_return_sound_data_format@CAdapterCommon@@QAGGKKK@Z 00010f4a f   common.obj
 0001:00000d2c       ?ReadWriteConfigSpace@CAdapterCommon@@AAGJPAU_DEVICE_OBJECT@@KPAXKK@Z 0001100c f   common.obj
 0001:00000dd4       ?WriteConfigSpaceByte@CAdapterCommon@@AAGJEEE@Z 000110b4 f   common.obj
 0001:00000e0a       ?WriteConfigSpaceWord@CAdapterCommon@@AAGJEGG@Z 000110ea f   common.obj
 0001:00000e40       ?QueryInterface@CAdapterCommon@@W3AGJABU_GUID@@PAPAX@Z 00011120 f i common.obj
 0001:00000e4a       ?AddRef@CAdapterCommon@@W3AGKXZ 0001112a f i common.obj
 0001:00000e54       ?Release@CAdapterCommon@@W3AGKXZ 00011134 f i common.obj
 0001:00000e5e       ?DataRangeIntersection@CMiniportTopologyHDA@@UAGJKPATKSDATAFORMAT@@0KPAXPAK@Z 0001113e f i mintopo.obj
 0001:00000e66       ??_GCMiniportTopologyHDA@@UAEPAXI@Z 00011146 f i mintopo.obj
 0001:00000e66       ??_ECMiniportTopologyHDA@@UAEPAXI@Z 00011146 f i mintopo.obj
 0001:00001264       ?ReadBitsFromMixer@CMiniportTopologyHDA@@AAEEEEE@Z 00011544 f   mintopo.obj
 0001:0000128c       ?WriteBitsToMixer@CMiniportTopologyHDA@@AAEXEEEE@Z 0001156c f   mintopo.obj
 0001:000012e2       ?AddRef@CMiniportWaveCyclicStreamHDA@@UAGKXZ 000115c2 f i minwave.obj
 0001:000012e2       ?AddRef@CMiniportWaveCyclicHDA@@UAGKXZ 000115c2 f i minwave.obj
 0001:000012e2       ?AddRef@CMiniportTopologyHDA@@UAGKXZ 000115c2 f i minwave.obj
 0001:000012f2       ?Release@CMiniportWaveCyclicStreamHDA@@UAGKXZ 000115d2 f i minwave.obj
 0001:000012f2       ?Release@CMiniportTopologyHDA@@UAGKXZ 000115d2 f i minwave.obj
 0001:000012f2       ?Release@CMiniportWaveCyclicHDA@@UAGKXZ 000115d2 f i minwave.obj
 0001:00001302       ??_GCMiniportWaveCyclicHDA@@UAEPAXI@Z 000115e2 f i minwave.obj
 0001:00001302       ??_ECMiniportWaveCyclicHDA@@UAEPAXI@Z 000115e2 f i minwave.obj
 0001:00001322       ?QueryInterface@CMiniportWaveCyclicHDA@@UAGJABU_GUID@@PAPAX@Z 00011602 f i minwave.obj
 0001:00001322       ?QueryInterface@CMiniportTopologyHDA@@UAGJABU_GUID@@PAPAX@Z 00011602 f i minwave.obj
 0001:00001322       ?QueryInterface@CMiniportWaveCyclicStreamHDA@@UAGJABU_GUID@@PAPAX@Z 00011602 f i minwave.obj
 0001:0000133a       ??_ECMiniportWaveCyclicStreamHDA@@UAEPAXI@Z 0001161a f i minwave.obj
 0001:0000133a       ??_GCMiniportWaveCyclicStreamHDA@@UAEPAXI@Z 0001161a f i minwave.obj
 0001:0000135a       ?GetPosition@CMiniportWaveCyclicStreamHDA@@UAGJPAK@Z 0001163a f   minwave.obj
 0001:000013bc       ?NormalizePhysicalPosition@CMiniportWaveCyclicStreamHDA@@UAGJPA_J@Z 0001169c f   minwave.obj
 0001:00001404       ?Silence@CMiniportWaveCyclicStreamHDA@@UAGXPAXK@Z 000116e4 f   minwave.obj
 0001:0000143e       _DbgPrint                  0001171e f   ntoskrnl:ntoskrnl.exe
 0001:00001444       __alldiv                   00011724 f   ntoskrnl:ntoskrnl.exe
 0001:0000144a       __allmul                   0001172a f   ntoskrnl:ntoskrnl.exe
 0001:00001450       _PcInitializeAdapterDriver@12 00011730 f   portcls:portcls.sys
 0001:00001456       _PcAddAdapterDevice@20     00011736 f   portcls:portcls.sys
 0001:0000145c       _PcRegisterSubdevice@12    0001173c f   portcls:portcls.sys
 0001:00001462       _PcNewMiniport@8           00011742 f   portcls:portcls.sys
 0001:00001468       _PcNewPort@8               00011748 f   portcls:portcls.sys
 0001:0000146e       _PcRegisterPhysicalConnection@20 0001174e f   portcls:portcls.sys
 0001:00001474       _PcRegisterAdapterPowerManagement@8 00011754 f   portcls:portcls.sys
 0001:0000147a       _PcNewResourceSublist@20   0001175a f   portcls:portcls.sys
 0001:00001480       _PcNewInterruptSync@20     00011760 f   portcls:portcls.sys
 0001:00001486       _PcNewRegistryKey@36       00011766 f   portcls:portcls.sys
 0001:0000148c       _PcNewServiceGroup@8       0001176c f   portcls:portcls.sys
 0001:00001492       ??0CUnknown@@QAE@PAUIUnknown@@@Z 00011772 f   stdunk:stdunk.obj
 0001:000014b1       ??_ECUnknown@@UAEPAXI@Z    00011791 f i stdunk:stdunk.obj
 0001:000014b1       ??_GCUnknown@@UAEPAXI@Z    00011791 f i stdunk:stdunk.obj
 0001:000014cd       ??1CUnknown@@UAE@XZ        000117ad f   stdunk:stdunk.obj
 0001:000014d4       ?NonDelegatingAddRef@CUnknown@@UAGKXZ 000117b4 f   stdunk:stdunk.obj
 0001:000014ea       ?NonDelegatingRelease@CUnknown@@UAGKXZ 000117ca f   stdunk:stdunk.obj
 0001:00001519       ?NonDelegatingQueryInterface@CUnknown@@UAGJABU_GUID@@PAPAX@Z 000117f9 f   stdunk:stdunk.obj
 0002:00000000       __imp_@KfAcquireSpinLock@4 00011860     hal:HAL.dll
 0002:00000004       __imp_@KfReleaseSpinLock@8 00011864     hal:HAL.dll
 0002:00000008       __imp__KeStallExecutionProcessor@4 00011868     hal:HAL.dll
 0002:0000000c       \177HAL_NULL_THUNK_DATA    0001186c     hal:HAL.dll
 0002:00000010       __imp__KeInitializeSpinLock@4 00011870     ntoskrnl:ntoskrnl.exe
 0002:00000014       __imp__MmUnmapIoSpace@8    00011874     ntoskrnl:ntoskrnl.exe
 0002:00000018       __imp__RtlInitUnicodeString@8 00011878     ntoskrnl:ntoskrnl.exe
 0002:0000001c       __imp__DbgPrint            0001187c     ntoskrnl:ntoskrnl.exe
 0002:00000020       __imp__READ_REGISTER_ULONG@4 00011880     ntoskrnl:ntoskrnl.exe
 0002:00000024       __imp__WRITE_REGISTER_ULONG@8 00011884     ntoskrnl:ntoskrnl.exe
 0002:00000028       __imp__READ_REGISTER_UCHAR@4 00011888     ntoskrnl:ntoskrnl.exe
 0002:0000002c       __imp__WRITE_REGISTER_UCHAR@8 0001188c     ntoskrnl:ntoskrnl.exe
 0002:00000030       __imp__READ_REGISTER_USHORT@4 00011890     ntoskrnl:ntoskrnl.exe
 0002:00000034       __imp__ExAllocatePoolWithTag@12 00011894     ntoskrnl:ntoskrnl.exe
 0002:00000038       __imp__MmMapIoSpace@16     00011898     ntoskrnl:ntoskrnl.exe
 0002:0000003c       __imp__KeWaitForSingleObject@20 0001189c     ntoskrnl:ntoskrnl.exe
 0002:00000040       __imp_@IofCallDriver@8     000118a0     ntoskrnl:ntoskrnl.exe
 0002:00000044       __imp__IoBuildSynchronousFsdRequest@28 000118a4     ntoskrnl:ntoskrnl.exe
 0002:00000048       __imp__IoGetAttachedDeviceReference@4 000118a8     ntoskrnl:ntoskrnl.exe
 0002:0000004c       __imp__KeInitializeEvent@12 000118ac     ntoskrnl:ntoskrnl.exe
 0002:00000050       __imp__KeInitializeMutex@8 000118b0     ntoskrnl:ntoskrnl.exe
 0002:00000054       __imp__ExFreePool@4        000118b4     ntoskrnl:ntoskrnl.exe
 0002:00000058       __imp___alldiv             000118b8     ntoskrnl:ntoskrnl.exe
 0002:0000005c       __imp___allmul             000118bc     ntoskrnl:ntoskrnl.exe
 0002:00000060       __imp__IoGetDmaAdapter@12  000118c0     ntoskrnl:ntoskrnl.exe
 0002:00000064       __imp__WRITE_REGISTER_USHORT@8 000118c4     ntoskrnl:ntoskrnl.exe
 0002:00000068       __imp_@ObfDereferenceObject@4 000118c8     ntoskrnl:ntoskrnl.exe
 0002:0000006c       __imp__KeReleaseMutex@8    000118cc     ntoskrnl:ntoskrnl.exe
 0002:00000070       __imp_@InterlockedDecrement@4 000118d0     ntoskrnl:ntoskrnl.exe
 0002:00000074       __imp_@InterlockedIncrement@4 000118d4     ntoskrnl:ntoskrnl.exe
 0002:00000078       \177ntoskrnl_NULL_THUNK_DATA 000118d8     ntoskrnl:ntoskrnl.exe
 0002:0000007c       __imp__PcInitializeAdapterDriver@12 000118dc     portcls:portcls.sys
 0002:00000080       __imp__PcNewMiniport@8     000118e0     portcls:portcls.sys
 0002:00000084       __imp__PcNewPort@8         000118e4     portcls:portcls.sys
 0002:00000088       __imp__PcRegisterPhysicalConnection@20 000118e8     portcls:portcls.sys
 0002:0000008c       __imp__PcAddAdapterDevice@20 000118ec     portcls:portcls.sys
 0002:00000090       __imp__PcRegisterSubdevice@12 000118f0     portcls:portcls.sys
 0002:00000094       __imp__PcNewInterruptSync@20 000118f4     portcls:portcls.sys
 0002:00000098       __imp__PcNewRegistryKey@36 000118f8     portcls:portcls.sys
 0002:0000009c       __imp__PcNewServiceGroup@8 000118fc     portcls:portcls.sys
 0002:000000a0       __imp__PcRegisterAdapterPowerManagement@8 00011900     portcls:portcls.sys
 0002:000000a4       __imp__PcNewResourceSublist@20 00011904     portcls:portcls.sys
 0002:000000a8       \177portcls_NULL_THUNK_DATA 00011908     portcls:portcls.sys
 0002:00000108       _IID_IAdapterCommon        00011968     adapter.obj
 0002:00000118       _CLSID_MiniportDriverFmSynth 00011978     adapter.obj
 0002:00000128       _CLSID_PortWaveCyclic      00011988     adapter.obj
 0002:00000138       _CLSID_PortTopology        00011998     adapter.obj
 0002:00000148       _CLSID_PortMidi            000119a8     adapter.obj
 0002:00000158       _IID_IAdapterPowerManagment 000119b8     adapter.obj
 0002:00000168       _IID_IMiniportWaveCyclicStream 000119c8     adapter.obj
 0002:00000178       _IID_IMiniportWaveCyclic   000119d8     adapter.obj
 0002:00000188       _IID_IPortWaveCyclic       000119e8     adapter.obj
 0002:00000198       _IID_IMiniportTopology     000119f8     adapter.obj
 0002:000001a8       _IID_IMiniport             00011a08     adapter.obj
 0002:000001b8       _IID_IUnknown              00011a18     adapter.obj
 0002:000001c8       ??_C@_1BE@DCLA@?$AAD?$AAi?$AAs?$AAa?$AAb?$AAl?$AAe?$AAC?$AAD?$AA?$AA@ 00011a28     common.obj
 0002:000001dc       ??_C@_1BM@HKPL@?$AAD?$AAi?$AAs?$AAa?$AAb?$AAl?$AAe?$AAL?$AAi?$AAn?$AAe?$AAI?$AAn?$AA?$AA@ 00011a3c     common.obj
 0002:000001f8       ??_C@_1BG@OEIB@?$AAD?$AAi?$AAs?$AAa?$AAb?$AAl?$AAe?$AAM?$AAi?$AAc?$AA?$AA@ 00011a58     common.obj
 0002:00000210       ??_C@_1BK@PFJA@?$AAD?$AAi?$AAs?$AAa?$AAb?$AAl?$AAe?$AAM?$AAi?$AAc?$AAI?$AAn?$AA?$AA@ 00011a70     common.obj
 0002:0000022c       ??_C@_1BO@PIPO@?$AAD?$AAi?$AAs?$AAa?$AAb?$AAl?$AAe?$AAM?$AAo?$AAn?$AAo?$AAO?$AAu?$AAt?$AA?$AA@ 00011a8c     common.obj
 0002:0000024c       ??_C@_1CC@CCGC@?$AAD?$AAi?$AAs?$AAa?$AAb?$AAl?$AAe?$AAH?$AAe?$AAa?$AAd?$AAp?$AAh?$AAo?$AAn?$AAe?$AA?$AA@ 00011aac     common.obj
 0002:00000270       ??_C@_1BG@KIAL@?$AAD?$AAi?$AAs?$AAa?$AAb?$AAl?$AAe?$AAA?$AAU?$AAX?$AA?$AA@ 00011ad0     common.obj
 0002:00000288       ??_C@_1BK@CIGJ@?$AAD?$AAi?$AAs?$AAa?$AAb?$AAl?$AAe?$AAV?$AAi?$AAd?$AAe?$AAo?$AA?$AA@ 00011ae8     common.obj
 0002:000002a4       ??_C@_1BI@JAOF@?$AAD?$AAi?$AAs?$AAa?$AAb?$AAl?$AAe?$AAM?$AAi?$AAc?$AA2?$AA?$AA@ 00011b04     common.obj
 0002:000002bc       ??_C@_1BK@EHMP@?$AAD?$AAi?$AAs?$AAa?$AAb?$AAl?$AAe?$AAP?$AAh?$AAo?$AAn?$AAe?$AA?$AA@ 00011b1c     common.obj
 0002:000002d8       ??_C@_1BM@PILN@?$AAD?$AAi?$AAs?$AAa?$AAb?$AAl?$AAe?$AAP?$AAC?$AAB?$AAe?$AAe?$AAp?$AA?$AA@ 00011b38     common.obj
 0002:000002f4       ??_C@_1BE@ENEK@?$AAR?$AAi?$AAg?$AAh?$AAt?$AAB?$AAa?$AAs?$AAs?$AA?$AA@ 00011b54     common.obj
 0002:00000308       ??_C@_1BC@JMJO@?$AAL?$AAe?$AAf?$AAt?$AAB?$AAa?$AAs?$AAs?$AA?$AA@ 00011b68     common.obj
 0002:0000031c       ??_C@_1BI@KGAJ@?$AAR?$AAi?$AAg?$AAh?$AAt?$AAT?$AAr?$AAe?$AAb?$AAl?$AAe?$AA?$AA@ 00011b7c     common.obj
 0002:00000334       ??_C@_1BG@BGGD@?$AAL?$AAe?$AAf?$AAt?$AAT?$AAr?$AAe?$AAb?$AAl?$AAe?$AA?$AA@ 00011b94     common.obj
 0002:0000034c       ??_C@_1O@IECC@?$AAM?$AAi?$AAc?$AAA?$AAG?$AAC?$AA?$AA@ 00011bac     common.obj
 0002:0000035c       ??_C@_1CA@EJHI@?$AAR?$AAi?$AAg?$AAh?$AAt?$AAO?$AAu?$AAt?$AAp?$AAu?$AAt?$AAG?$AAa?$AAi?$AAn?$AA?$AA@ 00011bbc     common.obj
 0002:0000037c       ??_C@_1BO@PPLI@?$AAL?$AAe?$AAf?$AAt?$AAO?$AAu?$AAt?$AAp?$AAu?$AAt?$AAG?$AAa?$AAi?$AAn?$AA?$AA@ 00011bdc     common.obj
 0002:0000039c       ??_C@_1BO@PMCJ@?$AAR?$AAi?$AAg?$AAh?$AAt?$AAI?$AAn?$AAp?$AAu?$AAt?$AAG?$AAa?$AAi?$AAn?$AA?$AA@ 00011bfc     common.obj
 0002:000003bc       ??_C@_1BM@CFEM@?$AAL?$AAe?$AAf?$AAt?$AAI?$AAn?$AAp?$AAu?$AAt?$AAG?$AAa?$AAi?$AAn?$AA?$AA@ 00011c1c     common.obj
 0002:000003d8       ??_C@_1CA@CIKM@?$AAR?$AAi?$AAg?$AAh?$AAt?$AAI?$AAn?$AAp?$AAu?$AAt?$AAM?$AAi?$AAx?$AAe?$AAr?$AA?$AA@ 00011c38     common.obj
 0002:000003f8       ??_C@_1BO@JOGM@?$AAL?$AAe?$AAf?$AAt?$AAI?$AAn?$AAp?$AAu?$AAt?$AAM?$AAi?$AAx?$AAe?$AAr?$AA?$AA@ 00011c58     common.obj
 0002:00000418       ??_C@_1BI@BMOJ@?$AAO?$AAu?$AAt?$AAp?$AAu?$AAt?$AAM?$AAi?$AAx?$AAe?$AAr?$AA?$AA@ 00011c78     common.obj
 0002:00000430       ??_C@_1BE@GLOL@?$AAP?$AAc?$AAS?$AAp?$AAk?$AAr?$AAV?$AAo?$AAl?$AA?$AA@ 00011c90     common.obj
 0002:00000444       ??_C@_1O@MNBB@?$AAM?$AAi?$AAc?$AAV?$AAo?$AAl?$AA?$AA@ 00011ca4     common.obj
 0002:00000454       ??_C@_1BO@HCKE@?$AAR?$AAi?$AAg?$AAh?$AAt?$AAL?$AAi?$AAn?$AAe?$AAI?$AAn?$AAV?$AAo?$AAl?$AA?$AA@ 00011cb4     common.obj
 0002:00000474       ??_C@_1BM@KLMB@?$AAL?$AAe?$AAf?$AAt?$AAL?$AAi?$AAn?$AAe?$AAI?$AAn?$AAV?$AAo?$AAl?$AA?$AA@ 00011cd4     common.obj
 0002:00000490       ??_C@_1BG@COJL@?$AAR?$AAi?$AAg?$AAh?$AAt?$AAC?$AAD?$AAV?$AAo?$AAl?$AA?$AA@ 00011cf0     common.obj
 0002:000004a8       ??_C@_1BE@KMKA@?$AAL?$AAe?$AAf?$AAt?$AAC?$AAD?$AAV?$AAo?$AAl?$AA?$AA@ 00011d08     common.obj
 0002:000004bc       ??_C@_1BK@JCIM@?$AAR?$AAi?$AAg?$AAh?$AAt?$AAM?$AAi?$AAd?$AAi?$AAV?$AAo?$AAl?$AA?$AA@ 00011d1c     common.obj
 0002:000004d8       ??_C@_1BI@KBIJ@?$AAL?$AAe?$AAf?$AAt?$AAM?$AAi?$AAd?$AAi?$AAV?$AAo?$AAl?$AA?$AA@ 00011d38     common.obj
 0002:000004f0       ??_C@_1BK@MFCG@?$AAR?$AAi?$AAg?$AAh?$AAt?$AAW?$AAa?$AAv?$AAe?$AAV?$AAo?$AAl?$AA?$AA@ 00011d50     common.obj
 0002:0000050c       ??_C@_1BI@PGCD@?$AAL?$AAe?$AAf?$AAt?$AAW?$AAa?$AAv?$AAe?$AAV?$AAo?$AAl?$AA?$AA@ 00011d6c     common.obj
 0002:00000524       ??_C@_1BO@NHA@?$AAR?$AAi?$AAg?$AAh?$AAt?$AAM?$AAa?$AAs?$AAt?$AAe?$AAr?$AAV?$AAo?$AAl?$AA?$AA@ 00011d84     common.obj
 0002:00000544       ??_C@_1BM@NEBF@?$AAL?$AAe?$AAf?$AAt?$AAM?$AAa?$AAs?$AAt?$AAe?$AAr?$AAV?$AAo?$AAl?$AA?$AA@ 00011da4     common.obj
 0002:00000560       ??_7CAdapterCommon@@6BIAdapterPowerManagement@@@ 00011dc0     common.obj
 0002:00000578       ??_7CAdapterCommon@@6BIAdapterCommon@@@ 00011dd8     common.obj
 0002:000005d0       ??_7CAdapterCommon@@6BCUnknown@@@ 00011e30     common.obj
 0002:000006a8       ??_7CMiniportTopologyHDA@@6BIMiniportTopology@@@ 00011f08     mintopo.obj
 0002:000006c0       ??_7CMiniportTopologyHDA@@6BCUnknown@@@ 00011f20     mintopo.obj
 0002:000006d0       ??_7CMiniportWaveCyclicHDA@@6BIMiniportWaveCyclic@@@ 00011f30     minwave.obj
 0002:000006ec       ??_7CMiniportWaveCyclicHDA@@6BCUnknown@@@ 00011f4c     minwave.obj
 0002:000006fc       ??_7CMiniportWaveCyclicStreamHDA@@6BIMiniportWaveCyclicStream@@@ 00011f5c     minwave.obj
 0002:00000720       ??_7CMiniportWaveCyclicStreamHDA@@6BCUnknown@@@ 00011f80     minwave.obj
 0002:00000730       ??_7CUnknown@@6B@          00011f90     stdunk:stdunk.obj
 0003:00000000       __GUID_b7902fe9_fb0a_11d1_81b0_0060083316c1 00011fa0     adapter.obj
 0003:00000010       __GUID_d3f0ce1c_fffc_11d1_81b0_0060083316c1 00011fb0     adapter.obj
 0003:00000020       __GUID_c096df9c_fb09_11d1_81b0_0060083316c1 00011fc0     adapter.obj
 0003:000000f8       ?m_stHardwareConfig@CAdapterCommon@@0UtHardwareConfig@@A 00012098     common.obj
 0003:0000018c       ?audBufSize@@3KA           0001212c     common.obj
 0003:00000190       ?BdlSize@@3KA              00012130     common.obj
 0003:00000890       __GUID_185fedf6_9905_11d1_95a9_00c04fb925d3 00012830     mintopo.obj
 0003:000008a0       __GUID_185fedef_9905_11d1_95a9_00c04fb925d3 00012840     mintopo.obj
 0003:000008b0       __GUID_185fede1_9905_11d1_95a9_00c04fb925d3 00012850     mintopo.obj
 0003:000008c0       __GUID_185fede0_9905_11d1_95a9_00c04fb925d3 00012860     mintopo.obj
 0003:000008d0       __GUID_7607e580_c557_11d0_8a2b_00a0c9255ac1 00012870     mintopo.obj
 0003:000008e0       __GUID_185fede3_9905_11d1_95a9_00c04fb925d3 00012880     mintopo.obj
 0003:000008f0       __GUID_da441a60_c556_11d0_8a2b_00a0c9255ac1 00012890     mintopo.obj
 0003:00000900       __GUID_185fedee_9905_11d1_95a9_00c04fb925d3 000128a0     mintopo.obj
 0003:00000910       __GUID_02b223c0_c557_11d0_8a2b_00a0c9255ac1 000128b0     mintopo.obj
 0003:00000920       __GUID_185feded_9905_11d1_95a9_00c04fb925d3 000128c0     mintopo.obj
 0003:00000930       __GUID_e88c9ba0_c557_11d0_8a2b_00a0c9255ac1 000128d0     mintopo.obj
 0003:00000940       __GUID_185fedec_9905_11d1_95a9_00c04fb925d3 000128e0     mintopo.obj
 0003:00000950       __GUID_185fedeb_9905_11d1_95a9_00c04fb925d3 000128f0     mintopo.obj
 0003:00000960       __GUID_185fedea_9905_11d1_95a9_00c04fb925d3 00012900     mintopo.obj
 0003:00000970       __GUID_185fede9_9905_11d1_95a9_00c04fb925d3 00012910     mintopo.obj
 0003:00000980       __GUID_185fede8_9905_11d1_95a9_00c04fb925d3 00012920     mintopo.obj
 0003:00000990       __GUID_e573adc0_c555_11d0_8a2b_00a0c9255ac1 00012930     mintopo.obj
 0003:000009a0       __GUID_185fede7_9905_11d1_95a9_00c04fb925d3 00012940     mintopo.obj
 0003:000009b0       __GUID_185fede5_9905_11d1_95a9_00c04fb925d3 00012950     mintopo.obj
 0003:000009c0       __GUID_3a5acc00_c557_11d0_8a2b_00a0c9255ac1 00012960     mintopo.obj
 0003:000009d0       __GUID_45ffaaa0_6e1b_11d0_bcf2_444553540000 00012970     mintopo.obj
 0003:000009e0       __GUID_6994ad04_93ef_11d0_a3cc_00a0c9223196 00012980     mintopo.obj
 0003:000009f0       __GUID_185fedf7_9905_11d1_95a9_00c04fb925d3 00012990     mintopo.obj
 0003:00000a00       __GUID_dff21ce1_f70f_11d0_b917_00a0c9223196 000129a0     mintopo.obj
 0003:00000a10       __GUID_dff21be1_f70f_11d0_b917_00a0c9223196 000129b0     mintopo.obj
 0003:00000a20       __GUID_185fedf9_9905_11d1_95a9_00c04fb925d3 000129c0     mintopo.obj
 0003:00000a30       __GUID_dff21fe3_f70f_11d0_b917_00a0c9223196 000129d0     mintopo.obj
 0003:00000a40       __GUID_185fedfb_9905_11d1_95a9_00c04fb925d3 000129e0     mintopo.obj
 0003:00000a50       __GUID_dff220e3_f70f_11d0_b917_00a0c9223196 000129f0     mintopo.obj
 0003:00000a60       __GUID_185fedf8_9905_11d1_95a9_00c04fb925d3 00012a00     mintopo.obj
 0003:00000a70       __GUID_dff220f3_f70f_11d0_b917_00a0c9223196 00012a10     mintopo.obj
 0003:00000a80       __GUID_dff21fe4_f70f_11d0_b917_00a0c9223196 00012a20     mintopo.obj
 0003:00000a90       __GUID_97e99ba0_bdea_11cf_a5d6_28db04c10000 00012a30     mintopo.obj
 0003:00000cd8       __GUID_507ae360_c554_11d0_8a2b_00a0c9255ac1 00012c78     minwave.obj
 0003:00000ce8       __GUID_4d837fe0_c555_11d0_8a2b_00a0c9255ac1 00012c88     minwave.obj
 0003:00000cf8       __GUID_185fedfa_9905_11d1_95a9_00c04fb925d3 00012c98     minwave.obj
 0003:00000d08       __GUID_fb6c4281_0353_11d1_905f_0000c0cc16ba 00012ca8     minwave.obj
 0003:00000d18       __GUID_05589f81_c356_11ce_bf01_00aa0055595a 00012cb8     minwave.obj
 0003:00000d28       __GUID_00000001_0000_0010_8000_00aa00389b71 00012cc8     minwave.obj
 0003:00000d38       __GUID_73647561_0000_0010_8000_00aa00389b71 00012cd8     minwave.obj
 0003:00000d48       __GUID_0f6417d6_c318_11d0_a43f_00a0c9223196 00012ce8     minwave.obj
 0003:00000d58       __GUID_518590a2_a184_11d0_8522_00c04fd9baf3 00012cf8     minwave.obj
 0003:00000d68       __GUID_00000000_0000_0000_0000_000000000000 00012d08     adapter.obj
 0004:00000000       _AddDevice@8               00012d20 f   adapter.obj
 0004:0000001a       ?InstallSubdevice@@YGJPAU_DEVICE_OBJECT@@PAU_IRP@@PAGABU_GUID@@3P6GJPAPAUIUnknown@@3PAU4@W4_POOL_TYPE@@@Z5PAUIResourceList@@344@Z 00012d3a f   adapter.obj
 0004:00000120       ?StartDevice@@YGJPAU_DEVICE_OBJECT@@PAU_IRP@@PAUIResourceList@@@Z 00012e40 f   adapter.obj
 0004:0000036e       ?AssignResources@@YGJPAUIResourceList@@PAPAU1@11111@Z 0001308e f   adapter.obj
 0004:000004fe       ?NewAdapterCommon@@YGJPAPAUIUnknown@@ABU_GUID@@PAU1@W4_POOL_TYPE@@@Z 0001321e f   common.obj
 0004:00000777       ?Init@CAdapterCommon@@UAGJPAUIResourceList@@PAU_DEVICE_OBJECT@@@Z 00013497 f   common.obj
 0004:00000e9a       ??1CAdapterCommon@@UAE@XZ  00013bba f   common.obj
 0004:00000fee       ?NonDelegatingQueryInterface@CAdapterCommon@@UAGJABU_GUID@@PAPAX@Z 00013d0e f   common.obj
 0004:000010ae       ?WavePortDriverDest@CAdapterCommon@@UAGPAPAUIUnknown@@XZ 00013dce f   common.obj
 0004:000010ba       ?GetInterruptSync@CAdapterCommon@@UAGPAUIInterruptSync@@XZ 00013dda f   common.obj
 0004:000010c8       ?MidiPortDriverDest@CAdapterCommon@@UAGPAPAUIUnknown@@XZ 00013de8 f   common.obj
 0004:000010d4       ?SetWaveServiceGroup@CAdapterCommon@@UAGXPAUIServiceGroup@@@Z 00013df4 f   common.obj
 0004:00001104       ?InitHDAController@CAdapterCommon@@QAGJXZ 00013e24 f   common.obj
 0004:000015ca       ?InitializeCodec@CAdapterCommon@@QAGJE@Z 000142ea f   common.obj
 0004:00001a45       ?hda_initialize_audio_function_group@CAdapterCommon@@QAGJKK@Z 00014765 f   common.obj
 0004:000022a6       ?hda_get_node_type@CAdapterCommon@@QAGEKK@Z 00014fc6 f   common.obj
 0004:000022c8       ?hda_get_node_connection_entries@CAdapterCommon@@QAGKKKK@Z 00014fe8 f   common.obj
 0004:0000234e       ?hda_enable_pin_output@CAdapterCommon@@QAGXKK@Z 0001506e f   common.obj
 0004:00002380       ?hda_disable_pin_output@CAdapterCommon@@QAGXKK@Z 000150a0 f   common.obj
 0004:000023b2       ?hda_is_headphone_connected@CAdapterCommon@@QAGEXZ 000150d2 f   common.obj
 0004:000023ec       ?hda_initialize_output_pin@CAdapterCommon@@QAGXK@Z 0001510c f   common.obj
 0004:00002562       ?hda_initialize_audio_output@CAdapterCommon@@QAGXK@Z 00015282 f   common.obj
 0004:00002690       ?hda_initialize_audio_mixer@CAdapterCommon@@QAGXK@Z 000153b0 f   common.obj
 0004:0000278a       ?hda_initialize_audio_selector@CAdapterCommon@@QAGXK@Z 000154aa f   common.obj
 0004:000028ae       ?CreateMiniportTopologyHDA@@YGJPAPAUIUnknown@@ABU_GUID@@PAU1@W4_POOL_TYPE@@@Z 000155ce f   mintopo.obj
 0004:0000290e       ?ProcessResources@CMiniportTopologyHDA@@AAEJPAUIResourceList@@@Z 0001562e f   mintopo.obj
 0004:00002932       ?NonDelegatingQueryInterface@CMiniportTopologyHDA@@UAGJABU_GUID@@PAPAX@Z 00015652 f   mintopo.obj
 0004:000029e0       ??1CMiniportTopologyHDA@@UAE@XZ 00015700 f   mintopo.obj
 0004:00002a24       ?Init@CMiniportTopologyHDA@@UAGJPAUIUnknown@@PAUIResourceList@@PAUIPortTopology@@@Z 00015744 f   mintopo.obj
 0004:00002a86       ?GetDescription@CMiniportTopologyHDA@@UAGJPAPAUPCFILTER_DESCRIPTOR@@@Z 000157a6 f   mintopo.obj
 0004:000032aa       ?CreateMiniportWaveCyclicHDA@@YGJPAPAUIUnknown@@ABU_GUID@@PAU1@W4_POOL_TYPE@@@Z 00015fca f   minwave.obj
 0004:0000330a       ?ProcessResources@CMiniportWaveCyclicHDA@@AAEJPAUIResourceList@@@Z 0001602a f   minwave.obj
 0004:000033b0       ?ValidateFormat@CMiniportWaveCyclicHDA@@AAEJPATKSDATAFORMAT@@@Z 000160d0 f   minwave.obj
 0004:0000348c       ?NonDelegatingQueryInterface@CMiniportWaveCyclicHDA@@UAGJABU_GUID@@PAPAX@Z 000161ac f   minwave.obj
 0004:0000353a       ??1CMiniportWaveCyclicHDA@@UAE@XZ 0001625a f   minwave.obj
 0004:0000358e       ?Init@CMiniportWaveCyclicHDA@@UAGJPAUIUnknown@@PAUIResourceList@@PAUIPortWaveCyclic@@@Z 000162ae f   minwave.obj
 0004:00003636       ?GetDescription@CMiniportWaveCyclicHDA@@UAGJPAPAUPCFILTER_DESCRIPTOR@@@Z 00016356 f   minwave.obj
 0004:00003646       ?DataRangeIntersection@CMiniportWaveCyclicHDA@@UAGJKPATKSDATAFORMAT@@0KPAXPAK@Z 00016366 f   minwave.obj
 0004:0000389c       ?NewStream@CMiniportWaveCyclicHDA@@UAGJPAPAUIMiniportWaveCyclicStream@@PAUIUnknown@@W4_POOL_TYPE@@KEPATKSDATAFORMAT@@PAPAUIDmaChannel@@PAPAUIServiceGroup@@@Z 000165bc f   minwave.obj
 0004:000039dc       ?NonDelegatingQueryInterface@CMiniportWaveCyclicStreamHDA@@UAGJABU_GUID@@PAPAX@Z 000166fc f   minwave.obj
 0004:00003a64       ??1CMiniportWaveCyclicStreamHDA@@UAE@XZ 00016784 f   minwave.obj
 0004:00003ace       ?Init@CMiniportWaveCyclicStreamHDA@@QAEJPAVCMiniportWaveCyclicHDA@@KEPATKSDATAFORMAT@@PAUIDmaChannel@@@Z 000167ee f   minwave.obj
 0004:00003b54       ?SetNotificationFreq@CMiniportWaveCyclicStreamHDA@@UAGKKPAK@Z 00016874 f   minwave.obj
 0004:00003b94       ?SetFormat@CMiniportWaveCyclicStreamHDA@@UAGJPATKSDATAFORMAT@@@Z 000168b4 f   minwave.obj
 0004:00003c20       ?SetState@CMiniportWaveCyclicStreamHDA@@UAGJW4KSSTATE@@@Z 00016940 f   minwave.obj
 0005:00000000       _DriverEntry@8             000169a0 f   adapter.obj
 0005:00000018       __IMPORT_DESCRIPTOR_ntoskrnl 000169b8     ntoskrnl:ntoskrnl.exe
 0005:0000002c       __IMPORT_DESCRIPTOR_HAL    000169cc     hal:HAL.dll
 0005:00000040       __IMPORT_DESCRIPTOR_portcls 000169e0     portcls:portcls.sys
 0005:00000054       __NULL_IMPORT_DESCRIPTOR   000169f4     ntoskrnl:ntoskrnl.exe

 entry point at        0005:00000000

 Static symbols

 0004:00002a96       ?PropertyHandler_OnOff@@YGJPAU_PCPROPERTY_REQUEST@@@Z 000157b6 f   mintopo.obj
 0004:00002c34       ?PropertyHandler_SuperMixCaps@@YGJPAU_PCPROPERTY_REQUEST@@@Z 00015954 f   mintopo.obj
 0004:00002e0e       ?PropertyHandler_SuperMixTable@@YGJPAU_PCPROPERTY_REQUEST@@@Z 00015b2e f   mintopo.obj
 0004:0000312a       ?PropertyHandler_CpuResources@@YGJPAU_PCPROPERTY_REQUEST@@@Z 00015e4a f   mintopo.obj
 0001:00000e86       ?PropertyHandler_Level@@YGJPAU_PCPROPERTY_REQUEST@@@Z 00011166 f   mintopo.obj
 0004:000031b6       ?BasicSupportHandler@@YGJPAU_PCPROPERTY_REQUEST@@@Z 00015ed6 f   mintopo.obj

 115 bytes saved through ICF

