 HDA

 Timestamp is 6923f135 (Sun Nov 23 21:46:29 2025)

 Preferred load address is 00010000

 Start         Length     Name                   Class
 0001:00000000 00001346H .text                   CODE
 0002:00000000 000000acH .idata$5                DATA
 0002:000000b0 00000568H .rdata                  DATA
 0003:00000000 00000cc8H .data                   DATA
 0003:00000cc8 00000010H .bss                    DATA
 0004:00000000 000033ffH PAGE                    CODE
 0005:00000000 00000015H INIT                    CODE
 0005:00000018 0000003cH .idata$2                CODE
 0005:00000054 00000014H .idata$3                CODE
 0005:00000068 000000acH .idata$4                CODE
 0005:00000114 00000384H .idata$6                CODE
 0006:00000000 00000058H .rsrc$01                DATA
 0006:00000060 00000338H .rsrc$02                DATA

  Address         Publics by Value              Rva+Base     Lib:Object

 0001:00000000       ?QueryInterface@CAdapterCommon@@UAGJABU_GUID@@PAPAX@Z 000102e0 f i common.obj
 0001:00000018       ?AddRef@CAdapterCommon@@UAGKXZ 000102f8 f i common.obj
 0001:00000028       ?Release@CAdapterCommon@@UAGKXZ 00010308 f i common.obj
 0001:00000038       ??_ECAdapterCommon@@UAEPAXI@Z 00010318 f i common.obj
 0001:00000038       ??_GCAdapterCommon@@UAEPAXI@Z 00010318 f i common.obj
 0001:00000058       ?hda_check_headphone_connection_change@CAdapterCommon@@QAGXXZ 00010338 f   common.obj
 0001:000000ce       ?hda_is_supported_sample_rate@CAdapterCommon@@QAGEK@Z 000103ae f   common.obj
 0001:00000154       ?hda_send_verb@CAdapterCommon@@QAGKKKKK@Z 00010434 f   common.obj
 0001:000002b8       ?ReadController@CAdapterCommon@@UAGEXZ 00010598 f   common.obj
 0001:000002be       ?WriteController@CAdapterCommon@@UAGEE@Z 0001059e f   common.obj
 0001:000002c4       ?MixerRegWrite@CAdapterCommon@@UAGXEE@Z 000105a4 f   common.obj
 0001:000002fc       ?MixerRegRead@CAdapterCommon@@UAGEE@Z 000105dc f   common.obj
 0001:0000031a       ?MixerReset@CAdapterCommon@@UAGXXZ 000105fa f   common.obj
 0001:0000031e       ?AcknowledgeIRQ@CAdapterCommon@@AAEEXZ 000105fe f   common.obj
 0001:00000398       ?ResetController@CAdapterCommon@@UAGJXZ 00010678 f   common.obj
 0001:000003b8       ?RestoreMixerSettingsFromRegistry@CAdapterCommon@@UAGJXZ 00010698 f   common.obj
 0001:00000516       ?SaveMixerSettingsToRegistry@CAdapterCommon@@UAGJXZ 000107f6 f   common.obj
 0001:000005da       ?ProgramSampleRate@CAdapterCommon@@UAGJK@Z 000108ba f   common.obj
 0001:00000670       ?PowerChangeState@CAdapterCommon@@UAGXT_POWER_STATE@@@Z 00010950 f   common.obj
 0001:000006ac       ?QueryDeviceCapabilities@CAdapterCommon@@UAGJPAU_DEVICE_CAPABILITIES@@@Z 0001098c f   common.obj
 0001:000006ac       ?QueryPowerChangeState@CAdapterCommon@@UAGJT_POWER_STATE@@@Z 0001098c f   common.obj
 0001:000006b2       ?InterruptServiceRoutine@@YGJPAUIInterruptSync@@PAX@Z 00010992 f   common.obj
 0001:000006de       ?hda_stop_stream@CAdapterCommon@@UAGJXZ 000109be f   common.obj
 0001:000007d4       ?hda_start_sound@CAdapterCommon@@UAGXXZ 00010ab4 f   common.obj
 0001:000007fc       ?hda_stop_sound@CAdapterCommon@@UAGXXZ 00010adc f   common.obj
 0001:00000842       ?hda_get_actual_stream_position@CAdapterCommon@@UAGKXZ 00010b22 f   common.obj
 0001:00000858       ?hda_set_volume@CAdapterCommon@@QAGXK@Z 00010b38 f   common.obj
 0001:000008a6       ?readUCHAR@CAdapterCommon@@QAGEG@Z 00010b86 f   common.obj
 0001:000008be       ?writeUCHAR@CAdapterCommon@@QAGXGE@Z 00010b9e f   common.obj
 0001:000008da       ?readUSHORT@CAdapterCommon@@QAGGG@Z 00010bba f   common.obj
 0001:000008f2       ?writeUSHORT@CAdapterCommon@@QAGXGG@Z 00010bd2 f   common.obj
 0001:0000090e       ?readULONG@CAdapterCommon@@QAGKG@Z 00010bee f   common.obj
 0001:00000926       ?writeULONG@CAdapterCommon@@QAGXGK@Z 00010c06 f   common.obj
 0001:00000942       ?hda_showtime@CAdapterCommon@@UAGJPAUIDmaChannel@@@Z 00010c22 f   common.obj
 0001:00000a82       ?hda_return_sound_data_format@CAdapterCommon@@QAGGKKK@Z 00010d62 f   common.obj
 0001:00000b44       ?ReadWriteConfigSpace@CAdapterCommon@@AAGJPAU_DEVICE_OBJECT@@KPAXKK@Z 00010e24 f   common.obj
 0001:00000bec       ?WriteConfigSpace@CAdapterCommon@@AAGJE@Z 00010ecc f   common.obj
 0001:00000c10       ?QueryInterface@CAdapterCommon@@W3AGJABU_GUID@@PAPAX@Z 00010ef0 f i common.obj
 0001:00000c1a       ?AddRef@CAdapterCommon@@W3AGKXZ 00010efa f i common.obj
 0001:00000c24       ?Release@CAdapterCommon@@W3AGKXZ 00010f04 f i common.obj
 0001:00000c2e       ?DataRangeIntersection@CMiniportTopologyHDA@@UAGJKPATKSDATAFORMAT@@0KPAXPAK@Z 00010f0e f i mintopo.obj
 0001:00000c36       ??_ECMiniportTopologyHDA@@UAEPAXI@Z 00010f16 f i mintopo.obj
 0001:00000c36       ??_GCMiniportTopologyHDA@@UAEPAXI@Z 00010f16 f i mintopo.obj
 0001:00001034       ?ReadBitsFromMixer@CMiniportTopologyHDA@@AAEEEEE@Z 00011314 f   mintopo.obj
 0001:0000105c       ?WriteBitsToMixer@CMiniportTopologyHDA@@AAEXEEEE@Z 0001133c f   mintopo.obj
 0001:000010b2       ?AddRef@CMiniportWaveCyclicHDA@@UAGKXZ 00011392 f i minwave.obj
 0001:000010b2       ?AddRef@CMiniportWaveCyclicStreamHDA@@UAGKXZ 00011392 f i minwave.obj
 0001:000010b2       ?AddRef@CMiniportTopologyHDA@@UAGKXZ 00011392 f i minwave.obj
 0001:000010c2       ?Release@CMiniportWaveCyclicHDA@@UAGKXZ 000113a2 f i minwave.obj
 0001:000010c2       ?Release@CMiniportWaveCyclicStreamHDA@@UAGKXZ 000113a2 f i minwave.obj
 0001:000010c2       ?Release@CMiniportTopologyHDA@@UAGKXZ 000113a2 f i minwave.obj
 0001:000010d2       ??_ECMiniportWaveCyclicHDA@@UAEPAXI@Z 000113b2 f i minwave.obj
 0001:000010d2       ??_GCMiniportWaveCyclicHDA@@UAEPAXI@Z 000113b2 f i minwave.obj
 0001:000010f2       ?QueryInterface@CMiniportWaveCyclicHDA@@UAGJABU_GUID@@PAPAX@Z 000113d2 f i minwave.obj
 0001:000010f2       ?QueryInterface@CMiniportTopologyHDA@@UAGJABU_GUID@@PAPAX@Z 000113d2 f i minwave.obj
 0001:000010f2       ?QueryInterface@CMiniportWaveCyclicStreamHDA@@UAGJABU_GUID@@PAPAX@Z 000113d2 f i minwave.obj
 0001:0000110a       ??_GCMiniportWaveCyclicStreamHDA@@UAEPAXI@Z 000113ea f i minwave.obj
 0001:0000110a       ??_ECMiniportWaveCyclicStreamHDA@@UAEPAXI@Z 000113ea f i minwave.obj
 0001:0000112a       ?GetPosition@CMiniportWaveCyclicStreamHDA@@UAGJPAK@Z 0001140a f   minwave.obj
 0001:0000118c       ?NormalizePhysicalPosition@CMiniportWaveCyclicStreamHDA@@UAGJPA_J@Z 0001146c f   minwave.obj
 0001:000011d4       ?Silence@CMiniportWaveCyclicStreamHDA@@UAGXPAXK@Z 000114b4 f   minwave.obj
 0001:0000120e       _DbgPrint                  000114ee f   ntoskrnl:ntoskrnl.exe
 0001:00001214       __alldiv                   000114f4 f   ntoskrnl:ntoskrnl.exe
 0001:0000121a       __allmul                   000114fa f   ntoskrnl:ntoskrnl.exe
 0001:00001220       _PcInitializeAdapterDriver@12 00011500 f   portcls:portcls.sys
 0001:00001226       _PcAddAdapterDevice@20     00011506 f   portcls:portcls.sys
 0001:0000122c       _PcRegisterSubdevice@12    0001150c f   portcls:portcls.sys
 0001:00001232       _PcNewMiniport@8           00011512 f   portcls:portcls.sys
 0001:00001238       _PcNewPort@8               00011518 f   portcls:portcls.sys
 0001:0000123e       _PcRegisterPhysicalConnection@20 0001151e f   portcls:portcls.sys
 0001:00001244       _PcRegisterAdapterPowerManagement@8 00011524 f   portcls:portcls.sys
 0001:0000124a       _PcNewResourceSublist@20   0001152a f   portcls:portcls.sys
 0001:00001250       _PcNewInterruptSync@20     00011530 f   portcls:portcls.sys
 0001:00001256       _PcNewRegistryKey@36       00011536 f   portcls:portcls.sys
 0001:0000125c       _PcNewServiceGroup@8       0001153c f   portcls:portcls.sys
 0001:00001262       ??0CUnknown@@QAE@PAUIUnknown@@@Z 00011542 f   stdunk:stdunk.obj
 0001:00001281       ??_ECUnknown@@UAEPAXI@Z    00011561 f i stdunk:stdunk.obj
 0001:00001281       ??_GCUnknown@@UAEPAXI@Z    00011561 f i stdunk:stdunk.obj
 0001:0000129d       ??1CUnknown@@UAE@XZ        0001157d f   stdunk:stdunk.obj
 0001:000012a4       ?NonDelegatingAddRef@CUnknown@@UAGKXZ 00011584 f   stdunk:stdunk.obj
 0001:000012ba       ?NonDelegatingRelease@CUnknown@@UAGKXZ 0001159a f   stdunk:stdunk.obj
 0001:000012e9       ?NonDelegatingQueryInterface@CUnknown@@UAGJABU_GUID@@PAPAX@Z 000115c9 f   stdunk:stdunk.obj
 0002:00000000       __imp_@KfAcquireSpinLock@4 00011640     hal:HAL.dll
 0002:00000004       __imp_@KfReleaseSpinLock@8 00011644     hal:HAL.dll
 0002:00000008       __imp__KeStallExecutionProcessor@4 00011648     hal:HAL.dll
 0002:0000000c       \177HAL_NULL_THUNK_DATA    0001164c     hal:HAL.dll
 0002:00000010       __imp__KeInitializeSpinLock@4 00011650     ntoskrnl:ntoskrnl.exe
 0002:00000014       __imp__MmUnmapIoSpace@8    00011654     ntoskrnl:ntoskrnl.exe
 0002:00000018       __imp__READ_REGISTER_ULONG@4 00011658     ntoskrnl:ntoskrnl.exe
 0002:0000001c       __imp__DbgPrint            0001165c     ntoskrnl:ntoskrnl.exe
 0002:00000020       __imp__WRITE_REGISTER_ULONG@8 00011660     ntoskrnl:ntoskrnl.exe
 0002:00000024       __imp__RtlInitUnicodeString@8 00011664     ntoskrnl:ntoskrnl.exe
 0002:00000028       __imp__READ_REGISTER_UCHAR@4 00011668     ntoskrnl:ntoskrnl.exe
 0002:0000002c       __imp__WRITE_REGISTER_UCHAR@8 0001166c     ntoskrnl:ntoskrnl.exe
 0002:00000030       __imp__READ_REGISTER_USHORT@4 00011670     ntoskrnl:ntoskrnl.exe
 0002:00000034       __imp__ExAllocatePoolWithTag@12 00011674     ntoskrnl:ntoskrnl.exe
 0002:00000038       __imp__MmMapIoSpace@16     00011678     ntoskrnl:ntoskrnl.exe
 0002:0000003c       __imp__KeWaitForSingleObject@20 0001167c     ntoskrnl:ntoskrnl.exe
 0002:00000040       __imp_@IofCallDriver@8     00011680     ntoskrnl:ntoskrnl.exe
 0002:00000044       __imp__IoBuildSynchronousFsdRequest@28 00011684     ntoskrnl:ntoskrnl.exe
 0002:00000048       __imp__IoGetAttachedDeviceReference@4 00011688     ntoskrnl:ntoskrnl.exe
 0002:0000004c       __imp__KeInitializeEvent@12 0001168c     ntoskrnl:ntoskrnl.exe
 0002:00000050       __imp__KeInitializeMutex@8 00011690     ntoskrnl:ntoskrnl.exe
 0002:00000054       __imp__ExFreePool@4        00011694     ntoskrnl:ntoskrnl.exe
 0002:00000058       __imp___alldiv             00011698     ntoskrnl:ntoskrnl.exe
 0002:0000005c       __imp___allmul             0001169c     ntoskrnl:ntoskrnl.exe
 0002:00000060       __imp__IoGetDmaAdapter@12  000116a0     ntoskrnl:ntoskrnl.exe
 0002:00000064       __imp__WRITE_REGISTER_USHORT@8 000116a4     ntoskrnl:ntoskrnl.exe
 0002:00000068       __imp_@ObfDereferenceObject@4 000116a8     ntoskrnl:ntoskrnl.exe
 0002:0000006c       __imp__KeReleaseMutex@8    000116ac     ntoskrnl:ntoskrnl.exe
 0002:00000070       __imp_@InterlockedDecrement@4 000116b0     ntoskrnl:ntoskrnl.exe
 0002:00000074       __imp_@InterlockedIncrement@4 000116b4     ntoskrnl:ntoskrnl.exe
 0002:00000078       \177ntoskrnl_NULL_THUNK_DATA 000116b8     ntoskrnl:ntoskrnl.exe
 0002:0000007c       __imp__PcInitializeAdapterDriver@12 000116bc     portcls:portcls.sys
 0002:00000080       __imp__PcNewMiniport@8     000116c0     portcls:portcls.sys
 0002:00000084       __imp__PcNewPort@8         000116c4     portcls:portcls.sys
 0002:00000088       __imp__PcRegisterPhysicalConnection@20 000116c8     portcls:portcls.sys
 0002:0000008c       __imp__PcAddAdapterDevice@20 000116cc     portcls:portcls.sys
 0002:00000090       __imp__PcRegisterSubdevice@12 000116d0     portcls:portcls.sys
 0002:00000094       __imp__PcNewInterruptSync@20 000116d4     portcls:portcls.sys
 0002:00000098       __imp__PcNewRegistryKey@36 000116d8     portcls:portcls.sys
 0002:0000009c       __imp__PcNewServiceGroup@8 000116dc     portcls:portcls.sys
 0002:000000a0       __imp__PcRegisterAdapterPowerManagement@8 000116e0     portcls:portcls.sys
 0002:000000a4       __imp__PcNewResourceSublist@20 000116e4     portcls:portcls.sys
 0002:000000a8       \177portcls_NULL_THUNK_DATA 000116e8     portcls:portcls.sys
 0002:00000108       _IID_IAdapterCommon        00011748     adapter.obj
 0002:00000118       _CLSID_MiniportDriverFmSynth 00011758     adapter.obj
 0002:00000128       _CLSID_PortWaveCyclic      00011768     adapter.obj
 0002:00000138       _CLSID_PortTopology        00011778     adapter.obj
 0002:00000148       _CLSID_PortMidi            00011788     adapter.obj
 0002:00000158       _IID_IAdapterPowerManagment 00011798     adapter.obj
 0002:00000168       _IID_IMiniportWaveCyclicStream 000117a8     adapter.obj
 0002:00000178       _IID_IMiniportWaveCyclic   000117b8     adapter.obj
 0002:00000188       _IID_IPortWaveCyclic       000117c8     adapter.obj
 0002:00000198       _IID_IMiniportTopology     000117d8     adapter.obj
 0002:000001a8       _IID_IMiniport             000117e8     adapter.obj
 0002:000001b8       _IID_IUnknown              000117f8     adapter.obj
 0002:000001c8       ??_C@_1BE@ENEK@?$AAR?$AAi?$AAg?$AAh?$AAt?$AAB?$AAa?$AAs?$AAs?$AA?$AA@ 00011808     common.obj
 0002:000001dc       ??_C@_1BC@JMJO@?$AAL?$AAe?$AAf?$AAt?$AAB?$AAa?$AAs?$AAs?$AA?$AA@ 0001181c     common.obj
 0002:000001f0       ??_C@_1BI@KGAJ@?$AAR?$AAi?$AAg?$AAh?$AAt?$AAT?$AAr?$AAe?$AAb?$AAl?$AAe?$AA?$AA@ 00011830     common.obj
 0002:00000208       ??_C@_1BG@BGGD@?$AAL?$AAe?$AAf?$AAt?$AAT?$AAr?$AAe?$AAb?$AAl?$AAe?$AA?$AA@ 00011848     common.obj
 0002:00000220       ??_C@_1O@IECC@?$AAM?$AAi?$AAc?$AAA?$AAG?$AAC?$AA?$AA@ 00011860     common.obj
 0002:00000230       ??_C@_1CA@EJHI@?$AAR?$AAi?$AAg?$AAh?$AAt?$AAO?$AAu?$AAt?$AAp?$AAu?$AAt?$AAG?$AAa?$AAi?$AAn?$AA?$AA@ 00011870     common.obj
 0002:00000250       ??_C@_1BO@PPLI@?$AAL?$AAe?$AAf?$AAt?$AAO?$AAu?$AAt?$AAp?$AAu?$AAt?$AAG?$AAa?$AAi?$AAn?$AA?$AA@ 00011890     common.obj
 0002:00000270       ??_C@_1BO@PMCJ@?$AAR?$AAi?$AAg?$AAh?$AAt?$AAI?$AAn?$AAp?$AAu?$AAt?$AAG?$AAa?$AAi?$AAn?$AA?$AA@ 000118b0     common.obj
 0002:00000290       ??_C@_1BM@CFEM@?$AAL?$AAe?$AAf?$AAt?$AAI?$AAn?$AAp?$AAu?$AAt?$AAG?$AAa?$AAi?$AAn?$AA?$AA@ 000118d0     common.obj
 0002:000002ac       ??_C@_1CA@CIKM@?$AAR?$AAi?$AAg?$AAh?$AAt?$AAI?$AAn?$AAp?$AAu?$AAt?$AAM?$AAi?$AAx?$AAe?$AAr?$AA?$AA@ 000118ec     common.obj
 0002:000002cc       ??_C@_1BO@JOGM@?$AAL?$AAe?$AAf?$AAt?$AAI?$AAn?$AAp?$AAu?$AAt?$AAM?$AAi?$AAx?$AAe?$AAr?$AA?$AA@ 0001190c     common.obj
 0002:000002ec       ??_C@_1BI@BMOJ@?$AAO?$AAu?$AAt?$AAp?$AAu?$AAt?$AAM?$AAi?$AAx?$AAe?$AAr?$AA?$AA@ 0001192c     common.obj
 0002:00000304       ??_C@_1BE@GLOL@?$AAP?$AAc?$AAS?$AAp?$AAk?$AAr?$AAV?$AAo?$AAl?$AA?$AA@ 00011944     common.obj
 0002:00000318       ??_C@_1O@MNBB@?$AAM?$AAi?$AAc?$AAV?$AAo?$AAl?$AA?$AA@ 00011958     common.obj
 0002:00000328       ??_C@_1BO@HCKE@?$AAR?$AAi?$AAg?$AAh?$AAt?$AAL?$AAi?$AAn?$AAe?$AAI?$AAn?$AAV?$AAo?$AAl?$AA?$AA@ 00011968     common.obj
 0002:00000348       ??_C@_1BM@KLMB@?$AAL?$AAe?$AAf?$AAt?$AAL?$AAi?$AAn?$AAe?$AAI?$AAn?$AAV?$AAo?$AAl?$AA?$AA@ 00011988     common.obj
 0002:00000364       ??_C@_1BG@COJL@?$AAR?$AAi?$AAg?$AAh?$AAt?$AAC?$AAD?$AAV?$AAo?$AAl?$AA?$AA@ 000119a4     common.obj
 0002:0000037c       ??_C@_1BE@KMKA@?$AAL?$AAe?$AAf?$AAt?$AAC?$AAD?$AAV?$AAo?$AAl?$AA?$AA@ 000119bc     common.obj
 0002:00000390       ??_C@_1BK@JCIM@?$AAR?$AAi?$AAg?$AAh?$AAt?$AAM?$AAi?$AAd?$AAi?$AAV?$AAo?$AAl?$AA?$AA@ 000119d0     common.obj
 0002:000003ac       ??_C@_1BI@KBIJ@?$AAL?$AAe?$AAf?$AAt?$AAM?$AAi?$AAd?$AAi?$AAV?$AAo?$AAl?$AA?$AA@ 000119ec     common.obj
 0002:000003c4       ??_C@_1BK@MFCG@?$AAR?$AAi?$AAg?$AAh?$AAt?$AAW?$AAa?$AAv?$AAe?$AAV?$AAo?$AAl?$AA?$AA@ 00011a04     common.obj
 0002:000003e0       ??_C@_1BI@PGCD@?$AAL?$AAe?$AAf?$AAt?$AAW?$AAa?$AAv?$AAe?$AAV?$AAo?$AAl?$AA?$AA@ 00011a20     common.obj
 0002:000003f8       ??_C@_1BO@NHA@?$AAR?$AAi?$AAg?$AAh?$AAt?$AAM?$AAa?$AAs?$AAt?$AAe?$AAr?$AAV?$AAo?$AAl?$AA?$AA@ 00011a38     common.obj
 0002:00000418       ??_C@_1BM@NEBF@?$AAL?$AAe?$AAf?$AAt?$AAM?$AAa?$AAs?$AAt?$AAe?$AAr?$AAV?$AAo?$AAl?$AA?$AA@ 00011a58     common.obj
 0002:00000434       ??_7CAdapterCommon@@6BIAdapterPowerManagement@@@ 00011a74     common.obj
 0002:0000044c       ??_7CAdapterCommon@@6BIAdapterCommon@@@ 00011a8c     common.obj
 0002:000004a4       ??_7CAdapterCommon@@6BCUnknown@@@ 00011ae4     common.obj
 0002:00000580       ??_7CMiniportTopologyHDA@@6BIMiniportTopology@@@ 00011bc0     mintopo.obj
 0002:00000598       ??_7CMiniportTopologyHDA@@6BCUnknown@@@ 00011bd8     mintopo.obj
 0002:000005a8       ??_7CMiniportWaveCyclicHDA@@6BIMiniportWaveCyclic@@@ 00011be8     minwave.obj
 0002:000005c4       ??_7CMiniportWaveCyclicHDA@@6BCUnknown@@@ 00011c04     minwave.obj
 0002:000005d4       ??_7CMiniportWaveCyclicStreamHDA@@6BIMiniportWaveCyclicStream@@@ 00011c14     minwave.obj
 0002:000005f8       ??_7CMiniportWaveCyclicStreamHDA@@6BCUnknown@@@ 00011c38     minwave.obj
 0002:00000608       ??_7CUnknown@@6B@          00011c48     stdunk:stdunk.obj
 0003:00000000       __GUID_b7902fe9_fb0a_11d1_81b0_0060083316c1 00011c60     adapter.obj
 0003:00000010       __GUID_d3f0ce1c_fffc_11d1_81b0_0060083316c1 00011c70     adapter.obj
 0003:00000020       __GUID_c096df9c_fb09_11d1_81b0_0060083316c1 00011c80     adapter.obj
 0003:000000f0       ?audBufSize@@3KA           00011d50     common.obj
 0003:000000f4       ?BdlSize@@3KA              00011d54     common.obj
 0003:000007f0       __GUID_185fedf6_9905_11d1_95a9_00c04fb925d3 00012450     mintopo.obj
 0003:00000800       __GUID_185fedef_9905_11d1_95a9_00c04fb925d3 00012460     mintopo.obj
 0003:00000810       __GUID_185fede1_9905_11d1_95a9_00c04fb925d3 00012470     mintopo.obj
 0003:00000820       __GUID_185fede0_9905_11d1_95a9_00c04fb925d3 00012480     mintopo.obj
 0003:00000830       __GUID_7607e580_c557_11d0_8a2b_00a0c9255ac1 00012490     mintopo.obj
 0003:00000840       __GUID_185fede3_9905_11d1_95a9_00c04fb925d3 000124a0     mintopo.obj
 0003:00000850       __GUID_da441a60_c556_11d0_8a2b_00a0c9255ac1 000124b0     mintopo.obj
 0003:00000860       __GUID_185fedee_9905_11d1_95a9_00c04fb925d3 000124c0     mintopo.obj
 0003:00000870       __GUID_02b223c0_c557_11d0_8a2b_00a0c9255ac1 000124d0     mintopo.obj
 0003:00000880       __GUID_185feded_9905_11d1_95a9_00c04fb925d3 000124e0     mintopo.obj
 0003:00000890       __GUID_e88c9ba0_c557_11d0_8a2b_00a0c9255ac1 000124f0     mintopo.obj
 0003:000008a0       __GUID_185fedec_9905_11d1_95a9_00c04fb925d3 00012500     mintopo.obj
 0003:000008b0       __GUID_185fedeb_9905_11d1_95a9_00c04fb925d3 00012510     mintopo.obj
 0003:000008c0       __GUID_185fedea_9905_11d1_95a9_00c04fb925d3 00012520     mintopo.obj
 0003:000008d0       __GUID_185fede9_9905_11d1_95a9_00c04fb925d3 00012530     mintopo.obj
 0003:000008e0       __GUID_185fede8_9905_11d1_95a9_00c04fb925d3 00012540     mintopo.obj
 0003:000008f0       __GUID_e573adc0_c555_11d0_8a2b_00a0c9255ac1 00012550     mintopo.obj
 0003:00000900       __GUID_185fede7_9905_11d1_95a9_00c04fb925d3 00012560     mintopo.obj
 0003:00000910       __GUID_185fede5_9905_11d1_95a9_00c04fb925d3 00012570     mintopo.obj
 0003:00000920       __GUID_3a5acc00_c557_11d0_8a2b_00a0c9255ac1 00012580     mintopo.obj
 0003:00000930       __GUID_45ffaaa0_6e1b_11d0_bcf2_444553540000 00012590     mintopo.obj
 0003:00000940       __GUID_6994ad04_93ef_11d0_a3cc_00a0c9223196 000125a0     mintopo.obj
 0003:00000950       __GUID_185fedf7_9905_11d1_95a9_00c04fb925d3 000125b0     mintopo.obj
 0003:00000960       __GUID_dff21ce1_f70f_11d0_b917_00a0c9223196 000125c0     mintopo.obj
 0003:00000970       __GUID_dff21be1_f70f_11d0_b917_00a0c9223196 000125d0     mintopo.obj
 0003:00000980       __GUID_185fedf9_9905_11d1_95a9_00c04fb925d3 000125e0     mintopo.obj
 0003:00000990       __GUID_dff21fe3_f70f_11d0_b917_00a0c9223196 000125f0     mintopo.obj
 0003:000009a0       __GUID_185fedfb_9905_11d1_95a9_00c04fb925d3 00012600     mintopo.obj
 0003:000009b0       __GUID_dff220e3_f70f_11d0_b917_00a0c9223196 00012610     mintopo.obj
 0003:000009c0       __GUID_185fedf8_9905_11d1_95a9_00c04fb925d3 00012620     mintopo.obj
 0003:000009d0       __GUID_dff220f3_f70f_11d0_b917_00a0c9223196 00012630     mintopo.obj
 0003:000009e0       __GUID_dff21fe4_f70f_11d0_b917_00a0c9223196 00012640     mintopo.obj
 0003:000009f0       __GUID_97e99ba0_bdea_11cf_a5d6_28db04c10000 00012650     mintopo.obj
 0003:00000c38       __GUID_507ae360_c554_11d0_8a2b_00a0c9255ac1 00012898     minwave.obj
 0003:00000c48       __GUID_4d837fe0_c555_11d0_8a2b_00a0c9255ac1 000128a8     minwave.obj
 0003:00000c58       __GUID_185fedfa_9905_11d1_95a9_00c04fb925d3 000128b8     minwave.obj
 0003:00000c68       __GUID_fb6c4281_0353_11d1_905f_0000c0cc16ba 000128c8     minwave.obj
 0003:00000c78       __GUID_05589f81_c356_11ce_bf01_00aa0055595a 000128d8     minwave.obj
 0003:00000c88       __GUID_00000001_0000_0010_8000_00aa00389b71 000128e8     minwave.obj
 0003:00000c98       __GUID_73647561_0000_0010_8000_00aa00389b71 000128f8     minwave.obj
 0003:00000ca8       __GUID_0f6417d6_c318_11d0_a43f_00a0c9223196 00012908     minwave.obj
 0003:00000cb8       __GUID_518590a2_a184_11d0_8522_00c04fd9baf3 00012918     minwave.obj
 0003:00000cc8       __GUID_00000000_0000_0000_0000_000000000000 00012928     adapter.obj
 0004:00000000       _AddDevice@8               00012940 f   adapter.obj
 0004:0000001a       ?InstallSubdevice@@YGJPAU_DEVICE_OBJECT@@PAU_IRP@@PAGABU_GUID@@3P6GJPAPAUIUnknown@@3PAU4@W4_POOL_TYPE@@@Z5PAUIResourceList@@344@Z 0001295a f   adapter.obj
 0004:00000120       ?StartDevice@@YGJPAU_DEVICE_OBJECT@@PAU_IRP@@PAUIResourceList@@@Z 00012a60 f   adapter.obj
 0004:0000036e       ?AssignResources@@YGJPAUIResourceList@@PAPAU1@11111@Z 00012cae f   adapter.obj
 0004:00000624       ?NewAdapterCommon@@YGJPAPAUIUnknown@@ABU_GUID@@PAU1@W4_POOL_TYPE@@@Z 00012f64 f   common.obj
 0004:000007e5       ?Init@CAdapterCommon@@UAGJPAUIResourceList@@PAU_DEVICE_OBJECT@@@Z 00013125 f   common.obj
 0004:00000c36       ??1CAdapterCommon@@UAE@XZ  00013576 f   common.obj
 0004:00000d8a       ?NonDelegatingQueryInterface@CAdapterCommon@@UAGJABU_GUID@@PAPAX@Z 000136ca f   common.obj
 0004:00000e4a       ?WavePortDriverDest@CAdapterCommon@@UAGPAPAUIUnknown@@XZ 0001378a f   common.obj
 0004:00000e56       ?GetInterruptSync@CAdapterCommon@@UAGPAUIInterruptSync@@XZ 00013796 f   common.obj
 0004:00000e64       ?MidiPortDriverDest@CAdapterCommon@@UAGPAPAUIUnknown@@XZ 000137a4 f   common.obj
 0004:00000e70       ?SetWaveServiceGroup@CAdapterCommon@@UAGXPAUIServiceGroup@@@Z 000137b0 f   common.obj
 0004:00000ea0       ?InitHDA@CAdapterCommon@@QAGJXZ 000137e0 f   common.obj
 0004:0000125a       ?InitializeCodec@CAdapterCommon@@QAGJE@Z 00013b9a f   common.obj
 0004:0000154b       ?hda_initialize_audio_function_group@CAdapterCommon@@QAGXKK@Z 00013e8b f   common.obj
 0004:00001a36       ?hda_get_node_type@CAdapterCommon@@QAGEKK@Z 00014376 f   common.obj
 0004:00001a58       ?hda_get_node_connection_entries@CAdapterCommon@@QAGKKKK@Z 00014398 f   common.obj
 0004:00001ade       ?hda_set_node_gain@CAdapterCommon@@QAGXKKKKK@Z 0001441e f   common.obj
 0004:00001b46       ?hda_enable_pin_output@CAdapterCommon@@QAGXKK@Z 00014486 f   common.obj
 0004:00001b78       ?hda_disable_pin_output@CAdapterCommon@@QAGXKK@Z 000144b8 f   common.obj
 0004:00001baa       ?hda_is_headphone_connected@CAdapterCommon@@QAGHXZ 000144ea f   common.obj
 0004:00001be6       ?hda_initialize_output_pin@CAdapterCommon@@QAGXK@Z 00014526 f   common.obj
 0004:00001d44       ?hda_initalize_audio_output@CAdapterCommon@@QAGXK@Z 00014684 f   common.obj
 0004:00001e54       ?hda_initalize_audio_mixer@CAdapterCommon@@QAGXK@Z 00014794 f   common.obj
 0004:00001f36       ?hda_initalize_audio_selector@CAdapterCommon@@QAGXK@Z 00014876 f   common.obj
 0004:00002042       ?CreateMiniportTopologyHDA@@YGJPAPAUIUnknown@@ABU_GUID@@PAU1@W4_POOL_TYPE@@@Z 00014982 f   mintopo.obj
 0004:000020a2       ?ProcessResources@CMiniportTopologyHDA@@AAEJPAUIResourceList@@@Z 000149e2 f   mintopo.obj
 0004:000020c6       ?NonDelegatingQueryInterface@CMiniportTopologyHDA@@UAGJABU_GUID@@PAPAX@Z 00014a06 f   mintopo.obj
 0004:00002174       ??1CMiniportTopologyHDA@@UAE@XZ 00014ab4 f   mintopo.obj
 0004:000021b8       ?Init@CMiniportTopologyHDA@@UAGJPAUIUnknown@@PAUIResourceList@@PAUIPortTopology@@@Z 00014af8 f   mintopo.obj
 0004:0000221a       ?GetDescription@CMiniportTopologyHDA@@UAGJPAPAUPCFILTER_DESCRIPTOR@@@Z 00014b5a f   mintopo.obj
 0004:00002a3e       ?CreateMiniportWaveCyclicHDA@@YGJPAPAUIUnknown@@ABU_GUID@@PAU1@W4_POOL_TYPE@@@Z 0001537e f   minwave.obj
 0004:00002a9e       ?ProcessResources@CMiniportWaveCyclicHDA@@AAEJPAUIResourceList@@@Z 000153de f   minwave.obj
 0004:00002b44       ?ValidateFormat@CMiniportWaveCyclicHDA@@AAEJPATKSDATAFORMAT@@@Z 00015484 f   minwave.obj
 0004:00002c20       ?NonDelegatingQueryInterface@CMiniportWaveCyclicHDA@@UAGJABU_GUID@@PAPAX@Z 00015560 f   minwave.obj
 0004:00002cce       ??1CMiniportWaveCyclicHDA@@UAE@XZ 0001560e f   minwave.obj
 0004:00002d22       ?Init@CMiniportWaveCyclicHDA@@UAGJPAUIUnknown@@PAUIResourceList@@PAUIPortWaveCyclic@@@Z 00015662 f   minwave.obj
 0004:00002dca       ?GetDescription@CMiniportWaveCyclicHDA@@UAGJPAPAUPCFILTER_DESCRIPTOR@@@Z 0001570a f   minwave.obj
 0004:00002dda       ?DataRangeIntersection@CMiniportWaveCyclicHDA@@UAGJKPATKSDATAFORMAT@@0KPAXPAK@Z 0001571a f   minwave.obj
 0004:00003030       ?NewStream@CMiniportWaveCyclicHDA@@UAGJPAPAUIMiniportWaveCyclicStream@@PAUIUnknown@@W4_POOL_TYPE@@KEPATKSDATAFORMAT@@PAPAUIDmaChannel@@PAPAUIServiceGroup@@@Z 00015970 f   minwave.obj
 0004:00003170       ?NonDelegatingQueryInterface@CMiniportWaveCyclicStreamHDA@@UAGJABU_GUID@@PAPAX@Z 00015ab0 f   minwave.obj
 0004:000031f8       ??1CMiniportWaveCyclicStreamHDA@@UAE@XZ 00015b38 f   minwave.obj
 0004:00003262       ?Init@CMiniportWaveCyclicStreamHDA@@QAEJPAVCMiniportWaveCyclicHDA@@KEPATKSDATAFORMAT@@PAUIDmaChannel@@@Z 00015ba2 f   minwave.obj
 0004:000032e8       ?SetNotificationFreq@CMiniportWaveCyclicStreamHDA@@UAGKKPAK@Z 00015c28 f   minwave.obj
 0004:00003328       ?SetFormat@CMiniportWaveCyclicStreamHDA@@UAGJPATKSDATAFORMAT@@@Z 00015c68 f   minwave.obj
 0004:000033b4       ?SetState@CMiniportWaveCyclicStreamHDA@@UAGJW4KSSTATE@@@Z 00015cf4 f   minwave.obj
 0005:00000000       _DriverEntry@8             00015d40 f   adapter.obj
 0005:00000018       __IMPORT_DESCRIPTOR_ntoskrnl 00015d58     ntoskrnl:ntoskrnl.exe
 0005:0000002c       __IMPORT_DESCRIPTOR_HAL    00015d6c     hal:HAL.dll
 0005:00000040       __IMPORT_DESCRIPTOR_portcls 00015d80     portcls:portcls.sys
 0005:00000054       __NULL_IMPORT_DESCRIPTOR   00015d94     ntoskrnl:ntoskrnl.exe

 entry point at        0005:00000000

 Static symbols

 0004:0000222a       ?PropertyHandler_OnOff@@YGJPAU_PCPROPERTY_REQUEST@@@Z 00014b6a f   mintopo.obj
 0004:000023c8       ?PropertyHandler_SuperMixCaps@@YGJPAU_PCPROPERTY_REQUEST@@@Z 00014d08 f   mintopo.obj
 0004:000025a2       ?PropertyHandler_SuperMixTable@@YGJPAU_PCPROPERTY_REQUEST@@@Z 00014ee2 f   mintopo.obj
 0004:000028be       ?PropertyHandler_CpuResources@@YGJPAU_PCPROPERTY_REQUEST@@@Z 000151fe f   mintopo.obj
 0001:00000c56       ?PropertyHandler_Level@@YGJPAU_PCPROPERTY_REQUEST@@@Z 00010f36 f   mintopo.obj
 0004:0000294a       ?BasicSupportHandler@@YGJPAU_PCPROPERTY_REQUEST@@@Z 0001528a f   mintopo.obj

 115 bytes saved through ICF

