 HDA

 Timestamp is 6a52aabd (Sat Jul 11 13:42:37 2026)

 Preferred load address is 00010000

 Start         Length     Name                   Class
 0001:00000000 000031d1H .text                   CODE
 0002:00000000 000000e0H .idata$5                DATA
 0002:000000e0 000006fbH .rdata                  DATA
 0003:00000000 00000d50H .data                   DATA
 0003:00000d50 00000024H .bss                    DATA
 0004:00000000 00002f59H PAGE                    CODE
 0005:00000000 00000015H INIT                    CODE
 0005:00000018 0000003cH .idata$2                CODE
 0005:00000054 00000014H .idata$3                CODE
 0005:00000068 000000e0H .idata$4                CODE
 0005:00000148 0000047aH .idata$6                CODE
 0006:00000000 00000058H .rsrc$01                DATA
 0006:00000060 000003e0H .rsrc$02                DATA

  Address         Publics by Value              Rva+Base     Lib:Object

 0001:00000000       ??3@YAXPAX@Z               000102e0 f i common.obj
 0001:0000000c       ?QueryInterface@CAdapterCommon@@UAGJABU_GUID@@PAPAX@Z 000102ec f i common.obj
 0001:00000024       ?AddRef@CAdapterCommon@@UAGKXZ 00010304 f i common.obj
 0001:00000034       ?Release@CAdapterCommon@@UAGKXZ 00010314 f i common.obj
 0001:00000044       ??_ECAdapterCommon@@UAEPAXI@Z 00010324 f i common.obj
 0001:00000044       ??_GCAdapterCommon@@UAEPAXI@Z 00010324 f i common.obj
 0001:0000019e       ?hda_check_headphone_connection_change@CAdapterCommon@@QAGXXZ 0001047e f   common.obj
 0001:000001d6       ?hda_is_supported_sample_rate@CAdapterCommon@@UAGEK@Z 000104b6 f   common.obj
 0001:00000222       ?hda_send_verb@CAdapterCommon@@UAGKKKKK@Z 00010502 f   common.obj
 0001:000003ba       ?MixerRegWrite@CAdapterCommon@@UAGXEE@Z 0001069a f   common.obj
 0001:00000412       ?MixerRegRead@CAdapterCommon@@UAGEE@Z 000106f2 f   common.obj
 0001:00000430       ?MixerReset@CAdapterCommon@@UAGXXZ 00010710 f   common.obj
 0001:0000043e       ?AcknowledgeIRQ@CAdapterCommon@@AAE?AW4_HDA_INTERRUPT_TYPE@@XZ 0001071e f   common.obj
 0001:00000552       ?ResetController@CAdapterCommon@@UAGJXZ 00010832 f   common.obj
 0001:0000057a       ?RestoreMixerSettingsFromRegistry@CAdapterCommon@@UAGJXZ 0001085a f   common.obj
 0001:000006d8       ?SaveMixerSettingsToRegistry@CAdapterCommon@@UAGJXZ 000109b8 f   common.obj
 0001:000007d4       ?ProgramSampleRate@CAdapterCommon@@UAGJK@Z 00010ab4 f   common.obj
 0001:00000834       ?PowerChangeState@CAdapterCommon@@UAGXT_POWER_STATE@@@Z 00010b14 f   common.obj
 0001:00000892       ?QueryPowerChangeState@CAdapterCommon@@UAGJT_POWER_STATE@@@Z 00010b72 f   common.obj
 0001:00000892       ?QueryDeviceCapabilities@CAdapterCommon@@UAGJPAU_DEVICE_CAPABILITIES@@@Z 00010b72 f   common.obj
 0001:00000898       ?InterruptServiceRoutine@@YGJPAUIInterruptSync@@PAX@Z 00010b78 f   common.obj
 0001:000008d0       ?hda_stop_stream@CAdapterCommon@@UAGJXZ 00010bb0 f   common.obj
 0001:000009c6       ?hda_start_sound@CAdapterCommon@@UAGXXZ 00010ca6 f   common.obj
 0001:00000a04       ?hda_stop_sound@CAdapterCommon@@UAGXXZ 00010ce4 f   common.obj
 0001:00000a4a       ?hda_get_actual_stream_position@CAdapterCommon@@UAGKXZ 00010d2a f   common.obj
 0001:00000ac6       ?hda_set_volume@CAdapterCommon@@UAGXKEE@Z 00010da6 f   common.obj
 0001:00000b0a       ?readUCHAR@CAdapterCommon@@QAGEG@Z 00010dea f   common.obj
 0001:00000b22       ?writeUCHAR@CAdapterCommon@@QAGXGE@Z 00010e02 f   common.obj
 0001:00000b3e       ?readUSHORT@CAdapterCommon@@QAGGG@Z 00010e1e f   common.obj
 0001:00000b56       ?writeUSHORT@CAdapterCommon@@QAGXGG@Z 00010e36 f   common.obj
 0001:00000b72       ?readULONG@CAdapterCommon@@QAGKG@Z 00010e52 f   common.obj
 0001:00000b8a       ?writeULONG@CAdapterCommon@@QAGXGK@Z 00010e6a f   common.obj
 0001:00000ba6       ?hda_setup_stream_descriptor@CAdapterCommon@@UAGJPAUIDmaChannel@@@Z 00010e86 f   common.obj
 0001:00000d06       ?hda_return_sound_data_format@CAdapterCommon@@QAGGKKK@Z 00010fe6 f i common.obj
 0001:00000d06       ?hda_return_sound_data_format@HDA_Codec@@QAGGKKK@Z 00010fe6 f i common.obj
 0001:00000dc8       ?ReadWriteConfigSpace@CAdapterCommon@@AAGJPAU_DEVICE_OBJECT@@KPAXKK@Z 000110a8 f   common.obj
 0001:00000e70       ?WriteConfigSpaceByte@CAdapterCommon@@AAGJEEE@Z 00011150 f   common.obj
 0001:00000ea6       ?WriteConfigSpaceWord@CAdapterCommon@@AAGJEGG@Z 00011186 f   common.obj
 0001:00000edc       ?CacheLineFlush@CAdapterCommon@@UAGXPAXK@Z 000111bc f   common.obj
 0001:00000f18       ?JackPollDpcRoutine@CAdapterCommon@@CGXPAU_KDPC@@PAX11@Z 000111f8 f   common.obj
 0001:00000f68       ?JackPollWorker@CAdapterCommon@@CGXPAX@Z 00011248 f   common.obj
 0001:00000fba       ?StartJackPolling@CAdapterCommon@@AAGJXZ 0001129a f   common.obj
 0001:0000108f       ?StopJackPolling@CAdapterCommon@@AAGXXZ 0001136f f   common.obj
 0001:00001114       ?QueryInterface@CAdapterCommon@@W3AGJABU_GUID@@PAPAX@Z 000113f4 f i common.obj
 0001:0000111e       ?AddRef@CAdapterCommon@@W3AGKXZ 000113fe f i common.obj
 0001:00001128       ?Release@CAdapterCommon@@W3AGKXZ 00011408 f i common.obj
 0001:00001132       ??0HDA_Codec@@QAE@EEEPAUIAdapterCommon@@@Z 00011412 f   codec.obj
 0001:00001178       ??1HDA_Codec@@QAE@XZ       00011458 f   codec.obj
 0001:0000119c       ?InitializeCodec@HDA_Codec@@QAGJXZ 0001147c f   codec.obj
 0001:00001691       ?hda_initialize_audio_function_group@HDA_Codec@@QAGJK@Z 00011971 f   codec.obj
 0001:00001dce       ?hda_get_node_type@HDA_Codec@@QAGEK@Z 000120ae f   codec.obj
 0001:00001dec       ?hda_get_node_connection_entries@HDA_Codec@@QAGKKK@Z 000120cc f   codec.obj
 0001:00001e6a       ?hda_initialize_output_pin@HDA_Codec@@QAGJKAAUHDA_NODE_PATH@@@Z 0001214a f   codec.obj
 0001:00001fc4       ?hda_initialize_audio_output@HDA_Codec@@QAGXKAAUHDA_NODE_PATH@@@Z 000122a4 f   codec.obj
 0001:000020d8       ?hda_initialize_audio_mixer@HDA_Codec@@QAGXKAAUHDA_NODE_PATH@@@Z 000123b8 f   codec.obj
 0001:000021b8       ?hda_initialize_audio_selector@HDA_Codec@@QAGXKAAUHDA_NODE_PATH@@@Z 00012498 f   codec.obj
 0001:000022c8       ?ProgramSampleRate@HDA_Codec@@QAGJK@Z 000125a8 f   codec.obj
 0001:000023b1       ?hda_check_headphone_connection_change@HDA_Codec@@QAGXXZ 00012691 f   codec.obj
 0001:00002424       ?hda_is_supported_sample_rate@HDA_Codec@@QAGEK@Z 00012704 f   codec.obj
 0001:000024c2       ?hda_set_volume@HDA_Codec@@QAGXKEE@Z 000127a2 f   codec.obj
 0001:000024fc       ?hda_set_node_gain@HDA_Codec@@QAGXKKKKEE@Z 000127dc f   codec.obj
 0001:00002566       ?hda_send_verb@HDA_Codec@@QAGKKKK@Z 00012846 f   codec.obj
 0001:00002586       ?hda_enable_pin_output@HDA_Codec@@QAGXK@Z 00012866 f   codec.obj
 0001:000025b2       ?hda_disable_pin_output@HDA_Codec@@QAGXK@Z 00012892 f   codec.obj
 0001:000025de       ?hda_is_headphone_connected@HDA_Codec@@QAGEXZ 000128be f   codec.obj
 0001:00002610       ?DataRangeIntersection@CMiniportTopologyHDA@@UAGJKPATKSDATAFORMAT@@0KPAXPAK@Z 000128f0 f i mintopo.obj
 0001:00002618       ??_GCMiniportTopologyHDA@@UAEPAXI@Z 000128f8 f i mintopo.obj
 0001:00002618       ??_ECMiniportTopologyHDA@@UAEPAXI@Z 000128f8 f i mintopo.obj
 0001:00002a20       ?ReadBitsFromMixer@CMiniportTopologyHDA@@AAEEEEE@Z 00012d00 f   mintopo.obj
 0001:00002a48       ?WriteBitsToMixer@CMiniportTopologyHDA@@AAEXEEEE@Z 00012d28 f   mintopo.obj
 0001:00002a9e       ?AddRef@CMiniportWaveCyclicHDA@@UAGKXZ 00012d7e f i minwave.obj
 0001:00002a9e       ?AddRef@CMiniportTopologyHDA@@UAGKXZ 00012d7e f i minwave.obj
 0001:00002a9e       ?AddRef@CMiniportWaveCyclicStreamHDA@@UAGKXZ 00012d7e f i minwave.obj
 0001:00002aae       ??_GCMiniportWaveCyclicHDA@@UAEPAXI@Z 00012d8e f i minwave.obj
 0001:00002aae       ??_ECMiniportWaveCyclicHDA@@UAEPAXI@Z 00012d8e f i minwave.obj
 0001:00002ace       ??0CMyDmaChannel@@QAE@PAUIDmaChannel@@@Z 00012dae f i minwave.obj
 0001:00002b3a       ?QueryInterface@CMyDmaChannel@@UAGJABU_GUID@@PAPAX@Z 00012e1a f i minwave.obj
 0001:00002b8a       ?AddRef@CMyDmaChannel@@UAGKXZ 00012e6a f i minwave.obj
 0001:00002b9a       ?Release@CMyDmaChannel@@UAGKXZ 00012e7a f i minwave.obj
 0001:00002bc6       ?AllocateBuffer@CMyDmaChannel@@UAGJKPAT_LARGE_INTEGER@@@Z 00012ea6 f i minwave.obj
 0001:00002cb0       ?FreeBuffer@CMyDmaChannel@@UAGXXZ 00012f90 f i minwave.obj
 0001:00002cd2       ?SystemAddress@CMyDmaChannel@@UAGPAXXZ 00012fb2 f i minwave.obj
 0001:00002cee       ?CopyTo@CMyDmaChannel@@UAGXPAX0K@Z 00012fce f i minwave.obj
 0001:00002d38       ?CopyFrom@CMyDmaChannel@@UAGXPAX0K@Z 00013018 f i minwave.obj
 0001:00002d54       ?AllocatedBufferSize@CMyDmaChannel@@UAGKXZ 00013034 f i minwave.obj
 0001:00002d70       ?BufferSize@CMyDmaChannel@@UAGKXZ 00013050 f i minwave.obj
 0001:00002d8c       ?SetBufferSize@CMyDmaChannel@@UAGXK@Z 0001306c f i minwave.obj
 0001:00002da4       ?PhysicalAddress@CMyDmaChannel@@UAG?AT_LARGE_INTEGER@@XZ 00013084 f i minwave.obj
 0001:00002de0       ?MaximumBufferSize@CMyDmaChannel@@UAGKXZ 000130c0 f i minwave.obj
 0001:00002dfc       ?TransferCount@CMyDmaChannel@@UAGKXZ 000130dc f i minwave.obj
 0001:00002e0c       ?GetAdapterObject@CMyDmaChannel@@UAGPAU_DMA_ADAPTER@@XZ 000130ec f i minwave.obj
 0001:00002e1c       ?QueryInterface@CMiniportWaveCyclicHDA@@UAGJABU_GUID@@PAPAX@Z 000130fc f i minwave.obj
 0001:00002e1c       ?QueryInterface@CMiniportWaveCyclicStreamHDA@@UAGJABU_GUID@@PAPAX@Z 000130fc f i minwave.obj
 0001:00002e1c       ?QueryInterface@CMiniportTopologyHDA@@UAGJABU_GUID@@PAPAX@Z 000130fc f i minwave.obj
 0001:00002e34       ?Release@CMiniportWaveCyclicHDA@@UAGKXZ 00013114 f i minwave.obj
 0001:00002e34       ?Release@CMiniportWaveCyclicStreamHDA@@UAGKXZ 00013114 f i minwave.obj
 0001:00002e34       ?Release@CMiniportTopologyHDA@@UAGKXZ 00013114 f i minwave.obj
 0001:00002e44       ??_GCMiniportWaveCyclicStreamHDA@@UAEPAXI@Z 00013124 f i minwave.obj
 0001:00002e44       ??_ECMiniportWaveCyclicStreamHDA@@UAEPAXI@Z 00013124 f i minwave.obj
 0001:00002e64       ?GetPosition@CMiniportWaveCyclicStreamHDA@@UAGJPAK@Z 00013144 f   minwave.obj
 0001:00002ea6       ?NormalizePhysicalPosition@CMiniportWaveCyclicStreamHDA@@UAGJPA_J@Z 00013186 f   minwave.obj
 0001:00002eee       ?Silence@CMiniportWaveCyclicStreamHDA@@UAGXPAXK@Z 000131ce f   minwave.obj
 0001:00002f28       _DbgPrint                  00013208 f   ntoskrnl:ntoskrnl.exe
 0001:00002f2e       __alldiv                   0001320e f   ntoskrnl:ntoskrnl.exe
 0001:00002f34       __allmul                   00013214 f   ntoskrnl:ntoskrnl.exe
 0001:00002f3a       _PcInitializeAdapterDriver@12 0001321a f   portcls:portcls.sys
 0001:00002f40       _PcAddAdapterDevice@20     00013220 f   portcls:portcls.sys
 0001:00002f46       _PcRegisterSubdevice@12    00013226 f   portcls:portcls.sys
 0001:00002f4c       _PcNewMiniport@8           0001322c f   portcls:portcls.sys
 0001:00002f52       _PcNewPort@8               00013232 f   portcls:portcls.sys
 0001:00002f58       _PcRegisterPhysicalConnection@20 00013238 f   portcls:portcls.sys
 0001:00002f5e       _PcRegisterAdapterPowerManagement@8 0001323e f   portcls:portcls.sys
 0001:00002f64       _PcNewResourceSublist@20   00013244 f   portcls:portcls.sys
 0001:00002f6a       _PcNewInterruptSync@20     0001324a f   portcls:portcls.sys
 0001:00002f70       _PcNewRegistryKey@36       00013250 f   portcls:portcls.sys
 0001:00002f76       _PcNewServiceGroup@8       00013256 f   portcls:portcls.sys
 0001:00002f80       ??0CUnknown@@QAE@PAUIUnknown@@@Z 00013260 f   stdunk:stdunk.obj
 0001:00002fd0       ??_GCUnknown@@UAEPAXI@Z    000132b0 f i stdunk:stdunk.obj
 0001:00002fd0       ??_ECUnknown@@UAEPAXI@Z    000132b0 f i stdunk:stdunk.obj
 0001:00003000       ??0INonDelegatingUnknown@@QAE@XZ 000132e0 f i stdunk:stdunk.obj
 0001:00003010       ??1CUnknown@@UAE@XZ        000132f0 f   stdunk:stdunk.obj
 0001:00003030       ?NonDelegatingAddRef@CUnknown@@UAGKXZ 00013310 f   stdunk:stdunk.obj
 0001:00003070       ?NonDelegatingRelease@CUnknown@@UAGKXZ 00013350 f   stdunk:stdunk.obj
 0001:000030f0       ?NonDelegatingQueryInterface@CUnknown@@UAGJABU_GUID@@PAPAX@Z 000133d0 f   stdunk:stdunk.obj
 0001:00003160       _IsEqualGUIDAligned@8      00013440 f i stdunk:stdunk.obj
 0002:00000000       __imp_@ExAcquireFastMutex@4 000134c0     hal:HAL.dll
 0002:00000004       __imp_@KfAcquireSpinLock@4 000134c4     hal:HAL.dll
 0002:00000008       __imp_@ExReleaseFastMutex@4 000134c8     hal:HAL.dll
 0002:0000000c       __imp__KeStallExecutionProcessor@4 000134cc     hal:HAL.dll
 0002:00000010       __imp_@KfReleaseSpinLock@8 000134d0     hal:HAL.dll
 0002:00000014       \177HAL_NULL_THUNK_DATA    000134d4     hal:HAL.dll
 0002:00000018       __imp__KeInitializeSpinLock@4 000134d8     ntoskrnl:ntoskrnl.exe
 0002:0000001c       __imp__MmUnmapIoSpace@8    000134dc     ntoskrnl:ntoskrnl.exe
 0002:00000020       __imp__RtlInitUnicodeString@8 000134e0     ntoskrnl:ntoskrnl.exe
 0002:00000024       __imp__READ_REGISTER_ULONG@4 000134e4     ntoskrnl:ntoskrnl.exe
 0002:00000028       __imp__WRITE_REGISTER_ULONG@8 000134e8     ntoskrnl:ntoskrnl.exe
 0002:0000002c       __imp__READ_REGISTER_UCHAR@4 000134ec     ntoskrnl:ntoskrnl.exe
 0002:00000030       __imp__WRITE_REGISTER_UCHAR@8 000134f0     ntoskrnl:ntoskrnl.exe
 0002:00000034       __imp__READ_REGISTER_USHORT@4 000134f4     ntoskrnl:ntoskrnl.exe
 0002:00000038       __imp__WRITE_REGISTER_USHORT@8 000134f8     ntoskrnl:ntoskrnl.exe
 0002:0000003c       __imp_@ObfDereferenceObject@4 000134fc     ntoskrnl:ntoskrnl.exe
 0002:00000040       __imp__KeWaitForSingleObject@20 00013500     ntoskrnl:ntoskrnl.exe
 0002:00000044       __imp_@IofCallDriver@8     00013504     ntoskrnl:ntoskrnl.exe
 0002:00000048       __imp__IoBuildSynchronousFsdRequest@28 00013508     ntoskrnl:ntoskrnl.exe
 0002:0000004c       __imp__IoGetAttachedDeviceReference@4 0001350c     ntoskrnl:ntoskrnl.exe
 0002:00000050       __imp__DbgPrint            00013510     ntoskrnl:ntoskrnl.exe
 0002:00000054       __imp__KeInitializeEvent@12 00013514     ntoskrnl:ntoskrnl.exe
 0002:00000058       __imp_@InterlockedCompareExchange@12 00013518     ntoskrnl:ntoskrnl.exe
 0002:0000005c       __imp__KeSetEvent@12       0001351c     ntoskrnl:ntoskrnl.exe
 0002:00000060       __imp_@InterlockedExchange@8 00013520     ntoskrnl:ntoskrnl.exe
 0002:00000064       __imp__KeSetTimerEx@20     00013524     ntoskrnl:ntoskrnl.exe
 0002:00000068       __imp__KeInitializeDpc@12  00013528     ntoskrnl:ntoskrnl.exe
 0002:0000006c       __imp__KeInitializeTimer@4 0001352c     ntoskrnl:ntoskrnl.exe
 0002:00000070       __imp__ExFreePool@4        00013530     ntoskrnl:ntoskrnl.exe
 0002:00000074       __imp__KeCancelTimer@4     00013534     ntoskrnl:ntoskrnl.exe
 0002:00000078       __imp_@InterlockedIncrement@4 00013538     ntoskrnl:ntoskrnl.exe
 0002:0000007c       __imp_@InterlockedDecrement@4 0001353c     ntoskrnl:ntoskrnl.exe
 0002:00000080       __imp__KeInitializeMutex@8 00013540     ntoskrnl:ntoskrnl.exe
 0002:00000084       __imp__KeReleaseMutex@8    00013544     ntoskrnl:ntoskrnl.exe
 0002:00000088       __imp___alldiv             00013548     ntoskrnl:ntoskrnl.exe
 0002:0000008c       __imp___allmul             0001354c     ntoskrnl:ntoskrnl.exe
 0002:00000090       __imp__ExAllocatePoolWithTag@12 00013550     ntoskrnl:ntoskrnl.exe
 0002:00000094       __imp__MmMapIoSpace@16     00013554     ntoskrnl:ntoskrnl.exe
 0002:00000098       __imp__IoGetDmaAdapter@12  00013558     ntoskrnl:ntoskrnl.exe
 0002:0000009c       __imp__ExQueueWorkItem@8   0001355c     ntoskrnl:ntoskrnl.exe
 0002:000000a0       __imp__KeClearEvent@4      00013560     ntoskrnl:ntoskrnl.exe
 0002:000000a4       __imp__KeRemoveQueueDpc@4  00013564     ntoskrnl:ntoskrnl.exe
 0002:000000a8       __imp__RtlAssert@16        00013568     ntoskrnl:ntoskrnl.exe
 0002:000000ac       \177ntoskrnl_NULL_THUNK_DATA 0001356c     ntoskrnl:ntoskrnl.exe
 0002:000000b0       __imp__PcRegisterSubdevice@12 00013570     portcls:portcls.sys
 0002:000000b4       __imp__PcNewMiniport@8     00013574     portcls:portcls.sys
 0002:000000b8       __imp__PcNewPort@8         00013578     portcls:portcls.sys
 0002:000000bc       __imp__PcRegisterPhysicalConnection@20 0001357c     portcls:portcls.sys
 0002:000000c0       __imp__PcAddAdapterDevice@20 00013580     portcls:portcls.sys
 0002:000000c4       __imp__PcInitializeAdapterDriver@12 00013584     portcls:portcls.sys
 0002:000000c8       __imp__PcNewResourceSublist@20 00013588     portcls:portcls.sys
 0002:000000cc       __imp__PcNewInterruptSync@20 0001358c     portcls:portcls.sys
 0002:000000d0       __imp__PcNewRegistryKey@36 00013590     portcls:portcls.sys
 0002:000000d4       __imp__PcNewServiceGroup@8 00013594     portcls:portcls.sys
 0002:000000d8       __imp__PcRegisterAdapterPowerManagement@8 00013598     portcls:portcls.sys
 0002:000000dc       \177portcls_NULL_THUNK_DATA 0001359c     portcls:portcls.sys
 0002:00000138       _IID_IAdapterCommon        000135f8     adapter.obj
 0002:00000148       _CLSID_MiniportDriverFmSynth 00013608     adapter.obj
 0002:00000158       _CLSID_PortWaveCyclic      00013618     adapter.obj
 0002:00000168       _CLSID_PortTopology        00013628     adapter.obj
 0002:00000178       _CLSID_PortMidi            00013638     adapter.obj
 0002:00000188       _IID_IAdapterPowerManagment 00013648     adapter.obj
 0002:00000198       _IID_IMiniportWaveCyclicStream 00013658     adapter.obj
 0002:000001a8       _IID_IMiniportWaveCyclic   00013668     adapter.obj
 0002:000001b8       _IID_IPortWaveCyclic       00013678     adapter.obj
 0002:000001c8       _IID_IMiniportTopology     00013688     adapter.obj
 0002:000001d8       _IID_IDmaChannel           00013698     adapter.obj
 0002:000001e8       _IID_IMiniport             000136a8     adapter.obj
 0002:000001f8       _IID_IUnknown              000136b8     adapter.obj
 0002:00000208       ??_C@_1BK@EGDE@?$AAF?$AAo?$AAr?$AAc?$AAe?$AAP?$AAi?$AAo?$AAM?$AAo?$AAd?$AAe?$AA?$AA@ 000136c8     common.obj
 0002:00000224       ??_C@_1BE@FFBG@?$AAU?$AAs?$AAe?$AAD?$AAm?$AAa?$AAP?$AAo?$AAs?$AA?$AA@ 000136e4     common.obj
 0002:00000238       ??_C@_1CA@DADJ@?$AAU?$AAs?$AAe?$AAD?$AAi?$AAs?$AAa?$AAb?$AAl?$AAe?$AAd?$AAP?$AAi?$AAn?$AAs?$AA?$AA@ 000136f8     common.obj
 0002:00000258       ??_C@_1BC@MBIB@?$AAU?$AAs?$AAe?$AAS?$AAP?$AAD?$AAI?$AAF?$AA?$AA@ 00013718     common.obj
 0002:0000026c       ??_C@_1BE@ONOC@?$AAU?$AAs?$AAe?$AAA?$AAl?$AAt?$AAO?$AAu?$AAt?$AA?$AA@ 0001372c     common.obj
 0002:00000280       ??_C@_1BO@LMMA@?$AAS?$AAk?$AAi?$AAp?$AAC?$AAo?$AAd?$AAe?$AAc?$AAR?$AAe?$AAs?$AAe?$AAt?$AA?$AA@ 00013740     common.obj
 0002:000002a0       ??_C@_1CI@JKGI@?$AAS?$AAk?$AAi?$AAp?$AAC?$AAo?$AAn?$AAt?$AAr?$AAo?$AAl?$AAl?$AAe?$AAr?$AAR?$AAe?$AAs?$AAe?$AAt?$AA?$AA@ 00013760     common.obj
 0002:000002c8       ??_C@_1BE@ENEK@?$AAR?$AAi?$AAg?$AAh?$AAt?$AAB?$AAa?$AAs?$AAs?$AA?$AA@ 00013788     common.obj
 0002:000002dc       ??_C@_1BC@JMJO@?$AAL?$AAe?$AAf?$AAt?$AAB?$AAa?$AAs?$AAs?$AA?$AA@ 0001379c     common.obj
 0002:000002f0       ??_C@_1BI@KGAJ@?$AAR?$AAi?$AAg?$AAh?$AAt?$AAT?$AAr?$AAe?$AAb?$AAl?$AAe?$AA?$AA@ 000137b0     common.obj
 0002:00000308       ??_C@_1BG@BGGD@?$AAL?$AAe?$AAf?$AAt?$AAT?$AAr?$AAe?$AAb?$AAl?$AAe?$AA?$AA@ 000137c8     common.obj
 0002:00000320       ??_C@_1O@IECC@?$AAM?$AAi?$AAc?$AAA?$AAG?$AAC?$AA?$AA@ 000137e0     common.obj
 0002:00000330       ??_C@_1CA@EJHI@?$AAR?$AAi?$AAg?$AAh?$AAt?$AAO?$AAu?$AAt?$AAp?$AAu?$AAt?$AAG?$AAa?$AAi?$AAn?$AA?$AA@ 000137f0     common.obj
 0002:00000350       ??_C@_1BO@PPLI@?$AAL?$AAe?$AAf?$AAt?$AAO?$AAu?$AAt?$AAp?$AAu?$AAt?$AAG?$AAa?$AAi?$AAn?$AA?$AA@ 00013810     common.obj
 0002:00000370       ??_C@_1BO@PMCJ@?$AAR?$AAi?$AAg?$AAh?$AAt?$AAI?$AAn?$AAp?$AAu?$AAt?$AAG?$AAa?$AAi?$AAn?$AA?$AA@ 00013830     common.obj
 0002:00000390       ??_C@_1BM@CFEM@?$AAL?$AAe?$AAf?$AAt?$AAI?$AAn?$AAp?$AAu?$AAt?$AAG?$AAa?$AAi?$AAn?$AA?$AA@ 00013850     common.obj
 0002:000003ac       ??_C@_1CA@CIKM@?$AAR?$AAi?$AAg?$AAh?$AAt?$AAI?$AAn?$AAp?$AAu?$AAt?$AAM?$AAi?$AAx?$AAe?$AAr?$AA?$AA@ 0001386c     common.obj
 0002:000003cc       ??_C@_1BO@JOGM@?$AAL?$AAe?$AAf?$AAt?$AAI?$AAn?$AAp?$AAu?$AAt?$AAM?$AAi?$AAx?$AAe?$AAr?$AA?$AA@ 0001388c     common.obj
 0002:000003ec       ??_C@_1BI@BMOJ@?$AAO?$AAu?$AAt?$AAp?$AAu?$AAt?$AAM?$AAi?$AAx?$AAe?$AAr?$AA?$AA@ 000138ac     common.obj
 0002:00000404       ??_C@_1BE@GLOL@?$AAP?$AAc?$AAS?$AAp?$AAk?$AAr?$AAV?$AAo?$AAl?$AA?$AA@ 000138c4     common.obj
 0002:00000418       ??_C@_1O@MNBB@?$AAM?$AAi?$AAc?$AAV?$AAo?$AAl?$AA?$AA@ 000138d8     common.obj
 0002:00000428       ??_C@_1BO@HCKE@?$AAR?$AAi?$AAg?$AAh?$AAt?$AAL?$AAi?$AAn?$AAe?$AAI?$AAn?$AAV?$AAo?$AAl?$AA?$AA@ 000138e8     common.obj
 0002:00000448       ??_C@_1BM@KLMB@?$AAL?$AAe?$AAf?$AAt?$AAL?$AAi?$AAn?$AAe?$AAI?$AAn?$AAV?$AAo?$AAl?$AA?$AA@ 00013908     common.obj
 0002:00000464       ??_C@_1BG@COJL@?$AAR?$AAi?$AAg?$AAh?$AAt?$AAC?$AAD?$AAV?$AAo?$AAl?$AA?$AA@ 00013924     common.obj
 0002:0000047c       ??_C@_1BE@KMKA@?$AAL?$AAe?$AAf?$AAt?$AAC?$AAD?$AAV?$AAo?$AAl?$AA?$AA@ 0001393c     common.obj
 0002:00000490       ??_C@_1BK@JCIM@?$AAR?$AAi?$AAg?$AAh?$AAt?$AAM?$AAi?$AAd?$AAi?$AAV?$AAo?$AAl?$AA?$AA@ 00013950     common.obj
 0002:000004ac       ??_C@_1BI@KBIJ@?$AAL?$AAe?$AAf?$AAt?$AAM?$AAi?$AAd?$AAi?$AAV?$AAo?$AAl?$AA?$AA@ 0001396c     common.obj
 0002:000004c4       ??_C@_1BK@MFCG@?$AAR?$AAi?$AAg?$AAh?$AAt?$AAW?$AAa?$AAv?$AAe?$AAV?$AAo?$AAl?$AA?$AA@ 00013984     common.obj
 0002:000004e0       ??_C@_1BI@PGCD@?$AAL?$AAe?$AAf?$AAt?$AAW?$AAa?$AAv?$AAe?$AAV?$AAo?$AAl?$AA?$AA@ 000139a0     common.obj
 0002:000004f8       ??_C@_1BO@NHA@?$AAR?$AAi?$AAg?$AAh?$AAt?$AAM?$AAa?$AAs?$AAt?$AAe?$AAr?$AAV?$AAo?$AAl?$AA?$AA@ 000139b8     common.obj
 0002:00000518       ??_C@_1BM@NEBF@?$AAL?$AAe?$AAf?$AAt?$AAM?$AAa?$AAs?$AAt?$AAe?$AAr?$AAV?$AAo?$AAl?$AA?$AA@ 000139d8     common.obj
 0002:00000534       ??_7CAdapterCommon@@6BIAdapterPowerManagement@@@ 000139f4     common.obj
 0002:0000054c       ??_7CAdapterCommon@@6BIAdapterCommon@@@ 00013a0c     common.obj
 0002:000005b0       ??_7CAdapterCommon@@6BCUnknown@@@ 00013a70     common.obj
 0002:00000688       ??_7CMiniportTopologyHDA@@6BIMiniportTopology@@@ 00013b48     mintopo.obj
 0002:000006a0       ??_7CMiniportTopologyHDA@@6BCUnknown@@@ 00013b60     mintopo.obj
 0002:000006b0       ??_7CMiniportWaveCyclicHDA@@6BIMiniportWaveCyclic@@@ 00013b70     minwave.obj
 0002:000006cc       ??_7CMiniportWaveCyclicHDA@@6BCUnknown@@@ 00013b8c     minwave.obj
 0002:000006dc       ??_C@_09BAJA@SSE2?5?$CFd?5?6?$AA@ 00013b9c     minwave.obj
 0002:000006e8       ??_7CMyDmaChannel@@6B@     00013ba8     minwave.obj
 0002:00000724       ??_C@_0DG@LDEH@Aligned?5DMA?5view?5invalid?5?$CIoff?$DN?$CFl@ 00013be4     minwave.obj
 0002:0000075c       ??_7CMiniportWaveCyclicStreamHDA@@6BIMiniportWaveCyclicStream@@@ 00013c1c     minwave.obj
 0002:00000780       ??_7CMiniportWaveCyclicStreamHDA@@6BCUnknown@@@ 00013c40     minwave.obj
 0002:00000790       ??_7CUnknown@@6B@          00013c50     stdunk:stdunk.obj
 0002:000007a0       ??_C@_0BB@CHNF@m_lRefCount?5?$DO?$DN?50?$AA@ 00013c60     stdunk:stdunk.obj
 0002:000007b4       ??_C@_0N@DIKJ@?4?2stdunk?4cpp?$AA@ 00013c74     stdunk:stdunk.obj
 0002:000007c4       ??_C@_0BA@HPDB@m_lRefCount?5?$DO?50?$AA@ 00013c84     stdunk:stdunk.obj
 0002:000007d4       ??_C@_06DPDC@ppVoid?$AA@   00013c94     stdunk:stdunk.obj
 0003:00000000       __GUID_b7902fe9_fb0a_11d1_81b0_0060083316c1 00013ca0     adapter.obj
 0003:00000010       __GUID_d3f0ce1c_fffc_11d1_81b0_0060083316c1 00013cb0     adapter.obj
 0003:00000020       __GUID_c096df9c_fb09_11d1_81b0_0060083316c1 00013cc0     adapter.obj
 0003:00000144       ?BdlSize@@3KA              00013de4     common.obj
 0003:00000868       __GUID_185fedf6_9905_11d1_95a9_00c04fb925d3 00014508     mintopo.obj
 0003:00000878       __GUID_185fedef_9905_11d1_95a9_00c04fb925d3 00014518     mintopo.obj
 0003:00000888       __GUID_185fede1_9905_11d1_95a9_00c04fb925d3 00014528     mintopo.obj
 0003:00000898       __GUID_185fede0_9905_11d1_95a9_00c04fb925d3 00014538     mintopo.obj
 0003:000008a8       __GUID_7607e580_c557_11d0_8a2b_00a0c9255ac1 00014548     mintopo.obj
 0003:000008b8       __GUID_185fede4_9905_11d1_95a9_00c04fb925d3 00014558     mintopo.obj
 0003:000008c8       __GUID_185fede3_9905_11d1_95a9_00c04fb925d3 00014568     mintopo.obj
 0003:000008d8       __GUID_da441a60_c556_11d0_8a2b_00a0c9255ac1 00014578     mintopo.obj
 0003:000008e8       __GUID_185fedee_9905_11d1_95a9_00c04fb925d3 00014588     mintopo.obj
 0003:000008f8       __GUID_02b223c0_c557_11d0_8a2b_00a0c9255ac1 00014598     mintopo.obj
 0003:00000908       __GUID_185feded_9905_11d1_95a9_00c04fb925d3 000145a8     mintopo.obj
 0003:00000918       __GUID_e88c9ba0_c557_11d0_8a2b_00a0c9255ac1 000145b8     mintopo.obj
 0003:00000928       __GUID_185fedec_9905_11d1_95a9_00c04fb925d3 000145c8     mintopo.obj
 0003:00000938       __GUID_185fedeb_9905_11d1_95a9_00c04fb925d3 000145d8     mintopo.obj
 0003:00000948       __GUID_185fedea_9905_11d1_95a9_00c04fb925d3 000145e8     mintopo.obj
 0003:00000958       __GUID_185fede9_9905_11d1_95a9_00c04fb925d3 000145f8     mintopo.obj
 0003:00000968       __GUID_185fede8_9905_11d1_95a9_00c04fb925d3 00014608     mintopo.obj
 0003:00000978       __GUID_e573adc0_c555_11d0_8a2b_00a0c9255ac1 00014618     mintopo.obj
 0003:00000988       __GUID_185fede7_9905_11d1_95a9_00c04fb925d3 00014628     mintopo.obj
 0003:00000998       __GUID_185fede5_9905_11d1_95a9_00c04fb925d3 00014638     mintopo.obj
 0003:000009a8       __GUID_3a5acc00_c557_11d0_8a2b_00a0c9255ac1 00014648     mintopo.obj
 0003:000009b8       __GUID_45ffaaa0_6e1b_11d0_bcf2_444553540000 00014658     mintopo.obj
 0003:000009c8       __GUID_6994ad04_93ef_11d0_a3cc_00a0c9223196 00014668     mintopo.obj
 0003:000009d8       __GUID_185fedf7_9905_11d1_95a9_00c04fb925d3 00014678     mintopo.obj
 0003:000009e8       __GUID_dff21ce1_f70f_11d0_b917_00a0c9223196 00014688     mintopo.obj
 0003:000009f8       __GUID_dff21be1_f70f_11d0_b917_00a0c9223196 00014698     mintopo.obj
 0003:00000a08       __GUID_185fedf9_9905_11d1_95a9_00c04fb925d3 000146a8     mintopo.obj
 0003:00000a18       __GUID_dff21fe3_f70f_11d0_b917_00a0c9223196 000146b8     mintopo.obj
 0003:00000a28       __GUID_185fedfb_9905_11d1_95a9_00c04fb925d3 000146c8     mintopo.obj
 0003:00000a38       __GUID_dff220e3_f70f_11d0_b917_00a0c9223196 000146d8     mintopo.obj
 0003:00000a48       __GUID_185fedf8_9905_11d1_95a9_00c04fb925d3 000146e8     mintopo.obj
 0003:00000a58       __GUID_dff220f3_f70f_11d0_b917_00a0c9223196 000146f8     mintopo.obj
 0003:00000a68       __GUID_dff21fe4_f70f_11d0_b917_00a0c9223196 00014708     mintopo.obj
 0003:00000a78       __GUID_97e99ba0_bdea_11cf_a5d6_28db04c10000 00014718     mintopo.obj
 0003:00000cc0       __GUID_507ae360_c554_11d0_8a2b_00a0c9255ac1 00014960     minwave.obj
 0003:00000cd0       __GUID_4d837fe0_c555_11d0_8a2b_00a0c9255ac1 00014970     minwave.obj
 0003:00000ce0       __GUID_185fedfa_9905_11d1_95a9_00c04fb925d3 00014980     minwave.obj
 0003:00000cf0       __GUID_fb6c4281_0353_11d1_905f_0000c0cc16ba 00014990     minwave.obj
 0003:00000d00       __GUID_05589f81_c356_11ce_bf01_00aa0055595a 000149a0     minwave.obj
 0003:00000d10       __GUID_00000001_0000_0010_8000_00aa00389b71 000149b0     minwave.obj
 0003:00000d20       __GUID_73647561_0000_0010_8000_00aa00389b71 000149c0     minwave.obj
 0003:00000d30       __GUID_0f6417d6_c318_11d0_a43f_00a0c9223196 000149d0     minwave.obj
 0003:00000d40       __GUID_518590a2_a184_11d0_8522_00c04fd9baf3 000149e0     minwave.obj
 0003:00000d50       ?PDO@@3PAU_DEVICE_OBJECT@@A 000149f0     adapter.obj
 0003:00000d58       __GUID_00000000_0000_0000_0000_000000000000 000149f8     adapter.obj
 0004:00000000       _AddDevice@8               00014a20 f   adapter.obj
 0004:00000020       ?InstallSubdevice@@YGJPAU_DEVICE_OBJECT@@PAU_IRP@@PAGABU_GUID@@3P6GJPAPAUIUnknown@@3PAU4@W4_POOL_TYPE@@@Z5PAUIResourceList@@344@Z 00014a40 f   adapter.obj
 0004:00000126       ?StartDevice@@YGJPAU_DEVICE_OBJECT@@PAU_IRP@@PAUIResourceList@@@Z 00014b46 f   adapter.obj
 0004:0000037a       ?AssignResources@@YGJPAUIResourceList@@PAPAU1@11111@Z 00014d9a f   adapter.obj
 0004:00000528       ?NewAdapterCommon@@YGJPAPAUIUnknown@@ABU_GUID@@PAU1@W4_POOL_TYPE@@@Z 00014f48 f   common.obj
 0004:00000823       ?Init@CAdapterCommon@@UAGJPAUIResourceList@@PAU_DEVICE_OBJECT@@1@Z 00015243 f   common.obj
 0004:00000fce       ??1CAdapterCommon@@UAE@XZ  000159ee f   common.obj
 0004:00001152       ?NonDelegatingQueryInterface@CAdapterCommon@@UAGJABU_GUID@@PAPAX@Z 00015b72 f   common.obj
 0004:00001212       ?WavePortDriverDest@CAdapterCommon@@UAGPAPAUIUnknown@@XZ 00015c32 f   common.obj
 0004:0000121e       ?GetInterruptSync@CAdapterCommon@@UAGPAUIInterruptSync@@XZ 00015c3e f   common.obj
 0004:0000122c       ?GetDeviceDescription@CAdapterCommon@@UAGPAU_DEVICE_DESCRIPTION@@XZ 00015c4c f   common.obj
 0004:00001236       ?MidiPortDriverDest@CAdapterCommon@@UAGPAPAUIUnknown@@XZ 00015c56 f   common.obj
 0004:00001242       ?SetWaveServiceGroup@CAdapterCommon@@UAGXPAUIServiceGroup@@@Z 00015c62 f   common.obj
 0004:00001292       ?InitHDAController@CAdapterCommon@@QAGJXZ 00015cb2 f   common.obj
 0004:0000179c       ?TryInitializeCodecSlot@CAdapterCommon@@AAGJEPBD@Z 000161bc f   common.obj
 0004:00001880       ?ReadRegistryBoolean@CAdapterCommon@@AAGEPBGE@Z 000162a0 f   common.obj
 0004:0000195c       ?CreateMiniportTopologyHDA@@YGJPAPAUIUnknown@@ABU_GUID@@PAU1@W4_POOL_TYPE@@@Z 0001637c f   mintopo.obj
 0004:000019bc       ?ProcessResources@CMiniportTopologyHDA@@AAEJPAUIResourceList@@@Z 000163dc f   mintopo.obj
 0004:000019e0       ?NonDelegatingQueryInterface@CMiniportTopologyHDA@@UAGJABU_GUID@@PAPAX@Z 00016400 f   mintopo.obj
 0004:00001a8e       ??1CMiniportTopologyHDA@@UAE@XZ 000164ae f   mintopo.obj
 0004:00001ad2       ?Init@CMiniportTopologyHDA@@UAGJPAUIUnknown@@PAUIResourceList@@PAUIPortTopology@@@Z 000164f2 f   mintopo.obj
 0004:00001b34       ?GetDescription@CMiniportTopologyHDA@@UAGJPAPAUPCFILTER_DESCRIPTOR@@@Z 00016554 f   mintopo.obj
 0004:0000242e       ?CreateMiniportWaveCyclicHDA@@YGJPAPAUIUnknown@@ABU_GUID@@PAU1@W4_POOL_TYPE@@@Z 00016e4e f   minwave.obj
 0004:0000248e       ?ProcessResources@CMiniportWaveCyclicHDA@@AAEJPAUIResourceList@@@Z 00016eae f   minwave.obj
 0004:0000259c       ?ValidateFormat@CMiniportWaveCyclicHDA@@AAEJPATKSDATAFORMAT@@@Z 00016fbc f   minwave.obj
 0004:00002686       ?NonDelegatingQueryInterface@CMiniportWaveCyclicHDA@@UAGJABU_GUID@@PAPAX@Z 000170a6 f   minwave.obj
 0004:00002734       ??1CMiniportWaveCyclicHDA@@UAE@XZ 00017154 f   minwave.obj
 0004:00002788       ?Init@CMiniportWaveCyclicHDA@@UAGJPAUIUnknown@@PAUIResourceList@@PAUIPortWaveCyclic@@@Z 000171a8 f   minwave.obj
 0004:00002830       ?GetDescription@CMiniportWaveCyclicHDA@@UAGJPAPAUPCFILTER_DESCRIPTOR@@@Z 00017250 f   minwave.obj
 0004:00002840       ?DataRangeIntersection@CMiniportWaveCyclicHDA@@UAGJKPATKSDATAFORMAT@@0KPAXPAK@Z 00017260 f   minwave.obj
 0004:00002a96       ?NewStream@CMiniportWaveCyclicHDA@@UAGJPAPAUIMiniportWaveCyclicStream@@PAUIUnknown@@W4_POOL_TYPE@@KEPATKSDATAFORMAT@@PAPAUIDmaChannel@@PAPAUIServiceGroup@@@Z 000174b6 f   minwave.obj
 0004:00002bd6       ?NonDelegatingQueryInterface@CMiniportWaveCyclicStreamHDA@@UAGJABU_GUID@@PAPAX@Z 000175f6 f   minwave.obj
 0004:00002c5e       ??1CMiniportWaveCyclicStreamHDA@@UAE@XZ 0001767e f   minwave.obj
 0004:00002cd4       ?Init@CMiniportWaveCyclicStreamHDA@@QAEJPAVCMiniportWaveCyclicHDA@@KEPATKSDATAFORMAT@@PAUIDmaChannel@@@Z 000176f4 f   minwave.obj
 0004:00002d78       ?SetNotificationFreq@CMiniportWaveCyclicStreamHDA@@UAGKKPAK@Z 00017798 f   minwave.obj
 0004:00002db8       ?SetFormat@CMiniportWaveCyclicStreamHDA@@UAGJPATKSDATAFORMAT@@@Z 000177d8 f   minwave.obj
 0004:00002e36       ?SetState@CMiniportWaveCyclicStreamHDA@@UAGJW4KSSTATE@@@Z 00017856 f   minwave.obj
 0005:00000000       _DriverEntry@8             00017980 f   adapter.obj
 0005:00000018       __IMPORT_DESCRIPTOR_ntoskrnl 00017998     ntoskrnl:ntoskrnl.exe
 0005:0000002c       __IMPORT_DESCRIPTOR_HAL    000179ac     hal:HAL.dll
 0005:00000040       __IMPORT_DESCRIPTOR_portcls 000179c0     portcls:portcls.sys
 0005:00000054       __NULL_IMPORT_DESCRIPTOR   000179d4     ntoskrnl:ntoskrnl.exe

 entry point at        0005:00000000

 Static symbols

 0004:00001b44       ?PropertyHandler_OnOff@@YGJPAU_PCPROPERTY_REQUEST@@@Z 00016564 f   mintopo.obj
 0004:00001db8       ?PropertyHandler_SuperMixCaps@@YGJPAU_PCPROPERTY_REQUEST@@@Z 000167d8 f   mintopo.obj
 0004:00001f92       ?PropertyHandler_SuperMixTable@@YGJPAU_PCPROPERTY_REQUEST@@@Z 000169b2 f   mintopo.obj
 0004:000022ae       ?PropertyHandler_CpuResources@@YGJPAU_PCPROPERTY_REQUEST@@@Z 00016cce f   mintopo.obj
 0001:00002638       ?PropertyHandler_Level@@YGJPAU_PCPROPERTY_REQUEST@@@Z 00012918 f   mintopo.obj
 0004:0000233a       ?BasicSupportHandler@@YGJPAU_PCPROPERTY_REQUEST@@@Z 00016d5a f   mintopo.obj
 0001:000029fc       ?VolumeLevelToMixerCount@@YGEJ@Z 00012cdc f   mintopo.obj
 0001:00000064       ?AllocateAlignedCommonBuffer@@YGJPAU_DMA_ADAPTER@@KKPAU_HDA_DMA_COMMON_BUFFER@@@Z 00010344 f   common.obj
 0001:00000158       ?ResetCommonBufferDescriptor@@YGXPAU_HDA_DMA_COMMON_BUFFER@@@Z 00010438 f   common.obj
 0001:00000168       ?FreeAlignedCommonBuffer@@YGXPAU_DMA_ADAPTER@@PAU_HDA_DMA_COMMON_BUFFER@@@Z 00010448 f   common.obj

 309 bytes saved through ICF

