 HDA

 Timestamp is 68ed8a2e (Mon Oct 13 16:24:30 2025)

 Preferred load address is 00010000

 Start         Length     Name                   Class
 0001:00000000 00000ea0H .text                   CODE
 0002:00000000 00000098H .idata$5                DATA
 0002:00000098 00000558H .rdata                  DATA
 0003:00000000 00000cf8H .data                   DATA
 0003:00000cf8 00000010H .bss                    DATA
 0004:00000000 00003310H PAGE                    CODE
 0005:00000000 00000015H INIT                    CODE
 0005:00000018 0000003cH .idata$2                CODE
 0005:00000054 00000014H .idata$3                CODE
 0005:00000068 00000098H .idata$4                CODE
 0005:00000100 00000306H .idata$6                CODE
 0006:00000000 00000058H .rsrc$01                DATA
 0006:00000060 00000338H .rsrc$02                DATA

  Address         Publics by Value              Rva+Base     Lib:Object

 0001:00000000       ?QueryInterface@CAdapterCommon@@UAGJABU_GUID@@PAPAX@Z 000102e0 f i common.obj
 0001:00000018       ?AddRef@CAdapterCommon@@UAGKXZ 000102f8 f i common.obj
 0001:00000028       ?Release@CAdapterCommon@@UAGKXZ 00010308 f i common.obj
 0001:00000038       ??_ECAdapterCommon@@UAEPAXI@Z 00010318 f i common.obj
 0001:00000038       ??_GCAdapterCommon@@UAEPAXI@Z 00010318 f i common.obj
 0001:00000058       ?hda_send_verb@CAdapterCommon@@QAGKKKKK@Z 00010338 f   common.obj
 0001:00000128       ?ReadController@CAdapterCommon@@UAGEXZ 00010408 f   common.obj
 0001:0000012e       ?WriteController@CAdapterCommon@@UAGEE@Z 0001040e f   common.obj
 0001:00000134       ?MixerRegWrite@CAdapterCommon@@UAGXEE@Z 00010414 f   common.obj
 0001:00000150       ?MixerRegRead@CAdapterCommon@@UAGEE@Z 00010430 f   common.obj
 0001:0000016e       ?MixerReset@CAdapterCommon@@UAGXXZ 0001044e f   common.obj
 0001:000001a6       ?ResetController@CAdapterCommon@@UAGJXZ 00010486 f   common.obj
 0001:0000020a       ?RestoreMixerSettingsFromRegistry@CAdapterCommon@@UAGJXZ 000104ea f   common.obj
 0001:00000368       ?SaveMixerSettingsToRegistry@CAdapterCommon@@UAGJXZ 00010648 f   common.obj
 0001:0000042c       ?ProgramSampleRate@CAdapterCommon@@QAGJK@Z 0001070c f   common.obj
 0001:000004c2       ?PowerChangeState@CAdapterCommon@@UAGXT_POWER_STATE@@@Z 000107a2 f   common.obj
 0001:00000518       ?QueryDeviceCapabilities@CAdapterCommon@@UAGJPAU_DEVICE_CAPABILITIES@@@Z 000107f8 f   common.obj
 0001:00000518       ?QueryPowerChangeState@CAdapterCommon@@UAGJT_POWER_STATE@@@Z 000107f8 f   common.obj
 0001:0000051e       ?hda_stop_stream@CAdapterCommon@@QAGJXZ 000107fe f   common.obj
 0001:00000602       ?hda_set_volume@CAdapterCommon@@QAGXK@Z 000108e2 f   common.obj
 0001:00000650       ?readUCHAR@CAdapterCommon@@QAGEG@Z 00010930 f   common.obj
 0001:00000668       ?writeUCHAR@CAdapterCommon@@QAGXGE@Z 00010948 f   common.obj
 0001:00000684       ?readUSHORT@CAdapterCommon@@QAGGG@Z 00010964 f   common.obj
 0001:0000069c       ?writeUSHORT@CAdapterCommon@@QAGXGG@Z 0001097c f   common.obj
 0001:000006b8       ?writeULONG@CAdapterCommon@@QAGXGK@Z 00010998 f   common.obj
 0001:000006d4       ?hda_return_sound_data_format@CAdapterCommon@@QAGGKKK@Z 000109b4 f   common.obj
 0001:00000792       ?QueryInterface@CAdapterCommon@@W3AGJABU_GUID@@PAPAX@Z 00010a72 f i common.obj
 0001:0000079c       ?AddRef@CAdapterCommon@@W3AGKXZ 00010a7c f i common.obj
 0001:000007a6       ?Release@CAdapterCommon@@W3AGKXZ 00010a86 f i common.obj
 0001:000007b0       ?QueryInterface@CMiniportTopologyHDA@@UAGJABU_GUID@@PAPAX@Z 00010a90 f i mintopo.obj
 0001:000007b0       ?QueryInterface@CMiniportWaveCyclicHDA@@UAGJABU_GUID@@PAPAX@Z 00010a90 f i mintopo.obj
 0001:000007b0       ?QueryInterface@CMiniportWaveCyclicStreamHDA@@UAGJABU_GUID@@PAPAX@Z 00010a90 f i mintopo.obj
 0001:000007c8       ?DataRangeIntersection@CMiniportTopologyHDA@@UAGJKPATKSDATAFORMAT@@0KPAXPAK@Z 00010aa8 f i mintopo.obj
 0001:000007d0       ??_GCMiniportTopologyHDA@@UAEPAXI@Z 00010ab0 f i mintopo.obj
 0001:000007d0       ??_ECMiniportTopologyHDA@@UAEPAXI@Z 00010ab0 f i mintopo.obj
 0001:00000bce       ?ReadBitsFromMixer@CMiniportTopologyHDA@@AAEEEEE@Z 00010eae f   mintopo.obj
 0001:00000bf6       ?WriteBitsToMixer@CMiniportTopologyHDA@@AAEXEEEE@Z 00010ed6 f   mintopo.obj
 0001:00000c4c       ?Release@CMiniportWaveCyclicStreamHDA@@UAGKXZ 00010f2c f i minwave.obj
 0001:00000c4c       ?Release@CMiniportWaveCyclicHDA@@UAGKXZ 00010f2c f i minwave.obj
 0001:00000c4c       ?Release@CMiniportTopologyHDA@@UAGKXZ 00010f2c f i minwave.obj
 0001:00000c5c       ??_GCMiniportWaveCyclicHDA@@UAEPAXI@Z 00010f3c f i minwave.obj
 0001:00000c5c       ??_ECMiniportWaveCyclicHDA@@UAEPAXI@Z 00010f3c f i minwave.obj
 0001:00000c7c       ?AddRef@CMiniportWaveCyclicHDA@@UAGKXZ 00010f5c f i minwave.obj
 0001:00000c7c       ?AddRef@CMiniportTopologyHDA@@UAGKXZ 00010f5c f i minwave.obj
 0001:00000c7c       ?AddRef@CMiniportWaveCyclicStreamHDA@@UAGKXZ 00010f5c f i minwave.obj
 0001:00000c8c       ??_ECMiniportWaveCyclicStreamHDA@@UAEPAXI@Z 00010f6c f i minwave.obj
 0001:00000c8c       ??_GCMiniportWaveCyclicStreamHDA@@UAEPAXI@Z 00010f6c f i minwave.obj
 0001:00000cac       ?GetPosition@CMiniportWaveCyclicStreamHDA@@UAGJPAK@Z 00010f8c f   minwave.obj
 0001:00000cec       ?NormalizePhysicalPosition@CMiniportWaveCyclicStreamHDA@@UAGJPA_J@Z 00010fcc f   minwave.obj
 0001:00000d34       ?Silence@CMiniportWaveCyclicStreamHDA@@UAGXPAXK@Z 00011014 f   minwave.obj
 0001:00000d6e       _DbgPrint                  0001104e f   ntoskrnl:ntoskrnl.exe
 0001:00000d74       __alldiv                   00011054 f   ntoskrnl:ntoskrnl.exe
 0001:00000d7a       __allmul                   0001105a f   ntoskrnl:ntoskrnl.exe
 0001:00000d80       _PcInitializeAdapterDriver@12 00011060 f   portcls:portcls.sys
 0001:00000d86       _PcAddAdapterDevice@20     00011066 f   portcls:portcls.sys
 0001:00000d8c       _PcRegisterSubdevice@12    0001106c f   portcls:portcls.sys
 0001:00000d92       _PcNewMiniport@8           00011072 f   portcls:portcls.sys
 0001:00000d98       _PcNewPort@8               00011078 f   portcls:portcls.sys
 0001:00000d9e       _PcRegisterPhysicalConnection@20 0001107e f   portcls:portcls.sys
 0001:00000da4       _PcRegisterAdapterPowerManagement@8 00011084 f   portcls:portcls.sys
 0001:00000daa       _PcNewResourceSublist@20   0001108a f   portcls:portcls.sys
 0001:00000db0       _PcNewRegistryKey@36       00011090 f   portcls:portcls.sys
 0001:00000db6       _PcNewServiceGroup@8       00011096 f   portcls:portcls.sys
 0001:00000dbc       ??0CUnknown@@QAE@PAUIUnknown@@@Z 0001109c f   stdunk:stdunk.obj
 0001:00000ddb       ??_GCUnknown@@UAEPAXI@Z    000110bb f i stdunk:stdunk.obj
 0001:00000ddb       ??_ECUnknown@@UAEPAXI@Z    000110bb f i stdunk:stdunk.obj
 0001:00000df7       ??1CUnknown@@UAE@XZ        000110d7 f   stdunk:stdunk.obj
 0001:00000dfe       ?NonDelegatingAddRef@CUnknown@@UAGKXZ 000110de f   stdunk:stdunk.obj
 0001:00000e14       ?NonDelegatingRelease@CUnknown@@UAGKXZ 000110f4 f   stdunk:stdunk.obj
 0001:00000e43       ?NonDelegatingQueryInterface@CUnknown@@UAGJABU_GUID@@PAPAX@Z 00011123 f   stdunk:stdunk.obj
 0002:00000000       __imp__WRITE_PORT_UCHAR@8  00011180     hal:HAL.dll
 0002:00000004       __imp_@KfAcquireSpinLock@4 00011184     hal:HAL.dll
 0002:00000008       __imp_@KfReleaseSpinLock@8 00011188     hal:HAL.dll
 0002:0000000c       __imp__KeStallExecutionProcessor@4 0001118c     hal:HAL.dll
 0002:00000010       \177HAL_NULL_THUNK_DATA    00011190     hal:HAL.dll
 0002:00000014       __imp__KeInitializeSpinLock@4 00011194     ntoskrnl:ntoskrnl.exe
 0002:00000018       __imp__READ_REGISTER_ULONG@4 00011198     ntoskrnl:ntoskrnl.exe
 0002:0000001c       __imp__WRITE_REGISTER_ULONG@8 0001119c     ntoskrnl:ntoskrnl.exe
 0002:00000020       __imp__RtlInitUnicodeString@8 000111a0     ntoskrnl:ntoskrnl.exe
 0002:00000024       __imp__READ_REGISTER_UCHAR@4 000111a4     ntoskrnl:ntoskrnl.exe
 0002:00000028       __imp__WRITE_REGISTER_UCHAR@8 000111a8     ntoskrnl:ntoskrnl.exe
 0002:0000002c       __imp__MmUnmapIoSpace@8    000111ac     ntoskrnl:ntoskrnl.exe
 0002:00000030       __imp__DbgPrint            000111b0     ntoskrnl:ntoskrnl.exe
 0002:00000034       __imp__KeInitializeMutex@8 000111b4     ntoskrnl:ntoskrnl.exe
 0002:00000038       __imp__KeReleaseMutex@8    000111b8     ntoskrnl:ntoskrnl.exe
 0002:0000003c       __imp__KeWaitForSingleObject@20 000111bc     ntoskrnl:ntoskrnl.exe
 0002:00000040       __imp___alldiv             000111c0     ntoskrnl:ntoskrnl.exe
 0002:00000044       __imp___allmul             000111c4     ntoskrnl:ntoskrnl.exe
 0002:00000048       __imp__ExFreePool@4        000111c8     ntoskrnl:ntoskrnl.exe
 0002:0000004c       __imp__MmMapIoSpace@16     000111cc     ntoskrnl:ntoskrnl.exe
 0002:00000050       __imp__IoGetDmaAdapter@12  000111d0     ntoskrnl:ntoskrnl.exe
 0002:00000054       __imp__ExAllocatePoolWithTag@12 000111d4     ntoskrnl:ntoskrnl.exe
 0002:00000058       __imp__WRITE_REGISTER_USHORT@8 000111d8     ntoskrnl:ntoskrnl.exe
 0002:0000005c       __imp__READ_REGISTER_USHORT@4 000111dc     ntoskrnl:ntoskrnl.exe
 0002:00000060       __imp_@InterlockedIncrement@4 000111e0     ntoskrnl:ntoskrnl.exe
 0002:00000064       __imp_@InterlockedDecrement@4 000111e4     ntoskrnl:ntoskrnl.exe
 0002:00000068       \177ntoskrnl_NULL_THUNK_DATA 000111e8     ntoskrnl:ntoskrnl.exe
 0002:0000006c       __imp__PcNewMiniport@8     000111ec     portcls:portcls.sys
 0002:00000070       __imp__PcNewPort@8         000111f0     portcls:portcls.sys
 0002:00000074       __imp__PcRegisterSubdevice@12 000111f4     portcls:portcls.sys
 0002:00000078       __imp__PcAddAdapterDevice@20 000111f8     portcls:portcls.sys
 0002:0000007c       __imp__PcRegisterPhysicalConnection@20 000111fc     portcls:portcls.sys
 0002:00000080       __imp__PcNewResourceSublist@20 00011200     portcls:portcls.sys
 0002:00000084       __imp__PcNewRegistryKey@36 00011204     portcls:portcls.sys
 0002:00000088       __imp__PcNewServiceGroup@8 00011208     portcls:portcls.sys
 0002:0000008c       __imp__PcInitializeAdapterDriver@12 0001120c     portcls:portcls.sys
 0002:00000090       __imp__PcRegisterAdapterPowerManagement@8 00011210     portcls:portcls.sys
 0002:00000094       \177portcls_NULL_THUNK_DATA 00011214     portcls:portcls.sys
 0002:000000f8       _IID_IAdapterCommon        00011278     adapter.obj
 0002:00000108       _CLSID_MiniportDriverFmSynth 00011288     adapter.obj
 0002:00000118       _CLSID_PortWaveCyclic      00011298     adapter.obj
 0002:00000128       _CLSID_PortTopology        000112a8     adapter.obj
 0002:00000138       _CLSID_PortMidi            000112b8     adapter.obj
 0002:00000148       _IID_IAdapterPowerManagment 000112c8     adapter.obj
 0002:00000158       _IID_IMiniportWaveCyclicStream 000112d8     adapter.obj
 0002:00000168       _IID_IMiniportWaveCyclic   000112e8     adapter.obj
 0002:00000178       _IID_IPortWaveCyclic       000112f8     adapter.obj
 0002:00000188       _IID_IMiniportTopology     00011308     adapter.obj
 0002:00000198       _IID_IMiniport             00011318     adapter.obj
 0002:000001a8       _IID_IUnknown              00011328     adapter.obj
 0002:000001b8       ??_C@_1BE@ENEK@?$AAR?$AAi?$AAg?$AAh?$AAt?$AAB?$AAa?$AAs?$AAs?$AA?$AA@ 00011338     common.obj
 0002:000001cc       ??_C@_1BC@JMJO@?$AAL?$AAe?$AAf?$AAt?$AAB?$AAa?$AAs?$AAs?$AA?$AA@ 0001134c     common.obj
 0002:000001e0       ??_C@_1BI@KGAJ@?$AAR?$AAi?$AAg?$AAh?$AAt?$AAT?$AAr?$AAe?$AAb?$AAl?$AAe?$AA?$AA@ 00011360     common.obj
 0002:000001f8       ??_C@_1BG@BGGD@?$AAL?$AAe?$AAf?$AAt?$AAT?$AAr?$AAe?$AAb?$AAl?$AAe?$AA?$AA@ 00011378     common.obj
 0002:00000210       ??_C@_1O@IECC@?$AAM?$AAi?$AAc?$AAA?$AAG?$AAC?$AA?$AA@ 00011390     common.obj
 0002:00000220       ??_C@_1CA@EJHI@?$AAR?$AAi?$AAg?$AAh?$AAt?$AAO?$AAu?$AAt?$AAp?$AAu?$AAt?$AAG?$AAa?$AAi?$AAn?$AA?$AA@ 000113a0     common.obj
 0002:00000240       ??_C@_1BO@PPLI@?$AAL?$AAe?$AAf?$AAt?$AAO?$AAu?$AAt?$AAp?$AAu?$AAt?$AAG?$AAa?$AAi?$AAn?$AA?$AA@ 000113c0     common.obj
 0002:00000260       ??_C@_1BO@PMCJ@?$AAR?$AAi?$AAg?$AAh?$AAt?$AAI?$AAn?$AAp?$AAu?$AAt?$AAG?$AAa?$AAi?$AAn?$AA?$AA@ 000113e0     common.obj
 0002:00000280       ??_C@_1BM@CFEM@?$AAL?$AAe?$AAf?$AAt?$AAI?$AAn?$AAp?$AAu?$AAt?$AAG?$AAa?$AAi?$AAn?$AA?$AA@ 00011400     common.obj
 0002:0000029c       ??_C@_1CA@CIKM@?$AAR?$AAi?$AAg?$AAh?$AAt?$AAI?$AAn?$AAp?$AAu?$AAt?$AAM?$AAi?$AAx?$AAe?$AAr?$AA?$AA@ 0001141c     common.obj
 0002:000002bc       ??_C@_1BO@JOGM@?$AAL?$AAe?$AAf?$AAt?$AAI?$AAn?$AAp?$AAu?$AAt?$AAM?$AAi?$AAx?$AAe?$AAr?$AA?$AA@ 0001143c     common.obj
 0002:000002dc       ??_C@_1BI@BMOJ@?$AAO?$AAu?$AAt?$AAp?$AAu?$AAt?$AAM?$AAi?$AAx?$AAe?$AAr?$AA?$AA@ 0001145c     common.obj
 0002:000002f4       ??_C@_1BE@GLOL@?$AAP?$AAc?$AAS?$AAp?$AAk?$AAr?$AAV?$AAo?$AAl?$AA?$AA@ 00011474     common.obj
 0002:00000308       ??_C@_1O@MNBB@?$AAM?$AAi?$AAc?$AAV?$AAo?$AAl?$AA?$AA@ 00011488     common.obj
 0002:00000318       ??_C@_1BO@HCKE@?$AAR?$AAi?$AAg?$AAh?$AAt?$AAL?$AAi?$AAn?$AAe?$AAI?$AAn?$AAV?$AAo?$AAl?$AA?$AA@ 00011498     common.obj
 0002:00000338       ??_C@_1BM@KLMB@?$AAL?$AAe?$AAf?$AAt?$AAL?$AAi?$AAn?$AAe?$AAI?$AAn?$AAV?$AAo?$AAl?$AA?$AA@ 000114b8     common.obj
 0002:00000354       ??_C@_1BG@COJL@?$AAR?$AAi?$AAg?$AAh?$AAt?$AAC?$AAD?$AAV?$AAo?$AAl?$AA?$AA@ 000114d4     common.obj
 0002:0000036c       ??_C@_1BE@KMKA@?$AAL?$AAe?$AAf?$AAt?$AAC?$AAD?$AAV?$AAo?$AAl?$AA?$AA@ 000114ec     common.obj
 0002:00000380       ??_C@_1BK@JCIM@?$AAR?$AAi?$AAg?$AAh?$AAt?$AAM?$AAi?$AAd?$AAi?$AAV?$AAo?$AAl?$AA?$AA@ 00011500     common.obj
 0002:0000039c       ??_C@_1BI@KBIJ@?$AAL?$AAe?$AAf?$AAt?$AAM?$AAi?$AAd?$AAi?$AAV?$AAo?$AAl?$AA?$AA@ 0001151c     common.obj
 0002:000003b4       ??_C@_1BK@MFCG@?$AAR?$AAi?$AAg?$AAh?$AAt?$AAW?$AAa?$AAv?$AAe?$AAV?$AAo?$AAl?$AA?$AA@ 00011534     common.obj
 0002:000003d0       ??_C@_1BI@PGCD@?$AAL?$AAe?$AAf?$AAt?$AAW?$AAa?$AAv?$AAe?$AAV?$AAo?$AAl?$AA?$AA@ 00011550     common.obj
 0002:000003e8       ??_C@_1BO@NHA@?$AAR?$AAi?$AAg?$AAh?$AAt?$AAM?$AAa?$AAs?$AAt?$AAe?$AAr?$AAV?$AAo?$AAl?$AA?$AA@ 00011568     common.obj
 0002:00000408       ??_C@_1BM@NEBF@?$AAL?$AAe?$AAf?$AAt?$AAM?$AAa?$AAs?$AAt?$AAe?$AAr?$AAV?$AAo?$AAl?$AA?$AA@ 00011588     common.obj
 0002:00000424       ??_7CAdapterCommon@@6BIAdapterPowerManagement@@@ 000115a4     common.obj
 0002:0000043c       ??_7CAdapterCommon@@6BIAdapterCommon@@@ 000115bc     common.obj
 0002:0000047c       ??_7CAdapterCommon@@6BCUnknown@@@ 000115fc     common.obj
 0002:00000558       ??_7CMiniportTopologyHDA@@6BIMiniportTopology@@@ 000116d8     mintopo.obj
 0002:00000570       ??_7CMiniportTopologyHDA@@6BCUnknown@@@ 000116f0     mintopo.obj
 0002:00000580       ??_7CMiniportWaveCyclicHDA@@6BIMiniportWaveCyclic@@@ 00011700     minwave.obj
 0002:0000059c       ??_7CMiniportWaveCyclicHDA@@6BCUnknown@@@ 0001171c     minwave.obj
 0002:000005ac       ??_7CMiniportWaveCyclicStreamHDA@@6BIMiniportWaveCyclicStream@@@ 0001172c     minwave.obj
 0002:000005d0       ??_7CMiniportWaveCyclicStreamHDA@@6BCUnknown@@@ 00011750     minwave.obj
 0002:000005e0       ??_7CUnknown@@6B@          00011760     stdunk:stdunk.obj
 0003:00000000       __GUID_b7902fe9_fb0a_11d1_81b0_0060083316c1 00011780     adapter.obj
 0003:00000010       __GUID_d3f0ce1c_fffc_11d1_81b0_0060083316c1 00011790     adapter.obj
 0003:00000020       __GUID_c096df9c_fb09_11d1_81b0_0060083316c1 000117a0     adapter.obj
 0003:000000f0       ?audBufSize@@3KA           00011870     common.obj
 0003:000000f4       ?BdlSize@@3KA              00011874     common.obj
 0003:000007f0       __GUID_185fedf6_9905_11d1_95a9_00c04fb925d3 00011f70     mintopo.obj
 0003:00000800       __GUID_185fedef_9905_11d1_95a9_00c04fb925d3 00011f80     mintopo.obj
 0003:00000810       __GUID_185fede1_9905_11d1_95a9_00c04fb925d3 00011f90     mintopo.obj
 0003:00000820       __GUID_185fede0_9905_11d1_95a9_00c04fb925d3 00011fa0     mintopo.obj
 0003:00000830       __GUID_7607e580_c557_11d0_8a2b_00a0c9255ac1 00011fb0     mintopo.obj
 0003:00000840       __GUID_185fede3_9905_11d1_95a9_00c04fb925d3 00011fc0     mintopo.obj
 0003:00000850       __GUID_da441a60_c556_11d0_8a2b_00a0c9255ac1 00011fd0     mintopo.obj
 0003:00000860       __GUID_185fedee_9905_11d1_95a9_00c04fb925d3 00011fe0     mintopo.obj
 0003:00000870       __GUID_02b223c0_c557_11d0_8a2b_00a0c9255ac1 00011ff0     mintopo.obj
 0003:00000880       __GUID_185feded_9905_11d1_95a9_00c04fb925d3 00012000     mintopo.obj
 0003:00000890       __GUID_e88c9ba0_c557_11d0_8a2b_00a0c9255ac1 00012010     mintopo.obj
 0003:000008a0       __GUID_185fedec_9905_11d1_95a9_00c04fb925d3 00012020     mintopo.obj
 0003:000008b0       __GUID_185fedeb_9905_11d1_95a9_00c04fb925d3 00012030     mintopo.obj
 0003:000008c0       __GUID_185fedea_9905_11d1_95a9_00c04fb925d3 00012040     mintopo.obj
 0003:000008d0       __GUID_185fede9_9905_11d1_95a9_00c04fb925d3 00012050     mintopo.obj
 0003:000008e0       __GUID_185fede8_9905_11d1_95a9_00c04fb925d3 00012060     mintopo.obj
 0003:000008f0       __GUID_e573adc0_c555_11d0_8a2b_00a0c9255ac1 00012070     mintopo.obj
 0003:00000900       __GUID_185fede7_9905_11d1_95a9_00c04fb925d3 00012080     mintopo.obj
 0003:00000910       __GUID_185fede5_9905_11d1_95a9_00c04fb925d3 00012090     mintopo.obj
 0003:00000920       __GUID_3a5acc00_c557_11d0_8a2b_00a0c9255ac1 000120a0     mintopo.obj
 0003:00000930       __GUID_45ffaaa0_6e1b_11d0_bcf2_444553540000 000120b0     mintopo.obj
 0003:00000940       __GUID_6994ad04_93ef_11d0_a3cc_00a0c9223196 000120c0     mintopo.obj
 0003:00000950       __GUID_185fedf7_9905_11d1_95a9_00c04fb925d3 000120d0     mintopo.obj
 0003:00000960       __GUID_dff21ce1_f70f_11d0_b917_00a0c9223196 000120e0     mintopo.obj
 0003:00000970       __GUID_dff21be1_f70f_11d0_b917_00a0c9223196 000120f0     mintopo.obj
 0003:00000980       __GUID_185fedf9_9905_11d1_95a9_00c04fb925d3 00012100     mintopo.obj
 0003:00000990       __GUID_dff21fe3_f70f_11d0_b917_00a0c9223196 00012110     mintopo.obj
 0003:000009a0       __GUID_185fedfb_9905_11d1_95a9_00c04fb925d3 00012120     mintopo.obj
 0003:000009b0       __GUID_dff220e3_f70f_11d0_b917_00a0c9223196 00012130     mintopo.obj
 0003:000009c0       __GUID_185fedf8_9905_11d1_95a9_00c04fb925d3 00012140     mintopo.obj
 0003:000009d0       __GUID_dff220f3_f70f_11d0_b917_00a0c9223196 00012150     mintopo.obj
 0003:000009e0       __GUID_dff21fe4_f70f_11d0_b917_00a0c9223196 00012160     mintopo.obj
 0003:000009f0       __GUID_97e99ba0_bdea_11cf_a5d6_28db04c10000 00012170     mintopo.obj
 0003:00000c68       __GUID_507ae360_c554_11d0_8a2b_00a0c9255ac1 000123e8     minwave.obj
 0003:00000c78       __GUID_4d837fe0_c555_11d0_8a2b_00a0c9255ac1 000123f8     minwave.obj
 0003:00000c88       __GUID_185fedfa_9905_11d1_95a9_00c04fb925d3 00012408     minwave.obj
 0003:00000c98       __GUID_fb6c4281_0353_11d1_905f_0000c0cc16ba 00012418     minwave.obj
 0003:00000ca8       __GUID_05589f81_c356_11ce_bf01_00aa0055595a 00012428     minwave.obj
 0003:00000cb8       __GUID_00000001_0000_0010_8000_00aa00389b71 00012438     minwave.obj
 0003:00000cc8       __GUID_73647561_0000_0010_8000_00aa00389b71 00012448     minwave.obj
 0003:00000cd8       __GUID_0f6417d6_c318_11d0_a43f_00a0c9223196 00012458     minwave.obj
 0003:00000ce8       __GUID_518590a2_a184_11d0_8522_00c04fd9baf3 00012468     minwave.obj
 0003:00000cf8       __GUID_00000000_0000_0000_0000_000000000000 00012478     adapter.obj
 0004:00000000       _AddDevice@8               000124a0 f   adapter.obj
 0004:0000001a       ?InstallSubdevice@@YGJPAU_DEVICE_OBJECT@@PAU_IRP@@PAGABU_GUID@@3P6GJPAPAUIUnknown@@3PAU4@W4_POOL_TYPE@@@Z5PAUIResourceList@@344@Z 000124ba f   adapter.obj
 0004:00000120       ?StartDevice@@YGJPAU_DEVICE_OBJECT@@PAU_IRP@@PAUIResourceList@@@Z 000125c0 f   adapter.obj
 0004:0000036e       ?AssignResources@@YGJPAUIResourceList@@PAPAU1@11111@Z 0001280e f   adapter.obj
 0004:00000624       ?NewAdapterCommon@@YGJPAPAUIUnknown@@ABU_GUID@@PAU1@W4_POOL_TYPE@@@Z 00012ac4 f   common.obj
 0004:0000068c       ?Init@CAdapterCommon@@UAGJPAUIResourceList@@PAU_DEVICE_OBJECT@@@Z 00012b2c f   common.obj
 0004:00000a9c       ??1CAdapterCommon@@UAE@XZ  00012f3c f   common.obj
 0004:00000bf2       ?NonDelegatingQueryInterface@CAdapterCommon@@UAGJABU_GUID@@PAPAX@Z 00013092 f   common.obj
 0004:00000cb2       ?WavePortDriverDest@CAdapterCommon@@UAGPAPAUIUnknown@@XZ 00013152 f   common.obj
 0004:00000cbe       ?GetInterruptSync@CAdapterCommon@@UAGPAUIInterruptSync@@XZ 0001315e f   common.obj
 0004:00000ccc       ?MidiPortDriverDest@CAdapterCommon@@UAGPAPAUIUnknown@@XZ 0001316c f   common.obj
 0004:00000cd8       ?SetWaveServiceGroup@CAdapterCommon@@UAGXPAUIServiceGroup@@@Z 00013178 f   common.obj
 0004:00000d08       ?InitHDA@CAdapterCommon@@QAGJXZ 000131a8 f   common.obj
 0004:00000fc8       ?InitializeCodec@CAdapterCommon@@QAGJE@Z 00013468 f   common.obj
 0004:000012b9       ?hda_initialize_audio_function_group@CAdapterCommon@@QAGXKK@Z 00013759 f   common.obj
 0004:00001792       ?hda_get_node_type@CAdapterCommon@@QAGEKK@Z 00013c32 f   common.obj
 0004:000017b4       ?hda_get_node_connection_entry@CAdapterCommon@@QAGKKKK@Z 00013c54 f   common.obj
 0004:0000183a       ?hda_set_node_gain@CAdapterCommon@@QAGXKKKKK@Z 00013cda f   common.obj
 0004:000018a8       ?hda_disable_pin_output@CAdapterCommon@@QAGXKK@Z 00013d48 f   common.obj
 0004:000018da       ?hda_is_headphone_connected@CAdapterCommon@@QAGHXZ 00013d7a f   common.obj
 0004:00001916       ?hda_initialize_output_pin@CAdapterCommon@@QAGXK@Z 00013db6 f   common.obj
 0004:00001a70       ?hda_initalize_audio_output@CAdapterCommon@@QAGXK@Z 00013f10 f   common.obj
 0004:00001b7c       ?hda_initalize_audio_mixer@CAdapterCommon@@QAGXK@Z 0001401c f   common.obj
 0004:00001c5a       ?hda_initalize_audio_selector@CAdapterCommon@@QAGXK@Z 000140fa f   common.obj
 0004:00001d64       ?hda_is_supported_sample_rate@CAdapterCommon@@QAGEK@Z 00014204 f   common.obj
 0004:00001dea       ?CreateMiniportTopologyHDA@@YGJPAPAUIUnknown@@ABU_GUID@@PAU1@W4_POOL_TYPE@@@Z 0001428a f   mintopo.obj
 0004:00001e4a       ?ProcessResources@CMiniportWaveCyclicHDA@@AAEJPAUIResourceList@@@Z 000142ea f   mintopo.obj
 0004:00001e4a       ?ProcessResources@CMiniportTopologyHDA@@AAEJPAUIResourceList@@@Z 000142ea f   mintopo.obj
 0004:00001e6e       ?NonDelegatingQueryInterface@CMiniportTopologyHDA@@UAGJABU_GUID@@PAPAX@Z 0001430e f   mintopo.obj
 0004:00001f1c       ??1CMiniportTopologyHDA@@UAE@XZ 000143bc f   mintopo.obj
 0004:00001f60       ?Init@CMiniportTopologyHDA@@UAGJPAUIUnknown@@PAUIResourceList@@PAUIPortTopology@@@Z 00014400 f   mintopo.obj
 0004:00001fc2       ?GetDescription@CMiniportTopologyHDA@@UAGJPAPAUPCFILTER_DESCRIPTOR@@@Z 00014462 f   mintopo.obj
 0004:000027e6       ?CreateMiniportWaveCyclicHDA@@YGJPAPAUIUnknown@@ABU_GUID@@PAU1@W4_POOL_TYPE@@@Z 00014c86 f   minwave.obj
 0004:00002846       ?ValidateFormat@CMiniportWaveCyclicHDA@@AAEJPATKSDATAFORMAT@@@Z 00014ce6 f   minwave.obj
 0004:00002930       ?NonDelegatingQueryInterface@CMiniportWaveCyclicHDA@@UAGJABU_GUID@@PAPAX@Z 00014dd0 f   minwave.obj
 0004:000029de       ??1CMiniportWaveCyclicHDA@@UAE@XZ 00014e7e f   minwave.obj
 0004:00002a40       ?Init@CMiniportWaveCyclicHDA@@UAGJPAUIUnknown@@PAUIResourceList@@PAUIPortWaveCyclic@@@Z 00014ee0 f   minwave.obj
 0004:00002ae8       ?GetDescription@CMiniportWaveCyclicHDA@@UAGJPAPAUPCFILTER_DESCRIPTOR@@@Z 00014f88 f   minwave.obj
 0004:00002af8       ?DataRangeIntersection@CMiniportWaveCyclicHDA@@UAGJKPATKSDATAFORMAT@@0KPAXPAK@Z 00014f98 f   minwave.obj
 0004:00002d4e       ?NewStream@CMiniportWaveCyclicHDA@@UAGJPAPAUIMiniportWaveCyclicStream@@PAUIUnknown@@W4_POOL_TYPE@@KEPATKSDATAFORMAT@@PAPAUIDmaChannel@@PAPAUIServiceGroup@@@Z 000151ee f   minwave.obj
 0004:00002e94       ?NonDelegatingQueryInterface@CMiniportWaveCyclicStreamHDA@@UAGJABU_GUID@@PAPAX@Z 00015334 f   minwave.obj
 0004:00002f1c       ??1CMiniportWaveCyclicStreamHDA@@UAE@XZ 000153bc f   minwave.obj
 0004:00002f86       ?Init@CMiniportWaveCyclicStreamHDA@@QAEJPAVCMiniportWaveCyclicHDA@@KEPATKSDATAFORMAT@@PAUIDmaChannelSlave@@@Z 00015426 f   minwave.obj
 0004:0000300c       ?SetNotificationFreq@CMiniportWaveCyclicStreamHDA@@UAGKKPAK@Z 000154ac f   minwave.obj
 0004:0000304c       ?SetFormat@CMiniportWaveCyclicStreamHDA@@UAGJPATKSDATAFORMAT@@@Z 000154ec f   minwave.obj
 0004:00003106       ?SetState@CMiniportWaveCyclicStreamHDA@@UAGJW4KSSTATE@@@Z 000155a6 f   minwave.obj
 0005:00000000       _DriverEntry@8             000157c0 f   adapter.obj
 0005:00000018       __IMPORT_DESCRIPTOR_ntoskrnl 000157d8     ntoskrnl:ntoskrnl.exe
 0005:0000002c       __IMPORT_DESCRIPTOR_HAL    000157ec     hal:HAL.dll
 0005:00000040       __IMPORT_DESCRIPTOR_portcls 00015800     portcls:portcls.sys
 0005:00000054       __NULL_IMPORT_DESCRIPTOR   00015814     ntoskrnl:ntoskrnl.exe

 entry point at        0005:00000000

 Static symbols

 0004:00001fd2       ?PropertyHandler_OnOff@@YGJPAU_PCPROPERTY_REQUEST@@@Z 00014472 f   mintopo.obj
 0004:00002170       ?PropertyHandler_SuperMixCaps@@YGJPAU_PCPROPERTY_REQUEST@@@Z 00014610 f   mintopo.obj
 0004:0000234a       ?PropertyHandler_SuperMixTable@@YGJPAU_PCPROPERTY_REQUEST@@@Z 000147ea f   mintopo.obj
 0004:00002666       ?PropertyHandler_CpuResources@@YGJPAU_PCPROPERTY_REQUEST@@@Z 00014b06 f   mintopo.obj
 0001:000007f0       ?PropertyHandler_Level@@YGJPAU_PCPROPERTY_REQUEST@@@Z 00010ad0 f   mintopo.obj
 0004:000026f2       ?BasicSupportHandler@@YGJPAU_PCPROPERTY_REQUEST@@@Z 00014b92 f   mintopo.obj

 150 bytes saved through ICF

