 HDA

 Timestamp is 699e564a (Tue Feb 24 17:54:18 2026)

 Preferred load address is 00010000

 Start         Length     Name                   Class
 0001:00000000 0000268aH .text                   CODE
 0002:00000000 000000b0H .idata$5                DATA
 0002:000000b0 00000618H .rdata                  DATA
 0003:00000000 00000d10H .data                   DATA
 0003:00000d10 00000016H .bss                    DATA
 0004:00000000 00002ec3H PAGE                    CODE
 0005:00000000 00000015H INIT                    CODE
 0005:00000018 0000003cH .idata$2                CODE
 0005:00000054 00000014H .idata$3                CODE
 0005:00000068 000000b0H .idata$4                CODE
 0005:00000118 0000039eH .idata$6                CODE
 0006:00000000 00000058H .rsrc$01                DATA
 0006:00000060 000003d8H .rsrc$02                DATA

  Address         Publics by Value              Rva+Base     Lib:Object

 0001:00000000       ?QueryInterface@CAdapterCommon@@UAGJABU_GUID@@PAPAX@Z 000102e0 f i common.obj
 0001:00000018       ?AddRef@CAdapterCommon@@UAGKXZ 000102f8 f i common.obj
 0001:00000028       ?Release@CAdapterCommon@@UAGKXZ 00010308 f i common.obj
 0001:00000038       ??_ECAdapterCommon@@UAEPAXI@Z 00010318 f i common.obj
 0001:00000038       ??_GCAdapterCommon@@UAEPAXI@Z 00010318 f i common.obj
 0001:00000058       ?hda_is_supported_sample_rate@CAdapterCommon@@UAGEK@Z 00010338 f   common.obj
 0001:000000a4       ?hda_send_verb@CAdapterCommon@@UAGKKKKK@Z 00010384 f   common.obj
 0001:00000208       ?ReadController@CAdapterCommon@@UAGEXZ 000104e8 f   common.obj
 0001:0000020e       ?WriteController@CAdapterCommon@@UAGEE@Z 000104ee f   common.obj
 0001:00000214       ?MixerRegWrite@CAdapterCommon@@UAGXEE@Z 000104f4 f   common.obj
 0001:00000260       ?MixerRegRead@CAdapterCommon@@UAGEE@Z 00010540 f   common.obj
 0001:0000027e       ?MixerReset@CAdapterCommon@@UAGXXZ 0001055e f   common.obj
 0001:0000028c       ?AcknowledgeIRQ@CAdapterCommon@@AAE?AW4_HDA_INTERRUPT_TYPE@@XZ 0001056c f   common.obj
 0001:000003a0       ?ResetController@CAdapterCommon@@UAGJXZ 00010680 f   common.obj
 0001:000003c8       ?RestoreMixerSettingsFromRegistry@CAdapterCommon@@UAGJXZ 000106a8 f   common.obj
 0001:00000526       ?SaveMixerSettingsToRegistry@CAdapterCommon@@UAGJXZ 00010806 f   common.obj
 0001:00000622       ?ProgramSampleRate@CAdapterCommon@@UAGJK@Z 00010902 f   common.obj
 0001:00000682       ?PowerChangeState@CAdapterCommon@@UAGXT_POWER_STATE@@@Z 00010962 f   common.obj
 0001:000006e0       ?QueryPowerChangeState@CAdapterCommon@@UAGJT_POWER_STATE@@@Z 000109c0 f   common.obj
 0001:000006e0       ?QueryDeviceCapabilities@CAdapterCommon@@UAGJPAU_DEVICE_CAPABILITIES@@@Z 000109c0 f   common.obj
 0001:000006e6       ?InterruptServiceRoutine@@YGJPAUIInterruptSync@@PAX@Z 000109c6 f   common.obj
 0001:0000071e       ?hda_stop_stream@CAdapterCommon@@UAGJXZ 000109fe f   common.obj
 0001:00000814       ?hda_start_sound@CAdapterCommon@@UAGXXZ 00010af4 f   common.obj
 0001:00000852       ?hda_stop_sound@CAdapterCommon@@UAGXXZ 00010b32 f   common.obj
 0001:00000898       ?hda_get_actual_stream_position@CAdapterCommon@@UAGKXZ 00010b78 f   common.obj
 0001:00000902       ?hda_set_volume@CAdapterCommon@@QAGXKE@Z 00010be2 f   common.obj
 0001:00000942       ?readUCHAR@CAdapterCommon@@QAGEG@Z 00010c22 f   common.obj
 0001:0000095a       ?writeUCHAR@CAdapterCommon@@QAGXGE@Z 00010c3a f   common.obj
 0001:00000976       ?readUSHORT@CAdapterCommon@@QAGGG@Z 00010c56 f   common.obj
 0001:0000098e       ?writeUSHORT@CAdapterCommon@@QAGXGG@Z 00010c6e f   common.obj
 0001:000009aa       ?readULONG@CAdapterCommon@@QAGKG@Z 00010c8a f   common.obj
 0001:000009c2       ?writeULONG@CAdapterCommon@@QAGXGK@Z 00010ca2 f   common.obj
 0001:000009de       ?hda_showtime@CAdapterCommon@@UAGJPAUIDmaChannel@@@Z 00010cbe f   common.obj
 0001:00000b18       ?ReadWriteConfigSpace@CAdapterCommon@@AAGJPAU_DEVICE_OBJECT@@KPAXKK@Z 00010df8 f   common.obj
 0001:00000bc0       ?WriteConfigSpaceByte@CAdapterCommon@@AAGJEEE@Z 00010ea0 f   common.obj
 0001:00000bf6       ?WriteConfigSpaceWord@CAdapterCommon@@AAGJEGG@Z 00010ed6 f   common.obj
 0001:00000c2c       ?QueryInterface@CAdapterCommon@@W3AGJABU_GUID@@PAPAX@Z 00010f0c f i common.obj
 0001:00000c36       ?AddRef@CAdapterCommon@@W3AGKXZ 00010f16 f i common.obj
 0001:00000c40       ?Release@CAdapterCommon@@W3AGKXZ 00010f20 f i common.obj
 0001:00000c4a       ??0HDA_Codec@@QAE@EEEPAUIAdapterCommon@@@Z 00010f2a f   codec.obj
 0001:00000c90       ??1HDA_Codec@@QAE@XZ       00010f70 f   codec.obj
 0001:00000cb4       ?InitializeCodec@HDA_Codec@@QAGJXZ 00010f94 f   codec.obj
 0001:00001126       ?hda_initialize_audio_function_group@HDA_Codec@@QAGJK@Z 00011406 f   codec.obj
 0001:000017dc       ?hda_get_node_type@HDA_Codec@@QAGEK@Z 00011abc f   codec.obj
 0001:000017fa       ?hda_get_node_connection_entries@HDA_Codec@@QAGKKK@Z 00011ada f   codec.obj
 0001:00001878       ?hda_enable_pin_output@HDA_Codec@@QAGXK@Z 00011b58 f   codec.obj
 0001:000018a4       ?hda_disable_pin_output@HDA_Codec@@QAGXK@Z 00011b84 f   codec.obj
 0001:000018d0       ?hda_is_headphone_connected@HDA_Codec@@QAGEXZ 00011bb0 f   codec.obj
 0001:00001902       ?hda_initialize_output_pin@HDA_Codec@@QAGXKAAUHDA_NODE_PATH@@@Z 00011be2 f   codec.obj
 0001:00001a0a       ?hda_initialize_audio_output@HDA_Codec@@QAGXKAAUHDA_NODE_PATH@@@Z 00011cea f   codec.obj
 0001:00001ad6       ?hda_initialize_audio_mixer@HDA_Codec@@QAGXKAAUHDA_NODE_PATH@@@Z 00011db6 f   codec.obj
 0001:00001b90       ?hda_initialize_audio_selector@HDA_Codec@@QAGXKAAUHDA_NODE_PATH@@@Z 00011e70 f   codec.obj
 0001:00001c68       ?ProgramSampleRate@HDA_Codec@@QAGJK@Z 00011f48 f   codec.obj
 0001:00001cf8       ?hda_check_headphone_connection_change@HDA_Codec@@QAGXXZ 00011fd8 f   codec.obj
 0001:00001d54       ?hda_is_supported_sample_rate@HDA_Codec@@QAGEK@Z 00012034 f   codec.obj
 0001:00001df2       ?hda_set_volume@HDA_Codec@@QAGXKE@Z 000120d2 f   codec.obj
 0001:00001e28       ?hda_set_node_gain@HDA_Codec@@QAGXKKKKE@Z 00012108 f   codec.obj
 0001:00001e90       ?hda_send_verb@HDA_Codec@@QAGJKKK@Z 00012170 f   codec.obj
 0001:00001eb0       ?hda_return_sound_data_format@CAdapterCommon@@QAGGKKK@Z 00012190 f   codec.obj
 0001:00001eb0       ?hda_return_sound_data_format@HDA_Codec@@QAGGKKK@Z 00012190 f   codec.obj
 0001:00001f72       ?AddRef@CMiniportTopologyHDA@@UAGKXZ 00012252 f i mintopo.obj
 0001:00001f72       ?AddRef@CMiniportWaveCyclicHDA@@UAGKXZ 00012252 f i mintopo.obj
 0001:00001f72       ?AddRef@CMiniportWaveCyclicStreamHDA@@UAGKXZ 00012252 f i mintopo.obj
 0001:00001f82       ?DataRangeIntersection@CMiniportTopologyHDA@@UAGJKPATKSDATAFORMAT@@0KPAXPAK@Z 00012262 f i mintopo.obj
 0001:00001f8a       ??_GCMiniportTopologyHDA@@UAEPAXI@Z 0001226a f i mintopo.obj
 0001:00001f8a       ??_ECMiniportTopologyHDA@@UAEPAXI@Z 0001226a f i mintopo.obj
 0001:00002388       ?ReadBitsFromMixer@CMiniportTopologyHDA@@AAEEEEE@Z 00012668 f   mintopo.obj
 0001:000023b0       ?WriteBitsToMixer@CMiniportTopologyHDA@@AAEXEEEE@Z 00012690 f   mintopo.obj
 0001:00002406       ?QueryInterface@CMiniportTopologyHDA@@UAGJABU_GUID@@PAPAX@Z 000126e6 f i minwave.obj
 0001:00002406       ?QueryInterface@CMiniportWaveCyclicHDA@@UAGJABU_GUID@@PAPAX@Z 000126e6 f i minwave.obj
 0001:00002406       ?QueryInterface@CMiniportWaveCyclicStreamHDA@@UAGJABU_GUID@@PAPAX@Z 000126e6 f i minwave.obj
 0001:0000241e       ??_ECMiniportWaveCyclicHDA@@UAEPAXI@Z 000126fe f i minwave.obj
 0001:0000241e       ??_GCMiniportWaveCyclicHDA@@UAEPAXI@Z 000126fe f i minwave.obj
 0001:0000243e       ?Release@CMiniportWaveCyclicHDA@@UAGKXZ 0001271e f i minwave.obj
 0001:0000243e       ?Release@CMiniportTopologyHDA@@UAGKXZ 0001271e f i minwave.obj
 0001:0000243e       ?Release@CMiniportWaveCyclicStreamHDA@@UAGKXZ 0001271e f i minwave.obj
 0001:0000244e       ??_GCMiniportWaveCyclicStreamHDA@@UAEPAXI@Z 0001272e f i minwave.obj
 0001:0000244e       ??_ECMiniportWaveCyclicStreamHDA@@UAEPAXI@Z 0001272e f i minwave.obj
 0001:0000246e       ?GetPosition@CMiniportWaveCyclicStreamHDA@@UAGJPAK@Z 0001274e f   minwave.obj
 0001:000024d0       ?NormalizePhysicalPosition@CMiniportWaveCyclicStreamHDA@@UAGJPA_J@Z 000127b0 f   minwave.obj
 0001:00002518       ?Silence@CMiniportWaveCyclicStreamHDA@@UAGXPAXK@Z 000127f8 f   minwave.obj
 0001:00002552       _DbgPrint                  00012832 f   ntoskrnl:ntoskrnl.exe
 0001:00002558       __alldiv                   00012838 f   ntoskrnl:ntoskrnl.exe
 0001:0000255e       __allmul                   0001283e f   ntoskrnl:ntoskrnl.exe
 0001:00002564       _PcInitializeAdapterDriver@12 00012844 f   portcls:portcls.sys
 0001:0000256a       _PcAddAdapterDevice@20     0001284a f   portcls:portcls.sys
 0001:00002570       _PcRegisterSubdevice@12    00012850 f   portcls:portcls.sys
 0001:00002576       _PcNewMiniport@8           00012856 f   portcls:portcls.sys
 0001:0000257c       _PcNewPort@8               0001285c f   portcls:portcls.sys
 0001:00002582       _PcRegisterPhysicalConnection@20 00012862 f   portcls:portcls.sys
 0001:00002588       _PcRegisterAdapterPowerManagement@8 00012868 f   portcls:portcls.sys
 0001:0000258e       _PcNewResourceSublist@20   0001286e f   portcls:portcls.sys
 0001:00002594       _PcNewInterruptSync@20     00012874 f   portcls:portcls.sys
 0001:0000259a       _PcNewRegistryKey@36       0001287a f   portcls:portcls.sys
 0001:000025a0       _PcNewServiceGroup@8       00012880 f   portcls:portcls.sys
 0001:000025a6       ??0CUnknown@@QAE@PAUIUnknown@@@Z 00012886 f   stdunk:stdunk.obj
 0001:000025c5       ??_ECUnknown@@UAEPAXI@Z    000128a5 f i stdunk:stdunk.obj
 0001:000025c5       ??_GCUnknown@@UAEPAXI@Z    000128a5 f i stdunk:stdunk.obj
 0001:000025e1       ??1CUnknown@@UAE@XZ        000128c1 f   stdunk:stdunk.obj
 0001:000025e8       ?NonDelegatingAddRef@CUnknown@@UAGKXZ 000128c8 f   stdunk:stdunk.obj
 0001:000025fe       ?NonDelegatingRelease@CUnknown@@UAGKXZ 000128de f   stdunk:stdunk.obj
 0001:0000262d       ?NonDelegatingQueryInterface@CUnknown@@UAGJABU_GUID@@PAPAX@Z 0001290d f   stdunk:stdunk.obj
 0002:00000000       __imp_@KfAcquireSpinLock@4 00012980     hal:HAL.dll
 0002:00000004       __imp_@KfReleaseSpinLock@8 00012984     hal:HAL.dll
 0002:00000008       __imp__KeStallExecutionProcessor@4 00012988     hal:HAL.dll
 0002:0000000c       \177HAL_NULL_THUNK_DATA    0001298c     hal:HAL.dll
 0002:00000010       __imp__IoGetDmaAdapter@12  00012990     ntoskrnl:ntoskrnl.exe
 0002:00000014       __imp__KeInitializeSpinLock@4 00012994     ntoskrnl:ntoskrnl.exe
 0002:00000018       __imp__MmUnmapIoSpace@8    00012998     ntoskrnl:ntoskrnl.exe
 0002:0000001c       __imp__RtlInitUnicodeString@8 0001299c     ntoskrnl:ntoskrnl.exe
 0002:00000020       __imp__READ_REGISTER_ULONG@4 000129a0     ntoskrnl:ntoskrnl.exe
 0002:00000024       __imp__WRITE_REGISTER_ULONG@8 000129a4     ntoskrnl:ntoskrnl.exe
 0002:00000028       __imp__READ_REGISTER_UCHAR@4 000129a8     ntoskrnl:ntoskrnl.exe
 0002:0000002c       __imp__WRITE_REGISTER_UCHAR@8 000129ac     ntoskrnl:ntoskrnl.exe
 0002:00000030       __imp__READ_REGISTER_USHORT@4 000129b0     ntoskrnl:ntoskrnl.exe
 0002:00000034       __imp__WRITE_REGISTER_USHORT@8 000129b4     ntoskrnl:ntoskrnl.exe
 0002:00000038       __imp__MmMapIoSpace@16     000129b8     ntoskrnl:ntoskrnl.exe
 0002:0000003c       __imp__DbgPrint            000129bc     ntoskrnl:ntoskrnl.exe
 0002:00000040       __imp_@IofCallDriver@8     000129c0     ntoskrnl:ntoskrnl.exe
 0002:00000044       __imp__IoBuildSynchronousFsdRequest@28 000129c4     ntoskrnl:ntoskrnl.exe
 0002:00000048       __imp__IoGetAttachedDeviceReference@4 000129c8     ntoskrnl:ntoskrnl.exe
 0002:0000004c       __imp__KeInitializeEvent@12 000129cc     ntoskrnl:ntoskrnl.exe
 0002:00000050       __imp__IoIsWdmVersionAvailable@8 000129d0     ntoskrnl:ntoskrnl.exe
 0002:00000054       __imp__KeInitializeMutex@8 000129d4     ntoskrnl:ntoskrnl.exe
 0002:00000058       __imp__ExFreePool@4        000129d8     ntoskrnl:ntoskrnl.exe
 0002:0000005c       __imp___alldiv             000129dc     ntoskrnl:ntoskrnl.exe
 0002:00000060       __imp___allmul             000129e0     ntoskrnl:ntoskrnl.exe
 0002:00000064       __imp__ExAllocatePoolWithTag@12 000129e4     ntoskrnl:ntoskrnl.exe
 0002:00000068       __imp__KeWaitForSingleObject@20 000129e8     ntoskrnl:ntoskrnl.exe
 0002:0000006c       __imp_@ObfDereferenceObject@4 000129ec     ntoskrnl:ntoskrnl.exe
 0002:00000070       __imp__KeReleaseMutex@8    000129f0     ntoskrnl:ntoskrnl.exe
 0002:00000074       __imp_@InterlockedDecrement@4 000129f4     ntoskrnl:ntoskrnl.exe
 0002:00000078       __imp_@InterlockedIncrement@4 000129f8     ntoskrnl:ntoskrnl.exe
 0002:0000007c       \177ntoskrnl_NULL_THUNK_DATA 000129fc     ntoskrnl:ntoskrnl.exe
 0002:00000080       __imp__PcInitializeAdapterDriver@12 00012a00     portcls:portcls.sys
 0002:00000084       __imp__PcNewMiniport@8     00012a04     portcls:portcls.sys
 0002:00000088       __imp__PcNewPort@8         00012a08     portcls:portcls.sys
 0002:0000008c       __imp__PcRegisterPhysicalConnection@20 00012a0c     portcls:portcls.sys
 0002:00000090       __imp__PcAddAdapterDevice@20 00012a10     portcls:portcls.sys
 0002:00000094       __imp__PcRegisterSubdevice@12 00012a14     portcls:portcls.sys
 0002:00000098       __imp__PcNewInterruptSync@20 00012a18     portcls:portcls.sys
 0002:0000009c       __imp__PcNewRegistryKey@36 00012a1c     portcls:portcls.sys
 0002:000000a0       __imp__PcNewServiceGroup@8 00012a20     portcls:portcls.sys
 0002:000000a4       __imp__PcRegisterAdapterPowerManagement@8 00012a24     portcls:portcls.sys
 0002:000000a8       __imp__PcNewResourceSublist@20 00012a28     portcls:portcls.sys
 0002:000000ac       \177portcls_NULL_THUNK_DATA 00012a2c     portcls:portcls.sys
 0002:00000108       _IID_IAdapterCommon        00012a88     adapter.obj
 0002:00000118       _CLSID_MiniportDriverFmSynth 00012a98     adapter.obj
 0002:00000128       _CLSID_PortWaveCyclic      00012aa8     adapter.obj
 0002:00000138       _CLSID_PortTopology        00012ab8     adapter.obj
 0002:00000148       _CLSID_PortMidi            00012ac8     adapter.obj
 0002:00000158       _IID_IAdapterPowerManagment 00012ad8     adapter.obj
 0002:00000168       _IID_IMiniportWaveCyclicStream 00012ae8     adapter.obj
 0002:00000178       _IID_IMiniportWaveCyclic   00012af8     adapter.obj
 0002:00000188       _IID_IPortWaveCyclic       00012b08     adapter.obj
 0002:00000198       _IID_IMiniportTopology     00012b18     adapter.obj
 0002:000001a8       _IID_IMiniport             00012b28     adapter.obj
 0002:000001b8       _IID_IUnknown              00012b38     adapter.obj
 0002:000001c8       ??_C@_1BE@FFBG@?$AAU?$AAs?$AAe?$AAD?$AAm?$AAa?$AAP?$AAo?$AAs?$AA?$AA@ 00012b48     common.obj
 0002:000001dc       ??_C@_1CA@DADJ@?$AAU?$AAs?$AAe?$AAD?$AAi?$AAs?$AAa?$AAb?$AAl?$AAe?$AAd?$AAP?$AAi?$AAn?$AAs?$AA?$AA@ 00012b5c     common.obj
 0002:000001fc       ??_C@_1BC@MBIB@?$AAU?$AAs?$AAe?$AAS?$AAP?$AAD?$AAI?$AAF?$AA?$AA@ 00012b7c     common.obj
 0002:00000210       ??_C@_1BE@ONOC@?$AAU?$AAs?$AAe?$AAA?$AAl?$AAt?$AAO?$AAu?$AAt?$AA?$AA@ 00012b90     common.obj
 0002:00000224       ??_C@_1BO@LMMA@?$AAS?$AAk?$AAi?$AAp?$AAC?$AAo?$AAd?$AAe?$AAc?$AAR?$AAe?$AAs?$AAe?$AAt?$AA?$AA@ 00012ba4     common.obj
 0002:00000244       ??_C@_1CI@JKGI@?$AAS?$AAk?$AAi?$AAp?$AAC?$AAo?$AAn?$AAt?$AAr?$AAo?$AAl?$AAl?$AAe?$AAr?$AAR?$AAe?$AAs?$AAe?$AAt?$AA?$AA@ 00012bc4     common.obj
 0002:0000026c       ??_C@_1BE@ENEK@?$AAR?$AAi?$AAg?$AAh?$AAt?$AAB?$AAa?$AAs?$AAs?$AA?$AA@ 00012bec     common.obj
 0002:00000280       ??_C@_1BC@JMJO@?$AAL?$AAe?$AAf?$AAt?$AAB?$AAa?$AAs?$AAs?$AA?$AA@ 00012c00     common.obj
 0002:00000294       ??_C@_1BI@KGAJ@?$AAR?$AAi?$AAg?$AAh?$AAt?$AAT?$AAr?$AAe?$AAb?$AAl?$AAe?$AA?$AA@ 00012c14     common.obj
 0002:000002ac       ??_C@_1BG@BGGD@?$AAL?$AAe?$AAf?$AAt?$AAT?$AAr?$AAe?$AAb?$AAl?$AAe?$AA?$AA@ 00012c2c     common.obj
 0002:000002c4       ??_C@_1O@IECC@?$AAM?$AAi?$AAc?$AAA?$AAG?$AAC?$AA?$AA@ 00012c44     common.obj
 0002:000002d4       ??_C@_1CA@EJHI@?$AAR?$AAi?$AAg?$AAh?$AAt?$AAO?$AAu?$AAt?$AAp?$AAu?$AAt?$AAG?$AAa?$AAi?$AAn?$AA?$AA@ 00012c54     common.obj
 0002:000002f4       ??_C@_1BO@PPLI@?$AAL?$AAe?$AAf?$AAt?$AAO?$AAu?$AAt?$AAp?$AAu?$AAt?$AAG?$AAa?$AAi?$AAn?$AA?$AA@ 00012c74     common.obj
 0002:00000314       ??_C@_1BO@PMCJ@?$AAR?$AAi?$AAg?$AAh?$AAt?$AAI?$AAn?$AAp?$AAu?$AAt?$AAG?$AAa?$AAi?$AAn?$AA?$AA@ 00012c94     common.obj
 0002:00000334       ??_C@_1BM@CFEM@?$AAL?$AAe?$AAf?$AAt?$AAI?$AAn?$AAp?$AAu?$AAt?$AAG?$AAa?$AAi?$AAn?$AA?$AA@ 00012cb4     common.obj
 0002:00000350       ??_C@_1CA@CIKM@?$AAR?$AAi?$AAg?$AAh?$AAt?$AAI?$AAn?$AAp?$AAu?$AAt?$AAM?$AAi?$AAx?$AAe?$AAr?$AA?$AA@ 00012cd0     common.obj
 0002:00000370       ??_C@_1BO@JOGM@?$AAL?$AAe?$AAf?$AAt?$AAI?$AAn?$AAp?$AAu?$AAt?$AAM?$AAi?$AAx?$AAe?$AAr?$AA?$AA@ 00012cf0     common.obj
 0002:00000390       ??_C@_1BI@BMOJ@?$AAO?$AAu?$AAt?$AAp?$AAu?$AAt?$AAM?$AAi?$AAx?$AAe?$AAr?$AA?$AA@ 00012d10     common.obj
 0002:000003a8       ??_C@_1BE@GLOL@?$AAP?$AAc?$AAS?$AAp?$AAk?$AAr?$AAV?$AAo?$AAl?$AA?$AA@ 00012d28     common.obj
 0002:000003bc       ??_C@_1O@MNBB@?$AAM?$AAi?$AAc?$AAV?$AAo?$AAl?$AA?$AA@ 00012d3c     common.obj
 0002:000003cc       ??_C@_1BO@HCKE@?$AAR?$AAi?$AAg?$AAh?$AAt?$AAL?$AAi?$AAn?$AAe?$AAI?$AAn?$AAV?$AAo?$AAl?$AA?$AA@ 00012d4c     common.obj
 0002:000003ec       ??_C@_1BM@KLMB@?$AAL?$AAe?$AAf?$AAt?$AAL?$AAi?$AAn?$AAe?$AAI?$AAn?$AAV?$AAo?$AAl?$AA?$AA@ 00012d6c     common.obj
 0002:00000408       ??_C@_1BG@COJL@?$AAR?$AAi?$AAg?$AAh?$AAt?$AAC?$AAD?$AAV?$AAo?$AAl?$AA?$AA@ 00012d88     common.obj
 0002:00000420       ??_C@_1BE@KMKA@?$AAL?$AAe?$AAf?$AAt?$AAC?$AAD?$AAV?$AAo?$AAl?$AA?$AA@ 00012da0     common.obj
 0002:00000434       ??_C@_1BK@JCIM@?$AAR?$AAi?$AAg?$AAh?$AAt?$AAM?$AAi?$AAd?$AAi?$AAV?$AAo?$AAl?$AA?$AA@ 00012db4     common.obj
 0002:00000450       ??_C@_1BI@KBIJ@?$AAL?$AAe?$AAf?$AAt?$AAM?$AAi?$AAd?$AAi?$AAV?$AAo?$AAl?$AA?$AA@ 00012dd0     common.obj
 0002:00000468       ??_C@_1BK@MFCG@?$AAR?$AAi?$AAg?$AAh?$AAt?$AAW?$AAa?$AAv?$AAe?$AAV?$AAo?$AAl?$AA?$AA@ 00012de8     common.obj
 0002:00000484       ??_C@_1BI@PGCD@?$AAL?$AAe?$AAf?$AAt?$AAW?$AAa?$AAv?$AAe?$AAV?$AAo?$AAl?$AA?$AA@ 00012e04     common.obj
 0002:0000049c       ??_C@_1BO@NHA@?$AAR?$AAi?$AAg?$AAh?$AAt?$AAM?$AAa?$AAs?$AAt?$AAe?$AAr?$AAV?$AAo?$AAl?$AA?$AA@ 00012e1c     common.obj
 0002:000004bc       ??_C@_1BM@NEBF@?$AAL?$AAe?$AAf?$AAt?$AAM?$AAa?$AAs?$AAt?$AAe?$AAr?$AAV?$AAo?$AAl?$AA?$AA@ 00012e3c     common.obj
 0002:000004d8       ??_7CAdapterCommon@@6BIAdapterPowerManagement@@@ 00012e58     common.obj
 0002:000004f0       ??_7CAdapterCommon@@6BIAdapterCommon@@@ 00012e70     common.obj
 0002:00000554       ??_7CAdapterCommon@@6BCUnknown@@@ 00012ed4     common.obj
 0002:00000630       ??_7CMiniportTopologyHDA@@6BIMiniportTopology@@@ 00012fb0     mintopo.obj
 0002:00000648       ??_7CMiniportTopologyHDA@@6BCUnknown@@@ 00012fc8     mintopo.obj
 0002:00000658       ??_7CMiniportWaveCyclicHDA@@6BIMiniportWaveCyclic@@@ 00012fd8     minwave.obj
 0002:00000674       ??_7CMiniportWaveCyclicHDA@@6BCUnknown@@@ 00012ff4     minwave.obj
 0002:00000684       ??_7CMiniportWaveCyclicStreamHDA@@6BIMiniportWaveCyclicStream@@@ 00013004     minwave.obj
 0002:000006a8       ??_7CMiniportWaveCyclicStreamHDA@@6BCUnknown@@@ 00013028     minwave.obj
 0002:000006b8       ??_7CUnknown@@6B@          00013038     stdunk:stdunk.obj
 0003:00000000       __GUID_b7902fe9_fb0a_11d1_81b0_0060083316c1 00013060     adapter.obj
 0003:00000010       __GUID_d3f0ce1c_fffc_11d1_81b0_0060083316c1 00013070     adapter.obj
 0003:00000020       __GUID_c096df9c_fb09_11d1_81b0_0060083316c1 00013080     adapter.obj
 0003:00000138       ?audBufSize@@3KA           00013198     common.obj
 0003:0000013c       ?BdlSize@@3KA              0001319c     common.obj
 0003:00000838       __GUID_185fedf6_9905_11d1_95a9_00c04fb925d3 00013898     mintopo.obj
 0003:00000848       __GUID_185fedef_9905_11d1_95a9_00c04fb925d3 000138a8     mintopo.obj
 0003:00000858       __GUID_185fede1_9905_11d1_95a9_00c04fb925d3 000138b8     mintopo.obj
 0003:00000868       __GUID_185fede0_9905_11d1_95a9_00c04fb925d3 000138c8     mintopo.obj
 0003:00000878       __GUID_7607e580_c557_11d0_8a2b_00a0c9255ac1 000138d8     mintopo.obj
 0003:00000888       __GUID_185fede3_9905_11d1_95a9_00c04fb925d3 000138e8     mintopo.obj
 0003:00000898       __GUID_da441a60_c556_11d0_8a2b_00a0c9255ac1 000138f8     mintopo.obj
 0003:000008a8       __GUID_185fedee_9905_11d1_95a9_00c04fb925d3 00013908     mintopo.obj
 0003:000008b8       __GUID_02b223c0_c557_11d0_8a2b_00a0c9255ac1 00013918     mintopo.obj
 0003:000008c8       __GUID_185feded_9905_11d1_95a9_00c04fb925d3 00013928     mintopo.obj
 0003:000008d8       __GUID_e88c9ba0_c557_11d0_8a2b_00a0c9255ac1 00013938     mintopo.obj
 0003:000008e8       __GUID_185fedec_9905_11d1_95a9_00c04fb925d3 00013948     mintopo.obj
 0003:000008f8       __GUID_185fedeb_9905_11d1_95a9_00c04fb925d3 00013958     mintopo.obj
 0003:00000908       __GUID_185fedea_9905_11d1_95a9_00c04fb925d3 00013968     mintopo.obj
 0003:00000918       __GUID_185fede9_9905_11d1_95a9_00c04fb925d3 00013978     mintopo.obj
 0003:00000928       __GUID_185fede8_9905_11d1_95a9_00c04fb925d3 00013988     mintopo.obj
 0003:00000938       __GUID_e573adc0_c555_11d0_8a2b_00a0c9255ac1 00013998     mintopo.obj
 0003:00000948       __GUID_185fede7_9905_11d1_95a9_00c04fb925d3 000139a8     mintopo.obj
 0003:00000958       __GUID_185fede5_9905_11d1_95a9_00c04fb925d3 000139b8     mintopo.obj
 0003:00000968       __GUID_3a5acc00_c557_11d0_8a2b_00a0c9255ac1 000139c8     mintopo.obj
 0003:00000978       __GUID_45ffaaa0_6e1b_11d0_bcf2_444553540000 000139d8     mintopo.obj
 0003:00000988       __GUID_6994ad04_93ef_11d0_a3cc_00a0c9223196 000139e8     mintopo.obj
 0003:00000998       __GUID_185fedf7_9905_11d1_95a9_00c04fb925d3 000139f8     mintopo.obj
 0003:000009a8       __GUID_dff21ce1_f70f_11d0_b917_00a0c9223196 00013a08     mintopo.obj
 0003:000009b8       __GUID_dff21be1_f70f_11d0_b917_00a0c9223196 00013a18     mintopo.obj
 0003:000009c8       __GUID_185fedf9_9905_11d1_95a9_00c04fb925d3 00013a28     mintopo.obj
 0003:000009d8       __GUID_dff21fe3_f70f_11d0_b917_00a0c9223196 00013a38     mintopo.obj
 0003:000009e8       __GUID_185fedfb_9905_11d1_95a9_00c04fb925d3 00013a48     mintopo.obj
 0003:000009f8       __GUID_dff220e3_f70f_11d0_b917_00a0c9223196 00013a58     mintopo.obj
 0003:00000a08       __GUID_185fedf8_9905_11d1_95a9_00c04fb925d3 00013a68     mintopo.obj
 0003:00000a18       __GUID_dff220f3_f70f_11d0_b917_00a0c9223196 00013a78     mintopo.obj
 0003:00000a28       __GUID_dff21fe4_f70f_11d0_b917_00a0c9223196 00013a88     mintopo.obj
 0003:00000a38       __GUID_97e99ba0_bdea_11cf_a5d6_28db04c10000 00013a98     mintopo.obj
 0003:00000c80       __GUID_507ae360_c554_11d0_8a2b_00a0c9255ac1 00013ce0     minwave.obj
 0003:00000c90       __GUID_4d837fe0_c555_11d0_8a2b_00a0c9255ac1 00013cf0     minwave.obj
 0003:00000ca0       __GUID_185fedfa_9905_11d1_95a9_00c04fb925d3 00013d00     minwave.obj
 0003:00000cb0       __GUID_fb6c4281_0353_11d1_905f_0000c0cc16ba 00013d10     minwave.obj
 0003:00000cc0       __GUID_05589f81_c356_11ce_bf01_00aa0055595a 00013d20     minwave.obj
 0003:00000cd0       __GUID_00000001_0000_0010_8000_00aa00389b71 00013d30     minwave.obj
 0003:00000ce0       __GUID_73647561_0000_0010_8000_00aa00389b71 00013d40     minwave.obj
 0003:00000cf0       __GUID_0f6417d6_c318_11d0_a43f_00a0c9223196 00013d50     minwave.obj
 0003:00000d00       __GUID_518590a2_a184_11d0_8522_00c04fd9baf3 00013d60     minwave.obj
 0003:00000d10       __GUID_00000000_0000_0000_0000_000000000000 00013d70     adapter.obj
 0004:00000000       _AddDevice@8               00013da0 f   adapter.obj
 0004:0000001a       ?InstallSubdevice@@YGJPAU_DEVICE_OBJECT@@PAU_IRP@@PAGABU_GUID@@3P6GJPAPAUIUnknown@@3PAU4@W4_POOL_TYPE@@@Z5PAUIResourceList@@344@Z 00013dba f   adapter.obj
 0004:00000120       ?StartDevice@@YGJPAU_DEVICE_OBJECT@@PAU_IRP@@PAUIResourceList@@@Z 00013ec0 f   adapter.obj
 0004:0000036e       ?AssignResources@@YGJPAUIResourceList@@PAPAU1@11111@Z 0001410e f   adapter.obj
 0004:000004fe       ?NewAdapterCommon@@YGJPAPAUIUnknown@@ABU_GUID@@PAU1@W4_POOL_TYPE@@@Z 0001429e f   common.obj
 0004:00000807       ?Init@CAdapterCommon@@UAGJPAUIResourceList@@PAU_DEVICE_OBJECT@@@Z 000145a7 f   common.obj
 0004:000010f4       ??1CAdapterCommon@@UAE@XZ  00014e94 f   common.obj
 0004:0000127c       ?NonDelegatingQueryInterface@CAdapterCommon@@UAGJABU_GUID@@PAPAX@Z 0001501c f   common.obj
 0004:0000133c       ?WavePortDriverDest@CAdapterCommon@@UAGPAPAUIUnknown@@XZ 000150dc f   common.obj
 0004:00001348       ?GetInterruptSync@CAdapterCommon@@UAGPAUIInterruptSync@@XZ 000150e8 f   common.obj
 0004:00001356       ?GetDeviceDescription@CAdapterCommon@@UAGPAU_DEVICE_DESCRIPTION@@XZ 000150f6 f   common.obj
 0004:00001360       ?MidiPortDriverDest@CAdapterCommon@@UAGPAPAUIUnknown@@XZ 00015100 f   common.obj
 0004:0000136c       ?SetWaveServiceGroup@CAdapterCommon@@UAGXPAUIServiceGroup@@@Z 0001510c f   common.obj
 0004:0000139c       ?InitHDAController@CAdapterCommon@@QAGJXZ 0001513c f   common.obj
 0004:000019c2       ?ReadRegistryBoolean@CAdapterCommon@@AAGEPBGE@Z 00015762 f   common.obj
 0004:00001a9e       ?CreateMiniportTopologyHDA@@YGJPAPAUIUnknown@@ABU_GUID@@PAU1@W4_POOL_TYPE@@@Z 0001583e f   mintopo.obj
 0004:00001afe       ?ProcessResources@CMiniportTopologyHDA@@AAEJPAUIResourceList@@@Z 0001589e f   mintopo.obj
 0004:00001b22       ?NonDelegatingQueryInterface@CMiniportTopologyHDA@@UAGJABU_GUID@@PAPAX@Z 000158c2 f   mintopo.obj
 0004:00001bd0       ??1CMiniportTopologyHDA@@UAE@XZ 00015970 f   mintopo.obj
 0004:00001c14       ?Init@CMiniportTopologyHDA@@UAGJPAUIUnknown@@PAUIResourceList@@PAUIPortTopology@@@Z 000159b4 f   mintopo.obj
 0004:00001c76       ?GetDescription@CMiniportTopologyHDA@@UAGJPAPAUPCFILTER_DESCRIPTOR@@@Z 00015a16 f   mintopo.obj
 0004:0000249a       ?CreateMiniportWaveCyclicHDA@@YGJPAPAUIUnknown@@ABU_GUID@@PAU1@W4_POOL_TYPE@@@Z 0001623a f   minwave.obj
 0004:000024fa       ?ProcessResources@CMiniportWaveCyclicHDA@@AAEJPAUIResourceList@@@Z 0001629a f   minwave.obj
 0004:000025fa       ?ValidateFormat@CMiniportWaveCyclicHDA@@AAEJPATKSDATAFORMAT@@@Z 0001639a f   minwave.obj
 0004:000026e4       ?NonDelegatingQueryInterface@CMiniportWaveCyclicHDA@@UAGJABU_GUID@@PAPAX@Z 00016484 f   minwave.obj
 0004:00002792       ??1CMiniportWaveCyclicHDA@@UAE@XZ 00016532 f   minwave.obj
 0004:000027e6       ?Init@CMiniportWaveCyclicHDA@@UAGJPAUIUnknown@@PAUIResourceList@@PAUIPortWaveCyclic@@@Z 00016586 f   minwave.obj
 0004:0000288e       ?GetDescription@CMiniportWaveCyclicHDA@@UAGJPAPAUPCFILTER_DESCRIPTOR@@@Z 0001662e f   minwave.obj
 0004:0000289e       ?DataRangeIntersection@CMiniportWaveCyclicHDA@@UAGJKPATKSDATAFORMAT@@0KPAXPAK@Z 0001663e f   minwave.obj
 0004:00002af4       ?NewStream@CMiniportWaveCyclicHDA@@UAGJPAPAUIMiniportWaveCyclicStream@@PAUIUnknown@@W4_POOL_TYPE@@KEPATKSDATAFORMAT@@PAPAUIDmaChannel@@PAPAUIServiceGroup@@@Z 00016894 f   minwave.obj
 0004:00002c34       ?NonDelegatingQueryInterface@CMiniportWaveCyclicStreamHDA@@UAGJABU_GUID@@PAPAX@Z 000169d4 f   minwave.obj
 0004:00002cbc       ??1CMiniportWaveCyclicStreamHDA@@UAE@XZ 00016a5c f   minwave.obj
 0004:00002d26       ?Init@CMiniportWaveCyclicStreamHDA@@QAEJPAVCMiniportWaveCyclicHDA@@KEPATKSDATAFORMAT@@PAUIDmaChannel@@@Z 00016ac6 f   minwave.obj
 0004:00002dac       ?SetNotificationFreq@CMiniportWaveCyclicStreamHDA@@UAGKKPAK@Z 00016b4c f   minwave.obj
 0004:00002dec       ?SetFormat@CMiniportWaveCyclicStreamHDA@@UAGJPATKSDATAFORMAT@@@Z 00016b8c f   minwave.obj
 0004:00002e78       ?SetState@CMiniportWaveCyclicStreamHDA@@UAGJW4KSSTATE@@@Z 00016c18 f   minwave.obj
 0005:00000000       _DriverEntry@8             00016c80 f   adapter.obj
 0005:00000018       __IMPORT_DESCRIPTOR_ntoskrnl 00016c98     ntoskrnl:ntoskrnl.exe
 0005:0000002c       __IMPORT_DESCRIPTOR_HAL    00016cac     hal:HAL.dll
 0005:00000040       __IMPORT_DESCRIPTOR_portcls 00016cc0     portcls:portcls.sys
 0005:00000054       __NULL_IMPORT_DESCRIPTOR   00016cd4     ntoskrnl:ntoskrnl.exe

 entry point at        0005:00000000

 Static symbols

 0004:00001c86       ?PropertyHandler_OnOff@@YGJPAU_PCPROPERTY_REQUEST@@@Z 00015a26 f   mintopo.obj
 0004:00001e24       ?PropertyHandler_SuperMixCaps@@YGJPAU_PCPROPERTY_REQUEST@@@Z 00015bc4 f   mintopo.obj
 0004:00001ffe       ?PropertyHandler_SuperMixTable@@YGJPAU_PCPROPERTY_REQUEST@@@Z 00015d9e f   mintopo.obj
 0004:0000231a       ?PropertyHandler_CpuResources@@YGJPAU_PCPROPERTY_REQUEST@@@Z 000160ba f   mintopo.obj
 0001:00001faa       ?PropertyHandler_Level@@YGJPAU_PCPROPERTY_REQUEST@@@Z 0001228a f   mintopo.obj
 0004:000023a6       ?BasicSupportHandler@@YGJPAU_PCPROPERTY_REQUEST@@@Z 00016146 f   mintopo.obj

 309 bytes saved through ICF

