 HDA

 Timestamp is 693e097d (Sat Dec 13 16:49:01 2025)

 Preferred load address is 00010000

 Start         Length     Name                   Class
 0001:00000000 0000141cH .text                   CODE
 0002:00000000 000000acH .idata$5                DATA
 0002:000000b0 00000568H .rdata                  DATA
 0003:00000000 00000cc8H .data                   DATA
 0003:00000cc8 00000010H .bss                    DATA
 0004:00000000 000037e5H PAGE                    CODE
 0005:00000000 00000015H INIT                    CODE
 0005:00000018 0000003cH .idata$2                CODE
 0005:00000054 00000014H .idata$3                CODE
 0005:00000068 000000acH .idata$4                CODE
 0005:00000114 00000384H .idata$6                CODE
 0006:00000000 00000058H .rsrc$01                DATA
 0006:00000060 00000338H .rsrc$02                DATA

  Address         Publics by Value              Rva+Base     Lib:Object

 0001:00000000       ?QueryInterface@CAdapterCommon@@UAGJABU_GUID@@PAPAX@Z 000102e0 f i common.obj
 0001:00000018       ?AddRef@CAdapterCommon@@UAGKXZ 000102f8 f i common.obj
 0001:00000028       ?Release@CAdapterCommon@@UAGKXZ 00010308 f i common.obj
 0001:00000038       ??_GCAdapterCommon@@UAEPAXI@Z 00010318 f i common.obj
 0001:00000038       ??_ECAdapterCommon@@UAEPAXI@Z 00010318 f i common.obj
 0001:00000058       ?hda_check_headphone_connection_change@CAdapterCommon@@QAGXXZ 00010338 f   common.obj
 0001:000000ce       ?hda_is_supported_sample_rate@CAdapterCommon@@QAGEK@Z 000103ae f   common.obj
 0001:00000154       ?hda_send_verb@CAdapterCommon@@QAGKKKKK@Z 00010434 f   common.obj
 0001:000002b8       ?ReadController@CAdapterCommon@@UAGEXZ 00010598 f   common.obj
 0001:000002be       ?WriteController@CAdapterCommon@@UAGEE@Z 0001059e f   common.obj
 0001:000002c4       ?MixerRegWrite@CAdapterCommon@@UAGXEE@Z 000105a4 f   common.obj
 0001:0000030c       ?MixerRegRead@CAdapterCommon@@UAGEE@Z 000105ec f   common.obj
 0001:0000032a       ?MixerReset@CAdapterCommon@@UAGXXZ 0001060a f   common.obj
 0001:00000338       ?AcknowledgeIRQ@CAdapterCommon@@AAE?AW4_HDA_INTERRUPT_TYPE@@XZ 00010618 f   common.obj
 0001:000003b8       ?ResetController@CAdapterCommon@@UAGJXZ 00010698 f   common.obj
 0001:000003d8       ?RestoreMixerSettingsFromRegistry@CAdapterCommon@@UAGJXZ 000106b8 f   common.obj
 0001:00000536       ?SaveMixerSettingsToRegistry@CAdapterCommon@@UAGJXZ 00010816 f   common.obj
 0001:00000632       ?ProgramSampleRate@CAdapterCommon@@UAGJK@Z 00010912 f   common.obj
 0001:000006c8       ?PowerChangeState@CAdapterCommon@@UAGXT_POWER_STATE@@@Z 000109a8 f   common.obj
 0001:00000726       ?QueryPowerChangeState@CAdapterCommon@@UAGJT_POWER_STATE@@@Z 00010a06 f   common.obj
 0001:00000726       ?QueryDeviceCapabilities@CAdapterCommon@@UAGJPAU_DEVICE_CAPABILITIES@@@Z 00010a06 f   common.obj
 0001:0000072c       ?InterruptServiceRoutine@@YGJPAUIInterruptSync@@PAX@Z 00010a0c f   common.obj
 0001:00000764       ?hda_stop_stream@CAdapterCommon@@UAGJXZ 00010a44 f   common.obj
 0001:0000085a       ?hda_start_sound@CAdapterCommon@@UAGXXZ 00010b3a f   common.obj
 0001:00000882       ?hda_stop_sound@CAdapterCommon@@UAGXXZ 00010b62 f   common.obj
 0001:000008c8       ?hda_get_actual_stream_position@CAdapterCommon@@UAGKXZ 00010ba8 f   common.obj
 0001:000008de       ?hda_set_volume@CAdapterCommon@@QAGXKE@Z 00010bbe f   common.obj
 0001:00000934       ?readUCHAR@CAdapterCommon@@QAGEG@Z 00010c14 f   common.obj
 0001:0000094c       ?writeUCHAR@CAdapterCommon@@QAGXGE@Z 00010c2c f   common.obj
 0001:00000968       ?readUSHORT@CAdapterCommon@@QAGGG@Z 00010c48 f   common.obj
 0001:00000980       ?writeUSHORT@CAdapterCommon@@QAGXGG@Z 00010c60 f   common.obj
 0001:0000099c       ?readULONG@CAdapterCommon@@QAGKG@Z 00010c7c f   common.obj
 0001:000009b4       ?writeULONG@CAdapterCommon@@QAGXGK@Z 00010c94 f   common.obj
 0001:000009d0       ?hda_showtime@CAdapterCommon@@UAGJPAUIDmaChannel@@@Z 00010cb0 f   common.obj
 0001:00000b10       ?hda_return_sound_data_format@CAdapterCommon@@QAGGKKK@Z 00010df0 f   common.obj
 0001:00000bd2       ?ReadWriteConfigSpace@CAdapterCommon@@AAGJPAU_DEVICE_OBJECT@@KPAXKK@Z 00010eb2 f   common.obj
 0001:00000c7a       ?WriteConfigSpaceByte@CAdapterCommon@@AAGJEEE@Z 00010f5a f   common.obj
 0001:00000cb0       ?WriteConfigSpaceWord@CAdapterCommon@@AAGJEGG@Z 00010f90 f   common.obj
 0001:00000ce6       ?QueryInterface@CAdapterCommon@@W3AGJABU_GUID@@PAPAX@Z 00010fc6 f i common.obj
 0001:00000cf0       ?AddRef@CAdapterCommon@@W3AGKXZ 00010fd0 f i common.obj
 0001:00000cfa       ?Release@CAdapterCommon@@W3AGKXZ 00010fda f i common.obj
 0001:00000d04       ?AddRef@CMiniportWaveCyclicHDA@@UAGKXZ 00010fe4 f i mintopo.obj
 0001:00000d04       ?AddRef@CMiniportWaveCyclicStreamHDA@@UAGKXZ 00010fe4 f i mintopo.obj
 0001:00000d04       ?AddRef@CMiniportTopologyHDA@@UAGKXZ 00010fe4 f i mintopo.obj
 0001:00000d14       ?Release@CMiniportWaveCyclicHDA@@UAGKXZ 00010ff4 f i mintopo.obj
 0001:00000d14       ?Release@CMiniportWaveCyclicStreamHDA@@UAGKXZ 00010ff4 f i mintopo.obj
 0001:00000d14       ?Release@CMiniportTopologyHDA@@UAGKXZ 00010ff4 f i mintopo.obj
 0001:00000d24       ?DataRangeIntersection@CMiniportTopologyHDA@@UAGJKPATKSDATAFORMAT@@0KPAXPAK@Z 00011004 f i mintopo.obj
 0001:00000d2c       ??_ECMiniportTopologyHDA@@UAEPAXI@Z 0001100c f i mintopo.obj
 0001:00000d2c       ??_GCMiniportTopologyHDA@@UAEPAXI@Z 0001100c f i mintopo.obj
 0001:0000112a       ?ReadBitsFromMixer@CMiniportTopologyHDA@@AAEEEEE@Z 0001140a f   mintopo.obj
 0001:00001152       ?WriteBitsToMixer@CMiniportTopologyHDA@@AAEXEEEE@Z 00011432 f   mintopo.obj
 0001:000011a8       ??_GCMiniportWaveCyclicHDA@@UAEPAXI@Z 00011488 f i minwave.obj
 0001:000011a8       ??_ECMiniportWaveCyclicHDA@@UAEPAXI@Z 00011488 f i minwave.obj
 0001:000011c8       ?QueryInterface@CMiniportTopologyHDA@@UAGJABU_GUID@@PAPAX@Z 000114a8 f i minwave.obj
 0001:000011c8       ?QueryInterface@CMiniportWaveCyclicStreamHDA@@UAGJABU_GUID@@PAPAX@Z 000114a8 f i minwave.obj
 0001:000011c8       ?QueryInterface@CMiniportWaveCyclicHDA@@UAGJABU_GUID@@PAPAX@Z 000114a8 f i minwave.obj
 0001:000011e0       ??_ECMiniportWaveCyclicStreamHDA@@UAEPAXI@Z 000114c0 f i minwave.obj
 0001:000011e0       ??_GCMiniportWaveCyclicStreamHDA@@UAEPAXI@Z 000114c0 f i minwave.obj
 0001:00001200       ?GetPosition@CMiniportWaveCyclicStreamHDA@@UAGJPAK@Z 000114e0 f   minwave.obj
 0001:00001262       ?NormalizePhysicalPosition@CMiniportWaveCyclicStreamHDA@@UAGJPA_J@Z 00011542 f   minwave.obj
 0001:000012aa       ?Silence@CMiniportWaveCyclicStreamHDA@@UAGXPAXK@Z 0001158a f   minwave.obj
 0001:000012e4       _DbgPrint                  000115c4 f   ntoskrnl:ntoskrnl.exe
 0001:000012ea       __alldiv                   000115ca f   ntoskrnl:ntoskrnl.exe
 0001:000012f0       __allmul                   000115d0 f   ntoskrnl:ntoskrnl.exe
 0001:000012f6       _PcInitializeAdapterDriver@12 000115d6 f   portcls:portcls.sys
 0001:000012fc       _PcAddAdapterDevice@20     000115dc f   portcls:portcls.sys
 0001:00001302       _PcRegisterSubdevice@12    000115e2 f   portcls:portcls.sys
 0001:00001308       _PcNewMiniport@8           000115e8 f   portcls:portcls.sys
 0001:0000130e       _PcNewPort@8               000115ee f   portcls:portcls.sys
 0001:00001314       _PcRegisterPhysicalConnection@20 000115f4 f   portcls:portcls.sys
 0001:0000131a       _PcRegisterAdapterPowerManagement@8 000115fa f   portcls:portcls.sys
 0001:00001320       _PcNewResourceSublist@20   00011600 f   portcls:portcls.sys
 0001:00001326       _PcNewInterruptSync@20     00011606 f   portcls:portcls.sys
 0001:0000132c       _PcNewRegistryKey@36       0001160c f   portcls:portcls.sys
 0001:00001332       _PcNewServiceGroup@8       00011612 f   portcls:portcls.sys
 0001:00001338       ??0CUnknown@@QAE@PAUIUnknown@@@Z 00011618 f   stdunk:stdunk.obj
 0001:00001357       ??_GCUnknown@@UAEPAXI@Z    00011637 f i stdunk:stdunk.obj
 0001:00001357       ??_ECUnknown@@UAEPAXI@Z    00011637 f i stdunk:stdunk.obj
 0001:00001373       ??1CUnknown@@UAE@XZ        00011653 f   stdunk:stdunk.obj
 0001:0000137a       ?NonDelegatingAddRef@CUnknown@@UAGKXZ 0001165a f   stdunk:stdunk.obj
 0001:00001390       ?NonDelegatingRelease@CUnknown@@UAGKXZ 00011670 f   stdunk:stdunk.obj
 0001:000013bf       ?NonDelegatingQueryInterface@CUnknown@@UAGJABU_GUID@@PAPAX@Z 0001169f f   stdunk:stdunk.obj
 0002:00000000       __imp_@KfAcquireSpinLock@4 00011700     hal:HAL.dll
 0002:00000004       __imp_@KfReleaseSpinLock@8 00011704     hal:HAL.dll
 0002:00000008       __imp__KeStallExecutionProcessor@4 00011708     hal:HAL.dll
 0002:0000000c       \177HAL_NULL_THUNK_DATA    0001170c     hal:HAL.dll
 0002:00000010       __imp__KeInitializeSpinLock@4 00011710     ntoskrnl:ntoskrnl.exe
 0002:00000014       __imp__MmUnmapIoSpace@8    00011714     ntoskrnl:ntoskrnl.exe
 0002:00000018       __imp__READ_REGISTER_ULONG@4 00011718     ntoskrnl:ntoskrnl.exe
 0002:0000001c       __imp__DbgPrint            0001171c     ntoskrnl:ntoskrnl.exe
 0002:00000020       __imp__WRITE_REGISTER_ULONG@8 00011720     ntoskrnl:ntoskrnl.exe
 0002:00000024       __imp__RtlInitUnicodeString@8 00011724     ntoskrnl:ntoskrnl.exe
 0002:00000028       __imp__READ_REGISTER_UCHAR@4 00011728     ntoskrnl:ntoskrnl.exe
 0002:0000002c       __imp__WRITE_REGISTER_UCHAR@8 0001172c     ntoskrnl:ntoskrnl.exe
 0002:00000030       __imp__READ_REGISTER_USHORT@4 00011730     ntoskrnl:ntoskrnl.exe
 0002:00000034       __imp__ExAllocatePoolWithTag@12 00011734     ntoskrnl:ntoskrnl.exe
 0002:00000038       __imp__MmMapIoSpace@16     00011738     ntoskrnl:ntoskrnl.exe
 0002:0000003c       __imp__KeWaitForSingleObject@20 0001173c     ntoskrnl:ntoskrnl.exe
 0002:00000040       __imp_@IofCallDriver@8     00011740     ntoskrnl:ntoskrnl.exe
 0002:00000044       __imp__IoBuildSynchronousFsdRequest@28 00011744     ntoskrnl:ntoskrnl.exe
 0002:00000048       __imp__IoGetAttachedDeviceReference@4 00011748     ntoskrnl:ntoskrnl.exe
 0002:0000004c       __imp__KeInitializeEvent@12 0001174c     ntoskrnl:ntoskrnl.exe
 0002:00000050       __imp__KeInitializeMutex@8 00011750     ntoskrnl:ntoskrnl.exe
 0002:00000054       __imp__ExFreePool@4        00011754     ntoskrnl:ntoskrnl.exe
 0002:00000058       __imp___alldiv             00011758     ntoskrnl:ntoskrnl.exe
 0002:0000005c       __imp___allmul             0001175c     ntoskrnl:ntoskrnl.exe
 0002:00000060       __imp__IoGetDmaAdapter@12  00011760     ntoskrnl:ntoskrnl.exe
 0002:00000064       __imp__WRITE_REGISTER_USHORT@8 00011764     ntoskrnl:ntoskrnl.exe
 0002:00000068       __imp_@ObfDereferenceObject@4 00011768     ntoskrnl:ntoskrnl.exe
 0002:0000006c       __imp__KeReleaseMutex@8    0001176c     ntoskrnl:ntoskrnl.exe
 0002:00000070       __imp_@InterlockedDecrement@4 00011770     ntoskrnl:ntoskrnl.exe
 0002:00000074       __imp_@InterlockedIncrement@4 00011774     ntoskrnl:ntoskrnl.exe
 0002:00000078       \177ntoskrnl_NULL_THUNK_DATA 00011778     ntoskrnl:ntoskrnl.exe
 0002:0000007c       __imp__PcInitializeAdapterDriver@12 0001177c     portcls:portcls.sys
 0002:00000080       __imp__PcNewMiniport@8     00011780     portcls:portcls.sys
 0002:00000084       __imp__PcNewPort@8         00011784     portcls:portcls.sys
 0002:00000088       __imp__PcRegisterPhysicalConnection@20 00011788     portcls:portcls.sys
 0002:0000008c       __imp__PcAddAdapterDevice@20 0001178c     portcls:portcls.sys
 0002:00000090       __imp__PcRegisterSubdevice@12 00011790     portcls:portcls.sys
 0002:00000094       __imp__PcNewInterruptSync@20 00011794     portcls:portcls.sys
 0002:00000098       __imp__PcNewRegistryKey@36 00011798     portcls:portcls.sys
 0002:0000009c       __imp__PcNewServiceGroup@8 0001179c     portcls:portcls.sys
 0002:000000a0       __imp__PcRegisterAdapterPowerManagement@8 000117a0     portcls:portcls.sys
 0002:000000a4       __imp__PcNewResourceSublist@20 000117a4     portcls:portcls.sys
 0002:000000a8       \177portcls_NULL_THUNK_DATA 000117a8     portcls:portcls.sys
 0002:00000108       _IID_IAdapterCommon        00011808     adapter.obj
 0002:00000118       _CLSID_MiniportDriverFmSynth 00011818     adapter.obj
 0002:00000128       _CLSID_PortWaveCyclic      00011828     adapter.obj
 0002:00000138       _CLSID_PortTopology        00011838     adapter.obj
 0002:00000148       _CLSID_PortMidi            00011848     adapter.obj
 0002:00000158       _IID_IAdapterPowerManagment 00011858     adapter.obj
 0002:00000168       _IID_IMiniportWaveCyclicStream 00011868     adapter.obj
 0002:00000178       _IID_IMiniportWaveCyclic   00011878     adapter.obj
 0002:00000188       _IID_IPortWaveCyclic       00011888     adapter.obj
 0002:00000198       _IID_IMiniportTopology     00011898     adapter.obj
 0002:000001a8       _IID_IMiniport             000118a8     adapter.obj
 0002:000001b8       _IID_IUnknown              000118b8     adapter.obj
 0002:000001c8       ??_C@_1BE@ENEK@?$AAR?$AAi?$AAg?$AAh?$AAt?$AAB?$AAa?$AAs?$AAs?$AA?$AA@ 000118c8     common.obj
 0002:000001dc       ??_C@_1BC@JMJO@?$AAL?$AAe?$AAf?$AAt?$AAB?$AAa?$AAs?$AAs?$AA?$AA@ 000118dc     common.obj
 0002:000001f0       ??_C@_1BI@KGAJ@?$AAR?$AAi?$AAg?$AAh?$AAt?$AAT?$AAr?$AAe?$AAb?$AAl?$AAe?$AA?$AA@ 000118f0     common.obj
 0002:00000208       ??_C@_1BG@BGGD@?$AAL?$AAe?$AAf?$AAt?$AAT?$AAr?$AAe?$AAb?$AAl?$AAe?$AA?$AA@ 00011908     common.obj
 0002:00000220       ??_C@_1O@IECC@?$AAM?$AAi?$AAc?$AAA?$AAG?$AAC?$AA?$AA@ 00011920     common.obj
 0002:00000230       ??_C@_1CA@EJHI@?$AAR?$AAi?$AAg?$AAh?$AAt?$AAO?$AAu?$AAt?$AAp?$AAu?$AAt?$AAG?$AAa?$AAi?$AAn?$AA?$AA@ 00011930     common.obj
 0002:00000250       ??_C@_1BO@PPLI@?$AAL?$AAe?$AAf?$AAt?$AAO?$AAu?$AAt?$AAp?$AAu?$AAt?$AAG?$AAa?$AAi?$AAn?$AA?$AA@ 00011950     common.obj
 0002:00000270       ??_C@_1BO@PMCJ@?$AAR?$AAi?$AAg?$AAh?$AAt?$AAI?$AAn?$AAp?$AAu?$AAt?$AAG?$AAa?$AAi?$AAn?$AA?$AA@ 00011970     common.obj
 0002:00000290       ??_C@_1BM@CFEM@?$AAL?$AAe?$AAf?$AAt?$AAI?$AAn?$AAp?$AAu?$AAt?$AAG?$AAa?$AAi?$AAn?$AA?$AA@ 00011990     common.obj
 0002:000002ac       ??_C@_1CA@CIKM@?$AAR?$AAi?$AAg?$AAh?$AAt?$AAI?$AAn?$AAp?$AAu?$AAt?$AAM?$AAi?$AAx?$AAe?$AAr?$AA?$AA@ 000119ac     common.obj
 0002:000002cc       ??_C@_1BO@JOGM@?$AAL?$AAe?$AAf?$AAt?$AAI?$AAn?$AAp?$AAu?$AAt?$AAM?$AAi?$AAx?$AAe?$AAr?$AA?$AA@ 000119cc     common.obj
 0002:000002ec       ??_C@_1BI@BMOJ@?$AAO?$AAu?$AAt?$AAp?$AAu?$AAt?$AAM?$AAi?$AAx?$AAe?$AAr?$AA?$AA@ 000119ec     common.obj
 0002:00000304       ??_C@_1BE@GLOL@?$AAP?$AAc?$AAS?$AAp?$AAk?$AAr?$AAV?$AAo?$AAl?$AA?$AA@ 00011a04     common.obj
 0002:00000318       ??_C@_1O@MNBB@?$AAM?$AAi?$AAc?$AAV?$AAo?$AAl?$AA?$AA@ 00011a18     common.obj
 0002:00000328       ??_C@_1BO@HCKE@?$AAR?$AAi?$AAg?$AAh?$AAt?$AAL?$AAi?$AAn?$AAe?$AAI?$AAn?$AAV?$AAo?$AAl?$AA?$AA@ 00011a28     common.obj
 0002:00000348       ??_C@_1BM@KLMB@?$AAL?$AAe?$AAf?$AAt?$AAL?$AAi?$AAn?$AAe?$AAI?$AAn?$AAV?$AAo?$AAl?$AA?$AA@ 00011a48     common.obj
 0002:00000364       ??_C@_1BG@COJL@?$AAR?$AAi?$AAg?$AAh?$AAt?$AAC?$AAD?$AAV?$AAo?$AAl?$AA?$AA@ 00011a64     common.obj
 0002:0000037c       ??_C@_1BE@KMKA@?$AAL?$AAe?$AAf?$AAt?$AAC?$AAD?$AAV?$AAo?$AAl?$AA?$AA@ 00011a7c     common.obj
 0002:00000390       ??_C@_1BK@JCIM@?$AAR?$AAi?$AAg?$AAh?$AAt?$AAM?$AAi?$AAd?$AAi?$AAV?$AAo?$AAl?$AA?$AA@ 00011a90     common.obj
 0002:000003ac       ??_C@_1BI@KBIJ@?$AAL?$AAe?$AAf?$AAt?$AAM?$AAi?$AAd?$AAi?$AAV?$AAo?$AAl?$AA?$AA@ 00011aac     common.obj
 0002:000003c4       ??_C@_1BK@MFCG@?$AAR?$AAi?$AAg?$AAh?$AAt?$AAW?$AAa?$AAv?$AAe?$AAV?$AAo?$AAl?$AA?$AA@ 00011ac4     common.obj
 0002:000003e0       ??_C@_1BI@PGCD@?$AAL?$AAe?$AAf?$AAt?$AAW?$AAa?$AAv?$AAe?$AAV?$AAo?$AAl?$AA?$AA@ 00011ae0     common.obj
 0002:000003f8       ??_C@_1BO@NHA@?$AAR?$AAi?$AAg?$AAh?$AAt?$AAM?$AAa?$AAs?$AAt?$AAe?$AAr?$AAV?$AAo?$AAl?$AA?$AA@ 00011af8     common.obj
 0002:00000418       ??_C@_1BM@NEBF@?$AAL?$AAe?$AAf?$AAt?$AAM?$AAa?$AAs?$AAt?$AAe?$AAr?$AAV?$AAo?$AAl?$AA?$AA@ 00011b18     common.obj
 0002:00000434       ??_7CAdapterCommon@@6BIAdapterPowerManagement@@@ 00011b34     common.obj
 0002:0000044c       ??_7CAdapterCommon@@6BIAdapterCommon@@@ 00011b4c     common.obj
 0002:000004a4       ??_7CAdapterCommon@@6BCUnknown@@@ 00011ba4     common.obj
 0002:00000580       ??_7CMiniportTopologyHDA@@6BIMiniportTopology@@@ 00011c80     mintopo.obj
 0002:00000598       ??_7CMiniportTopologyHDA@@6BCUnknown@@@ 00011c98     mintopo.obj
 0002:000005a8       ??_7CMiniportWaveCyclicHDA@@6BIMiniportWaveCyclic@@@ 00011ca8     minwave.obj
 0002:000005c4       ??_7CMiniportWaveCyclicHDA@@6BCUnknown@@@ 00011cc4     minwave.obj
 0002:000005d4       ??_7CMiniportWaveCyclicStreamHDA@@6BIMiniportWaveCyclicStream@@@ 00011cd4     minwave.obj
 0002:000005f8       ??_7CMiniportWaveCyclicStreamHDA@@6BCUnknown@@@ 00011cf8     minwave.obj
 0002:00000608       ??_7CUnknown@@6B@          00011d08     stdunk:stdunk.obj
 0003:00000000       __GUID_b7902fe9_fb0a_11d1_81b0_0060083316c1 00011d20     adapter.obj
 0003:00000010       __GUID_d3f0ce1c_fffc_11d1_81b0_0060083316c1 00011d30     adapter.obj
 0003:00000020       __GUID_c096df9c_fb09_11d1_81b0_0060083316c1 00011d40     adapter.obj
 0003:000000f0       ?audBufSize@@3KA           00011e10     common.obj
 0003:000000f4       ?BdlSize@@3KA              00011e14     common.obj
 0003:000007f0       __GUID_185fedf6_9905_11d1_95a9_00c04fb925d3 00012510     mintopo.obj
 0003:00000800       __GUID_185fedef_9905_11d1_95a9_00c04fb925d3 00012520     mintopo.obj
 0003:00000810       __GUID_185fede1_9905_11d1_95a9_00c04fb925d3 00012530     mintopo.obj
 0003:00000820       __GUID_185fede0_9905_11d1_95a9_00c04fb925d3 00012540     mintopo.obj
 0003:00000830       __GUID_7607e580_c557_11d0_8a2b_00a0c9255ac1 00012550     mintopo.obj
 0003:00000840       __GUID_185fede3_9905_11d1_95a9_00c04fb925d3 00012560     mintopo.obj
 0003:00000850       __GUID_da441a60_c556_11d0_8a2b_00a0c9255ac1 00012570     mintopo.obj
 0003:00000860       __GUID_185fedee_9905_11d1_95a9_00c04fb925d3 00012580     mintopo.obj
 0003:00000870       __GUID_02b223c0_c557_11d0_8a2b_00a0c9255ac1 00012590     mintopo.obj
 0003:00000880       __GUID_185feded_9905_11d1_95a9_00c04fb925d3 000125a0     mintopo.obj
 0003:00000890       __GUID_e88c9ba0_c557_11d0_8a2b_00a0c9255ac1 000125b0     mintopo.obj
 0003:000008a0       __GUID_185fedec_9905_11d1_95a9_00c04fb925d3 000125c0     mintopo.obj
 0003:000008b0       __GUID_185fedeb_9905_11d1_95a9_00c04fb925d3 000125d0     mintopo.obj
 0003:000008c0       __GUID_185fedea_9905_11d1_95a9_00c04fb925d3 000125e0     mintopo.obj
 0003:000008d0       __GUID_185fede9_9905_11d1_95a9_00c04fb925d3 000125f0     mintopo.obj
 0003:000008e0       __GUID_185fede8_9905_11d1_95a9_00c04fb925d3 00012600     mintopo.obj
 0003:000008f0       __GUID_e573adc0_c555_11d0_8a2b_00a0c9255ac1 00012610     mintopo.obj
 0003:00000900       __GUID_185fede7_9905_11d1_95a9_00c04fb925d3 00012620     mintopo.obj
 0003:00000910       __GUID_185fede5_9905_11d1_95a9_00c04fb925d3 00012630     mintopo.obj
 0003:00000920       __GUID_3a5acc00_c557_11d0_8a2b_00a0c9255ac1 00012640     mintopo.obj
 0003:00000930       __GUID_45ffaaa0_6e1b_11d0_bcf2_444553540000 00012650     mintopo.obj
 0003:00000940       __GUID_6994ad04_93ef_11d0_a3cc_00a0c9223196 00012660     mintopo.obj
 0003:00000950       __GUID_185fedf7_9905_11d1_95a9_00c04fb925d3 00012670     mintopo.obj
 0003:00000960       __GUID_dff21ce1_f70f_11d0_b917_00a0c9223196 00012680     mintopo.obj
 0003:00000970       __GUID_dff21be1_f70f_11d0_b917_00a0c9223196 00012690     mintopo.obj
 0003:00000980       __GUID_185fedf9_9905_11d1_95a9_00c04fb925d3 000126a0     mintopo.obj
 0003:00000990       __GUID_dff21fe3_f70f_11d0_b917_00a0c9223196 000126b0     mintopo.obj
 0003:000009a0       __GUID_185fedfb_9905_11d1_95a9_00c04fb925d3 000126c0     mintopo.obj
 0003:000009b0       __GUID_dff220e3_f70f_11d0_b917_00a0c9223196 000126d0     mintopo.obj
 0003:000009c0       __GUID_185fedf8_9905_11d1_95a9_00c04fb925d3 000126e0     mintopo.obj
 0003:000009d0       __GUID_dff220f3_f70f_11d0_b917_00a0c9223196 000126f0     mintopo.obj
 0003:000009e0       __GUID_dff21fe4_f70f_11d0_b917_00a0c9223196 00012700     mintopo.obj
 0003:000009f0       __GUID_97e99ba0_bdea_11cf_a5d6_28db04c10000 00012710     mintopo.obj
 0003:00000c38       __GUID_507ae360_c554_11d0_8a2b_00a0c9255ac1 00012958     minwave.obj
 0003:00000c48       __GUID_4d837fe0_c555_11d0_8a2b_00a0c9255ac1 00012968     minwave.obj
 0003:00000c58       __GUID_185fedfa_9905_11d1_95a9_00c04fb925d3 00012978     minwave.obj
 0003:00000c68       __GUID_fb6c4281_0353_11d1_905f_0000c0cc16ba 00012988     minwave.obj
 0003:00000c78       __GUID_05589f81_c356_11ce_bf01_00aa0055595a 00012998     minwave.obj
 0003:00000c88       __GUID_00000001_0000_0010_8000_00aa00389b71 000129a8     minwave.obj
 0003:00000c98       __GUID_73647561_0000_0010_8000_00aa00389b71 000129b8     minwave.obj
 0003:00000ca8       __GUID_0f6417d6_c318_11d0_a43f_00a0c9223196 000129c8     minwave.obj
 0003:00000cb8       __GUID_518590a2_a184_11d0_8522_00c04fd9baf3 000129d8     minwave.obj
 0003:00000cc8       __GUID_00000000_0000_0000_0000_000000000000 000129e8     adapter.obj
 0004:00000000       _AddDevice@8               00012a00 f   adapter.obj
 0004:0000001a       ?InstallSubdevice@@YGJPAU_DEVICE_OBJECT@@PAU_IRP@@PAGABU_GUID@@3P6GJPAPAUIUnknown@@3PAU4@W4_POOL_TYPE@@@Z5PAUIResourceList@@344@Z 00012a1a f   adapter.obj
 0004:00000120       ?StartDevice@@YGJPAU_DEVICE_OBJECT@@PAU_IRP@@PAUIResourceList@@@Z 00012b20 f   adapter.obj
 0004:0000036e       ?AssignResources@@YGJPAUIResourceList@@PAPAU1@11111@Z 00012d6e f   adapter.obj
 0004:00000624       ?NewAdapterCommon@@YGJPAPAUIUnknown@@ABU_GUID@@PAU1@W4_POOL_TYPE@@@Z 00013024 f   common.obj
 0004:00000895       ?Init@CAdapterCommon@@UAGJPAUIResourceList@@PAU_DEVICE_OBJECT@@@Z 00013295 f   common.obj
 0004:00000fb8       ??1CAdapterCommon@@UAE@XZ  000139b8 f   common.obj
 0004:0000110c       ?NonDelegatingQueryInterface@CAdapterCommon@@UAGJABU_GUID@@PAPAX@Z 00013b0c f   common.obj
 0004:000011cc       ?WavePortDriverDest@CAdapterCommon@@UAGPAPAUIUnknown@@XZ 00013bcc f   common.obj
 0004:000011d8       ?GetInterruptSync@CAdapterCommon@@UAGPAUIInterruptSync@@XZ 00013bd8 f   common.obj
 0004:000011e6       ?MidiPortDriverDest@CAdapterCommon@@UAGPAPAUIUnknown@@XZ 00013be6 f   common.obj
 0004:000011f2       ?SetWaveServiceGroup@CAdapterCommon@@UAGXPAUIServiceGroup@@@Z 00013bf2 f   common.obj
 0004:00001222       ?InitHDA@CAdapterCommon@@QAGJXZ 00013c22 f   common.obj
 0004:000015dc       ?InitializeCodec@CAdapterCommon@@QAGJE@Z 00013fdc f   common.obj
 0004:000018db       ?hda_initialize_audio_function_group@CAdapterCommon@@QAGXKK@Z 000142db f   common.obj
 0004:00001dba       ?hda_get_node_type@CAdapterCommon@@QAGEKK@Z 000147ba f   common.obj
 0004:00001ddc       ?hda_get_node_connection_entries@CAdapterCommon@@QAGKKKK@Z 000147dc f   common.obj
 0004:00001e62       ?hda_set_node_gain@CAdapterCommon@@QAGXKKKKKE@Z 00014862 f   common.obj
 0004:00001ecc       ?hda_enable_pin_output@CAdapterCommon@@QAGXKK@Z 000148cc f   common.obj
 0004:00001efe       ?hda_disable_pin_output@CAdapterCommon@@QAGXKK@Z 000148fe f   common.obj
 0004:00001f30       ?hda_is_headphone_connected@CAdapterCommon@@QAGHXZ 00014930 f   common.obj
 0004:00001f6c       ?hda_initialize_output_pin@CAdapterCommon@@QAGXK@Z 0001496c f   common.obj
 0004:000020e2       ?hda_initalize_audio_output@CAdapterCommon@@QAGXK@Z 00014ae2 f   common.obj
 0004:0000220a       ?hda_initalize_audio_mixer@CAdapterCommon@@QAGXK@Z 00014c0a f   common.obj
 0004:00002304       ?hda_initalize_audio_selector@CAdapterCommon@@QAGXK@Z 00014d04 f   common.obj
 0004:00002428       ?CreateMiniportTopologyHDA@@YGJPAPAUIUnknown@@ABU_GUID@@PAU1@W4_POOL_TYPE@@@Z 00014e28 f   mintopo.obj
 0004:00002488       ?ProcessResources@CMiniportTopologyHDA@@AAEJPAUIResourceList@@@Z 00014e88 f   mintopo.obj
 0004:000024ac       ?NonDelegatingQueryInterface@CMiniportTopologyHDA@@UAGJABU_GUID@@PAPAX@Z 00014eac f   mintopo.obj
 0004:0000255a       ??1CMiniportTopologyHDA@@UAE@XZ 00014f5a f   mintopo.obj
 0004:0000259e       ?Init@CMiniportTopologyHDA@@UAGJPAUIUnknown@@PAUIResourceList@@PAUIPortTopology@@@Z 00014f9e f   mintopo.obj
 0004:00002600       ?GetDescription@CMiniportTopologyHDA@@UAGJPAPAUPCFILTER_DESCRIPTOR@@@Z 00015000 f   mintopo.obj
 0004:00002e24       ?CreateMiniportWaveCyclicHDA@@YGJPAPAUIUnknown@@ABU_GUID@@PAU1@W4_POOL_TYPE@@@Z 00015824 f   minwave.obj
 0004:00002e84       ?ProcessResources@CMiniportWaveCyclicHDA@@AAEJPAUIResourceList@@@Z 00015884 f   minwave.obj
 0004:00002f2a       ?ValidateFormat@CMiniportWaveCyclicHDA@@AAEJPATKSDATAFORMAT@@@Z 0001592a f   minwave.obj
 0004:00003006       ?NonDelegatingQueryInterface@CMiniportWaveCyclicHDA@@UAGJABU_GUID@@PAPAX@Z 00015a06 f   minwave.obj
 0004:000030b4       ??1CMiniportWaveCyclicHDA@@UAE@XZ 00015ab4 f   minwave.obj
 0004:00003108       ?Init@CMiniportWaveCyclicHDA@@UAGJPAUIUnknown@@PAUIResourceList@@PAUIPortWaveCyclic@@@Z 00015b08 f   minwave.obj
 0004:000031b0       ?GetDescription@CMiniportWaveCyclicHDA@@UAGJPAPAUPCFILTER_DESCRIPTOR@@@Z 00015bb0 f   minwave.obj
 0004:000031c0       ?DataRangeIntersection@CMiniportWaveCyclicHDA@@UAGJKPATKSDATAFORMAT@@0KPAXPAK@Z 00015bc0 f   minwave.obj
 0004:00003416       ?NewStream@CMiniportWaveCyclicHDA@@UAGJPAPAUIMiniportWaveCyclicStream@@PAUIUnknown@@W4_POOL_TYPE@@KEPATKSDATAFORMAT@@PAPAUIDmaChannel@@PAPAUIServiceGroup@@@Z 00015e16 f   minwave.obj
 0004:00003556       ?NonDelegatingQueryInterface@CMiniportWaveCyclicStreamHDA@@UAGJABU_GUID@@PAPAX@Z 00015f56 f   minwave.obj
 0004:000035de       ??1CMiniportWaveCyclicStreamHDA@@UAE@XZ 00015fde f   minwave.obj
 0004:00003648       ?Init@CMiniportWaveCyclicStreamHDA@@QAEJPAVCMiniportWaveCyclicHDA@@KEPATKSDATAFORMAT@@PAUIDmaChannel@@@Z 00016048 f   minwave.obj
 0004:000036ce       ?SetNotificationFreq@CMiniportWaveCyclicStreamHDA@@UAGKKPAK@Z 000160ce f   minwave.obj
 0004:0000370e       ?SetFormat@CMiniportWaveCyclicStreamHDA@@UAGJPATKSDATAFORMAT@@@Z 0001610e f   minwave.obj
 0004:0000379a       ?SetState@CMiniportWaveCyclicStreamHDA@@UAGJW4KSSTATE@@@Z 0001619a f   minwave.obj
 0005:00000000       _DriverEntry@8             00016200 f   adapter.obj
 0005:00000018       __IMPORT_DESCRIPTOR_ntoskrnl 00016218     ntoskrnl:ntoskrnl.exe
 0005:0000002c       __IMPORT_DESCRIPTOR_HAL    0001622c     hal:HAL.dll
 0005:00000040       __IMPORT_DESCRIPTOR_portcls 00016240     portcls:portcls.sys
 0005:00000054       __NULL_IMPORT_DESCRIPTOR   00016254     ntoskrnl:ntoskrnl.exe

 entry point at        0005:00000000

 Static symbols

 0004:00002610       ?PropertyHandler_OnOff@@YGJPAU_PCPROPERTY_REQUEST@@@Z 00015010 f   mintopo.obj
 0004:000027ae       ?PropertyHandler_SuperMixCaps@@YGJPAU_PCPROPERTY_REQUEST@@@Z 000151ae f   mintopo.obj
 0004:00002988       ?PropertyHandler_SuperMixTable@@YGJPAU_PCPROPERTY_REQUEST@@@Z 00015388 f   mintopo.obj
 0004:00002ca4       ?PropertyHandler_CpuResources@@YGJPAU_PCPROPERTY_REQUEST@@@Z 000156a4 f   mintopo.obj
 0001:00000d4c       ?PropertyHandler_Level@@YGJPAU_PCPROPERTY_REQUEST@@@Z 0001102c f   mintopo.obj
 0004:00002d30       ?BasicSupportHandler@@YGJPAU_PCPROPERTY_REQUEST@@@Z 00015730 f   mintopo.obj

 115 bytes saved through ICF

