 HDA

 Timestamp is 69d95330 (Fri Apr 10 12:44:48 2026)

 Preferred load address is 00010000

 Start         Length     Name                   Class
 0001:00000000 00002970H .text                   CODE
 0002:00000000 000000acH .idata$5                DATA
 0002:000000b0 00000670H .rdata                  DATA
 0003:00000000 00000d10H .data                   DATA
 0003:00000d10 00000016H .bss                    DATA
 0004:00000000 00002ecbH PAGE                    CODE
 0005:00000000 00000015H INIT                    CODE
 0005:00000018 0000003cH .idata$2                CODE
 0005:00000054 00000014H .idata$3                CODE
 0005:00000068 000000acH .idata$4                CODE
 0005:00000114 00000384H .idata$6                CODE
 0006:00000000 00000058H .rsrc$01                DATA
 0006:00000060 000003d0H .rsrc$02                DATA

  Address         Publics by Value              Rva+Base     Lib:Object

 0001:00000000       ?QueryInterface@CAdapterCommon@@UAGJABU_GUID@@PAPAX@Z 000102e0 f i common.obj
 0001:00000018       ?AddRef@CAdapterCommon@@UAGKXZ 000102f8 f i common.obj
 0001:00000028       ?Release@CAdapterCommon@@UAGKXZ 00010308 f i common.obj
 0001:00000038       ??_ECAdapterCommon@@UAEPAXI@Z 00010318 f i common.obj
 0001:00000038       ??_GCAdapterCommon@@UAEPAXI@Z 00010318 f i common.obj
 0001:00000058       ?hda_is_supported_sample_rate@CAdapterCommon@@UAGEK@Z 00010338 f   common.obj
 0001:000000a4       ?hda_send_verb@CAdapterCommon@@UAGKKKKK@Z 00010384 f   common.obj
 0001:00000208       ?ReadController@CAdapterCommon@@UAGEXZ 000104e8 f   common.obj
 0001:0000020e       ?WriteController@CAdapterCommon@@UAGEE@Z 000104ee f   common.obj
 0001:00000214       ?MixerRegWrite@CAdapterCommon@@UAGXEE@Z 000104f4 f   common.obj
 0001:00000260       ?MixerRegRead@CAdapterCommon@@UAGEE@Z 00010540 f   common.obj
 0001:0000027e       ?MixerReset@CAdapterCommon@@UAGXXZ 0001055e f   common.obj
 0001:0000028c       ?AcknowledgeIRQ@CAdapterCommon@@AAE?AW4_HDA_INTERRUPT_TYPE@@XZ 0001056c f   common.obj
 0001:000003a0       ?ResetController@CAdapterCommon@@UAGJXZ 00010680 f   common.obj
 0001:000003c8       ?RestoreMixerSettingsFromRegistry@CAdapterCommon@@UAGJXZ 000106a8 f   common.obj
 0001:00000526       ?SaveMixerSettingsToRegistry@CAdapterCommon@@UAGJXZ 00010806 f   common.obj
 0001:00000622       ?ProgramSampleRate@CAdapterCommon@@UAGJK@Z 00010902 f   common.obj
 0001:00000682       ?PowerChangeState@CAdapterCommon@@UAGXT_POWER_STATE@@@Z 00010962 f   common.obj
 0001:000006e0       ?QueryDeviceCapabilities@CAdapterCommon@@UAGJPAU_DEVICE_CAPABILITIES@@@Z 000109c0 f   common.obj
 0001:000006e0       ?QueryPowerChangeState@CAdapterCommon@@UAGJT_POWER_STATE@@@Z 000109c0 f   common.obj
 0001:000006e6       ?InterruptServiceRoutine@@YGJPAUIInterruptSync@@PAX@Z 000109c6 f   common.obj
 0001:0000071e       ?hda_stop_stream@CAdapterCommon@@UAGJXZ 000109fe f   common.obj
 0001:00000814       ?hda_start_sound@CAdapterCommon@@UAGXXZ 00010af4 f   common.obj
 0001:00000852       ?hda_stop_sound@CAdapterCommon@@UAGXXZ 00010b32 f   common.obj
 0001:00000898       ?hda_get_actual_stream_position@CAdapterCommon@@UAGKXZ 00010b78 f   common.obj
 0001:00000902       ?hda_set_volume@CAdapterCommon@@QAGXKE@Z 00010be2 f   common.obj
 0001:00000942       ?readUCHAR@CAdapterCommon@@QAGEG@Z 00010c22 f   common.obj
 0001:0000095a       ?writeUCHAR@CAdapterCommon@@QAGXGE@Z 00010c3a f   common.obj
 0001:00000976       ?readUSHORT@CAdapterCommon@@QAGGG@Z 00010c56 f   common.obj
 0001:0000098e       ?writeUSHORT@CAdapterCommon@@QAGXGG@Z 00010c6e f   common.obj
 0001:000009aa       ?readULONG@CAdapterCommon@@QAGKG@Z 00010c8a f   common.obj
 0001:000009c2       ?writeULONG@CAdapterCommon@@QAGXGK@Z 00010ca2 f   common.obj
 0001:000009de       ?hda_showtime@CAdapterCommon@@UAGJPAUIDmaChannel@@@Z 00010cbe f   common.obj
 0001:00000b1e       ?ReadWriteConfigSpace@CAdapterCommon@@AAGJPAU_DEVICE_OBJECT@@KPAXKK@Z 00010dfe f   common.obj
 0001:00000bc6       ?WriteConfigSpaceByte@CAdapterCommon@@AAGJEEE@Z 00010ea6 f   common.obj
 0001:00000bfc       ?WriteConfigSpaceWord@CAdapterCommon@@AAGJEGG@Z 00010edc f   common.obj
 0001:00000c32       ?QueryInterface@CAdapterCommon@@W3AGJABU_GUID@@PAPAX@Z 00010f12 f i common.obj
 0001:00000c3c       ?AddRef@CAdapterCommon@@W3AGKXZ 00010f1c f i common.obj
 0001:00000c46       ?Release@CAdapterCommon@@W3AGKXZ 00010f26 f i common.obj
 0001:00000c50       ??0HDA_Codec@@QAE@EEEPAUIAdapterCommon@@@Z 00010f30 f   codec.obj
 0001:00000c96       ??1HDA_Codec@@QAE@XZ       00010f76 f   codec.obj
 0001:00000cba       ?InitializeCodec@HDA_Codec@@QAGJXZ 00010f9a f   codec.obj
 0001:0000113c       ?hda_initialize_audio_function_group@HDA_Codec@@QAGJK@Z 0001141c f   codec.obj
 0001:000017fe       ?hda_get_node_type@HDA_Codec@@QAGEK@Z 00011ade f   codec.obj
 0001:0000181c       ?hda_get_node_connection_entries@HDA_Codec@@QAGKKK@Z 00011afc f   codec.obj
 0001:0000189a       ?hda_enable_pin_output@HDA_Codec@@QAGXK@Z 00011b7a f   codec.obj
 0001:000018c6       ?hda_disable_pin_output@HDA_Codec@@QAGXK@Z 00011ba6 f   codec.obj
 0001:000018f2       ?hda_is_headphone_connected@HDA_Codec@@QAGEXZ 00011bd2 f   codec.obj
 0001:00001924       ?hda_initialize_output_pin@HDA_Codec@@QAGXKAAUHDA_NODE_PATH@@@Z 00011c04 f   codec.obj
 0001:00001a46       ?hda_initialize_audio_output@HDA_Codec@@QAGXKAAUHDA_NODE_PATH@@@Z 00011d26 f   codec.obj
 0001:00001b58       ?hda_initialize_audio_mixer@HDA_Codec@@QAGXKAAUHDA_NODE_PATH@@@Z 00011e38 f   codec.obj
 0001:00001c36       ?hda_initialize_audio_selector@HDA_Codec@@QAGXKAAUHDA_NODE_PATH@@@Z 00011f16 f   codec.obj
 0001:00001d44       ?ProgramSampleRate@HDA_Codec@@QAGJK@Z 00012024 f   codec.obj
 0001:00001dd0       ?hda_check_headphone_connection_change@HDA_Codec@@QAGXXZ 000120b0 f   codec.obj
 0001:00001e2c       ?hda_is_supported_sample_rate@HDA_Codec@@QAGEK@Z 0001210c f   codec.obj
 0001:00001eca       ?hda_set_volume@HDA_Codec@@QAGXKE@Z 000121aa f   codec.obj
 0001:00001f00       ?hda_set_node_gain@HDA_Codec@@QAGXKKKKE@Z 000121e0 f   codec.obj
 0001:00001f68       ?hda_send_verb@HDA_Codec@@QAGKKKK@Z 00012248 f   codec.obj
 0001:00001f88       ?hda_return_sound_data_format@HDA_Codec@@QAGGKKK@Z 00012268 f   codec.obj
 0001:00001f88       ?hda_return_sound_data_format@CAdapterCommon@@QAGGKKK@Z 00012268 f   codec.obj
 0001:0000204a       ?AddRef@CMiniportWaveCyclicStreamHDA@@UAGKXZ 0001232a f i mintopo.obj
 0001:0000204a       ?AddRef@CMiniportTopologyHDA@@UAGKXZ 0001232a f i mintopo.obj
 0001:0000204a       ?AddRef@CMiniportWaveCyclicHDA@@UAGKXZ 0001232a f i mintopo.obj
 0001:0000205a       ?Release@CMiniportTopologyHDA@@UAGKXZ 0001233a f i mintopo.obj
 0001:0000205a       ?Release@CMiniportWaveCyclicStreamHDA@@UAGKXZ 0001233a f i mintopo.obj
 0001:0000205a       ?Release@CMiniportWaveCyclicHDA@@UAGKXZ 0001233a f i mintopo.obj
 0001:0000206a       ?DataRangeIntersection@CMiniportTopologyHDA@@UAGJKPATKSDATAFORMAT@@0KPAXPAK@Z 0001234a f i mintopo.obj
 0001:00002072       ??_GCMiniportTopologyHDA@@UAEPAXI@Z 00012352 f i mintopo.obj
 0001:00002072       ??_ECMiniportTopologyHDA@@UAEPAXI@Z 00012352 f i mintopo.obj
 0001:00002470       ?ReadBitsFromMixer@CMiniportTopologyHDA@@AAEEEEE@Z 00012750 f   mintopo.obj
 0001:00002498       ?WriteBitsToMixer@CMiniportTopologyHDA@@AAEXEEEE@Z 00012778 f   mintopo.obj
 0001:000024ee       ??_ECMiniportWaveCyclicHDA@@UAEPAXI@Z 000127ce f i minwave.obj
 0001:000024ee       ??_GCMiniportWaveCyclicHDA@@UAEPAXI@Z 000127ce f i minwave.obj
 0001:0000250e       ??0CMyDmaChannel@@QAE@PAUIDmaChannel@@@Z 000127ee f i minwave.obj
 0001:00002566       ?QueryInterface@CMyDmaChannel@@UAGJABU_GUID@@PAPAX@Z 00012846 f i minwave.obj
 0001:000025b6       ?AddRef@CMyDmaChannel@@UAGKXZ 00012896 f i minwave.obj
 0001:000025c6       ?Release@CMyDmaChannel@@UAGKXZ 000128a6 f i minwave.obj
 0001:000025f2       ?AllocateBuffer@CMyDmaChannel@@UAGJKPAT_LARGE_INTEGER@@@Z 000128d2 f i minwave.obj
 0001:0000260a       ?FreeBuffer@CMyDmaChannel@@UAGXXZ 000128ea f i minwave.obj
 0001:0000261a       ?SystemAddress@CMyDmaChannel@@UAGPAXXZ 000128fa f i minwave.obj
 0001:0000262a       ?CopyTo@CMyDmaChannel@@UAGXPAX0K@Z 0001290a f i minwave.obj
 0001:00002674       ?CopyFrom@CMyDmaChannel@@UAGXPAX0K@Z 00012954 f i minwave.obj
 0001:00002690       ?TransferCount@CMyDmaChannel@@UAGKXZ 00012970 f i minwave.obj
 0001:000026a0       ?MaximumBufferSize@CMyDmaChannel@@UAGKXZ 00012980 f i minwave.obj
 0001:000026b0       ?AllocatedBufferSize@CMyDmaChannel@@UAGKXZ 00012990 f i minwave.obj
 0001:000026c0       ?BufferSize@CMyDmaChannel@@UAGKXZ 000129a0 f i minwave.obj
 0001:000026d0       ?SetBufferSize@CMyDmaChannel@@UAGXK@Z 000129b0 f i minwave.obj
 0001:000026e4       ?PhysicalAddress@CMyDmaChannel@@UAG?AT_LARGE_INTEGER@@XZ 000129c4 f i minwave.obj
 0001:0000270c       ?GetAdapterObject@CMyDmaChannel@@UAGPAU_DMA_ADAPTER@@XZ 000129ec f i minwave.obj
 0001:0000271c       ?QueryInterface@CMiniportWaveCyclicHDA@@UAGJABU_GUID@@PAPAX@Z 000129fc f i minwave.obj
 0001:0000271c       ?QueryInterface@CMiniportTopologyHDA@@UAGJABU_GUID@@PAPAX@Z 000129fc f i minwave.obj
 0001:0000271c       ?QueryInterface@CMiniportWaveCyclicStreamHDA@@UAGJABU_GUID@@PAPAX@Z 000129fc f i minwave.obj
 0001:00002734       ??_GCMiniportWaveCyclicStreamHDA@@UAEPAXI@Z 00012a14 f i minwave.obj
 0001:00002734       ??_ECMiniportWaveCyclicStreamHDA@@UAEPAXI@Z 00012a14 f i minwave.obj
 0001:00002754       ?GetPosition@CMiniportWaveCyclicStreamHDA@@UAGJPAK@Z 00012a34 f   minwave.obj
 0001:000027b6       ?NormalizePhysicalPosition@CMiniportWaveCyclicStreamHDA@@UAGJPA_J@Z 00012a96 f   minwave.obj
 0001:000027fe       ?Silence@CMiniportWaveCyclicStreamHDA@@UAGXPAXK@Z 00012ade f   minwave.obj
 0001:00002838       _DbgPrint                  00012b18 f   ntoskrnl:ntoskrnl.exe
 0001:0000283e       __alldiv                   00012b1e f   ntoskrnl:ntoskrnl.exe
 0001:00002844       __allmul                   00012b24 f   ntoskrnl:ntoskrnl.exe
 0001:0000284a       _PcInitializeAdapterDriver@12 00012b2a f   portcls:portcls.sys
 0001:00002850       _PcAddAdapterDevice@20     00012b30 f   portcls:portcls.sys
 0001:00002856       _PcRegisterSubdevice@12    00012b36 f   portcls:portcls.sys
 0001:0000285c       _PcNewMiniport@8           00012b3c f   portcls:portcls.sys
 0001:00002862       _PcNewPort@8               00012b42 f   portcls:portcls.sys
 0001:00002868       _PcRegisterPhysicalConnection@20 00012b48 f   portcls:portcls.sys
 0001:0000286e       _PcRegisterAdapterPowerManagement@8 00012b4e f   portcls:portcls.sys
 0001:00002874       _PcNewResourceSublist@20   00012b54 f   portcls:portcls.sys
 0001:0000287a       _PcNewInterruptSync@20     00012b5a f   portcls:portcls.sys
 0001:00002880       _PcNewRegistryKey@36       00012b60 f   portcls:portcls.sys
 0001:00002886       _PcNewServiceGroup@8       00012b66 f   portcls:portcls.sys
 0001:0000288c       ??0CUnknown@@QAE@PAUIUnknown@@@Z 00012b6c f   stdunk:stdunk.obj
 0001:000028ab       ??_ECUnknown@@UAEPAXI@Z    00012b8b f i stdunk:stdunk.obj
 0001:000028ab       ??_GCUnknown@@UAEPAXI@Z    00012b8b f i stdunk:stdunk.obj
 0001:000028c7       ??1CUnknown@@UAE@XZ        00012ba7 f   stdunk:stdunk.obj
 0001:000028ce       ?NonDelegatingAddRef@CUnknown@@UAGKXZ 00012bae f   stdunk:stdunk.obj
 0001:000028e4       ?NonDelegatingRelease@CUnknown@@UAGKXZ 00012bc4 f   stdunk:stdunk.obj
 0001:00002913       ?NonDelegatingQueryInterface@CUnknown@@UAGJABU_GUID@@PAPAX@Z 00012bf3 f   stdunk:stdunk.obj
 0002:00000000       __imp_@KfAcquireSpinLock@4 00012c60     hal:HAL.dll
 0002:00000004       __imp_@KfReleaseSpinLock@8 00012c64     hal:HAL.dll
 0002:00000008       __imp__KeStallExecutionProcessor@4 00012c68     hal:HAL.dll
 0002:0000000c       \177HAL_NULL_THUNK_DATA    00012c6c     hal:HAL.dll
 0002:00000010       __imp__KeInitializeSpinLock@4 00012c70     ntoskrnl:ntoskrnl.exe
 0002:00000014       __imp__MmUnmapIoSpace@8    00012c74     ntoskrnl:ntoskrnl.exe
 0002:00000018       __imp__RtlInitUnicodeString@8 00012c78     ntoskrnl:ntoskrnl.exe
 0002:0000001c       __imp__READ_REGISTER_ULONG@4 00012c7c     ntoskrnl:ntoskrnl.exe
 0002:00000020       __imp__DbgPrint            00012c80     ntoskrnl:ntoskrnl.exe
 0002:00000024       __imp__WRITE_REGISTER_ULONG@8 00012c84     ntoskrnl:ntoskrnl.exe
 0002:00000028       __imp__READ_REGISTER_UCHAR@4 00012c88     ntoskrnl:ntoskrnl.exe
 0002:0000002c       __imp__WRITE_REGISTER_UCHAR@8 00012c8c     ntoskrnl:ntoskrnl.exe
 0002:00000030       __imp__READ_REGISTER_USHORT@4 00012c90     ntoskrnl:ntoskrnl.exe
 0002:00000034       __imp__WRITE_REGISTER_USHORT@8 00012c94     ntoskrnl:ntoskrnl.exe
 0002:00000038       __imp__ExAllocatePoolWithTag@12 00012c98     ntoskrnl:ntoskrnl.exe
 0002:0000003c       __imp__MmMapIoSpace@16     00012c9c     ntoskrnl:ntoskrnl.exe
 0002:00000040       __imp_@IofCallDriver@8     00012ca0     ntoskrnl:ntoskrnl.exe
 0002:00000044       __imp__IoBuildSynchronousFsdRequest@28 00012ca4     ntoskrnl:ntoskrnl.exe
 0002:00000048       __imp__IoGetAttachedDeviceReference@4 00012ca8     ntoskrnl:ntoskrnl.exe
 0002:0000004c       __imp__KeInitializeEvent@12 00012cac     ntoskrnl:ntoskrnl.exe
 0002:00000050       __imp_@InterlockedIncrement@4 00012cb0     ntoskrnl:ntoskrnl.exe
 0002:00000054       __imp__ExFreePool@4        00012cb4     ntoskrnl:ntoskrnl.exe
 0002:00000058       __imp__KeInitializeMutex@8 00012cb8     ntoskrnl:ntoskrnl.exe
 0002:0000005c       __imp__KeReleaseMutex@8    00012cbc     ntoskrnl:ntoskrnl.exe
 0002:00000060       __imp___alldiv             00012cc0     ntoskrnl:ntoskrnl.exe
 0002:00000064       __imp___allmul             00012cc4     ntoskrnl:ntoskrnl.exe
 0002:00000068       __imp__IoGetDmaAdapter@12  00012cc8     ntoskrnl:ntoskrnl.exe
 0002:0000006c       __imp_@ObfDereferenceObject@4 00012ccc     ntoskrnl:ntoskrnl.exe
 0002:00000070       __imp__KeWaitForSingleObject@20 00012cd0     ntoskrnl:ntoskrnl.exe
 0002:00000074       __imp_@InterlockedDecrement@4 00012cd4     ntoskrnl:ntoskrnl.exe
 0002:00000078       \177ntoskrnl_NULL_THUNK_DATA 00012cd8     ntoskrnl:ntoskrnl.exe
 0002:0000007c       __imp__PcRegisterAdapterPowerManagement@8 00012cdc     portcls:portcls.sys
 0002:00000080       __imp__PcAddAdapterDevice@20 00012ce0     portcls:portcls.sys
 0002:00000084       __imp__PcRegisterSubdevice@12 00012ce4     portcls:portcls.sys
 0002:00000088       __imp__PcNewMiniport@8     00012ce8     portcls:portcls.sys
 0002:0000008c       __imp__PcNewPort@8         00012cec     portcls:portcls.sys
 0002:00000090       __imp__PcRegisterPhysicalConnection@20 00012cf0     portcls:portcls.sys
 0002:00000094       __imp__PcInitializeAdapterDriver@12 00012cf4     portcls:portcls.sys
 0002:00000098       __imp__PcNewResourceSublist@20 00012cf8     portcls:portcls.sys
 0002:0000009c       __imp__PcNewInterruptSync@20 00012cfc     portcls:portcls.sys
 0002:000000a0       __imp__PcNewRegistryKey@36 00012d00     portcls:portcls.sys
 0002:000000a4       __imp__PcNewServiceGroup@8 00012d04     portcls:portcls.sys
 0002:000000a8       \177portcls_NULL_THUNK_DATA 00012d08     portcls:portcls.sys
 0002:00000108       _IID_IAdapterCommon        00012d68     adapter.obj
 0002:00000118       _CLSID_MiniportDriverFmSynth 00012d78     adapter.obj
 0002:00000128       _CLSID_PortWaveCyclic      00012d88     adapter.obj
 0002:00000138       _CLSID_PortTopology        00012d98     adapter.obj
 0002:00000148       _CLSID_PortMidi            00012da8     adapter.obj
 0002:00000158       _IID_IAdapterPowerManagment 00012db8     adapter.obj
 0002:00000168       _IID_IMiniportWaveCyclicStream 00012dc8     adapter.obj
 0002:00000178       _IID_IMiniportWaveCyclic   00012dd8     adapter.obj
 0002:00000188       _IID_IPortWaveCyclic       00012de8     adapter.obj
 0002:00000198       _IID_IMiniportTopology     00012df8     adapter.obj
 0002:000001a8       _IID_IDmaChannel           00012e08     adapter.obj
 0002:000001b8       _IID_IMiniport             00012e18     adapter.obj
 0002:000001c8       _IID_IUnknown              00012e28     adapter.obj
 0002:000001d8       ??_C@_1BE@FFBG@?$AAU?$AAs?$AAe?$AAD?$AAm?$AAa?$AAP?$AAo?$AAs?$AA?$AA@ 00012e38     common.obj
 0002:000001ec       ??_C@_1CA@DADJ@?$AAU?$AAs?$AAe?$AAD?$AAi?$AAs?$AAa?$AAb?$AAl?$AAe?$AAd?$AAP?$AAi?$AAn?$AAs?$AA?$AA@ 00012e4c     common.obj
 0002:0000020c       ??_C@_1BC@MBIB@?$AAU?$AAs?$AAe?$AAS?$AAP?$AAD?$AAI?$AAF?$AA?$AA@ 00012e6c     common.obj
 0002:00000220       ??_C@_1BE@ONOC@?$AAU?$AAs?$AAe?$AAA?$AAl?$AAt?$AAO?$AAu?$AAt?$AA?$AA@ 00012e80     common.obj
 0002:00000234       ??_C@_1BO@LMMA@?$AAS?$AAk?$AAi?$AAp?$AAC?$AAo?$AAd?$AAe?$AAc?$AAR?$AAe?$AAs?$AAe?$AAt?$AA?$AA@ 00012e94     common.obj
 0002:00000254       ??_C@_1CI@JKGI@?$AAS?$AAk?$AAi?$AAp?$AAC?$AAo?$AAn?$AAt?$AAr?$AAo?$AAl?$AAl?$AAe?$AAr?$AAR?$AAe?$AAs?$AAe?$AAt?$AA?$AA@ 00012eb4     common.obj
 0002:0000027c       ??_C@_1BE@ENEK@?$AAR?$AAi?$AAg?$AAh?$AAt?$AAB?$AAa?$AAs?$AAs?$AA?$AA@ 00012edc     common.obj
 0002:00000290       ??_C@_1BC@JMJO@?$AAL?$AAe?$AAf?$AAt?$AAB?$AAa?$AAs?$AAs?$AA?$AA@ 00012ef0     common.obj
 0002:000002a4       ??_C@_1BI@KGAJ@?$AAR?$AAi?$AAg?$AAh?$AAt?$AAT?$AAr?$AAe?$AAb?$AAl?$AAe?$AA?$AA@ 00012f04     common.obj
 0002:000002bc       ??_C@_1BG@BGGD@?$AAL?$AAe?$AAf?$AAt?$AAT?$AAr?$AAe?$AAb?$AAl?$AAe?$AA?$AA@ 00012f1c     common.obj
 0002:000002d4       ??_C@_1O@IECC@?$AAM?$AAi?$AAc?$AAA?$AAG?$AAC?$AA?$AA@ 00012f34     common.obj
 0002:000002e4       ??_C@_1CA@EJHI@?$AAR?$AAi?$AAg?$AAh?$AAt?$AAO?$AAu?$AAt?$AAp?$AAu?$AAt?$AAG?$AAa?$AAi?$AAn?$AA?$AA@ 00012f44     common.obj
 0002:00000304       ??_C@_1BO@PPLI@?$AAL?$AAe?$AAf?$AAt?$AAO?$AAu?$AAt?$AAp?$AAu?$AAt?$AAG?$AAa?$AAi?$AAn?$AA?$AA@ 00012f64     common.obj
 0002:00000324       ??_C@_1BO@PMCJ@?$AAR?$AAi?$AAg?$AAh?$AAt?$AAI?$AAn?$AAp?$AAu?$AAt?$AAG?$AAa?$AAi?$AAn?$AA?$AA@ 00012f84     common.obj
 0002:00000344       ??_C@_1BM@CFEM@?$AAL?$AAe?$AAf?$AAt?$AAI?$AAn?$AAp?$AAu?$AAt?$AAG?$AAa?$AAi?$AAn?$AA?$AA@ 00012fa4     common.obj
 0002:00000360       ??_C@_1CA@CIKM@?$AAR?$AAi?$AAg?$AAh?$AAt?$AAI?$AAn?$AAp?$AAu?$AAt?$AAM?$AAi?$AAx?$AAe?$AAr?$AA?$AA@ 00012fc0     common.obj
 0002:00000380       ??_C@_1BO@JOGM@?$AAL?$AAe?$AAf?$AAt?$AAI?$AAn?$AAp?$AAu?$AAt?$AAM?$AAi?$AAx?$AAe?$AAr?$AA?$AA@ 00012fe0     common.obj
 0002:000003a0       ??_C@_1BI@BMOJ@?$AAO?$AAu?$AAt?$AAp?$AAu?$AAt?$AAM?$AAi?$AAx?$AAe?$AAr?$AA?$AA@ 00013000     common.obj
 0002:000003b8       ??_C@_1BE@GLOL@?$AAP?$AAc?$AAS?$AAp?$AAk?$AAr?$AAV?$AAo?$AAl?$AA?$AA@ 00013018     common.obj
 0002:000003cc       ??_C@_1O@MNBB@?$AAM?$AAi?$AAc?$AAV?$AAo?$AAl?$AA?$AA@ 0001302c     common.obj
 0002:000003dc       ??_C@_1BO@HCKE@?$AAR?$AAi?$AAg?$AAh?$AAt?$AAL?$AAi?$AAn?$AAe?$AAI?$AAn?$AAV?$AAo?$AAl?$AA?$AA@ 0001303c     common.obj
 0002:000003fc       ??_C@_1BM@KLMB@?$AAL?$AAe?$AAf?$AAt?$AAL?$AAi?$AAn?$AAe?$AAI?$AAn?$AAV?$AAo?$AAl?$AA?$AA@ 0001305c     common.obj
 0002:00000418       ??_C@_1BG@COJL@?$AAR?$AAi?$AAg?$AAh?$AAt?$AAC?$AAD?$AAV?$AAo?$AAl?$AA?$AA@ 00013078     common.obj
 0002:00000430       ??_C@_1BE@KMKA@?$AAL?$AAe?$AAf?$AAt?$AAC?$AAD?$AAV?$AAo?$AAl?$AA?$AA@ 00013090     common.obj
 0002:00000444       ??_C@_1BK@JCIM@?$AAR?$AAi?$AAg?$AAh?$AAt?$AAM?$AAi?$AAd?$AAi?$AAV?$AAo?$AAl?$AA?$AA@ 000130a4     common.obj
 0002:00000460       ??_C@_1BI@KBIJ@?$AAL?$AAe?$AAf?$AAt?$AAM?$AAi?$AAd?$AAi?$AAV?$AAo?$AAl?$AA?$AA@ 000130c0     common.obj
 0002:00000478       ??_C@_1BK@MFCG@?$AAR?$AAi?$AAg?$AAh?$AAt?$AAW?$AAa?$AAv?$AAe?$AAV?$AAo?$AAl?$AA?$AA@ 000130d8     common.obj
 0002:00000494       ??_C@_1BI@PGCD@?$AAL?$AAe?$AAf?$AAt?$AAW?$AAa?$AAv?$AAe?$AAV?$AAo?$AAl?$AA?$AA@ 000130f4     common.obj
 0002:000004ac       ??_C@_1BO@NHA@?$AAR?$AAi?$AAg?$AAh?$AAt?$AAM?$AAa?$AAs?$AAt?$AAe?$AAr?$AAV?$AAo?$AAl?$AA?$AA@ 0001310c     common.obj
 0002:000004cc       ??_C@_1BM@NEBF@?$AAL?$AAe?$AAf?$AAt?$AAM?$AAa?$AAs?$AAt?$AAe?$AAr?$AAV?$AAo?$AAl?$AA?$AA@ 0001312c     common.obj
 0002:000004e8       ??_7CAdapterCommon@@6BIAdapterPowerManagement@@@ 00013148     common.obj
 0002:00000500       ??_7CAdapterCommon@@6BIAdapterCommon@@@ 00013160     common.obj
 0002:00000564       ??_7CAdapterCommon@@6BCUnknown@@@ 000131c4     common.obj
 0002:00000640       ??_7CMiniportTopologyHDA@@6BIMiniportTopology@@@ 000132a0     mintopo.obj
 0002:00000658       ??_7CMiniportTopologyHDA@@6BCUnknown@@@ 000132b8     mintopo.obj
 0002:00000668       ??_7CMiniportWaveCyclicHDA@@6BIMiniportWaveCyclic@@@ 000132c8     minwave.obj
 0002:00000684       ??_7CMiniportWaveCyclicHDA@@6BCUnknown@@@ 000132e4     minwave.obj
 0002:00000694       ??_C@_09BAJA@SSE2?5?$CFd?5?6?$AA@ 000132f4     minwave.obj
 0002:000006a0       ??_7CMyDmaChannel@@6B@     00013300     minwave.obj
 0002:000006dc       ??_7CMiniportWaveCyclicStreamHDA@@6BIMiniportWaveCyclicStream@@@ 0001333c     minwave.obj
 0002:00000700       ??_7CMiniportWaveCyclicStreamHDA@@6BCUnknown@@@ 00013360     minwave.obj
 0002:00000710       ??_7CUnknown@@6B@          00013370     stdunk:stdunk.obj
 0003:00000000       __GUID_b7902fe9_fb0a_11d1_81b0_0060083316c1 00013380     adapter.obj
 0003:00000010       __GUID_d3f0ce1c_fffc_11d1_81b0_0060083316c1 00013390     adapter.obj
 0003:00000020       __GUID_c096df9c_fb09_11d1_81b0_0060083316c1 000133a0     adapter.obj
 0003:00000138       ?audBufSize@@3KA           000134b8     common.obj
 0003:0000013c       ?BdlSize@@3KA              000134bc     common.obj
 0003:00000838       __GUID_185fedf6_9905_11d1_95a9_00c04fb925d3 00013bb8     mintopo.obj
 0003:00000848       __GUID_185fedef_9905_11d1_95a9_00c04fb925d3 00013bc8     mintopo.obj
 0003:00000858       __GUID_185fede1_9905_11d1_95a9_00c04fb925d3 00013bd8     mintopo.obj
 0003:00000868       __GUID_185fede0_9905_11d1_95a9_00c04fb925d3 00013be8     mintopo.obj
 0003:00000878       __GUID_7607e580_c557_11d0_8a2b_00a0c9255ac1 00013bf8     mintopo.obj
 0003:00000888       __GUID_185fede3_9905_11d1_95a9_00c04fb925d3 00013c08     mintopo.obj
 0003:00000898       __GUID_da441a60_c556_11d0_8a2b_00a0c9255ac1 00013c18     mintopo.obj
 0003:000008a8       __GUID_185fedee_9905_11d1_95a9_00c04fb925d3 00013c28     mintopo.obj
 0003:000008b8       __GUID_02b223c0_c557_11d0_8a2b_00a0c9255ac1 00013c38     mintopo.obj
 0003:000008c8       __GUID_185feded_9905_11d1_95a9_00c04fb925d3 00013c48     mintopo.obj
 0003:000008d8       __GUID_e88c9ba0_c557_11d0_8a2b_00a0c9255ac1 00013c58     mintopo.obj
 0003:000008e8       __GUID_185fedec_9905_11d1_95a9_00c04fb925d3 00013c68     mintopo.obj
 0003:000008f8       __GUID_185fedeb_9905_11d1_95a9_00c04fb925d3 00013c78     mintopo.obj
 0003:00000908       __GUID_185fedea_9905_11d1_95a9_00c04fb925d3 00013c88     mintopo.obj
 0003:00000918       __GUID_185fede9_9905_11d1_95a9_00c04fb925d3 00013c98     mintopo.obj
 0003:00000928       __GUID_185fede8_9905_11d1_95a9_00c04fb925d3 00013ca8     mintopo.obj
 0003:00000938       __GUID_e573adc0_c555_11d0_8a2b_00a0c9255ac1 00013cb8     mintopo.obj
 0003:00000948       __GUID_185fede7_9905_11d1_95a9_00c04fb925d3 00013cc8     mintopo.obj
 0003:00000958       __GUID_185fede5_9905_11d1_95a9_00c04fb925d3 00013cd8     mintopo.obj
 0003:00000968       __GUID_3a5acc00_c557_11d0_8a2b_00a0c9255ac1 00013ce8     mintopo.obj
 0003:00000978       __GUID_45ffaaa0_6e1b_11d0_bcf2_444553540000 00013cf8     mintopo.obj
 0003:00000988       __GUID_6994ad04_93ef_11d0_a3cc_00a0c9223196 00013d08     mintopo.obj
 0003:00000998       __GUID_185fedf7_9905_11d1_95a9_00c04fb925d3 00013d18     mintopo.obj
 0003:000009a8       __GUID_dff21ce1_f70f_11d0_b917_00a0c9223196 00013d28     mintopo.obj
 0003:000009b8       __GUID_dff21be1_f70f_11d0_b917_00a0c9223196 00013d38     mintopo.obj
 0003:000009c8       __GUID_185fedf9_9905_11d1_95a9_00c04fb925d3 00013d48     mintopo.obj
 0003:000009d8       __GUID_dff21fe3_f70f_11d0_b917_00a0c9223196 00013d58     mintopo.obj
 0003:000009e8       __GUID_185fedfb_9905_11d1_95a9_00c04fb925d3 00013d68     mintopo.obj
 0003:000009f8       __GUID_dff220e3_f70f_11d0_b917_00a0c9223196 00013d78     mintopo.obj
 0003:00000a08       __GUID_185fedf8_9905_11d1_95a9_00c04fb925d3 00013d88     mintopo.obj
 0003:00000a18       __GUID_dff220f3_f70f_11d0_b917_00a0c9223196 00013d98     mintopo.obj
 0003:00000a28       __GUID_dff21fe4_f70f_11d0_b917_00a0c9223196 00013da8     mintopo.obj
 0003:00000a38       __GUID_97e99ba0_bdea_11cf_a5d6_28db04c10000 00013db8     mintopo.obj
 0003:00000c80       __GUID_507ae360_c554_11d0_8a2b_00a0c9255ac1 00014000     minwave.obj
 0003:00000c90       __GUID_4d837fe0_c555_11d0_8a2b_00a0c9255ac1 00014010     minwave.obj
 0003:00000ca0       __GUID_185fedfa_9905_11d1_95a9_00c04fb925d3 00014020     minwave.obj
 0003:00000cb0       __GUID_fb6c4281_0353_11d1_905f_0000c0cc16ba 00014030     minwave.obj
 0003:00000cc0       __GUID_05589f81_c356_11ce_bf01_00aa0055595a 00014040     minwave.obj
 0003:00000cd0       __GUID_00000001_0000_0010_8000_00aa00389b71 00014050     minwave.obj
 0003:00000ce0       __GUID_73647561_0000_0010_8000_00aa00389b71 00014060     minwave.obj
 0003:00000cf0       __GUID_0f6417d6_c318_11d0_a43f_00a0c9223196 00014070     minwave.obj
 0003:00000d00       __GUID_518590a2_a184_11d0_8522_00c04fd9baf3 00014080     minwave.obj
 0003:00000d10       __GUID_00000000_0000_0000_0000_000000000000 00014090     adapter.obj
 0004:00000000       _AddDevice@8               000140c0 f   adapter.obj
 0004:0000001a       ?InstallSubdevice@@YGJPAU_DEVICE_OBJECT@@PAU_IRP@@PAGABU_GUID@@3P6GJPAPAUIUnknown@@3PAU4@W4_POOL_TYPE@@@Z5PAUIResourceList@@344@Z 000140da f   adapter.obj
 0004:00000120       ?StartDevice@@YGJPAU_DEVICE_OBJECT@@PAU_IRP@@PAUIResourceList@@@Z 000141e0 f   adapter.obj
 0004:0000036e       ?AssignResources@@YGJPAUIResourceList@@PAPAU1@11111@Z 0001442e f   adapter.obj
 0004:0000051c       ?NewAdapterCommon@@YGJPAPAUIUnknown@@ABU_GUID@@PAU1@W4_POOL_TYPE@@@Z 000145dc f   common.obj
 0004:0000082d       ?Init@CAdapterCommon@@UAGJPAUIResourceList@@PAU_DEVICE_OBJECT@@@Z 000148ed f   common.obj
 0004:0000114e       ??1CAdapterCommon@@UAE@XZ  0001520e f   common.obj
 0004:000012f4       ?NonDelegatingQueryInterface@CAdapterCommon@@UAGJABU_GUID@@PAPAX@Z 000153b4 f   common.obj
 0004:000013b4       ?WavePortDriverDest@CAdapterCommon@@UAGPAPAUIUnknown@@XZ 00015474 f   common.obj
 0004:000013c0       ?GetInterruptSync@CAdapterCommon@@UAGPAUIInterruptSync@@XZ 00015480 f   common.obj
 0004:000013ce       ?GetDeviceDescription@CAdapterCommon@@UAGPAU_DEVICE_DESCRIPTION@@XZ 0001548e f   common.obj
 0004:000013d8       ?MidiPortDriverDest@CAdapterCommon@@UAGPAPAUIUnknown@@XZ 00015498 f   common.obj
 0004:000013e4       ?SetWaveServiceGroup@CAdapterCommon@@UAGXPAUIServiceGroup@@@Z 000154a4 f   common.obj
 0004:00001430       ?InitHDAController@CAdapterCommon@@QAGJXZ 000154f0 f   common.obj
 0004:000018c2       ?TryInitializeCodecSlot@CAdapterCommon@@AAGXEKPBDPAJ@Z 00015982 f   common.obj
 0004:000019b6       ?ReadRegistryBoolean@CAdapterCommon@@AAGEPBGE@Z 00015a76 f   common.obj
 0004:00001a92       ?CreateMiniportTopologyHDA@@YGJPAPAUIUnknown@@ABU_GUID@@PAU1@W4_POOL_TYPE@@@Z 00015b52 f   mintopo.obj
 0004:00001af2       ?ProcessResources@CMiniportTopologyHDA@@AAEJPAUIResourceList@@@Z 00015bb2 f   mintopo.obj
 0004:00001b16       ?NonDelegatingQueryInterface@CMiniportTopologyHDA@@UAGJABU_GUID@@PAPAX@Z 00015bd6 f   mintopo.obj
 0004:00001bc4       ??1CMiniportTopologyHDA@@UAE@XZ 00015c84 f   mintopo.obj
 0004:00001c08       ?Init@CMiniportTopologyHDA@@UAGJPAUIUnknown@@PAUIResourceList@@PAUIPortTopology@@@Z 00015cc8 f   mintopo.obj
 0004:00001c6a       ?GetDescription@CMiniportTopologyHDA@@UAGJPAPAUPCFILTER_DESCRIPTOR@@@Z 00015d2a f   mintopo.obj
 0004:0000248e       ?CreateMiniportWaveCyclicHDA@@YGJPAPAUIUnknown@@ABU_GUID@@PAU1@W4_POOL_TYPE@@@Z 0001654e f   minwave.obj
 0004:000024ee       ?ProcessResources@CMiniportWaveCyclicHDA@@AAEJPAUIResourceList@@@Z 000165ae f   minwave.obj
 0004:00002602       ?ValidateFormat@CMiniportWaveCyclicHDA@@AAEJPATKSDATAFORMAT@@@Z 000166c2 f   minwave.obj
 0004:000026ec       ?NonDelegatingQueryInterface@CMiniportWaveCyclicHDA@@UAGJABU_GUID@@PAPAX@Z 000167ac f   minwave.obj
 0004:0000279a       ??1CMiniportWaveCyclicHDA@@UAE@XZ 0001685a f   minwave.obj
 0004:000027ee       ?Init@CMiniportWaveCyclicHDA@@UAGJPAUIUnknown@@PAUIResourceList@@PAUIPortWaveCyclic@@@Z 000168ae f   minwave.obj
 0004:00002896       ?GetDescription@CMiniportWaveCyclicHDA@@UAGJPAPAUPCFILTER_DESCRIPTOR@@@Z 00016956 f   minwave.obj
 0004:000028a6       ?DataRangeIntersection@CMiniportWaveCyclicHDA@@UAGJKPATKSDATAFORMAT@@0KPAXPAK@Z 00016966 f   minwave.obj
 0004:00002afc       ?NewStream@CMiniportWaveCyclicHDA@@UAGJPAPAUIMiniportWaveCyclicStream@@PAUIUnknown@@W4_POOL_TYPE@@KEPATKSDATAFORMAT@@PAPAUIDmaChannel@@PAPAUIServiceGroup@@@Z 00016bbc f   minwave.obj
 0004:00002c3c       ?NonDelegatingQueryInterface@CMiniportWaveCyclicStreamHDA@@UAGJABU_GUID@@PAPAX@Z 00016cfc f   minwave.obj
 0004:00002cc4       ??1CMiniportWaveCyclicStreamHDA@@UAE@XZ 00016d84 f   minwave.obj
 0004:00002d2e       ?Init@CMiniportWaveCyclicStreamHDA@@QAEJPAVCMiniportWaveCyclicHDA@@KEPATKSDATAFORMAT@@PAUIDmaChannel@@@Z 00016dee f   minwave.obj
 0004:00002db4       ?SetNotificationFreq@CMiniportWaveCyclicStreamHDA@@UAGKKPAK@Z 00016e74 f   minwave.obj
 0004:00002df4       ?SetFormat@CMiniportWaveCyclicStreamHDA@@UAGJPATKSDATAFORMAT@@@Z 00016eb4 f   minwave.obj
 0004:00002e80       ?SetState@CMiniportWaveCyclicStreamHDA@@UAGJW4KSSTATE@@@Z 00016f40 f   minwave.obj
 0005:00000000       _DriverEntry@8             00016fa0 f   adapter.obj
 0005:00000018       __IMPORT_DESCRIPTOR_ntoskrnl 00016fb8     ntoskrnl:ntoskrnl.exe
 0005:0000002c       __IMPORT_DESCRIPTOR_HAL    00016fcc     hal:HAL.dll
 0005:00000040       __IMPORT_DESCRIPTOR_portcls 00016fe0     portcls:portcls.sys
 0005:00000054       __NULL_IMPORT_DESCRIPTOR   00016ff4     ntoskrnl:ntoskrnl.exe

 entry point at        0005:00000000

 Static symbols

 0004:00001c7a       ?PropertyHandler_OnOff@@YGJPAU_PCPROPERTY_REQUEST@@@Z 00015d3a f   mintopo.obj
 0004:00001e18       ?PropertyHandler_SuperMixCaps@@YGJPAU_PCPROPERTY_REQUEST@@@Z 00015ed8 f   mintopo.obj
 0004:00001ff2       ?PropertyHandler_SuperMixTable@@YGJPAU_PCPROPERTY_REQUEST@@@Z 000160b2 f   mintopo.obj
 0004:0000230e       ?PropertyHandler_CpuResources@@YGJPAU_PCPROPERTY_REQUEST@@@Z 000163ce f   mintopo.obj
 0001:00002092       ?PropertyHandler_Level@@YGJPAU_PCPROPERTY_REQUEST@@@Z 00012372 f   mintopo.obj
 0004:0000239a       ?BasicSupportHandler@@YGJPAU_PCPROPERTY_REQUEST@@@Z 0001645a f   mintopo.obj

 309 bytes saved through ICF

