 HDA

 Timestamp is 69052268 (Fri Oct 31 13:56:08 2025)

 Preferred load address is 00010000

 Start         Length     Name                   Class
 0001:00000000 00001461H .text                   CODE
 0002:00000000 0000009cH .idata$5                DATA
 0002:000000a0 0000059bH .rdata                  DATA
 0003:00000000 00000cc8H .data                   DATA
 0003:00000cc8 00000010H .bss                    DATA
 0004:00000000 00003291H PAGE                    CODE
 0005:00000000 00000015H INIT                    CODE
 0005:00000018 0000003cH .idata$2                CODE
 0005:00000054 00000014H .idata$3                CODE
 0005:00000068 0000009cH .idata$4                CODE
 0005:00000104 00000314H .idata$6                CODE
 0006:00000000 00000058H .rsrc$01                DATA
 0006:00000060 00000338H .rsrc$02                DATA

  Address         Publics by Value              Rva+Base     Lib:Object

 0001:00000000       ??3@YAXPAX@Z               000102e0 f i common.obj
 0001:0000000c       ?QueryInterface@CAdapterCommon@@UAGJABU_GUID@@PAPAX@Z 000102ec f i common.obj
 0001:00000024       ?AddRef@CAdapterCommon@@UAGKXZ 00010304 f i common.obj
 0001:00000034       ?Release@CAdapterCommon@@UAGKXZ 00010314 f i common.obj
 0001:00000044       ??_GCAdapterCommon@@UAEPAXI@Z 00010324 f i common.obj
 0001:00000044       ??_ECAdapterCommon@@UAEPAXI@Z 00010324 f i common.obj
 0001:00000064       ?hda_check_headphone_connection_change@CAdapterCommon@@QAGXXZ 00010344 f   common.obj
 0001:000000da       ?hda_is_supported_sample_rate@CAdapterCommon@@QAGEK@Z 000103ba f   common.obj
 0001:00000160       ?hda_send_verb@CAdapterCommon@@QAGKKKKK@Z 00010440 f   common.obj
 0001:000002c4       ?ReadController@CAdapterCommon@@UAGEXZ 000105a4 f   common.obj
 0001:000002ca       ?WriteController@CAdapterCommon@@UAGEE@Z 000105aa f   common.obj
 0001:000002d0       ?MixerRegWrite@CAdapterCommon@@UAGXEE@Z 000105b0 f   common.obj
 0001:000002ec       ?MixerRegRead@CAdapterCommon@@UAGEE@Z 000105cc f   common.obj
 0001:0000030a       ?MixerReset@CAdapterCommon@@UAGXXZ 000105ea f   common.obj
 0001:0000030e       ?AcknowledgeIRQ@CAdapterCommon@@AAEEXZ 000105ee f   common.obj
 0001:00000382       ?ResetController@CAdapterCommon@@UAGJXZ 00010662 f   common.obj
 0001:000003a2       ?RestoreMixerSettingsFromRegistry@CAdapterCommon@@UAGJXZ 00010682 f   common.obj
 0001:00000500       ?SaveMixerSettingsToRegistry@CAdapterCommon@@UAGJXZ 000107e0 f   common.obj
 0001:000005c4       ?ProgramSampleRate@CAdapterCommon@@QAGJK@Z 000108a4 f   common.obj
 0001:0000065a       ?PowerChangeState@CAdapterCommon@@UAGXT_POWER_STATE@@@Z 0001093a f   common.obj
 0001:000006b0       ?QueryDeviceCapabilities@CAdapterCommon@@UAGJPAU_DEVICE_CAPABILITIES@@@Z 00010990 f   common.obj
 0001:000006b0       ?QueryPowerChangeState@CAdapterCommon@@UAGJT_POWER_STATE@@@Z 00010990 f   common.obj
 0001:000006b6       ?InterruptServiceRoutine@@YGJPAUIInterruptSync@@PAX@Z 00010996 f   common.obj
 0001:000006e2       ?hda_stop_stream@CAdapterCommon@@UAGJXZ 000109c2 f   common.obj
 0001:000007d8       ?hda_start_sound@CAdapterCommon@@UAGXXZ 00010ab8 f   common.obj
 0001:00000800       ?hda_stop_sound@CAdapterCommon@@UAGXXZ 00010ae0 f   common.obj
 0001:00000846       ?hda_get_actual_stream_position@CAdapterCommon@@UAGKXZ 00010b26 f   common.obj
 0001:0000085c       ?hda_set_volume@CAdapterCommon@@QAGXK@Z 00010b3c f   common.obj
 0001:000008aa       ?readUCHAR@CAdapterCommon@@QAGEG@Z 00010b8a f   common.obj
 0001:000008c2       ?writeUCHAR@CAdapterCommon@@QAGXGE@Z 00010ba2 f   common.obj
 0001:000008de       ?readUSHORT@CAdapterCommon@@QAGGG@Z 00010bbe f   common.obj
 0001:000008f6       ?writeUSHORT@CAdapterCommon@@QAGXGG@Z 00010bd6 f   common.obj
 0001:00000912       ?readULONG@CAdapterCommon@@QAGKG@Z 00010bf2 f   common.obj
 0001:0000092a       ?writeULONG@CAdapterCommon@@QAGXGK@Z 00010c0a f   common.obj
 0001:00000946       ?hda_showtime@CAdapterCommon@@UAGJPAUIDmaChannel@@@Z 00010c26 f   common.obj
 0001:00000af4       ?hda_return_sound_data_format@CAdapterCommon@@QAGGKKK@Z 00010dd4 f   common.obj
 0001:00000bb2       ?QueryInterface@CAdapterCommon@@W3AGJABU_GUID@@PAPAX@Z 00010e92 f i common.obj
 0001:00000bbc       ?AddRef@CAdapterCommon@@W3AGKXZ 00010e9c f i common.obj
 0001:00000bc6       ?Release@CAdapterCommon@@W3AGKXZ 00010ea6 f i common.obj
 0001:00000bd0       ?QueryInterface@CMiniportTopologyHDA@@UAGJABU_GUID@@PAPAX@Z 00010eb0 f i mintopo.obj
 0001:00000bd0       ?QueryInterface@CMiniportWaveCyclicStreamHDA@@UAGJABU_GUID@@PAPAX@Z 00010eb0 f i mintopo.obj
 0001:00000bd0       ?QueryInterface@CMiniportWaveCyclicHDA@@UAGJABU_GUID@@PAPAX@Z 00010eb0 f i mintopo.obj
 0001:00000be8       ?Release@CMiniportWaveCyclicStreamHDA@@UAGKXZ 00010ec8 f i mintopo.obj
 0001:00000be8       ?Release@CMiniportWaveCyclicHDA@@UAGKXZ 00010ec8 f i mintopo.obj
 0001:00000be8       ?Release@CMiniportTopologyHDA@@UAGKXZ 00010ec8 f i mintopo.obj
 0001:00000bf8       ?DataRangeIntersection@CMiniportTopologyHDA@@UAGJKPATKSDATAFORMAT@@0KPAXPAK@Z 00010ed8 f i mintopo.obj
 0001:00000c00       ??_ECMiniportTopologyHDA@@UAEPAXI@Z 00010ee0 f i mintopo.obj
 0001:00000c00       ??_GCMiniportTopologyHDA@@UAEPAXI@Z 00010ee0 f i mintopo.obj
 0001:00000ffe       ?ReadBitsFromMixer@CMiniportTopologyHDA@@AAEEEEE@Z 000112de f   mintopo.obj
 0001:00001026       ?WriteBitsToMixer@CMiniportTopologyHDA@@AAEXEEEE@Z 00011306 f   mintopo.obj
 0001:0000107c       ?AddRef@CMiniportWaveCyclicHDA@@UAGKXZ 0001135c f i minwave.obj
 0001:0000107c       ?AddRef@CMiniportTopologyHDA@@UAGKXZ 0001135c f i minwave.obj
 0001:0000107c       ?AddRef@CMiniportWaveCyclicStreamHDA@@UAGKXZ 0001135c f i minwave.obj
 0001:0000108c       ??_GCMiniportWaveCyclicHDA@@UAEPAXI@Z 0001136c f i minwave.obj
 0001:0000108c       ??_ECMiniportWaveCyclicHDA@@UAEPAXI@Z 0001136c f i minwave.obj
 0001:000010ac       ??_GCMiniportWaveCyclicStreamHDA@@UAEPAXI@Z 0001138c f i minwave.obj
 0001:000010ac       ??_ECMiniportWaveCyclicStreamHDA@@UAEPAXI@Z 0001138c f i minwave.obj
 0001:000010cc       ?GetPosition@CMiniportWaveCyclicStreamHDA@@UAGJPAK@Z 000113ac f   minwave.obj
 0001:0000112e       ?NormalizePhysicalPosition@CMiniportWaveCyclicStreamHDA@@UAGJPA_J@Z 0001140e f   minwave.obj
 0001:00001176       ?Silence@CMiniportWaveCyclicStreamHDA@@UAGXPAXK@Z 00011456 f   minwave.obj
 0001:000011b0       _DbgPrint                  00011490 f   ntoskrnl:ntoskrnl.exe
 0001:000011b6       __alldiv                   00011496 f   ntoskrnl:ntoskrnl.exe
 0001:000011bc       __allmul                   0001149c f   ntoskrnl:ntoskrnl.exe
 0001:000011c2       _PcInitializeAdapterDriver@12 000114a2 f   portcls:portcls.sys
 0001:000011c8       _PcAddAdapterDevice@20     000114a8 f   portcls:portcls.sys
 0001:000011ce       _PcRegisterSubdevice@12    000114ae f   portcls:portcls.sys
 0001:000011d4       _PcNewMiniport@8           000114b4 f   portcls:portcls.sys
 0001:000011da       _PcNewPort@8               000114ba f   portcls:portcls.sys
 0001:000011e0       _PcRegisterPhysicalConnection@20 000114c0 f   portcls:portcls.sys
 0001:000011e6       _PcRegisterAdapterPowerManagement@8 000114c6 f   portcls:portcls.sys
 0001:000011ec       _PcNewResourceSublist@20   000114cc f   portcls:portcls.sys
 0001:000011f2       _PcNewInterruptSync@20     000114d2 f   portcls:portcls.sys
 0001:000011f8       _PcNewRegistryKey@36       000114d8 f   portcls:portcls.sys
 0001:000011fe       _PcNewServiceGroup@8       000114de f   portcls:portcls.sys
 0001:00001210       ??0CUnknown@@QAE@PAUIUnknown@@@Z 000114f0 f   stdunk:stdunk.obj
 0001:00001260       ??_ECUnknown@@UAEPAXI@Z    00011540 f i stdunk:stdunk.obj
 0001:00001260       ??_GCUnknown@@UAEPAXI@Z    00011540 f i stdunk:stdunk.obj
 0001:00001290       ??0INonDelegatingUnknown@@QAE@XZ 00011570 f i stdunk:stdunk.obj
 0001:000012a0       ??1CUnknown@@UAE@XZ        00011580 f   stdunk:stdunk.obj
 0001:000012c0       ?NonDelegatingAddRef@CUnknown@@UAGKXZ 000115a0 f   stdunk:stdunk.obj
 0001:00001300       ?NonDelegatingRelease@CUnknown@@UAGKXZ 000115e0 f   stdunk:stdunk.obj
 0001:00001380       ?NonDelegatingQueryInterface@CUnknown@@UAGJABU_GUID@@PAPAX@Z 00011660 f   stdunk:stdunk.obj
 0001:000013f0       _IsEqualGUIDAligned@8      000116d0 f i stdunk:stdunk.obj
 0002:00000000       __imp_@KfAcquireSpinLock@4 00011760     hal:HAL.dll
 0002:00000004       __imp_@KfReleaseSpinLock@8 00011764     hal:HAL.dll
 0002:00000008       __imp__KeStallExecutionProcessor@4 00011768     hal:HAL.dll
 0002:0000000c       \177HAL_NULL_THUNK_DATA    0001176c     hal:HAL.dll
 0002:00000010       __imp__DbgPrint            00011770     ntoskrnl:ntoskrnl.exe
 0002:00000014       __imp__KeInitializeSpinLock@4 00011774     ntoskrnl:ntoskrnl.exe
 0002:00000018       __imp__MmUnmapIoSpace@8    00011778     ntoskrnl:ntoskrnl.exe
 0002:0000001c       __imp__READ_REGISTER_ULONG@4 0001177c     ntoskrnl:ntoskrnl.exe
 0002:00000020       __imp__WRITE_REGISTER_ULONG@8 00011780     ntoskrnl:ntoskrnl.exe
 0002:00000024       __imp__RtlInitUnicodeString@8 00011784     ntoskrnl:ntoskrnl.exe
 0002:00000028       __imp__READ_REGISTER_UCHAR@4 00011788     ntoskrnl:ntoskrnl.exe
 0002:0000002c       __imp__IoGetDmaAdapter@12  0001178c     ntoskrnl:ntoskrnl.exe
 0002:00000030       __imp__MmMapIoSpace@16     00011790     ntoskrnl:ntoskrnl.exe
 0002:00000034       __imp__WRITE_REGISTER_USHORT@8 00011794     ntoskrnl:ntoskrnl.exe
 0002:00000038       __imp__KeInitializeMutex@8 00011798     ntoskrnl:ntoskrnl.exe
 0002:0000003c       __imp__KeReleaseMutex@8    0001179c     ntoskrnl:ntoskrnl.exe
 0002:00000040       __imp__KeWaitForSingleObject@20 000117a0     ntoskrnl:ntoskrnl.exe
 0002:00000044       __imp___alldiv             000117a4     ntoskrnl:ntoskrnl.exe
 0002:00000048       __imp___allmul             000117a8     ntoskrnl:ntoskrnl.exe
 0002:0000004c       __imp__ExFreePool@4        000117ac     ntoskrnl:ntoskrnl.exe
 0002:00000050       __imp__ExAllocatePoolWithTag@12 000117b0     ntoskrnl:ntoskrnl.exe
 0002:00000054       __imp__READ_REGISTER_USHORT@4 000117b4     ntoskrnl:ntoskrnl.exe
 0002:00000058       __imp__WRITE_REGISTER_UCHAR@8 000117b8     ntoskrnl:ntoskrnl.exe
 0002:0000005c       __imp__RtlAssert@16        000117bc     ntoskrnl:ntoskrnl.exe
 0002:00000060       __imp_@InterlockedIncrement@4 000117c0     ntoskrnl:ntoskrnl.exe
 0002:00000064       __imp_@InterlockedDecrement@4 000117c4     ntoskrnl:ntoskrnl.exe
 0002:00000068       \177ntoskrnl_NULL_THUNK_DATA 000117c8     ntoskrnl:ntoskrnl.exe
 0002:0000006c       __imp__PcRegisterSubdevice@12 000117cc     portcls:portcls.sys
 0002:00000070       __imp__PcNewPort@8         000117d0     portcls:portcls.sys
 0002:00000074       __imp__PcRegisterPhysicalConnection@20 000117d4     portcls:portcls.sys
 0002:00000078       __imp__PcAddAdapterDevice@20 000117d8     portcls:portcls.sys
 0002:0000007c       __imp__PcNewMiniport@8     000117dc     portcls:portcls.sys
 0002:00000080       __imp__PcNewInterruptSync@20 000117e0     portcls:portcls.sys
 0002:00000084       __imp__PcNewRegistryKey@36 000117e4     portcls:portcls.sys
 0002:00000088       __imp__PcNewServiceGroup@8 000117e8     portcls:portcls.sys
 0002:0000008c       __imp__PcRegisterAdapterPowerManagement@8 000117ec     portcls:portcls.sys
 0002:00000090       __imp__PcInitializeAdapterDriver@12 000117f0     portcls:portcls.sys
 0002:00000094       __imp__PcNewResourceSublist@20 000117f4     portcls:portcls.sys
 0002:00000098       \177portcls_NULL_THUNK_DATA 000117f8     portcls:portcls.sys
 0002:000000f8       _IID_IAdapterCommon        00011858     adapter.obj
 0002:00000108       _CLSID_MiniportDriverFmSynth 00011868     adapter.obj
 0002:00000118       _CLSID_PortWaveCyclic      00011878     adapter.obj
 0002:00000128       _CLSID_PortTopology        00011888     adapter.obj
 0002:00000138       _CLSID_PortMidi            00011898     adapter.obj
 0002:00000148       _IID_IAdapterPowerManagment 000118a8     adapter.obj
 0002:00000158       _IID_IMiniportWaveCyclicStream 000118b8     adapter.obj
 0002:00000168       _IID_IMiniportWaveCyclic   000118c8     adapter.obj
 0002:00000178       _IID_IPortWaveCyclic       000118d8     adapter.obj
 0002:00000188       _IID_IMiniportTopology     000118e8     adapter.obj
 0002:00000198       _IID_IMiniport             000118f8     adapter.obj
 0002:000001a8       _IID_IUnknown              00011908     adapter.obj
 0002:000001b8       ??_C@_1BE@ENEK@?$AAR?$AAi?$AAg?$AAh?$AAt?$AAB?$AAa?$AAs?$AAs?$AA?$AA@ 00011918     common.obj
 0002:000001cc       ??_C@_1BC@JMJO@?$AAL?$AAe?$AAf?$AAt?$AAB?$AAa?$AAs?$AAs?$AA?$AA@ 0001192c     common.obj
 0002:000001e0       ??_C@_1BI@KGAJ@?$AAR?$AAi?$AAg?$AAh?$AAt?$AAT?$AAr?$AAe?$AAb?$AAl?$AAe?$AA?$AA@ 00011940     common.obj
 0002:000001f8       ??_C@_1BG@BGGD@?$AAL?$AAe?$AAf?$AAt?$AAT?$AAr?$AAe?$AAb?$AAl?$AAe?$AA?$AA@ 00011958     common.obj
 0002:00000210       ??_C@_1O@IECC@?$AAM?$AAi?$AAc?$AAA?$AAG?$AAC?$AA?$AA@ 00011970     common.obj
 0002:00000220       ??_C@_1CA@EJHI@?$AAR?$AAi?$AAg?$AAh?$AAt?$AAO?$AAu?$AAt?$AAp?$AAu?$AAt?$AAG?$AAa?$AAi?$AAn?$AA?$AA@ 00011980     common.obj
 0002:00000240       ??_C@_1BO@PPLI@?$AAL?$AAe?$AAf?$AAt?$AAO?$AAu?$AAt?$AAp?$AAu?$AAt?$AAG?$AAa?$AAi?$AAn?$AA?$AA@ 000119a0     common.obj
 0002:00000260       ??_C@_1BO@PMCJ@?$AAR?$AAi?$AAg?$AAh?$AAt?$AAI?$AAn?$AAp?$AAu?$AAt?$AAG?$AAa?$AAi?$AAn?$AA?$AA@ 000119c0     common.obj
 0002:00000280       ??_C@_1BM@CFEM@?$AAL?$AAe?$AAf?$AAt?$AAI?$AAn?$AAp?$AAu?$AAt?$AAG?$AAa?$AAi?$AAn?$AA?$AA@ 000119e0     common.obj
 0002:0000029c       ??_C@_1CA@CIKM@?$AAR?$AAi?$AAg?$AAh?$AAt?$AAI?$AAn?$AAp?$AAu?$AAt?$AAM?$AAi?$AAx?$AAe?$AAr?$AA?$AA@ 000119fc     common.obj
 0002:000002bc       ??_C@_1BO@JOGM@?$AAL?$AAe?$AAf?$AAt?$AAI?$AAn?$AAp?$AAu?$AAt?$AAM?$AAi?$AAx?$AAe?$AAr?$AA?$AA@ 00011a1c     common.obj
 0002:000002dc       ??_C@_1BI@BMOJ@?$AAO?$AAu?$AAt?$AAp?$AAu?$AAt?$AAM?$AAi?$AAx?$AAe?$AAr?$AA?$AA@ 00011a3c     common.obj
 0002:000002f4       ??_C@_1BE@GLOL@?$AAP?$AAc?$AAS?$AAp?$AAk?$AAr?$AAV?$AAo?$AAl?$AA?$AA@ 00011a54     common.obj
 0002:00000308       ??_C@_1O@MNBB@?$AAM?$AAi?$AAc?$AAV?$AAo?$AAl?$AA?$AA@ 00011a68     common.obj
 0002:00000318       ??_C@_1BO@HCKE@?$AAR?$AAi?$AAg?$AAh?$AAt?$AAL?$AAi?$AAn?$AAe?$AAI?$AAn?$AAV?$AAo?$AAl?$AA?$AA@ 00011a78     common.obj
 0002:00000338       ??_C@_1BM@KLMB@?$AAL?$AAe?$AAf?$AAt?$AAL?$AAi?$AAn?$AAe?$AAI?$AAn?$AAV?$AAo?$AAl?$AA?$AA@ 00011a98     common.obj
 0002:00000354       ??_C@_1BG@COJL@?$AAR?$AAi?$AAg?$AAh?$AAt?$AAC?$AAD?$AAV?$AAo?$AAl?$AA?$AA@ 00011ab4     common.obj
 0002:0000036c       ??_C@_1BE@KMKA@?$AAL?$AAe?$AAf?$AAt?$AAC?$AAD?$AAV?$AAo?$AAl?$AA?$AA@ 00011acc     common.obj
 0002:00000380       ??_C@_1BK@JCIM@?$AAR?$AAi?$AAg?$AAh?$AAt?$AAM?$AAi?$AAd?$AAi?$AAV?$AAo?$AAl?$AA?$AA@ 00011ae0     common.obj
 0002:0000039c       ??_C@_1BI@KBIJ@?$AAL?$AAe?$AAf?$AAt?$AAM?$AAi?$AAd?$AAi?$AAV?$AAo?$AAl?$AA?$AA@ 00011afc     common.obj
 0002:000003b4       ??_C@_1BK@MFCG@?$AAR?$AAi?$AAg?$AAh?$AAt?$AAW?$AAa?$AAv?$AAe?$AAV?$AAo?$AAl?$AA?$AA@ 00011b14     common.obj
 0002:000003d0       ??_C@_1BI@PGCD@?$AAL?$AAe?$AAf?$AAt?$AAW?$AAa?$AAv?$AAe?$AAV?$AAo?$AAl?$AA?$AA@ 00011b30     common.obj
 0002:000003e8       ??_C@_1BO@NHA@?$AAR?$AAi?$AAg?$AAh?$AAt?$AAM?$AAa?$AAs?$AAt?$AAe?$AAr?$AAV?$AAo?$AAl?$AA?$AA@ 00011b48     common.obj
 0002:00000408       ??_C@_1BM@NEBF@?$AAL?$AAe?$AAf?$AAt?$AAM?$AAa?$AAs?$AAt?$AAe?$AAr?$AAV?$AAo?$AAl?$AA?$AA@ 00011b68     common.obj
 0002:00000424       ??_7CAdapterCommon@@6BIAdapterPowerManagement@@@ 00011b84     common.obj
 0002:0000043c       ??_7CAdapterCommon@@6BIAdapterCommon@@@ 00011b9c     common.obj
 0002:00000490       ??_7CAdapterCommon@@6BCUnknown@@@ 00011bf0     common.obj
 0002:00000568       ??_7CMiniportTopologyHDA@@6BIMiniportTopology@@@ 00011cc8     mintopo.obj
 0002:00000580       ??_7CMiniportTopologyHDA@@6BCUnknown@@@ 00011ce0     mintopo.obj
 0002:00000590       ??_7CMiniportWaveCyclicHDA@@6BIMiniportWaveCyclic@@@ 00011cf0     minwave.obj
 0002:000005ac       ??_7CMiniportWaveCyclicHDA@@6BCUnknown@@@ 00011d0c     minwave.obj
 0002:000005bc       ??_7CMiniportWaveCyclicStreamHDA@@6BIMiniportWaveCyclicStream@@@ 00011d1c     minwave.obj
 0002:000005e0       ??_7CMiniportWaveCyclicStreamHDA@@6BCUnknown@@@ 00011d40     minwave.obj
 0002:000005f0       ??_7CUnknown@@6B@          00011d50     stdunk:stdunk.obj
 0002:00000600       ??_C@_0BB@CHNF@m_lRefCount?5?$DO?$DN?50?$AA@ 00011d60     stdunk:stdunk.obj
 0002:00000614       ??_C@_0N@DIKJ@?4?2stdunk?4cpp?$AA@ 00011d74     stdunk:stdunk.obj
 0002:00000624       ??_C@_0BA@HPDB@m_lRefCount?5?$DO?50?$AA@ 00011d84     stdunk:stdunk.obj
 0002:00000634       ??_C@_06DPDC@ppVoid?$AA@   00011d94     stdunk:stdunk.obj
 0003:00000000       __GUID_b7902fe9_fb0a_11d1_81b0_0060083316c1 00011da0     adapter.obj
 0003:00000010       __GUID_d3f0ce1c_fffc_11d1_81b0_0060083316c1 00011db0     adapter.obj
 0003:00000020       __GUID_c096df9c_fb09_11d1_81b0_0060083316c1 00011dc0     adapter.obj
 0003:000000f0       ?audBufSize@@3KA           00011e90     common.obj
 0003:000000f4       ?BdlSize@@3KA              00011e94     common.obj
 0003:000007f0       __GUID_185fedf6_9905_11d1_95a9_00c04fb925d3 00012590     mintopo.obj
 0003:00000800       __GUID_185fedef_9905_11d1_95a9_00c04fb925d3 000125a0     mintopo.obj
 0003:00000810       __GUID_185fede1_9905_11d1_95a9_00c04fb925d3 000125b0     mintopo.obj
 0003:00000820       __GUID_185fede0_9905_11d1_95a9_00c04fb925d3 000125c0     mintopo.obj
 0003:00000830       __GUID_7607e580_c557_11d0_8a2b_00a0c9255ac1 000125d0     mintopo.obj
 0003:00000840       __GUID_185fede3_9905_11d1_95a9_00c04fb925d3 000125e0     mintopo.obj
 0003:00000850       __GUID_da441a60_c556_11d0_8a2b_00a0c9255ac1 000125f0     mintopo.obj
 0003:00000860       __GUID_185fedee_9905_11d1_95a9_00c04fb925d3 00012600     mintopo.obj
 0003:00000870       __GUID_02b223c0_c557_11d0_8a2b_00a0c9255ac1 00012610     mintopo.obj
 0003:00000880       __GUID_185feded_9905_11d1_95a9_00c04fb925d3 00012620     mintopo.obj
 0003:00000890       __GUID_e88c9ba0_c557_11d0_8a2b_00a0c9255ac1 00012630     mintopo.obj
 0003:000008a0       __GUID_185fedec_9905_11d1_95a9_00c04fb925d3 00012640     mintopo.obj
 0003:000008b0       __GUID_185fedeb_9905_11d1_95a9_00c04fb925d3 00012650     mintopo.obj
 0003:000008c0       __GUID_185fedea_9905_11d1_95a9_00c04fb925d3 00012660     mintopo.obj
 0003:000008d0       __GUID_185fede9_9905_11d1_95a9_00c04fb925d3 00012670     mintopo.obj
 0003:000008e0       __GUID_185fede8_9905_11d1_95a9_00c04fb925d3 00012680     mintopo.obj
 0003:000008f0       __GUID_e573adc0_c555_11d0_8a2b_00a0c9255ac1 00012690     mintopo.obj
 0003:00000900       __GUID_185fede7_9905_11d1_95a9_00c04fb925d3 000126a0     mintopo.obj
 0003:00000910       __GUID_185fede5_9905_11d1_95a9_00c04fb925d3 000126b0     mintopo.obj
 0003:00000920       __GUID_3a5acc00_c557_11d0_8a2b_00a0c9255ac1 000126c0     mintopo.obj
 0003:00000930       __GUID_45ffaaa0_6e1b_11d0_bcf2_444553540000 000126d0     mintopo.obj
 0003:00000940       __GUID_6994ad04_93ef_11d0_a3cc_00a0c9223196 000126e0     mintopo.obj
 0003:00000950       __GUID_185fedf7_9905_11d1_95a9_00c04fb925d3 000126f0     mintopo.obj
 0003:00000960       __GUID_dff21ce1_f70f_11d0_b917_00a0c9223196 00012700     mintopo.obj
 0003:00000970       __GUID_dff21be1_f70f_11d0_b917_00a0c9223196 00012710     mintopo.obj
 0003:00000980       __GUID_185fedf9_9905_11d1_95a9_00c04fb925d3 00012720     mintopo.obj
 0003:00000990       __GUID_dff21fe3_f70f_11d0_b917_00a0c9223196 00012730     mintopo.obj
 0003:000009a0       __GUID_185fedfb_9905_11d1_95a9_00c04fb925d3 00012740     mintopo.obj
 0003:000009b0       __GUID_dff220e3_f70f_11d0_b917_00a0c9223196 00012750     mintopo.obj
 0003:000009c0       __GUID_185fedf8_9905_11d1_95a9_00c04fb925d3 00012760     mintopo.obj
 0003:000009d0       __GUID_dff220f3_f70f_11d0_b917_00a0c9223196 00012770     mintopo.obj
 0003:000009e0       __GUID_dff21fe4_f70f_11d0_b917_00a0c9223196 00012780     mintopo.obj
 0003:000009f0       __GUID_97e99ba0_bdea_11cf_a5d6_28db04c10000 00012790     mintopo.obj
 0003:00000c38       __GUID_507ae360_c554_11d0_8a2b_00a0c9255ac1 000129d8     minwave.obj
 0003:00000c48       __GUID_4d837fe0_c555_11d0_8a2b_00a0c9255ac1 000129e8     minwave.obj
 0003:00000c58       __GUID_185fedfa_9905_11d1_95a9_00c04fb925d3 000129f8     minwave.obj
 0003:00000c68       __GUID_fb6c4281_0353_11d1_905f_0000c0cc16ba 00012a08     minwave.obj
 0003:00000c78       __GUID_05589f81_c356_11ce_bf01_00aa0055595a 00012a18     minwave.obj
 0003:00000c88       __GUID_00000001_0000_0010_8000_00aa00389b71 00012a28     minwave.obj
 0003:00000c98       __GUID_73647561_0000_0010_8000_00aa00389b71 00012a38     minwave.obj
 0003:00000ca8       __GUID_0f6417d6_c318_11d0_a43f_00a0c9223196 00012a48     minwave.obj
 0003:00000cb8       __GUID_518590a2_a184_11d0_8522_00c04fd9baf3 00012a58     minwave.obj
 0003:00000cc8       __GUID_00000000_0000_0000_0000_000000000000 00012a68     adapter.obj
 0004:00000000       _AddDevice@8               00012a80 f   adapter.obj
 0004:0000001a       ?InstallSubdevice@@YGJPAU_DEVICE_OBJECT@@PAU_IRP@@PAGABU_GUID@@3P6GJPAPAUIUnknown@@3PAU4@W4_POOL_TYPE@@@Z5PAUIResourceList@@344@Z 00012a9a f   adapter.obj
 0004:00000120       ?StartDevice@@YGJPAU_DEVICE_OBJECT@@PAU_IRP@@PAUIResourceList@@@Z 00012ba0 f   adapter.obj
 0004:0000036e       ?AssignResources@@YGJPAUIResourceList@@PAPAU1@11111@Z 00012dee f   adapter.obj
 0004:00000624       ?NewAdapterCommon@@YGJPAPAUIUnknown@@ABU_GUID@@PAU1@W4_POOL_TYPE@@@Z 000130a4 f   common.obj
 0004:00000779       ?Init@CAdapterCommon@@UAGJPAUIResourceList@@PAU_DEVICE_OBJECT@@@Z 000131f9 f   common.obj
 0004:00000ac4       ??1CAdapterCommon@@UAE@XZ  00013544 f   common.obj
 0004:00000c1a       ?NonDelegatingQueryInterface@CAdapterCommon@@UAGJABU_GUID@@PAPAX@Z 0001369a f   common.obj
 0004:00000cda       ?WavePortDriverDest@CAdapterCommon@@UAGPAPAUIUnknown@@XZ 0001375a f   common.obj
 0004:00000ce6       ?GetInterruptSync@CAdapterCommon@@UAGPAUIInterruptSync@@XZ 00013766 f   common.obj
 0004:00000cf4       ?MidiPortDriverDest@CAdapterCommon@@UAGPAPAUIUnknown@@XZ 00013774 f   common.obj
 0004:00000d00       ?SetWaveServiceGroup@CAdapterCommon@@UAGXPAUIServiceGroup@@@Z 00013780 f   common.obj
 0004:00000d30       ?InitHDA@CAdapterCommon@@QAGJXZ 000137b0 f   common.obj
 0004:000010d4       ?InitializeCodec@CAdapterCommon@@QAGJE@Z 00013b54 f   common.obj
 0004:000013c5       ?hda_initialize_audio_function_group@CAdapterCommon@@QAGXKK@Z 00013e45 f   common.obj
 0004:000018a4       ?hda_get_node_type@CAdapterCommon@@QAGEKK@Z 00014324 f   common.obj
 0004:000018c6       ?hda_get_node_connection_entries@CAdapterCommon@@QAGKKKK@Z 00014346 f   common.obj
 0004:0000194c       ?hda_set_node_gain@CAdapterCommon@@QAGXKKKKK@Z 000143cc f   common.obj
 0004:000019ba       ?hda_enable_pin_output@CAdapterCommon@@QAGXKK@Z 0001443a f   common.obj
 0004:000019ec       ?hda_disable_pin_output@CAdapterCommon@@QAGXKK@Z 0001446c f   common.obj
 0004:00001a1e       ?hda_is_headphone_connected@CAdapterCommon@@QAGHXZ 0001449e f   common.obj
 0004:00001a5a       ?hda_initialize_output_pin@CAdapterCommon@@QAGXK@Z 000144da f   common.obj
 0004:00001bb4       ?hda_initalize_audio_output@CAdapterCommon@@QAGXK@Z 00014634 f   common.obj
 0004:00001cc0       ?hda_initalize_audio_mixer@CAdapterCommon@@QAGXK@Z 00014740 f   common.obj
 0004:00001d9e       ?hda_initalize_audio_selector@CAdapterCommon@@QAGXK@Z 0001481e f   common.obj
 0004:00001ea8       ?CreateMiniportTopologyHDA@@YGJPAPAUIUnknown@@ABU_GUID@@PAU1@W4_POOL_TYPE@@@Z 00014928 f   mintopo.obj
 0004:00001f08       ?ProcessResources@CMiniportTopologyHDA@@AAEJPAUIResourceList@@@Z 00014988 f   mintopo.obj
 0004:00001f2c       ?NonDelegatingQueryInterface@CMiniportTopologyHDA@@UAGJABU_GUID@@PAPAX@Z 000149ac f   mintopo.obj
 0004:00001fda       ??1CMiniportTopologyHDA@@UAE@XZ 00014a5a f   mintopo.obj
 0004:0000201e       ?Init@CMiniportTopologyHDA@@UAGJPAUIUnknown@@PAUIResourceList@@PAUIPortTopology@@@Z 00014a9e f   mintopo.obj
 0004:00002080       ?GetDescription@CMiniportTopologyHDA@@UAGJPAPAUPCFILTER_DESCRIPTOR@@@Z 00014b00 f   mintopo.obj
 0004:000028a4       ?CreateMiniportWaveCyclicHDA@@YGJPAPAUIUnknown@@ABU_GUID@@PAU1@W4_POOL_TYPE@@@Z 00015324 f   minwave.obj
 0004:00002904       ?ProcessResources@CMiniportWaveCyclicHDA@@AAEJPAUIResourceList@@@Z 00015384 f   minwave.obj
 0004:000029aa       ?ValidateFormat@CMiniportWaveCyclicHDA@@AAEJPATKSDATAFORMAT@@@Z 0001542a f   minwave.obj
 0004:00002a84       ?NonDelegatingQueryInterface@CMiniportWaveCyclicHDA@@UAGJABU_GUID@@PAPAX@Z 00015504 f   minwave.obj
 0004:00002b32       ??1CMiniportWaveCyclicHDA@@UAE@XZ 000155b2 f   minwave.obj
 0004:00002b86       ?Init@CMiniportWaveCyclicHDA@@UAGJPAUIUnknown@@PAUIResourceList@@PAUIPortWaveCyclic@@@Z 00015606 f   minwave.obj
 0004:00002c2e       ?GetDescription@CMiniportWaveCyclicHDA@@UAGJPAPAUPCFILTER_DESCRIPTOR@@@Z 000156ae f   minwave.obj
 0004:00002c3e       ?DataRangeIntersection@CMiniportWaveCyclicHDA@@UAGJKPATKSDATAFORMAT@@0KPAXPAK@Z 000156be f   minwave.obj
 0004:00002e94       ?NewStream@CMiniportWaveCyclicHDA@@UAGJPAPAUIMiniportWaveCyclicStream@@PAUIUnknown@@W4_POOL_TYPE@@KEPATKSDATAFORMAT@@PAPAUIDmaChannel@@PAPAUIServiceGroup@@@Z 00015914 f   minwave.obj
 0004:00002fd4       ?NonDelegatingQueryInterface@CMiniportWaveCyclicStreamHDA@@UAGJABU_GUID@@PAPAX@Z 00015a54 f   minwave.obj
 0004:0000305c       ??1CMiniportWaveCyclicStreamHDA@@UAE@XZ 00015adc f   minwave.obj
 0004:000030c6       ?Init@CMiniportWaveCyclicStreamHDA@@QAEJPAVCMiniportWaveCyclicHDA@@KEPATKSDATAFORMAT@@PAUIDmaChannel@@@Z 00015b46 f   minwave.obj
 0004:0000314c       ?SetNotificationFreq@CMiniportWaveCyclicStreamHDA@@UAGKKPAK@Z 00015bcc f   minwave.obj
 0004:0000318c       ?SetFormat@CMiniportWaveCyclicStreamHDA@@UAGJPATKSDATAFORMAT@@@Z 00015c0c f   minwave.obj
 0004:00003246       ?SetState@CMiniportWaveCyclicStreamHDA@@UAGJW4KSSTATE@@@Z 00015cc6 f   minwave.obj
 0005:00000000       _DriverEntry@8             00015d20 f   adapter.obj
 0005:00000018       __IMPORT_DESCRIPTOR_ntoskrnl 00015d38     ntoskrnl:ntoskrnl.exe
 0005:0000002c       __IMPORT_DESCRIPTOR_HAL    00015d4c     hal:HAL.dll
 0005:00000040       __IMPORT_DESCRIPTOR_portcls 00015d60     portcls:portcls.sys
 0005:00000054       __NULL_IMPORT_DESCRIPTOR   00015d74     ntoskrnl:ntoskrnl.exe

 entry point at        0005:00000000

 Static symbols

 0004:00002090       ?PropertyHandler_OnOff@@YGJPAU_PCPROPERTY_REQUEST@@@Z 00014b10 f   mintopo.obj
 0004:0000222e       ?PropertyHandler_SuperMixCaps@@YGJPAU_PCPROPERTY_REQUEST@@@Z 00014cae f   mintopo.obj
 0004:00002408       ?PropertyHandler_SuperMixTable@@YGJPAU_PCPROPERTY_REQUEST@@@Z 00014e88 f   mintopo.obj
 0004:00002724       ?PropertyHandler_CpuResources@@YGJPAU_PCPROPERTY_REQUEST@@@Z 000151a4 f   mintopo.obj
 0001:00000c20       ?PropertyHandler_Level@@YGJPAU_PCPROPERTY_REQUEST@@@Z 00010f00 f   mintopo.obj
 0004:000027b0       ?BasicSupportHandler@@YGJPAU_PCPROPERTY_REQUEST@@@Z 00015230 f   mintopo.obj

 115 bytes saved through ICF

