 HDA

 Timestamp is 692e1b92 (Mon Dec 01 14:49:54 2025)

 Preferred load address is 00010000

 Start         Length     Name                   Class
 0001:00000000 00001531H .text                   CODE
 0002:00000000 000000b0H .idata$5                DATA
 0002:000000b0 000005a3H .rdata                  DATA
 0003:00000000 00000cc8H .data                   DATA
 0003:00000cc8 00000010H .bss                    DATA
 0004:00000000 000034f1H PAGE                    CODE
 0005:00000000 00000015H INIT                    CODE
 0005:00000018 0000003cH .idata$2                CODE
 0005:00000054 00000014H .idata$3                CODE
 0005:00000068 000000b0H .idata$4                CODE
 0005:00000118 00000390H .idata$6                CODE
 0006:00000000 00000058H .rsrc$01                DATA
 0006:00000060 00000338H .rsrc$02                DATA

  Address         Publics by Value              Rva+Base     Lib:Object

 0001:00000000       ??3@YAXPAX@Z               000102e0 f i common.obj
 0001:0000000c       ?QueryInterface@CAdapterCommon@@UAGJABU_GUID@@PAPAX@Z 000102ec f i common.obj
 0001:00000024       ?AddRef@CAdapterCommon@@UAGKXZ 00010304 f i common.obj
 0001:00000034       ?Release@CAdapterCommon@@UAGKXZ 00010314 f i common.obj
 0001:00000044       ??_ECAdapterCommon@@UAEPAXI@Z 00010324 f i common.obj
 0001:00000044       ??_GCAdapterCommon@@UAEPAXI@Z 00010324 f i common.obj
 0001:00000064       ?hda_check_headphone_connection_change@CAdapterCommon@@QAGXXZ 00010344 f   common.obj
 0001:000000da       ?hda_is_supported_sample_rate@CAdapterCommon@@QAGEK@Z 000103ba f   common.obj
 0001:00000160       ?hda_send_verb@CAdapterCommon@@QAGKKKKK@Z 00010440 f   common.obj
 0001:000002c4       ?ReadController@CAdapterCommon@@UAGEXZ 000105a4 f   common.obj
 0001:000002ca       ?WriteController@CAdapterCommon@@UAGEE@Z 000105aa f   common.obj
 0001:000002d0       ?MixerRegWrite@CAdapterCommon@@UAGXEE@Z 000105b0 f   common.obj
 0001:00000308       ?MixerRegRead@CAdapterCommon@@UAGEE@Z 000105e8 f   common.obj
 0001:00000326       ?MixerReset@CAdapterCommon@@UAGXXZ 00010606 f   common.obj
 0001:0000032a       ?AcknowledgeIRQ@CAdapterCommon@@AAEEXZ 0001060a f   common.obj
 0001:000003a4       ?ResetController@CAdapterCommon@@UAGJXZ 00010684 f   common.obj
 0001:000003c4       ?RestoreMixerSettingsFromRegistry@CAdapterCommon@@UAGJXZ 000106a4 f   common.obj
 0001:00000522       ?SaveMixerSettingsToRegistry@CAdapterCommon@@UAGJXZ 00010802 f   common.obj
 0001:000005e6       ?ProgramSampleRate@CAdapterCommon@@UAGJK@Z 000108c6 f   common.obj
 0001:0000067c       ?PowerChangeState@CAdapterCommon@@UAGXT_POWER_STATE@@@Z 0001095c f   common.obj
 0001:000006da       ?QueryDeviceCapabilities@CAdapterCommon@@UAGJPAU_DEVICE_CAPABILITIES@@@Z 000109ba f   common.obj
 0001:000006da       ?QueryPowerChangeState@CAdapterCommon@@UAGJT_POWER_STATE@@@Z 000109ba f   common.obj
 0001:000006e0       ?InterruptServiceRoutine@@YGJPAUIInterruptSync@@PAX@Z 000109c0 f   common.obj
 0001:0000070c       ?hda_stop_stream@CAdapterCommon@@UAGJXZ 000109ec f   common.obj
 0001:00000802       ?hda_start_sound@CAdapterCommon@@UAGXXZ 00010ae2 f   common.obj
 0001:0000082a       ?hda_stop_sound@CAdapterCommon@@UAGXXZ 00010b0a f   common.obj
 0001:00000870       ?hda_get_actual_stream_position@CAdapterCommon@@UAGKXZ 00010b50 f   common.obj
 0001:00000886       ?hda_set_volume@CAdapterCommon@@QAGXK@Z 00010b66 f   common.obj
 0001:000008d4       ?readUCHAR@CAdapterCommon@@QAGEG@Z 00010bb4 f   common.obj
 0001:000008ec       ?writeUCHAR@CAdapterCommon@@QAGXGE@Z 00010bcc f   common.obj
 0001:00000908       ?readUSHORT@CAdapterCommon@@QAGGG@Z 00010be8 f   common.obj
 0001:00000920       ?writeUSHORT@CAdapterCommon@@QAGXGG@Z 00010c00 f   common.obj
 0001:0000093c       ?readULONG@CAdapterCommon@@QAGKG@Z 00010c1c f   common.obj
 0001:00000954       ?writeULONG@CAdapterCommon@@QAGXGK@Z 00010c34 f   common.obj
 0001:00000970       ?hda_showtime@CAdapterCommon@@UAGJPAUIDmaChannel@@@Z 00010c50 f   common.obj
 0001:00000ab0       ?hda_return_sound_data_format@CAdapterCommon@@QAGGKKK@Z 00010d90 f   common.obj
 0001:00000b72       ?ReadWriteConfigSpace@CAdapterCommon@@AAGJPAU_DEVICE_OBJECT@@KPAXKK@Z 00010e52 f   common.obj
 0001:00000c1a       ?WriteConfigSpaceByte@CAdapterCommon@@AAGJEEE@Z 00010efa f   common.obj
 0001:00000c50       ?WriteConfigSpaceWord@CAdapterCommon@@AAGJEGG@Z 00010f30 f   common.obj
 0001:00000c86       ?QueryInterface@CAdapterCommon@@W3AGJABU_GUID@@PAPAX@Z 00010f66 f i common.obj
 0001:00000c90       ?AddRef@CAdapterCommon@@W3AGKXZ 00010f70 f i common.obj
 0001:00000c9a       ?Release@CAdapterCommon@@W3AGKXZ 00010f7a f i common.obj
 0001:00000ca4       ?QueryInterface@CMiniportWaveCyclicStreamHDA@@UAGJABU_GUID@@PAPAX@Z 00010f84 f i mintopo.obj
 0001:00000ca4       ?QueryInterface@CMiniportWaveCyclicHDA@@UAGJABU_GUID@@PAPAX@Z 00010f84 f i mintopo.obj
 0001:00000ca4       ?QueryInterface@CMiniportTopologyHDA@@UAGJABU_GUID@@PAPAX@Z 00010f84 f i mintopo.obj
 0001:00000cbc       ?DataRangeIntersection@CMiniportTopologyHDA@@UAGJKPATKSDATAFORMAT@@0KPAXPAK@Z 00010f9c f i mintopo.obj
 0001:00000cc4       ??_GCMiniportTopologyHDA@@UAEPAXI@Z 00010fa4 f i mintopo.obj
 0001:00000cc4       ??_ECMiniportTopologyHDA@@UAEPAXI@Z 00010fa4 f i mintopo.obj
 0001:000010c2       ?ReadBitsFromMixer@CMiniportTopologyHDA@@AAEEEEE@Z 000113a2 f   mintopo.obj
 0001:000010ea       ?WriteBitsToMixer@CMiniportTopologyHDA@@AAEXEEEE@Z 000113ca f   mintopo.obj
 0001:00001140       ?AddRef@CMiniportWaveCyclicStreamHDA@@UAGKXZ 00011420 f i minwave.obj
 0001:00001140       ?AddRef@CMiniportTopologyHDA@@UAGKXZ 00011420 f i minwave.obj
 0001:00001140       ?AddRef@CMiniportWaveCyclicHDA@@UAGKXZ 00011420 f i minwave.obj
 0001:00001150       ??_GCMiniportWaveCyclicHDA@@UAEPAXI@Z 00011430 f i minwave.obj
 0001:00001150       ??_ECMiniportWaveCyclicHDA@@UAEPAXI@Z 00011430 f i minwave.obj
 0001:00001170       ?Release@CMiniportWaveCyclicHDA@@UAGKXZ 00011450 f i minwave.obj
 0001:00001170       ?Release@CMiniportWaveCyclicStreamHDA@@UAGKXZ 00011450 f i minwave.obj
 0001:00001170       ?Release@CMiniportTopologyHDA@@UAGKXZ 00011450 f i minwave.obj
 0001:00001180       ??_ECMiniportWaveCyclicStreamHDA@@UAEPAXI@Z 00011460 f i minwave.obj
 0001:00001180       ??_GCMiniportWaveCyclicStreamHDA@@UAEPAXI@Z 00011460 f i minwave.obj
 0001:000011a0       ?GetPosition@CMiniportWaveCyclicStreamHDA@@UAGJPAK@Z 00011480 f   minwave.obj
 0001:00001202       ?NormalizePhysicalPosition@CMiniportWaveCyclicStreamHDA@@UAGJPA_J@Z 000114e2 f   minwave.obj
 0001:0000124a       ?Silence@CMiniportWaveCyclicStreamHDA@@UAGXPAXK@Z 0001152a f   minwave.obj
 0001:00001284       _DbgPrint                  00011564 f   ntoskrnl:ntoskrnl.exe
 0001:0000128a       __alldiv                   0001156a f   ntoskrnl:ntoskrnl.exe
 0001:00001290       __allmul                   00011570 f   ntoskrnl:ntoskrnl.exe
 0001:00001296       _PcInitializeAdapterDriver@12 00011576 f   portcls:portcls.sys
 0001:0000129c       _PcAddAdapterDevice@20     0001157c f   portcls:portcls.sys
 0001:000012a2       _PcRegisterSubdevice@12    00011582 f   portcls:portcls.sys
 0001:000012a8       _PcNewMiniport@8           00011588 f   portcls:portcls.sys
 0001:000012ae       _PcNewPort@8               0001158e f   portcls:portcls.sys
 0001:000012b4       _PcRegisterPhysicalConnection@20 00011594 f   portcls:portcls.sys
 0001:000012ba       _PcRegisterAdapterPowerManagement@8 0001159a f   portcls:portcls.sys
 0001:000012c0       _PcNewResourceSublist@20   000115a0 f   portcls:portcls.sys
 0001:000012c6       _PcNewInterruptSync@20     000115a6 f   portcls:portcls.sys
 0001:000012cc       _PcNewRegistryKey@36       000115ac f   portcls:portcls.sys
 0001:000012d2       _PcNewServiceGroup@8       000115b2 f   portcls:portcls.sys
 0001:000012e0       ??0CUnknown@@QAE@PAUIUnknown@@@Z 000115c0 f   stdunk:stdunk.obj
 0001:00001330       ??_ECUnknown@@UAEPAXI@Z    00011610 f i stdunk:stdunk.obj
 0001:00001330       ??_GCUnknown@@UAEPAXI@Z    00011610 f i stdunk:stdunk.obj
 0001:00001360       ??0INonDelegatingUnknown@@QAE@XZ 00011640 f i stdunk:stdunk.obj
 0001:00001370       ??1CUnknown@@UAE@XZ        00011650 f   stdunk:stdunk.obj
 0001:00001390       ?NonDelegatingAddRef@CUnknown@@UAGKXZ 00011670 f   stdunk:stdunk.obj
 0001:000013d0       ?NonDelegatingRelease@CUnknown@@UAGKXZ 000116b0 f   stdunk:stdunk.obj
 0001:00001450       ?NonDelegatingQueryInterface@CUnknown@@UAGJABU_GUID@@PAPAX@Z 00011730 f   stdunk:stdunk.obj
 0001:000014c0       _IsEqualGUIDAligned@8      000117a0 f i stdunk:stdunk.obj
 0002:00000000       __imp_@KfAcquireSpinLock@4 00011820     hal:HAL.dll
 0002:00000004       __imp_@KfReleaseSpinLock@8 00011824     hal:HAL.dll
 0002:00000008       __imp__KeStallExecutionProcessor@4 00011828     hal:HAL.dll
 0002:0000000c       \177HAL_NULL_THUNK_DATA    0001182c     hal:HAL.dll
 0002:00000010       __imp__KeInitializeSpinLock@4 00011830     ntoskrnl:ntoskrnl.exe
 0002:00000014       __imp__MmUnmapIoSpace@8    00011834     ntoskrnl:ntoskrnl.exe
 0002:00000018       __imp__READ_REGISTER_ULONG@4 00011838     ntoskrnl:ntoskrnl.exe
 0002:0000001c       __imp__DbgPrint            0001183c     ntoskrnl:ntoskrnl.exe
 0002:00000020       __imp__WRITE_REGISTER_ULONG@8 00011840     ntoskrnl:ntoskrnl.exe
 0002:00000024       __imp__RtlInitUnicodeString@8 00011844     ntoskrnl:ntoskrnl.exe
 0002:00000028       __imp__READ_REGISTER_UCHAR@4 00011848     ntoskrnl:ntoskrnl.exe
 0002:0000002c       __imp__WRITE_REGISTER_UCHAR@8 0001184c     ntoskrnl:ntoskrnl.exe
 0002:00000030       __imp__READ_REGISTER_USHORT@4 00011850     ntoskrnl:ntoskrnl.exe
 0002:00000034       __imp__ExAllocatePoolWithTag@12 00011854     ntoskrnl:ntoskrnl.exe
 0002:00000038       __imp__MmMapIoSpace@16     00011858     ntoskrnl:ntoskrnl.exe
 0002:0000003c       __imp__KeWaitForSingleObject@20 0001185c     ntoskrnl:ntoskrnl.exe
 0002:00000040       __imp_@IofCallDriver@8     00011860     ntoskrnl:ntoskrnl.exe
 0002:00000044       __imp__IoBuildSynchronousFsdRequest@28 00011864     ntoskrnl:ntoskrnl.exe
 0002:00000048       __imp__IoGetAttachedDeviceReference@4 00011868     ntoskrnl:ntoskrnl.exe
 0002:0000004c       __imp__KeInitializeEvent@12 0001186c     ntoskrnl:ntoskrnl.exe
 0002:00000050       __imp__KeInitializeMutex@8 00011870     ntoskrnl:ntoskrnl.exe
 0002:00000054       __imp__KeReleaseMutex@8    00011874     ntoskrnl:ntoskrnl.exe
 0002:00000058       __imp__ExFreePool@4        00011878     ntoskrnl:ntoskrnl.exe
 0002:0000005c       __imp___allmul             0001187c     ntoskrnl:ntoskrnl.exe
 0002:00000060       __imp__IoGetDmaAdapter@12  00011880     ntoskrnl:ntoskrnl.exe
 0002:00000064       __imp__WRITE_REGISTER_USHORT@8 00011884     ntoskrnl:ntoskrnl.exe
 0002:00000068       __imp_@ObfDereferenceObject@4 00011888     ntoskrnl:ntoskrnl.exe
 0002:0000006c       __imp___alldiv             0001188c     ntoskrnl:ntoskrnl.exe
 0002:00000070       __imp__RtlAssert@16        00011890     ntoskrnl:ntoskrnl.exe
 0002:00000074       __imp_@InterlockedIncrement@4 00011894     ntoskrnl:ntoskrnl.exe
 0002:00000078       __imp_@InterlockedDecrement@4 00011898     ntoskrnl:ntoskrnl.exe
 0002:0000007c       \177ntoskrnl_NULL_THUNK_DATA 0001189c     ntoskrnl:ntoskrnl.exe
 0002:00000080       __imp__PcRegisterSubdevice@12 000118a0     portcls:portcls.sys
 0002:00000084       __imp__PcNewPort@8         000118a4     portcls:portcls.sys
 0002:00000088       __imp__PcRegisterPhysicalConnection@20 000118a8     portcls:portcls.sys
 0002:0000008c       __imp__PcAddAdapterDevice@20 000118ac     portcls:portcls.sys
 0002:00000090       __imp__PcNewMiniport@8     000118b0     portcls:portcls.sys
 0002:00000094       __imp__PcNewInterruptSync@20 000118b4     portcls:portcls.sys
 0002:00000098       __imp__PcNewRegistryKey@36 000118b8     portcls:portcls.sys
 0002:0000009c       __imp__PcNewServiceGroup@8 000118bc     portcls:portcls.sys
 0002:000000a0       __imp__PcRegisterAdapterPowerManagement@8 000118c0     portcls:portcls.sys
 0002:000000a4       __imp__PcInitializeAdapterDriver@12 000118c4     portcls:portcls.sys
 0002:000000a8       __imp__PcNewResourceSublist@20 000118c8     portcls:portcls.sys
 0002:000000ac       \177portcls_NULL_THUNK_DATA 000118cc     portcls:portcls.sys
 0002:00000108       _IID_IAdapterCommon        00011928     adapter.obj
 0002:00000118       _CLSID_MiniportDriverFmSynth 00011938     adapter.obj
 0002:00000128       _CLSID_PortWaveCyclic      00011948     adapter.obj
 0002:00000138       _CLSID_PortTopology        00011958     adapter.obj
 0002:00000148       _CLSID_PortMidi            00011968     adapter.obj
 0002:00000158       _IID_IAdapterPowerManagment 00011978     adapter.obj
 0002:00000168       _IID_IMiniportWaveCyclicStream 00011988     adapter.obj
 0002:00000178       _IID_IMiniportWaveCyclic   00011998     adapter.obj
 0002:00000188       _IID_IPortWaveCyclic       000119a8     adapter.obj
 0002:00000198       _IID_IMiniportTopology     000119b8     adapter.obj
 0002:000001a8       _IID_IMiniport             000119c8     adapter.obj
 0002:000001b8       _IID_IUnknown              000119d8     adapter.obj
 0002:000001c8       ??_C@_1BE@ENEK@?$AAR?$AAi?$AAg?$AAh?$AAt?$AAB?$AAa?$AAs?$AAs?$AA?$AA@ 000119e8     common.obj
 0002:000001dc       ??_C@_1BC@JMJO@?$AAL?$AAe?$AAf?$AAt?$AAB?$AAa?$AAs?$AAs?$AA?$AA@ 000119fc     common.obj
 0002:000001f0       ??_C@_1BI@KGAJ@?$AAR?$AAi?$AAg?$AAh?$AAt?$AAT?$AAr?$AAe?$AAb?$AAl?$AAe?$AA?$AA@ 00011a10     common.obj
 0002:00000208       ??_C@_1BG@BGGD@?$AAL?$AAe?$AAf?$AAt?$AAT?$AAr?$AAe?$AAb?$AAl?$AAe?$AA?$AA@ 00011a28     common.obj
 0002:00000220       ??_C@_1O@IECC@?$AAM?$AAi?$AAc?$AAA?$AAG?$AAC?$AA?$AA@ 00011a40     common.obj
 0002:00000230       ??_C@_1CA@EJHI@?$AAR?$AAi?$AAg?$AAh?$AAt?$AAO?$AAu?$AAt?$AAp?$AAu?$AAt?$AAG?$AAa?$AAi?$AAn?$AA?$AA@ 00011a50     common.obj
 0002:00000250       ??_C@_1BO@PPLI@?$AAL?$AAe?$AAf?$AAt?$AAO?$AAu?$AAt?$AAp?$AAu?$AAt?$AAG?$AAa?$AAi?$AAn?$AA?$AA@ 00011a70     common.obj
 0002:00000270       ??_C@_1BO@PMCJ@?$AAR?$AAi?$AAg?$AAh?$AAt?$AAI?$AAn?$AAp?$AAu?$AAt?$AAG?$AAa?$AAi?$AAn?$AA?$AA@ 00011a90     common.obj
 0002:00000290       ??_C@_1BM@CFEM@?$AAL?$AAe?$AAf?$AAt?$AAI?$AAn?$AAp?$AAu?$AAt?$AAG?$AAa?$AAi?$AAn?$AA?$AA@ 00011ab0     common.obj
 0002:000002ac       ??_C@_1CA@CIKM@?$AAR?$AAi?$AAg?$AAh?$AAt?$AAI?$AAn?$AAp?$AAu?$AAt?$AAM?$AAi?$AAx?$AAe?$AAr?$AA?$AA@ 00011acc     common.obj
 0002:000002cc       ??_C@_1BO@JOGM@?$AAL?$AAe?$AAf?$AAt?$AAI?$AAn?$AAp?$AAu?$AAt?$AAM?$AAi?$AAx?$AAe?$AAr?$AA?$AA@ 00011aec     common.obj
 0002:000002ec       ??_C@_1BI@BMOJ@?$AAO?$AAu?$AAt?$AAp?$AAu?$AAt?$AAM?$AAi?$AAx?$AAe?$AAr?$AA?$AA@ 00011b0c     common.obj
 0002:00000304       ??_C@_1BE@GLOL@?$AAP?$AAc?$AAS?$AAp?$AAk?$AAr?$AAV?$AAo?$AAl?$AA?$AA@ 00011b24     common.obj
 0002:00000318       ??_C@_1O@MNBB@?$AAM?$AAi?$AAc?$AAV?$AAo?$AAl?$AA?$AA@ 00011b38     common.obj
 0002:00000328       ??_C@_1BO@HCKE@?$AAR?$AAi?$AAg?$AAh?$AAt?$AAL?$AAi?$AAn?$AAe?$AAI?$AAn?$AAV?$AAo?$AAl?$AA?$AA@ 00011b48     common.obj
 0002:00000348       ??_C@_1BM@KLMB@?$AAL?$AAe?$AAf?$AAt?$AAL?$AAi?$AAn?$AAe?$AAI?$AAn?$AAV?$AAo?$AAl?$AA?$AA@ 00011b68     common.obj
 0002:00000364       ??_C@_1BG@COJL@?$AAR?$AAi?$AAg?$AAh?$AAt?$AAC?$AAD?$AAV?$AAo?$AAl?$AA?$AA@ 00011b84     common.obj
 0002:0000037c       ??_C@_1BE@KMKA@?$AAL?$AAe?$AAf?$AAt?$AAC?$AAD?$AAV?$AAo?$AAl?$AA?$AA@ 00011b9c     common.obj
 0002:00000390       ??_C@_1BK@JCIM@?$AAR?$AAi?$AAg?$AAh?$AAt?$AAM?$AAi?$AAd?$AAi?$AAV?$AAo?$AAl?$AA?$AA@ 00011bb0     common.obj
 0002:000003ac       ??_C@_1BI@KBIJ@?$AAL?$AAe?$AAf?$AAt?$AAM?$AAi?$AAd?$AAi?$AAV?$AAo?$AAl?$AA?$AA@ 00011bcc     common.obj
 0002:000003c4       ??_C@_1BK@MFCG@?$AAR?$AAi?$AAg?$AAh?$AAt?$AAW?$AAa?$AAv?$AAe?$AAV?$AAo?$AAl?$AA?$AA@ 00011be4     common.obj
 0002:000003e0       ??_C@_1BI@PGCD@?$AAL?$AAe?$AAf?$AAt?$AAW?$AAa?$AAv?$AAe?$AAV?$AAo?$AAl?$AA?$AA@ 00011c00     common.obj
 0002:000003f8       ??_C@_1BO@NHA@?$AAR?$AAi?$AAg?$AAh?$AAt?$AAM?$AAa?$AAs?$AAt?$AAe?$AAr?$AAV?$AAo?$AAl?$AA?$AA@ 00011c18     common.obj
 0002:00000418       ??_C@_1BM@NEBF@?$AAL?$AAe?$AAf?$AAt?$AAM?$AAa?$AAs?$AAt?$AAe?$AAr?$AAV?$AAo?$AAl?$AA?$AA@ 00011c38     common.obj
 0002:00000434       ??_7CAdapterCommon@@6BIAdapterPowerManagement@@@ 00011c54     common.obj
 0002:0000044c       ??_7CAdapterCommon@@6BIAdapterCommon@@@ 00011c6c     common.obj
 0002:000004a4       ??_7CAdapterCommon@@6BCUnknown@@@ 00011cc4     common.obj
 0002:00000580       ??_7CMiniportTopologyHDA@@6BIMiniportTopology@@@ 00011da0     mintopo.obj
 0002:00000598       ??_7CMiniportTopologyHDA@@6BCUnknown@@@ 00011db8     mintopo.obj
 0002:000005a8       ??_7CMiniportWaveCyclicHDA@@6BIMiniportWaveCyclic@@@ 00011dc8     minwave.obj
 0002:000005c4       ??_7CMiniportWaveCyclicHDA@@6BCUnknown@@@ 00011de4     minwave.obj
 0002:000005d4       ??_7CMiniportWaveCyclicStreamHDA@@6BIMiniportWaveCyclicStream@@@ 00011df4     minwave.obj
 0002:000005f8       ??_7CMiniportWaveCyclicStreamHDA@@6BCUnknown@@@ 00011e18     minwave.obj
 0002:00000608       ??_7CUnknown@@6B@          00011e28     stdunk:stdunk.obj
 0002:00000618       ??_C@_0BB@CHNF@m_lRefCount?5?$DO?$DN?50?$AA@ 00011e38     stdunk:stdunk.obj
 0002:0000062c       ??_C@_0N@DIKJ@?4?2stdunk?4cpp?$AA@ 00011e4c     stdunk:stdunk.obj
 0002:0000063c       ??_C@_0BA@HPDB@m_lRefCount?5?$DO?50?$AA@ 00011e5c     stdunk:stdunk.obj
 0002:0000064c       ??_C@_06DPDC@ppVoid?$AA@   00011e6c     stdunk:stdunk.obj
 0003:00000000       __GUID_b7902fe9_fb0a_11d1_81b0_0060083316c1 00011e80     adapter.obj
 0003:00000010       __GUID_d3f0ce1c_fffc_11d1_81b0_0060083316c1 00011e90     adapter.obj
 0003:00000020       __GUID_c096df9c_fb09_11d1_81b0_0060083316c1 00011ea0     adapter.obj
 0003:000000f0       ?audBufSize@@3KA           00011f70     common.obj
 0003:000000f4       ?BdlSize@@3KA              00011f74     common.obj
 0003:000007f0       __GUID_185fedf6_9905_11d1_95a9_00c04fb925d3 00012670     mintopo.obj
 0003:00000800       __GUID_185fedef_9905_11d1_95a9_00c04fb925d3 00012680     mintopo.obj
 0003:00000810       __GUID_185fede1_9905_11d1_95a9_00c04fb925d3 00012690     mintopo.obj
 0003:00000820       __GUID_185fede0_9905_11d1_95a9_00c04fb925d3 000126a0     mintopo.obj
 0003:00000830       __GUID_7607e580_c557_11d0_8a2b_00a0c9255ac1 000126b0     mintopo.obj
 0003:00000840       __GUID_185fede3_9905_11d1_95a9_00c04fb925d3 000126c0     mintopo.obj
 0003:00000850       __GUID_da441a60_c556_11d0_8a2b_00a0c9255ac1 000126d0     mintopo.obj
 0003:00000860       __GUID_185fedee_9905_11d1_95a9_00c04fb925d3 000126e0     mintopo.obj
 0003:00000870       __GUID_02b223c0_c557_11d0_8a2b_00a0c9255ac1 000126f0     mintopo.obj
 0003:00000880       __GUID_185feded_9905_11d1_95a9_00c04fb925d3 00012700     mintopo.obj
 0003:00000890       __GUID_e88c9ba0_c557_11d0_8a2b_00a0c9255ac1 00012710     mintopo.obj
 0003:000008a0       __GUID_185fedec_9905_11d1_95a9_00c04fb925d3 00012720     mintopo.obj
 0003:000008b0       __GUID_185fedeb_9905_11d1_95a9_00c04fb925d3 00012730     mintopo.obj
 0003:000008c0       __GUID_185fedea_9905_11d1_95a9_00c04fb925d3 00012740     mintopo.obj
 0003:000008d0       __GUID_185fede9_9905_11d1_95a9_00c04fb925d3 00012750     mintopo.obj
 0003:000008e0       __GUID_185fede8_9905_11d1_95a9_00c04fb925d3 00012760     mintopo.obj
 0003:000008f0       __GUID_e573adc0_c555_11d0_8a2b_00a0c9255ac1 00012770     mintopo.obj
 0003:00000900       __GUID_185fede7_9905_11d1_95a9_00c04fb925d3 00012780     mintopo.obj
 0003:00000910       __GUID_185fede5_9905_11d1_95a9_00c04fb925d3 00012790     mintopo.obj
 0003:00000920       __GUID_3a5acc00_c557_11d0_8a2b_00a0c9255ac1 000127a0     mintopo.obj
 0003:00000930       __GUID_45ffaaa0_6e1b_11d0_bcf2_444553540000 000127b0     mintopo.obj
 0003:00000940       __GUID_6994ad04_93ef_11d0_a3cc_00a0c9223196 000127c0     mintopo.obj
 0003:00000950       __GUID_185fedf7_9905_11d1_95a9_00c04fb925d3 000127d0     mintopo.obj
 0003:00000960       __GUID_dff21ce1_f70f_11d0_b917_00a0c9223196 000127e0     mintopo.obj
 0003:00000970       __GUID_dff21be1_f70f_11d0_b917_00a0c9223196 000127f0     mintopo.obj
 0003:00000980       __GUID_185fedf9_9905_11d1_95a9_00c04fb925d3 00012800     mintopo.obj
 0003:00000990       __GUID_dff21fe3_f70f_11d0_b917_00a0c9223196 00012810     mintopo.obj
 0003:000009a0       __GUID_185fedfb_9905_11d1_95a9_00c04fb925d3 00012820     mintopo.obj
 0003:000009b0       __GUID_dff220e3_f70f_11d0_b917_00a0c9223196 00012830     mintopo.obj
 0003:000009c0       __GUID_185fedf8_9905_11d1_95a9_00c04fb925d3 00012840     mintopo.obj
 0003:000009d0       __GUID_dff220f3_f70f_11d0_b917_00a0c9223196 00012850     mintopo.obj
 0003:000009e0       __GUID_dff21fe4_f70f_11d0_b917_00a0c9223196 00012860     mintopo.obj
 0003:000009f0       __GUID_97e99ba0_bdea_11cf_a5d6_28db04c10000 00012870     mintopo.obj
 0003:00000c38       __GUID_507ae360_c554_11d0_8a2b_00a0c9255ac1 00012ab8     minwave.obj
 0003:00000c48       __GUID_4d837fe0_c555_11d0_8a2b_00a0c9255ac1 00012ac8     minwave.obj
 0003:00000c58       __GUID_185fedfa_9905_11d1_95a9_00c04fb925d3 00012ad8     minwave.obj
 0003:00000c68       __GUID_fb6c4281_0353_11d1_905f_0000c0cc16ba 00012ae8     minwave.obj
 0003:00000c78       __GUID_05589f81_c356_11ce_bf01_00aa0055595a 00012af8     minwave.obj
 0003:00000c88       __GUID_00000001_0000_0010_8000_00aa00389b71 00012b08     minwave.obj
 0003:00000c98       __GUID_73647561_0000_0010_8000_00aa00389b71 00012b18     minwave.obj
 0003:00000ca8       __GUID_0f6417d6_c318_11d0_a43f_00a0c9223196 00012b28     minwave.obj
 0003:00000cb8       __GUID_518590a2_a184_11d0_8522_00c04fd9baf3 00012b38     minwave.obj
 0003:00000cc8       __GUID_00000000_0000_0000_0000_000000000000 00012b48     adapter.obj
 0004:00000000       _AddDevice@8               00012b60 f   adapter.obj
 0004:0000001a       ?InstallSubdevice@@YGJPAU_DEVICE_OBJECT@@PAU_IRP@@PAGABU_GUID@@3P6GJPAPAUIUnknown@@3PAU4@W4_POOL_TYPE@@@Z5PAUIResourceList@@344@Z 00012b7a f   adapter.obj
 0004:00000120       ?StartDevice@@YGJPAU_DEVICE_OBJECT@@PAU_IRP@@PAUIResourceList@@@Z 00012c80 f   adapter.obj
 0004:0000036e       ?AssignResources@@YGJPAUIResourceList@@PAPAU1@11111@Z 00012ece f   adapter.obj
 0004:00000624       ?NewAdapterCommon@@YGJPAPAUIUnknown@@ABU_GUID@@PAU1@W4_POOL_TYPE@@@Z 00013184 f   common.obj
 0004:00000851       ?Init@CAdapterCommon@@UAGJPAUIResourceList@@PAU_DEVICE_OBJECT@@@Z 000133b1 f   common.obj
 0004:00000d28       ??1CAdapterCommon@@UAE@XZ  00013888 f   common.obj
 0004:00000e7c       ?NonDelegatingQueryInterface@CAdapterCommon@@UAGJABU_GUID@@PAPAX@Z 000139dc f   common.obj
 0004:00000f3c       ?WavePortDriverDest@CAdapterCommon@@UAGPAPAUIUnknown@@XZ 00013a9c f   common.obj
 0004:00000f48       ?GetInterruptSync@CAdapterCommon@@UAGPAUIInterruptSync@@XZ 00013aa8 f   common.obj
 0004:00000f56       ?MidiPortDriverDest@CAdapterCommon@@UAGPAPAUIUnknown@@XZ 00013ab6 f   common.obj
 0004:00000f62       ?SetWaveServiceGroup@CAdapterCommon@@UAGXPAUIServiceGroup@@@Z 00013ac2 f   common.obj
 0004:00000f92       ?InitHDA@CAdapterCommon@@QAGJXZ 00013af2 f   common.obj
 0004:0000134c       ?InitializeCodec@CAdapterCommon@@QAGJE@Z 00013eac f   common.obj
 0004:0000163d       ?hda_initialize_audio_function_group@CAdapterCommon@@QAGXKK@Z 0001419d f   common.obj
 0004:00001b28       ?hda_get_node_type@CAdapterCommon@@QAGEKK@Z 00014688 f   common.obj
 0004:00001b4a       ?hda_get_node_connection_entries@CAdapterCommon@@QAGKKKK@Z 000146aa f   common.obj
 0004:00001bd0       ?hda_set_node_gain@CAdapterCommon@@QAGXKKKKK@Z 00014730 f   common.obj
 0004:00001c38       ?hda_enable_pin_output@CAdapterCommon@@QAGXKK@Z 00014798 f   common.obj
 0004:00001c6a       ?hda_disable_pin_output@CAdapterCommon@@QAGXKK@Z 000147ca f   common.obj
 0004:00001c9c       ?hda_is_headphone_connected@CAdapterCommon@@QAGHXZ 000147fc f   common.obj
 0004:00001cd8       ?hda_initialize_output_pin@CAdapterCommon@@QAGXK@Z 00014838 f   common.obj
 0004:00001e36       ?hda_initalize_audio_output@CAdapterCommon@@QAGXK@Z 00014996 f   common.obj
 0004:00001f46       ?hda_initalize_audio_mixer@CAdapterCommon@@QAGXK@Z 00014aa6 f   common.obj
 0004:00002028       ?hda_initalize_audio_selector@CAdapterCommon@@QAGXK@Z 00014b88 f   common.obj
 0004:00002134       ?CreateMiniportTopologyHDA@@YGJPAPAUIUnknown@@ABU_GUID@@PAU1@W4_POOL_TYPE@@@Z 00014c94 f   mintopo.obj
 0004:00002194       ?ProcessResources@CMiniportTopologyHDA@@AAEJPAUIResourceList@@@Z 00014cf4 f   mintopo.obj
 0004:000021b8       ?NonDelegatingQueryInterface@CMiniportTopologyHDA@@UAGJABU_GUID@@PAPAX@Z 00014d18 f   mintopo.obj
 0004:00002266       ??1CMiniportTopologyHDA@@UAE@XZ 00014dc6 f   mintopo.obj
 0004:000022aa       ?Init@CMiniportTopologyHDA@@UAGJPAUIUnknown@@PAUIResourceList@@PAUIPortTopology@@@Z 00014e0a f   mintopo.obj
 0004:0000230c       ?GetDescription@CMiniportTopologyHDA@@UAGJPAPAUPCFILTER_DESCRIPTOR@@@Z 00014e6c f   mintopo.obj
 0004:00002b30       ?CreateMiniportWaveCyclicHDA@@YGJPAPAUIUnknown@@ABU_GUID@@PAU1@W4_POOL_TYPE@@@Z 00015690 f   minwave.obj
 0004:00002b90       ?ProcessResources@CMiniportWaveCyclicHDA@@AAEJPAUIResourceList@@@Z 000156f0 f   minwave.obj
 0004:00002c36       ?ValidateFormat@CMiniportWaveCyclicHDA@@AAEJPATKSDATAFORMAT@@@Z 00015796 f   minwave.obj
 0004:00002d12       ?NonDelegatingQueryInterface@CMiniportWaveCyclicHDA@@UAGJABU_GUID@@PAPAX@Z 00015872 f   minwave.obj
 0004:00002dc0       ??1CMiniportWaveCyclicHDA@@UAE@XZ 00015920 f   minwave.obj
 0004:00002e14       ?Init@CMiniportWaveCyclicHDA@@UAGJPAUIUnknown@@PAUIResourceList@@PAUIPortWaveCyclic@@@Z 00015974 f   minwave.obj
 0004:00002ebc       ?GetDescription@CMiniportWaveCyclicHDA@@UAGJPAPAUPCFILTER_DESCRIPTOR@@@Z 00015a1c f   minwave.obj
 0004:00002ecc       ?DataRangeIntersection@CMiniportWaveCyclicHDA@@UAGJKPATKSDATAFORMAT@@0KPAXPAK@Z 00015a2c f   minwave.obj
 0004:00003122       ?NewStream@CMiniportWaveCyclicHDA@@UAGJPAPAUIMiniportWaveCyclicStream@@PAUIUnknown@@W4_POOL_TYPE@@KEPATKSDATAFORMAT@@PAPAUIDmaChannel@@PAPAUIServiceGroup@@@Z 00015c82 f   minwave.obj
 0004:00003262       ?NonDelegatingQueryInterface@CMiniportWaveCyclicStreamHDA@@UAGJABU_GUID@@PAPAX@Z 00015dc2 f   minwave.obj
 0004:000032ea       ??1CMiniportWaveCyclicStreamHDA@@UAE@XZ 00015e4a f   minwave.obj
 0004:00003354       ?Init@CMiniportWaveCyclicStreamHDA@@QAEJPAVCMiniportWaveCyclicHDA@@KEPATKSDATAFORMAT@@PAUIDmaChannel@@@Z 00015eb4 f   minwave.obj
 0004:000033da       ?SetNotificationFreq@CMiniportWaveCyclicStreamHDA@@UAGKKPAK@Z 00015f3a f   minwave.obj
 0004:0000341a       ?SetFormat@CMiniportWaveCyclicStreamHDA@@UAGJPATKSDATAFORMAT@@@Z 00015f7a f   minwave.obj
 0004:000034a6       ?SetState@CMiniportWaveCyclicStreamHDA@@UAGJW4KSSTATE@@@Z 00016006 f   minwave.obj
 0005:00000000       _DriverEntry@8             00016060 f   adapter.obj
 0005:00000018       __IMPORT_DESCRIPTOR_ntoskrnl 00016078     ntoskrnl:ntoskrnl.exe
 0005:0000002c       __IMPORT_DESCRIPTOR_HAL    0001608c     hal:HAL.dll
 0005:00000040       __IMPORT_DESCRIPTOR_portcls 000160a0     portcls:portcls.sys
 0005:00000054       __NULL_IMPORT_DESCRIPTOR   000160b4     ntoskrnl:ntoskrnl.exe

 entry point at        0005:00000000

 Static symbols

 0004:0000231c       ?PropertyHandler_OnOff@@YGJPAU_PCPROPERTY_REQUEST@@@Z 00014e7c f   mintopo.obj
 0004:000024ba       ?PropertyHandler_SuperMixCaps@@YGJPAU_PCPROPERTY_REQUEST@@@Z 0001501a f   mintopo.obj
 0004:00002694       ?PropertyHandler_SuperMixTable@@YGJPAU_PCPROPERTY_REQUEST@@@Z 000151f4 f   mintopo.obj
 0004:000029b0       ?PropertyHandler_CpuResources@@YGJPAU_PCPROPERTY_REQUEST@@@Z 00015510 f   mintopo.obj
 0001:00000ce4       ?PropertyHandler_Level@@YGJPAU_PCPROPERTY_REQUEST@@@Z 00010fc4 f   mintopo.obj
 0004:00002a3c       ?BasicSupportHandler@@YGJPAU_PCPROPERTY_REQUEST@@@Z 0001559c f   mintopo.obj

 115 bytes saved through ICF

