 HDA

 Timestamp is 693e314e (Sat Dec 13 19:38:54 2025)

 Preferred load address is 00010000

 Start         Length     Name                   Class
 0001:00000000 000014b0H .text                   CODE
 0002:00000000 000000acH .idata$5                DATA
 0002:000000b0 00000568H .rdata                  DATA
 0003:00000000 00000cc8H .data                   DATA
 0003:00000cc8 00000010H .bss                    DATA
 0004:00000000 000037e5H PAGE                    CODE
 0005:00000000 00000015H INIT                    CODE
 0005:00000018 0000003cH .idata$2                CODE
 0005:00000054 00000014H .idata$3                CODE
 0005:00000068 000000acH .idata$4                CODE
 0005:00000114 00000384H .idata$6                CODE
 0006:00000000 00000058H .rsrc$01                DATA
 0006:00000060 00000338H .rsrc$02                DATA

  Address         Publics by Value              Rva+Base     Lib:Object

 0001:00000000       ?QueryInterface@CAdapterCommon@@UAGJABU_GUID@@PAPAX@Z 000102e0 f i common.obj
 0001:00000018       ?AddRef@CAdapterCommon@@UAGKXZ 000102f8 f i common.obj
 0001:00000028       ?Release@CAdapterCommon@@UAGKXZ 00010308 f i common.obj
 0001:00000038       ??_GCAdapterCommon@@UAEPAXI@Z 00010318 f i common.obj
 0001:00000038       ??_ECAdapterCommon@@UAEPAXI@Z 00010318 f i common.obj
 0001:00000058       ?hda_check_headphone_connection_change@CAdapterCommon@@QAGXXZ 00010338 f   common.obj
 0001:000000ce       ?hda_is_supported_sample_rate@CAdapterCommon@@QAGEK@Z 000103ae f   common.obj
 0001:00000154       ?hda_send_verb@CAdapterCommon@@QAGKKKKK@Z 00010434 f   common.obj
 0001:000002b8       ?ReadController@CAdapterCommon@@UAGEXZ 00010598 f   common.obj
 0001:000002be       ?WriteController@CAdapterCommon@@UAGEE@Z 0001059e f   common.obj
 0001:000002c4       ?MixerRegWrite@CAdapterCommon@@UAGXEE@Z 000105a4 f   common.obj
 0001:0000030c       ?MixerRegRead@CAdapterCommon@@UAGEE@Z 000105ec f   common.obj
 0001:0000032a       ?MixerReset@CAdapterCommon@@UAGXXZ 0001060a f   common.obj
 0001:00000338       ?AcknowledgeIRQ@CAdapterCommon@@AAE?AW4_HDA_INTERRUPT_TYPE@@XZ 00010618 f   common.obj
 0001:0000044c       ?ResetController@CAdapterCommon@@UAGJXZ 0001072c f   common.obj
 0001:0000046c       ?RestoreMixerSettingsFromRegistry@CAdapterCommon@@UAGJXZ 0001074c f   common.obj
 0001:000005ca       ?SaveMixerSettingsToRegistry@CAdapterCommon@@UAGJXZ 000108aa f   common.obj
 0001:000006c6       ?ProgramSampleRate@CAdapterCommon@@UAGJK@Z 000109a6 f   common.obj
 0001:0000075c       ?PowerChangeState@CAdapterCommon@@UAGXT_POWER_STATE@@@Z 00010a3c f   common.obj
 0001:000007ba       ?QueryPowerChangeState@CAdapterCommon@@UAGJT_POWER_STATE@@@Z 00010a9a f   common.obj
 0001:000007ba       ?QueryDeviceCapabilities@CAdapterCommon@@UAGJPAU_DEVICE_CAPABILITIES@@@Z 00010a9a f   common.obj
 0001:000007c0       ?InterruptServiceRoutine@@YGJPAUIInterruptSync@@PAX@Z 00010aa0 f   common.obj
 0001:000007f8       ?hda_stop_stream@CAdapterCommon@@UAGJXZ 00010ad8 f   common.obj
 0001:000008ee       ?hda_start_sound@CAdapterCommon@@UAGXXZ 00010bce f   common.obj
 0001:00000916       ?hda_stop_sound@CAdapterCommon@@UAGXXZ 00010bf6 f   common.obj
 0001:0000095c       ?hda_get_actual_stream_position@CAdapterCommon@@UAGKXZ 00010c3c f   common.obj
 0001:00000972       ?hda_set_volume@CAdapterCommon@@QAGXKE@Z 00010c52 f   common.obj
 0001:000009c8       ?readUCHAR@CAdapterCommon@@QAGEG@Z 00010ca8 f   common.obj
 0001:000009e0       ?writeUCHAR@CAdapterCommon@@QAGXGE@Z 00010cc0 f   common.obj
 0001:000009fc       ?readUSHORT@CAdapterCommon@@QAGGG@Z 00010cdc f   common.obj
 0001:00000a14       ?writeUSHORT@CAdapterCommon@@QAGXGG@Z 00010cf4 f   common.obj
 0001:00000a30       ?readULONG@CAdapterCommon@@QAGKG@Z 00010d10 f   common.obj
 0001:00000a48       ?writeULONG@CAdapterCommon@@QAGXGK@Z 00010d28 f   common.obj
 0001:00000a64       ?hda_showtime@CAdapterCommon@@UAGJPAUIDmaChannel@@@Z 00010d44 f   common.obj
 0001:00000ba4       ?hda_return_sound_data_format@CAdapterCommon@@QAGGKKK@Z 00010e84 f   common.obj
 0001:00000c66       ?ReadWriteConfigSpace@CAdapterCommon@@AAGJPAU_DEVICE_OBJECT@@KPAXKK@Z 00010f46 f   common.obj
 0001:00000d0e       ?WriteConfigSpaceByte@CAdapterCommon@@AAGJEEE@Z 00010fee f   common.obj
 0001:00000d44       ?WriteConfigSpaceWord@CAdapterCommon@@AAGJEGG@Z 00011024 f   common.obj
 0001:00000d7a       ?QueryInterface@CAdapterCommon@@W3AGJABU_GUID@@PAPAX@Z 0001105a f i common.obj
 0001:00000d84       ?AddRef@CAdapterCommon@@W3AGKXZ 00011064 f i common.obj
 0001:00000d8e       ?Release@CAdapterCommon@@W3AGKXZ 0001106e f i common.obj
 0001:00000d98       ?AddRef@CMiniportWaveCyclicHDA@@UAGKXZ 00011078 f i mintopo.obj
 0001:00000d98       ?AddRef@CMiniportWaveCyclicStreamHDA@@UAGKXZ 00011078 f i mintopo.obj
 0001:00000d98       ?AddRef@CMiniportTopologyHDA@@UAGKXZ 00011078 f i mintopo.obj
 0001:00000da8       ?Release@CMiniportWaveCyclicHDA@@UAGKXZ 00011088 f i mintopo.obj
 0001:00000da8       ?Release@CMiniportWaveCyclicStreamHDA@@UAGKXZ 00011088 f i mintopo.obj
 0001:00000da8       ?Release@CMiniportTopologyHDA@@UAGKXZ 00011088 f i mintopo.obj
 0001:00000db8       ?DataRangeIntersection@CMiniportTopologyHDA@@UAGJKPATKSDATAFORMAT@@0KPAXPAK@Z 00011098 f i mintopo.obj
 0001:00000dc0       ??_ECMiniportTopologyHDA@@UAEPAXI@Z 000110a0 f i mintopo.obj
 0001:00000dc0       ??_GCMiniportTopologyHDA@@UAEPAXI@Z 000110a0 f i mintopo.obj
 0001:000011be       ?ReadBitsFromMixer@CMiniportTopologyHDA@@AAEEEEE@Z 0001149e f   mintopo.obj
 0001:000011e6       ?WriteBitsToMixer@CMiniportTopologyHDA@@AAEXEEEE@Z 000114c6 f   mintopo.obj
 0001:0000123c       ??_GCMiniportWaveCyclicHDA@@UAEPAXI@Z 0001151c f i minwave.obj
 0001:0000123c       ??_ECMiniportWaveCyclicHDA@@UAEPAXI@Z 0001151c f i minwave.obj
 0001:0000125c       ?QueryInterface@CMiniportTopologyHDA@@UAGJABU_GUID@@PAPAX@Z 0001153c f i minwave.obj
 0001:0000125c       ?QueryInterface@CMiniportWaveCyclicStreamHDA@@UAGJABU_GUID@@PAPAX@Z 0001153c f i minwave.obj
 0001:0000125c       ?QueryInterface@CMiniportWaveCyclicHDA@@UAGJABU_GUID@@PAPAX@Z 0001153c f i minwave.obj
 0001:00001274       ??_ECMiniportWaveCyclicStreamHDA@@UAEPAXI@Z 00011554 f i minwave.obj
 0001:00001274       ??_GCMiniportWaveCyclicStreamHDA@@UAEPAXI@Z 00011554 f i minwave.obj
 0001:00001294       ?GetPosition@CMiniportWaveCyclicStreamHDA@@UAGJPAK@Z 00011574 f   minwave.obj
 0001:000012f6       ?NormalizePhysicalPosition@CMiniportWaveCyclicStreamHDA@@UAGJPA_J@Z 000115d6 f   minwave.obj
 0001:0000133e       ?Silence@CMiniportWaveCyclicStreamHDA@@UAGXPAXK@Z 0001161e f   minwave.obj
 0001:00001378       _DbgPrint                  00011658 f   ntoskrnl:ntoskrnl.exe
 0001:0000137e       __alldiv                   0001165e f   ntoskrnl:ntoskrnl.exe
 0001:00001384       __allmul                   00011664 f   ntoskrnl:ntoskrnl.exe
 0001:0000138a       _PcInitializeAdapterDriver@12 0001166a f   portcls:portcls.sys
 0001:00001390       _PcAddAdapterDevice@20     00011670 f   portcls:portcls.sys
 0001:00001396       _PcRegisterSubdevice@12    00011676 f   portcls:portcls.sys
 0001:0000139c       _PcNewMiniport@8           0001167c f   portcls:portcls.sys
 0001:000013a2       _PcNewPort@8               00011682 f   portcls:portcls.sys
 0001:000013a8       _PcRegisterPhysicalConnection@20 00011688 f   portcls:portcls.sys
 0001:000013ae       _PcRegisterAdapterPowerManagement@8 0001168e f   portcls:portcls.sys
 0001:000013b4       _PcNewResourceSublist@20   00011694 f   portcls:portcls.sys
 0001:000013ba       _PcNewInterruptSync@20     0001169a f   portcls:portcls.sys
 0001:000013c0       _PcNewRegistryKey@36       000116a0 f   portcls:portcls.sys
 0001:000013c6       _PcNewServiceGroup@8       000116a6 f   portcls:portcls.sys
 0001:000013cc       ??0CUnknown@@QAE@PAUIUnknown@@@Z 000116ac f   stdunk:stdunk.obj
 0001:000013eb       ??_GCUnknown@@UAEPAXI@Z    000116cb f i stdunk:stdunk.obj
 0001:000013eb       ??_ECUnknown@@UAEPAXI@Z    000116cb f i stdunk:stdunk.obj
 0001:00001407       ??1CUnknown@@UAE@XZ        000116e7 f   stdunk:stdunk.obj
 0001:0000140e       ?NonDelegatingAddRef@CUnknown@@UAGKXZ 000116ee f   stdunk:stdunk.obj
 0001:00001424       ?NonDelegatingRelease@CUnknown@@UAGKXZ 00011704 f   stdunk:stdunk.obj
 0001:00001453       ?NonDelegatingQueryInterface@CUnknown@@UAGJABU_GUID@@PAPAX@Z 00011733 f   stdunk:stdunk.obj
 0002:00000000       __imp_@KfAcquireSpinLock@4 000117a0     hal:HAL.dll
 0002:00000004       __imp_@KfReleaseSpinLock@8 000117a4     hal:HAL.dll
 0002:00000008       __imp__KeStallExecutionProcessor@4 000117a8     hal:HAL.dll
 0002:0000000c       \177HAL_NULL_THUNK_DATA    000117ac     hal:HAL.dll
 0002:00000010       __imp__KeInitializeSpinLock@4 000117b0     ntoskrnl:ntoskrnl.exe
 0002:00000014       __imp__MmUnmapIoSpace@8    000117b4     ntoskrnl:ntoskrnl.exe
 0002:00000018       __imp__READ_REGISTER_ULONG@4 000117b8     ntoskrnl:ntoskrnl.exe
 0002:0000001c       __imp__DbgPrint            000117bc     ntoskrnl:ntoskrnl.exe
 0002:00000020       __imp__WRITE_REGISTER_ULONG@8 000117c0     ntoskrnl:ntoskrnl.exe
 0002:00000024       __imp__RtlInitUnicodeString@8 000117c4     ntoskrnl:ntoskrnl.exe
 0002:00000028       __imp__READ_REGISTER_UCHAR@4 000117c8     ntoskrnl:ntoskrnl.exe
 0002:0000002c       __imp__WRITE_REGISTER_UCHAR@8 000117cc     ntoskrnl:ntoskrnl.exe
 0002:00000030       __imp__READ_REGISTER_USHORT@4 000117d0     ntoskrnl:ntoskrnl.exe
 0002:00000034       __imp__ExAllocatePoolWithTag@12 000117d4     ntoskrnl:ntoskrnl.exe
 0002:00000038       __imp__MmMapIoSpace@16     000117d8     ntoskrnl:ntoskrnl.exe
 0002:0000003c       __imp__KeWaitForSingleObject@20 000117dc     ntoskrnl:ntoskrnl.exe
 0002:00000040       __imp_@IofCallDriver@8     000117e0     ntoskrnl:ntoskrnl.exe
 0002:00000044       __imp__IoBuildSynchronousFsdRequest@28 000117e4     ntoskrnl:ntoskrnl.exe
 0002:00000048       __imp__IoGetAttachedDeviceReference@4 000117e8     ntoskrnl:ntoskrnl.exe
 0002:0000004c       __imp__KeInitializeEvent@12 000117ec     ntoskrnl:ntoskrnl.exe
 0002:00000050       __imp__KeInitializeMutex@8 000117f0     ntoskrnl:ntoskrnl.exe
 0002:00000054       __imp__ExFreePool@4        000117f4     ntoskrnl:ntoskrnl.exe
 0002:00000058       __imp___alldiv             000117f8     ntoskrnl:ntoskrnl.exe
 0002:0000005c       __imp___allmul             000117fc     ntoskrnl:ntoskrnl.exe
 0002:00000060       __imp__IoGetDmaAdapter@12  00011800     ntoskrnl:ntoskrnl.exe
 0002:00000064       __imp__WRITE_REGISTER_USHORT@8 00011804     ntoskrnl:ntoskrnl.exe
 0002:00000068       __imp_@ObfDereferenceObject@4 00011808     ntoskrnl:ntoskrnl.exe
 0002:0000006c       __imp__KeReleaseMutex@8    0001180c     ntoskrnl:ntoskrnl.exe
 0002:00000070       __imp_@InterlockedDecrement@4 00011810     ntoskrnl:ntoskrnl.exe
 0002:00000074       __imp_@InterlockedIncrement@4 00011814     ntoskrnl:ntoskrnl.exe
 0002:00000078       \177ntoskrnl_NULL_THUNK_DATA 00011818     ntoskrnl:ntoskrnl.exe
 0002:0000007c       __imp__PcInitializeAdapterDriver@12 0001181c     portcls:portcls.sys
 0002:00000080       __imp__PcNewMiniport@8     00011820     portcls:portcls.sys
 0002:00000084       __imp__PcNewPort@8         00011824     portcls:portcls.sys
 0002:00000088       __imp__PcRegisterPhysicalConnection@20 00011828     portcls:portcls.sys
 0002:0000008c       __imp__PcAddAdapterDevice@20 0001182c     portcls:portcls.sys
 0002:00000090       __imp__PcRegisterSubdevice@12 00011830     portcls:portcls.sys
 0002:00000094       __imp__PcNewInterruptSync@20 00011834     portcls:portcls.sys
 0002:00000098       __imp__PcNewRegistryKey@36 00011838     portcls:portcls.sys
 0002:0000009c       __imp__PcNewServiceGroup@8 0001183c     portcls:portcls.sys
 0002:000000a0       __imp__PcRegisterAdapterPowerManagement@8 00011840     portcls:portcls.sys
 0002:000000a4       __imp__PcNewResourceSublist@20 00011844     portcls:portcls.sys
 0002:000000a8       \177portcls_NULL_THUNK_DATA 00011848     portcls:portcls.sys
 0002:00000108       _IID_IAdapterCommon        000118a8     adapter.obj
 0002:00000118       _CLSID_MiniportDriverFmSynth 000118b8     adapter.obj
 0002:00000128       _CLSID_PortWaveCyclic      000118c8     adapter.obj
 0002:00000138       _CLSID_PortTopology        000118d8     adapter.obj
 0002:00000148       _CLSID_PortMidi            000118e8     adapter.obj
 0002:00000158       _IID_IAdapterPowerManagment 000118f8     adapter.obj
 0002:00000168       _IID_IMiniportWaveCyclicStream 00011908     adapter.obj
 0002:00000178       _IID_IMiniportWaveCyclic   00011918     adapter.obj
 0002:00000188       _IID_IPortWaveCyclic       00011928     adapter.obj
 0002:00000198       _IID_IMiniportTopology     00011938     adapter.obj
 0002:000001a8       _IID_IMiniport             00011948     adapter.obj
 0002:000001b8       _IID_IUnknown              00011958     adapter.obj
 0002:000001c8       ??_C@_1BE@ENEK@?$AAR?$AAi?$AAg?$AAh?$AAt?$AAB?$AAa?$AAs?$AAs?$AA?$AA@ 00011968     common.obj
 0002:000001dc       ??_C@_1BC@JMJO@?$AAL?$AAe?$AAf?$AAt?$AAB?$AAa?$AAs?$AAs?$AA?$AA@ 0001197c     common.obj
 0002:000001f0       ??_C@_1BI@KGAJ@?$AAR?$AAi?$AAg?$AAh?$AAt?$AAT?$AAr?$AAe?$AAb?$AAl?$AAe?$AA?$AA@ 00011990     common.obj
 0002:00000208       ??_C@_1BG@BGGD@?$AAL?$AAe?$AAf?$AAt?$AAT?$AAr?$AAe?$AAb?$AAl?$AAe?$AA?$AA@ 000119a8     common.obj
 0002:00000220       ??_C@_1O@IECC@?$AAM?$AAi?$AAc?$AAA?$AAG?$AAC?$AA?$AA@ 000119c0     common.obj
 0002:00000230       ??_C@_1CA@EJHI@?$AAR?$AAi?$AAg?$AAh?$AAt?$AAO?$AAu?$AAt?$AAp?$AAu?$AAt?$AAG?$AAa?$AAi?$AAn?$AA?$AA@ 000119d0     common.obj
 0002:00000250       ??_C@_1BO@PPLI@?$AAL?$AAe?$AAf?$AAt?$AAO?$AAu?$AAt?$AAp?$AAu?$AAt?$AAG?$AAa?$AAi?$AAn?$AA?$AA@ 000119f0     common.obj
 0002:00000270       ??_C@_1BO@PMCJ@?$AAR?$AAi?$AAg?$AAh?$AAt?$AAI?$AAn?$AAp?$AAu?$AAt?$AAG?$AAa?$AAi?$AAn?$AA?$AA@ 00011a10     common.obj
 0002:00000290       ??_C@_1BM@CFEM@?$AAL?$AAe?$AAf?$AAt?$AAI?$AAn?$AAp?$AAu?$AAt?$AAG?$AAa?$AAi?$AAn?$AA?$AA@ 00011a30     common.obj
 0002:000002ac       ??_C@_1CA@CIKM@?$AAR?$AAi?$AAg?$AAh?$AAt?$AAI?$AAn?$AAp?$AAu?$AAt?$AAM?$AAi?$AAx?$AAe?$AAr?$AA?$AA@ 00011a4c     common.obj
 0002:000002cc       ??_C@_1BO@JOGM@?$AAL?$AAe?$AAf?$AAt?$AAI?$AAn?$AAp?$AAu?$AAt?$AAM?$AAi?$AAx?$AAe?$AAr?$AA?$AA@ 00011a6c     common.obj
 0002:000002ec       ??_C@_1BI@BMOJ@?$AAO?$AAu?$AAt?$AAp?$AAu?$AAt?$AAM?$AAi?$AAx?$AAe?$AAr?$AA?$AA@ 00011a8c     common.obj
 0002:00000304       ??_C@_1BE@GLOL@?$AAP?$AAc?$AAS?$AAp?$AAk?$AAr?$AAV?$AAo?$AAl?$AA?$AA@ 00011aa4     common.obj
 0002:00000318       ??_C@_1O@MNBB@?$AAM?$AAi?$AAc?$AAV?$AAo?$AAl?$AA?$AA@ 00011ab8     common.obj
 0002:00000328       ??_C@_1BO@HCKE@?$AAR?$AAi?$AAg?$AAh?$AAt?$AAL?$AAi?$AAn?$AAe?$AAI?$AAn?$AAV?$AAo?$AAl?$AA?$AA@ 00011ac8     common.obj
 0002:00000348       ??_C@_1BM@KLMB@?$AAL?$AAe?$AAf?$AAt?$AAL?$AAi?$AAn?$AAe?$AAI?$AAn?$AAV?$AAo?$AAl?$AA?$AA@ 00011ae8     common.obj
 0002:00000364       ??_C@_1BG@COJL@?$AAR?$AAi?$AAg?$AAh?$AAt?$AAC?$AAD?$AAV?$AAo?$AAl?$AA?$AA@ 00011b04     common.obj
 0002:0000037c       ??_C@_1BE@KMKA@?$AAL?$AAe?$AAf?$AAt?$AAC?$AAD?$AAV?$AAo?$AAl?$AA?$AA@ 00011b1c     common.obj
 0002:00000390       ??_C@_1BK@JCIM@?$AAR?$AAi?$AAg?$AAh?$AAt?$AAM?$AAi?$AAd?$AAi?$AAV?$AAo?$AAl?$AA?$AA@ 00011b30     common.obj
 0002:000003ac       ??_C@_1BI@KBIJ@?$AAL?$AAe?$AAf?$AAt?$AAM?$AAi?$AAd?$AAi?$AAV?$AAo?$AAl?$AA?$AA@ 00011b4c     common.obj
 0002:000003c4       ??_C@_1BK@MFCG@?$AAR?$AAi?$AAg?$AAh?$AAt?$AAW?$AAa?$AAv?$AAe?$AAV?$AAo?$AAl?$AA?$AA@ 00011b64     common.obj
 0002:000003e0       ??_C@_1BI@PGCD@?$AAL?$AAe?$AAf?$AAt?$AAW?$AAa?$AAv?$AAe?$AAV?$AAo?$AAl?$AA?$AA@ 00011b80     common.obj
 0002:000003f8       ??_C@_1BO@NHA@?$AAR?$AAi?$AAg?$AAh?$AAt?$AAM?$AAa?$AAs?$AAt?$AAe?$AAr?$AAV?$AAo?$AAl?$AA?$AA@ 00011b98     common.obj
 0002:00000418       ??_C@_1BM@NEBF@?$AAL?$AAe?$AAf?$AAt?$AAM?$AAa?$AAs?$AAt?$AAe?$AAr?$AAV?$AAo?$AAl?$AA?$AA@ 00011bb8     common.obj
 0002:00000434       ??_7CAdapterCommon@@6BIAdapterPowerManagement@@@ 00011bd4     common.obj
 0002:0000044c       ??_7CAdapterCommon@@6BIAdapterCommon@@@ 00011bec     common.obj
 0002:000004a4       ??_7CAdapterCommon@@6BCUnknown@@@ 00011c44     common.obj
 0002:00000580       ??_7CMiniportTopologyHDA@@6BIMiniportTopology@@@ 00011d20     mintopo.obj
 0002:00000598       ??_7CMiniportTopologyHDA@@6BCUnknown@@@ 00011d38     mintopo.obj
 0002:000005a8       ??_7CMiniportWaveCyclicHDA@@6BIMiniportWaveCyclic@@@ 00011d48     minwave.obj
 0002:000005c4       ??_7CMiniportWaveCyclicHDA@@6BCUnknown@@@ 00011d64     minwave.obj
 0002:000005d4       ??_7CMiniportWaveCyclicStreamHDA@@6BIMiniportWaveCyclicStream@@@ 00011d74     minwave.obj
 0002:000005f8       ??_7CMiniportWaveCyclicStreamHDA@@6BCUnknown@@@ 00011d98     minwave.obj
 0002:00000608       ??_7CUnknown@@6B@          00011da8     stdunk:stdunk.obj
 0003:00000000       __GUID_b7902fe9_fb0a_11d1_81b0_0060083316c1 00011dc0     adapter.obj
 0003:00000010       __GUID_d3f0ce1c_fffc_11d1_81b0_0060083316c1 00011dd0     adapter.obj
 0003:00000020       __GUID_c096df9c_fb09_11d1_81b0_0060083316c1 00011de0     adapter.obj
 0003:000000f0       ?audBufSize@@3KA           00011eb0     common.obj
 0003:000000f4       ?BdlSize@@3KA              00011eb4     common.obj
 0003:000007f0       __GUID_185fedf6_9905_11d1_95a9_00c04fb925d3 000125b0     mintopo.obj
 0003:00000800       __GUID_185fedef_9905_11d1_95a9_00c04fb925d3 000125c0     mintopo.obj
 0003:00000810       __GUID_185fede1_9905_11d1_95a9_00c04fb925d3 000125d0     mintopo.obj
 0003:00000820       __GUID_185fede0_9905_11d1_95a9_00c04fb925d3 000125e0     mintopo.obj
 0003:00000830       __GUID_7607e580_c557_11d0_8a2b_00a0c9255ac1 000125f0     mintopo.obj
 0003:00000840       __GUID_185fede3_9905_11d1_95a9_00c04fb925d3 00012600     mintopo.obj
 0003:00000850       __GUID_da441a60_c556_11d0_8a2b_00a0c9255ac1 00012610     mintopo.obj
 0003:00000860       __GUID_185fedee_9905_11d1_95a9_00c04fb925d3 00012620     mintopo.obj
 0003:00000870       __GUID_02b223c0_c557_11d0_8a2b_00a0c9255ac1 00012630     mintopo.obj
 0003:00000880       __GUID_185feded_9905_11d1_95a9_00c04fb925d3 00012640     mintopo.obj
 0003:00000890       __GUID_e88c9ba0_c557_11d0_8a2b_00a0c9255ac1 00012650     mintopo.obj
 0003:000008a0       __GUID_185fedec_9905_11d1_95a9_00c04fb925d3 00012660     mintopo.obj
 0003:000008b0       __GUID_185fedeb_9905_11d1_95a9_00c04fb925d3 00012670     mintopo.obj
 0003:000008c0       __GUID_185fedea_9905_11d1_95a9_00c04fb925d3 00012680     mintopo.obj
 0003:000008d0       __GUID_185fede9_9905_11d1_95a9_00c04fb925d3 00012690     mintopo.obj
 0003:000008e0       __GUID_185fede8_9905_11d1_95a9_00c04fb925d3 000126a0     mintopo.obj
 0003:000008f0       __GUID_e573adc0_c555_11d0_8a2b_00a0c9255ac1 000126b0     mintopo.obj
 0003:00000900       __GUID_185fede7_9905_11d1_95a9_00c04fb925d3 000126c0     mintopo.obj
 0003:00000910       __GUID_185fede5_9905_11d1_95a9_00c04fb925d3 000126d0     mintopo.obj
 0003:00000920       __GUID_3a5acc00_c557_11d0_8a2b_00a0c9255ac1 000126e0     mintopo.obj
 0003:00000930       __GUID_45ffaaa0_6e1b_11d0_bcf2_444553540000 000126f0     mintopo.obj
 0003:00000940       __GUID_6994ad04_93ef_11d0_a3cc_00a0c9223196 00012700     mintopo.obj
 0003:00000950       __GUID_185fedf7_9905_11d1_95a9_00c04fb925d3 00012710     mintopo.obj
 0003:00000960       __GUID_dff21ce1_f70f_11d0_b917_00a0c9223196 00012720     mintopo.obj
 0003:00000970       __GUID_dff21be1_f70f_11d0_b917_00a0c9223196 00012730     mintopo.obj
 0003:00000980       __GUID_185fedf9_9905_11d1_95a9_00c04fb925d3 00012740     mintopo.obj
 0003:00000990       __GUID_dff21fe3_f70f_11d0_b917_00a0c9223196 00012750     mintopo.obj
 0003:000009a0       __GUID_185fedfb_9905_11d1_95a9_00c04fb925d3 00012760     mintopo.obj
 0003:000009b0       __GUID_dff220e3_f70f_11d0_b917_00a0c9223196 00012770     mintopo.obj
 0003:000009c0       __GUID_185fedf8_9905_11d1_95a9_00c04fb925d3 00012780     mintopo.obj
 0003:000009d0       __GUID_dff220f3_f70f_11d0_b917_00a0c9223196 00012790     mintopo.obj
 0003:000009e0       __GUID_dff21fe4_f70f_11d0_b917_00a0c9223196 000127a0     mintopo.obj
 0003:000009f0       __GUID_97e99ba0_bdea_11cf_a5d6_28db04c10000 000127b0     mintopo.obj
 0003:00000c38       __GUID_507ae360_c554_11d0_8a2b_00a0c9255ac1 000129f8     minwave.obj
 0003:00000c48       __GUID_4d837fe0_c555_11d0_8a2b_00a0c9255ac1 00012a08     minwave.obj
 0003:00000c58       __GUID_185fedfa_9905_11d1_95a9_00c04fb925d3 00012a18     minwave.obj
 0003:00000c68       __GUID_fb6c4281_0353_11d1_905f_0000c0cc16ba 00012a28     minwave.obj
 0003:00000c78       __GUID_05589f81_c356_11ce_bf01_00aa0055595a 00012a38     minwave.obj
 0003:00000c88       __GUID_00000001_0000_0010_8000_00aa00389b71 00012a48     minwave.obj
 0003:00000c98       __GUID_73647561_0000_0010_8000_00aa00389b71 00012a58     minwave.obj
 0003:00000ca8       __GUID_0f6417d6_c318_11d0_a43f_00a0c9223196 00012a68     minwave.obj
 0003:00000cb8       __GUID_518590a2_a184_11d0_8522_00c04fd9baf3 00012a78     minwave.obj
 0003:00000cc8       __GUID_00000000_0000_0000_0000_000000000000 00012a88     adapter.obj
 0004:00000000       _AddDevice@8               00012aa0 f   adapter.obj
 0004:0000001a       ?InstallSubdevice@@YGJPAU_DEVICE_OBJECT@@PAU_IRP@@PAGABU_GUID@@3P6GJPAPAUIUnknown@@3PAU4@W4_POOL_TYPE@@@Z5PAUIResourceList@@344@Z 00012aba f   adapter.obj
 0004:00000120       ?StartDevice@@YGJPAU_DEVICE_OBJECT@@PAU_IRP@@PAUIResourceList@@@Z 00012bc0 f   adapter.obj
 0004:0000036e       ?AssignResources@@YGJPAUIResourceList@@PAPAU1@11111@Z 00012e0e f   adapter.obj
 0004:00000624       ?NewAdapterCommon@@YGJPAPAUIUnknown@@ABU_GUID@@PAU1@W4_POOL_TYPE@@@Z 000130c4 f   common.obj
 0004:00000895       ?Init@CAdapterCommon@@UAGJPAUIResourceList@@PAU_DEVICE_OBJECT@@@Z 00013335 f   common.obj
 0004:00000fb8       ??1CAdapterCommon@@UAE@XZ  00013a58 f   common.obj
 0004:0000110c       ?NonDelegatingQueryInterface@CAdapterCommon@@UAGJABU_GUID@@PAPAX@Z 00013bac f   common.obj
 0004:000011cc       ?WavePortDriverDest@CAdapterCommon@@UAGPAPAUIUnknown@@XZ 00013c6c f   common.obj
 0004:000011d8       ?GetInterruptSync@CAdapterCommon@@UAGPAUIInterruptSync@@XZ 00013c78 f   common.obj
 0004:000011e6       ?MidiPortDriverDest@CAdapterCommon@@UAGPAPAUIUnknown@@XZ 00013c86 f   common.obj
 0004:000011f2       ?SetWaveServiceGroup@CAdapterCommon@@UAGXPAUIServiceGroup@@@Z 00013c92 f   common.obj
 0004:00001222       ?InitHDA@CAdapterCommon@@QAGJXZ 00013cc2 f   common.obj
 0004:000015dc       ?InitializeCodec@CAdapterCommon@@QAGJE@Z 0001407c f   common.obj
 0004:000018db       ?hda_initialize_audio_function_group@CAdapterCommon@@QAGXKK@Z 0001437b f   common.obj
 0004:00001dba       ?hda_get_node_type@CAdapterCommon@@QAGEKK@Z 0001485a f   common.obj
 0004:00001ddc       ?hda_get_node_connection_entries@CAdapterCommon@@QAGKKKK@Z 0001487c f   common.obj
 0004:00001e62       ?hda_set_node_gain@CAdapterCommon@@QAGXKKKKKE@Z 00014902 f   common.obj
 0004:00001ecc       ?hda_enable_pin_output@CAdapterCommon@@QAGXKK@Z 0001496c f   common.obj
 0004:00001efe       ?hda_disable_pin_output@CAdapterCommon@@QAGXKK@Z 0001499e f   common.obj
 0004:00001f30       ?hda_is_headphone_connected@CAdapterCommon@@QAGHXZ 000149d0 f   common.obj
 0004:00001f6c       ?hda_initialize_output_pin@CAdapterCommon@@QAGXK@Z 00014a0c f   common.obj
 0004:000020e2       ?hda_initalize_audio_output@CAdapterCommon@@QAGXK@Z 00014b82 f   common.obj
 0004:0000220a       ?hda_initalize_audio_mixer@CAdapterCommon@@QAGXK@Z 00014caa f   common.obj
 0004:00002304       ?hda_initalize_audio_selector@CAdapterCommon@@QAGXK@Z 00014da4 f   common.obj
 0004:00002428       ?CreateMiniportTopologyHDA@@YGJPAPAUIUnknown@@ABU_GUID@@PAU1@W4_POOL_TYPE@@@Z 00014ec8 f   mintopo.obj
 0004:00002488       ?ProcessResources@CMiniportTopologyHDA@@AAEJPAUIResourceList@@@Z 00014f28 f   mintopo.obj
 0004:000024ac       ?NonDelegatingQueryInterface@CMiniportTopologyHDA@@UAGJABU_GUID@@PAPAX@Z 00014f4c f   mintopo.obj
 0004:0000255a       ??1CMiniportTopologyHDA@@UAE@XZ 00014ffa f   mintopo.obj
 0004:0000259e       ?Init@CMiniportTopologyHDA@@UAGJPAUIUnknown@@PAUIResourceList@@PAUIPortTopology@@@Z 0001503e f   mintopo.obj
 0004:00002600       ?GetDescription@CMiniportTopologyHDA@@UAGJPAPAUPCFILTER_DESCRIPTOR@@@Z 000150a0 f   mintopo.obj
 0004:00002e24       ?CreateMiniportWaveCyclicHDA@@YGJPAPAUIUnknown@@ABU_GUID@@PAU1@W4_POOL_TYPE@@@Z 000158c4 f   minwave.obj
 0004:00002e84       ?ProcessResources@CMiniportWaveCyclicHDA@@AAEJPAUIResourceList@@@Z 00015924 f   minwave.obj
 0004:00002f2a       ?ValidateFormat@CMiniportWaveCyclicHDA@@AAEJPATKSDATAFORMAT@@@Z 000159ca f   minwave.obj
 0004:00003006       ?NonDelegatingQueryInterface@CMiniportWaveCyclicHDA@@UAGJABU_GUID@@PAPAX@Z 00015aa6 f   minwave.obj
 0004:000030b4       ??1CMiniportWaveCyclicHDA@@UAE@XZ 00015b54 f   minwave.obj
 0004:00003108       ?Init@CMiniportWaveCyclicHDA@@UAGJPAUIUnknown@@PAUIResourceList@@PAUIPortWaveCyclic@@@Z 00015ba8 f   minwave.obj
 0004:000031b0       ?GetDescription@CMiniportWaveCyclicHDA@@UAGJPAPAUPCFILTER_DESCRIPTOR@@@Z 00015c50 f   minwave.obj
 0004:000031c0       ?DataRangeIntersection@CMiniportWaveCyclicHDA@@UAGJKPATKSDATAFORMAT@@0KPAXPAK@Z 00015c60 f   minwave.obj
 0004:00003416       ?NewStream@CMiniportWaveCyclicHDA@@UAGJPAPAUIMiniportWaveCyclicStream@@PAUIUnknown@@W4_POOL_TYPE@@KEPATKSDATAFORMAT@@PAPAUIDmaChannel@@PAPAUIServiceGroup@@@Z 00015eb6 f   minwave.obj
 0004:00003556       ?NonDelegatingQueryInterface@CMiniportWaveCyclicStreamHDA@@UAGJABU_GUID@@PAPAX@Z 00015ff6 f   minwave.obj
 0004:000035de       ??1CMiniportWaveCyclicStreamHDA@@UAE@XZ 0001607e f   minwave.obj
 0004:00003648       ?Init@CMiniportWaveCyclicStreamHDA@@QAEJPAVCMiniportWaveCyclicHDA@@KEPATKSDATAFORMAT@@PAUIDmaChannel@@@Z 000160e8 f   minwave.obj
 0004:000036ce       ?SetNotificationFreq@CMiniportWaveCyclicStreamHDA@@UAGKKPAK@Z 0001616e f   minwave.obj
 0004:0000370e       ?SetFormat@CMiniportWaveCyclicStreamHDA@@UAGJPATKSDATAFORMAT@@@Z 000161ae f   minwave.obj
 0004:0000379a       ?SetState@CMiniportWaveCyclicStreamHDA@@UAGJW4KSSTATE@@@Z 0001623a f   minwave.obj
 0005:00000000       _DriverEntry@8             000162a0 f   adapter.obj
 0005:00000018       __IMPORT_DESCRIPTOR_ntoskrnl 000162b8     ntoskrnl:ntoskrnl.exe
 0005:0000002c       __IMPORT_DESCRIPTOR_HAL    000162cc     hal:HAL.dll
 0005:00000040       __IMPORT_DESCRIPTOR_portcls 000162e0     portcls:portcls.sys
 0005:00000054       __NULL_IMPORT_DESCRIPTOR   000162f4     ntoskrnl:ntoskrnl.exe

 entry point at        0005:00000000

 Static symbols

 0004:00002610       ?PropertyHandler_OnOff@@YGJPAU_PCPROPERTY_REQUEST@@@Z 000150b0 f   mintopo.obj
 0004:000027ae       ?PropertyHandler_SuperMixCaps@@YGJPAU_PCPROPERTY_REQUEST@@@Z 0001524e f   mintopo.obj
 0004:00002988       ?PropertyHandler_SuperMixTable@@YGJPAU_PCPROPERTY_REQUEST@@@Z 00015428 f   mintopo.obj
 0004:00002ca4       ?PropertyHandler_CpuResources@@YGJPAU_PCPROPERTY_REQUEST@@@Z 00015744 f   mintopo.obj
 0001:00000de0       ?PropertyHandler_Level@@YGJPAU_PCPROPERTY_REQUEST@@@Z 000110c0 f   mintopo.obj
 0004:00002d30       ?BasicSupportHandler@@YGJPAU_PCPROPERTY_REQUEST@@@Z 000157d0 f   mintopo.obj

 115 bytes saved through ICF

