 HDA

 Timestamp is 69f975fd (Mon May 04 21:45:49 2026)

 Preferred load address is 00010000

 Start         Length     Name                   Class
 0001:00000000 00002d91H .text                   CODE
 0002:00000000 000000b0H .idata$5                DATA
 0002:000000b0 000006e3H .rdata                  DATA
 0003:00000000 00000d10H .data                   DATA
 0003:00000d10 0000001eH .bss                    DATA
 0004:00000000 00002eabH PAGE                    CODE
 0005:00000000 00000015H INIT                    CODE
 0005:00000018 0000003cH .idata$2                CODE
 0005:00000054 00000014H .idata$3                CODE
 0005:00000068 000000b0H .idata$4                CODE
 0005:00000118 00000390H .idata$6                CODE
 0006:00000000 00000058H .rsrc$01                DATA
 0006:00000060 000003d0H .rsrc$02                DATA

  Address         Publics by Value              Rva+Base     Lib:Object

 0001:00000000       ??3@YAXPAX@Z               000102e0 f i common.obj
 0001:0000000c       ?QueryInterface@CAdapterCommon@@UAGJABU_GUID@@PAPAX@Z 000102ec f i common.obj
 0001:00000024       ?AddRef@CAdapterCommon@@UAGKXZ 00010304 f i common.obj
 0001:00000034       ?Release@CAdapterCommon@@UAGKXZ 00010314 f i common.obj
 0001:00000044       ??_ECAdapterCommon@@UAEPAXI@Z 00010324 f i common.obj
 0001:00000044       ??_GCAdapterCommon@@UAEPAXI@Z 00010324 f i common.obj
 0001:00000184       ?hda_is_supported_sample_rate@CAdapterCommon@@UAGEK@Z 00010464 f   common.obj
 0001:000001d0       ?hda_send_verb@CAdapterCommon@@UAGKKKKK@Z 000104b0 f   common.obj
 0001:00000346       ?ReadController@CAdapterCommon@@UAGEXZ 00010626 f   common.obj
 0001:0000034c       ?WriteController@CAdapterCommon@@UAGEE@Z 0001062c f   common.obj
 0001:00000352       ?MixerRegWrite@CAdapterCommon@@UAGXEE@Z 00010632 f   common.obj
 0001:0000039e       ?MixerRegRead@CAdapterCommon@@UAGEE@Z 0001067e f   common.obj
 0001:000003bc       ?MixerReset@CAdapterCommon@@UAGXXZ 0001069c f   common.obj
 0001:000003ca       ?AcknowledgeIRQ@CAdapterCommon@@AAE?AW4_HDA_INTERRUPT_TYPE@@XZ 000106aa f   common.obj
 0001:000004de       ?ResetController@CAdapterCommon@@UAGJXZ 000107be f   common.obj
 0001:00000506       ?RestoreMixerSettingsFromRegistry@CAdapterCommon@@UAGJXZ 000107e6 f   common.obj
 0001:00000664       ?SaveMixerSettingsToRegistry@CAdapterCommon@@UAGJXZ 00010944 f   common.obj
 0001:00000760       ?ProgramSampleRate@CAdapterCommon@@UAGJK@Z 00010a40 f   common.obj
 0001:000007c0       ?PowerChangeState@CAdapterCommon@@UAGXT_POWER_STATE@@@Z 00010aa0 f   common.obj
 0001:0000081e       ?QueryDeviceCapabilities@CAdapterCommon@@UAGJPAU_DEVICE_CAPABILITIES@@@Z 00010afe f   common.obj
 0001:0000081e       ?QueryPowerChangeState@CAdapterCommon@@UAGJT_POWER_STATE@@@Z 00010afe f   common.obj
 0001:00000824       ?InterruptServiceRoutine@@YGJPAUIInterruptSync@@PAX@Z 00010b04 f   common.obj
 0001:0000085c       ?hda_stop_stream@CAdapterCommon@@UAGJXZ 00010b3c f   common.obj
 0001:00000952       ?hda_start_sound@CAdapterCommon@@UAGXXZ 00010c32 f   common.obj
 0001:00000990       ?hda_stop_sound@CAdapterCommon@@UAGXXZ 00010c70 f   common.obj
 0001:000009d6       ?hda_get_actual_stream_position@CAdapterCommon@@UAGKXZ 00010cb6 f   common.obj
 0001:00000a52       ?hda_set_volume@CAdapterCommon@@QAGXKE@Z 00010d32 f   common.obj
 0001:00000a92       ?readUCHAR@CAdapterCommon@@QAGEG@Z 00010d72 f   common.obj
 0001:00000aaa       ?writeUCHAR@CAdapterCommon@@QAGXGE@Z 00010d8a f   common.obj
 0001:00000ac6       ?readUSHORT@CAdapterCommon@@QAGGG@Z 00010da6 f   common.obj
 0001:00000ade       ?writeUSHORT@CAdapterCommon@@QAGXGG@Z 00010dbe f   common.obj
 0001:00000afa       ?readULONG@CAdapterCommon@@QAGKG@Z 00010dda f   common.obj
 0001:00000b12       ?writeULONG@CAdapterCommon@@QAGXGK@Z 00010df2 f   common.obj
 0001:00000b2e       ?hda_setup_stream_descriptor@CAdapterCommon@@UAGJPAUIDmaChannel@@@Z 00010e0e f   common.obj
 0001:00000ca0       ?hda_return_sound_data_format@CAdapterCommon@@QAGGKKK@Z 00010f80 f   common.obj
 0001:00000ca0       ?hda_return_sound_data_format@HDA_Codec@@QAGGKKK@Z 00010f80 f   common.obj
 0001:00000d62       ?ReadWriteConfigSpace@CAdapterCommon@@AAGJPAU_DEVICE_OBJECT@@KPAXKK@Z 00011042 f   common.obj
 0001:00000e0a       ?WriteConfigSpaceByte@CAdapterCommon@@AAGJEEE@Z 000110ea f   common.obj
 0001:00000e40       ?WriteConfigSpaceWord@CAdapterCommon@@AAGJEGG@Z 00011120 f   common.obj
 0001:00000e76       ?QueryInterface@CAdapterCommon@@W3AGJABU_GUID@@PAPAX@Z 00011156 f i common.obj
 0001:00000e80       ?AddRef@CAdapterCommon@@W3AGKXZ 00011160 f i common.obj
 0001:00000e8a       ?Release@CAdapterCommon@@W3AGKXZ 0001116a f i common.obj
 0001:00000e94       ??0HDA_Codec@@QAE@EEEPAUIAdapterCommon@@@Z 00011174 f   codec.obj
 0001:00000eda       ??1HDA_Codec@@QAE@XZ       000111ba f   codec.obj
 0001:00000efe       ?InitializeCodec@HDA_Codec@@QAGJXZ 000111de f   codec.obj
 0001:00001380       ?hda_initialize_audio_function_group@HDA_Codec@@QAGJK@Z 00011660 f   codec.obj
 0001:00001a42       ?hda_get_node_type@HDA_Codec@@QAGEK@Z 00011d22 f   codec.obj
 0001:00001a60       ?hda_get_node_connection_entries@HDA_Codec@@QAGKKK@Z 00011d40 f   codec.obj
 0001:00001ade       ?hda_enable_pin_output@HDA_Codec@@QAGXK@Z 00011dbe f   codec.obj
 0001:00001b0a       ?hda_disable_pin_output@HDA_Codec@@QAGXK@Z 00011dea f   codec.obj
 0001:00001b36       ?hda_is_headphone_connected@HDA_Codec@@QAGEXZ 00011e16 f   codec.obj
 0001:00001b68       ?hda_initialize_output_pin@HDA_Codec@@QAGXKAAUHDA_NODE_PATH@@@Z 00011e48 f   codec.obj
 0001:00001c8a       ?hda_initialize_audio_output@HDA_Codec@@QAGXKAAUHDA_NODE_PATH@@@Z 00011f6a f   codec.obj
 0001:00001d9c       ?hda_initialize_audio_mixer@HDA_Codec@@QAGXKAAUHDA_NODE_PATH@@@Z 0001207c f   codec.obj
 0001:00001e7a       ?hda_initialize_audio_selector@HDA_Codec@@QAGXKAAUHDA_NODE_PATH@@@Z 0001215a f   codec.obj
 0001:00001f88       ?ProgramSampleRate@HDA_Codec@@QAGJK@Z 00012268 f   codec.obj
 0001:00002014       ?hda_check_headphone_connection_change@HDA_Codec@@QAGXXZ 000122f4 f   codec.obj
 0001:00002070       ?hda_is_supported_sample_rate@HDA_Codec@@QAGEK@Z 00012350 f   codec.obj
 0001:0000210e       ?hda_set_volume@HDA_Codec@@QAGXKE@Z 000123ee f   codec.obj
 0001:00002144       ?hda_set_node_gain@HDA_Codec@@QAGXKKKKE@Z 00012424 f   codec.obj
 0001:000021ac       ?hda_send_verb@HDA_Codec@@QAGKKKK@Z 0001248c f   codec.obj
 0001:000021cc       ?AddRef@CMiniportTopologyHDA@@UAGKXZ 000124ac f i mintopo.obj
 0001:000021cc       ?AddRef@CMiniportWaveCyclicStreamHDA@@UAGKXZ 000124ac f i mintopo.obj
 0001:000021cc       ?AddRef@CMiniportWaveCyclicHDA@@UAGKXZ 000124ac f i mintopo.obj
 0001:000021dc       ?Release@CMiniportWaveCyclicStreamHDA@@UAGKXZ 000124bc f i mintopo.obj
 0001:000021dc       ?Release@CMiniportTopologyHDA@@UAGKXZ 000124bc f i mintopo.obj
 0001:000021dc       ?Release@CMiniportWaveCyclicHDA@@UAGKXZ 000124bc f i mintopo.obj
 0001:000021ec       ?DataRangeIntersection@CMiniportTopologyHDA@@UAGJKPATKSDATAFORMAT@@0KPAXPAK@Z 000124cc f i mintopo.obj
 0001:000021f4       ??_ECMiniportTopologyHDA@@UAEPAXI@Z 000124d4 f i mintopo.obj
 0001:000021f4       ??_GCMiniportTopologyHDA@@UAEPAXI@Z 000124d4 f i mintopo.obj
 0001:000025f2       ?ReadBitsFromMixer@CMiniportTopologyHDA@@AAEEEEE@Z 000128d2 f   mintopo.obj
 0001:0000261a       ?WriteBitsToMixer@CMiniportTopologyHDA@@AAEXEEEE@Z 000128fa f   mintopo.obj
 0001:00002670       ?QueryInterface@CMiniportTopologyHDA@@UAGJABU_GUID@@PAPAX@Z 00012950 f i minwave.obj
 0001:00002670       ?QueryInterface@CMiniportWaveCyclicHDA@@UAGJABU_GUID@@PAPAX@Z 00012950 f i minwave.obj
 0001:00002670       ?QueryInterface@CMiniportWaveCyclicStreamHDA@@UAGJABU_GUID@@PAPAX@Z 00012950 f i minwave.obj
 0001:00002688       ??_ECMiniportWaveCyclicHDA@@UAEPAXI@Z 00012968 f i minwave.obj
 0001:00002688       ??_GCMiniportWaveCyclicHDA@@UAEPAXI@Z 00012968 f i minwave.obj
 0001:000026a8       ??0CMyDmaChannel@@QAE@PAUIDmaChannel@@@Z 00012988 f i minwave.obj
 0001:00002712       ?QueryInterface@CMyDmaChannel@@UAGJABU_GUID@@PAPAX@Z 000129f2 f i minwave.obj
 0001:00002762       ?AddRef@CMyDmaChannel@@UAGKXZ 00012a42 f i minwave.obj
 0001:00002772       ?Release@CMyDmaChannel@@UAGKXZ 00012a52 f i minwave.obj
 0001:0000279e       ?AllocateBuffer@CMyDmaChannel@@UAGJKPAT_LARGE_INTEGER@@@Z 00012a7e f i minwave.obj
 0001:00002880       ?FreeBuffer@CMyDmaChannel@@UAGXXZ 00012b60 f i minwave.obj
 0001:000028a2       ?SystemAddress@CMyDmaChannel@@UAGPAXXZ 00012b82 f i minwave.obj
 0001:000028be       ?CopyTo@CMyDmaChannel@@UAGXPAX0K@Z 00012b9e f i minwave.obj
 0001:00002908       ?CopyFrom@CMyDmaChannel@@UAGXPAX0K@Z 00012be8 f i minwave.obj
 0001:00002924       ?TransferCount@CMyDmaChannel@@UAGKXZ 00012c04 f i minwave.obj
 0001:00002934       ?MaximumBufferSize@CMyDmaChannel@@UAGKXZ 00012c14 f i minwave.obj
 0001:00002944       ?AllocatedBufferSize@CMyDmaChannel@@UAGKXZ 00012c24 f i minwave.obj
 0001:00002960       ?BufferSize@CMyDmaChannel@@UAGKXZ 00012c40 f i minwave.obj
 0001:0000297c       ?SetBufferSize@CMyDmaChannel@@UAGXK@Z 00012c5c f i minwave.obj
 0001:00002994       ?PhysicalAddress@CMyDmaChannel@@UAG?AT_LARGE_INTEGER@@XZ 00012c74 f i minwave.obj
 0001:000029d0       ?GetAdapterObject@CMyDmaChannel@@UAGPAU_DMA_ADAPTER@@XZ 00012cb0 f i minwave.obj
 0001:000029e0       ??_GCMiniportWaveCyclicStreamHDA@@UAEPAXI@Z 00012cc0 f i minwave.obj
 0001:000029e0       ??_ECMiniportWaveCyclicStreamHDA@@UAEPAXI@Z 00012cc0 f i minwave.obj
 0001:00002a00       ?GetPosition@CMiniportWaveCyclicStreamHDA@@UAGJPAK@Z 00012ce0 f   minwave.obj
 0001:00002a68       ?NormalizePhysicalPosition@CMiniportWaveCyclicStreamHDA@@UAGJPA_J@Z 00012d48 f   minwave.obj
 0001:00002ab0       ?Silence@CMiniportWaveCyclicStreamHDA@@UAGXPAXK@Z 00012d90 f   minwave.obj
 0001:00002aea       _DbgPrint                  00012dca f   ntoskrnl:ntoskrnl.exe
 0001:00002af0       __alldiv                   00012dd0 f   ntoskrnl:ntoskrnl.exe
 0001:00002af6       __allmul                   00012dd6 f   ntoskrnl:ntoskrnl.exe
 0001:00002afc       _PcInitializeAdapterDriver@12 00012ddc f   portcls:portcls.sys
 0001:00002b02       _PcAddAdapterDevice@20     00012de2 f   portcls:portcls.sys
 0001:00002b08       _PcRegisterSubdevice@12    00012de8 f   portcls:portcls.sys
 0001:00002b0e       _PcNewMiniport@8           00012dee f   portcls:portcls.sys
 0001:00002b14       _PcNewPort@8               00012df4 f   portcls:portcls.sys
 0001:00002b1a       _PcRegisterPhysicalConnection@20 00012dfa f   portcls:portcls.sys
 0001:00002b20       _PcRegisterAdapterPowerManagement@8 00012e00 f   portcls:portcls.sys
 0001:00002b26       _PcNewResourceSublist@20   00012e06 f   portcls:portcls.sys
 0001:00002b2c       _PcNewInterruptSync@20     00012e0c f   portcls:portcls.sys
 0001:00002b32       _PcNewRegistryKey@36       00012e12 f   portcls:portcls.sys
 0001:00002b38       _PcNewServiceGroup@8       00012e18 f   portcls:portcls.sys
 0001:00002b40       ??0CUnknown@@QAE@PAUIUnknown@@@Z 00012e20 f   stdunk:stdunk.obj
 0001:00002b90       ??_GCUnknown@@UAEPAXI@Z    00012e70 f i stdunk:stdunk.obj
 0001:00002b90       ??_ECUnknown@@UAEPAXI@Z    00012e70 f i stdunk:stdunk.obj
 0001:00002bc0       ??0INonDelegatingUnknown@@QAE@XZ 00012ea0 f i stdunk:stdunk.obj
 0001:00002bd0       ??1CUnknown@@UAE@XZ        00012eb0 f   stdunk:stdunk.obj
 0001:00002bf0       ?NonDelegatingAddRef@CUnknown@@UAGKXZ 00012ed0 f   stdunk:stdunk.obj
 0001:00002c30       ?NonDelegatingRelease@CUnknown@@UAGKXZ 00012f10 f   stdunk:stdunk.obj
 0001:00002cb0       ?NonDelegatingQueryInterface@CUnknown@@UAGJABU_GUID@@PAPAX@Z 00012f90 f   stdunk:stdunk.obj
 0001:00002d20       _IsEqualGUIDAligned@8      00013000 f i stdunk:stdunk.obj
 0002:00000000       __imp_@KfAcquireSpinLock@4 00013080     hal:HAL.dll
 0002:00000004       __imp_@KfReleaseSpinLock@8 00013084     hal:HAL.dll
 0002:00000008       __imp__KeStallExecutionProcessor@4 00013088     hal:HAL.dll
 0002:0000000c       \177HAL_NULL_THUNK_DATA    0001308c     hal:HAL.dll
 0002:00000010       __imp__KeInitializeSpinLock@4 00013090     ntoskrnl:ntoskrnl.exe
 0002:00000014       __imp__MmUnmapIoSpace@8    00013094     ntoskrnl:ntoskrnl.exe
 0002:00000018       __imp__RtlInitUnicodeString@8 00013098     ntoskrnl:ntoskrnl.exe
 0002:0000001c       __imp__READ_REGISTER_ULONG@4 0001309c     ntoskrnl:ntoskrnl.exe
 0002:00000020       __imp__DbgPrint            000130a0     ntoskrnl:ntoskrnl.exe
 0002:00000024       __imp__WRITE_REGISTER_ULONG@8 000130a4     ntoskrnl:ntoskrnl.exe
 0002:00000028       __imp__READ_REGISTER_UCHAR@4 000130a8     ntoskrnl:ntoskrnl.exe
 0002:0000002c       __imp__WRITE_REGISTER_UCHAR@8 000130ac     ntoskrnl:ntoskrnl.exe
 0002:00000030       __imp__READ_REGISTER_USHORT@4 000130b0     ntoskrnl:ntoskrnl.exe
 0002:00000034       __imp__WRITE_REGISTER_USHORT@8 000130b4     ntoskrnl:ntoskrnl.exe
 0002:00000038       __imp__ExAllocatePoolWithTag@12 000130b8     ntoskrnl:ntoskrnl.exe
 0002:0000003c       __imp__MmMapIoSpace@16     000130bc     ntoskrnl:ntoskrnl.exe
 0002:00000040       __imp_@IofCallDriver@8     000130c0     ntoskrnl:ntoskrnl.exe
 0002:00000044       __imp__IoBuildSynchronousFsdRequest@28 000130c4     ntoskrnl:ntoskrnl.exe
 0002:00000048       __imp__IoGetAttachedDeviceReference@4 000130c8     ntoskrnl:ntoskrnl.exe
 0002:0000004c       __imp__KeInitializeEvent@12 000130cc     ntoskrnl:ntoskrnl.exe
 0002:00000050       __imp_@InterlockedIncrement@4 000130d0     ntoskrnl:ntoskrnl.exe
 0002:00000054       __imp_@InterlockedDecrement@4 000130d4     ntoskrnl:ntoskrnl.exe
 0002:00000058       __imp__ExFreePool@4        000130d8     ntoskrnl:ntoskrnl.exe
 0002:0000005c       __imp__KeReleaseMutex@8    000130dc     ntoskrnl:ntoskrnl.exe
 0002:00000060       __imp___alldiv             000130e0     ntoskrnl:ntoskrnl.exe
 0002:00000064       __imp___allmul             000130e4     ntoskrnl:ntoskrnl.exe
 0002:00000068       __imp__IoGetDmaAdapter@12  000130e8     ntoskrnl:ntoskrnl.exe
 0002:0000006c       __imp_@ObfDereferenceObject@4 000130ec     ntoskrnl:ntoskrnl.exe
 0002:00000070       __imp__KeWaitForSingleObject@20 000130f0     ntoskrnl:ntoskrnl.exe
 0002:00000074       __imp__KeInitializeMutex@8 000130f4     ntoskrnl:ntoskrnl.exe
 0002:00000078       __imp__RtlAssert@16        000130f8     ntoskrnl:ntoskrnl.exe
 0002:0000007c       \177ntoskrnl_NULL_THUNK_DATA 000130fc     ntoskrnl:ntoskrnl.exe
 0002:00000080       __imp__PcRegisterSubdevice@12 00013100     portcls:portcls.sys
 0002:00000084       __imp__PcNewMiniport@8     00013104     portcls:portcls.sys
 0002:00000088       __imp__PcNewPort@8         00013108     portcls:portcls.sys
 0002:0000008c       __imp__PcRegisterPhysicalConnection@20 0001310c     portcls:portcls.sys
 0002:00000090       __imp__PcAddAdapterDevice@20 00013110     portcls:portcls.sys
 0002:00000094       __imp__PcInitializeAdapterDriver@12 00013114     portcls:portcls.sys
 0002:00000098       __imp__PcNewResourceSublist@20 00013118     portcls:portcls.sys
 0002:0000009c       __imp__PcNewInterruptSync@20 0001311c     portcls:portcls.sys
 0002:000000a0       __imp__PcNewRegistryKey@36 00013120     portcls:portcls.sys
 0002:000000a4       __imp__PcNewServiceGroup@8 00013124     portcls:portcls.sys
 0002:000000a8       __imp__PcRegisterAdapterPowerManagement@8 00013128     portcls:portcls.sys
 0002:000000ac       \177portcls_NULL_THUNK_DATA 0001312c     portcls:portcls.sys
 0002:00000108       _IID_IAdapterCommon        00013188     adapter.obj
 0002:00000118       _CLSID_MiniportDriverFmSynth 00013198     adapter.obj
 0002:00000128       _CLSID_PortWaveCyclic      000131a8     adapter.obj
 0002:00000138       _CLSID_PortTopology        000131b8     adapter.obj
 0002:00000148       _CLSID_PortMidi            000131c8     adapter.obj
 0002:00000158       _IID_IAdapterPowerManagment 000131d8     adapter.obj
 0002:00000168       _IID_IMiniportWaveCyclicStream 000131e8     adapter.obj
 0002:00000178       _IID_IMiniportWaveCyclic   000131f8     adapter.obj
 0002:00000188       _IID_IPortWaveCyclic       00013208     adapter.obj
 0002:00000198       _IID_IMiniportTopology     00013218     adapter.obj
 0002:000001a8       _IID_IDmaChannel           00013228     adapter.obj
 0002:000001b8       _IID_IMiniport             00013238     adapter.obj
 0002:000001c8       _IID_IUnknown              00013248     adapter.obj
 0002:000001d8       ??_C@_1BE@FFBG@?$AAU?$AAs?$AAe?$AAD?$AAm?$AAa?$AAP?$AAo?$AAs?$AA?$AA@ 00013258     common.obj
 0002:000001ec       ??_C@_1CA@DADJ@?$AAU?$AAs?$AAe?$AAD?$AAi?$AAs?$AAa?$AAb?$AAl?$AAe?$AAd?$AAP?$AAi?$AAn?$AAs?$AA?$AA@ 0001326c     common.obj
 0002:0000020c       ??_C@_1BC@MBIB@?$AAU?$AAs?$AAe?$AAS?$AAP?$AAD?$AAI?$AAF?$AA?$AA@ 0001328c     common.obj
 0002:00000220       ??_C@_1BE@ONOC@?$AAU?$AAs?$AAe?$AAA?$AAl?$AAt?$AAO?$AAu?$AAt?$AA?$AA@ 000132a0     common.obj
 0002:00000234       ??_C@_1BO@LMMA@?$AAS?$AAk?$AAi?$AAp?$AAC?$AAo?$AAd?$AAe?$AAc?$AAR?$AAe?$AAs?$AAe?$AAt?$AA?$AA@ 000132b4     common.obj
 0002:00000254       ??_C@_1CI@JKGI@?$AAS?$AAk?$AAi?$AAp?$AAC?$AAo?$AAn?$AAt?$AAr?$AAo?$AAl?$AAl?$AAe?$AAr?$AAR?$AAe?$AAs?$AAe?$AAt?$AA?$AA@ 000132d4     common.obj
 0002:0000027c       ??_C@_1BE@ENEK@?$AAR?$AAi?$AAg?$AAh?$AAt?$AAB?$AAa?$AAs?$AAs?$AA?$AA@ 000132fc     common.obj
 0002:00000290       ??_C@_1BC@JMJO@?$AAL?$AAe?$AAf?$AAt?$AAB?$AAa?$AAs?$AAs?$AA?$AA@ 00013310     common.obj
 0002:000002a4       ??_C@_1BI@KGAJ@?$AAR?$AAi?$AAg?$AAh?$AAt?$AAT?$AAr?$AAe?$AAb?$AAl?$AAe?$AA?$AA@ 00013324     common.obj
 0002:000002bc       ??_C@_1BG@BGGD@?$AAL?$AAe?$AAf?$AAt?$AAT?$AAr?$AAe?$AAb?$AAl?$AAe?$AA?$AA@ 0001333c     common.obj
 0002:000002d4       ??_C@_1O@IECC@?$AAM?$AAi?$AAc?$AAA?$AAG?$AAC?$AA?$AA@ 00013354     common.obj
 0002:000002e4       ??_C@_1CA@EJHI@?$AAR?$AAi?$AAg?$AAh?$AAt?$AAO?$AAu?$AAt?$AAp?$AAu?$AAt?$AAG?$AAa?$AAi?$AAn?$AA?$AA@ 00013364     common.obj
 0002:00000304       ??_C@_1BO@PPLI@?$AAL?$AAe?$AAf?$AAt?$AAO?$AAu?$AAt?$AAp?$AAu?$AAt?$AAG?$AAa?$AAi?$AAn?$AA?$AA@ 00013384     common.obj
 0002:00000324       ??_C@_1BO@PMCJ@?$AAR?$AAi?$AAg?$AAh?$AAt?$AAI?$AAn?$AAp?$AAu?$AAt?$AAG?$AAa?$AAi?$AAn?$AA?$AA@ 000133a4     common.obj
 0002:00000344       ??_C@_1BM@CFEM@?$AAL?$AAe?$AAf?$AAt?$AAI?$AAn?$AAp?$AAu?$AAt?$AAG?$AAa?$AAi?$AAn?$AA?$AA@ 000133c4     common.obj
 0002:00000360       ??_C@_1CA@CIKM@?$AAR?$AAi?$AAg?$AAh?$AAt?$AAI?$AAn?$AAp?$AAu?$AAt?$AAM?$AAi?$AAx?$AAe?$AAr?$AA?$AA@ 000133e0     common.obj
 0002:00000380       ??_C@_1BO@JOGM@?$AAL?$AAe?$AAf?$AAt?$AAI?$AAn?$AAp?$AAu?$AAt?$AAM?$AAi?$AAx?$AAe?$AAr?$AA?$AA@ 00013400     common.obj
 0002:000003a0       ??_C@_1BI@BMOJ@?$AAO?$AAu?$AAt?$AAp?$AAu?$AAt?$AAM?$AAi?$AAx?$AAe?$AAr?$AA?$AA@ 00013420     common.obj
 0002:000003b8       ??_C@_1BE@GLOL@?$AAP?$AAc?$AAS?$AAp?$AAk?$AAr?$AAV?$AAo?$AAl?$AA?$AA@ 00013438     common.obj
 0002:000003cc       ??_C@_1O@MNBB@?$AAM?$AAi?$AAc?$AAV?$AAo?$AAl?$AA?$AA@ 0001344c     common.obj
 0002:000003dc       ??_C@_1BO@HCKE@?$AAR?$AAi?$AAg?$AAh?$AAt?$AAL?$AAi?$AAn?$AAe?$AAI?$AAn?$AAV?$AAo?$AAl?$AA?$AA@ 0001345c     common.obj
 0002:000003fc       ??_C@_1BM@KLMB@?$AAL?$AAe?$AAf?$AAt?$AAL?$AAi?$AAn?$AAe?$AAI?$AAn?$AAV?$AAo?$AAl?$AA?$AA@ 0001347c     common.obj
 0002:00000418       ??_C@_1BG@COJL@?$AAR?$AAi?$AAg?$AAh?$AAt?$AAC?$AAD?$AAV?$AAo?$AAl?$AA?$AA@ 00013498     common.obj
 0002:00000430       ??_C@_1BE@KMKA@?$AAL?$AAe?$AAf?$AAt?$AAC?$AAD?$AAV?$AAo?$AAl?$AA?$AA@ 000134b0     common.obj
 0002:00000444       ??_C@_1BK@JCIM@?$AAR?$AAi?$AAg?$AAh?$AAt?$AAM?$AAi?$AAd?$AAi?$AAV?$AAo?$AAl?$AA?$AA@ 000134c4     common.obj
 0002:00000460       ??_C@_1BI@KBIJ@?$AAL?$AAe?$AAf?$AAt?$AAM?$AAi?$AAd?$AAi?$AAV?$AAo?$AAl?$AA?$AA@ 000134e0     common.obj
 0002:00000478       ??_C@_1BK@MFCG@?$AAR?$AAi?$AAg?$AAh?$AAt?$AAW?$AAa?$AAv?$AAe?$AAV?$AAo?$AAl?$AA?$AA@ 000134f8     common.obj
 0002:00000494       ??_C@_1BI@PGCD@?$AAL?$AAe?$AAf?$AAt?$AAW?$AAa?$AAv?$AAe?$AAV?$AAo?$AAl?$AA?$AA@ 00013514     common.obj
 0002:000004ac       ??_C@_1BO@NHA@?$AAR?$AAi?$AAg?$AAh?$AAt?$AAM?$AAa?$AAs?$AAt?$AAe?$AAr?$AAV?$AAo?$AAl?$AA?$AA@ 0001352c     common.obj
 0002:000004cc       ??_C@_1BM@NEBF@?$AAL?$AAe?$AAf?$AAt?$AAM?$AAa?$AAs?$AAt?$AAe?$AAr?$AAV?$AAo?$AAl?$AA?$AA@ 0001354c     common.obj
 0002:000004e8       ??_7CAdapterCommon@@6BIAdapterPowerManagement@@@ 00013568     common.obj
 0002:00000500       ??_7CAdapterCommon@@6BIAdapterCommon@@@ 00013580     common.obj
 0002:00000564       ??_7CAdapterCommon@@6BCUnknown@@@ 000135e4     common.obj
 0002:00000640       ??_7CMiniportTopologyHDA@@6BIMiniportTopology@@@ 000136c0     mintopo.obj
 0002:00000658       ??_7CMiniportTopologyHDA@@6BCUnknown@@@ 000136d8     mintopo.obj
 0002:00000668       ??_7CMiniportWaveCyclicHDA@@6BIMiniportWaveCyclic@@@ 000136e8     minwave.obj
 0002:00000684       ??_7CMiniportWaveCyclicHDA@@6BCUnknown@@@ 00013704     minwave.obj
 0002:00000694       ??_C@_09BAJA@SSE2?5?$CFd?5?6?$AA@ 00013714     minwave.obj
 0002:000006a0       ??_7CMyDmaChannel@@6B@     00013720     minwave.obj
 0002:000006dc       ??_C@_0DG@LDEH@Aligned?5DMA?5view?5invalid?5?$CIoff?$DN?$CFl@ 0001375c     minwave.obj
 0002:00000714       ??_7CMiniportWaveCyclicStreamHDA@@6BIMiniportWaveCyclicStream@@@ 00013794     minwave.obj
 0002:00000738       ??_7CMiniportWaveCyclicStreamHDA@@6BCUnknown@@@ 000137b8     minwave.obj
 0002:00000748       ??_7CUnknown@@6B@          000137c8     stdunk:stdunk.obj
 0002:00000758       ??_C@_0BB@CHNF@m_lRefCount?5?$DO?$DN?50?$AA@ 000137d8     stdunk:stdunk.obj
 0002:0000076c       ??_C@_0N@DIKJ@?4?2stdunk?4cpp?$AA@ 000137ec     stdunk:stdunk.obj
 0002:0000077c       ??_C@_0BA@HPDB@m_lRefCount?5?$DO?50?$AA@ 000137fc     stdunk:stdunk.obj
 0002:0000078c       ??_C@_06DPDC@ppVoid?$AA@   0001380c     stdunk:stdunk.obj
 0003:00000000       __GUID_b7902fe9_fb0a_11d1_81b0_0060083316c1 00013820     adapter.obj
 0003:00000010       __GUID_d3f0ce1c_fffc_11d1_81b0_0060083316c1 00013830     adapter.obj
 0003:00000020       __GUID_c096df9c_fb09_11d1_81b0_0060083316c1 00013840     adapter.obj
 0003:00000138       ?audBufSize@@3KA           00013958     common.obj
 0003:0000013c       ?BdlSize@@3KA              0001395c     common.obj
 0003:00000838       __GUID_185fedf6_9905_11d1_95a9_00c04fb925d3 00014058     mintopo.obj
 0003:00000848       __GUID_185fedef_9905_11d1_95a9_00c04fb925d3 00014068     mintopo.obj
 0003:00000858       __GUID_185fede1_9905_11d1_95a9_00c04fb925d3 00014078     mintopo.obj
 0003:00000868       __GUID_185fede0_9905_11d1_95a9_00c04fb925d3 00014088     mintopo.obj
 0003:00000878       __GUID_7607e580_c557_11d0_8a2b_00a0c9255ac1 00014098     mintopo.obj
 0003:00000888       __GUID_185fede3_9905_11d1_95a9_00c04fb925d3 000140a8     mintopo.obj
 0003:00000898       __GUID_da441a60_c556_11d0_8a2b_00a0c9255ac1 000140b8     mintopo.obj
 0003:000008a8       __GUID_185fedee_9905_11d1_95a9_00c04fb925d3 000140c8     mintopo.obj
 0003:000008b8       __GUID_02b223c0_c557_11d0_8a2b_00a0c9255ac1 000140d8     mintopo.obj
 0003:000008c8       __GUID_185feded_9905_11d1_95a9_00c04fb925d3 000140e8     mintopo.obj
 0003:000008d8       __GUID_e88c9ba0_c557_11d0_8a2b_00a0c9255ac1 000140f8     mintopo.obj
 0003:000008e8       __GUID_185fedec_9905_11d1_95a9_00c04fb925d3 00014108     mintopo.obj
 0003:000008f8       __GUID_185fedeb_9905_11d1_95a9_00c04fb925d3 00014118     mintopo.obj
 0003:00000908       __GUID_185fedea_9905_11d1_95a9_00c04fb925d3 00014128     mintopo.obj
 0003:00000918       __GUID_185fede9_9905_11d1_95a9_00c04fb925d3 00014138     mintopo.obj
 0003:00000928       __GUID_185fede8_9905_11d1_95a9_00c04fb925d3 00014148     mintopo.obj
 0003:00000938       __GUID_e573adc0_c555_11d0_8a2b_00a0c9255ac1 00014158     mintopo.obj
 0003:00000948       __GUID_185fede7_9905_11d1_95a9_00c04fb925d3 00014168     mintopo.obj
 0003:00000958       __GUID_185fede5_9905_11d1_95a9_00c04fb925d3 00014178     mintopo.obj
 0003:00000968       __GUID_3a5acc00_c557_11d0_8a2b_00a0c9255ac1 00014188     mintopo.obj
 0003:00000978       __GUID_45ffaaa0_6e1b_11d0_bcf2_444553540000 00014198     mintopo.obj
 0003:00000988       __GUID_6994ad04_93ef_11d0_a3cc_00a0c9223196 000141a8     mintopo.obj
 0003:00000998       __GUID_185fedf7_9905_11d1_95a9_00c04fb925d3 000141b8     mintopo.obj
 0003:000009a8       __GUID_dff21ce1_f70f_11d0_b917_00a0c9223196 000141c8     mintopo.obj
 0003:000009b8       __GUID_dff21be1_f70f_11d0_b917_00a0c9223196 000141d8     mintopo.obj
 0003:000009c8       __GUID_185fedf9_9905_11d1_95a9_00c04fb925d3 000141e8     mintopo.obj
 0003:000009d8       __GUID_dff21fe3_f70f_11d0_b917_00a0c9223196 000141f8     mintopo.obj
 0003:000009e8       __GUID_185fedfb_9905_11d1_95a9_00c04fb925d3 00014208     mintopo.obj
 0003:000009f8       __GUID_dff220e3_f70f_11d0_b917_00a0c9223196 00014218     mintopo.obj
 0003:00000a08       __GUID_185fedf8_9905_11d1_95a9_00c04fb925d3 00014228     mintopo.obj
 0003:00000a18       __GUID_dff220f3_f70f_11d0_b917_00a0c9223196 00014238     mintopo.obj
 0003:00000a28       __GUID_dff21fe4_f70f_11d0_b917_00a0c9223196 00014248     mintopo.obj
 0003:00000a38       __GUID_97e99ba0_bdea_11cf_a5d6_28db04c10000 00014258     mintopo.obj
 0003:00000c80       __GUID_507ae360_c554_11d0_8a2b_00a0c9255ac1 000144a0     minwave.obj
 0003:00000c90       __GUID_4d837fe0_c555_11d0_8a2b_00a0c9255ac1 000144b0     minwave.obj
 0003:00000ca0       __GUID_185fedfa_9905_11d1_95a9_00c04fb925d3 000144c0     minwave.obj
 0003:00000cb0       __GUID_fb6c4281_0353_11d1_905f_0000c0cc16ba 000144d0     minwave.obj
 0003:00000cc0       __GUID_05589f81_c356_11ce_bf01_00aa0055595a 000144e0     minwave.obj
 0003:00000cd0       __GUID_00000001_0000_0010_8000_00aa00389b71 000144f0     minwave.obj
 0003:00000ce0       __GUID_73647561_0000_0010_8000_00aa00389b71 00014500     minwave.obj
 0003:00000cf0       __GUID_0f6417d6_c318_11d0_a43f_00a0c9223196 00014510     minwave.obj
 0003:00000d00       __GUID_518590a2_a184_11d0_8522_00c04fd9baf3 00014520     minwave.obj
 0003:00000d10       ?PDO@@3PAU_DEVICE_OBJECT@@A 00014530     adapter.obj
 0003:00000d18       __GUID_00000000_0000_0000_0000_000000000000 00014538     adapter.obj
 0004:00000000       _AddDevice@8               00014560 f   adapter.obj
 0004:00000020       ?InstallSubdevice@@YGJPAU_DEVICE_OBJECT@@PAU_IRP@@PAGABU_GUID@@3P6GJPAPAUIUnknown@@3PAU4@W4_POOL_TYPE@@@Z5PAUIResourceList@@344@Z 00014580 f   adapter.obj
 0004:00000126       ?StartDevice@@YGJPAU_DEVICE_OBJECT@@PAU_IRP@@PAUIResourceList@@@Z 00014686 f   adapter.obj
 0004:0000037a       ?AssignResources@@YGJPAUIResourceList@@PAPAU1@11111@Z 000148da f   adapter.obj
 0004:00000528       ?NewAdapterCommon@@YGJPAPAUIUnknown@@ABU_GUID@@PAU1@W4_POOL_TYPE@@@Z 00014a88 f   common.obj
 0004:00000819       ?Init@CAdapterCommon@@UAGJPAUIResourceList@@PAU_DEVICE_OBJECT@@1@Z 00014d79 f   common.obj
 0004:00001136       ??1CAdapterCommon@@UAE@XZ  00015696 f   common.obj
 0004:000012ae       ?NonDelegatingQueryInterface@CAdapterCommon@@UAGJABU_GUID@@PAPAX@Z 0001580e f   common.obj
 0004:0000136e       ?WavePortDriverDest@CAdapterCommon@@UAGPAPAUIUnknown@@XZ 000158ce f   common.obj
 0004:0000137a       ?GetInterruptSync@CAdapterCommon@@UAGPAUIInterruptSync@@XZ 000158da f   common.obj
 0004:00001388       ?GetDeviceDescription@CAdapterCommon@@UAGPAU_DEVICE_DESCRIPTION@@XZ 000158e8 f   common.obj
 0004:00001392       ?MidiPortDriverDest@CAdapterCommon@@UAGPAPAUIUnknown@@XZ 000158f2 f   common.obj
 0004:0000139e       ?SetWaveServiceGroup@CAdapterCommon@@UAGXPAUIServiceGroup@@@Z 000158fe f   common.obj
 0004:000013ea       ?InitHDAController@CAdapterCommon@@QAGJXZ 0001594a f   common.obj
 0004:00001892       ?TryInitializeCodecSlot@CAdapterCommon@@AAGXEKPBDPAJ@Z 00015df2 f   common.obj
 0004:00001986       ?ReadRegistryBoolean@CAdapterCommon@@AAGEPBGE@Z 00015ee6 f   common.obj
 0004:00001a62       ?CreateMiniportTopologyHDA@@YGJPAPAUIUnknown@@ABU_GUID@@PAU1@W4_POOL_TYPE@@@Z 00015fc2 f   mintopo.obj
 0004:00001ac2       ?ProcessResources@CMiniportTopologyHDA@@AAEJPAUIResourceList@@@Z 00016022 f   mintopo.obj
 0004:00001ae6       ?NonDelegatingQueryInterface@CMiniportTopologyHDA@@UAGJABU_GUID@@PAPAX@Z 00016046 f   mintopo.obj
 0004:00001b94       ??1CMiniportTopologyHDA@@UAE@XZ 000160f4 f   mintopo.obj
 0004:00001bd8       ?Init@CMiniportTopologyHDA@@UAGJPAUIUnknown@@PAUIResourceList@@PAUIPortTopology@@@Z 00016138 f   mintopo.obj
 0004:00001c3a       ?GetDescription@CMiniportTopologyHDA@@UAGJPAPAUPCFILTER_DESCRIPTOR@@@Z 0001619a f   mintopo.obj
 0004:0000245e       ?CreateMiniportWaveCyclicHDA@@YGJPAPAUIUnknown@@ABU_GUID@@PAU1@W4_POOL_TYPE@@@Z 000169be f   minwave.obj
 0004:000024be       ?ProcessResources@CMiniportWaveCyclicHDA@@AAEJPAUIResourceList@@@Z 00016a1e f   minwave.obj
 0004:000025c6       ?ValidateFormat@CMiniportWaveCyclicHDA@@AAEJPATKSDATAFORMAT@@@Z 00016b26 f   minwave.obj
 0004:000026b0       ?NonDelegatingQueryInterface@CMiniportWaveCyclicHDA@@UAGJABU_GUID@@PAPAX@Z 00016c10 f   minwave.obj
 0004:0000275e       ??1CMiniportWaveCyclicHDA@@UAE@XZ 00016cbe f   minwave.obj
 0004:000027b2       ?Init@CMiniportWaveCyclicHDA@@UAGJPAUIUnknown@@PAUIResourceList@@PAUIPortWaveCyclic@@@Z 00016d12 f   minwave.obj
 0004:0000285a       ?GetDescription@CMiniportWaveCyclicHDA@@UAGJPAPAUPCFILTER_DESCRIPTOR@@@Z 00016dba f   minwave.obj
 0004:0000286a       ?DataRangeIntersection@CMiniportWaveCyclicHDA@@UAGJKPATKSDATAFORMAT@@0KPAXPAK@Z 00016dca f   minwave.obj
 0004:00002ac0       ?NewStream@CMiniportWaveCyclicHDA@@UAGJPAPAUIMiniportWaveCyclicStream@@PAUIUnknown@@W4_POOL_TYPE@@KEPATKSDATAFORMAT@@PAPAUIDmaChannel@@PAPAUIServiceGroup@@@Z 00017020 f   minwave.obj
 0004:00002c00       ?NonDelegatingQueryInterface@CMiniportWaveCyclicStreamHDA@@UAGJABU_GUID@@PAPAX@Z 00017160 f   minwave.obj
 0004:00002c88       ??1CMiniportWaveCyclicStreamHDA@@UAE@XZ 000171e8 f   minwave.obj
 0004:00002cfe       ?Init@CMiniportWaveCyclicStreamHDA@@QAEJPAVCMiniportWaveCyclicHDA@@KEPATKSDATAFORMAT@@PAUIDmaChannel@@@Z 0001725e f   minwave.obj
 0004:00002d94       ?SetNotificationFreq@CMiniportWaveCyclicStreamHDA@@UAGKKPAK@Z 000172f4 f   minwave.obj
 0004:00002dd4       ?SetFormat@CMiniportWaveCyclicStreamHDA@@UAGJPATKSDATAFORMAT@@@Z 00017334 f   minwave.obj
 0004:00002e60       ?SetState@CMiniportWaveCyclicStreamHDA@@UAGJW4KSSTATE@@@Z 000173c0 f   minwave.obj
 0005:00000000       _DriverEntry@8             00017420 f   adapter.obj
 0005:00000018       __IMPORT_DESCRIPTOR_ntoskrnl 00017438     ntoskrnl:ntoskrnl.exe
 0005:0000002c       __IMPORT_DESCRIPTOR_HAL    0001744c     hal:HAL.dll
 0005:00000040       __IMPORT_DESCRIPTOR_portcls 00017460     portcls:portcls.sys
 0005:00000054       __NULL_IMPORT_DESCRIPTOR   00017474     ntoskrnl:ntoskrnl.exe

 entry point at        0005:00000000

 Static symbols

 0004:00001c4a       ?PropertyHandler_OnOff@@YGJPAU_PCPROPERTY_REQUEST@@@Z 000161aa f   mintopo.obj
 0004:00001de8       ?PropertyHandler_SuperMixCaps@@YGJPAU_PCPROPERTY_REQUEST@@@Z 00016348 f   mintopo.obj
 0004:00001fc2       ?PropertyHandler_SuperMixTable@@YGJPAU_PCPROPERTY_REQUEST@@@Z 00016522 f   mintopo.obj
 0004:000022de       ?PropertyHandler_CpuResources@@YGJPAU_PCPROPERTY_REQUEST@@@Z 0001683e f   mintopo.obj
 0001:00002214       ?PropertyHandler_Level@@YGJPAU_PCPROPERTY_REQUEST@@@Z 000124f4 f   mintopo.obj
 0004:0000236a       ?BasicSupportHandler@@YGJPAU_PCPROPERTY_REQUEST@@@Z 000168ca f   mintopo.obj
 0001:00000064       ?AllocateAlignedCommonBuffer@@YGJPAU_DMA_ADAPTER@@KKPAU_HDA_DMA_COMMON_BUFFER@@@Z 00010344 f   common.obj
 0001:0000013e       ?ResetCommonBufferDescriptor@@YGXPAU_HDA_DMA_COMMON_BUFFER@@@Z 0001041e f   common.obj
 0001:0000014e       ?FreeAlignedCommonBuffer@@YGXPAU_DMA_ADAPTER@@PAU_HDA_DMA_COMMON_BUFFER@@@Z 0001042e f   common.obj

 309 bytes saved through ICF

