 HDA

 Timestamp is 69e43ad8 (Sat Apr 18 19:15:52 2026)

 Preferred load address is 00010000

 Start         Length     Name                   Class
 0001:00000000 00002d71H .text                   CODE
 0002:00000000 000000b0H .idata$5                DATA
 0002:000000b0 000006e3H .rdata                  DATA
 0003:00000000 00000d10H .data                   DATA
 0003:00000d10 0000001eH .bss                    DATA
 0004:00000000 00002e9dH PAGE                    CODE
 0005:00000000 00000015H INIT                    CODE
 0005:00000018 0000003cH .idata$2                CODE
 0005:00000054 00000014H .idata$3                CODE
 0005:00000068 000000b0H .idata$4                CODE
 0005:00000118 00000390H .idata$6                CODE
 0006:00000000 00000058H .rsrc$01                DATA
 0006:00000060 000003d0H .rsrc$02                DATA

  Address         Publics by Value              Rva+Base     Lib:Object

 0001:00000000       ??3@YAXPAX@Z               000102e0 f i common.obj
 0001:0000000c       ?QueryInterface@CAdapterCommon@@UAGJABU_GUID@@PAPAX@Z 000102ec f i common.obj
 0001:00000024       ?AddRef@CAdapterCommon@@UAGKXZ 00010304 f i common.obj
 0001:00000034       ?Release@CAdapterCommon@@UAGKXZ 00010314 f i common.obj
 0001:00000044       ??_ECAdapterCommon@@UAEPAXI@Z 00010324 f i common.obj
 0001:00000044       ??_GCAdapterCommon@@UAEPAXI@Z 00010324 f i common.obj
 0001:00000184       ?hda_is_supported_sample_rate@CAdapterCommon@@UAGEK@Z 00010464 f   common.obj
 0001:000001d0       ?hda_send_verb@CAdapterCommon@@UAGKKKKK@Z 000104b0 f   common.obj
 0001:00000346       ?ReadController@CAdapterCommon@@UAGEXZ 00010626 f   common.obj
 0001:0000034c       ?WriteController@CAdapterCommon@@UAGEE@Z 0001062c f   common.obj
 0001:00000352       ?MixerRegWrite@CAdapterCommon@@UAGXEE@Z 00010632 f   common.obj
 0001:0000039e       ?MixerRegRead@CAdapterCommon@@UAGEE@Z 0001067e f   common.obj
 0001:000003bc       ?MixerReset@CAdapterCommon@@UAGXXZ 0001069c f   common.obj
 0001:000003ca       ?AcknowledgeIRQ@CAdapterCommon@@AAE?AW4_HDA_INTERRUPT_TYPE@@XZ 000106aa f   common.obj
 0001:000004de       ?ResetController@CAdapterCommon@@UAGJXZ 000107be f   common.obj
 0001:00000506       ?RestoreMixerSettingsFromRegistry@CAdapterCommon@@UAGJXZ 000107e6 f   common.obj
 0001:00000664       ?SaveMixerSettingsToRegistry@CAdapterCommon@@UAGJXZ 00010944 f   common.obj
 0001:00000760       ?ProgramSampleRate@CAdapterCommon@@UAGJK@Z 00010a40 f   common.obj
 0001:000007c0       ?PowerChangeState@CAdapterCommon@@UAGXT_POWER_STATE@@@Z 00010aa0 f   common.obj
 0001:0000081e       ?QueryDeviceCapabilities@CAdapterCommon@@UAGJPAU_DEVICE_CAPABILITIES@@@Z 00010afe f   common.obj
 0001:0000081e       ?QueryPowerChangeState@CAdapterCommon@@UAGJT_POWER_STATE@@@Z 00010afe f   common.obj
 0001:00000824       ?InterruptServiceRoutine@@YGJPAUIInterruptSync@@PAX@Z 00010b04 f   common.obj
 0001:0000085c       ?hda_stop_stream@CAdapterCommon@@UAGJXZ 00010b3c f   common.obj
 0001:00000952       ?hda_start_sound@CAdapterCommon@@UAGXXZ 00010c32 f   common.obj
 0001:00000990       ?hda_stop_sound@CAdapterCommon@@UAGXXZ 00010c70 f   common.obj
 0001:000009d6       ?hda_get_actual_stream_position@CAdapterCommon@@UAGKXZ 00010cb6 f   common.obj
 0001:00000a52       ?hda_set_volume@CAdapterCommon@@QAGXKE@Z 00010d32 f   common.obj
 0001:00000a92       ?readUCHAR@CAdapterCommon@@QAGEG@Z 00010d72 f   common.obj
 0001:00000aaa       ?writeUCHAR@CAdapterCommon@@QAGXGE@Z 00010d8a f   common.obj
 0001:00000ac6       ?readUSHORT@CAdapterCommon@@QAGGG@Z 00010da6 f   common.obj
 0001:00000ade       ?writeUSHORT@CAdapterCommon@@QAGXGG@Z 00010dbe f   common.obj
 0001:00000afa       ?readULONG@CAdapterCommon@@QAGKG@Z 00010dda f   common.obj
 0001:00000b12       ?writeULONG@CAdapterCommon@@QAGXGK@Z 00010df2 f   common.obj
 0001:00000b2e       ?hda_showtime@CAdapterCommon@@UAGJPAUIDmaChannel@@@Z 00010e0e f   common.obj
 0001:00000c80       ?hda_return_sound_data_format@HDA_Codec@@QAGGKKK@Z 00010f60 f   common.obj
 0001:00000c80       ?hda_return_sound_data_format@CAdapterCommon@@QAGGKKK@Z 00010f60 f   common.obj
 0001:00000d42       ?ReadWriteConfigSpace@CAdapterCommon@@AAGJPAU_DEVICE_OBJECT@@KPAXKK@Z 00011022 f   common.obj
 0001:00000dea       ?WriteConfigSpaceByte@CAdapterCommon@@AAGJEEE@Z 000110ca f   common.obj
 0001:00000e20       ?WriteConfigSpaceWord@CAdapterCommon@@AAGJEGG@Z 00011100 f   common.obj
 0001:00000e56       ?QueryInterface@CAdapterCommon@@W3AGJABU_GUID@@PAPAX@Z 00011136 f i common.obj
 0001:00000e60       ?AddRef@CAdapterCommon@@W3AGKXZ 00011140 f i common.obj
 0001:00000e6a       ?Release@CAdapterCommon@@W3AGKXZ 0001114a f i common.obj
 0001:00000e74       ??0HDA_Codec@@QAE@EEEPAUIAdapterCommon@@@Z 00011154 f   codec.obj
 0001:00000eba       ??1HDA_Codec@@QAE@XZ       0001119a f   codec.obj
 0001:00000ede       ?InitializeCodec@HDA_Codec@@QAGJXZ 000111be f   codec.obj
 0001:00001360       ?hda_initialize_audio_function_group@HDA_Codec@@QAGJK@Z 00011640 f   codec.obj
 0001:00001a22       ?hda_get_node_type@HDA_Codec@@QAGEK@Z 00011d02 f   codec.obj
 0001:00001a40       ?hda_get_node_connection_entries@HDA_Codec@@QAGKKK@Z 00011d20 f   codec.obj
 0001:00001abe       ?hda_enable_pin_output@HDA_Codec@@QAGXK@Z 00011d9e f   codec.obj
 0001:00001aea       ?hda_disable_pin_output@HDA_Codec@@QAGXK@Z 00011dca f   codec.obj
 0001:00001b16       ?hda_is_headphone_connected@HDA_Codec@@QAGEXZ 00011df6 f   codec.obj
 0001:00001b48       ?hda_initialize_output_pin@HDA_Codec@@QAGXKAAUHDA_NODE_PATH@@@Z 00011e28 f   codec.obj
 0001:00001c6a       ?hda_initialize_audio_output@HDA_Codec@@QAGXKAAUHDA_NODE_PATH@@@Z 00011f4a f   codec.obj
 0001:00001d7c       ?hda_initialize_audio_mixer@HDA_Codec@@QAGXKAAUHDA_NODE_PATH@@@Z 0001205c f   codec.obj
 0001:00001e5a       ?hda_initialize_audio_selector@HDA_Codec@@QAGXKAAUHDA_NODE_PATH@@@Z 0001213a f   codec.obj
 0001:00001f68       ?ProgramSampleRate@HDA_Codec@@QAGJK@Z 00012248 f   codec.obj
 0001:00001ff4       ?hda_check_headphone_connection_change@HDA_Codec@@QAGXXZ 000122d4 f   codec.obj
 0001:00002050       ?hda_is_supported_sample_rate@HDA_Codec@@QAGEK@Z 00012330 f   codec.obj
 0001:000020ee       ?hda_set_volume@HDA_Codec@@QAGXKE@Z 000123ce f   codec.obj
 0001:00002124       ?hda_set_node_gain@HDA_Codec@@QAGXKKKKE@Z 00012404 f   codec.obj
 0001:0000218c       ?hda_send_verb@HDA_Codec@@QAGKKKK@Z 0001246c f   codec.obj
 0001:000021ac       ?AddRef@CMiniportWaveCyclicHDA@@UAGKXZ 0001248c f i mintopo.obj
 0001:000021ac       ?AddRef@CMiniportWaveCyclicStreamHDA@@UAGKXZ 0001248c f i mintopo.obj
 0001:000021ac       ?AddRef@CMiniportTopologyHDA@@UAGKXZ 0001248c f i mintopo.obj
 0001:000021bc       ?Release@CMiniportWaveCyclicHDA@@UAGKXZ 0001249c f i mintopo.obj
 0001:000021bc       ?Release@CMiniportTopologyHDA@@UAGKXZ 0001249c f i mintopo.obj
 0001:000021bc       ?Release@CMiniportWaveCyclicStreamHDA@@UAGKXZ 0001249c f i mintopo.obj
 0001:000021cc       ?DataRangeIntersection@CMiniportTopologyHDA@@UAGJKPATKSDATAFORMAT@@0KPAXPAK@Z 000124ac f i mintopo.obj
 0001:000021d4       ??_ECMiniportTopologyHDA@@UAEPAXI@Z 000124b4 f i mintopo.obj
 0001:000021d4       ??_GCMiniportTopologyHDA@@UAEPAXI@Z 000124b4 f i mintopo.obj
 0001:000025d2       ?ReadBitsFromMixer@CMiniportTopologyHDA@@AAEEEEE@Z 000128b2 f   mintopo.obj
 0001:000025fa       ?WriteBitsToMixer@CMiniportTopologyHDA@@AAEXEEEE@Z 000128da f   mintopo.obj
 0001:00002650       ?QueryInterface@CMiniportWaveCyclicHDA@@UAGJABU_GUID@@PAPAX@Z 00012930 f i minwave.obj
 0001:00002650       ?QueryInterface@CMiniportTopologyHDA@@UAGJABU_GUID@@PAPAX@Z 00012930 f i minwave.obj
 0001:00002650       ?QueryInterface@CMiniportWaveCyclicStreamHDA@@UAGJABU_GUID@@PAPAX@Z 00012930 f i minwave.obj
 0001:00002668       ??_ECMiniportWaveCyclicHDA@@UAEPAXI@Z 00012948 f i minwave.obj
 0001:00002668       ??_GCMiniportWaveCyclicHDA@@UAEPAXI@Z 00012948 f i minwave.obj
 0001:00002688       ??0CMyDmaChannel@@QAE@PAUIDmaChannel@@@Z 00012968 f i minwave.obj
 0001:000026f2       ?QueryInterface@CMyDmaChannel@@UAGJABU_GUID@@PAPAX@Z 000129d2 f i minwave.obj
 0001:00002742       ?AddRef@CMyDmaChannel@@UAGKXZ 00012a22 f i minwave.obj
 0001:00002752       ?Release@CMyDmaChannel@@UAGKXZ 00012a32 f i minwave.obj
 0001:0000277e       ?AllocateBuffer@CMyDmaChannel@@UAGJKPAT_LARGE_INTEGER@@@Z 00012a5e f i minwave.obj
 0001:00002860       ?FreeBuffer@CMyDmaChannel@@UAGXXZ 00012b40 f i minwave.obj
 0001:00002882       ?SystemAddress@CMyDmaChannel@@UAGPAXXZ 00012b62 f i minwave.obj
 0001:0000289e       ?CopyTo@CMyDmaChannel@@UAGXPAX0K@Z 00012b7e f i minwave.obj
 0001:000028e8       ?CopyFrom@CMyDmaChannel@@UAGXPAX0K@Z 00012bc8 f i minwave.obj
 0001:00002904       ?TransferCount@CMyDmaChannel@@UAGKXZ 00012be4 f i minwave.obj
 0001:00002914       ?MaximumBufferSize@CMyDmaChannel@@UAGKXZ 00012bf4 f i minwave.obj
 0001:00002924       ?AllocatedBufferSize@CMyDmaChannel@@UAGKXZ 00012c04 f i minwave.obj
 0001:00002940       ?BufferSize@CMyDmaChannel@@UAGKXZ 00012c20 f i minwave.obj
 0001:0000295c       ?SetBufferSize@CMyDmaChannel@@UAGXK@Z 00012c3c f i minwave.obj
 0001:00002974       ?PhysicalAddress@CMyDmaChannel@@UAG?AT_LARGE_INTEGER@@XZ 00012c54 f i minwave.obj
 0001:000029b0       ?GetAdapterObject@CMyDmaChannel@@UAGPAU_DMA_ADAPTER@@XZ 00012c90 f i minwave.obj
 0001:000029c0       ??_GCMiniportWaveCyclicStreamHDA@@UAEPAXI@Z 00012ca0 f i minwave.obj
 0001:000029c0       ??_ECMiniportWaveCyclicStreamHDA@@UAEPAXI@Z 00012ca0 f i minwave.obj
 0001:000029e0       ?GetPosition@CMiniportWaveCyclicStreamHDA@@UAGJPAK@Z 00012cc0 f   minwave.obj
 0001:00002a42       ?NormalizePhysicalPosition@CMiniportWaveCyclicStreamHDA@@UAGJPA_J@Z 00012d22 f   minwave.obj
 0001:00002a8a       ?Silence@CMiniportWaveCyclicStreamHDA@@UAGXPAXK@Z 00012d6a f   minwave.obj
 0001:00002ac4       _DbgPrint                  00012da4 f   ntoskrnl:ntoskrnl.exe
 0001:00002aca       __alldiv                   00012daa f   ntoskrnl:ntoskrnl.exe
 0001:00002ad0       __allmul                   00012db0 f   ntoskrnl:ntoskrnl.exe
 0001:00002ad6       _PcInitializeAdapterDriver@12 00012db6 f   portcls:portcls.sys
 0001:00002adc       _PcAddAdapterDevice@20     00012dbc f   portcls:portcls.sys
 0001:00002ae2       _PcRegisterSubdevice@12    00012dc2 f   portcls:portcls.sys
 0001:00002ae8       _PcNewMiniport@8           00012dc8 f   portcls:portcls.sys
 0001:00002aee       _PcNewPort@8               00012dce f   portcls:portcls.sys
 0001:00002af4       _PcRegisterPhysicalConnection@20 00012dd4 f   portcls:portcls.sys
 0001:00002afa       _PcRegisterAdapterPowerManagement@8 00012dda f   portcls:portcls.sys
 0001:00002b00       _PcNewResourceSublist@20   00012de0 f   portcls:portcls.sys
 0001:00002b06       _PcNewInterruptSync@20     00012de6 f   portcls:portcls.sys
 0001:00002b0c       _PcNewRegistryKey@36       00012dec f   portcls:portcls.sys
 0001:00002b12       _PcNewServiceGroup@8       00012df2 f   portcls:portcls.sys
 0001:00002b20       ??0CUnknown@@QAE@PAUIUnknown@@@Z 00012e00 f   stdunk:stdunk.obj
 0001:00002b70       ??_GCUnknown@@UAEPAXI@Z    00012e50 f i stdunk:stdunk.obj
 0001:00002b70       ??_ECUnknown@@UAEPAXI@Z    00012e50 f i stdunk:stdunk.obj
 0001:00002ba0       ??0INonDelegatingUnknown@@QAE@XZ 00012e80 f i stdunk:stdunk.obj
 0001:00002bb0       ??1CUnknown@@UAE@XZ        00012e90 f   stdunk:stdunk.obj
 0001:00002bd0       ?NonDelegatingAddRef@CUnknown@@UAGKXZ 00012eb0 f   stdunk:stdunk.obj
 0001:00002c10       ?NonDelegatingRelease@CUnknown@@UAGKXZ 00012ef0 f   stdunk:stdunk.obj
 0001:00002c90       ?NonDelegatingQueryInterface@CUnknown@@UAGJABU_GUID@@PAPAX@Z 00012f70 f   stdunk:stdunk.obj
 0001:00002d00       _IsEqualGUIDAligned@8      00012fe0 f i stdunk:stdunk.obj
 0002:00000000       __imp_@KfAcquireSpinLock@4 00013060     hal:HAL.dll
 0002:00000004       __imp_@KfReleaseSpinLock@8 00013064     hal:HAL.dll
 0002:00000008       __imp__KeStallExecutionProcessor@4 00013068     hal:HAL.dll
 0002:0000000c       \177HAL_NULL_THUNK_DATA    0001306c     hal:HAL.dll
 0002:00000010       __imp__KeInitializeSpinLock@4 00013070     ntoskrnl:ntoskrnl.exe
 0002:00000014       __imp__MmUnmapIoSpace@8    00013074     ntoskrnl:ntoskrnl.exe
 0002:00000018       __imp__RtlInitUnicodeString@8 00013078     ntoskrnl:ntoskrnl.exe
 0002:0000001c       __imp__READ_REGISTER_ULONG@4 0001307c     ntoskrnl:ntoskrnl.exe
 0002:00000020       __imp__DbgPrint            00013080     ntoskrnl:ntoskrnl.exe
 0002:00000024       __imp__WRITE_REGISTER_ULONG@8 00013084     ntoskrnl:ntoskrnl.exe
 0002:00000028       __imp__READ_REGISTER_UCHAR@4 00013088     ntoskrnl:ntoskrnl.exe
 0002:0000002c       __imp__WRITE_REGISTER_UCHAR@8 0001308c     ntoskrnl:ntoskrnl.exe
 0002:00000030       __imp__READ_REGISTER_USHORT@4 00013090     ntoskrnl:ntoskrnl.exe
 0002:00000034       __imp__WRITE_REGISTER_USHORT@8 00013094     ntoskrnl:ntoskrnl.exe
 0002:00000038       __imp__ExAllocatePoolWithTag@12 00013098     ntoskrnl:ntoskrnl.exe
 0002:0000003c       __imp__MmMapIoSpace@16     0001309c     ntoskrnl:ntoskrnl.exe
 0002:00000040       __imp_@IofCallDriver@8     000130a0     ntoskrnl:ntoskrnl.exe
 0002:00000044       __imp__IoBuildSynchronousFsdRequest@28 000130a4     ntoskrnl:ntoskrnl.exe
 0002:00000048       __imp__IoGetAttachedDeviceReference@4 000130a8     ntoskrnl:ntoskrnl.exe
 0002:0000004c       __imp__KeInitializeEvent@12 000130ac     ntoskrnl:ntoskrnl.exe
 0002:00000050       __imp_@InterlockedIncrement@4 000130b0     ntoskrnl:ntoskrnl.exe
 0002:00000054       __imp_@InterlockedDecrement@4 000130b4     ntoskrnl:ntoskrnl.exe
 0002:00000058       __imp__ExFreePool@4        000130b8     ntoskrnl:ntoskrnl.exe
 0002:0000005c       __imp__KeReleaseMutex@8    000130bc     ntoskrnl:ntoskrnl.exe
 0002:00000060       __imp___alldiv             000130c0     ntoskrnl:ntoskrnl.exe
 0002:00000064       __imp___allmul             000130c4     ntoskrnl:ntoskrnl.exe
 0002:00000068       __imp__IoGetDmaAdapter@12  000130c8     ntoskrnl:ntoskrnl.exe
 0002:0000006c       __imp_@ObfDereferenceObject@4 000130cc     ntoskrnl:ntoskrnl.exe
 0002:00000070       __imp__KeWaitForSingleObject@20 000130d0     ntoskrnl:ntoskrnl.exe
 0002:00000074       __imp__KeInitializeMutex@8 000130d4     ntoskrnl:ntoskrnl.exe
 0002:00000078       __imp__RtlAssert@16        000130d8     ntoskrnl:ntoskrnl.exe
 0002:0000007c       \177ntoskrnl_NULL_THUNK_DATA 000130dc     ntoskrnl:ntoskrnl.exe
 0002:00000080       __imp__PcRegisterSubdevice@12 000130e0     portcls:portcls.sys
 0002:00000084       __imp__PcNewMiniport@8     000130e4     portcls:portcls.sys
 0002:00000088       __imp__PcNewPort@8         000130e8     portcls:portcls.sys
 0002:0000008c       __imp__PcRegisterPhysicalConnection@20 000130ec     portcls:portcls.sys
 0002:00000090       __imp__PcAddAdapterDevice@20 000130f0     portcls:portcls.sys
 0002:00000094       __imp__PcInitializeAdapterDriver@12 000130f4     portcls:portcls.sys
 0002:00000098       __imp__PcNewResourceSublist@20 000130f8     portcls:portcls.sys
 0002:0000009c       __imp__PcNewInterruptSync@20 000130fc     portcls:portcls.sys
 0002:000000a0       __imp__PcNewRegistryKey@36 00013100     portcls:portcls.sys
 0002:000000a4       __imp__PcNewServiceGroup@8 00013104     portcls:portcls.sys
 0002:000000a8       __imp__PcRegisterAdapterPowerManagement@8 00013108     portcls:portcls.sys
 0002:000000ac       \177portcls_NULL_THUNK_DATA 0001310c     portcls:portcls.sys
 0002:00000108       _IID_IAdapterCommon        00013168     adapter.obj
 0002:00000118       _CLSID_MiniportDriverFmSynth 00013178     adapter.obj
 0002:00000128       _CLSID_PortWaveCyclic      00013188     adapter.obj
 0002:00000138       _CLSID_PortTopology        00013198     adapter.obj
 0002:00000148       _CLSID_PortMidi            000131a8     adapter.obj
 0002:00000158       _IID_IAdapterPowerManagment 000131b8     adapter.obj
 0002:00000168       _IID_IMiniportWaveCyclicStream 000131c8     adapter.obj
 0002:00000178       _IID_IMiniportWaveCyclic   000131d8     adapter.obj
 0002:00000188       _IID_IPortWaveCyclic       000131e8     adapter.obj
 0002:00000198       _IID_IMiniportTopology     000131f8     adapter.obj
 0002:000001a8       _IID_IDmaChannel           00013208     adapter.obj
 0002:000001b8       _IID_IMiniport             00013218     adapter.obj
 0002:000001c8       _IID_IUnknown              00013228     adapter.obj
 0002:000001d8       ??_C@_1BE@FFBG@?$AAU?$AAs?$AAe?$AAD?$AAm?$AAa?$AAP?$AAo?$AAs?$AA?$AA@ 00013238     common.obj
 0002:000001ec       ??_C@_1CA@DADJ@?$AAU?$AAs?$AAe?$AAD?$AAi?$AAs?$AAa?$AAb?$AAl?$AAe?$AAd?$AAP?$AAi?$AAn?$AAs?$AA?$AA@ 0001324c     common.obj
 0002:0000020c       ??_C@_1BC@MBIB@?$AAU?$AAs?$AAe?$AAS?$AAP?$AAD?$AAI?$AAF?$AA?$AA@ 0001326c     common.obj
 0002:00000220       ??_C@_1BE@ONOC@?$AAU?$AAs?$AAe?$AAA?$AAl?$AAt?$AAO?$AAu?$AAt?$AA?$AA@ 00013280     common.obj
 0002:00000234       ??_C@_1BO@LMMA@?$AAS?$AAk?$AAi?$AAp?$AAC?$AAo?$AAd?$AAe?$AAc?$AAR?$AAe?$AAs?$AAe?$AAt?$AA?$AA@ 00013294     common.obj
 0002:00000254       ??_C@_1CI@JKGI@?$AAS?$AAk?$AAi?$AAp?$AAC?$AAo?$AAn?$AAt?$AAr?$AAo?$AAl?$AAl?$AAe?$AAr?$AAR?$AAe?$AAs?$AAe?$AAt?$AA?$AA@ 000132b4     common.obj
 0002:0000027c       ??_C@_1BE@ENEK@?$AAR?$AAi?$AAg?$AAh?$AAt?$AAB?$AAa?$AAs?$AAs?$AA?$AA@ 000132dc     common.obj
 0002:00000290       ??_C@_1BC@JMJO@?$AAL?$AAe?$AAf?$AAt?$AAB?$AAa?$AAs?$AAs?$AA?$AA@ 000132f0     common.obj
 0002:000002a4       ??_C@_1BI@KGAJ@?$AAR?$AAi?$AAg?$AAh?$AAt?$AAT?$AAr?$AAe?$AAb?$AAl?$AAe?$AA?$AA@ 00013304     common.obj
 0002:000002bc       ??_C@_1BG@BGGD@?$AAL?$AAe?$AAf?$AAt?$AAT?$AAr?$AAe?$AAb?$AAl?$AAe?$AA?$AA@ 0001331c     common.obj
 0002:000002d4       ??_C@_1O@IECC@?$AAM?$AAi?$AAc?$AAA?$AAG?$AAC?$AA?$AA@ 00013334     common.obj
 0002:000002e4       ??_C@_1CA@EJHI@?$AAR?$AAi?$AAg?$AAh?$AAt?$AAO?$AAu?$AAt?$AAp?$AAu?$AAt?$AAG?$AAa?$AAi?$AAn?$AA?$AA@ 00013344     common.obj
 0002:00000304       ??_C@_1BO@PPLI@?$AAL?$AAe?$AAf?$AAt?$AAO?$AAu?$AAt?$AAp?$AAu?$AAt?$AAG?$AAa?$AAi?$AAn?$AA?$AA@ 00013364     common.obj
 0002:00000324       ??_C@_1BO@PMCJ@?$AAR?$AAi?$AAg?$AAh?$AAt?$AAI?$AAn?$AAp?$AAu?$AAt?$AAG?$AAa?$AAi?$AAn?$AA?$AA@ 00013384     common.obj
 0002:00000344       ??_C@_1BM@CFEM@?$AAL?$AAe?$AAf?$AAt?$AAI?$AAn?$AAp?$AAu?$AAt?$AAG?$AAa?$AAi?$AAn?$AA?$AA@ 000133a4     common.obj
 0002:00000360       ??_C@_1CA@CIKM@?$AAR?$AAi?$AAg?$AAh?$AAt?$AAI?$AAn?$AAp?$AAu?$AAt?$AAM?$AAi?$AAx?$AAe?$AAr?$AA?$AA@ 000133c0     common.obj
 0002:00000380       ??_C@_1BO@JOGM@?$AAL?$AAe?$AAf?$AAt?$AAI?$AAn?$AAp?$AAu?$AAt?$AAM?$AAi?$AAx?$AAe?$AAr?$AA?$AA@ 000133e0     common.obj
 0002:000003a0       ??_C@_1BI@BMOJ@?$AAO?$AAu?$AAt?$AAp?$AAu?$AAt?$AAM?$AAi?$AAx?$AAe?$AAr?$AA?$AA@ 00013400     common.obj
 0002:000003b8       ??_C@_1BE@GLOL@?$AAP?$AAc?$AAS?$AAp?$AAk?$AAr?$AAV?$AAo?$AAl?$AA?$AA@ 00013418     common.obj
 0002:000003cc       ??_C@_1O@MNBB@?$AAM?$AAi?$AAc?$AAV?$AAo?$AAl?$AA?$AA@ 0001342c     common.obj
 0002:000003dc       ??_C@_1BO@HCKE@?$AAR?$AAi?$AAg?$AAh?$AAt?$AAL?$AAi?$AAn?$AAe?$AAI?$AAn?$AAV?$AAo?$AAl?$AA?$AA@ 0001343c     common.obj
 0002:000003fc       ??_C@_1BM@KLMB@?$AAL?$AAe?$AAf?$AAt?$AAL?$AAi?$AAn?$AAe?$AAI?$AAn?$AAV?$AAo?$AAl?$AA?$AA@ 0001345c     common.obj
 0002:00000418       ??_C@_1BG@COJL@?$AAR?$AAi?$AAg?$AAh?$AAt?$AAC?$AAD?$AAV?$AAo?$AAl?$AA?$AA@ 00013478     common.obj
 0002:00000430       ??_C@_1BE@KMKA@?$AAL?$AAe?$AAf?$AAt?$AAC?$AAD?$AAV?$AAo?$AAl?$AA?$AA@ 00013490     common.obj
 0002:00000444       ??_C@_1BK@JCIM@?$AAR?$AAi?$AAg?$AAh?$AAt?$AAM?$AAi?$AAd?$AAi?$AAV?$AAo?$AAl?$AA?$AA@ 000134a4     common.obj
 0002:00000460       ??_C@_1BI@KBIJ@?$AAL?$AAe?$AAf?$AAt?$AAM?$AAi?$AAd?$AAi?$AAV?$AAo?$AAl?$AA?$AA@ 000134c0     common.obj
 0002:00000478       ??_C@_1BK@MFCG@?$AAR?$AAi?$AAg?$AAh?$AAt?$AAW?$AAa?$AAv?$AAe?$AAV?$AAo?$AAl?$AA?$AA@ 000134d8     common.obj
 0002:00000494       ??_C@_1BI@PGCD@?$AAL?$AAe?$AAf?$AAt?$AAW?$AAa?$AAv?$AAe?$AAV?$AAo?$AAl?$AA?$AA@ 000134f4     common.obj
 0002:000004ac       ??_C@_1BO@NHA@?$AAR?$AAi?$AAg?$AAh?$AAt?$AAM?$AAa?$AAs?$AAt?$AAe?$AAr?$AAV?$AAo?$AAl?$AA?$AA@ 0001350c     common.obj
 0002:000004cc       ??_C@_1BM@NEBF@?$AAL?$AAe?$AAf?$AAt?$AAM?$AAa?$AAs?$AAt?$AAe?$AAr?$AAV?$AAo?$AAl?$AA?$AA@ 0001352c     common.obj
 0002:000004e8       ??_7CAdapterCommon@@6BIAdapterPowerManagement@@@ 00013548     common.obj
 0002:00000500       ??_7CAdapterCommon@@6BIAdapterCommon@@@ 00013560     common.obj
 0002:00000564       ??_7CAdapterCommon@@6BCUnknown@@@ 000135c4     common.obj
 0002:00000640       ??_7CMiniportTopologyHDA@@6BIMiniportTopology@@@ 000136a0     mintopo.obj
 0002:00000658       ??_7CMiniportTopologyHDA@@6BCUnknown@@@ 000136b8     mintopo.obj
 0002:00000668       ??_7CMiniportWaveCyclicHDA@@6BIMiniportWaveCyclic@@@ 000136c8     minwave.obj
 0002:00000684       ??_7CMiniportWaveCyclicHDA@@6BCUnknown@@@ 000136e4     minwave.obj
 0002:00000694       ??_C@_09BAJA@SSE2?5?$CFd?5?6?$AA@ 000136f4     minwave.obj
 0002:000006a0       ??_7CMyDmaChannel@@6B@     00013700     minwave.obj
 0002:000006dc       ??_C@_0DG@LDEH@Aligned?5DMA?5view?5invalid?5?$CIoff?$DN?$CFl@ 0001373c     minwave.obj
 0002:00000714       ??_7CMiniportWaveCyclicStreamHDA@@6BIMiniportWaveCyclicStream@@@ 00013774     minwave.obj
 0002:00000738       ??_7CMiniportWaveCyclicStreamHDA@@6BCUnknown@@@ 00013798     minwave.obj
 0002:00000748       ??_7CUnknown@@6B@          000137a8     stdunk:stdunk.obj
 0002:00000758       ??_C@_0BB@CHNF@m_lRefCount?5?$DO?$DN?50?$AA@ 000137b8     stdunk:stdunk.obj
 0002:0000076c       ??_C@_0N@DIKJ@?4?2stdunk?4cpp?$AA@ 000137cc     stdunk:stdunk.obj
 0002:0000077c       ??_C@_0BA@HPDB@m_lRefCount?5?$DO?50?$AA@ 000137dc     stdunk:stdunk.obj
 0002:0000078c       ??_C@_06DPDC@ppVoid?$AA@   000137ec     stdunk:stdunk.obj
 0003:00000000       __GUID_b7902fe9_fb0a_11d1_81b0_0060083316c1 00013800     adapter.obj
 0003:00000010       __GUID_d3f0ce1c_fffc_11d1_81b0_0060083316c1 00013810     adapter.obj
 0003:00000020       __GUID_c096df9c_fb09_11d1_81b0_0060083316c1 00013820     adapter.obj
 0003:00000138       ?audBufSize@@3KA           00013938     common.obj
 0003:0000013c       ?BdlSize@@3KA              0001393c     common.obj
 0003:00000838       __GUID_185fedf6_9905_11d1_95a9_00c04fb925d3 00014038     mintopo.obj
 0003:00000848       __GUID_185fedef_9905_11d1_95a9_00c04fb925d3 00014048     mintopo.obj
 0003:00000858       __GUID_185fede1_9905_11d1_95a9_00c04fb925d3 00014058     mintopo.obj
 0003:00000868       __GUID_185fede0_9905_11d1_95a9_00c04fb925d3 00014068     mintopo.obj
 0003:00000878       __GUID_7607e580_c557_11d0_8a2b_00a0c9255ac1 00014078     mintopo.obj
 0003:00000888       __GUID_185fede3_9905_11d1_95a9_00c04fb925d3 00014088     mintopo.obj
 0003:00000898       __GUID_da441a60_c556_11d0_8a2b_00a0c9255ac1 00014098     mintopo.obj
 0003:000008a8       __GUID_185fedee_9905_11d1_95a9_00c04fb925d3 000140a8     mintopo.obj
 0003:000008b8       __GUID_02b223c0_c557_11d0_8a2b_00a0c9255ac1 000140b8     mintopo.obj
 0003:000008c8       __GUID_185feded_9905_11d1_95a9_00c04fb925d3 000140c8     mintopo.obj
 0003:000008d8       __GUID_e88c9ba0_c557_11d0_8a2b_00a0c9255ac1 000140d8     mintopo.obj
 0003:000008e8       __GUID_185fedec_9905_11d1_95a9_00c04fb925d3 000140e8     mintopo.obj
 0003:000008f8       __GUID_185fedeb_9905_11d1_95a9_00c04fb925d3 000140f8     mintopo.obj
 0003:00000908       __GUID_185fedea_9905_11d1_95a9_00c04fb925d3 00014108     mintopo.obj
 0003:00000918       __GUID_185fede9_9905_11d1_95a9_00c04fb925d3 00014118     mintopo.obj
 0003:00000928       __GUID_185fede8_9905_11d1_95a9_00c04fb925d3 00014128     mintopo.obj
 0003:00000938       __GUID_e573adc0_c555_11d0_8a2b_00a0c9255ac1 00014138     mintopo.obj
 0003:00000948       __GUID_185fede7_9905_11d1_95a9_00c04fb925d3 00014148     mintopo.obj
 0003:00000958       __GUID_185fede5_9905_11d1_95a9_00c04fb925d3 00014158     mintopo.obj
 0003:00000968       __GUID_3a5acc00_c557_11d0_8a2b_00a0c9255ac1 00014168     mintopo.obj
 0003:00000978       __GUID_45ffaaa0_6e1b_11d0_bcf2_444553540000 00014178     mintopo.obj
 0003:00000988       __GUID_6994ad04_93ef_11d0_a3cc_00a0c9223196 00014188     mintopo.obj
 0003:00000998       __GUID_185fedf7_9905_11d1_95a9_00c04fb925d3 00014198     mintopo.obj
 0003:000009a8       __GUID_dff21ce1_f70f_11d0_b917_00a0c9223196 000141a8     mintopo.obj
 0003:000009b8       __GUID_dff21be1_f70f_11d0_b917_00a0c9223196 000141b8     mintopo.obj
 0003:000009c8       __GUID_185fedf9_9905_11d1_95a9_00c04fb925d3 000141c8     mintopo.obj
 0003:000009d8       __GUID_dff21fe3_f70f_11d0_b917_00a0c9223196 000141d8     mintopo.obj
 0003:000009e8       __GUID_185fedfb_9905_11d1_95a9_00c04fb925d3 000141e8     mintopo.obj
 0003:000009f8       __GUID_dff220e3_f70f_11d0_b917_00a0c9223196 000141f8     mintopo.obj
 0003:00000a08       __GUID_185fedf8_9905_11d1_95a9_00c04fb925d3 00014208     mintopo.obj
 0003:00000a18       __GUID_dff220f3_f70f_11d0_b917_00a0c9223196 00014218     mintopo.obj
 0003:00000a28       __GUID_dff21fe4_f70f_11d0_b917_00a0c9223196 00014228     mintopo.obj
 0003:00000a38       __GUID_97e99ba0_bdea_11cf_a5d6_28db04c10000 00014238     mintopo.obj
 0003:00000c80       __GUID_507ae360_c554_11d0_8a2b_00a0c9255ac1 00014480     minwave.obj
 0003:00000c90       __GUID_4d837fe0_c555_11d0_8a2b_00a0c9255ac1 00014490     minwave.obj
 0003:00000ca0       __GUID_185fedfa_9905_11d1_95a9_00c04fb925d3 000144a0     minwave.obj
 0003:00000cb0       __GUID_fb6c4281_0353_11d1_905f_0000c0cc16ba 000144b0     minwave.obj
 0003:00000cc0       __GUID_05589f81_c356_11ce_bf01_00aa0055595a 000144c0     minwave.obj
 0003:00000cd0       __GUID_00000001_0000_0010_8000_00aa00389b71 000144d0     minwave.obj
 0003:00000ce0       __GUID_73647561_0000_0010_8000_00aa00389b71 000144e0     minwave.obj
 0003:00000cf0       __GUID_0f6417d6_c318_11d0_a43f_00a0c9223196 000144f0     minwave.obj
 0003:00000d00       __GUID_518590a2_a184_11d0_8522_00c04fd9baf3 00014500     minwave.obj
 0003:00000d10       ?PDO@@3PAU_DEVICE_OBJECT@@A 00014510     adapter.obj
 0003:00000d18       __GUID_00000000_0000_0000_0000_000000000000 00014518     adapter.obj
 0004:00000000       _AddDevice@8               00014540 f   adapter.obj
 0004:00000020       ?InstallSubdevice@@YGJPAU_DEVICE_OBJECT@@PAU_IRP@@PAGABU_GUID@@3P6GJPAPAUIUnknown@@3PAU4@W4_POOL_TYPE@@@Z5PAUIResourceList@@344@Z 00014560 f   adapter.obj
 0004:00000126       ?StartDevice@@YGJPAU_DEVICE_OBJECT@@PAU_IRP@@PAUIResourceList@@@Z 00014666 f   adapter.obj
 0004:0000037a       ?AssignResources@@YGJPAUIResourceList@@PAPAU1@11111@Z 000148ba f   adapter.obj
 0004:00000528       ?NewAdapterCommon@@YGJPAPAUIUnknown@@ABU_GUID@@PAU1@W4_POOL_TYPE@@@Z 00014a68 f   common.obj
 0004:00000819       ?Init@CAdapterCommon@@UAGJPAUIResourceList@@PAU_DEVICE_OBJECT@@1@Z 00014d59 f   common.obj
 0004:00001136       ??1CAdapterCommon@@UAE@XZ  00015676 f   common.obj
 0004:000012ae       ?NonDelegatingQueryInterface@CAdapterCommon@@UAGJABU_GUID@@PAPAX@Z 000157ee f   common.obj
 0004:0000136e       ?WavePortDriverDest@CAdapterCommon@@UAGPAPAUIUnknown@@XZ 000158ae f   common.obj
 0004:0000137a       ?GetInterruptSync@CAdapterCommon@@UAGPAUIInterruptSync@@XZ 000158ba f   common.obj
 0004:00001388       ?GetDeviceDescription@CAdapterCommon@@UAGPAU_DEVICE_DESCRIPTION@@XZ 000158c8 f   common.obj
 0004:00001392       ?MidiPortDriverDest@CAdapterCommon@@UAGPAPAUIUnknown@@XZ 000158d2 f   common.obj
 0004:0000139e       ?SetWaveServiceGroup@CAdapterCommon@@UAGXPAUIServiceGroup@@@Z 000158de f   common.obj
 0004:000013ea       ?InitHDAController@CAdapterCommon@@QAGJXZ 0001592a f   common.obj
 0004:00001892       ?TryInitializeCodecSlot@CAdapterCommon@@AAGXEKPBDPAJ@Z 00015dd2 f   common.obj
 0004:00001986       ?ReadRegistryBoolean@CAdapterCommon@@AAGEPBGE@Z 00015ec6 f   common.obj
 0004:00001a62       ?CreateMiniportTopologyHDA@@YGJPAPAUIUnknown@@ABU_GUID@@PAU1@W4_POOL_TYPE@@@Z 00015fa2 f   mintopo.obj
 0004:00001ac2       ?ProcessResources@CMiniportTopologyHDA@@AAEJPAUIResourceList@@@Z 00016002 f   mintopo.obj
 0004:00001ae6       ?NonDelegatingQueryInterface@CMiniportTopologyHDA@@UAGJABU_GUID@@PAPAX@Z 00016026 f   mintopo.obj
 0004:00001b94       ??1CMiniportTopologyHDA@@UAE@XZ 000160d4 f   mintopo.obj
 0004:00001bd8       ?Init@CMiniportTopologyHDA@@UAGJPAUIUnknown@@PAUIResourceList@@PAUIPortTopology@@@Z 00016118 f   mintopo.obj
 0004:00001c3a       ?GetDescription@CMiniportTopologyHDA@@UAGJPAPAUPCFILTER_DESCRIPTOR@@@Z 0001617a f   mintopo.obj
 0004:0000245e       ?CreateMiniportWaveCyclicHDA@@YGJPAPAUIUnknown@@ABU_GUID@@PAU1@W4_POOL_TYPE@@@Z 0001699e f   minwave.obj
 0004:000024be       ?ProcessResources@CMiniportWaveCyclicHDA@@AAEJPAUIResourceList@@@Z 000169fe f   minwave.obj
 0004:000025d4       ?ValidateFormat@CMiniportWaveCyclicHDA@@AAEJPATKSDATAFORMAT@@@Z 00016b14 f   minwave.obj
 0004:000026be       ?NonDelegatingQueryInterface@CMiniportWaveCyclicHDA@@UAGJABU_GUID@@PAPAX@Z 00016bfe f   minwave.obj
 0004:0000276c       ??1CMiniportWaveCyclicHDA@@UAE@XZ 00016cac f   minwave.obj
 0004:000027c0       ?Init@CMiniportWaveCyclicHDA@@UAGJPAUIUnknown@@PAUIResourceList@@PAUIPortWaveCyclic@@@Z 00016d00 f   minwave.obj
 0004:00002868       ?GetDescription@CMiniportWaveCyclicHDA@@UAGJPAPAUPCFILTER_DESCRIPTOR@@@Z 00016da8 f   minwave.obj
 0004:00002878       ?DataRangeIntersection@CMiniportWaveCyclicHDA@@UAGJKPATKSDATAFORMAT@@0KPAXPAK@Z 00016db8 f   minwave.obj
 0004:00002ace       ?NewStream@CMiniportWaveCyclicHDA@@UAGJPAPAUIMiniportWaveCyclicStream@@PAUIUnknown@@W4_POOL_TYPE@@KEPATKSDATAFORMAT@@PAPAUIDmaChannel@@PAPAUIServiceGroup@@@Z 0001700e f   minwave.obj
 0004:00002c0e       ?NonDelegatingQueryInterface@CMiniportWaveCyclicStreamHDA@@UAGJABU_GUID@@PAPAX@Z 0001714e f   minwave.obj
 0004:00002c96       ??1CMiniportWaveCyclicStreamHDA@@UAE@XZ 000171d6 f   minwave.obj
 0004:00002d00       ?Init@CMiniportWaveCyclicStreamHDA@@QAEJPAVCMiniportWaveCyclicHDA@@KEPATKSDATAFORMAT@@PAUIDmaChannel@@@Z 00017240 f   minwave.obj
 0004:00002d86       ?SetNotificationFreq@CMiniportWaveCyclicStreamHDA@@UAGKKPAK@Z 000172c6 f   minwave.obj
 0004:00002dc6       ?SetFormat@CMiniportWaveCyclicStreamHDA@@UAGJPATKSDATAFORMAT@@@Z 00017306 f   minwave.obj
 0004:00002e52       ?SetState@CMiniportWaveCyclicStreamHDA@@UAGJW4KSSTATE@@@Z 00017392 f   minwave.obj
 0005:00000000       _DriverEntry@8             000173e0 f   adapter.obj
 0005:00000018       __IMPORT_DESCRIPTOR_ntoskrnl 000173f8     ntoskrnl:ntoskrnl.exe
 0005:0000002c       __IMPORT_DESCRIPTOR_HAL    0001740c     hal:HAL.dll
 0005:00000040       __IMPORT_DESCRIPTOR_portcls 00017420     portcls:portcls.sys
 0005:00000054       __NULL_IMPORT_DESCRIPTOR   00017434     ntoskrnl:ntoskrnl.exe

 entry point at        0005:00000000

 Static symbols

 0004:00001c4a       ?PropertyHandler_OnOff@@YGJPAU_PCPROPERTY_REQUEST@@@Z 0001618a f   mintopo.obj
 0004:00001de8       ?PropertyHandler_SuperMixCaps@@YGJPAU_PCPROPERTY_REQUEST@@@Z 00016328 f   mintopo.obj
 0004:00001fc2       ?PropertyHandler_SuperMixTable@@YGJPAU_PCPROPERTY_REQUEST@@@Z 00016502 f   mintopo.obj
 0004:000022de       ?PropertyHandler_CpuResources@@YGJPAU_PCPROPERTY_REQUEST@@@Z 0001681e f   mintopo.obj
 0001:000021f4       ?PropertyHandler_Level@@YGJPAU_PCPROPERTY_REQUEST@@@Z 000124d4 f   mintopo.obj
 0004:0000236a       ?BasicSupportHandler@@YGJPAU_PCPROPERTY_REQUEST@@@Z 000168aa f   mintopo.obj
 0001:00000064       ?AllocateAlignedCommonBuffer@@YGJPAU_DMA_ADAPTER@@KKPAU_HDA_DMA_COMMON_BUFFER@@@Z 00010344 f   common.obj
 0001:0000013e       ?ResetCommonBufferDescriptor@@YGXPAU_HDA_DMA_COMMON_BUFFER@@@Z 0001041e f   common.obj
 0001:0000014e       ?FreeAlignedCommonBuffer@@YGXPAU_DMA_ADAPTER@@PAU_HDA_DMA_COMMON_BUFFER@@@Z 0001042e f   common.obj

 309 bytes saved through ICF

