 HDA

 Timestamp is 68f7d192 (Tue Oct 21 11:31:46 2025)

 Preferred load address is 00010000

 Start         Length     Name                   Class
 0001:00000000 00001158H .text                   CODE
 0002:00000000 00000098H .idata$5                DATA
 0002:00000098 00000568H .rdata                  DATA
 0003:00000000 00000cc8H .data                   DATA
 0003:00000cc8 00000010H .bss                    DATA
 0004:00000000 00002fd7H PAGE                    CODE
 0005:00000000 00000015H INIT                    CODE
 0005:00000018 0000003cH .idata$2                CODE
 0005:00000054 00000014H .idata$3                CODE
 0005:00000068 00000098H .idata$4                CODE
 0005:00000100 00000308H .idata$6                CODE
 0006:00000000 00000058H .rsrc$01                DATA
 0006:00000060 00000338H .rsrc$02                DATA

  Address         Publics by Value              Rva+Base     Lib:Object

 0001:00000000       ?QueryInterface@CAdapterCommon@@UAGJABU_GUID@@PAPAX@Z 000102e0 f i common.obj
 0001:00000018       ?AddRef@CAdapterCommon@@UAGKXZ 000102f8 f i common.obj
 0001:00000028       ?Release@CAdapterCommon@@UAGKXZ 00010308 f i common.obj
 0001:00000038       ??_GCAdapterCommon@@UAEPAXI@Z 00010318 f i common.obj
 0001:00000038       ??_ECAdapterCommon@@UAEPAXI@Z 00010318 f i common.obj
 0001:00000058       ?hda_is_supported_sample_rate@CAdapterCommon@@QAGEK@Z 00010338 f   common.obj
 0001:000000de       ?hda_send_verb@CAdapterCommon@@QAGKKKKK@Z 000103be f   common.obj
 0001:000001ae       ?ReadController@CAdapterCommon@@UAGEXZ 0001048e f   common.obj
 0001:000001b4       ?WriteController@CAdapterCommon@@UAGEE@Z 00010494 f   common.obj
 0001:000001ba       ?MixerRegWrite@CAdapterCommon@@UAGXEE@Z 0001049a f   common.obj
 0001:000001d6       ?MixerRegRead@CAdapterCommon@@UAGEE@Z 000104b6 f   common.obj
 0001:000001f4       ?MixerReset@CAdapterCommon@@UAGXXZ 000104d4 f   common.obj
 0001:000001f8       ?AcknowledgeIRQ@CAdapterCommon@@AAEEXZ 000104d8 f   common.obj
 0001:00000236       ?ResetController@CAdapterCommon@@UAGJXZ 00010516 f   common.obj
 0001:00000256       ?RestoreMixerSettingsFromRegistry@CAdapterCommon@@UAGJXZ 00010536 f   common.obj
 0001:000003b4       ?SaveMixerSettingsToRegistry@CAdapterCommon@@UAGJXZ 00010694 f   common.obj
 0001:00000478       ?ProgramSampleRate@CAdapterCommon@@QAGJK@Z 00010758 f   common.obj
 0001:0000050e       ?PowerChangeState@CAdapterCommon@@UAGXT_POWER_STATE@@@Z 000107ee f   common.obj
 0001:00000564       ?QueryDeviceCapabilities@CAdapterCommon@@UAGJPAU_DEVICE_CAPABILITIES@@@Z 00010844 f   common.obj
 0001:00000564       ?QueryPowerChangeState@CAdapterCommon@@UAGJT_POWER_STATE@@@Z 00010844 f   common.obj
 0001:0000056a       ?InterruptServiceRoutine@@YGJPAUIInterruptSync@@PAX@Z 0001084a f   common.obj
 0001:00000596       ?hda_stop_stream@CAdapterCommon@@UAGJXZ 00010876 f   common.obj
 0001:0000067a       ?hda_start_sound@CAdapterCommon@@UAGXXZ 0001095a f   common.obj
 0001:000006a2       ?hda_stop_sound@CAdapterCommon@@UAGXXZ 00010982 f   common.obj
 0001:000006b6       ?hda_get_actual_stream_position@CAdapterCommon@@UAGKXZ 00010996 f   common.obj
 0001:000006cc       ?hda_set_volume@CAdapterCommon@@QAGXK@Z 000109ac f   common.obj
 0001:0000071a       ?readUCHAR@CAdapterCommon@@QAGEG@Z 000109fa f   common.obj
 0001:00000732       ?writeUCHAR@CAdapterCommon@@QAGXGE@Z 00010a12 f   common.obj
 0001:0000074e       ?setUCHARBit@CAdapterCommon@@QAGXGE@Z 00010a2e f   common.obj
 0001:00000770       ?readUSHORT@CAdapterCommon@@QAGGG@Z 00010a50 f   common.obj
 0001:00000788       ?writeUSHORT@CAdapterCommon@@QAGXGG@Z 00010a68 f   common.obj
 0001:000007a4       ?readULONG@CAdapterCommon@@QAGKG@Z 00010a84 f   common.obj
 0001:000007bc       ?writeULONG@CAdapterCommon@@QAGXGK@Z 00010a9c f   common.obj
 0001:000007d8       ?hda_showtime@CAdapterCommon@@UAGJPAUIDmaChannel@@@Z 00010ab8 f   common.obj
 0001:00000968       ?hda_return_sound_data_format@CAdapterCommon@@QAGGKKK@Z 00010c48 f   common.obj
 0001:00000a26       ?QueryInterface@CAdapterCommon@@W3AGJABU_GUID@@PAPAX@Z 00010d06 f i common.obj
 0001:00000a30       ?AddRef@CAdapterCommon@@W3AGKXZ 00010d10 f i common.obj
 0001:00000a3a       ?Release@CAdapterCommon@@W3AGKXZ 00010d1a f i common.obj
 0001:00000a44       ?QueryInterface@CMiniportTopologyHDA@@UAGJABU_GUID@@PAPAX@Z 00010d24 f i mintopo.obj
 0001:00000a44       ?QueryInterface@CMiniportWaveCyclicStreamHDA@@UAGJABU_GUID@@PAPAX@Z 00010d24 f i mintopo.obj
 0001:00000a44       ?QueryInterface@CMiniportWaveCyclicHDA@@UAGJABU_GUID@@PAPAX@Z 00010d24 f i mintopo.obj
 0001:00000a5c       ?AddRef@CMiniportTopologyHDA@@UAGKXZ 00010d3c f i mintopo.obj
 0001:00000a5c       ?AddRef@CMiniportWaveCyclicStreamHDA@@UAGKXZ 00010d3c f i mintopo.obj
 0001:00000a5c       ?AddRef@CMiniportWaveCyclicHDA@@UAGKXZ 00010d3c f i mintopo.obj
 0001:00000a6c       ?Release@CMiniportWaveCyclicStreamHDA@@UAGKXZ 00010d4c f i mintopo.obj
 0001:00000a6c       ?Release@CMiniportWaveCyclicHDA@@UAGKXZ 00010d4c f i mintopo.obj
 0001:00000a6c       ?Release@CMiniportTopologyHDA@@UAGKXZ 00010d4c f i mintopo.obj
 0001:00000a7c       ?DataRangeIntersection@CMiniportTopologyHDA@@UAGJKPATKSDATAFORMAT@@0KPAXPAK@Z 00010d5c f i mintopo.obj
 0001:00000a84       ??_GCMiniportTopologyHDA@@UAEPAXI@Z 00010d64 f i mintopo.obj
 0001:00000a84       ??_ECMiniportTopologyHDA@@UAEPAXI@Z 00010d64 f i mintopo.obj
 0001:00000e82       ?ReadBitsFromMixer@CMiniportTopologyHDA@@AAEEEEE@Z 00011162 f   mintopo.obj
 0001:00000eaa       ?WriteBitsToMixer@CMiniportTopologyHDA@@AAEXEEEE@Z 0001118a f   mintopo.obj
 0001:00000f00       ??_GCMiniportWaveCyclicHDA@@UAEPAXI@Z 000111e0 f i minwave.obj
 0001:00000f00       ??_ECMiniportWaveCyclicHDA@@UAEPAXI@Z 000111e0 f i minwave.obj
 0001:00000f20       ??_GCMiniportWaveCyclicStreamHDA@@UAEPAXI@Z 00011200 f i minwave.obj
 0001:00000f20       ??_ECMiniportWaveCyclicStreamHDA@@UAEPAXI@Z 00011200 f i minwave.obj
 0001:00000f40       ?GetPosition@CMiniportWaveCyclicStreamHDA@@UAGJPAK@Z 00011220 f   minwave.obj
 0001:00000f9e       ?NormalizePhysicalPosition@CMiniportWaveCyclicStreamHDA@@UAGJPA_J@Z 0001127e f   minwave.obj
 0001:00000fe6       ?Silence@CMiniportWaveCyclicStreamHDA@@UAGXPAXK@Z 000112c6 f   minwave.obj
 0001:00001020       _DbgPrint                  00011300 f   ntoskrnl:ntoskrnl.exe
 0001:00001026       __alldiv                   00011306 f   ntoskrnl:ntoskrnl.exe
 0001:0000102c       __allmul                   0001130c f   ntoskrnl:ntoskrnl.exe
 0001:00001032       _PcInitializeAdapterDriver@12 00011312 f   portcls:portcls.sys
 0001:00001038       _PcAddAdapterDevice@20     00011318 f   portcls:portcls.sys
 0001:0000103e       _PcRegisterSubdevice@12    0001131e f   portcls:portcls.sys
 0001:00001044       _PcNewMiniport@8           00011324 f   portcls:portcls.sys
 0001:0000104a       _PcNewPort@8               0001132a f   portcls:portcls.sys
 0001:00001050       _PcRegisterPhysicalConnection@20 00011330 f   portcls:portcls.sys
 0001:00001056       _PcRegisterAdapterPowerManagement@8 00011336 f   portcls:portcls.sys
 0001:0000105c       _PcNewResourceSublist@20   0001133c f   portcls:portcls.sys
 0001:00001062       _PcNewInterruptSync@20     00011342 f   portcls:portcls.sys
 0001:00001068       _PcNewRegistryKey@36       00011348 f   portcls:portcls.sys
 0001:0000106e       _PcNewServiceGroup@8       0001134e f   portcls:portcls.sys
 0001:00001074       ??0CUnknown@@QAE@PAUIUnknown@@@Z 00011354 f   stdunk:stdunk.obj
 0001:00001093       ??_ECUnknown@@UAEPAXI@Z    00011373 f i stdunk:stdunk.obj
 0001:00001093       ??_GCUnknown@@UAEPAXI@Z    00011373 f i stdunk:stdunk.obj
 0001:000010af       ??1CUnknown@@UAE@XZ        0001138f f   stdunk:stdunk.obj
 0001:000010b6       ?NonDelegatingAddRef@CUnknown@@UAGKXZ 00011396 f   stdunk:stdunk.obj
 0001:000010cc       ?NonDelegatingRelease@CUnknown@@UAGKXZ 000113ac f   stdunk:stdunk.obj
 0001:000010fb       ?NonDelegatingQueryInterface@CUnknown@@UAGJABU_GUID@@PAPAX@Z 000113db f   stdunk:stdunk.obj
 0002:00000000       __imp_@KfAcquireSpinLock@4 00011440     hal:HAL.dll
 0002:00000004       __imp_@KfReleaseSpinLock@8 00011444     hal:HAL.dll
 0002:00000008       __imp__KeStallExecutionProcessor@4 00011448     hal:HAL.dll
 0002:0000000c       \177HAL_NULL_THUNK_DATA    0001144c     hal:HAL.dll
 0002:00000010       __imp__IoGetDmaAdapter@12  00011450     ntoskrnl:ntoskrnl.exe
 0002:00000014       __imp__MmUnmapIoSpace@8    00011454     ntoskrnl:ntoskrnl.exe
 0002:00000018       __imp__DbgPrint            00011458     ntoskrnl:ntoskrnl.exe
 0002:0000001c       __imp__READ_REGISTER_ULONG@4 0001145c     ntoskrnl:ntoskrnl.exe
 0002:00000020       __imp__WRITE_REGISTER_ULONG@8 00011460     ntoskrnl:ntoskrnl.exe
 0002:00000024       __imp__RtlInitUnicodeString@8 00011464     ntoskrnl:ntoskrnl.exe
 0002:00000028       __imp__READ_REGISTER_UCHAR@4 00011468     ntoskrnl:ntoskrnl.exe
 0002:0000002c       __imp__MmMapIoSpace@16     0001146c     ntoskrnl:ntoskrnl.exe
 0002:00000030       __imp__KeInitializeSpinLock@4 00011470     ntoskrnl:ntoskrnl.exe
 0002:00000034       __imp__WRITE_REGISTER_USHORT@8 00011474     ntoskrnl:ntoskrnl.exe
 0002:00000038       __imp__KeInitializeMutex@8 00011478     ntoskrnl:ntoskrnl.exe
 0002:0000003c       __imp__KeReleaseMutex@8    0001147c     ntoskrnl:ntoskrnl.exe
 0002:00000040       __imp__KeWaitForSingleObject@20 00011480     ntoskrnl:ntoskrnl.exe
 0002:00000044       __imp___alldiv             00011484     ntoskrnl:ntoskrnl.exe
 0002:00000048       __imp___allmul             00011488     ntoskrnl:ntoskrnl.exe
 0002:0000004c       __imp__ExFreePool@4        0001148c     ntoskrnl:ntoskrnl.exe
 0002:00000050       __imp__ExAllocatePoolWithTag@12 00011490     ntoskrnl:ntoskrnl.exe
 0002:00000054       __imp__READ_REGISTER_USHORT@4 00011494     ntoskrnl:ntoskrnl.exe
 0002:00000058       __imp__WRITE_REGISTER_UCHAR@8 00011498     ntoskrnl:ntoskrnl.exe
 0002:0000005c       __imp_@InterlockedDecrement@4 0001149c     ntoskrnl:ntoskrnl.exe
 0002:00000060       __imp_@InterlockedIncrement@4 000114a0     ntoskrnl:ntoskrnl.exe
 0002:00000064       \177ntoskrnl_NULL_THUNK_DATA 000114a4     ntoskrnl:ntoskrnl.exe
 0002:00000068       __imp__PcInitializeAdapterDriver@12 000114a8     portcls:portcls.sys
 0002:0000006c       __imp__PcNewMiniport@8     000114ac     portcls:portcls.sys
 0002:00000070       __imp__PcNewPort@8         000114b0     portcls:portcls.sys
 0002:00000074       __imp__PcRegisterPhysicalConnection@20 000114b4     portcls:portcls.sys
 0002:00000078       __imp__PcAddAdapterDevice@20 000114b8     portcls:portcls.sys
 0002:0000007c       __imp__PcRegisterSubdevice@12 000114bc     portcls:portcls.sys
 0002:00000080       __imp__PcNewInterruptSync@20 000114c0     portcls:portcls.sys
 0002:00000084       __imp__PcNewRegistryKey@36 000114c4     portcls:portcls.sys
 0002:00000088       __imp__PcNewServiceGroup@8 000114c8     portcls:portcls.sys
 0002:0000008c       __imp__PcRegisterAdapterPowerManagement@8 000114cc     portcls:portcls.sys
 0002:00000090       __imp__PcNewResourceSublist@20 000114d0     portcls:portcls.sys
 0002:00000094       \177portcls_NULL_THUNK_DATA 000114d4     portcls:portcls.sys
 0002:000000f8       _IID_IAdapterCommon        00011538     adapter.obj
 0002:00000108       _CLSID_MiniportDriverFmSynth 00011548     adapter.obj
 0002:00000118       _CLSID_PortWaveCyclic      00011558     adapter.obj
 0002:00000128       _CLSID_PortTopology        00011568     adapter.obj
 0002:00000138       _CLSID_PortMidi            00011578     adapter.obj
 0002:00000148       _IID_IAdapterPowerManagment 00011588     adapter.obj
 0002:00000158       _IID_IMiniportWaveCyclicStream 00011598     adapter.obj
 0002:00000168       _IID_IMiniportWaveCyclic   000115a8     adapter.obj
 0002:00000178       _IID_IPortWaveCyclic       000115b8     adapter.obj
 0002:00000188       _IID_IMiniportTopology     000115c8     adapter.obj
 0002:00000198       _IID_IMiniport             000115d8     adapter.obj
 0002:000001a8       _IID_IUnknown              000115e8     adapter.obj
 0002:000001b8       ??_C@_1BE@ENEK@?$AAR?$AAi?$AAg?$AAh?$AAt?$AAB?$AAa?$AAs?$AAs?$AA?$AA@ 000115f8     common.obj
 0002:000001cc       ??_C@_1BC@JMJO@?$AAL?$AAe?$AAf?$AAt?$AAB?$AAa?$AAs?$AAs?$AA?$AA@ 0001160c     common.obj
 0002:000001e0       ??_C@_1BI@KGAJ@?$AAR?$AAi?$AAg?$AAh?$AAt?$AAT?$AAr?$AAe?$AAb?$AAl?$AAe?$AA?$AA@ 00011620     common.obj
 0002:000001f8       ??_C@_1BG@BGGD@?$AAL?$AAe?$AAf?$AAt?$AAT?$AAr?$AAe?$AAb?$AAl?$AAe?$AA?$AA@ 00011638     common.obj
 0002:00000210       ??_C@_1O@IECC@?$AAM?$AAi?$AAc?$AAA?$AAG?$AAC?$AA?$AA@ 00011650     common.obj
 0002:00000220       ??_C@_1CA@EJHI@?$AAR?$AAi?$AAg?$AAh?$AAt?$AAO?$AAu?$AAt?$AAp?$AAu?$AAt?$AAG?$AAa?$AAi?$AAn?$AA?$AA@ 00011660     common.obj
 0002:00000240       ??_C@_1BO@PPLI@?$AAL?$AAe?$AAf?$AAt?$AAO?$AAu?$AAt?$AAp?$AAu?$AAt?$AAG?$AAa?$AAi?$AAn?$AA?$AA@ 00011680     common.obj
 0002:00000260       ??_C@_1BO@PMCJ@?$AAR?$AAi?$AAg?$AAh?$AAt?$AAI?$AAn?$AAp?$AAu?$AAt?$AAG?$AAa?$AAi?$AAn?$AA?$AA@ 000116a0     common.obj
 0002:00000280       ??_C@_1BM@CFEM@?$AAL?$AAe?$AAf?$AAt?$AAI?$AAn?$AAp?$AAu?$AAt?$AAG?$AAa?$AAi?$AAn?$AA?$AA@ 000116c0     common.obj
 0002:0000029c       ??_C@_1CA@CIKM@?$AAR?$AAi?$AAg?$AAh?$AAt?$AAI?$AAn?$AAp?$AAu?$AAt?$AAM?$AAi?$AAx?$AAe?$AAr?$AA?$AA@ 000116dc     common.obj
 0002:000002bc       ??_C@_1BO@JOGM@?$AAL?$AAe?$AAf?$AAt?$AAI?$AAn?$AAp?$AAu?$AAt?$AAM?$AAi?$AAx?$AAe?$AAr?$AA?$AA@ 000116fc     common.obj
 0002:000002dc       ??_C@_1BI@BMOJ@?$AAO?$AAu?$AAt?$AAp?$AAu?$AAt?$AAM?$AAi?$AAx?$AAe?$AAr?$AA?$AA@ 0001171c     common.obj
 0002:000002f4       ??_C@_1BE@GLOL@?$AAP?$AAc?$AAS?$AAp?$AAk?$AAr?$AAV?$AAo?$AAl?$AA?$AA@ 00011734     common.obj
 0002:00000308       ??_C@_1O@MNBB@?$AAM?$AAi?$AAc?$AAV?$AAo?$AAl?$AA?$AA@ 00011748     common.obj
 0002:00000318       ??_C@_1BO@HCKE@?$AAR?$AAi?$AAg?$AAh?$AAt?$AAL?$AAi?$AAn?$AAe?$AAI?$AAn?$AAV?$AAo?$AAl?$AA?$AA@ 00011758     common.obj
 0002:00000338       ??_C@_1BM@KLMB@?$AAL?$AAe?$AAf?$AAt?$AAL?$AAi?$AAn?$AAe?$AAI?$AAn?$AAV?$AAo?$AAl?$AA?$AA@ 00011778     common.obj
 0002:00000354       ??_C@_1BG@COJL@?$AAR?$AAi?$AAg?$AAh?$AAt?$AAC?$AAD?$AAV?$AAo?$AAl?$AA?$AA@ 00011794     common.obj
 0002:0000036c       ??_C@_1BE@KMKA@?$AAL?$AAe?$AAf?$AAt?$AAC?$AAD?$AAV?$AAo?$AAl?$AA?$AA@ 000117ac     common.obj
 0002:00000380       ??_C@_1BK@JCIM@?$AAR?$AAi?$AAg?$AAh?$AAt?$AAM?$AAi?$AAd?$AAi?$AAV?$AAo?$AAl?$AA?$AA@ 000117c0     common.obj
 0002:0000039c       ??_C@_1BI@KBIJ@?$AAL?$AAe?$AAf?$AAt?$AAM?$AAi?$AAd?$AAi?$AAV?$AAo?$AAl?$AA?$AA@ 000117dc     common.obj
 0002:000003b4       ??_C@_1BK@MFCG@?$AAR?$AAi?$AAg?$AAh?$AAt?$AAW?$AAa?$AAv?$AAe?$AAV?$AAo?$AAl?$AA?$AA@ 000117f4     common.obj
 0002:000003d0       ??_C@_1BI@PGCD@?$AAL?$AAe?$AAf?$AAt?$AAW?$AAa?$AAv?$AAe?$AAV?$AAo?$AAl?$AA?$AA@ 00011810     common.obj
 0002:000003e8       ??_C@_1BO@NHA@?$AAR?$AAi?$AAg?$AAh?$AAt?$AAM?$AAa?$AAs?$AAt?$AAe?$AAr?$AAV?$AAo?$AAl?$AA?$AA@ 00011828     common.obj
 0002:00000408       ??_C@_1BM@NEBF@?$AAL?$AAe?$AAf?$AAt?$AAM?$AAa?$AAs?$AAt?$AAe?$AAr?$AAV?$AAo?$AAl?$AA?$AA@ 00011848     common.obj
 0002:00000424       ??_7CAdapterCommon@@6BIAdapterPowerManagement@@@ 00011864     common.obj
 0002:0000043c       ??_7CAdapterCommon@@6BIAdapterCommon@@@ 0001187c     common.obj
 0002:00000490       ??_7CAdapterCommon@@6BCUnknown@@@ 000118d0     common.obj
 0002:00000568       ??_7CMiniportTopologyHDA@@6BIMiniportTopology@@@ 000119a8     mintopo.obj
 0002:00000580       ??_7CMiniportTopologyHDA@@6BCUnknown@@@ 000119c0     mintopo.obj
 0002:00000590       ??_7CMiniportWaveCyclicHDA@@6BIMiniportWaveCyclic@@@ 000119d0     minwave.obj
 0002:000005ac       ??_7CMiniportWaveCyclicHDA@@6BCUnknown@@@ 000119ec     minwave.obj
 0002:000005bc       ??_7CMiniportWaveCyclicStreamHDA@@6BIMiniportWaveCyclicStream@@@ 000119fc     minwave.obj
 0002:000005e0       ??_7CMiniportWaveCyclicStreamHDA@@6BCUnknown@@@ 00011a20     minwave.obj
 0002:000005f0       ??_7CUnknown@@6B@          00011a30     stdunk:stdunk.obj
 0003:00000000       __GUID_b7902fe9_fb0a_11d1_81b0_0060083316c1 00011a40     adapter.obj
 0003:00000010       __GUID_d3f0ce1c_fffc_11d1_81b0_0060083316c1 00011a50     adapter.obj
 0003:00000020       __GUID_c096df9c_fb09_11d1_81b0_0060083316c1 00011a60     adapter.obj
 0003:000000f0       ?audBufSize@@3KA           00011b30     common.obj
 0003:000000f4       ?BdlSize@@3KA              00011b34     common.obj
 0003:000007f0       __GUID_185fedf6_9905_11d1_95a9_00c04fb925d3 00012230     mintopo.obj
 0003:00000800       __GUID_185fedef_9905_11d1_95a9_00c04fb925d3 00012240     mintopo.obj
 0003:00000810       __GUID_185fede1_9905_11d1_95a9_00c04fb925d3 00012250     mintopo.obj
 0003:00000820       __GUID_185fede0_9905_11d1_95a9_00c04fb925d3 00012260     mintopo.obj
 0003:00000830       __GUID_7607e580_c557_11d0_8a2b_00a0c9255ac1 00012270     mintopo.obj
 0003:00000840       __GUID_185fede3_9905_11d1_95a9_00c04fb925d3 00012280     mintopo.obj
 0003:00000850       __GUID_da441a60_c556_11d0_8a2b_00a0c9255ac1 00012290     mintopo.obj
 0003:00000860       __GUID_185fedee_9905_11d1_95a9_00c04fb925d3 000122a0     mintopo.obj
 0003:00000870       __GUID_02b223c0_c557_11d0_8a2b_00a0c9255ac1 000122b0     mintopo.obj
 0003:00000880       __GUID_185feded_9905_11d1_95a9_00c04fb925d3 000122c0     mintopo.obj
 0003:00000890       __GUID_e88c9ba0_c557_11d0_8a2b_00a0c9255ac1 000122d0     mintopo.obj
 0003:000008a0       __GUID_185fedec_9905_11d1_95a9_00c04fb925d3 000122e0     mintopo.obj
 0003:000008b0       __GUID_185fedeb_9905_11d1_95a9_00c04fb925d3 000122f0     mintopo.obj
 0003:000008c0       __GUID_185fedea_9905_11d1_95a9_00c04fb925d3 00012300     mintopo.obj
 0003:000008d0       __GUID_185fede9_9905_11d1_95a9_00c04fb925d3 00012310     mintopo.obj
 0003:000008e0       __GUID_185fede8_9905_11d1_95a9_00c04fb925d3 00012320     mintopo.obj
 0003:000008f0       __GUID_e573adc0_c555_11d0_8a2b_00a0c9255ac1 00012330     mintopo.obj
 0003:00000900       __GUID_185fede7_9905_11d1_95a9_00c04fb925d3 00012340     mintopo.obj
 0003:00000910       __GUID_185fede5_9905_11d1_95a9_00c04fb925d3 00012350     mintopo.obj
 0003:00000920       __GUID_3a5acc00_c557_11d0_8a2b_00a0c9255ac1 00012360     mintopo.obj
 0003:00000930       __GUID_45ffaaa0_6e1b_11d0_bcf2_444553540000 00012370     mintopo.obj
 0003:00000940       __GUID_6994ad04_93ef_11d0_a3cc_00a0c9223196 00012380     mintopo.obj
 0003:00000950       __GUID_185fedf7_9905_11d1_95a9_00c04fb925d3 00012390     mintopo.obj
 0003:00000960       __GUID_dff21ce1_f70f_11d0_b917_00a0c9223196 000123a0     mintopo.obj
 0003:00000970       __GUID_dff21be1_f70f_11d0_b917_00a0c9223196 000123b0     mintopo.obj
 0003:00000980       __GUID_185fedf9_9905_11d1_95a9_00c04fb925d3 000123c0     mintopo.obj
 0003:00000990       __GUID_dff21fe3_f70f_11d0_b917_00a0c9223196 000123d0     mintopo.obj
 0003:000009a0       __GUID_185fedfb_9905_11d1_95a9_00c04fb925d3 000123e0     mintopo.obj
 0003:000009b0       __GUID_dff220e3_f70f_11d0_b917_00a0c9223196 000123f0     mintopo.obj
 0003:000009c0       __GUID_185fedf8_9905_11d1_95a9_00c04fb925d3 00012400     mintopo.obj
 0003:000009d0       __GUID_dff220f3_f70f_11d0_b917_00a0c9223196 00012410     mintopo.obj
 0003:000009e0       __GUID_dff21fe4_f70f_11d0_b917_00a0c9223196 00012420     mintopo.obj
 0003:000009f0       __GUID_97e99ba0_bdea_11cf_a5d6_28db04c10000 00012430     mintopo.obj
 0003:00000c38       __GUID_507ae360_c554_11d0_8a2b_00a0c9255ac1 00012678     minwave.obj
 0003:00000c48       __GUID_4d837fe0_c555_11d0_8a2b_00a0c9255ac1 00012688     minwave.obj
 0003:00000c58       __GUID_185fedfa_9905_11d1_95a9_00c04fb925d3 00012698     minwave.obj
 0003:00000c68       __GUID_fb6c4281_0353_11d1_905f_0000c0cc16ba 000126a8     minwave.obj
 0003:00000c78       __GUID_05589f81_c356_11ce_bf01_00aa0055595a 000126b8     minwave.obj
 0003:00000c88       __GUID_00000001_0000_0010_8000_00aa00389b71 000126c8     minwave.obj
 0003:00000c98       __GUID_73647561_0000_0010_8000_00aa00389b71 000126d8     minwave.obj
 0003:00000ca8       __GUID_0f6417d6_c318_11d0_a43f_00a0c9223196 000126e8     minwave.obj
 0003:00000cb8       __GUID_518590a2_a184_11d0_8522_00c04fd9baf3 000126f8     minwave.obj
 0003:00000cc8       __GUID_00000000_0000_0000_0000_000000000000 00012708     adapter.obj
 0004:00000000       _AddDevice@8               00012720 f   adapter.obj
 0004:0000001a       ?InstallSubdevice@@YGJPAU_DEVICE_OBJECT@@PAU_IRP@@PAGABU_GUID@@3P6GJPAPAUIUnknown@@3PAU4@W4_POOL_TYPE@@@Z5PAUIResourceList@@344@Z 0001273a f   adapter.obj
 0004:00000120       ?StartDevice@@YGJPAU_DEVICE_OBJECT@@PAU_IRP@@PAUIResourceList@@@Z 00012840 f   adapter.obj
 0004:0000036e       ?AssignResources@@YGJPAUIResourceList@@PAPAU1@11111@Z 00012a8e f   adapter.obj
 0004:00000624       ?NewAdapterCommon@@YGJPAPAUIUnknown@@ABU_GUID@@PAU1@W4_POOL_TYPE@@@Z 00012d44 f   common.obj
 0004:0000068c       ?Init@CAdapterCommon@@UAGJPAUIResourceList@@PAU_DEVICE_OBJECT@@@Z 00012dac f   common.obj
 0004:00000926       ??1CAdapterCommon@@UAE@XZ  00013046 f   common.obj
 0004:00000a7c       ?NonDelegatingQueryInterface@CAdapterCommon@@UAGJABU_GUID@@PAPAX@Z 0001319c f   common.obj
 0004:00000b3c       ?WavePortDriverDest@CAdapterCommon@@UAGPAPAUIUnknown@@XZ 0001325c f   common.obj
 0004:00000b48       ?GetInterruptSync@CAdapterCommon@@UAGPAUIInterruptSync@@XZ 00013268 f   common.obj
 0004:00000b56       ?MidiPortDriverDest@CAdapterCommon@@UAGPAPAUIUnknown@@XZ 00013276 f   common.obj
 0004:00000b62       ?SetWaveServiceGroup@CAdapterCommon@@UAGXPAUIServiceGroup@@@Z 00013282 f   common.obj
 0004:00000b92       ?InitHDA@CAdapterCommon@@QAGJXZ 000132b2 f   common.obj
 0004:00000e52       ?InitializeCodec@CAdapterCommon@@QAGJE@Z 00013572 f   common.obj
 0004:00001143       ?hda_initialize_audio_function_group@CAdapterCommon@@QAGXKK@Z 00013863 f   common.obj
 0004:0000161c       ?hda_get_node_type@CAdapterCommon@@QAGEKK@Z 00013d3c f   common.obj
 0004:0000163e       ?hda_get_node_connection_entries@CAdapterCommon@@QAGKKKK@Z 00013d5e f   common.obj
 0004:000016c4       ?hda_set_node_gain@CAdapterCommon@@QAGXKKKKK@Z 00013de4 f   common.obj
 0004:00001732       ?hda_disable_pin_output@CAdapterCommon@@QAGXKK@Z 00013e52 f   common.obj
 0004:00001764       ?hda_is_headphone_connected@CAdapterCommon@@QAGHXZ 00013e84 f   common.obj
 0004:000017a0       ?hda_initialize_output_pin@CAdapterCommon@@QAGXK@Z 00013ec0 f   common.obj
 0004:000018fa       ?hda_initalize_audio_output@CAdapterCommon@@QAGXK@Z 0001401a f   common.obj
 0004:00001a06       ?hda_initalize_audio_mixer@CAdapterCommon@@QAGXK@Z 00014126 f   common.obj
 0004:00001ae4       ?hda_initalize_audio_selector@CAdapterCommon@@QAGXK@Z 00014204 f   common.obj
 0004:00001bee       ?CreateMiniportTopologyHDA@@YGJPAPAUIUnknown@@ABU_GUID@@PAU1@W4_POOL_TYPE@@@Z 0001430e f   mintopo.obj
 0004:00001c4e       ?ProcessResources@CMiniportTopologyHDA@@AAEJPAUIResourceList@@@Z 0001436e f   mintopo.obj
 0004:00001c72       ?NonDelegatingQueryInterface@CMiniportTopologyHDA@@UAGJABU_GUID@@PAPAX@Z 00014392 f   mintopo.obj
 0004:00001d20       ??1CMiniportTopologyHDA@@UAE@XZ 00014440 f   mintopo.obj
 0004:00001d64       ?Init@CMiniportTopologyHDA@@UAGJPAUIUnknown@@PAUIResourceList@@PAUIPortTopology@@@Z 00014484 f   mintopo.obj
 0004:00001dc6       ?GetDescription@CMiniportTopologyHDA@@UAGJPAPAUPCFILTER_DESCRIPTOR@@@Z 000144e6 f   mintopo.obj
 0004:000025ea       ?CreateMiniportWaveCyclicHDA@@YGJPAPAUIUnknown@@ABU_GUID@@PAU1@W4_POOL_TYPE@@@Z 00014d0a f   minwave.obj
 0004:0000264a       ?ProcessResources@CMiniportWaveCyclicHDA@@AAEJPAUIResourceList@@@Z 00014d6a f   minwave.obj
 0004:000026f0       ?ValidateFormat@CMiniportWaveCyclicHDA@@AAEJPATKSDATAFORMAT@@@Z 00014e10 f   minwave.obj
 0004:000027ca       ?NonDelegatingQueryInterface@CMiniportWaveCyclicHDA@@UAGJABU_GUID@@PAPAX@Z 00014eea f   minwave.obj
 0004:00002878       ??1CMiniportWaveCyclicHDA@@UAE@XZ 00014f98 f   minwave.obj
 0004:000028cc       ?Init@CMiniportWaveCyclicHDA@@UAGJPAUIUnknown@@PAUIResourceList@@PAUIPortWaveCyclic@@@Z 00014fec f   minwave.obj
 0004:00002974       ?GetDescription@CMiniportWaveCyclicHDA@@UAGJPAPAUPCFILTER_DESCRIPTOR@@@Z 00015094 f   minwave.obj
 0004:00002984       ?DataRangeIntersection@CMiniportWaveCyclicHDA@@UAGJKPATKSDATAFORMAT@@0KPAXPAK@Z 000150a4 f   minwave.obj
 0004:00002bda       ?NewStream@CMiniportWaveCyclicHDA@@UAGJPAPAUIMiniportWaveCyclicStream@@PAUIUnknown@@W4_POOL_TYPE@@KEPATKSDATAFORMAT@@PAPAUIDmaChannel@@PAPAUIServiceGroup@@@Z 000152fa f   minwave.obj
 0004:00002d1a       ?NonDelegatingQueryInterface@CMiniportWaveCyclicStreamHDA@@UAGJABU_GUID@@PAPAX@Z 0001543a f   minwave.obj
 0004:00002da2       ??1CMiniportWaveCyclicStreamHDA@@UAE@XZ 000154c2 f   minwave.obj
 0004:00002e0c       ?Init@CMiniportWaveCyclicStreamHDA@@QAEJPAVCMiniportWaveCyclicHDA@@KEPATKSDATAFORMAT@@PAUIDmaChannel@@@Z 0001552c f   minwave.obj
 0004:00002e92       ?SetNotificationFreq@CMiniportWaveCyclicStreamHDA@@UAGKKPAK@Z 000155b2 f   minwave.obj
 0004:00002ed2       ?SetFormat@CMiniportWaveCyclicStreamHDA@@UAGJPATKSDATAFORMAT@@@Z 000155f2 f   minwave.obj
 0004:00002f8c       ?SetState@CMiniportWaveCyclicStreamHDA@@UAGJW4KSSTATE@@@Z 000156ac f   minwave.obj
 0005:00000000       _DriverEntry@8             00015700 f   adapter.obj
 0005:00000018       __IMPORT_DESCRIPTOR_ntoskrnl 00015718     ntoskrnl:ntoskrnl.exe
 0005:0000002c       __IMPORT_DESCRIPTOR_HAL    0001572c     hal:HAL.dll
 0005:00000040       __IMPORT_DESCRIPTOR_portcls 00015740     portcls:portcls.sys
 0005:00000054       __NULL_IMPORT_DESCRIPTOR   00015754     ntoskrnl:ntoskrnl.exe

 entry point at        0005:00000000

 Static symbols

 0004:00001dd6       ?PropertyHandler_OnOff@@YGJPAU_PCPROPERTY_REQUEST@@@Z 000144f6 f   mintopo.obj
 0004:00001f74       ?PropertyHandler_SuperMixCaps@@YGJPAU_PCPROPERTY_REQUEST@@@Z 00014694 f   mintopo.obj
 0004:0000214e       ?PropertyHandler_SuperMixTable@@YGJPAU_PCPROPERTY_REQUEST@@@Z 0001486e f   mintopo.obj
 0004:0000246a       ?PropertyHandler_CpuResources@@YGJPAU_PCPROPERTY_REQUEST@@@Z 00014b8a f   mintopo.obj
 0001:00000aa4       ?PropertyHandler_Level@@YGJPAU_PCPROPERTY_REQUEST@@@Z 00010d84 f   mintopo.obj
 0004:000024f6       ?BasicSupportHandler@@YGJPAU_PCPROPERTY_REQUEST@@@Z 00014c16 f   mintopo.obj

 115 bytes saved through ICF

