 HDA

 Timestamp is 69029d8c (Wed Oct 29 15:04:44 2025)

 Preferred load address is 00010000

 Start         Length     Name                   Class
 0001:00000000 00001451H .text                   CODE
 0002:00000000 0000009cH .idata$5                DATA
 0002:000000a0 0000059bH .rdata                  DATA
 0003:00000000 00000cc8H .data                   DATA
 0003:00000cc8 00000010H .bss                    DATA
 0004:00000000 0000321fH PAGE                    CODE
 0005:00000000 00000015H INIT                    CODE
 0005:00000018 0000003cH .idata$2                CODE
 0005:00000054 00000014H .idata$3                CODE
 0005:00000068 0000009cH .idata$4                CODE
 0005:00000104 00000314H .idata$6                CODE
 0006:00000000 00000058H .rsrc$01                DATA
 0006:00000060 00000338H .rsrc$02                DATA

  Address         Publics by Value              Rva+Base     Lib:Object

 0001:00000000       ??3@YAXPAX@Z               000102e0 f i common.obj
 0001:0000000c       ?QueryInterface@CAdapterCommon@@UAGJABU_GUID@@PAPAX@Z 000102ec f i common.obj
 0001:00000024       ?AddRef@CAdapterCommon@@UAGKXZ 00010304 f i common.obj
 0001:00000034       ?Release@CAdapterCommon@@UAGKXZ 00010314 f i common.obj
 0001:00000044       ??_GCAdapterCommon@@UAEPAXI@Z 00010324 f i common.obj
 0001:00000044       ??_ECAdapterCommon@@UAEPAXI@Z 00010324 f i common.obj
 0001:00000064       ?hda_check_headphone_connection_change@CAdapterCommon@@QAGXXZ 00010344 f   common.obj
 0001:000000da       ?hda_is_supported_sample_rate@CAdapterCommon@@QAGEK@Z 000103ba f   common.obj
 0001:00000160       ?hda_send_verb@CAdapterCommon@@QAGKKKKK@Z 00010440 f   common.obj
 0001:000002ba       ?ReadController@CAdapterCommon@@UAGEXZ 0001059a f   common.obj
 0001:000002c0       ?WriteController@CAdapterCommon@@UAGEE@Z 000105a0 f   common.obj
 0001:000002c6       ?MixerRegWrite@CAdapterCommon@@UAGXEE@Z 000105a6 f   common.obj
 0001:000002e2       ?MixerRegRead@CAdapterCommon@@UAGEE@Z 000105c2 f   common.obj
 0001:00000300       ?MixerReset@CAdapterCommon@@UAGXXZ 000105e0 f   common.obj
 0001:00000304       ?AcknowledgeIRQ@CAdapterCommon@@AAEEXZ 000105e4 f   common.obj
 0001:00000378       ?ResetController@CAdapterCommon@@UAGJXZ 00010658 f   common.obj
 0001:00000398       ?RestoreMixerSettingsFromRegistry@CAdapterCommon@@UAGJXZ 00010678 f   common.obj
 0001:000004f6       ?SaveMixerSettingsToRegistry@CAdapterCommon@@UAGJXZ 000107d6 f   common.obj
 0001:000005ba       ?ProgramSampleRate@CAdapterCommon@@QAGJK@Z 0001089a f   common.obj
 0001:00000650       ?PowerChangeState@CAdapterCommon@@UAGXT_POWER_STATE@@@Z 00010930 f   common.obj
 0001:000006a6       ?QueryDeviceCapabilities@CAdapterCommon@@UAGJPAU_DEVICE_CAPABILITIES@@@Z 00010986 f   common.obj
 0001:000006a6       ?QueryPowerChangeState@CAdapterCommon@@UAGJT_POWER_STATE@@@Z 00010986 f   common.obj
 0001:000006ac       ?InterruptServiceRoutine@@YGJPAUIInterruptSync@@PAX@Z 0001098c f   common.obj
 0001:000006d8       ?hda_stop_stream@CAdapterCommon@@UAGJXZ 000109b8 f   common.obj
 0001:000007ce       ?hda_start_sound@CAdapterCommon@@UAGXXZ 00010aae f   common.obj
 0001:000007f6       ?hda_stop_sound@CAdapterCommon@@UAGXXZ 00010ad6 f   common.obj
 0001:0000083c       ?hda_get_actual_stream_position@CAdapterCommon@@UAGKXZ 00010b1c f   common.obj
 0001:00000852       ?hda_set_volume@CAdapterCommon@@QAGXK@Z 00010b32 f   common.obj
 0001:000008a0       ?readUCHAR@CAdapterCommon@@QAGEG@Z 00010b80 f   common.obj
 0001:000008b8       ?writeUCHAR@CAdapterCommon@@QAGXGE@Z 00010b98 f   common.obj
 0001:000008d4       ?readUSHORT@CAdapterCommon@@QAGGG@Z 00010bb4 f   common.obj
 0001:000008ec       ?writeUSHORT@CAdapterCommon@@QAGXGG@Z 00010bcc f   common.obj
 0001:00000908       ?readULONG@CAdapterCommon@@QAGKG@Z 00010be8 f   common.obj
 0001:00000920       ?writeULONG@CAdapterCommon@@QAGXGK@Z 00010c00 f   common.obj
 0001:0000093c       ?hda_showtime@CAdapterCommon@@UAGJPAUIDmaChannel@@@Z 00010c1c f   common.obj
 0001:00000aea       ?hda_return_sound_data_format@CAdapterCommon@@QAGGKKK@Z 00010dca f   common.obj
 0001:00000ba8       ?QueryInterface@CAdapterCommon@@W3AGJABU_GUID@@PAPAX@Z 00010e88 f i common.obj
 0001:00000bb2       ?AddRef@CAdapterCommon@@W3AGKXZ 00010e92 f i common.obj
 0001:00000bbc       ?Release@CAdapterCommon@@W3AGKXZ 00010e9c f i common.obj
 0001:00000bc6       ?QueryInterface@CMiniportTopologyHDA@@UAGJABU_GUID@@PAPAX@Z 00010ea6 f i mintopo.obj
 0001:00000bc6       ?QueryInterface@CMiniportWaveCyclicStreamHDA@@UAGJABU_GUID@@PAPAX@Z 00010ea6 f i mintopo.obj
 0001:00000bc6       ?QueryInterface@CMiniportWaveCyclicHDA@@UAGJABU_GUID@@PAPAX@Z 00010ea6 f i mintopo.obj
 0001:00000bde       ?Release@CMiniportWaveCyclicStreamHDA@@UAGKXZ 00010ebe f i mintopo.obj
 0001:00000bde       ?Release@CMiniportWaveCyclicHDA@@UAGKXZ 00010ebe f i mintopo.obj
 0001:00000bde       ?Release@CMiniportTopologyHDA@@UAGKXZ 00010ebe f i mintopo.obj
 0001:00000bee       ?DataRangeIntersection@CMiniportTopologyHDA@@UAGJKPATKSDATAFORMAT@@0KPAXPAK@Z 00010ece f i mintopo.obj
 0001:00000bf6       ??_ECMiniportTopologyHDA@@UAEPAXI@Z 00010ed6 f i mintopo.obj
 0001:00000bf6       ??_GCMiniportTopologyHDA@@UAEPAXI@Z 00010ed6 f i mintopo.obj
 0001:00000ff4       ?ReadBitsFromMixer@CMiniportTopologyHDA@@AAEEEEE@Z 000112d4 f   mintopo.obj
 0001:0000101c       ?WriteBitsToMixer@CMiniportTopologyHDA@@AAEXEEEE@Z 000112fc f   mintopo.obj
 0001:00001072       ?AddRef@CMiniportWaveCyclicHDA@@UAGKXZ 00011352 f i minwave.obj
 0001:00001072       ?AddRef@CMiniportTopologyHDA@@UAGKXZ 00011352 f i minwave.obj
 0001:00001072       ?AddRef@CMiniportWaveCyclicStreamHDA@@UAGKXZ 00011352 f i minwave.obj
 0001:00001082       ??_GCMiniportWaveCyclicHDA@@UAEPAXI@Z 00011362 f i minwave.obj
 0001:00001082       ??_ECMiniportWaveCyclicHDA@@UAEPAXI@Z 00011362 f i minwave.obj
 0001:000010a2       ??_GCMiniportWaveCyclicStreamHDA@@UAEPAXI@Z 00011382 f i minwave.obj
 0001:000010a2       ??_ECMiniportWaveCyclicStreamHDA@@UAEPAXI@Z 00011382 f i minwave.obj
 0001:000010c2       ?GetPosition@CMiniportWaveCyclicStreamHDA@@UAGJPAK@Z 000113a2 f   minwave.obj
 0001:00001120       ?NormalizePhysicalPosition@CMiniportWaveCyclicStreamHDA@@UAGJPA_J@Z 00011400 f   minwave.obj
 0001:00001168       ?Silence@CMiniportWaveCyclicStreamHDA@@UAGXPAXK@Z 00011448 f   minwave.obj
 0001:000011a2       _DbgPrint                  00011482 f   ntoskrnl:ntoskrnl.exe
 0001:000011a8       __alldiv                   00011488 f   ntoskrnl:ntoskrnl.exe
 0001:000011ae       __allmul                   0001148e f   ntoskrnl:ntoskrnl.exe
 0001:000011b4       _PcInitializeAdapterDriver@12 00011494 f   portcls:portcls.sys
 0001:000011ba       _PcAddAdapterDevice@20     0001149a f   portcls:portcls.sys
 0001:000011c0       _PcRegisterSubdevice@12    000114a0 f   portcls:portcls.sys
 0001:000011c6       _PcNewMiniport@8           000114a6 f   portcls:portcls.sys
 0001:000011cc       _PcNewPort@8               000114ac f   portcls:portcls.sys
 0001:000011d2       _PcRegisterPhysicalConnection@20 000114b2 f   portcls:portcls.sys
 0001:000011d8       _PcRegisterAdapterPowerManagement@8 000114b8 f   portcls:portcls.sys
 0001:000011de       _PcNewResourceSublist@20   000114be f   portcls:portcls.sys
 0001:000011e4       _PcNewInterruptSync@20     000114c4 f   portcls:portcls.sys
 0001:000011ea       _PcNewRegistryKey@36       000114ca f   portcls:portcls.sys
 0001:000011f0       _PcNewServiceGroup@8       000114d0 f   portcls:portcls.sys
 0001:00001200       ??0CUnknown@@QAE@PAUIUnknown@@@Z 000114e0 f   stdunk:stdunk.obj
 0001:00001250       ??_ECUnknown@@UAEPAXI@Z    00011530 f i stdunk:stdunk.obj
 0001:00001250       ??_GCUnknown@@UAEPAXI@Z    00011530 f i stdunk:stdunk.obj
 0001:00001280       ??0INonDelegatingUnknown@@QAE@XZ 00011560 f i stdunk:stdunk.obj
 0001:00001290       ??1CUnknown@@UAE@XZ        00011570 f   stdunk:stdunk.obj
 0001:000012b0       ?NonDelegatingAddRef@CUnknown@@UAGKXZ 00011590 f   stdunk:stdunk.obj
 0001:000012f0       ?NonDelegatingRelease@CUnknown@@UAGKXZ 000115d0 f   stdunk:stdunk.obj
 0001:00001370       ?NonDelegatingQueryInterface@CUnknown@@UAGJABU_GUID@@PAPAX@Z 00011650 f   stdunk:stdunk.obj
 0001:000013e0       _IsEqualGUIDAligned@8      000116c0 f i stdunk:stdunk.obj
 0002:00000000       __imp_@KfAcquireSpinLock@4 00011740     hal:HAL.dll
 0002:00000004       __imp_@KfReleaseSpinLock@8 00011744     hal:HAL.dll
 0002:00000008       __imp__KeStallExecutionProcessor@4 00011748     hal:HAL.dll
 0002:0000000c       \177HAL_NULL_THUNK_DATA    0001174c     hal:HAL.dll
 0002:00000010       __imp__DbgPrint            00011750     ntoskrnl:ntoskrnl.exe
 0002:00000014       __imp__KeInitializeSpinLock@4 00011754     ntoskrnl:ntoskrnl.exe
 0002:00000018       __imp__MmUnmapIoSpace@8    00011758     ntoskrnl:ntoskrnl.exe
 0002:0000001c       __imp__READ_REGISTER_ULONG@4 0001175c     ntoskrnl:ntoskrnl.exe
 0002:00000020       __imp__WRITE_REGISTER_ULONG@8 00011760     ntoskrnl:ntoskrnl.exe
 0002:00000024       __imp__RtlInitUnicodeString@8 00011764     ntoskrnl:ntoskrnl.exe
 0002:00000028       __imp__READ_REGISTER_UCHAR@4 00011768     ntoskrnl:ntoskrnl.exe
 0002:0000002c       __imp__IoGetDmaAdapter@12  0001176c     ntoskrnl:ntoskrnl.exe
 0002:00000030       __imp__MmMapIoSpace@16     00011770     ntoskrnl:ntoskrnl.exe
 0002:00000034       __imp__WRITE_REGISTER_USHORT@8 00011774     ntoskrnl:ntoskrnl.exe
 0002:00000038       __imp__KeInitializeMutex@8 00011778     ntoskrnl:ntoskrnl.exe
 0002:0000003c       __imp__KeReleaseMutex@8    0001177c     ntoskrnl:ntoskrnl.exe
 0002:00000040       __imp__KeWaitForSingleObject@20 00011780     ntoskrnl:ntoskrnl.exe
 0002:00000044       __imp___alldiv             00011784     ntoskrnl:ntoskrnl.exe
 0002:00000048       __imp___allmul             00011788     ntoskrnl:ntoskrnl.exe
 0002:0000004c       __imp__ExFreePool@4        0001178c     ntoskrnl:ntoskrnl.exe
 0002:00000050       __imp__ExAllocatePoolWithTag@12 00011790     ntoskrnl:ntoskrnl.exe
 0002:00000054       __imp__READ_REGISTER_USHORT@4 00011794     ntoskrnl:ntoskrnl.exe
 0002:00000058       __imp__WRITE_REGISTER_UCHAR@8 00011798     ntoskrnl:ntoskrnl.exe
 0002:0000005c       __imp__RtlAssert@16        0001179c     ntoskrnl:ntoskrnl.exe
 0002:00000060       __imp_@InterlockedIncrement@4 000117a0     ntoskrnl:ntoskrnl.exe
 0002:00000064       __imp_@InterlockedDecrement@4 000117a4     ntoskrnl:ntoskrnl.exe
 0002:00000068       \177ntoskrnl_NULL_THUNK_DATA 000117a8     ntoskrnl:ntoskrnl.exe
 0002:0000006c       __imp__PcRegisterSubdevice@12 000117ac     portcls:portcls.sys
 0002:00000070       __imp__PcNewPort@8         000117b0     portcls:portcls.sys
 0002:00000074       __imp__PcRegisterPhysicalConnection@20 000117b4     portcls:portcls.sys
 0002:00000078       __imp__PcAddAdapterDevice@20 000117b8     portcls:portcls.sys
 0002:0000007c       __imp__PcNewMiniport@8     000117bc     portcls:portcls.sys
 0002:00000080       __imp__PcNewInterruptSync@20 000117c0     portcls:portcls.sys
 0002:00000084       __imp__PcNewRegistryKey@36 000117c4     portcls:portcls.sys
 0002:00000088       __imp__PcNewServiceGroup@8 000117c8     portcls:portcls.sys
 0002:0000008c       __imp__PcRegisterAdapterPowerManagement@8 000117cc     portcls:portcls.sys
 0002:00000090       __imp__PcInitializeAdapterDriver@12 000117d0     portcls:portcls.sys
 0002:00000094       __imp__PcNewResourceSublist@20 000117d4     portcls:portcls.sys
 0002:00000098       \177portcls_NULL_THUNK_DATA 000117d8     portcls:portcls.sys
 0002:000000f8       _IID_IAdapterCommon        00011838     adapter.obj
 0002:00000108       _CLSID_MiniportDriverFmSynth 00011848     adapter.obj
 0002:00000118       _CLSID_PortWaveCyclic      00011858     adapter.obj
 0002:00000128       _CLSID_PortTopology        00011868     adapter.obj
 0002:00000138       _CLSID_PortMidi            00011878     adapter.obj
 0002:00000148       _IID_IAdapterPowerManagment 00011888     adapter.obj
 0002:00000158       _IID_IMiniportWaveCyclicStream 00011898     adapter.obj
 0002:00000168       _IID_IMiniportWaveCyclic   000118a8     adapter.obj
 0002:00000178       _IID_IPortWaveCyclic       000118b8     adapter.obj
 0002:00000188       _IID_IMiniportTopology     000118c8     adapter.obj
 0002:00000198       _IID_IMiniport             000118d8     adapter.obj
 0002:000001a8       _IID_IUnknown              000118e8     adapter.obj
 0002:000001b8       ??_C@_1BE@ENEK@?$AAR?$AAi?$AAg?$AAh?$AAt?$AAB?$AAa?$AAs?$AAs?$AA?$AA@ 000118f8     common.obj
 0002:000001cc       ??_C@_1BC@JMJO@?$AAL?$AAe?$AAf?$AAt?$AAB?$AAa?$AAs?$AAs?$AA?$AA@ 0001190c     common.obj
 0002:000001e0       ??_C@_1BI@KGAJ@?$AAR?$AAi?$AAg?$AAh?$AAt?$AAT?$AAr?$AAe?$AAb?$AAl?$AAe?$AA?$AA@ 00011920     common.obj
 0002:000001f8       ??_C@_1BG@BGGD@?$AAL?$AAe?$AAf?$AAt?$AAT?$AAr?$AAe?$AAb?$AAl?$AAe?$AA?$AA@ 00011938     common.obj
 0002:00000210       ??_C@_1O@IECC@?$AAM?$AAi?$AAc?$AAA?$AAG?$AAC?$AA?$AA@ 00011950     common.obj
 0002:00000220       ??_C@_1CA@EJHI@?$AAR?$AAi?$AAg?$AAh?$AAt?$AAO?$AAu?$AAt?$AAp?$AAu?$AAt?$AAG?$AAa?$AAi?$AAn?$AA?$AA@ 00011960     common.obj
 0002:00000240       ??_C@_1BO@PPLI@?$AAL?$AAe?$AAf?$AAt?$AAO?$AAu?$AAt?$AAp?$AAu?$AAt?$AAG?$AAa?$AAi?$AAn?$AA?$AA@ 00011980     common.obj
 0002:00000260       ??_C@_1BO@PMCJ@?$AAR?$AAi?$AAg?$AAh?$AAt?$AAI?$AAn?$AAp?$AAu?$AAt?$AAG?$AAa?$AAi?$AAn?$AA?$AA@ 000119a0     common.obj
 0002:00000280       ??_C@_1BM@CFEM@?$AAL?$AAe?$AAf?$AAt?$AAI?$AAn?$AAp?$AAu?$AAt?$AAG?$AAa?$AAi?$AAn?$AA?$AA@ 000119c0     common.obj
 0002:0000029c       ??_C@_1CA@CIKM@?$AAR?$AAi?$AAg?$AAh?$AAt?$AAI?$AAn?$AAp?$AAu?$AAt?$AAM?$AAi?$AAx?$AAe?$AAr?$AA?$AA@ 000119dc     common.obj
 0002:000002bc       ??_C@_1BO@JOGM@?$AAL?$AAe?$AAf?$AAt?$AAI?$AAn?$AAp?$AAu?$AAt?$AAM?$AAi?$AAx?$AAe?$AAr?$AA?$AA@ 000119fc     common.obj
 0002:000002dc       ??_C@_1BI@BMOJ@?$AAO?$AAu?$AAt?$AAp?$AAu?$AAt?$AAM?$AAi?$AAx?$AAe?$AAr?$AA?$AA@ 00011a1c     common.obj
 0002:000002f4       ??_C@_1BE@GLOL@?$AAP?$AAc?$AAS?$AAp?$AAk?$AAr?$AAV?$AAo?$AAl?$AA?$AA@ 00011a34     common.obj
 0002:00000308       ??_C@_1O@MNBB@?$AAM?$AAi?$AAc?$AAV?$AAo?$AAl?$AA?$AA@ 00011a48     common.obj
 0002:00000318       ??_C@_1BO@HCKE@?$AAR?$AAi?$AAg?$AAh?$AAt?$AAL?$AAi?$AAn?$AAe?$AAI?$AAn?$AAV?$AAo?$AAl?$AA?$AA@ 00011a58     common.obj
 0002:00000338       ??_C@_1BM@KLMB@?$AAL?$AAe?$AAf?$AAt?$AAL?$AAi?$AAn?$AAe?$AAI?$AAn?$AAV?$AAo?$AAl?$AA?$AA@ 00011a78     common.obj
 0002:00000354       ??_C@_1BG@COJL@?$AAR?$AAi?$AAg?$AAh?$AAt?$AAC?$AAD?$AAV?$AAo?$AAl?$AA?$AA@ 00011a94     common.obj
 0002:0000036c       ??_C@_1BE@KMKA@?$AAL?$AAe?$AAf?$AAt?$AAC?$AAD?$AAV?$AAo?$AAl?$AA?$AA@ 00011aac     common.obj
 0002:00000380       ??_C@_1BK@JCIM@?$AAR?$AAi?$AAg?$AAh?$AAt?$AAM?$AAi?$AAd?$AAi?$AAV?$AAo?$AAl?$AA?$AA@ 00011ac0     common.obj
 0002:0000039c       ??_C@_1BI@KBIJ@?$AAL?$AAe?$AAf?$AAt?$AAM?$AAi?$AAd?$AAi?$AAV?$AAo?$AAl?$AA?$AA@ 00011adc     common.obj
 0002:000003b4       ??_C@_1BK@MFCG@?$AAR?$AAi?$AAg?$AAh?$AAt?$AAW?$AAa?$AAv?$AAe?$AAV?$AAo?$AAl?$AA?$AA@ 00011af4     common.obj
 0002:000003d0       ??_C@_1BI@PGCD@?$AAL?$AAe?$AAf?$AAt?$AAW?$AAa?$AAv?$AAe?$AAV?$AAo?$AAl?$AA?$AA@ 00011b10     common.obj
 0002:000003e8       ??_C@_1BO@NHA@?$AAR?$AAi?$AAg?$AAh?$AAt?$AAM?$AAa?$AAs?$AAt?$AAe?$AAr?$AAV?$AAo?$AAl?$AA?$AA@ 00011b28     common.obj
 0002:00000408       ??_C@_1BM@NEBF@?$AAL?$AAe?$AAf?$AAt?$AAM?$AAa?$AAs?$AAt?$AAe?$AAr?$AAV?$AAo?$AAl?$AA?$AA@ 00011b48     common.obj
 0002:00000424       ??_7CAdapterCommon@@6BIAdapterPowerManagement@@@ 00011b64     common.obj
 0002:0000043c       ??_7CAdapterCommon@@6BIAdapterCommon@@@ 00011b7c     common.obj
 0002:00000490       ??_7CAdapterCommon@@6BCUnknown@@@ 00011bd0     common.obj
 0002:00000568       ??_7CMiniportTopologyHDA@@6BIMiniportTopology@@@ 00011ca8     mintopo.obj
 0002:00000580       ??_7CMiniportTopologyHDA@@6BCUnknown@@@ 00011cc0     mintopo.obj
 0002:00000590       ??_7CMiniportWaveCyclicHDA@@6BIMiniportWaveCyclic@@@ 00011cd0     minwave.obj
 0002:000005ac       ??_7CMiniportWaveCyclicHDA@@6BCUnknown@@@ 00011cec     minwave.obj
 0002:000005bc       ??_7CMiniportWaveCyclicStreamHDA@@6BIMiniportWaveCyclicStream@@@ 00011cfc     minwave.obj
 0002:000005e0       ??_7CMiniportWaveCyclicStreamHDA@@6BCUnknown@@@ 00011d20     minwave.obj
 0002:000005f0       ??_7CUnknown@@6B@          00011d30     stdunk:stdunk.obj
 0002:00000600       ??_C@_0BB@CHNF@m_lRefCount?5?$DO?$DN?50?$AA@ 00011d40     stdunk:stdunk.obj
 0002:00000614       ??_C@_0N@DIKJ@?4?2stdunk?4cpp?$AA@ 00011d54     stdunk:stdunk.obj
 0002:00000624       ??_C@_0BA@HPDB@m_lRefCount?5?$DO?50?$AA@ 00011d64     stdunk:stdunk.obj
 0002:00000634       ??_C@_06DPDC@ppVoid?$AA@   00011d74     stdunk:stdunk.obj
 0003:00000000       __GUID_b7902fe9_fb0a_11d1_81b0_0060083316c1 00011d80     adapter.obj
 0003:00000010       __GUID_d3f0ce1c_fffc_11d1_81b0_0060083316c1 00011d90     adapter.obj
 0003:00000020       __GUID_c096df9c_fb09_11d1_81b0_0060083316c1 00011da0     adapter.obj
 0003:000000f0       ?audBufSize@@3KA           00011e70     common.obj
 0003:000000f4       ?BdlSize@@3KA              00011e74     common.obj
 0003:000007f0       __GUID_185fedf6_9905_11d1_95a9_00c04fb925d3 00012570     mintopo.obj
 0003:00000800       __GUID_185fedef_9905_11d1_95a9_00c04fb925d3 00012580     mintopo.obj
 0003:00000810       __GUID_185fede1_9905_11d1_95a9_00c04fb925d3 00012590     mintopo.obj
 0003:00000820       __GUID_185fede0_9905_11d1_95a9_00c04fb925d3 000125a0     mintopo.obj
 0003:00000830       __GUID_7607e580_c557_11d0_8a2b_00a0c9255ac1 000125b0     mintopo.obj
 0003:00000840       __GUID_185fede3_9905_11d1_95a9_00c04fb925d3 000125c0     mintopo.obj
 0003:00000850       __GUID_da441a60_c556_11d0_8a2b_00a0c9255ac1 000125d0     mintopo.obj
 0003:00000860       __GUID_185fedee_9905_11d1_95a9_00c04fb925d3 000125e0     mintopo.obj
 0003:00000870       __GUID_02b223c0_c557_11d0_8a2b_00a0c9255ac1 000125f0     mintopo.obj
 0003:00000880       __GUID_185feded_9905_11d1_95a9_00c04fb925d3 00012600     mintopo.obj
 0003:00000890       __GUID_e88c9ba0_c557_11d0_8a2b_00a0c9255ac1 00012610     mintopo.obj
 0003:000008a0       __GUID_185fedec_9905_11d1_95a9_00c04fb925d3 00012620     mintopo.obj
 0003:000008b0       __GUID_185fedeb_9905_11d1_95a9_00c04fb925d3 00012630     mintopo.obj
 0003:000008c0       __GUID_185fedea_9905_11d1_95a9_00c04fb925d3 00012640     mintopo.obj
 0003:000008d0       __GUID_185fede9_9905_11d1_95a9_00c04fb925d3 00012650     mintopo.obj
 0003:000008e0       __GUID_185fede8_9905_11d1_95a9_00c04fb925d3 00012660     mintopo.obj
 0003:000008f0       __GUID_e573adc0_c555_11d0_8a2b_00a0c9255ac1 00012670     mintopo.obj
 0003:00000900       __GUID_185fede7_9905_11d1_95a9_00c04fb925d3 00012680     mintopo.obj
 0003:00000910       __GUID_185fede5_9905_11d1_95a9_00c04fb925d3 00012690     mintopo.obj
 0003:00000920       __GUID_3a5acc00_c557_11d0_8a2b_00a0c9255ac1 000126a0     mintopo.obj
 0003:00000930       __GUID_45ffaaa0_6e1b_11d0_bcf2_444553540000 000126b0     mintopo.obj
 0003:00000940       __GUID_6994ad04_93ef_11d0_a3cc_00a0c9223196 000126c0     mintopo.obj
 0003:00000950       __GUID_185fedf7_9905_11d1_95a9_00c04fb925d3 000126d0     mintopo.obj
 0003:00000960       __GUID_dff21ce1_f70f_11d0_b917_00a0c9223196 000126e0     mintopo.obj
 0003:00000970       __GUID_dff21be1_f70f_11d0_b917_00a0c9223196 000126f0     mintopo.obj
 0003:00000980       __GUID_185fedf9_9905_11d1_95a9_00c04fb925d3 00012700     mintopo.obj
 0003:00000990       __GUID_dff21fe3_f70f_11d0_b917_00a0c9223196 00012710     mintopo.obj
 0003:000009a0       __GUID_185fedfb_9905_11d1_95a9_00c04fb925d3 00012720     mintopo.obj
 0003:000009b0       __GUID_dff220e3_f70f_11d0_b917_00a0c9223196 00012730     mintopo.obj
 0003:000009c0       __GUID_185fedf8_9905_11d1_95a9_00c04fb925d3 00012740     mintopo.obj
 0003:000009d0       __GUID_dff220f3_f70f_11d0_b917_00a0c9223196 00012750     mintopo.obj
 0003:000009e0       __GUID_dff21fe4_f70f_11d0_b917_00a0c9223196 00012760     mintopo.obj
 0003:000009f0       __GUID_97e99ba0_bdea_11cf_a5d6_28db04c10000 00012770     mintopo.obj
 0003:00000c38       __GUID_507ae360_c554_11d0_8a2b_00a0c9255ac1 000129b8     minwave.obj
 0003:00000c48       __GUID_4d837fe0_c555_11d0_8a2b_00a0c9255ac1 000129c8     minwave.obj
 0003:00000c58       __GUID_185fedfa_9905_11d1_95a9_00c04fb925d3 000129d8     minwave.obj
 0003:00000c68       __GUID_fb6c4281_0353_11d1_905f_0000c0cc16ba 000129e8     minwave.obj
 0003:00000c78       __GUID_05589f81_c356_11ce_bf01_00aa0055595a 000129f8     minwave.obj
 0003:00000c88       __GUID_00000001_0000_0010_8000_00aa00389b71 00012a08     minwave.obj
 0003:00000c98       __GUID_73647561_0000_0010_8000_00aa00389b71 00012a18     minwave.obj
 0003:00000ca8       __GUID_0f6417d6_c318_11d0_a43f_00a0c9223196 00012a28     minwave.obj
 0003:00000cb8       __GUID_518590a2_a184_11d0_8522_00c04fd9baf3 00012a38     minwave.obj
 0003:00000cc8       __GUID_00000000_0000_0000_0000_000000000000 00012a48     adapter.obj
 0004:00000000       _AddDevice@8               00012a60 f   adapter.obj
 0004:0000001a       ?InstallSubdevice@@YGJPAU_DEVICE_OBJECT@@PAU_IRP@@PAGABU_GUID@@3P6GJPAPAUIUnknown@@3PAU4@W4_POOL_TYPE@@@Z5PAUIResourceList@@344@Z 00012a7a f   adapter.obj
 0004:00000120       ?StartDevice@@YGJPAU_DEVICE_OBJECT@@PAU_IRP@@PAUIResourceList@@@Z 00012b80 f   adapter.obj
 0004:0000036e       ?AssignResources@@YGJPAUIResourceList@@PAPAU1@11111@Z 00012dce f   adapter.obj
 0004:00000624       ?NewAdapterCommon@@YGJPAPAUIUnknown@@ABU_GUID@@PAU1@W4_POOL_TYPE@@@Z 00013084 f   common.obj
 0004:00000779       ?Init@CAdapterCommon@@UAGJPAUIResourceList@@PAU_DEVICE_OBJECT@@@Z 000131d9 f   common.obj
 0004:00000ac4       ??1CAdapterCommon@@UAE@XZ  00013524 f   common.obj
 0004:00000c1a       ?NonDelegatingQueryInterface@CAdapterCommon@@UAGJABU_GUID@@PAPAX@Z 0001367a f   common.obj
 0004:00000cda       ?WavePortDriverDest@CAdapterCommon@@UAGPAPAUIUnknown@@XZ 0001373a f   common.obj
 0004:00000ce6       ?GetInterruptSync@CAdapterCommon@@UAGPAUIInterruptSync@@XZ 00013746 f   common.obj
 0004:00000cf4       ?MidiPortDriverDest@CAdapterCommon@@UAGPAPAUIUnknown@@XZ 00013754 f   common.obj
 0004:00000d00       ?SetWaveServiceGroup@CAdapterCommon@@UAGXPAUIServiceGroup@@@Z 00013760 f   common.obj
 0004:00000d30       ?InitHDA@CAdapterCommon@@QAGJXZ 00013790 f   common.obj
 0004:00001062       ?InitializeCodec@CAdapterCommon@@QAGJE@Z 00013ac2 f   common.obj
 0004:00001353       ?hda_initialize_audio_function_group@CAdapterCommon@@QAGXKK@Z 00013db3 f   common.obj
 0004:00001832       ?hda_get_node_type@CAdapterCommon@@QAGEKK@Z 00014292 f   common.obj
 0004:00001854       ?hda_get_node_connection_entries@CAdapterCommon@@QAGKKKK@Z 000142b4 f   common.obj
 0004:000018da       ?hda_set_node_gain@CAdapterCommon@@QAGXKKKKK@Z 0001433a f   common.obj
 0004:00001948       ?hda_enable_pin_output@CAdapterCommon@@QAGXKK@Z 000143a8 f   common.obj
 0004:0000197a       ?hda_disable_pin_output@CAdapterCommon@@QAGXKK@Z 000143da f   common.obj
 0004:000019ac       ?hda_is_headphone_connected@CAdapterCommon@@QAGHXZ 0001440c f   common.obj
 0004:000019e8       ?hda_initialize_output_pin@CAdapterCommon@@QAGXK@Z 00014448 f   common.obj
 0004:00001b42       ?hda_initalize_audio_output@CAdapterCommon@@QAGXK@Z 000145a2 f   common.obj
 0004:00001c4e       ?hda_initalize_audio_mixer@CAdapterCommon@@QAGXK@Z 000146ae f   common.obj
 0004:00001d2c       ?hda_initalize_audio_selector@CAdapterCommon@@QAGXK@Z 0001478c f   common.obj
 0004:00001e36       ?CreateMiniportTopologyHDA@@YGJPAPAUIUnknown@@ABU_GUID@@PAU1@W4_POOL_TYPE@@@Z 00014896 f   mintopo.obj
 0004:00001e96       ?ProcessResources@CMiniportTopologyHDA@@AAEJPAUIResourceList@@@Z 000148f6 f   mintopo.obj
 0004:00001eba       ?NonDelegatingQueryInterface@CMiniportTopologyHDA@@UAGJABU_GUID@@PAPAX@Z 0001491a f   mintopo.obj
 0004:00001f68       ??1CMiniportTopologyHDA@@UAE@XZ 000149c8 f   mintopo.obj
 0004:00001fac       ?Init@CMiniportTopologyHDA@@UAGJPAUIUnknown@@PAUIResourceList@@PAUIPortTopology@@@Z 00014a0c f   mintopo.obj
 0004:0000200e       ?GetDescription@CMiniportTopologyHDA@@UAGJPAPAUPCFILTER_DESCRIPTOR@@@Z 00014a6e f   mintopo.obj
 0004:00002832       ?CreateMiniportWaveCyclicHDA@@YGJPAPAUIUnknown@@ABU_GUID@@PAU1@W4_POOL_TYPE@@@Z 00015292 f   minwave.obj
 0004:00002892       ?ProcessResources@CMiniportWaveCyclicHDA@@AAEJPAUIResourceList@@@Z 000152f2 f   minwave.obj
 0004:00002938       ?ValidateFormat@CMiniportWaveCyclicHDA@@AAEJPATKSDATAFORMAT@@@Z 00015398 f   minwave.obj
 0004:00002a12       ?NonDelegatingQueryInterface@CMiniportWaveCyclicHDA@@UAGJABU_GUID@@PAPAX@Z 00015472 f   minwave.obj
 0004:00002ac0       ??1CMiniportWaveCyclicHDA@@UAE@XZ 00015520 f   minwave.obj
 0004:00002b14       ?Init@CMiniportWaveCyclicHDA@@UAGJPAUIUnknown@@PAUIResourceList@@PAUIPortWaveCyclic@@@Z 00015574 f   minwave.obj
 0004:00002bbc       ?GetDescription@CMiniportWaveCyclicHDA@@UAGJPAPAUPCFILTER_DESCRIPTOR@@@Z 0001561c f   minwave.obj
 0004:00002bcc       ?DataRangeIntersection@CMiniportWaveCyclicHDA@@UAGJKPATKSDATAFORMAT@@0KPAXPAK@Z 0001562c f   minwave.obj
 0004:00002e22       ?NewStream@CMiniportWaveCyclicHDA@@UAGJPAPAUIMiniportWaveCyclicStream@@PAUIUnknown@@W4_POOL_TYPE@@KEPATKSDATAFORMAT@@PAPAUIDmaChannel@@PAPAUIServiceGroup@@@Z 00015882 f   minwave.obj
 0004:00002f62       ?NonDelegatingQueryInterface@CMiniportWaveCyclicStreamHDA@@UAGJABU_GUID@@PAPAX@Z 000159c2 f   minwave.obj
 0004:00002fea       ??1CMiniportWaveCyclicStreamHDA@@UAE@XZ 00015a4a f   minwave.obj
 0004:00003054       ?Init@CMiniportWaveCyclicStreamHDA@@QAEJPAVCMiniportWaveCyclicHDA@@KEPATKSDATAFORMAT@@PAUIDmaChannel@@@Z 00015ab4 f   minwave.obj
 0004:000030da       ?SetNotificationFreq@CMiniportWaveCyclicStreamHDA@@UAGKKPAK@Z 00015b3a f   minwave.obj
 0004:0000311a       ?SetFormat@CMiniportWaveCyclicStreamHDA@@UAGJPATKSDATAFORMAT@@@Z 00015b7a f   minwave.obj
 0004:000031d4       ?SetState@CMiniportWaveCyclicStreamHDA@@UAGJW4KSSTATE@@@Z 00015c34 f   minwave.obj
 0005:00000000       _DriverEntry@8             00015c80 f   adapter.obj
 0005:00000018       __IMPORT_DESCRIPTOR_ntoskrnl 00015c98     ntoskrnl:ntoskrnl.exe
 0005:0000002c       __IMPORT_DESCRIPTOR_HAL    00015cac     hal:HAL.dll
 0005:00000040       __IMPORT_DESCRIPTOR_portcls 00015cc0     portcls:portcls.sys
 0005:00000054       __NULL_IMPORT_DESCRIPTOR   00015cd4     ntoskrnl:ntoskrnl.exe

 entry point at        0005:00000000

 Static symbols

 0004:0000201e       ?PropertyHandler_OnOff@@YGJPAU_PCPROPERTY_REQUEST@@@Z 00014a7e f   mintopo.obj
 0004:000021bc       ?PropertyHandler_SuperMixCaps@@YGJPAU_PCPROPERTY_REQUEST@@@Z 00014c1c f   mintopo.obj
 0004:00002396       ?PropertyHandler_SuperMixTable@@YGJPAU_PCPROPERTY_REQUEST@@@Z 00014df6 f   mintopo.obj
 0004:000026b2       ?PropertyHandler_CpuResources@@YGJPAU_PCPROPERTY_REQUEST@@@Z 00015112 f   mintopo.obj
 0001:00000c16       ?PropertyHandler_Level@@YGJPAU_PCPROPERTY_REQUEST@@@Z 00010ef6 f   mintopo.obj
 0004:0000273e       ?BasicSupportHandler@@YGJPAU_PCPROPERTY_REQUEST@@@Z 0001519e f   mintopo.obj

 115 bytes saved through ICF

