 HDA

 Timestamp is 68e94b3e (Fri Oct 10 11:06:54 2025)

 Preferred load address is 00010000

 Start         Length     Name                   Class
 0001:00000000 00000901H .text                   CODE
 0002:00000000 00000074H .idata$5                DATA
 0002:00000078 00000593H .rdata                  DATA
 0003:00000000 00000cf0H .data                   DATA
 0003:00000cf0 00000010H .bss                    DATA
 0004:00000000 000024daH PAGE                    CODE
 0005:00000000 00000015H INIT                    CODE
 0005:00000018 0000003cH .idata$2                CODE
 0005:00000054 00000014H .idata$3                CODE
 0005:00000068 00000074H .idata$4                CODE
 0005:000000dc 00000242H .idata$6                CODE
 0006:00000000 00000058H .rsrc$01                DATA
 0006:00000060 00000338H .rsrc$02                DATA

  Address         Publics by Value              Rva+Base     Lib:Object

 0001:00000000       ??3@YAXPAX@Z               000102e0 f i common.obj
 0001:0000000c       ?QueryInterface@CAdapterCommon@@UAGJABU_GUID@@PAPAX@Z 000102ec f i common.obj
 0001:00000024       ?AddRef@CAdapterCommon@@UAGKXZ 00010304 f i common.obj
 0001:00000034       ?Release@CAdapterCommon@@UAGKXZ 00010314 f i common.obj
 0001:00000044       ??_GCAdapterCommon@@UAEPAXI@Z 00010324 f i common.obj
 0001:00000044       ??_ECAdapterCommon@@UAEPAXI@Z 00010324 f i common.obj
 0001:00000064       ?ReadController@CAdapterCommon@@UAGEXZ 00010344 f   common.obj
 0001:000000c0       ?WriteController@CAdapterCommon@@UAGEE@Z 000103a0 f   common.obj
 0001:00000122       ?MixerRegWrite@CAdapterCommon@@UAGXEE@Z 00010402 f   common.obj
 0001:00000172       ?MixerRegRead@CAdapterCommon@@UAGEE@Z 00010452 f   common.obj
 0001:0000018e       ?MixerReset@CAdapterCommon@@UAGXXZ 0001046e f   common.obj
 0001:000001bc       ?AcknowledgeIRQ@CAdapterCommon@@AAEXXZ 0001049c f   common.obj
 0001:000001dc       ?ResetController@CAdapterCommon@@UAGJXZ 000104bc f   common.obj
 0001:0000023a       ?RestoreMixerSettingsFromRegistry@CAdapterCommon@@UAGJXZ 0001051a f   common.obj
 0001:00000396       ?SaveMixerSettingsToRegistry@CAdapterCommon@@UAGJXZ 00010676 f   common.obj
 0001:00000454       ?PowerChangeState@CAdapterCommon@@UAGXT_POWER_STATE@@@Z 00010734 f   common.obj
 0001:0000049e       ?QueryDeviceCapabilities@CAdapterCommon@@UAGJPAU_DEVICE_CAPABILITIES@@@Z 0001077e f   common.obj
 0001:0000049e       ?QueryPowerChangeState@CAdapterCommon@@UAGJT_POWER_STATE@@@Z 0001077e f   common.obj
 0001:000004a4       ?InterruptServiceRoutine@@YGJPAUIInterruptSync@@PAX@Z 00010784 f   common.obj
 0001:000004da       ?QueryInterface@CAdapterCommon@@W3AGJABU_GUID@@PAPAX@Z 000107ba f i common.obj
 0001:000004e4       ?AddRef@CAdapterCommon@@W3AGKXZ 000107c4 f i common.obj
 0001:000004ee       ?Release@CAdapterCommon@@W3AGKXZ 000107ce f i common.obj
 0001:000004f8       ?DataRangeIntersection@CMiniportTopologyHDA@@UAGJKPATKSDATAFORMAT@@0KPAXPAK@Z 000107d8 f i mintopo.obj
 0001:00000500       ??_GCMiniportTopologyHDA@@UAEPAXI@Z 000107e0 f i mintopo.obj
 0001:00000500       ??_ECMiniportTopologyHDA@@UAEPAXI@Z 000107e0 f i mintopo.obj
 0001:00000520       ?Release@CMiniportTopologyHDA@@UAGKXZ 00010800 f i minwave.obj
 0001:00000520       ?Release@CMiniportWaveCyclicStreamHDA@@UAGKXZ 00010800 f i minwave.obj
 0001:00000520       ?Release@CMiniportWaveCyclicHDA@@UAGKXZ 00010800 f i minwave.obj
 0001:00000530       ??_GCMiniportWaveCyclicHDA@@UAEPAXI@Z 00010810 f i minwave.obj
 0001:00000530       ??_ECMiniportWaveCyclicHDA@@UAEPAXI@Z 00010810 f i minwave.obj
 0001:00000550       ?QueryInterface@CMiniportWaveCyclicHDA@@UAGJABU_GUID@@PAPAX@Z 00010830 f i minwave.obj
 0001:00000550       ?QueryInterface@CMiniportTopologyHDA@@UAGJABU_GUID@@PAPAX@Z 00010830 f i minwave.obj
 0001:00000550       ?QueryInterface@CMiniportWaveCyclicStreamHDA@@UAGJABU_GUID@@PAPAX@Z 00010830 f i minwave.obj
 0001:00000568       ?AddRef@CMiniportTopologyHDA@@UAGKXZ 00010848 f i minwave.obj
 0001:00000568       ?AddRef@CMiniportWaveCyclicHDA@@UAGKXZ 00010848 f i minwave.obj
 0001:00000568       ?AddRef@CMiniportWaveCyclicStreamHDA@@UAGKXZ 00010848 f i minwave.obj
 0001:00000578       ??_ECMiniportWaveCyclicStreamHDA@@UAEPAXI@Z 00010858 f i minwave.obj
 0001:00000578       ??_GCMiniportWaveCyclicStreamHDA@@UAEPAXI@Z 00010858 f i minwave.obj
 0001:00000598       ?GetPosition@CMiniportWaveCyclicStreamHDA@@UAGJPAK@Z 00010878 f   minwave.obj
 0001:000005d8       ?NormalizePhysicalPosition@CMiniportWaveCyclicStreamHDA@@UAGJPA_J@Z 000108b8 f   minwave.obj
 0001:00000620       ?Silence@CMiniportWaveCyclicStreamHDA@@UAGXPAXK@Z 00010900 f   minwave.obj
 0001:0000065a       __alldiv                   0001093a f   ntoskrnl:ntoskrnl.exe
 0001:00000660       __allmul                   00010940 f   ntoskrnl:ntoskrnl.exe
 0001:00000666       _PcInitializeAdapterDriver@12 00010946 f   portcls:portcls.sys
 0001:0000066c       _PcAddAdapterDevice@20     0001094c f   portcls:portcls.sys
 0001:00000672       _PcRegisterSubdevice@12    00010952 f   portcls:portcls.sys
 0001:00000678       _PcNewMiniport@8           00010958 f   portcls:portcls.sys
 0001:0000067e       _PcNewPort@8               0001095e f   portcls:portcls.sys
 0001:00000684       _PcRegisterPhysicalConnection@20 00010964 f   portcls:portcls.sys
 0001:0000068a       _PcRegisterAdapterPowerManagement@8 0001096a f   portcls:portcls.sys
 0001:00000690       _PcNewResourceSublist@20   00010970 f   portcls:portcls.sys
 0001:00000696       _PcNewInterruptSync@20     00010976 f   portcls:portcls.sys
 0001:0000069c       _PcGetTimeInterval@8       0001097c f   portcls:portcls.sys
 0001:000006a2       _PcNewRegistryKey@36       00010982 f   portcls:portcls.sys
 0001:000006a8       _PcNewServiceGroup@8       00010988 f   portcls:portcls.sys
 0001:000006b0       ??0CUnknown@@QAE@PAUIUnknown@@@Z 00010990 f   stdunk:stdunk.obj
 0001:00000700       ??_ECUnknown@@UAEPAXI@Z    000109e0 f i stdunk:stdunk.obj
 0001:00000700       ??_GCUnknown@@UAEPAXI@Z    000109e0 f i stdunk:stdunk.obj
 0001:00000730       ??0INonDelegatingUnknown@@QAE@XZ 00010a10 f i stdunk:stdunk.obj
 0001:00000740       ??1CUnknown@@UAE@XZ        00010a20 f   stdunk:stdunk.obj
 0001:00000760       ?NonDelegatingAddRef@CUnknown@@UAGKXZ 00010a40 f   stdunk:stdunk.obj
 0001:000007a0       ?NonDelegatingRelease@CUnknown@@UAGKXZ 00010a80 f   stdunk:stdunk.obj
 0001:00000820       ?NonDelegatingQueryInterface@CUnknown@@UAGJABU_GUID@@PAPAX@Z 00010b00 f   stdunk:stdunk.obj
 0001:00000890       _IsEqualGUIDAligned@8      00010b70 f i stdunk:stdunk.obj
 0002:00000000       __imp__KeStallExecutionProcessor@4 00010c00     hal:HAL.dll
 0002:00000004       __imp__WRITE_PORT_UCHAR@8  00010c04     hal:HAL.dll
 0002:00000008       __imp__READ_PORT_UCHAR@4   00010c08     hal:HAL.dll
 0002:0000000c       \177HAL_NULL_THUNK_DATA    00010c0c     hal:HAL.dll
 0002:00000010       __imp__ExAllocatePoolWithTag@12 00010c10     ntoskrnl:ntoskrnl.exe
 0002:00000014       __imp__KeReleaseMutex@8    00010c14     ntoskrnl:ntoskrnl.exe
 0002:00000018       __imp___allmul             00010c18     ntoskrnl:ntoskrnl.exe
 0002:0000001c       __imp__KeInitializeMutex@8 00010c1c     ntoskrnl:ntoskrnl.exe
 0002:00000020       __imp__RtlInitUnicodeString@8 00010c20     ntoskrnl:ntoskrnl.exe
 0002:00000024       __imp__KeWaitForSingleObject@20 00010c24     ntoskrnl:ntoskrnl.exe
 0002:00000028       __imp___alldiv             00010c28     ntoskrnl:ntoskrnl.exe
 0002:0000002c       __imp__ExFreePool@4        00010c2c     ntoskrnl:ntoskrnl.exe
 0002:00000030       __imp_@InterlockedDecrement@4 00010c30     ntoskrnl:ntoskrnl.exe
 0002:00000034       __imp_@InterlockedIncrement@4 00010c34     ntoskrnl:ntoskrnl.exe
 0002:00000038       __imp__RtlAssert@16        00010c38     ntoskrnl:ntoskrnl.exe
 0002:0000003c       \177ntoskrnl_NULL_THUNK_DATA 00010c3c     ntoskrnl:ntoskrnl.exe
 0002:00000040       __imp__PcNewPort@8         00010c40     portcls:portcls.sys
 0002:00000044       __imp__PcRegisterPhysicalConnection@20 00010c44     portcls:portcls.sys
 0002:00000048       __imp__PcNewMiniport@8     00010c48     portcls:portcls.sys
 0002:0000004c       __imp__PcRegisterSubdevice@12 00010c4c     portcls:portcls.sys
 0002:00000050       __imp__PcRegisterAdapterPowerManagement@8 00010c50     portcls:portcls.sys
 0002:00000054       __imp__PcNewInterruptSync@20 00010c54     portcls:portcls.sys
 0002:00000058       __imp__PcGetTimeInterval@8 00010c58     portcls:portcls.sys
 0002:0000005c       __imp__PcNewRegistryKey@36 00010c5c     portcls:portcls.sys
 0002:00000060       __imp__PcNewServiceGroup@8 00010c60     portcls:portcls.sys
 0002:00000064       __imp__PcInitializeAdapterDriver@12 00010c64     portcls:portcls.sys
 0002:00000068       __imp__PcNewResourceSublist@20 00010c68     portcls:portcls.sys
 0002:0000006c       __imp__PcAddAdapterDevice@20 00010c6c     portcls:portcls.sys
 0002:00000070       \177portcls_NULL_THUNK_DATA 00010c70     portcls:portcls.sys
 0002:000000d8       _IID_IAdapterCommon        00010cd8     adapter.obj
 0002:000000e8       _CLSID_MiniportDriverFmSynth 00010ce8     adapter.obj
 0002:000000f8       _CLSID_PortWaveCyclic      00010cf8     adapter.obj
 0002:00000108       _CLSID_PortTopology        00010d08     adapter.obj
 0002:00000118       _CLSID_PortMidi            00010d18     adapter.obj
 0002:00000128       _IID_IAdapterPowerManagment 00010d28     adapter.obj
 0002:00000138       _IID_IMiniportWaveCyclicStream 00010d38     adapter.obj
 0002:00000148       _IID_IMiniportWaveCyclic   00010d48     adapter.obj
 0002:00000158       _IID_IPortWaveCyclic       00010d58     adapter.obj
 0002:00000168       _IID_IMiniportTopology     00010d68     adapter.obj
 0002:00000178       _IID_IMiniport             00010d78     adapter.obj
 0002:00000188       _IID_IUnknown              00010d88     adapter.obj
 0002:00000198       ??_C@_1BE@ENEK@?$AAR?$AAi?$AAg?$AAh?$AAt?$AAB?$AAa?$AAs?$AAs?$AA?$AA@ 00010d98     common.obj
 0002:000001ac       ??_C@_1BC@JMJO@?$AAL?$AAe?$AAf?$AAt?$AAB?$AAa?$AAs?$AAs?$AA?$AA@ 00010dac     common.obj
 0002:000001c0       ??_C@_1BI@KGAJ@?$AAR?$AAi?$AAg?$AAh?$AAt?$AAT?$AAr?$AAe?$AAb?$AAl?$AAe?$AA?$AA@ 00010dc0     common.obj
 0002:000001d8       ??_C@_1BG@BGGD@?$AAL?$AAe?$AAf?$AAt?$AAT?$AAr?$AAe?$AAb?$AAl?$AAe?$AA?$AA@ 00010dd8     common.obj
 0002:000001f0       ??_C@_1O@IECC@?$AAM?$AAi?$AAc?$AAA?$AAG?$AAC?$AA?$AA@ 00010df0     common.obj
 0002:00000200       ??_C@_1CA@EJHI@?$AAR?$AAi?$AAg?$AAh?$AAt?$AAO?$AAu?$AAt?$AAp?$AAu?$AAt?$AAG?$AAa?$AAi?$AAn?$AA?$AA@ 00010e00     common.obj
 0002:00000220       ??_C@_1BO@PPLI@?$AAL?$AAe?$AAf?$AAt?$AAO?$AAu?$AAt?$AAp?$AAu?$AAt?$AAG?$AAa?$AAi?$AAn?$AA?$AA@ 00010e20     common.obj
 0002:00000240       ??_C@_1BO@PMCJ@?$AAR?$AAi?$AAg?$AAh?$AAt?$AAI?$AAn?$AAp?$AAu?$AAt?$AAG?$AAa?$AAi?$AAn?$AA?$AA@ 00010e40     common.obj
 0002:00000260       ??_C@_1BM@CFEM@?$AAL?$AAe?$AAf?$AAt?$AAI?$AAn?$AAp?$AAu?$AAt?$AAG?$AAa?$AAi?$AAn?$AA?$AA@ 00010e60     common.obj
 0002:0000027c       ??_C@_1CA@CIKM@?$AAR?$AAi?$AAg?$AAh?$AAt?$AAI?$AAn?$AAp?$AAu?$AAt?$AAM?$AAi?$AAx?$AAe?$AAr?$AA?$AA@ 00010e7c     common.obj
 0002:0000029c       ??_C@_1BO@JOGM@?$AAL?$AAe?$AAf?$AAt?$AAI?$AAn?$AAp?$AAu?$AAt?$AAM?$AAi?$AAx?$AAe?$AAr?$AA?$AA@ 00010e9c     common.obj
 0002:000002bc       ??_C@_1BI@BMOJ@?$AAO?$AAu?$AAt?$AAp?$AAu?$AAt?$AAM?$AAi?$AAx?$AAe?$AAr?$AA?$AA@ 00010ebc     common.obj
 0002:000002d4       ??_C@_1BE@GLOL@?$AAP?$AAc?$AAS?$AAp?$AAk?$AAr?$AAV?$AAo?$AAl?$AA?$AA@ 00010ed4     common.obj
 0002:000002e8       ??_C@_1O@MNBB@?$AAM?$AAi?$AAc?$AAV?$AAo?$AAl?$AA?$AA@ 00010ee8     common.obj
 0002:000002f8       ??_C@_1BO@HCKE@?$AAR?$AAi?$AAg?$AAh?$AAt?$AAL?$AAi?$AAn?$AAe?$AAI?$AAn?$AAV?$AAo?$AAl?$AA?$AA@ 00010ef8     common.obj
 0002:00000318       ??_C@_1BM@KLMB@?$AAL?$AAe?$AAf?$AAt?$AAL?$AAi?$AAn?$AAe?$AAI?$AAn?$AAV?$AAo?$AAl?$AA?$AA@ 00010f18     common.obj
 0002:00000334       ??_C@_1BG@COJL@?$AAR?$AAi?$AAg?$AAh?$AAt?$AAC?$AAD?$AAV?$AAo?$AAl?$AA?$AA@ 00010f34     common.obj
 0002:0000034c       ??_C@_1BE@KMKA@?$AAL?$AAe?$AAf?$AAt?$AAC?$AAD?$AAV?$AAo?$AAl?$AA?$AA@ 00010f4c     common.obj
 0002:00000360       ??_C@_1BK@JCIM@?$AAR?$AAi?$AAg?$AAh?$AAt?$AAM?$AAi?$AAd?$AAi?$AAV?$AAo?$AAl?$AA?$AA@ 00010f60     common.obj
 0002:0000037c       ??_C@_1BI@KBIJ@?$AAL?$AAe?$AAf?$AAt?$AAM?$AAi?$AAd?$AAi?$AAV?$AAo?$AAl?$AA?$AA@ 00010f7c     common.obj
 0002:00000394       ??_C@_1BK@MFCG@?$AAR?$AAi?$AAg?$AAh?$AAt?$AAW?$AAa?$AAv?$AAe?$AAV?$AAo?$AAl?$AA?$AA@ 00010f94     common.obj
 0002:000003b0       ??_C@_1BI@PGCD@?$AAL?$AAe?$AAf?$AAt?$AAW?$AAa?$AAv?$AAe?$AAV?$AAo?$AAl?$AA?$AA@ 00010fb0     common.obj
 0002:000003c8       ??_C@_1BO@NHA@?$AAR?$AAi?$AAg?$AAh?$AAt?$AAM?$AAa?$AAs?$AAt?$AAe?$AAr?$AAV?$AAo?$AAl?$AA?$AA@ 00010fc8     common.obj
 0002:000003e8       ??_C@_1BM@NEBF@?$AAL?$AAe?$AAf?$AAt?$AAM?$AAa?$AAs?$AAt?$AAe?$AAr?$AAV?$AAo?$AAl?$AA?$AA@ 00010fe8     common.obj
 0002:00000404       ??_7CAdapterCommon@@6BIAdapterPowerManagement@@@ 00011004     common.obj
 0002:0000041c       ??_7CAdapterCommon@@6BIAdapterCommon@@@ 0001101c     common.obj
 0002:0000045c       ??_7CAdapterCommon@@6BCUnknown@@@ 0001105c     common.obj
 0002:00000538       ??_7CMiniportTopologyHDA@@6BIMiniportTopology@@@ 00011138     mintopo.obj
 0002:00000550       ??_7CMiniportTopologyHDA@@6BCUnknown@@@ 00011150     mintopo.obj
 0002:00000560       ??_7CMiniportWaveCyclicHDA@@6BIMiniportWaveCyclic@@@ 00011160     minwave.obj
 0002:0000057c       ??_7CMiniportWaveCyclicHDA@@6BCUnknown@@@ 0001117c     minwave.obj
 0002:0000058c       ??_7CMiniportWaveCyclicStreamHDA@@6BIMiniportWaveCyclicStream@@@ 0001118c     minwave.obj
 0002:000005b0       ??_7CMiniportWaveCyclicStreamHDA@@6BCUnknown@@@ 000111b0     minwave.obj
 0002:000005c0       ??_7CUnknown@@6B@          000111c0     stdunk:stdunk.obj
 0002:000005d0       ??_C@_0BB@CHNF@m_lRefCount?5?$DO?$DN?50?$AA@ 000111d0     stdunk:stdunk.obj
 0002:000005e4       ??_C@_0N@DIKJ@?4?2stdunk?4cpp?$AA@ 000111e4     stdunk:stdunk.obj
 0002:000005f4       ??_C@_0BA@HPDB@m_lRefCount?5?$DO?50?$AA@ 000111f4     stdunk:stdunk.obj
 0002:00000604       ??_C@_06DPDC@ppVoid?$AA@   00011204     stdunk:stdunk.obj
 0003:00000000       __GUID_b7902fe9_fb0a_11d1_81b0_0060083316c1 00011220     adapter.obj
 0003:00000010       __GUID_d3f0ce1c_fffc_11d1_81b0_0060083316c1 00011230     adapter.obj
 0003:00000020       __GUID_c096df9c_fb09_11d1_81b0_0060083316c1 00011240     adapter.obj
 0003:000007e8       __GUID_185fedf6_9905_11d1_95a9_00c04fb925d3 00011a08     mintopo.obj
 0003:000007f8       __GUID_185fedef_9905_11d1_95a9_00c04fb925d3 00011a18     mintopo.obj
 0003:00000808       __GUID_185fede1_9905_11d1_95a9_00c04fb925d3 00011a28     mintopo.obj
 0003:00000818       __GUID_185fede0_9905_11d1_95a9_00c04fb925d3 00011a38     mintopo.obj
 0003:00000828       __GUID_7607e580_c557_11d0_8a2b_00a0c9255ac1 00011a48     mintopo.obj
 0003:00000838       __GUID_185fede3_9905_11d1_95a9_00c04fb925d3 00011a58     mintopo.obj
 0003:00000848       __GUID_da441a60_c556_11d0_8a2b_00a0c9255ac1 00011a68     mintopo.obj
 0003:00000858       __GUID_185fedee_9905_11d1_95a9_00c04fb925d3 00011a78     mintopo.obj
 0003:00000868       __GUID_02b223c0_c557_11d0_8a2b_00a0c9255ac1 00011a88     mintopo.obj
 0003:00000878       __GUID_185feded_9905_11d1_95a9_00c04fb925d3 00011a98     mintopo.obj
 0003:00000888       __GUID_e88c9ba0_c557_11d0_8a2b_00a0c9255ac1 00011aa8     mintopo.obj
 0003:00000898       __GUID_185fedec_9905_11d1_95a9_00c04fb925d3 00011ab8     mintopo.obj
 0003:000008a8       __GUID_185fedeb_9905_11d1_95a9_00c04fb925d3 00011ac8     mintopo.obj
 0003:000008b8       __GUID_185fedea_9905_11d1_95a9_00c04fb925d3 00011ad8     mintopo.obj
 0003:000008c8       __GUID_185fede9_9905_11d1_95a9_00c04fb925d3 00011ae8     mintopo.obj
 0003:000008d8       __GUID_185fede8_9905_11d1_95a9_00c04fb925d3 00011af8     mintopo.obj
 0003:000008e8       __GUID_e573adc0_c555_11d0_8a2b_00a0c9255ac1 00011b08     mintopo.obj
 0003:000008f8       __GUID_185fede7_9905_11d1_95a9_00c04fb925d3 00011b18     mintopo.obj
 0003:00000908       __GUID_185fede5_9905_11d1_95a9_00c04fb925d3 00011b28     mintopo.obj
 0003:00000918       __GUID_3a5acc00_c557_11d0_8a2b_00a0c9255ac1 00011b38     mintopo.obj
 0003:00000928       __GUID_45ffaaa0_6e1b_11d0_bcf2_444553540000 00011b48     mintopo.obj
 0003:00000938       __GUID_6994ad04_93ef_11d0_a3cc_00a0c9223196 00011b58     mintopo.obj
 0003:00000948       __GUID_185fedf7_9905_11d1_95a9_00c04fb925d3 00011b68     mintopo.obj
 0003:00000958       __GUID_dff21ce1_f70f_11d0_b917_00a0c9223196 00011b78     mintopo.obj
 0003:00000968       __GUID_dff21be1_f70f_11d0_b917_00a0c9223196 00011b88     mintopo.obj
 0003:00000978       __GUID_185fedf9_9905_11d1_95a9_00c04fb925d3 00011b98     mintopo.obj
 0003:00000988       __GUID_dff21fe3_f70f_11d0_b917_00a0c9223196 00011ba8     mintopo.obj
 0003:00000998       __GUID_185fedfb_9905_11d1_95a9_00c04fb925d3 00011bb8     mintopo.obj
 0003:000009a8       __GUID_dff220e3_f70f_11d0_b917_00a0c9223196 00011bc8     mintopo.obj
 0003:000009b8       __GUID_185fedf8_9905_11d1_95a9_00c04fb925d3 00011bd8     mintopo.obj
 0003:000009c8       __GUID_dff220f3_f70f_11d0_b917_00a0c9223196 00011be8     mintopo.obj
 0003:000009d8       __GUID_dff21fe4_f70f_11d0_b917_00a0c9223196 00011bf8     mintopo.obj
 0003:000009e8       __GUID_97e99ba0_bdea_11cf_a5d6_28db04c10000 00011c08     mintopo.obj
 0003:00000c60       __GUID_507ae360_c554_11d0_8a2b_00a0c9255ac1 00011e80     minwave.obj
 0003:00000c70       __GUID_4d837fe0_c555_11d0_8a2b_00a0c9255ac1 00011e90     minwave.obj
 0003:00000c80       __GUID_185fedfa_9905_11d1_95a9_00c04fb925d3 00011ea0     minwave.obj
 0003:00000c90       __GUID_fb6c4281_0353_11d1_905f_0000c0cc16ba 00011eb0     minwave.obj
 0003:00000ca0       __GUID_05589f81_c356_11ce_bf01_00aa0055595a 00011ec0     minwave.obj
 0003:00000cb0       __GUID_00000001_0000_0010_8000_00aa00389b71 00011ed0     minwave.obj
 0003:00000cc0       __GUID_73647561_0000_0010_8000_00aa00389b71 00011ee0     minwave.obj
 0003:00000cd0       __GUID_0f6417d6_c318_11d0_a43f_00a0c9223196 00011ef0     minwave.obj
 0003:00000ce0       __GUID_518590a2_a184_11d0_8522_00c04fd9baf3 00011f00     minwave.obj
 0003:00000cf0       __GUID_00000000_0000_0000_0000_000000000000 00011f10     adapter.obj
 0004:00000000       _AddDevice@8               00011f20 f   adapter.obj
 0004:0000001a       ?InstallSubdevice@@YGJPAU_DEVICE_OBJECT@@PAU_IRP@@PAGABU_GUID@@3P6GJPAPAUIUnknown@@3PAU4@W4_POOL_TYPE@@@Z5PAUIResourceList@@344@Z 00011f3a f   adapter.obj
 0004:00000120       ?StartDevice@@YGJPAU_DEVICE_OBJECT@@PAU_IRP@@PAUIResourceList@@@Z 00012040 f   adapter.obj
 0004:0000036e       ?AssignResources@@YGJPAUIResourceList@@PAPAU1@11111@Z 0001228e f   adapter.obj
 0004:0000062e       ?NewAdapterCommon@@YGJPAPAUIUnknown@@ABU_GUID@@PAU1@W4_POOL_TYPE@@@Z 0001254e f   common.obj
 0004:00000694       ?Init@CAdapterCommon@@UAGJPAUIResourceList@@PAU_DEVICE_OBJECT@@@Z 000125b4 f   common.obj
 0004:00000768       ??1CAdapterCommon@@UAE@XZ  00012688 f   common.obj
 0004:000007cc       ?NonDelegatingQueryInterface@CAdapterCommon@@UAGJABU_GUID@@PAPAX@Z 000126ec f   common.obj
 0004:0000088c       ?WavePortDriverDest@CAdapterCommon@@UAGPAPAUIUnknown@@XZ 000127ac f   common.obj
 0004:00000896       ?GetInterruptSync@CAdapterCommon@@UAGPAUIInterruptSync@@XZ 000127b6 f   common.obj
 0004:000008a0       ?MidiPortDriverDest@CAdapterCommon@@UAGPAPAUIUnknown@@XZ 000127c0 f   common.obj
 0004:000008aa       ?SetWaveServiceGroup@CAdapterCommon@@UAGXPAUIServiceGroup@@@Z 000127ca f   common.obj
 0004:000008d2       ?CreateMiniportTopologyHDA@@YGJPAPAUIUnknown@@ABU_GUID@@PAU1@W4_POOL_TYPE@@@Z 000127f2 f   mintopo.obj
 0004:00000932       ?ProcessResources@CMiniportTopologyHDA@@AAEJPAUIResourceList@@@Z 00012852 f   mintopo.obj
 0004:00000990       ?NonDelegatingQueryInterface@CMiniportTopologyHDA@@UAGJABU_GUID@@PAPAX@Z 000128b0 f   mintopo.obj
 0004:00000a3e       ??1CMiniportTopologyHDA@@UAE@XZ 0001295e f   mintopo.obj
 0004:00000a82       ?Init@CMiniportTopologyHDA@@UAGJPAUIUnknown@@PAUIResourceList@@PAUIPortTopology@@@Z 000129a2 f   mintopo.obj
 0004:00000aee       ?GetDescription@CMiniportTopologyHDA@@UAGJPAPAUPCFILTER_DESCRIPTOR@@@Z 00012a0e f   mintopo.obj
 0004:000016f0       ?ReadBitsFromMixer@CMiniportTopologyHDA@@AAEEEEE@Z 00013610 f   mintopo.obj
 0004:00001718       ?WriteBitsToMixer@CMiniportTopologyHDA@@AAEXEEEE@Z 00013638 f   mintopo.obj
 0004:0000176e       ?CreateMiniportWaveCyclicHDA@@YGJPAPAUIUnknown@@ABU_GUID@@PAU1@W4_POOL_TYPE@@@Z 0001368e f   minwave.obj
 0004:000017ce       ?MapUsingTable@@YGHKPAKK@Z 000136ee f   minwave.obj
 0004:000017f2       ?ConfigureDevice@CMiniportWaveCyclicHDA@@AAEEKKK@Z 00013712 f   minwave.obj
 0004:00001896       ?ProcessResources@CMiniportWaveCyclicHDA@@AAEJPAUIResourceList@@@Z 000137b6 f   minwave.obj
 0004:00001a10       ?ValidateFormat@CMiniportWaveCyclicHDA@@AAEJPATKSDATAFORMAT@@@Z 00013930 f   minwave.obj
 0004:00001afa       ?NonDelegatingQueryInterface@CMiniportWaveCyclicHDA@@UAGJABU_GUID@@PAPAX@Z 00013a1a f   minwave.obj
 0004:00001ba8       ??1CMiniportWaveCyclicHDA@@UAE@XZ 00013ac8 f   minwave.obj
 0004:00001c0a       ?Init@CMiniportWaveCyclicHDA@@UAGJPAUIUnknown@@PAUIResourceList@@PAUIPortWaveCyclic@@@Z 00013b2a f   minwave.obj
 0004:00001cb2       ?GetDescription@CMiniportWaveCyclicHDA@@UAGJPAPAUPCFILTER_DESCRIPTOR@@@Z 00013bd2 f   minwave.obj
 0004:00001cc2       ?DataRangeIntersection@CMiniportWaveCyclicHDA@@UAGJKPATKSDATAFORMAT@@0KPAXPAK@Z 00013be2 f   minwave.obj
 0004:00001f18       ?NewStream@CMiniportWaveCyclicHDA@@UAGJPAPAUIMiniportWaveCyclicStream@@PAUIUnknown@@W4_POOL_TYPE@@KEPATKSDATAFORMAT@@PAPAUIDmaChannel@@PAPAUIServiceGroup@@@Z 00013e38 f   minwave.obj
 0004:0000205e       ?NonDelegatingQueryInterface@CMiniportWaveCyclicStreamHDA@@UAGJABU_GUID@@PAPAX@Z 00013f7e f   minwave.obj
 0004:000020e6       ??1CMiniportWaveCyclicStreamHDA@@UAE@XZ 00014006 f   minwave.obj
 0004:00002150       ?Init@CMiniportWaveCyclicStreamHDA@@QAEJPAVCMiniportWaveCyclicHDA@@KEPATKSDATAFORMAT@@PAUIDmaChannelSlave@@@Z 00014070 f   minwave.obj
 0004:000021d6       ?SetNotificationFreq@CMiniportWaveCyclicStreamHDA@@UAGKKPAK@Z 000140f6 f   minwave.obj
 0004:00002216       ?SetFormat@CMiniportWaveCyclicStreamHDA@@UAGJPATKSDATAFORMAT@@@Z 00014136 f   minwave.obj
 0004:000022d0       ?SetState@CMiniportWaveCyclicStreamHDA@@UAGJW4KSSTATE@@@Z 000141f0 f   minwave.obj
 0005:00000000       _DriverEntry@8             00014400 f   adapter.obj
 0005:00000018       __IMPORT_DESCRIPTOR_ntoskrnl 00014418     ntoskrnl:ntoskrnl.exe
 0005:0000002c       __IMPORT_DESCRIPTOR_HAL    0001442c     hal:HAL.dll
 0005:00000040       __IMPORT_DESCRIPTOR_portcls 00014440     portcls:portcls.sys
 0005:00000054       __NULL_IMPORT_DESCRIPTOR   00014454     ntoskrnl:ntoskrnl.exe

 entry point at        0005:00000000

 Static symbols

 0004:00000afe       ?PropertyHandler_OnOff@@YGJPAU_PCPROPERTY_REQUEST@@@Z 00012a1e f   mintopo.obj
 0004:00000c9c       ?PropertyHandler_Level@@YGJPAU_PCPROPERTY_REQUEST@@@Z 00012bbc f   mintopo.obj
 0004:0000107a       ?BasicSupportHandler@@YGJPAU_PCPROPERTY_REQUEST@@@Z 00012f9a f   mintopo.obj
 0004:0000116e       ?PropertyHandler_SuperMixCaps@@YGJPAU_PCPROPERTY_REQUEST@@@Z 0001308e f   mintopo.obj
 0004:00001348       ?PropertyHandler_SuperMixTable@@YGJPAU_PCPROPERTY_REQUEST@@@Z 00013268 f   mintopo.obj
 0004:00001664       ?PropertyHandler_CpuResources@@YGJPAU_PCPROPERTY_REQUEST@@@Z 00013584 f   mintopo.obj

 115 bytes saved through ICF

