 HDA

 Timestamp is 6900002b (Mon Oct 27 15:28:43 2025)

 Preferred load address is 00010000

 Start         Length     Name                   Class
 0001:00000000 0000121cH .text                   CODE
 0002:00000000 00000098H .idata$5                DATA
 0002:00000098 00000568H .rdata                  DATA
 0003:00000000 00000cc8H .data                   DATA
 0003:00000cc8 00000010H .bss                    DATA
 0004:00000000 000031b3H PAGE                    CODE
 0005:00000000 00000015H INIT                    CODE
 0005:00000018 0000003cH .idata$2                CODE
 0005:00000054 00000014H .idata$3                CODE
 0005:00000068 00000098H .idata$4                CODE
 0005:00000100 00000308H .idata$6                CODE
 0006:00000000 00000058H .rsrc$01                DATA
 0006:00000060 00000338H .rsrc$02                DATA

  Address         Publics by Value              Rva+Base     Lib:Object

 0001:00000000       ?QueryInterface@CAdapterCommon@@UAGJABU_GUID@@PAPAX@Z 000102e0 f i common.obj
 0001:00000018       ?AddRef@CAdapterCommon@@UAGKXZ 000102f8 f i common.obj
 0001:00000028       ?Release@CAdapterCommon@@UAGKXZ 00010308 f i common.obj
 0001:00000038       ??_ECAdapterCommon@@UAEPAXI@Z 00010318 f i common.obj
 0001:00000038       ??_GCAdapterCommon@@UAEPAXI@Z 00010318 f i common.obj
 0001:00000058       ?hda_check_headphone_connection_change@CAdapterCommon@@QAGXXZ 00010338 f   common.obj
 0001:000000ce       ?hda_is_supported_sample_rate@CAdapterCommon@@QAGEK@Z 000103ae f   common.obj
 0001:00000154       ?hda_send_verb@CAdapterCommon@@QAGKKKKK@Z 00010434 f   common.obj
 0001:00000224       ?ReadController@CAdapterCommon@@UAGEXZ 00010504 f   common.obj
 0001:0000022a       ?WriteController@CAdapterCommon@@UAGEE@Z 0001050a f   common.obj
 0001:00000230       ?MixerRegWrite@CAdapterCommon@@UAGXEE@Z 00010510 f   common.obj
 0001:0000024c       ?MixerRegRead@CAdapterCommon@@UAGEE@Z 0001052c f   common.obj
 0001:0000026a       ?MixerReset@CAdapterCommon@@UAGXXZ 0001054a f   common.obj
 0001:0000026e       ?AcknowledgeIRQ@CAdapterCommon@@AAEEXZ 0001054e f   common.obj
 0001:000002cc       ?ResetController@CAdapterCommon@@UAGJXZ 000105ac f   common.obj
 0001:000002ec       ?RestoreMixerSettingsFromRegistry@CAdapterCommon@@UAGJXZ 000105cc f   common.obj
 0001:0000044a       ?SaveMixerSettingsToRegistry@CAdapterCommon@@UAGJXZ 0001072a f   common.obj
 0001:0000050e       ?ProgramSampleRate@CAdapterCommon@@QAGJK@Z 000107ee f   common.obj
 0001:000005a4       ?PowerChangeState@CAdapterCommon@@UAGXT_POWER_STATE@@@Z 00010884 f   common.obj
 0001:000005fa       ?QueryPowerChangeState@CAdapterCommon@@UAGJT_POWER_STATE@@@Z 000108da f   common.obj
 0001:000005fa       ?QueryDeviceCapabilities@CAdapterCommon@@UAGJPAU_DEVICE_CAPABILITIES@@@Z 000108da f   common.obj
 0001:00000600       ?InterruptServiceRoutine@@YGJPAUIInterruptSync@@PAX@Z 000108e0 f   common.obj
 0001:0000062c       ?hda_stop_stream@CAdapterCommon@@UAGJXZ 0001090c f   common.obj
 0001:00000722       ?hda_start_sound@CAdapterCommon@@UAGXXZ 00010a02 f   common.obj
 0001:0000074a       ?hda_stop_sound@CAdapterCommon@@UAGXXZ 00010a2a f   common.obj
 0001:00000790       ?hda_get_actual_stream_position@CAdapterCommon@@UAGKXZ 00010a70 f   common.obj
 0001:000007a6       ?hda_set_volume@CAdapterCommon@@QAGXK@Z 00010a86 f   common.obj
 0001:000007f4       ?readUCHAR@CAdapterCommon@@QAGEG@Z 00010ad4 f   common.obj
 0001:0000080c       ?writeUCHAR@CAdapterCommon@@QAGXGE@Z 00010aec f   common.obj
 0001:00000828       ?readUSHORT@CAdapterCommon@@QAGGG@Z 00010b08 f   common.obj
 0001:00000840       ?writeUSHORT@CAdapterCommon@@QAGXGG@Z 00010b20 f   common.obj
 0001:0000085c       ?readULONG@CAdapterCommon@@QAGKG@Z 00010b3c f   common.obj
 0001:00000874       ?writeULONG@CAdapterCommon@@QAGXGK@Z 00010b54 f   common.obj
 0001:00000890       ?hda_showtime@CAdapterCommon@@UAGJPAUIDmaChannel@@@Z 00010b70 f   common.obj
 0001:00000a2c       ?hda_return_sound_data_format@CAdapterCommon@@QAGGKKK@Z 00010d0c f   common.obj
 0001:00000aea       ?QueryInterface@CAdapterCommon@@W3AGJABU_GUID@@PAPAX@Z 00010dca f i common.obj
 0001:00000af4       ?AddRef@CAdapterCommon@@W3AGKXZ 00010dd4 f i common.obj
 0001:00000afe       ?Release@CAdapterCommon@@W3AGKXZ 00010dde f i common.obj
 0001:00000b08       ?QueryInterface@CMiniportWaveCyclicStreamHDA@@UAGJABU_GUID@@PAPAX@Z 00010de8 f i mintopo.obj
 0001:00000b08       ?QueryInterface@CMiniportWaveCyclicHDA@@UAGJABU_GUID@@PAPAX@Z 00010de8 f i mintopo.obj
 0001:00000b08       ?QueryInterface@CMiniportTopologyHDA@@UAGJABU_GUID@@PAPAX@Z 00010de8 f i mintopo.obj
 0001:00000b20       ?AddRef@CMiniportWaveCyclicHDA@@UAGKXZ 00010e00 f i mintopo.obj
 0001:00000b20       ?AddRef@CMiniportWaveCyclicStreamHDA@@UAGKXZ 00010e00 f i mintopo.obj
 0001:00000b20       ?AddRef@CMiniportTopologyHDA@@UAGKXZ 00010e00 f i mintopo.obj
 0001:00000b30       ?DataRangeIntersection@CMiniportTopologyHDA@@UAGJKPATKSDATAFORMAT@@0KPAXPAK@Z 00010e10 f i mintopo.obj
 0001:00000b38       ??_ECMiniportTopologyHDA@@UAEPAXI@Z 00010e18 f i mintopo.obj
 0001:00000b38       ??_GCMiniportTopologyHDA@@UAEPAXI@Z 00010e18 f i mintopo.obj
 0001:00000f36       ?ReadBitsFromMixer@CMiniportTopologyHDA@@AAEEEEE@Z 00011216 f   mintopo.obj
 0001:00000f5e       ?WriteBitsToMixer@CMiniportTopologyHDA@@AAEXEEEE@Z 0001123e f   mintopo.obj
 0001:00000fb4       ?Release@CMiniportWaveCyclicHDA@@UAGKXZ 00011294 f i minwave.obj
 0001:00000fb4       ?Release@CMiniportWaveCyclicStreamHDA@@UAGKXZ 00011294 f i minwave.obj
 0001:00000fb4       ?Release@CMiniportTopologyHDA@@UAGKXZ 00011294 f i minwave.obj
 0001:00000fc4       ??_GCMiniportWaveCyclicHDA@@UAEPAXI@Z 000112a4 f i minwave.obj
 0001:00000fc4       ??_ECMiniportWaveCyclicHDA@@UAEPAXI@Z 000112a4 f i minwave.obj
 0001:00000fe4       ??_GCMiniportWaveCyclicStreamHDA@@UAEPAXI@Z 000112c4 f i minwave.obj
 0001:00000fe4       ??_ECMiniportWaveCyclicStreamHDA@@UAEPAXI@Z 000112c4 f i minwave.obj
 0001:00001004       ?GetPosition@CMiniportWaveCyclicStreamHDA@@UAGJPAK@Z 000112e4 f   minwave.obj
 0001:00001062       ?NormalizePhysicalPosition@CMiniportWaveCyclicStreamHDA@@UAGJPA_J@Z 00011342 f   minwave.obj
 0001:000010aa       ?Silence@CMiniportWaveCyclicStreamHDA@@UAGXPAXK@Z 0001138a f   minwave.obj
 0001:000010e4       _DbgPrint                  000113c4 f   ntoskrnl:ntoskrnl.exe
 0001:000010ea       __alldiv                   000113ca f   ntoskrnl:ntoskrnl.exe
 0001:000010f0       __allmul                   000113d0 f   ntoskrnl:ntoskrnl.exe
 0001:000010f6       _PcInitializeAdapterDriver@12 000113d6 f   portcls:portcls.sys
 0001:000010fc       _PcAddAdapterDevice@20     000113dc f   portcls:portcls.sys
 0001:00001102       _PcRegisterSubdevice@12    000113e2 f   portcls:portcls.sys
 0001:00001108       _PcNewMiniport@8           000113e8 f   portcls:portcls.sys
 0001:0000110e       _PcNewPort@8               000113ee f   portcls:portcls.sys
 0001:00001114       _PcRegisterPhysicalConnection@20 000113f4 f   portcls:portcls.sys
 0001:0000111a       _PcRegisterAdapterPowerManagement@8 000113fa f   portcls:portcls.sys
 0001:00001120       _PcNewResourceSublist@20   00011400 f   portcls:portcls.sys
 0001:00001126       _PcNewInterruptSync@20     00011406 f   portcls:portcls.sys
 0001:0000112c       _PcNewRegistryKey@36       0001140c f   portcls:portcls.sys
 0001:00001132       _PcNewServiceGroup@8       00011412 f   portcls:portcls.sys
 0001:00001138       ??0CUnknown@@QAE@PAUIUnknown@@@Z 00011418 f   stdunk:stdunk.obj
 0001:00001157       ??_ECUnknown@@UAEPAXI@Z    00011437 f i stdunk:stdunk.obj
 0001:00001157       ??_GCUnknown@@UAEPAXI@Z    00011437 f i stdunk:stdunk.obj
 0001:00001173       ??1CUnknown@@UAE@XZ        00011453 f   stdunk:stdunk.obj
 0001:0000117a       ?NonDelegatingAddRef@CUnknown@@UAGKXZ 0001145a f   stdunk:stdunk.obj
 0001:00001190       ?NonDelegatingRelease@CUnknown@@UAGKXZ 00011470 f   stdunk:stdunk.obj
 0001:000011bf       ?NonDelegatingQueryInterface@CUnknown@@UAGJABU_GUID@@PAPAX@Z 0001149f f   stdunk:stdunk.obj
 0002:00000000       __imp_@KfAcquireSpinLock@4 00011500     hal:HAL.dll
 0002:00000004       __imp_@KfReleaseSpinLock@8 00011504     hal:HAL.dll
 0002:00000008       __imp__KeStallExecutionProcessor@4 00011508     hal:HAL.dll
 0002:0000000c       \177HAL_NULL_THUNK_DATA    0001150c     hal:HAL.dll
 0002:00000010       __imp__DbgPrint            00011510     ntoskrnl:ntoskrnl.exe
 0002:00000014       __imp__KeInitializeSpinLock@4 00011514     ntoskrnl:ntoskrnl.exe
 0002:00000018       __imp__MmUnmapIoSpace@8    00011518     ntoskrnl:ntoskrnl.exe
 0002:0000001c       __imp__READ_REGISTER_ULONG@4 0001151c     ntoskrnl:ntoskrnl.exe
 0002:00000020       __imp__WRITE_REGISTER_ULONG@8 00011520     ntoskrnl:ntoskrnl.exe
 0002:00000024       __imp__RtlInitUnicodeString@8 00011524     ntoskrnl:ntoskrnl.exe
 0002:00000028       __imp__READ_REGISTER_UCHAR@4 00011528     ntoskrnl:ntoskrnl.exe
 0002:0000002c       __imp__IoGetDmaAdapter@12  0001152c     ntoskrnl:ntoskrnl.exe
 0002:00000030       __imp__MmMapIoSpace@16     00011530     ntoskrnl:ntoskrnl.exe
 0002:00000034       __imp__WRITE_REGISTER_USHORT@8 00011534     ntoskrnl:ntoskrnl.exe
 0002:00000038       __imp__KeInitializeMutex@8 00011538     ntoskrnl:ntoskrnl.exe
 0002:0000003c       __imp__KeReleaseMutex@8    0001153c     ntoskrnl:ntoskrnl.exe
 0002:00000040       __imp__KeWaitForSingleObject@20 00011540     ntoskrnl:ntoskrnl.exe
 0002:00000044       __imp___alldiv             00011544     ntoskrnl:ntoskrnl.exe
 0002:00000048       __imp___allmul             00011548     ntoskrnl:ntoskrnl.exe
 0002:0000004c       __imp__ExFreePool@4        0001154c     ntoskrnl:ntoskrnl.exe
 0002:00000050       __imp__ExAllocatePoolWithTag@12 00011550     ntoskrnl:ntoskrnl.exe
 0002:00000054       __imp__READ_REGISTER_USHORT@4 00011554     ntoskrnl:ntoskrnl.exe
 0002:00000058       __imp__WRITE_REGISTER_UCHAR@8 00011558     ntoskrnl:ntoskrnl.exe
 0002:0000005c       __imp_@InterlockedDecrement@4 0001155c     ntoskrnl:ntoskrnl.exe
 0002:00000060       __imp_@InterlockedIncrement@4 00011560     ntoskrnl:ntoskrnl.exe
 0002:00000064       \177ntoskrnl_NULL_THUNK_DATA 00011564     ntoskrnl:ntoskrnl.exe
 0002:00000068       __imp__PcInitializeAdapterDriver@12 00011568     portcls:portcls.sys
 0002:0000006c       __imp__PcNewMiniport@8     0001156c     portcls:portcls.sys
 0002:00000070       __imp__PcNewPort@8         00011570     portcls:portcls.sys
 0002:00000074       __imp__PcRegisterPhysicalConnection@20 00011574     portcls:portcls.sys
 0002:00000078       __imp__PcAddAdapterDevice@20 00011578     portcls:portcls.sys
 0002:0000007c       __imp__PcRegisterSubdevice@12 0001157c     portcls:portcls.sys
 0002:00000080       __imp__PcNewInterruptSync@20 00011580     portcls:portcls.sys
 0002:00000084       __imp__PcNewRegistryKey@36 00011584     portcls:portcls.sys
 0002:00000088       __imp__PcNewServiceGroup@8 00011588     portcls:portcls.sys
 0002:0000008c       __imp__PcRegisterAdapterPowerManagement@8 0001158c     portcls:portcls.sys
 0002:00000090       __imp__PcNewResourceSublist@20 00011590     portcls:portcls.sys
 0002:00000094       \177portcls_NULL_THUNK_DATA 00011594     portcls:portcls.sys
 0002:000000f8       _IID_IAdapterCommon        000115f8     adapter.obj
 0002:00000108       _CLSID_MiniportDriverFmSynth 00011608     adapter.obj
 0002:00000118       _CLSID_PortWaveCyclic      00011618     adapter.obj
 0002:00000128       _CLSID_PortTopology        00011628     adapter.obj
 0002:00000138       _CLSID_PortMidi            00011638     adapter.obj
 0002:00000148       _IID_IAdapterPowerManagment 00011648     adapter.obj
 0002:00000158       _IID_IMiniportWaveCyclicStream 00011658     adapter.obj
 0002:00000168       _IID_IMiniportWaveCyclic   00011668     adapter.obj
 0002:00000178       _IID_IPortWaveCyclic       00011678     adapter.obj
 0002:00000188       _IID_IMiniportTopology     00011688     adapter.obj
 0002:00000198       _IID_IMiniport             00011698     adapter.obj
 0002:000001a8       _IID_IUnknown              000116a8     adapter.obj
 0002:000001b8       ??_C@_1BE@ENEK@?$AAR?$AAi?$AAg?$AAh?$AAt?$AAB?$AAa?$AAs?$AAs?$AA?$AA@ 000116b8     common.obj
 0002:000001cc       ??_C@_1BC@JMJO@?$AAL?$AAe?$AAf?$AAt?$AAB?$AAa?$AAs?$AAs?$AA?$AA@ 000116cc     common.obj
 0002:000001e0       ??_C@_1BI@KGAJ@?$AAR?$AAi?$AAg?$AAh?$AAt?$AAT?$AAr?$AAe?$AAb?$AAl?$AAe?$AA?$AA@ 000116e0     common.obj
 0002:000001f8       ??_C@_1BG@BGGD@?$AAL?$AAe?$AAf?$AAt?$AAT?$AAr?$AAe?$AAb?$AAl?$AAe?$AA?$AA@ 000116f8     common.obj
 0002:00000210       ??_C@_1O@IECC@?$AAM?$AAi?$AAc?$AAA?$AAG?$AAC?$AA?$AA@ 00011710     common.obj
 0002:00000220       ??_C@_1CA@EJHI@?$AAR?$AAi?$AAg?$AAh?$AAt?$AAO?$AAu?$AAt?$AAp?$AAu?$AAt?$AAG?$AAa?$AAi?$AAn?$AA?$AA@ 00011720     common.obj
 0002:00000240       ??_C@_1BO@PPLI@?$AAL?$AAe?$AAf?$AAt?$AAO?$AAu?$AAt?$AAp?$AAu?$AAt?$AAG?$AAa?$AAi?$AAn?$AA?$AA@ 00011740     common.obj
 0002:00000260       ??_C@_1BO@PMCJ@?$AAR?$AAi?$AAg?$AAh?$AAt?$AAI?$AAn?$AAp?$AAu?$AAt?$AAG?$AAa?$AAi?$AAn?$AA?$AA@ 00011760     common.obj
 0002:00000280       ??_C@_1BM@CFEM@?$AAL?$AAe?$AAf?$AAt?$AAI?$AAn?$AAp?$AAu?$AAt?$AAG?$AAa?$AAi?$AAn?$AA?$AA@ 00011780     common.obj
 0002:0000029c       ??_C@_1CA@CIKM@?$AAR?$AAi?$AAg?$AAh?$AAt?$AAI?$AAn?$AAp?$AAu?$AAt?$AAM?$AAi?$AAx?$AAe?$AAr?$AA?$AA@ 0001179c     common.obj
 0002:000002bc       ??_C@_1BO@JOGM@?$AAL?$AAe?$AAf?$AAt?$AAI?$AAn?$AAp?$AAu?$AAt?$AAM?$AAi?$AAx?$AAe?$AAr?$AA?$AA@ 000117bc     common.obj
 0002:000002dc       ??_C@_1BI@BMOJ@?$AAO?$AAu?$AAt?$AAp?$AAu?$AAt?$AAM?$AAi?$AAx?$AAe?$AAr?$AA?$AA@ 000117dc     common.obj
 0002:000002f4       ??_C@_1BE@GLOL@?$AAP?$AAc?$AAS?$AAp?$AAk?$AAr?$AAV?$AAo?$AAl?$AA?$AA@ 000117f4     common.obj
 0002:00000308       ??_C@_1O@MNBB@?$AAM?$AAi?$AAc?$AAV?$AAo?$AAl?$AA?$AA@ 00011808     common.obj
 0002:00000318       ??_C@_1BO@HCKE@?$AAR?$AAi?$AAg?$AAh?$AAt?$AAL?$AAi?$AAn?$AAe?$AAI?$AAn?$AAV?$AAo?$AAl?$AA?$AA@ 00011818     common.obj
 0002:00000338       ??_C@_1BM@KLMB@?$AAL?$AAe?$AAf?$AAt?$AAL?$AAi?$AAn?$AAe?$AAI?$AAn?$AAV?$AAo?$AAl?$AA?$AA@ 00011838     common.obj
 0002:00000354       ??_C@_1BG@COJL@?$AAR?$AAi?$AAg?$AAh?$AAt?$AAC?$AAD?$AAV?$AAo?$AAl?$AA?$AA@ 00011854     common.obj
 0002:0000036c       ??_C@_1BE@KMKA@?$AAL?$AAe?$AAf?$AAt?$AAC?$AAD?$AAV?$AAo?$AAl?$AA?$AA@ 0001186c     common.obj
 0002:00000380       ??_C@_1BK@JCIM@?$AAR?$AAi?$AAg?$AAh?$AAt?$AAM?$AAi?$AAd?$AAi?$AAV?$AAo?$AAl?$AA?$AA@ 00011880     common.obj
 0002:0000039c       ??_C@_1BI@KBIJ@?$AAL?$AAe?$AAf?$AAt?$AAM?$AAi?$AAd?$AAi?$AAV?$AAo?$AAl?$AA?$AA@ 0001189c     common.obj
 0002:000003b4       ??_C@_1BK@MFCG@?$AAR?$AAi?$AAg?$AAh?$AAt?$AAW?$AAa?$AAv?$AAe?$AAV?$AAo?$AAl?$AA?$AA@ 000118b4     common.obj
 0002:000003d0       ??_C@_1BI@PGCD@?$AAL?$AAe?$AAf?$AAt?$AAW?$AAa?$AAv?$AAe?$AAV?$AAo?$AAl?$AA?$AA@ 000118d0     common.obj
 0002:000003e8       ??_C@_1BO@NHA@?$AAR?$AAi?$AAg?$AAh?$AAt?$AAM?$AAa?$AAs?$AAt?$AAe?$AAr?$AAV?$AAo?$AAl?$AA?$AA@ 000118e8     common.obj
 0002:00000408       ??_C@_1BM@NEBF@?$AAL?$AAe?$AAf?$AAt?$AAM?$AAa?$AAs?$AAt?$AAe?$AAr?$AAV?$AAo?$AAl?$AA?$AA@ 00011908     common.obj
 0002:00000424       ??_7CAdapterCommon@@6BIAdapterPowerManagement@@@ 00011924     common.obj
 0002:0000043c       ??_7CAdapterCommon@@6BIAdapterCommon@@@ 0001193c     common.obj
 0002:00000490       ??_7CAdapterCommon@@6BCUnknown@@@ 00011990     common.obj
 0002:00000568       ??_7CMiniportTopologyHDA@@6BIMiniportTopology@@@ 00011a68     mintopo.obj
 0002:00000580       ??_7CMiniportTopologyHDA@@6BCUnknown@@@ 00011a80     mintopo.obj
 0002:00000590       ??_7CMiniportWaveCyclicHDA@@6BIMiniportWaveCyclic@@@ 00011a90     minwave.obj
 0002:000005ac       ??_7CMiniportWaveCyclicHDA@@6BCUnknown@@@ 00011aac     minwave.obj
 0002:000005bc       ??_7CMiniportWaveCyclicStreamHDA@@6BIMiniportWaveCyclicStream@@@ 00011abc     minwave.obj
 0002:000005e0       ??_7CMiniportWaveCyclicStreamHDA@@6BCUnknown@@@ 00011ae0     minwave.obj
 0002:000005f0       ??_7CUnknown@@6B@          00011af0     stdunk:stdunk.obj
 0003:00000000       __GUID_b7902fe9_fb0a_11d1_81b0_0060083316c1 00011b00     adapter.obj
 0003:00000010       __GUID_d3f0ce1c_fffc_11d1_81b0_0060083316c1 00011b10     adapter.obj
 0003:00000020       __GUID_c096df9c_fb09_11d1_81b0_0060083316c1 00011b20     adapter.obj
 0003:000000f0       ?audBufSize@@3KA           00011bf0     common.obj
 0003:000000f4       ?BdlSize@@3KA              00011bf4     common.obj
 0003:000007f0       __GUID_185fedf6_9905_11d1_95a9_00c04fb925d3 000122f0     mintopo.obj
 0003:00000800       __GUID_185fedef_9905_11d1_95a9_00c04fb925d3 00012300     mintopo.obj
 0003:00000810       __GUID_185fede1_9905_11d1_95a9_00c04fb925d3 00012310     mintopo.obj
 0003:00000820       __GUID_185fede0_9905_11d1_95a9_00c04fb925d3 00012320     mintopo.obj
 0003:00000830       __GUID_7607e580_c557_11d0_8a2b_00a0c9255ac1 00012330     mintopo.obj
 0003:00000840       __GUID_185fede3_9905_11d1_95a9_00c04fb925d3 00012340     mintopo.obj
 0003:00000850       __GUID_da441a60_c556_11d0_8a2b_00a0c9255ac1 00012350     mintopo.obj
 0003:00000860       __GUID_185fedee_9905_11d1_95a9_00c04fb925d3 00012360     mintopo.obj
 0003:00000870       __GUID_02b223c0_c557_11d0_8a2b_00a0c9255ac1 00012370     mintopo.obj
 0003:00000880       __GUID_185feded_9905_11d1_95a9_00c04fb925d3 00012380     mintopo.obj
 0003:00000890       __GUID_e88c9ba0_c557_11d0_8a2b_00a0c9255ac1 00012390     mintopo.obj
 0003:000008a0       __GUID_185fedec_9905_11d1_95a9_00c04fb925d3 000123a0     mintopo.obj
 0003:000008b0       __GUID_185fedeb_9905_11d1_95a9_00c04fb925d3 000123b0     mintopo.obj
 0003:000008c0       __GUID_185fedea_9905_11d1_95a9_00c04fb925d3 000123c0     mintopo.obj
 0003:000008d0       __GUID_185fede9_9905_11d1_95a9_00c04fb925d3 000123d0     mintopo.obj
 0003:000008e0       __GUID_185fede8_9905_11d1_95a9_00c04fb925d3 000123e0     mintopo.obj
 0003:000008f0       __GUID_e573adc0_c555_11d0_8a2b_00a0c9255ac1 000123f0     mintopo.obj
 0003:00000900       __GUID_185fede7_9905_11d1_95a9_00c04fb925d3 00012400     mintopo.obj
 0003:00000910       __GUID_185fede5_9905_11d1_95a9_00c04fb925d3 00012410     mintopo.obj
 0003:00000920       __GUID_3a5acc00_c557_11d0_8a2b_00a0c9255ac1 00012420     mintopo.obj
 0003:00000930       __GUID_45ffaaa0_6e1b_11d0_bcf2_444553540000 00012430     mintopo.obj
 0003:00000940       __GUID_6994ad04_93ef_11d0_a3cc_00a0c9223196 00012440     mintopo.obj
 0003:00000950       __GUID_185fedf7_9905_11d1_95a9_00c04fb925d3 00012450     mintopo.obj
 0003:00000960       __GUID_dff21ce1_f70f_11d0_b917_00a0c9223196 00012460     mintopo.obj
 0003:00000970       __GUID_dff21be1_f70f_11d0_b917_00a0c9223196 00012470     mintopo.obj
 0003:00000980       __GUID_185fedf9_9905_11d1_95a9_00c04fb925d3 00012480     mintopo.obj
 0003:00000990       __GUID_dff21fe3_f70f_11d0_b917_00a0c9223196 00012490     mintopo.obj
 0003:000009a0       __GUID_185fedfb_9905_11d1_95a9_00c04fb925d3 000124a0     mintopo.obj
 0003:000009b0       __GUID_dff220e3_f70f_11d0_b917_00a0c9223196 000124b0     mintopo.obj
 0003:000009c0       __GUID_185fedf8_9905_11d1_95a9_00c04fb925d3 000124c0     mintopo.obj
 0003:000009d0       __GUID_dff220f3_f70f_11d0_b917_00a0c9223196 000124d0     mintopo.obj
 0003:000009e0       __GUID_dff21fe4_f70f_11d0_b917_00a0c9223196 000124e0     mintopo.obj
 0003:000009f0       __GUID_97e99ba0_bdea_11cf_a5d6_28db04c10000 000124f0     mintopo.obj
 0003:00000c38       __GUID_507ae360_c554_11d0_8a2b_00a0c9255ac1 00012738     minwave.obj
 0003:00000c48       __GUID_4d837fe0_c555_11d0_8a2b_00a0c9255ac1 00012748     minwave.obj
 0003:00000c58       __GUID_185fedfa_9905_11d1_95a9_00c04fb925d3 00012758     minwave.obj
 0003:00000c68       __GUID_fb6c4281_0353_11d1_905f_0000c0cc16ba 00012768     minwave.obj
 0003:00000c78       __GUID_05589f81_c356_11ce_bf01_00aa0055595a 00012778     minwave.obj
 0003:00000c88       __GUID_00000001_0000_0010_8000_00aa00389b71 00012788     minwave.obj
 0003:00000c98       __GUID_73647561_0000_0010_8000_00aa00389b71 00012798     minwave.obj
 0003:00000ca8       __GUID_0f6417d6_c318_11d0_a43f_00a0c9223196 000127a8     minwave.obj
 0003:00000cb8       __GUID_518590a2_a184_11d0_8522_00c04fd9baf3 000127b8     minwave.obj
 0003:00000cc8       __GUID_00000000_0000_0000_0000_000000000000 000127c8     adapter.obj
 0004:00000000       _AddDevice@8               000127e0 f   adapter.obj
 0004:0000001a       ?InstallSubdevice@@YGJPAU_DEVICE_OBJECT@@PAU_IRP@@PAGABU_GUID@@3P6GJPAPAUIUnknown@@3PAU4@W4_POOL_TYPE@@@Z5PAUIResourceList@@344@Z 000127fa f   adapter.obj
 0004:00000120       ?StartDevice@@YGJPAU_DEVICE_OBJECT@@PAU_IRP@@PAUIResourceList@@@Z 00012900 f   adapter.obj
 0004:0000036e       ?AssignResources@@YGJPAUIResourceList@@PAPAU1@11111@Z 00012b4e f   adapter.obj
 0004:00000624       ?NewAdapterCommon@@YGJPAPAUIUnknown@@ABU_GUID@@PAU1@W4_POOL_TYPE@@@Z 00012e04 f   common.obj
 0004:00000779       ?Init@CAdapterCommon@@UAGJPAUIResourceList@@PAU_DEVICE_OBJECT@@@Z 00012f59 f   common.obj
 0004:00000ac4       ??1CAdapterCommon@@UAE@XZ  000132a4 f   common.obj
 0004:00000c1a       ?NonDelegatingQueryInterface@CAdapterCommon@@UAGJABU_GUID@@PAPAX@Z 000133fa f   common.obj
 0004:00000cda       ?WavePortDriverDest@CAdapterCommon@@UAGPAPAUIUnknown@@XZ 000134ba f   common.obj
 0004:00000ce6       ?GetInterruptSync@CAdapterCommon@@UAGPAUIInterruptSync@@XZ 000134c6 f   common.obj
 0004:00000cf4       ?MidiPortDriverDest@CAdapterCommon@@UAGPAPAUIUnknown@@XZ 000134d4 f   common.obj
 0004:00000d00       ?SetWaveServiceGroup@CAdapterCommon@@UAGXPAUIServiceGroup@@@Z 000134e0 f   common.obj
 0004:00000d30       ?InitHDA@CAdapterCommon@@QAGJXZ 00013510 f   common.obj
 0004:00000ff6       ?InitializeCodec@CAdapterCommon@@QAGJE@Z 000137d6 f   common.obj
 0004:000012e7       ?hda_initialize_audio_function_group@CAdapterCommon@@QAGXKK@Z 00013ac7 f   common.obj
 0004:000017c6       ?hda_get_node_type@CAdapterCommon@@QAGEKK@Z 00013fa6 f   common.obj
 0004:000017e8       ?hda_get_node_connection_entries@CAdapterCommon@@QAGKKKK@Z 00013fc8 f   common.obj
 0004:0000186e       ?hda_set_node_gain@CAdapterCommon@@QAGXKKKKK@Z 0001404e f   common.obj
 0004:000018dc       ?hda_enable_pin_output@CAdapterCommon@@QAGXKK@Z 000140bc f   common.obj
 0004:0000190e       ?hda_disable_pin_output@CAdapterCommon@@QAGXKK@Z 000140ee f   common.obj
 0004:00001940       ?hda_is_headphone_connected@CAdapterCommon@@QAGHXZ 00014120 f   common.obj
 0004:0000197c       ?hda_initialize_output_pin@CAdapterCommon@@QAGXK@Z 0001415c f   common.obj
 0004:00001ad6       ?hda_initalize_audio_output@CAdapterCommon@@QAGXK@Z 000142b6 f   common.obj
 0004:00001be2       ?hda_initalize_audio_mixer@CAdapterCommon@@QAGXK@Z 000143c2 f   common.obj
 0004:00001cc0       ?hda_initalize_audio_selector@CAdapterCommon@@QAGXK@Z 000144a0 f   common.obj
 0004:00001dca       ?CreateMiniportTopologyHDA@@YGJPAPAUIUnknown@@ABU_GUID@@PAU1@W4_POOL_TYPE@@@Z 000145aa f   mintopo.obj
 0004:00001e2a       ?ProcessResources@CMiniportTopologyHDA@@AAEJPAUIResourceList@@@Z 0001460a f   mintopo.obj
 0004:00001e4e       ?NonDelegatingQueryInterface@CMiniportTopologyHDA@@UAGJABU_GUID@@PAPAX@Z 0001462e f   mintopo.obj
 0004:00001efc       ??1CMiniportTopologyHDA@@UAE@XZ 000146dc f   mintopo.obj
 0004:00001f40       ?Init@CMiniportTopologyHDA@@UAGJPAUIUnknown@@PAUIResourceList@@PAUIPortTopology@@@Z 00014720 f   mintopo.obj
 0004:00001fa2       ?GetDescription@CMiniportTopologyHDA@@UAGJPAPAUPCFILTER_DESCRIPTOR@@@Z 00014782 f   mintopo.obj
 0004:000027c6       ?CreateMiniportWaveCyclicHDA@@YGJPAPAUIUnknown@@ABU_GUID@@PAU1@W4_POOL_TYPE@@@Z 00014fa6 f   minwave.obj
 0004:00002826       ?ProcessResources@CMiniportWaveCyclicHDA@@AAEJPAUIResourceList@@@Z 00015006 f   minwave.obj
 0004:000028cc       ?ValidateFormat@CMiniportWaveCyclicHDA@@AAEJPATKSDATAFORMAT@@@Z 000150ac f   minwave.obj
 0004:000029a6       ?NonDelegatingQueryInterface@CMiniportWaveCyclicHDA@@UAGJABU_GUID@@PAPAX@Z 00015186 f   minwave.obj
 0004:00002a54       ??1CMiniportWaveCyclicHDA@@UAE@XZ 00015234 f   minwave.obj
 0004:00002aa8       ?Init@CMiniportWaveCyclicHDA@@UAGJPAUIUnknown@@PAUIResourceList@@PAUIPortWaveCyclic@@@Z 00015288 f   minwave.obj
 0004:00002b50       ?GetDescription@CMiniportWaveCyclicHDA@@UAGJPAPAUPCFILTER_DESCRIPTOR@@@Z 00015330 f   minwave.obj
 0004:00002b60       ?DataRangeIntersection@CMiniportWaveCyclicHDA@@UAGJKPATKSDATAFORMAT@@0KPAXPAK@Z 00015340 f   minwave.obj
 0004:00002db6       ?NewStream@CMiniportWaveCyclicHDA@@UAGJPAPAUIMiniportWaveCyclicStream@@PAUIUnknown@@W4_POOL_TYPE@@KEPATKSDATAFORMAT@@PAPAUIDmaChannel@@PAPAUIServiceGroup@@@Z 00015596 f   minwave.obj
 0004:00002ef6       ?NonDelegatingQueryInterface@CMiniportWaveCyclicStreamHDA@@UAGJABU_GUID@@PAPAX@Z 000156d6 f   minwave.obj
 0004:00002f7e       ??1CMiniportWaveCyclicStreamHDA@@UAE@XZ 0001575e f   minwave.obj
 0004:00002fe8       ?Init@CMiniportWaveCyclicStreamHDA@@QAEJPAVCMiniportWaveCyclicHDA@@KEPATKSDATAFORMAT@@PAUIDmaChannel@@@Z 000157c8 f   minwave.obj
 0004:0000306e       ?SetNotificationFreq@CMiniportWaveCyclicStreamHDA@@UAGKKPAK@Z 0001584e f   minwave.obj
 0004:000030ae       ?SetFormat@CMiniportWaveCyclicStreamHDA@@UAGJPATKSDATAFORMAT@@@Z 0001588e f   minwave.obj
 0004:00003168       ?SetState@CMiniportWaveCyclicStreamHDA@@UAGJW4KSSTATE@@@Z 00015948 f   minwave.obj
 0005:00000000       _DriverEntry@8             000159a0 f   adapter.obj
 0005:00000018       __IMPORT_DESCRIPTOR_ntoskrnl 000159b8     ntoskrnl:ntoskrnl.exe
 0005:0000002c       __IMPORT_DESCRIPTOR_HAL    000159cc     hal:HAL.dll
 0005:00000040       __IMPORT_DESCRIPTOR_portcls 000159e0     portcls:portcls.sys
 0005:00000054       __NULL_IMPORT_DESCRIPTOR   000159f4     ntoskrnl:ntoskrnl.exe

 entry point at        0005:00000000

 Static symbols

 0004:00001fb2       ?PropertyHandler_OnOff@@YGJPAU_PCPROPERTY_REQUEST@@@Z 00014792 f   mintopo.obj
 0004:00002150       ?PropertyHandler_SuperMixCaps@@YGJPAU_PCPROPERTY_REQUEST@@@Z 00014930 f   mintopo.obj
 0004:0000232a       ?PropertyHandler_SuperMixTable@@YGJPAU_PCPROPERTY_REQUEST@@@Z 00014b0a f   mintopo.obj
 0004:00002646       ?PropertyHandler_CpuResources@@YGJPAU_PCPROPERTY_REQUEST@@@Z 00014e26 f   mintopo.obj
 0001:00000b58       ?PropertyHandler_Level@@YGJPAU_PCPROPERTY_REQUEST@@@Z 00010e38 f   mintopo.obj
 0004:000026d2       ?BasicSupportHandler@@YGJPAU_PCPROPERTY_REQUEST@@@Z 00014eb2 f   mintopo.obj

 115 bytes saved through ICF

