 HDA

 Timestamp is 69fd2b6c (Thu May 07 17:16:44 2026)

 Preferred load address is 00010000

 Start         Length     Name                   Class
 0001:00000000 00002c16H .text                   CODE
 0002:00000000 000000acH .idata$5                DATA
 0002:000000b0 000006a8H .rdata                  DATA
 0003:00000000 00000d10H .data                   DATA
 0003:00000d10 0000001eH .bss                    DATA
 0004:00000000 00002eb1H PAGE                    CODE
 0005:00000000 00000015H INIT                    CODE
 0005:00000018 0000003cH .idata$2                CODE
 0005:00000054 00000014H .idata$3                CODE
 0005:00000068 000000acH .idata$4                CODE
 0005:00000114 00000384H .idata$6                CODE
 0006:00000000 00000058H .rsrc$01                DATA
 0006:00000060 000003d0H .rsrc$02                DATA

  Address         Publics by Value              Rva+Base     Lib:Object

 0001:00000000       ?QueryInterface@CAdapterCommon@@UAGJABU_GUID@@PAPAX@Z 000102e0 f i common.obj
 0001:00000018       ?AddRef@CAdapterCommon@@UAGKXZ 000102f8 f i common.obj
 0001:00000028       ?Release@CAdapterCommon@@UAGKXZ 00010308 f i common.obj
 0001:00000038       ??_GCAdapterCommon@@UAEPAXI@Z 00010318 f i common.obj
 0001:00000038       ??_ECAdapterCommon@@UAEPAXI@Z 00010318 f i common.obj
 0001:00000178       ?hda_is_supported_sample_rate@CAdapterCommon@@UAGEK@Z 00010458 f   common.obj
 0001:000001c4       ?hda_send_verb@CAdapterCommon@@UAGKKKKK@Z 000104a4 f   common.obj
 0001:0000033a       ?ReadController@CAdapterCommon@@UAGEXZ 0001061a f   common.obj
 0001:00000340       ?WriteController@CAdapterCommon@@UAGEE@Z 00010620 f   common.obj
 0001:00000346       ?MixerRegWrite@CAdapterCommon@@UAGXEE@Z 00010626 f   common.obj
 0001:00000392       ?MixerRegRead@CAdapterCommon@@UAGEE@Z 00010672 f   common.obj
 0001:000003b0       ?MixerReset@CAdapterCommon@@UAGXXZ 00010690 f   common.obj
 0001:000003be       ?AcknowledgeIRQ@CAdapterCommon@@AAE?AW4_HDA_INTERRUPT_TYPE@@XZ 0001069e f   common.obj
 0001:000004d2       ?ResetController@CAdapterCommon@@UAGJXZ 000107b2 f   common.obj
 0001:000004fa       ?RestoreMixerSettingsFromRegistry@CAdapterCommon@@UAGJXZ 000107da f   common.obj
 0001:00000658       ?SaveMixerSettingsToRegistry@CAdapterCommon@@UAGJXZ 00010938 f   common.obj
 0001:00000754       ?ProgramSampleRate@CAdapterCommon@@UAGJK@Z 00010a34 f   common.obj
 0001:000007b4       ?PowerChangeState@CAdapterCommon@@UAGXT_POWER_STATE@@@Z 00010a94 f   common.obj
 0001:00000812       ?QueryDeviceCapabilities@CAdapterCommon@@UAGJPAU_DEVICE_CAPABILITIES@@@Z 00010af2 f   common.obj
 0001:00000812       ?QueryPowerChangeState@CAdapterCommon@@UAGJT_POWER_STATE@@@Z 00010af2 f   common.obj
 0001:00000818       ?InterruptServiceRoutine@@YGJPAUIInterruptSync@@PAX@Z 00010af8 f   common.obj
 0001:00000850       ?hda_stop_stream@CAdapterCommon@@UAGJXZ 00010b30 f   common.obj
 0001:00000946       ?hda_start_sound@CAdapterCommon@@UAGXXZ 00010c26 f   common.obj
 0001:00000984       ?hda_stop_sound@CAdapterCommon@@UAGXXZ 00010c64 f   common.obj
 0001:000009ca       ?hda_get_actual_stream_position@CAdapterCommon@@UAGKXZ 00010caa f   common.obj
 0001:00000a46       ?hda_set_volume@CAdapterCommon@@QAGXKE@Z 00010d26 f   common.obj
 0001:00000a86       ?readUCHAR@CAdapterCommon@@QAGEG@Z 00010d66 f   common.obj
 0001:00000a9e       ?writeUCHAR@CAdapterCommon@@QAGXGE@Z 00010d7e f   common.obj
 0001:00000aba       ?readUSHORT@CAdapterCommon@@QAGGG@Z 00010d9a f   common.obj
 0001:00000ad2       ?writeUSHORT@CAdapterCommon@@QAGXGG@Z 00010db2 f   common.obj
 0001:00000aee       ?readULONG@CAdapterCommon@@QAGKG@Z 00010dce f   common.obj
 0001:00000b06       ?writeULONG@CAdapterCommon@@QAGXGK@Z 00010de6 f   common.obj
 0001:00000b22       ?hda_setup_stream_descriptor@CAdapterCommon@@UAGJPAUIDmaChannel@@@Z 00010e02 f   common.obj
 0001:00000c94       ?hda_return_sound_data_format@CAdapterCommon@@QAGGKKK@Z 00010f74 f   common.obj
 0001:00000c94       ?hda_return_sound_data_format@HDA_Codec@@QAGGKKK@Z 00010f74 f   common.obj
 0001:00000d56       ?ReadWriteConfigSpace@CAdapterCommon@@AAGJPAU_DEVICE_OBJECT@@KPAXKK@Z 00011036 f   common.obj
 0001:00000dfe       ?WriteConfigSpaceByte@CAdapterCommon@@AAGJEEE@Z 000110de f   common.obj
 0001:00000e34       ?WriteConfigSpaceWord@CAdapterCommon@@AAGJEGG@Z 00011114 f   common.obj
 0001:00000e6a       ?QueryInterface@CAdapterCommon@@W3AGJABU_GUID@@PAPAX@Z 0001114a f i common.obj
 0001:00000e74       ?AddRef@CAdapterCommon@@W3AGKXZ 00011154 f i common.obj
 0001:00000e7e       ?Release@CAdapterCommon@@W3AGKXZ 0001115e f i common.obj
 0001:00000e88       ??0HDA_Codec@@QAE@EEEPAUIAdapterCommon@@@Z 00011168 f   codec.obj
 0001:00000ece       ??1HDA_Codec@@QAE@XZ       000111ae f   codec.obj
 0001:00000ef2       ?InitializeCodec@HDA_Codec@@QAGJXZ 000111d2 f   codec.obj
 0001:00001374       ?hda_initialize_audio_function_group@HDA_Codec@@QAGJK@Z 00011654 f   codec.obj
 0001:00001a36       ?hda_get_node_type@HDA_Codec@@QAGEK@Z 00011d16 f   codec.obj
 0001:00001a54       ?hda_get_node_connection_entries@HDA_Codec@@QAGKKK@Z 00011d34 f   codec.obj
 0001:00001ad2       ?hda_enable_pin_output@HDA_Codec@@QAGXK@Z 00011db2 f   codec.obj
 0001:00001afe       ?hda_disable_pin_output@HDA_Codec@@QAGXK@Z 00011dde f   codec.obj
 0001:00001b2a       ?hda_is_headphone_connected@HDA_Codec@@QAGEXZ 00011e0a f   codec.obj
 0001:00001b5c       ?hda_initialize_output_pin@HDA_Codec@@QAGXKAAUHDA_NODE_PATH@@@Z 00011e3c f   codec.obj
 0001:00001c7e       ?hda_initialize_audio_output@HDA_Codec@@QAGXKAAUHDA_NODE_PATH@@@Z 00011f5e f   codec.obj
 0001:00001d90       ?hda_initialize_audio_mixer@HDA_Codec@@QAGXKAAUHDA_NODE_PATH@@@Z 00012070 f   codec.obj
 0001:00001e6e       ?hda_initialize_audio_selector@HDA_Codec@@QAGXKAAUHDA_NODE_PATH@@@Z 0001214e f   codec.obj
 0001:00001f7c       ?ProgramSampleRate@HDA_Codec@@QAGJK@Z 0001225c f   codec.obj
 0001:00002008       ?hda_check_headphone_connection_change@HDA_Codec@@QAGXXZ 000122e8 f   codec.obj
 0001:00002064       ?hda_is_supported_sample_rate@HDA_Codec@@QAGEK@Z 00012344 f   codec.obj
 0001:00002102       ?hda_set_volume@HDA_Codec@@QAGXKE@Z 000123e2 f   codec.obj
 0001:00002138       ?hda_set_node_gain@HDA_Codec@@QAGXKKKKE@Z 00012418 f   codec.obj
 0001:000021a0       ?hda_send_verb@HDA_Codec@@QAGKKKK@Z 00012480 f   codec.obj
 0001:000021c0       ?QueryInterface@CMiniportTopologyHDA@@UAGJABU_GUID@@PAPAX@Z 000124a0 f i mintopo.obj
 0001:000021c0       ?QueryInterface@CMiniportWaveCyclicHDA@@UAGJABU_GUID@@PAPAX@Z 000124a0 f i mintopo.obj
 0001:000021c0       ?QueryInterface@CMiniportWaveCyclicStreamHDA@@UAGJABU_GUID@@PAPAX@Z 000124a0 f i mintopo.obj
 0001:000021d8       ?DataRangeIntersection@CMiniportTopologyHDA@@UAGJKPATKSDATAFORMAT@@0KPAXPAK@Z 000124b8 f i mintopo.obj
 0001:000021e0       ??_GCMiniportTopologyHDA@@UAEPAXI@Z 000124c0 f i mintopo.obj
 0001:000021e0       ??_ECMiniportTopologyHDA@@UAEPAXI@Z 000124c0 f i mintopo.obj
 0001:000025de       ?ReadBitsFromMixer@CMiniportTopologyHDA@@AAEEEEE@Z 000128be f   mintopo.obj
 0001:00002606       ?WriteBitsToMixer@CMiniportTopologyHDA@@AAEXEEEE@Z 000128e6 f   mintopo.obj
 0001:0000265c       ?AddRef@CMiniportTopologyHDA@@UAGKXZ 0001293c f i minwave.obj
 0001:0000265c       ?AddRef@CMiniportWaveCyclicStreamHDA@@UAGKXZ 0001293c f i minwave.obj
 0001:0000265c       ?AddRef@CMiniportWaveCyclicHDA@@UAGKXZ 0001293c f i minwave.obj
 0001:0000266c       ?Release@CMiniportWaveCyclicStreamHDA@@UAGKXZ 0001294c f i minwave.obj
 0001:0000266c       ?Release@CMiniportTopologyHDA@@UAGKXZ 0001294c f i minwave.obj
 0001:0000266c       ?Release@CMiniportWaveCyclicHDA@@UAGKXZ 0001294c f i minwave.obj
 0001:0000267c       ??_GCMiniportWaveCyclicHDA@@UAEPAXI@Z 0001295c f i minwave.obj
 0001:0000267c       ??_ECMiniportWaveCyclicHDA@@UAEPAXI@Z 0001295c f i minwave.obj
 0001:0000269c       ??0CMyDmaChannel@@QAE@PAUIDmaChannel@@@Z 0001297c f i minwave.obj
 0001:00002706       ?QueryInterface@CMyDmaChannel@@UAGJABU_GUID@@PAPAX@Z 000129e6 f i minwave.obj
 0001:00002756       ?AddRef@CMyDmaChannel@@UAGKXZ 00012a36 f i minwave.obj
 0001:00002766       ?Release@CMyDmaChannel@@UAGKXZ 00012a46 f i minwave.obj
 0001:00002792       ?AllocateBuffer@CMyDmaChannel@@UAGJKPAT_LARGE_INTEGER@@@Z 00012a72 f i minwave.obj
 0001:00002874       ?FreeBuffer@CMyDmaChannel@@UAGXXZ 00012b54 f i minwave.obj
 0001:00002896       ?SystemAddress@CMyDmaChannel@@UAGPAXXZ 00012b76 f i minwave.obj
 0001:000028b2       ?CopyTo@CMyDmaChannel@@UAGXPAX0K@Z 00012b92 f i minwave.obj
 0001:000028fc       ?CopyFrom@CMyDmaChannel@@UAGXPAX0K@Z 00012bdc f i minwave.obj
 0001:00002918       ?TransferCount@CMyDmaChannel@@UAGKXZ 00012bf8 f i minwave.obj
 0001:00002928       ?MaximumBufferSize@CMyDmaChannel@@UAGKXZ 00012c08 f i minwave.obj
 0001:00002938       ?AllocatedBufferSize@CMyDmaChannel@@UAGKXZ 00012c18 f i minwave.obj
 0001:00002954       ?BufferSize@CMyDmaChannel@@UAGKXZ 00012c34 f i minwave.obj
 0001:00002970       ?SetBufferSize@CMyDmaChannel@@UAGXK@Z 00012c50 f i minwave.obj
 0001:00002988       ?PhysicalAddress@CMyDmaChannel@@UAG?AT_LARGE_INTEGER@@XZ 00012c68 f i minwave.obj
 0001:000029c4       ?GetAdapterObject@CMyDmaChannel@@UAGPAU_DMA_ADAPTER@@XZ 00012ca4 f i minwave.obj
 0001:000029d4       ??_ECMiniportWaveCyclicStreamHDA@@UAEPAXI@Z 00012cb4 f i minwave.obj
 0001:000029d4       ??_GCMiniportWaveCyclicStreamHDA@@UAEPAXI@Z 00012cb4 f i minwave.obj
 0001:000029f4       ?GetPosition@CMiniportWaveCyclicStreamHDA@@UAGJPAK@Z 00012cd4 f   minwave.obj
 0001:00002a5c       ?NormalizePhysicalPosition@CMiniportWaveCyclicStreamHDA@@UAGJPA_J@Z 00012d3c f   minwave.obj
 0001:00002aa4       ?Silence@CMiniportWaveCyclicStreamHDA@@UAGXPAXK@Z 00012d84 f   minwave.obj
 0001:00002ade       _DbgPrint                  00012dbe f   ntoskrnl:ntoskrnl.exe
 0001:00002ae4       __alldiv                   00012dc4 f   ntoskrnl:ntoskrnl.exe
 0001:00002aea       __allmul                   00012dca f   ntoskrnl:ntoskrnl.exe
 0001:00002af0       _PcInitializeAdapterDriver@12 00012dd0 f   portcls:portcls.sys
 0001:00002af6       _PcAddAdapterDevice@20     00012dd6 f   portcls:portcls.sys
 0001:00002afc       _PcRegisterSubdevice@12    00012ddc f   portcls:portcls.sys
 0001:00002b02       _PcNewMiniport@8           00012de2 f   portcls:portcls.sys
 0001:00002b08       _PcNewPort@8               00012de8 f   portcls:portcls.sys
 0001:00002b0e       _PcRegisterPhysicalConnection@20 00012dee f   portcls:portcls.sys
 0001:00002b14       _PcRegisterAdapterPowerManagement@8 00012df4 f   portcls:portcls.sys
 0001:00002b1a       _PcNewResourceSublist@20   00012dfa f   portcls:portcls.sys
 0001:00002b20       _PcNewInterruptSync@20     00012e00 f   portcls:portcls.sys
 0001:00002b26       _PcNewRegistryKey@36       00012e06 f   portcls:portcls.sys
 0001:00002b2c       _PcNewServiceGroup@8       00012e0c f   portcls:portcls.sys
 0001:00002b32       ??0CUnknown@@QAE@PAUIUnknown@@@Z 00012e12 f   stdunk:stdunk.obj
 0001:00002b51       ??_GCUnknown@@UAEPAXI@Z    00012e31 f i stdunk:stdunk.obj
 0001:00002b51       ??_ECUnknown@@UAEPAXI@Z    00012e31 f i stdunk:stdunk.obj
 0001:00002b6d       ??1CUnknown@@UAE@XZ        00012e4d f   stdunk:stdunk.obj
 0001:00002b74       ?NonDelegatingAddRef@CUnknown@@UAGKXZ 00012e54 f   stdunk:stdunk.obj
 0001:00002b8a       ?NonDelegatingRelease@CUnknown@@UAGKXZ 00012e6a f   stdunk:stdunk.obj
 0001:00002bb9       ?NonDelegatingQueryInterface@CUnknown@@UAGJABU_GUID@@PAPAX@Z 00012e99 f   stdunk:stdunk.obj
 0002:00000000       __imp_@KfAcquireSpinLock@4 00012f00     hal:HAL.dll
 0002:00000004       __imp_@KfReleaseSpinLock@8 00012f04     hal:HAL.dll
 0002:00000008       __imp__KeStallExecutionProcessor@4 00012f08     hal:HAL.dll
 0002:0000000c       \177HAL_NULL_THUNK_DATA    00012f0c     hal:HAL.dll
 0002:00000010       __imp__KeInitializeSpinLock@4 00012f10     ntoskrnl:ntoskrnl.exe
 0002:00000014       __imp__MmUnmapIoSpace@8    00012f14     ntoskrnl:ntoskrnl.exe
 0002:00000018       __imp__RtlInitUnicodeString@8 00012f18     ntoskrnl:ntoskrnl.exe
 0002:0000001c       __imp__READ_REGISTER_ULONG@4 00012f1c     ntoskrnl:ntoskrnl.exe
 0002:00000020       __imp__DbgPrint            00012f20     ntoskrnl:ntoskrnl.exe
 0002:00000024       __imp__WRITE_REGISTER_ULONG@8 00012f24     ntoskrnl:ntoskrnl.exe
 0002:00000028       __imp__READ_REGISTER_UCHAR@4 00012f28     ntoskrnl:ntoskrnl.exe
 0002:0000002c       __imp__WRITE_REGISTER_UCHAR@8 00012f2c     ntoskrnl:ntoskrnl.exe
 0002:00000030       __imp__READ_REGISTER_USHORT@4 00012f30     ntoskrnl:ntoskrnl.exe
 0002:00000034       __imp__WRITE_REGISTER_USHORT@8 00012f34     ntoskrnl:ntoskrnl.exe
 0002:00000038       __imp__ExAllocatePoolWithTag@12 00012f38     ntoskrnl:ntoskrnl.exe
 0002:0000003c       __imp__MmMapIoSpace@16     00012f3c     ntoskrnl:ntoskrnl.exe
 0002:00000040       __imp_@IofCallDriver@8     00012f40     ntoskrnl:ntoskrnl.exe
 0002:00000044       __imp__IoBuildSynchronousFsdRequest@28 00012f44     ntoskrnl:ntoskrnl.exe
 0002:00000048       __imp__IoGetAttachedDeviceReference@4 00012f48     ntoskrnl:ntoskrnl.exe
 0002:0000004c       __imp__KeInitializeEvent@12 00012f4c     ntoskrnl:ntoskrnl.exe
 0002:00000050       __imp_@InterlockedIncrement@4 00012f50     ntoskrnl:ntoskrnl.exe
 0002:00000054       __imp__ExFreePool@4        00012f54     ntoskrnl:ntoskrnl.exe
 0002:00000058       __imp__KeInitializeMutex@8 00012f58     ntoskrnl:ntoskrnl.exe
 0002:0000005c       __imp__KeReleaseMutex@8    00012f5c     ntoskrnl:ntoskrnl.exe
 0002:00000060       __imp___alldiv             00012f60     ntoskrnl:ntoskrnl.exe
 0002:00000064       __imp___allmul             00012f64     ntoskrnl:ntoskrnl.exe
 0002:00000068       __imp__IoGetDmaAdapter@12  00012f68     ntoskrnl:ntoskrnl.exe
 0002:0000006c       __imp_@ObfDereferenceObject@4 00012f6c     ntoskrnl:ntoskrnl.exe
 0002:00000070       __imp__KeWaitForSingleObject@20 00012f70     ntoskrnl:ntoskrnl.exe
 0002:00000074       __imp_@InterlockedDecrement@4 00012f74     ntoskrnl:ntoskrnl.exe
 0002:00000078       \177ntoskrnl_NULL_THUNK_DATA 00012f78     ntoskrnl:ntoskrnl.exe
 0002:0000007c       __imp__PcRegisterAdapterPowerManagement@8 00012f7c     portcls:portcls.sys
 0002:00000080       __imp__PcAddAdapterDevice@20 00012f80     portcls:portcls.sys
 0002:00000084       __imp__PcRegisterSubdevice@12 00012f84     portcls:portcls.sys
 0002:00000088       __imp__PcNewMiniport@8     00012f88     portcls:portcls.sys
 0002:0000008c       __imp__PcNewPort@8         00012f8c     portcls:portcls.sys
 0002:00000090       __imp__PcRegisterPhysicalConnection@20 00012f90     portcls:portcls.sys
 0002:00000094       __imp__PcInitializeAdapterDriver@12 00012f94     portcls:portcls.sys
 0002:00000098       __imp__PcNewResourceSublist@20 00012f98     portcls:portcls.sys
 0002:0000009c       __imp__PcNewInterruptSync@20 00012f9c     portcls:portcls.sys
 0002:000000a0       __imp__PcNewRegistryKey@36 00012fa0     portcls:portcls.sys
 0002:000000a4       __imp__PcNewServiceGroup@8 00012fa4     portcls:portcls.sys
 0002:000000a8       \177portcls_NULL_THUNK_DATA 00012fa8     portcls:portcls.sys
 0002:00000108       _IID_IAdapterCommon        00013008     adapter.obj
 0002:00000118       _CLSID_MiniportDriverFmSynth 00013018     adapter.obj
 0002:00000128       _CLSID_PortWaveCyclic      00013028     adapter.obj
 0002:00000138       _CLSID_PortTopology        00013038     adapter.obj
 0002:00000148       _CLSID_PortMidi            00013048     adapter.obj
 0002:00000158       _IID_IAdapterPowerManagment 00013058     adapter.obj
 0002:00000168       _IID_IMiniportWaveCyclicStream 00013068     adapter.obj
 0002:00000178       _IID_IMiniportWaveCyclic   00013078     adapter.obj
 0002:00000188       _IID_IPortWaveCyclic       00013088     adapter.obj
 0002:00000198       _IID_IMiniportTopology     00013098     adapter.obj
 0002:000001a8       _IID_IDmaChannel           000130a8     adapter.obj
 0002:000001b8       _IID_IMiniport             000130b8     adapter.obj
 0002:000001c8       _IID_IUnknown              000130c8     adapter.obj
 0002:000001d8       ??_C@_1BE@FFBG@?$AAU?$AAs?$AAe?$AAD?$AAm?$AAa?$AAP?$AAo?$AAs?$AA?$AA@ 000130d8     common.obj
 0002:000001ec       ??_C@_1CA@DADJ@?$AAU?$AAs?$AAe?$AAD?$AAi?$AAs?$AAa?$AAb?$AAl?$AAe?$AAd?$AAP?$AAi?$AAn?$AAs?$AA?$AA@ 000130ec     common.obj
 0002:0000020c       ??_C@_1BC@MBIB@?$AAU?$AAs?$AAe?$AAS?$AAP?$AAD?$AAI?$AAF?$AA?$AA@ 0001310c     common.obj
 0002:00000220       ??_C@_1BE@ONOC@?$AAU?$AAs?$AAe?$AAA?$AAl?$AAt?$AAO?$AAu?$AAt?$AA?$AA@ 00013120     common.obj
 0002:00000234       ??_C@_1BO@LMMA@?$AAS?$AAk?$AAi?$AAp?$AAC?$AAo?$AAd?$AAe?$AAc?$AAR?$AAe?$AAs?$AAe?$AAt?$AA?$AA@ 00013134     common.obj
 0002:00000254       ??_C@_1CI@JKGI@?$AAS?$AAk?$AAi?$AAp?$AAC?$AAo?$AAn?$AAt?$AAr?$AAo?$AAl?$AAl?$AAe?$AAr?$AAR?$AAe?$AAs?$AAe?$AAt?$AA?$AA@ 00013154     common.obj
 0002:0000027c       ??_C@_1BE@ENEK@?$AAR?$AAi?$AAg?$AAh?$AAt?$AAB?$AAa?$AAs?$AAs?$AA?$AA@ 0001317c     common.obj
 0002:00000290       ??_C@_1BC@JMJO@?$AAL?$AAe?$AAf?$AAt?$AAB?$AAa?$AAs?$AAs?$AA?$AA@ 00013190     common.obj
 0002:000002a4       ??_C@_1BI@KGAJ@?$AAR?$AAi?$AAg?$AAh?$AAt?$AAT?$AAr?$AAe?$AAb?$AAl?$AAe?$AA?$AA@ 000131a4     common.obj
 0002:000002bc       ??_C@_1BG@BGGD@?$AAL?$AAe?$AAf?$AAt?$AAT?$AAr?$AAe?$AAb?$AAl?$AAe?$AA?$AA@ 000131bc     common.obj
 0002:000002d4       ??_C@_1O@IECC@?$AAM?$AAi?$AAc?$AAA?$AAG?$AAC?$AA?$AA@ 000131d4     common.obj
 0002:000002e4       ??_C@_1CA@EJHI@?$AAR?$AAi?$AAg?$AAh?$AAt?$AAO?$AAu?$AAt?$AAp?$AAu?$AAt?$AAG?$AAa?$AAi?$AAn?$AA?$AA@ 000131e4     common.obj
 0002:00000304       ??_C@_1BO@PPLI@?$AAL?$AAe?$AAf?$AAt?$AAO?$AAu?$AAt?$AAp?$AAu?$AAt?$AAG?$AAa?$AAi?$AAn?$AA?$AA@ 00013204     common.obj
 0002:00000324       ??_C@_1BO@PMCJ@?$AAR?$AAi?$AAg?$AAh?$AAt?$AAI?$AAn?$AAp?$AAu?$AAt?$AAG?$AAa?$AAi?$AAn?$AA?$AA@ 00013224     common.obj
 0002:00000344       ??_C@_1BM@CFEM@?$AAL?$AAe?$AAf?$AAt?$AAI?$AAn?$AAp?$AAu?$AAt?$AAG?$AAa?$AAi?$AAn?$AA?$AA@ 00013244     common.obj
 0002:00000360       ??_C@_1CA@CIKM@?$AAR?$AAi?$AAg?$AAh?$AAt?$AAI?$AAn?$AAp?$AAu?$AAt?$AAM?$AAi?$AAx?$AAe?$AAr?$AA?$AA@ 00013260     common.obj
 0002:00000380       ??_C@_1BO@JOGM@?$AAL?$AAe?$AAf?$AAt?$AAI?$AAn?$AAp?$AAu?$AAt?$AAM?$AAi?$AAx?$AAe?$AAr?$AA?$AA@ 00013280     common.obj
 0002:000003a0       ??_C@_1BI@BMOJ@?$AAO?$AAu?$AAt?$AAp?$AAu?$AAt?$AAM?$AAi?$AAx?$AAe?$AAr?$AA?$AA@ 000132a0     common.obj
 0002:000003b8       ??_C@_1BE@GLOL@?$AAP?$AAc?$AAS?$AAp?$AAk?$AAr?$AAV?$AAo?$AAl?$AA?$AA@ 000132b8     common.obj
 0002:000003cc       ??_C@_1O@MNBB@?$AAM?$AAi?$AAc?$AAV?$AAo?$AAl?$AA?$AA@ 000132cc     common.obj
 0002:000003dc       ??_C@_1BO@HCKE@?$AAR?$AAi?$AAg?$AAh?$AAt?$AAL?$AAi?$AAn?$AAe?$AAI?$AAn?$AAV?$AAo?$AAl?$AA?$AA@ 000132dc     common.obj
 0002:000003fc       ??_C@_1BM@KLMB@?$AAL?$AAe?$AAf?$AAt?$AAL?$AAi?$AAn?$AAe?$AAI?$AAn?$AAV?$AAo?$AAl?$AA?$AA@ 000132fc     common.obj
 0002:00000418       ??_C@_1BG@COJL@?$AAR?$AAi?$AAg?$AAh?$AAt?$AAC?$AAD?$AAV?$AAo?$AAl?$AA?$AA@ 00013318     common.obj
 0002:00000430       ??_C@_1BE@KMKA@?$AAL?$AAe?$AAf?$AAt?$AAC?$AAD?$AAV?$AAo?$AAl?$AA?$AA@ 00013330     common.obj
 0002:00000444       ??_C@_1BK@JCIM@?$AAR?$AAi?$AAg?$AAh?$AAt?$AAM?$AAi?$AAd?$AAi?$AAV?$AAo?$AAl?$AA?$AA@ 00013344     common.obj
 0002:00000460       ??_C@_1BI@KBIJ@?$AAL?$AAe?$AAf?$AAt?$AAM?$AAi?$AAd?$AAi?$AAV?$AAo?$AAl?$AA?$AA@ 00013360     common.obj
 0002:00000478       ??_C@_1BK@MFCG@?$AAR?$AAi?$AAg?$AAh?$AAt?$AAW?$AAa?$AAv?$AAe?$AAV?$AAo?$AAl?$AA?$AA@ 00013378     common.obj
 0002:00000494       ??_C@_1BI@PGCD@?$AAL?$AAe?$AAf?$AAt?$AAW?$AAa?$AAv?$AAe?$AAV?$AAo?$AAl?$AA?$AA@ 00013394     common.obj
 0002:000004ac       ??_C@_1BO@NHA@?$AAR?$AAi?$AAg?$AAh?$AAt?$AAM?$AAa?$AAs?$AAt?$AAe?$AAr?$AAV?$AAo?$AAl?$AA?$AA@ 000133ac     common.obj
 0002:000004cc       ??_C@_1BM@NEBF@?$AAL?$AAe?$AAf?$AAt?$AAM?$AAa?$AAs?$AAt?$AAe?$AAr?$AAV?$AAo?$AAl?$AA?$AA@ 000133cc     common.obj
 0002:000004e8       ??_7CAdapterCommon@@6BIAdapterPowerManagement@@@ 000133e8     common.obj
 0002:00000500       ??_7CAdapterCommon@@6BIAdapterCommon@@@ 00013400     common.obj
 0002:00000564       ??_7CAdapterCommon@@6BCUnknown@@@ 00013464     common.obj
 0002:00000640       ??_7CMiniportTopologyHDA@@6BIMiniportTopology@@@ 00013540     mintopo.obj
 0002:00000658       ??_7CMiniportTopologyHDA@@6BCUnknown@@@ 00013558     mintopo.obj
 0002:00000668       ??_7CMiniportWaveCyclicHDA@@6BIMiniportWaveCyclic@@@ 00013568     minwave.obj
 0002:00000684       ??_7CMiniportWaveCyclicHDA@@6BCUnknown@@@ 00013584     minwave.obj
 0002:00000694       ??_C@_09BAJA@SSE2?5?$CFd?5?6?$AA@ 00013594     minwave.obj
 0002:000006a0       ??_7CMyDmaChannel@@6B@     000135a0     minwave.obj
 0002:000006dc       ??_C@_0DG@LDEH@Aligned?5DMA?5view?5invalid?5?$CIoff?$DN?$CFl@ 000135dc     minwave.obj
 0002:00000714       ??_7CMiniportWaveCyclicStreamHDA@@6BIMiniportWaveCyclicStream@@@ 00013614     minwave.obj
 0002:00000738       ??_7CMiniportWaveCyclicStreamHDA@@6BCUnknown@@@ 00013638     minwave.obj
 0002:00000748       ??_7CUnknown@@6B@          00013648     stdunk:stdunk.obj
 0003:00000000       __GUID_b7902fe9_fb0a_11d1_81b0_0060083316c1 00013660     adapter.obj
 0003:00000010       __GUID_d3f0ce1c_fffc_11d1_81b0_0060083316c1 00013670     adapter.obj
 0003:00000020       __GUID_c096df9c_fb09_11d1_81b0_0060083316c1 00013680     adapter.obj
 0003:00000138       ?audBufSize@@3KA           00013798     common.obj
 0003:0000013c       ?BdlSize@@3KA              0001379c     common.obj
 0003:00000838       __GUID_185fedf6_9905_11d1_95a9_00c04fb925d3 00013e98     mintopo.obj
 0003:00000848       __GUID_185fedef_9905_11d1_95a9_00c04fb925d3 00013ea8     mintopo.obj
 0003:00000858       __GUID_185fede1_9905_11d1_95a9_00c04fb925d3 00013eb8     mintopo.obj
 0003:00000868       __GUID_185fede0_9905_11d1_95a9_00c04fb925d3 00013ec8     mintopo.obj
 0003:00000878       __GUID_7607e580_c557_11d0_8a2b_00a0c9255ac1 00013ed8     mintopo.obj
 0003:00000888       __GUID_185fede3_9905_11d1_95a9_00c04fb925d3 00013ee8     mintopo.obj
 0003:00000898       __GUID_da441a60_c556_11d0_8a2b_00a0c9255ac1 00013ef8     mintopo.obj
 0003:000008a8       __GUID_185fedee_9905_11d1_95a9_00c04fb925d3 00013f08     mintopo.obj
 0003:000008b8       __GUID_02b223c0_c557_11d0_8a2b_00a0c9255ac1 00013f18     mintopo.obj
 0003:000008c8       __GUID_185feded_9905_11d1_95a9_00c04fb925d3 00013f28     mintopo.obj
 0003:000008d8       __GUID_e88c9ba0_c557_11d0_8a2b_00a0c9255ac1 00013f38     mintopo.obj
 0003:000008e8       __GUID_185fedec_9905_11d1_95a9_00c04fb925d3 00013f48     mintopo.obj
 0003:000008f8       __GUID_185fedeb_9905_11d1_95a9_00c04fb925d3 00013f58     mintopo.obj
 0003:00000908       __GUID_185fedea_9905_11d1_95a9_00c04fb925d3 00013f68     mintopo.obj
 0003:00000918       __GUID_185fede9_9905_11d1_95a9_00c04fb925d3 00013f78     mintopo.obj
 0003:00000928       __GUID_185fede8_9905_11d1_95a9_00c04fb925d3 00013f88     mintopo.obj
 0003:00000938       __GUID_e573adc0_c555_11d0_8a2b_00a0c9255ac1 00013f98     mintopo.obj
 0003:00000948       __GUID_185fede7_9905_11d1_95a9_00c04fb925d3 00013fa8     mintopo.obj
 0003:00000958       __GUID_185fede5_9905_11d1_95a9_00c04fb925d3 00013fb8     mintopo.obj
 0003:00000968       __GUID_3a5acc00_c557_11d0_8a2b_00a0c9255ac1 00013fc8     mintopo.obj
 0003:00000978       __GUID_45ffaaa0_6e1b_11d0_bcf2_444553540000 00013fd8     mintopo.obj
 0003:00000988       __GUID_6994ad04_93ef_11d0_a3cc_00a0c9223196 00013fe8     mintopo.obj
 0003:00000998       __GUID_185fedf7_9905_11d1_95a9_00c04fb925d3 00013ff8     mintopo.obj
 0003:000009a8       __GUID_dff21ce1_f70f_11d0_b917_00a0c9223196 00014008     mintopo.obj
 0003:000009b8       __GUID_dff21be1_f70f_11d0_b917_00a0c9223196 00014018     mintopo.obj
 0003:000009c8       __GUID_185fedf9_9905_11d1_95a9_00c04fb925d3 00014028     mintopo.obj
 0003:000009d8       __GUID_dff21fe3_f70f_11d0_b917_00a0c9223196 00014038     mintopo.obj
 0003:000009e8       __GUID_185fedfb_9905_11d1_95a9_00c04fb925d3 00014048     mintopo.obj
 0003:000009f8       __GUID_dff220e3_f70f_11d0_b917_00a0c9223196 00014058     mintopo.obj
 0003:00000a08       __GUID_185fedf8_9905_11d1_95a9_00c04fb925d3 00014068     mintopo.obj
 0003:00000a18       __GUID_dff220f3_f70f_11d0_b917_00a0c9223196 00014078     mintopo.obj
 0003:00000a28       __GUID_dff21fe4_f70f_11d0_b917_00a0c9223196 00014088     mintopo.obj
 0003:00000a38       __GUID_97e99ba0_bdea_11cf_a5d6_28db04c10000 00014098     mintopo.obj
 0003:00000c80       __GUID_507ae360_c554_11d0_8a2b_00a0c9255ac1 000142e0     minwave.obj
 0003:00000c90       __GUID_4d837fe0_c555_11d0_8a2b_00a0c9255ac1 000142f0     minwave.obj
 0003:00000ca0       __GUID_185fedfa_9905_11d1_95a9_00c04fb925d3 00014300     minwave.obj
 0003:00000cb0       __GUID_fb6c4281_0353_11d1_905f_0000c0cc16ba 00014310     minwave.obj
 0003:00000cc0       __GUID_05589f81_c356_11ce_bf01_00aa0055595a 00014320     minwave.obj
 0003:00000cd0       __GUID_00000001_0000_0010_8000_00aa00389b71 00014330     minwave.obj
 0003:00000ce0       __GUID_73647561_0000_0010_8000_00aa00389b71 00014340     minwave.obj
 0003:00000cf0       __GUID_0f6417d6_c318_11d0_a43f_00a0c9223196 00014350     minwave.obj
 0003:00000d00       __GUID_518590a2_a184_11d0_8522_00c04fd9baf3 00014360     minwave.obj
 0003:00000d10       ?PDO@@3PAU_DEVICE_OBJECT@@A 00014370     adapter.obj
 0003:00000d18       __GUID_00000000_0000_0000_0000_000000000000 00014378     adapter.obj
 0004:00000000       _AddDevice@8               000143a0 f   adapter.obj
 0004:00000020       ?InstallSubdevice@@YGJPAU_DEVICE_OBJECT@@PAU_IRP@@PAGABU_GUID@@3P6GJPAPAUIUnknown@@3PAU4@W4_POOL_TYPE@@@Z5PAUIResourceList@@344@Z 000143c0 f   adapter.obj
 0004:00000126       ?StartDevice@@YGJPAU_DEVICE_OBJECT@@PAU_IRP@@PAUIResourceList@@@Z 000144c6 f   adapter.obj
 0004:0000037a       ?AssignResources@@YGJPAUIResourceList@@PAPAU1@11111@Z 0001471a f   adapter.obj
 0004:00000528       ?NewAdapterCommon@@YGJPAPAUIUnknown@@ABU_GUID@@PAU1@W4_POOL_TYPE@@@Z 000148c8 f   common.obj
 0004:00000819       ?Init@CAdapterCommon@@UAGJPAUIResourceList@@PAU_DEVICE_OBJECT@@1@Z 00014bb9 f   common.obj
 0004:00001136       ??1CAdapterCommon@@UAE@XZ  000154d6 f   common.obj
 0004:000012ae       ?NonDelegatingQueryInterface@CAdapterCommon@@UAGJABU_GUID@@PAPAX@Z 0001564e f   common.obj
 0004:0000136e       ?WavePortDriverDest@CAdapterCommon@@UAGPAPAUIUnknown@@XZ 0001570e f   common.obj
 0004:0000137a       ?GetInterruptSync@CAdapterCommon@@UAGPAUIInterruptSync@@XZ 0001571a f   common.obj
 0004:00001388       ?GetDeviceDescription@CAdapterCommon@@UAGPAU_DEVICE_DESCRIPTION@@XZ 00015728 f   common.obj
 0004:00001392       ?MidiPortDriverDest@CAdapterCommon@@UAGPAPAUIUnknown@@XZ 00015732 f   common.obj
 0004:0000139e       ?SetWaveServiceGroup@CAdapterCommon@@UAGXPAUIServiceGroup@@@Z 0001573e f   common.obj
 0004:000013ea       ?InitHDAController@CAdapterCommon@@QAGJXZ 0001578a f   common.obj
 0004:00001892       ?TryInitializeCodecSlot@CAdapterCommon@@AAGXEKPBDPAJ@Z 00015c32 f   common.obj
 0004:00001986       ?ReadRegistryBoolean@CAdapterCommon@@AAGEPBGE@Z 00015d26 f   common.obj
 0004:00001a62       ?CreateMiniportTopologyHDA@@YGJPAPAUIUnknown@@ABU_GUID@@PAU1@W4_POOL_TYPE@@@Z 00015e02 f   mintopo.obj
 0004:00001ac2       ?ProcessResources@CMiniportTopologyHDA@@AAEJPAUIResourceList@@@Z 00015e62 f   mintopo.obj
 0004:00001ae6       ?NonDelegatingQueryInterface@CMiniportTopologyHDA@@UAGJABU_GUID@@PAPAX@Z 00015e86 f   mintopo.obj
 0004:00001b94       ??1CMiniportTopologyHDA@@UAE@XZ 00015f34 f   mintopo.obj
 0004:00001bd8       ?Init@CMiniportTopologyHDA@@UAGJPAUIUnknown@@PAUIResourceList@@PAUIPortTopology@@@Z 00015f78 f   mintopo.obj
 0004:00001c3a       ?GetDescription@CMiniportTopologyHDA@@UAGJPAPAUPCFILTER_DESCRIPTOR@@@Z 00015fda f   mintopo.obj
 0004:0000245e       ?CreateMiniportWaveCyclicHDA@@YGJPAPAUIUnknown@@ABU_GUID@@PAU1@W4_POOL_TYPE@@@Z 000167fe f   minwave.obj
 0004:000024be       ?ProcessResources@CMiniportWaveCyclicHDA@@AAEJPAUIResourceList@@@Z 0001685e f   minwave.obj
 0004:000025cc       ?ValidateFormat@CMiniportWaveCyclicHDA@@AAEJPATKSDATAFORMAT@@@Z 0001696c f   minwave.obj
 0004:000026b6       ?NonDelegatingQueryInterface@CMiniportWaveCyclicHDA@@UAGJABU_GUID@@PAPAX@Z 00016a56 f   minwave.obj
 0004:00002764       ??1CMiniportWaveCyclicHDA@@UAE@XZ 00016b04 f   minwave.obj
 0004:000027b8       ?Init@CMiniportWaveCyclicHDA@@UAGJPAUIUnknown@@PAUIResourceList@@PAUIPortWaveCyclic@@@Z 00016b58 f   minwave.obj
 0004:00002860       ?GetDescription@CMiniportWaveCyclicHDA@@UAGJPAPAUPCFILTER_DESCRIPTOR@@@Z 00016c00 f   minwave.obj
 0004:00002870       ?DataRangeIntersection@CMiniportWaveCyclicHDA@@UAGJKPATKSDATAFORMAT@@0KPAXPAK@Z 00016c10 f   minwave.obj
 0004:00002ac6       ?NewStream@CMiniportWaveCyclicHDA@@UAGJPAPAUIMiniportWaveCyclicStream@@PAUIUnknown@@W4_POOL_TYPE@@KEPATKSDATAFORMAT@@PAPAUIDmaChannel@@PAPAUIServiceGroup@@@Z 00016e66 f   minwave.obj
 0004:00002c06       ?NonDelegatingQueryInterface@CMiniportWaveCyclicStreamHDA@@UAGJABU_GUID@@PAPAX@Z 00016fa6 f   minwave.obj
 0004:00002c8e       ??1CMiniportWaveCyclicStreamHDA@@UAE@XZ 0001702e f   minwave.obj
 0004:00002d04       ?Init@CMiniportWaveCyclicStreamHDA@@QAEJPAVCMiniportWaveCyclicHDA@@KEPATKSDATAFORMAT@@PAUIDmaChannel@@@Z 000170a4 f   minwave.obj
 0004:00002d9a       ?SetNotificationFreq@CMiniportWaveCyclicStreamHDA@@UAGKKPAK@Z 0001713a f   minwave.obj
 0004:00002dda       ?SetFormat@CMiniportWaveCyclicStreamHDA@@UAGJPATKSDATAFORMAT@@@Z 0001717a f   minwave.obj
 0004:00002e66       ?SetState@CMiniportWaveCyclicStreamHDA@@UAGJW4KSSTATE@@@Z 00017206 f   minwave.obj
 0005:00000000       _DriverEntry@8             00017260 f   adapter.obj
 0005:00000018       __IMPORT_DESCRIPTOR_ntoskrnl 00017278     ntoskrnl:ntoskrnl.exe
 0005:0000002c       __IMPORT_DESCRIPTOR_HAL    0001728c     hal:HAL.dll
 0005:00000040       __IMPORT_DESCRIPTOR_portcls 000172a0     portcls:portcls.sys
 0005:00000054       __NULL_IMPORT_DESCRIPTOR   000172b4     ntoskrnl:ntoskrnl.exe

 entry point at        0005:00000000

 Static symbols

 0004:00001c4a       ?PropertyHandler_OnOff@@YGJPAU_PCPROPERTY_REQUEST@@@Z 00015fea f   mintopo.obj
 0004:00001de8       ?PropertyHandler_SuperMixCaps@@YGJPAU_PCPROPERTY_REQUEST@@@Z 00016188 f   mintopo.obj
 0004:00001fc2       ?PropertyHandler_SuperMixTable@@YGJPAU_PCPROPERTY_REQUEST@@@Z 00016362 f   mintopo.obj
 0004:000022de       ?PropertyHandler_CpuResources@@YGJPAU_PCPROPERTY_REQUEST@@@Z 0001667e f   mintopo.obj
 0001:00002200       ?PropertyHandler_Level@@YGJPAU_PCPROPERTY_REQUEST@@@Z 000124e0 f   mintopo.obj
 0004:0000236a       ?BasicSupportHandler@@YGJPAU_PCPROPERTY_REQUEST@@@Z 0001670a f   mintopo.obj
 0001:00000058       ?AllocateAlignedCommonBuffer@@YGJPAU_DMA_ADAPTER@@KKPAU_HDA_DMA_COMMON_BUFFER@@@Z 00010338 f   common.obj
 0001:00000132       ?ResetCommonBufferDescriptor@@YGXPAU_HDA_DMA_COMMON_BUFFER@@@Z 00010412 f   common.obj
 0001:00000142       ?FreeAlignedCommonBuffer@@YGXPAU_DMA_ADAPTER@@PAU_HDA_DMA_COMMON_BUFFER@@@Z 00010422 f   common.obj

 309 bytes saved through ICF

