 HDA

 Timestamp is 6a1f7113 (Tue Jun 02 17:10:59 2026)

 Preferred load address is 00010000

 Start         Length     Name                   Class
 0001:00000000 00002cbaH .text                   CODE
 0002:00000000 000000b4H .idata$5                DATA
 0002:000000b8 000006b0H .rdata                  DATA
 0003:00000000 00000d10H .data                   DATA
 0003:00000d10 0000001eH .bss                    DATA
 0004:00000000 00002f6bH PAGE                    CODE
 0005:00000000 00000015H INIT                    CODE
 0005:00000018 0000003cH .idata$2                CODE
 0005:00000054 00000014H .idata$3                CODE
 0005:00000068 000000b4H .idata$4                CODE
 0005:0000011c 000003b0H .idata$6                CODE
 0006:00000000 00000058H .rsrc$01                DATA
 0006:00000060 000003d0H .rsrc$02                DATA

  Address         Publics by Value              Rva+Base     Lib:Object

 0001:00000000       ?QueryInterface@CAdapterCommon@@UAGJABU_GUID@@PAPAX@Z 000102e0 f i common.obj
 0001:00000018       ?AddRef@CAdapterCommon@@UAGKXZ 000102f8 f i common.obj
 0001:00000028       ?Release@CAdapterCommon@@UAGKXZ 00010308 f i common.obj
 0001:00000038       ??_ECAdapterCommon@@UAEPAXI@Z 00010318 f i common.obj
 0001:00000038       ??_GCAdapterCommon@@UAEPAXI@Z 00010318 f i common.obj
 0001:00000192       ?hda_is_supported_sample_rate@CAdapterCommon@@UAGEK@Z 00010472 f   common.obj
 0001:000001de       ?hda_send_verb@CAdapterCommon@@UAGKKKKK@Z 000104be f   common.obj
 0001:00000376       ?ReadController@CAdapterCommon@@UAGEXZ 00010656 f   common.obj
 0001:0000037c       ?WriteController@CAdapterCommon@@UAGEE@Z 0001065c f   common.obj
 0001:00000382       ?MixerRegWrite@CAdapterCommon@@UAGXEE@Z 00010662 f   common.obj
 0001:000003ce       ?MixerRegRead@CAdapterCommon@@UAGEE@Z 000106ae f   common.obj
 0001:000003ec       ?MixerReset@CAdapterCommon@@UAGXXZ 000106cc f   common.obj
 0001:000003fa       ?AcknowledgeIRQ@CAdapterCommon@@AAE?AW4_HDA_INTERRUPT_TYPE@@XZ 000106da f   common.obj
 0001:0000050e       ?ResetController@CAdapterCommon@@UAGJXZ 000107ee f   common.obj
 0001:00000536       ?RestoreMixerSettingsFromRegistry@CAdapterCommon@@UAGJXZ 00010816 f   common.obj
 0001:00000694       ?SaveMixerSettingsToRegistry@CAdapterCommon@@UAGJXZ 00010974 f   common.obj
 0001:00000790       ?ProgramSampleRate@CAdapterCommon@@UAGJK@Z 00010a70 f   common.obj
 0001:000007f0       ?PowerChangeState@CAdapterCommon@@UAGXT_POWER_STATE@@@Z 00010ad0 f   common.obj
 0001:0000084e       ?QueryPowerChangeState@CAdapterCommon@@UAGJT_POWER_STATE@@@Z 00010b2e f   common.obj
 0001:0000084e       ?QueryDeviceCapabilities@CAdapterCommon@@UAGJPAU_DEVICE_CAPABILITIES@@@Z 00010b2e f   common.obj
 0001:00000854       ?InterruptServiceRoutine@@YGJPAUIInterruptSync@@PAX@Z 00010b34 f   common.obj
 0001:0000088c       ?hda_stop_stream@CAdapterCommon@@UAGJXZ 00010b6c f   common.obj
 0001:00000982       ?hda_start_sound@CAdapterCommon@@UAGXXZ 00010c62 f   common.obj
 0001:000009c0       ?hda_stop_sound@CAdapterCommon@@UAGXXZ 00010ca0 f   common.obj
 0001:00000a06       ?hda_get_actual_stream_position@CAdapterCommon@@UAGKXZ 00010ce6 f   common.obj
 0001:00000a82       ?hda_set_volume@CAdapterCommon@@QAGXKE@Z 00010d62 f   common.obj
 0001:00000ac2       ?readUCHAR@CAdapterCommon@@QAGEG@Z 00010da2 f   common.obj
 0001:00000ada       ?writeUCHAR@CAdapterCommon@@QAGXGE@Z 00010dba f   common.obj
 0001:00000af6       ?readUSHORT@CAdapterCommon@@QAGGG@Z 00010dd6 f   common.obj
 0001:00000b0e       ?writeUSHORT@CAdapterCommon@@QAGXGG@Z 00010dee f   common.obj
 0001:00000b2a       ?readULONG@CAdapterCommon@@QAGKG@Z 00010e0a f   common.obj
 0001:00000b42       ?writeULONG@CAdapterCommon@@QAGXGK@Z 00010e22 f   common.obj
 0001:00000b5e       ?hda_setup_stream_descriptor@CAdapterCommon@@UAGJPAUIDmaChannel@@@Z 00010e3e f   common.obj
 0001:00000ce6       ?ReadWriteConfigSpace@CAdapterCommon@@AAGJPAU_DEVICE_OBJECT@@KPAXKK@Z 00010fc6 f   common.obj
 0001:00000d8e       ?WriteConfigSpaceByte@CAdapterCommon@@AAGJEEE@Z 0001106e f   common.obj
 0001:00000dc4       ?WriteConfigSpaceWord@CAdapterCommon@@AAGJEGG@Z 000110a4 f   common.obj
 0001:00000dfa       ?CacheLineFlush@CAdapterCommon@@UAGXPAXK@Z 000110da f   common.obj
 0001:00000e36       ?QueryInterface@CAdapterCommon@@W3AGJABU_GUID@@PAPAX@Z 00011116 f i common.obj
 0001:00000e40       ?AddRef@CAdapterCommon@@W3AGKXZ 00011120 f i common.obj
 0001:00000e4a       ?Release@CAdapterCommon@@W3AGKXZ 0001112a f i common.obj
 0001:00000e54       ??0HDA_Codec@@QAE@EEEPAUIAdapterCommon@@@Z 00011134 f   codec.obj
 0001:00000e9a       ??1HDA_Codec@@QAE@XZ       0001117a f   codec.obj
 0001:00000ebe       ?InitializeCodec@HDA_Codec@@QAGJXZ 0001119e f   codec.obj
 0001:00001340       ?hda_initialize_audio_function_group@HDA_Codec@@QAGJK@Z 00011620 f   codec.obj
 0001:00001a02       ?hda_get_node_type@HDA_Codec@@QAGEK@Z 00011ce2 f   codec.obj
 0001:00001a20       ?hda_get_node_connection_entries@HDA_Codec@@QAGKKK@Z 00011d00 f   codec.obj
 0001:00001a9e       ?hda_enable_pin_output@HDA_Codec@@QAGXK@Z 00011d7e f   codec.obj
 0001:00001aca       ?hda_disable_pin_output@HDA_Codec@@QAGXK@Z 00011daa f   codec.obj
 0001:00001af6       ?hda_is_headphone_connected@HDA_Codec@@QAGEXZ 00011dd6 f   codec.obj
 0001:00001b28       ?hda_initialize_output_pin@HDA_Codec@@QAGXKAAUHDA_NODE_PATH@@@Z 00011e08 f   codec.obj
 0001:00001c4a       ?hda_initialize_audio_output@HDA_Codec@@QAGXKAAUHDA_NODE_PATH@@@Z 00011f2a f   codec.obj
 0001:00001d5c       ?hda_initialize_audio_mixer@HDA_Codec@@QAGXKAAUHDA_NODE_PATH@@@Z 0001203c f   codec.obj
 0001:00001e3a       ?hda_initialize_audio_selector@HDA_Codec@@QAGXKAAUHDA_NODE_PATH@@@Z 0001211a f   codec.obj
 0001:00001f48       ?ProgramSampleRate@HDA_Codec@@QAGJK@Z 00012228 f   codec.obj
 0001:00001fd4       ?hda_check_headphone_connection_change@HDA_Codec@@QAGXXZ 000122b4 f   codec.obj
 0001:00002030       ?hda_is_supported_sample_rate@HDA_Codec@@QAGEK@Z 00012310 f   codec.obj
 0001:000020ce       ?hda_set_volume@HDA_Codec@@QAGXKE@Z 000123ae f   codec.obj
 0001:00002104       ?hda_set_node_gain@HDA_Codec@@QAGXKKKKE@Z 000123e4 f   codec.obj
 0001:0000216c       ?hda_send_verb@HDA_Codec@@QAGKKKK@Z 0001244c f   codec.obj
 0001:0000218c       ?hda_return_sound_data_format@HDA_Codec@@QAGGKKK@Z 0001246c f   codec.obj
 0001:0000218c       ?hda_return_sound_data_format@CAdapterCommon@@QAGGKKK@Z 0001246c f   codec.obj
 0001:0000224e       ?QueryInterface@CMiniportTopologyHDA@@UAGJABU_GUID@@PAPAX@Z 0001252e f i mintopo.obj
 0001:0000224e       ?QueryInterface@CMiniportWaveCyclicHDA@@UAGJABU_GUID@@PAPAX@Z 0001252e f i mintopo.obj
 0001:0000224e       ?QueryInterface@CMiniportWaveCyclicStreamHDA@@UAGJABU_GUID@@PAPAX@Z 0001252e f i mintopo.obj
 0001:00002266       ?DataRangeIntersection@CMiniportTopologyHDA@@UAGJKPATKSDATAFORMAT@@0KPAXPAK@Z 00012546 f i mintopo.obj
 0001:0000226e       ??_ECMiniportTopologyHDA@@UAEPAXI@Z 0001254e f i mintopo.obj
 0001:0000226e       ??_GCMiniportTopologyHDA@@UAEPAXI@Z 0001254e f i mintopo.obj
 0001:0000266c       ?ReadBitsFromMixer@CMiniportTopologyHDA@@AAEEEEE@Z 0001294c f   mintopo.obj
 0001:00002694       ?WriteBitsToMixer@CMiniportTopologyHDA@@AAEXEEEE@Z 00012974 f   mintopo.obj
 0001:000026ea       ??_GCMiniportWaveCyclicHDA@@UAEPAXI@Z 000129ca f i minwave.obj
 0001:000026ea       ??_ECMiniportWaveCyclicHDA@@UAEPAXI@Z 000129ca f i minwave.obj
 0001:0000270a       ??0CMyDmaChannel@@QAE@PAUIDmaChannel@@@Z 000129ea f i minwave.obj
 0001:00002776       ?QueryInterface@CMyDmaChannel@@UAGJABU_GUID@@PAPAX@Z 00012a56 f i minwave.obj
 0001:000027c6       ?AddRef@CMyDmaChannel@@UAGKXZ 00012aa6 f i minwave.obj
 0001:000027d6       ?Release@CMyDmaChannel@@UAGKXZ 00012ab6 f i minwave.obj
 0001:00002802       ?AllocateBuffer@CMyDmaChannel@@UAGJKPAT_LARGE_INTEGER@@@Z 00012ae2 f i minwave.obj
 0001:000028ec       ?FreeBuffer@CMyDmaChannel@@UAGXXZ 00012bcc f i minwave.obj
 0001:0000290e       ?SystemAddress@CMyDmaChannel@@UAGPAXXZ 00012bee f i minwave.obj
 0001:0000292a       ?CopyTo@CMyDmaChannel@@UAGXPAX0K@Z 00012c0a f i minwave.obj
 0001:00002974       ?CopyFrom@CMyDmaChannel@@UAGXPAX0K@Z 00012c54 f i minwave.obj
 0001:00002990       ?AllocatedBufferSize@CMyDmaChannel@@UAGKXZ 00012c70 f i minwave.obj
 0001:000029ac       ?BufferSize@CMyDmaChannel@@UAGKXZ 00012c8c f i minwave.obj
 0001:000029c8       ?SetBufferSize@CMyDmaChannel@@UAGXK@Z 00012ca8 f i minwave.obj
 0001:000029e0       ?PhysicalAddress@CMyDmaChannel@@UAG?AT_LARGE_INTEGER@@XZ 00012cc0 f i minwave.obj
 0001:00002a1c       ?MaximumBufferSize@CMyDmaChannel@@UAGKXZ 00012cfc f i minwave.obj
 0001:00002a38       ?TransferCount@CMyDmaChannel@@UAGKXZ 00012d18 f i minwave.obj
 0001:00002a48       ?GetAdapterObject@CMyDmaChannel@@UAGPAU_DMA_ADAPTER@@XZ 00012d28 f i minwave.obj
 0001:00002a58       ?AddRef@CMiniportWaveCyclicHDA@@UAGKXZ 00012d38 f i minwave.obj
 0001:00002a58       ?AddRef@CMiniportTopologyHDA@@UAGKXZ 00012d38 f i minwave.obj
 0001:00002a58       ?AddRef@CMiniportWaveCyclicStreamHDA@@UAGKXZ 00012d38 f i minwave.obj
 0001:00002a68       ?Release@CMiniportWaveCyclicHDA@@UAGKXZ 00012d48 f i minwave.obj
 0001:00002a68       ?Release@CMiniportWaveCyclicStreamHDA@@UAGKXZ 00012d48 f i minwave.obj
 0001:00002a68       ?Release@CMiniportTopologyHDA@@UAGKXZ 00012d48 f i minwave.obj
 0001:00002a78       ??_ECMiniportWaveCyclicStreamHDA@@UAEPAXI@Z 00012d58 f i minwave.obj
 0001:00002a78       ??_GCMiniportWaveCyclicStreamHDA@@UAEPAXI@Z 00012d58 f i minwave.obj
 0001:00002a98       ?GetPosition@CMiniportWaveCyclicStreamHDA@@UAGJPAK@Z 00012d78 f   minwave.obj
 0001:00002b00       ?NormalizePhysicalPosition@CMiniportWaveCyclicStreamHDA@@UAGJPA_J@Z 00012de0 f   minwave.obj
 0001:00002b48       ?Silence@CMiniportWaveCyclicStreamHDA@@UAGXPAXK@Z 00012e28 f   minwave.obj
 0001:00002b82       _DbgPrint                  00012e62 f   ntoskrnl:ntoskrnl.exe
 0001:00002b88       __alldiv                   00012e68 f   ntoskrnl:ntoskrnl.exe
 0001:00002b8e       __allmul                   00012e6e f   ntoskrnl:ntoskrnl.exe
 0001:00002b94       _PcInitializeAdapterDriver@12 00012e74 f   portcls:portcls.sys
 0001:00002b9a       _PcAddAdapterDevice@20     00012e7a f   portcls:portcls.sys
 0001:00002ba0       _PcRegisterSubdevice@12    00012e80 f   portcls:portcls.sys
 0001:00002ba6       _PcNewMiniport@8           00012e86 f   portcls:portcls.sys
 0001:00002bac       _PcNewPort@8               00012e8c f   portcls:portcls.sys
 0001:00002bb2       _PcRegisterPhysicalConnection@20 00012e92 f   portcls:portcls.sys
 0001:00002bb8       _PcRegisterAdapterPowerManagement@8 00012e98 f   portcls:portcls.sys
 0001:00002bbe       _PcNewResourceSublist@20   00012e9e f   portcls:portcls.sys
 0001:00002bc4       _PcNewInterruptSync@20     00012ea4 f   portcls:portcls.sys
 0001:00002bca       _PcNewRegistryKey@36       00012eaa f   portcls:portcls.sys
 0001:00002bd0       _PcNewServiceGroup@8       00012eb0 f   portcls:portcls.sys
 0001:00002bd6       ??0CUnknown@@QAE@PAUIUnknown@@@Z 00012eb6 f   stdunk:stdunk.obj
 0001:00002bf5       ??_ECUnknown@@UAEPAXI@Z    00012ed5 f i stdunk:stdunk.obj
 0001:00002bf5       ??_GCUnknown@@UAEPAXI@Z    00012ed5 f i stdunk:stdunk.obj
 0001:00002c11       ??1CUnknown@@UAE@XZ        00012ef1 f   stdunk:stdunk.obj
 0001:00002c18       ?NonDelegatingAddRef@CUnknown@@UAGKXZ 00012ef8 f   stdunk:stdunk.obj
 0001:00002c2e       ?NonDelegatingRelease@CUnknown@@UAGKXZ 00012f0e f   stdunk:stdunk.obj
 0001:00002c5d       ?NonDelegatingQueryInterface@CUnknown@@UAGJABU_GUID@@PAPAX@Z 00012f3d f   stdunk:stdunk.obj
 0002:00000000       __imp_@ExAcquireFastMutex@4 00012fa0     hal:HAL.dll
 0002:00000004       __imp_@KfAcquireSpinLock@4 00012fa4     hal:HAL.dll
 0002:00000008       __imp_@ExReleaseFastMutex@4 00012fa8     hal:HAL.dll
 0002:0000000c       __imp__KeStallExecutionProcessor@4 00012fac     hal:HAL.dll
 0002:00000010       __imp_@KfReleaseSpinLock@8 00012fb0     hal:HAL.dll
 0002:00000014       \177HAL_NULL_THUNK_DATA    00012fb4     hal:HAL.dll
 0002:00000018       __imp__KeInitializeSpinLock@4 00012fb8     ntoskrnl:ntoskrnl.exe
 0002:0000001c       __imp__MmUnmapIoSpace@8    00012fbc     ntoskrnl:ntoskrnl.exe
 0002:00000020       __imp__RtlInitUnicodeString@8 00012fc0     ntoskrnl:ntoskrnl.exe
 0002:00000024       __imp__READ_REGISTER_ULONG@4 00012fc4     ntoskrnl:ntoskrnl.exe
 0002:00000028       __imp__WRITE_REGISTER_ULONG@8 00012fc8     ntoskrnl:ntoskrnl.exe
 0002:0000002c       __imp__READ_REGISTER_UCHAR@4 00012fcc     ntoskrnl:ntoskrnl.exe
 0002:00000030       __imp__WRITE_REGISTER_UCHAR@8 00012fd0     ntoskrnl:ntoskrnl.exe
 0002:00000034       __imp__READ_REGISTER_USHORT@4 00012fd4     ntoskrnl:ntoskrnl.exe
 0002:00000038       __imp__WRITE_REGISTER_USHORT@8 00012fd8     ntoskrnl:ntoskrnl.exe
 0002:0000003c       __imp__DbgPrint            00012fdc     ntoskrnl:ntoskrnl.exe
 0002:00000040       __imp__KeInitializeEvent@12 00012fe0     ntoskrnl:ntoskrnl.exe
 0002:00000044       __imp_@IofCallDriver@8     00012fe4     ntoskrnl:ntoskrnl.exe
 0002:00000048       __imp__IoBuildSynchronousFsdRequest@28 00012fe8     ntoskrnl:ntoskrnl.exe
 0002:0000004c       __imp__IoGetAttachedDeviceReference@4 00012fec     ntoskrnl:ntoskrnl.exe
 0002:00000050       __imp_@InterlockedIncrement@4 00012ff0     ntoskrnl:ntoskrnl.exe
 0002:00000054       __imp_@InterlockedDecrement@4 00012ff4     ntoskrnl:ntoskrnl.exe
 0002:00000058       __imp__ExFreePool@4        00012ff8     ntoskrnl:ntoskrnl.exe
 0002:0000005c       __imp__KeReleaseMutex@8    00012ffc     ntoskrnl:ntoskrnl.exe
 0002:00000060       __imp___alldiv             00013000     ntoskrnl:ntoskrnl.exe
 0002:00000064       __imp___allmul             00013004     ntoskrnl:ntoskrnl.exe
 0002:00000068       __imp__ExAllocatePoolWithTag@12 00013008     ntoskrnl:ntoskrnl.exe
 0002:0000006c       __imp__MmMapIoSpace@16     0001300c     ntoskrnl:ntoskrnl.exe
 0002:00000070       __imp__IoGetDmaAdapter@12  00013010     ntoskrnl:ntoskrnl.exe
 0002:00000074       __imp_@ObfDereferenceObject@4 00013014     ntoskrnl:ntoskrnl.exe
 0002:00000078       __imp__KeWaitForSingleObject@20 00013018     ntoskrnl:ntoskrnl.exe
 0002:0000007c       __imp__KeInitializeMutex@8 0001301c     ntoskrnl:ntoskrnl.exe
 0002:00000080       \177ntoskrnl_NULL_THUNK_DATA 00013020     ntoskrnl:ntoskrnl.exe
 0002:00000084       __imp__PcRegisterAdapterPowerManagement@8 00013024     portcls:portcls.sys
 0002:00000088       __imp__PcAddAdapterDevice@20 00013028     portcls:portcls.sys
 0002:0000008c       __imp__PcRegisterSubdevice@12 0001302c     portcls:portcls.sys
 0002:00000090       __imp__PcNewMiniport@8     00013030     portcls:portcls.sys
 0002:00000094       __imp__PcNewPort@8         00013034     portcls:portcls.sys
 0002:00000098       __imp__PcRegisterPhysicalConnection@20 00013038     portcls:portcls.sys
 0002:0000009c       __imp__PcInitializeAdapterDriver@12 0001303c     portcls:portcls.sys
 0002:000000a0       __imp__PcNewResourceSublist@20 00013040     portcls:portcls.sys
 0002:000000a4       __imp__PcNewInterruptSync@20 00013044     portcls:portcls.sys
 0002:000000a8       __imp__PcNewRegistryKey@36 00013048     portcls:portcls.sys
 0002:000000ac       __imp__PcNewServiceGroup@8 0001304c     portcls:portcls.sys
 0002:000000b0       \177portcls_NULL_THUNK_DATA 00013050     portcls:portcls.sys
 0002:00000118       _IID_IAdapterCommon        000130b8     adapter.obj
 0002:00000128       _CLSID_MiniportDriverFmSynth 000130c8     adapter.obj
 0002:00000138       _CLSID_PortWaveCyclic      000130d8     adapter.obj
 0002:00000148       _CLSID_PortTopology        000130e8     adapter.obj
 0002:00000158       _CLSID_PortMidi            000130f8     adapter.obj
 0002:00000168       _IID_IAdapterPowerManagment 00013108     adapter.obj
 0002:00000178       _IID_IMiniportWaveCyclicStream 00013118     adapter.obj
 0002:00000188       _IID_IMiniportWaveCyclic   00013128     adapter.obj
 0002:00000198       _IID_IPortWaveCyclic       00013138     adapter.obj
 0002:000001a8       _IID_IMiniportTopology     00013148     adapter.obj
 0002:000001b8       _IID_IDmaChannel           00013158     adapter.obj
 0002:000001c8       _IID_IMiniport             00013168     adapter.obj
 0002:000001d8       _IID_IUnknown              00013178     adapter.obj
 0002:000001e8       ??_C@_1BE@FFBG@?$AAU?$AAs?$AAe?$AAD?$AAm?$AAa?$AAP?$AAo?$AAs?$AA?$AA@ 00013188     common.obj
 0002:000001fc       ??_C@_1CA@DADJ@?$AAU?$AAs?$AAe?$AAD?$AAi?$AAs?$AAa?$AAb?$AAl?$AAe?$AAd?$AAP?$AAi?$AAn?$AAs?$AA?$AA@ 0001319c     common.obj
 0002:0000021c       ??_C@_1BC@MBIB@?$AAU?$AAs?$AAe?$AAS?$AAP?$AAD?$AAI?$AAF?$AA?$AA@ 000131bc     common.obj
 0002:00000230       ??_C@_1BE@ONOC@?$AAU?$AAs?$AAe?$AAA?$AAl?$AAt?$AAO?$AAu?$AAt?$AA?$AA@ 000131d0     common.obj
 0002:00000244       ??_C@_1BO@LMMA@?$AAS?$AAk?$AAi?$AAp?$AAC?$AAo?$AAd?$AAe?$AAc?$AAR?$AAe?$AAs?$AAe?$AAt?$AA?$AA@ 000131e4     common.obj
 0002:00000264       ??_C@_1CI@JKGI@?$AAS?$AAk?$AAi?$AAp?$AAC?$AAo?$AAn?$AAt?$AAr?$AAo?$AAl?$AAl?$AAe?$AAr?$AAR?$AAe?$AAs?$AAe?$AAt?$AA?$AA@ 00013204     common.obj
 0002:0000028c       ??_C@_1BE@ENEK@?$AAR?$AAi?$AAg?$AAh?$AAt?$AAB?$AAa?$AAs?$AAs?$AA?$AA@ 0001322c     common.obj
 0002:000002a0       ??_C@_1BC@JMJO@?$AAL?$AAe?$AAf?$AAt?$AAB?$AAa?$AAs?$AAs?$AA?$AA@ 00013240     common.obj
 0002:000002b4       ??_C@_1BI@KGAJ@?$AAR?$AAi?$AAg?$AAh?$AAt?$AAT?$AAr?$AAe?$AAb?$AAl?$AAe?$AA?$AA@ 00013254     common.obj
 0002:000002cc       ??_C@_1BG@BGGD@?$AAL?$AAe?$AAf?$AAt?$AAT?$AAr?$AAe?$AAb?$AAl?$AAe?$AA?$AA@ 0001326c     common.obj
 0002:000002e4       ??_C@_1O@IECC@?$AAM?$AAi?$AAc?$AAA?$AAG?$AAC?$AA?$AA@ 00013284     common.obj
 0002:000002f4       ??_C@_1CA@EJHI@?$AAR?$AAi?$AAg?$AAh?$AAt?$AAO?$AAu?$AAt?$AAp?$AAu?$AAt?$AAG?$AAa?$AAi?$AAn?$AA?$AA@ 00013294     common.obj
 0002:00000314       ??_C@_1BO@PPLI@?$AAL?$AAe?$AAf?$AAt?$AAO?$AAu?$AAt?$AAp?$AAu?$AAt?$AAG?$AAa?$AAi?$AAn?$AA?$AA@ 000132b4     common.obj
 0002:00000334       ??_C@_1BO@PMCJ@?$AAR?$AAi?$AAg?$AAh?$AAt?$AAI?$AAn?$AAp?$AAu?$AAt?$AAG?$AAa?$AAi?$AAn?$AA?$AA@ 000132d4     common.obj
 0002:00000354       ??_C@_1BM@CFEM@?$AAL?$AAe?$AAf?$AAt?$AAI?$AAn?$AAp?$AAu?$AAt?$AAG?$AAa?$AAi?$AAn?$AA?$AA@ 000132f4     common.obj
 0002:00000370       ??_C@_1CA@CIKM@?$AAR?$AAi?$AAg?$AAh?$AAt?$AAI?$AAn?$AAp?$AAu?$AAt?$AAM?$AAi?$AAx?$AAe?$AAr?$AA?$AA@ 00013310     common.obj
 0002:00000390       ??_C@_1BO@JOGM@?$AAL?$AAe?$AAf?$AAt?$AAI?$AAn?$AAp?$AAu?$AAt?$AAM?$AAi?$AAx?$AAe?$AAr?$AA?$AA@ 00013330     common.obj
 0002:000003b0       ??_C@_1BI@BMOJ@?$AAO?$AAu?$AAt?$AAp?$AAu?$AAt?$AAM?$AAi?$AAx?$AAe?$AAr?$AA?$AA@ 00013350     common.obj
 0002:000003c8       ??_C@_1BE@GLOL@?$AAP?$AAc?$AAS?$AAp?$AAk?$AAr?$AAV?$AAo?$AAl?$AA?$AA@ 00013368     common.obj
 0002:000003dc       ??_C@_1O@MNBB@?$AAM?$AAi?$AAc?$AAV?$AAo?$AAl?$AA?$AA@ 0001337c     common.obj
 0002:000003ec       ??_C@_1BO@HCKE@?$AAR?$AAi?$AAg?$AAh?$AAt?$AAL?$AAi?$AAn?$AAe?$AAI?$AAn?$AAV?$AAo?$AAl?$AA?$AA@ 0001338c     common.obj
 0002:0000040c       ??_C@_1BM@KLMB@?$AAL?$AAe?$AAf?$AAt?$AAL?$AAi?$AAn?$AAe?$AAI?$AAn?$AAV?$AAo?$AAl?$AA?$AA@ 000133ac     common.obj
 0002:00000428       ??_C@_1BG@COJL@?$AAR?$AAi?$AAg?$AAh?$AAt?$AAC?$AAD?$AAV?$AAo?$AAl?$AA?$AA@ 000133c8     common.obj
 0002:00000440       ??_C@_1BE@KMKA@?$AAL?$AAe?$AAf?$AAt?$AAC?$AAD?$AAV?$AAo?$AAl?$AA?$AA@ 000133e0     common.obj
 0002:00000454       ??_C@_1BK@JCIM@?$AAR?$AAi?$AAg?$AAh?$AAt?$AAM?$AAi?$AAd?$AAi?$AAV?$AAo?$AAl?$AA?$AA@ 000133f4     common.obj
 0002:00000470       ??_C@_1BI@KBIJ@?$AAL?$AAe?$AAf?$AAt?$AAM?$AAi?$AAd?$AAi?$AAV?$AAo?$AAl?$AA?$AA@ 00013410     common.obj
 0002:00000488       ??_C@_1BK@MFCG@?$AAR?$AAi?$AAg?$AAh?$AAt?$AAW?$AAa?$AAv?$AAe?$AAV?$AAo?$AAl?$AA?$AA@ 00013428     common.obj
 0002:000004a4       ??_C@_1BI@PGCD@?$AAL?$AAe?$AAf?$AAt?$AAW?$AAa?$AAv?$AAe?$AAV?$AAo?$AAl?$AA?$AA@ 00013444     common.obj
 0002:000004bc       ??_C@_1BO@NHA@?$AAR?$AAi?$AAg?$AAh?$AAt?$AAM?$AAa?$AAs?$AAt?$AAe?$AAr?$AAV?$AAo?$AAl?$AA?$AA@ 0001345c     common.obj
 0002:000004dc       ??_C@_1BM@NEBF@?$AAL?$AAe?$AAf?$AAt?$AAM?$AAa?$AAs?$AAt?$AAe?$AAr?$AAV?$AAo?$AAl?$AA?$AA@ 0001347c     common.obj
 0002:000004f8       ??_7CAdapterCommon@@6BIAdapterPowerManagement@@@ 00013498     common.obj
 0002:00000510       ??_7CAdapterCommon@@6BIAdapterCommon@@@ 000134b0     common.obj
 0002:00000578       ??_7CAdapterCommon@@6BCUnknown@@@ 00013518     common.obj
 0002:00000650       ??_7CMiniportTopologyHDA@@6BIMiniportTopology@@@ 000135f0     mintopo.obj
 0002:00000668       ??_7CMiniportTopologyHDA@@6BCUnknown@@@ 00013608     mintopo.obj
 0002:00000678       ??_7CMiniportWaveCyclicHDA@@6BIMiniportWaveCyclic@@@ 00013618     minwave.obj
 0002:00000694       ??_7CMiniportWaveCyclicHDA@@6BCUnknown@@@ 00013634     minwave.obj
 0002:000006a4       ??_C@_09BAJA@SSE2?5?$CFd?5?6?$AA@ 00013644     minwave.obj
 0002:000006b0       ??_7CMyDmaChannel@@6B@     00013650     minwave.obj
 0002:000006ec       ??_C@_0DG@LDEH@Aligned?5DMA?5view?5invalid?5?$CIoff?$DN?$CFl@ 0001368c     minwave.obj
 0002:00000724       ??_7CMiniportWaveCyclicStreamHDA@@6BIMiniportWaveCyclicStream@@@ 000136c4     minwave.obj
 0002:00000748       ??_7CMiniportWaveCyclicStreamHDA@@6BCUnknown@@@ 000136e8     minwave.obj
 0002:00000758       ??_7CUnknown@@6B@          000136f8     stdunk:stdunk.obj
 0003:00000000       __GUID_b7902fe9_fb0a_11d1_81b0_0060083316c1 00013720     adapter.obj
 0003:00000010       __GUID_d3f0ce1c_fffc_11d1_81b0_0060083316c1 00013730     adapter.obj
 0003:00000020       __GUID_c096df9c_fb09_11d1_81b0_0060083316c1 00013740     adapter.obj
 0003:00000138       ?audBufSize@@3KA           00013858     common.obj
 0003:0000013c       ?BdlSize@@3KA              0001385c     common.obj
 0003:00000838       __GUID_185fedf6_9905_11d1_95a9_00c04fb925d3 00013f58     mintopo.obj
 0003:00000848       __GUID_185fedef_9905_11d1_95a9_00c04fb925d3 00013f68     mintopo.obj
 0003:00000858       __GUID_185fede1_9905_11d1_95a9_00c04fb925d3 00013f78     mintopo.obj
 0003:00000868       __GUID_185fede0_9905_11d1_95a9_00c04fb925d3 00013f88     mintopo.obj
 0003:00000878       __GUID_7607e580_c557_11d0_8a2b_00a0c9255ac1 00013f98     mintopo.obj
 0003:00000888       __GUID_185fede3_9905_11d1_95a9_00c04fb925d3 00013fa8     mintopo.obj
 0003:00000898       __GUID_da441a60_c556_11d0_8a2b_00a0c9255ac1 00013fb8     mintopo.obj
 0003:000008a8       __GUID_185fedee_9905_11d1_95a9_00c04fb925d3 00013fc8     mintopo.obj
 0003:000008b8       __GUID_02b223c0_c557_11d0_8a2b_00a0c9255ac1 00013fd8     mintopo.obj
 0003:000008c8       __GUID_185feded_9905_11d1_95a9_00c04fb925d3 00013fe8     mintopo.obj
 0003:000008d8       __GUID_e88c9ba0_c557_11d0_8a2b_00a0c9255ac1 00013ff8     mintopo.obj
 0003:000008e8       __GUID_185fedec_9905_11d1_95a9_00c04fb925d3 00014008     mintopo.obj
 0003:000008f8       __GUID_185fedeb_9905_11d1_95a9_00c04fb925d3 00014018     mintopo.obj
 0003:00000908       __GUID_185fedea_9905_11d1_95a9_00c04fb925d3 00014028     mintopo.obj
 0003:00000918       __GUID_185fede9_9905_11d1_95a9_00c04fb925d3 00014038     mintopo.obj
 0003:00000928       __GUID_185fede8_9905_11d1_95a9_00c04fb925d3 00014048     mintopo.obj
 0003:00000938       __GUID_e573adc0_c555_11d0_8a2b_00a0c9255ac1 00014058     mintopo.obj
 0003:00000948       __GUID_185fede7_9905_11d1_95a9_00c04fb925d3 00014068     mintopo.obj
 0003:00000958       __GUID_185fede5_9905_11d1_95a9_00c04fb925d3 00014078     mintopo.obj
 0003:00000968       __GUID_3a5acc00_c557_11d0_8a2b_00a0c9255ac1 00014088     mintopo.obj
 0003:00000978       __GUID_45ffaaa0_6e1b_11d0_bcf2_444553540000 00014098     mintopo.obj
 0003:00000988       __GUID_6994ad04_93ef_11d0_a3cc_00a0c9223196 000140a8     mintopo.obj
 0003:00000998       __GUID_185fedf7_9905_11d1_95a9_00c04fb925d3 000140b8     mintopo.obj
 0003:000009a8       __GUID_dff21ce1_f70f_11d0_b917_00a0c9223196 000140c8     mintopo.obj
 0003:000009b8       __GUID_dff21be1_f70f_11d0_b917_00a0c9223196 000140d8     mintopo.obj
 0003:000009c8       __GUID_185fedf9_9905_11d1_95a9_00c04fb925d3 000140e8     mintopo.obj
 0003:000009d8       __GUID_dff21fe3_f70f_11d0_b917_00a0c9223196 000140f8     mintopo.obj
 0003:000009e8       __GUID_185fedfb_9905_11d1_95a9_00c04fb925d3 00014108     mintopo.obj
 0003:000009f8       __GUID_dff220e3_f70f_11d0_b917_00a0c9223196 00014118     mintopo.obj
 0003:00000a08       __GUID_185fedf8_9905_11d1_95a9_00c04fb925d3 00014128     mintopo.obj
 0003:00000a18       __GUID_dff220f3_f70f_11d0_b917_00a0c9223196 00014138     mintopo.obj
 0003:00000a28       __GUID_dff21fe4_f70f_11d0_b917_00a0c9223196 00014148     mintopo.obj
 0003:00000a38       __GUID_97e99ba0_bdea_11cf_a5d6_28db04c10000 00014158     mintopo.obj
 0003:00000c80       __GUID_507ae360_c554_11d0_8a2b_00a0c9255ac1 000143a0     minwave.obj
 0003:00000c90       __GUID_4d837fe0_c555_11d0_8a2b_00a0c9255ac1 000143b0     minwave.obj
 0003:00000ca0       __GUID_185fedfa_9905_11d1_95a9_00c04fb925d3 000143c0     minwave.obj
 0003:00000cb0       __GUID_fb6c4281_0353_11d1_905f_0000c0cc16ba 000143d0     minwave.obj
 0003:00000cc0       __GUID_05589f81_c356_11ce_bf01_00aa0055595a 000143e0     minwave.obj
 0003:00000cd0       __GUID_00000001_0000_0010_8000_00aa00389b71 000143f0     minwave.obj
 0003:00000ce0       __GUID_73647561_0000_0010_8000_00aa00389b71 00014400     minwave.obj
 0003:00000cf0       __GUID_0f6417d6_c318_11d0_a43f_00a0c9223196 00014410     minwave.obj
 0003:00000d00       __GUID_518590a2_a184_11d0_8522_00c04fd9baf3 00014420     minwave.obj
 0003:00000d10       ?PDO@@3PAU_DEVICE_OBJECT@@A 00014430     adapter.obj
 0003:00000d18       __GUID_00000000_0000_0000_0000_000000000000 00014438     adapter.obj
 0004:00000000       _AddDevice@8               00014460 f   adapter.obj
 0004:00000020       ?InstallSubdevice@@YGJPAU_DEVICE_OBJECT@@PAU_IRP@@PAGABU_GUID@@3P6GJPAPAUIUnknown@@3PAU4@W4_POOL_TYPE@@@Z5PAUIResourceList@@344@Z 00014480 f   adapter.obj
 0004:00000126       ?StartDevice@@YGJPAU_DEVICE_OBJECT@@PAU_IRP@@PAUIResourceList@@@Z 00014586 f   adapter.obj
 0004:0000037a       ?AssignResources@@YGJPAUIResourceList@@PAPAU1@11111@Z 000147da f   adapter.obj
 0004:00000528       ?NewAdapterCommon@@YGJPAPAUIUnknown@@ABU_GUID@@PAU1@W4_POOL_TYPE@@@Z 00014988 f   common.obj
 0004:00000821       ?Init@CAdapterCommon@@UAGJPAUIResourceList@@PAU_DEVICE_OBJECT@@1@Z 00014c81 f   common.obj
 0004:00001198       ??1CAdapterCommon@@UAE@XZ  000155f8 f   common.obj
 0004:00001316       ?NonDelegatingQueryInterface@CAdapterCommon@@UAGJABU_GUID@@PAPAX@Z 00015776 f   common.obj
 0004:000013d6       ?WavePortDriverDest@CAdapterCommon@@UAGPAPAUIUnknown@@XZ 00015836 f   common.obj
 0004:000013e2       ?GetInterruptSync@CAdapterCommon@@UAGPAUIInterruptSync@@XZ 00015842 f   common.obj
 0004:000013f0       ?GetDeviceDescription@CAdapterCommon@@UAGPAU_DEVICE_DESCRIPTION@@XZ 00015850 f   common.obj
 0004:000013fa       ?MidiPortDriverDest@CAdapterCommon@@UAGPAPAUIUnknown@@XZ 0001585a f   common.obj
 0004:00001406       ?SetWaveServiceGroup@CAdapterCommon@@UAGXPAUIServiceGroup@@@Z 00015866 f   common.obj
 0004:00001456       ?InitHDAController@CAdapterCommon@@QAGJXZ 000158b6 f   common.obj
 0004:0000195c       ?TryInitializeCodecSlot@CAdapterCommon@@AAGJEPBD@Z 00015dbc f   common.obj
 0004:00001a40       ?ReadRegistryBoolean@CAdapterCommon@@AAGEPBGE@Z 00015ea0 f   common.obj
 0004:00001b1c       ?CreateMiniportTopologyHDA@@YGJPAPAUIUnknown@@ABU_GUID@@PAU1@W4_POOL_TYPE@@@Z 00015f7c f   mintopo.obj
 0004:00001b7c       ?ProcessResources@CMiniportTopologyHDA@@AAEJPAUIResourceList@@@Z 00015fdc f   mintopo.obj
 0004:00001ba0       ?NonDelegatingQueryInterface@CMiniportTopologyHDA@@UAGJABU_GUID@@PAPAX@Z 00016000 f   mintopo.obj
 0004:00001c4e       ??1CMiniportTopologyHDA@@UAE@XZ 000160ae f   mintopo.obj
 0004:00001c92       ?Init@CMiniportTopologyHDA@@UAGJPAUIUnknown@@PAUIResourceList@@PAUIPortTopology@@@Z 000160f2 f   mintopo.obj
 0004:00001cf4       ?GetDescription@CMiniportTopologyHDA@@UAGJPAPAUPCFILTER_DESCRIPTOR@@@Z 00016154 f   mintopo.obj
 0004:00002518       ?CreateMiniportWaveCyclicHDA@@YGJPAPAUIUnknown@@ABU_GUID@@PAU1@W4_POOL_TYPE@@@Z 00016978 f   minwave.obj
 0004:00002578       ?ProcessResources@CMiniportWaveCyclicHDA@@AAEJPAUIResourceList@@@Z 000169d8 f   minwave.obj
 0004:00002686       ?ValidateFormat@CMiniportWaveCyclicHDA@@AAEJPATKSDATAFORMAT@@@Z 00016ae6 f   minwave.obj
 0004:00002770       ?NonDelegatingQueryInterface@CMiniportWaveCyclicHDA@@UAGJABU_GUID@@PAPAX@Z 00016bd0 f   minwave.obj
 0004:0000281e       ??1CMiniportWaveCyclicHDA@@UAE@XZ 00016c7e f   minwave.obj
 0004:00002872       ?Init@CMiniportWaveCyclicHDA@@UAGJPAUIUnknown@@PAUIResourceList@@PAUIPortWaveCyclic@@@Z 00016cd2 f   minwave.obj
 0004:0000291a       ?GetDescription@CMiniportWaveCyclicHDA@@UAGJPAPAUPCFILTER_DESCRIPTOR@@@Z 00016d7a f   minwave.obj
 0004:0000292a       ?DataRangeIntersection@CMiniportWaveCyclicHDA@@UAGJKPATKSDATAFORMAT@@0KPAXPAK@Z 00016d8a f   minwave.obj
 0004:00002b80       ?NewStream@CMiniportWaveCyclicHDA@@UAGJPAPAUIMiniportWaveCyclicStream@@PAUIUnknown@@W4_POOL_TYPE@@KEPATKSDATAFORMAT@@PAPAUIDmaChannel@@PAPAUIServiceGroup@@@Z 00016fe0 f   minwave.obj
 0004:00002cc0       ?NonDelegatingQueryInterface@CMiniportWaveCyclicStreamHDA@@UAGJABU_GUID@@PAPAX@Z 00017120 f   minwave.obj
 0004:00002d48       ??1CMiniportWaveCyclicStreamHDA@@UAE@XZ 000171a8 f   minwave.obj
 0004:00002dbe       ?Init@CMiniportWaveCyclicStreamHDA@@QAEJPAVCMiniportWaveCyclicHDA@@KEPATKSDATAFORMAT@@PAUIDmaChannel@@@Z 0001721e f   minwave.obj
 0004:00002e54       ?SetNotificationFreq@CMiniportWaveCyclicStreamHDA@@UAGKKPAK@Z 000172b4 f   minwave.obj
 0004:00002e94       ?SetFormat@CMiniportWaveCyclicStreamHDA@@UAGJPATKSDATAFORMAT@@@Z 000172f4 f   minwave.obj
 0004:00002f20       ?SetState@CMiniportWaveCyclicStreamHDA@@UAGJW4KSSTATE@@@Z 00017380 f   minwave.obj
 0005:00000000       _DriverEntry@8             000173e0 f   adapter.obj
 0005:00000018       __IMPORT_DESCRIPTOR_ntoskrnl 000173f8     ntoskrnl:ntoskrnl.exe
 0005:0000002c       __IMPORT_DESCRIPTOR_HAL    0001740c     hal:HAL.dll
 0005:00000040       __IMPORT_DESCRIPTOR_portcls 00017420     portcls:portcls.sys
 0005:00000054       __NULL_IMPORT_DESCRIPTOR   00017434     ntoskrnl:ntoskrnl.exe

 entry point at        0005:00000000

 Static symbols

 0004:00001d04       ?PropertyHandler_OnOff@@YGJPAU_PCPROPERTY_REQUEST@@@Z 00016164 f   mintopo.obj
 0004:00001ea2       ?PropertyHandler_SuperMixCaps@@YGJPAU_PCPROPERTY_REQUEST@@@Z 00016302 f   mintopo.obj
 0004:0000207c       ?PropertyHandler_SuperMixTable@@YGJPAU_PCPROPERTY_REQUEST@@@Z 000164dc f   mintopo.obj
 0004:00002398       ?PropertyHandler_CpuResources@@YGJPAU_PCPROPERTY_REQUEST@@@Z 000167f8 f   mintopo.obj
 0001:0000228e       ?PropertyHandler_Level@@YGJPAU_PCPROPERTY_REQUEST@@@Z 0001256e f   mintopo.obj
 0004:00002424       ?BasicSupportHandler@@YGJPAU_PCPROPERTY_REQUEST@@@Z 00016884 f   mintopo.obj
 0001:00000058       ?AllocateAlignedCommonBuffer@@YGJPAU_DMA_ADAPTER@@KKPAU_HDA_DMA_COMMON_BUFFER@@@Z 00010338 f   common.obj
 0001:0000014c       ?ResetCommonBufferDescriptor@@YGXPAU_HDA_DMA_COMMON_BUFFER@@@Z 0001042c f   common.obj
 0001:0000015c       ?FreeAlignedCommonBuffer@@YGXPAU_DMA_ADAPTER@@PAU_HDA_DMA_COMMON_BUFFER@@@Z 0001043c f   common.obj

 309 bytes saved through ICF

