 HDA

 Timestamp is 68ed7c4a (Mon Oct 13 15:25:14 2025)

 Preferred load address is 00010000

 Start         Length     Name                   Class
 0001:00000000 000009deH .text                   CODE
 0002:00000000 00000098H .idata$5                DATA
 0002:00000098 00000558H .rdata                  DATA
 0003:00000000 00000cf8H .data                   DATA
 0003:00000cf8 00000010H .bss                    DATA
 0004:00000000 0000376cH PAGE                    CODE
 0005:00000000 00000015H INIT                    CODE
 0005:00000018 0000003cH .idata$2                CODE
 0005:00000054 00000014H .idata$3                CODE
 0005:00000068 00000098H .idata$4                CODE
 0005:00000100 00000306H .idata$6                CODE
 0006:00000000 00000058H .rsrc$01                DATA
 0006:00000060 00000338H .rsrc$02                DATA

  Address         Publics by Value              Rva+Base     Lib:Object

 0001:00000000       ?QueryInterface@CAdapterCommon@@UAGJABU_GUID@@PAPAX@Z 000102e0 f i common.obj
 0001:00000018       ?AddRef@CAdapterCommon@@UAGKXZ 000102f8 f i common.obj
 0001:00000028       ?Release@CAdapterCommon@@UAGKXZ 00010308 f i common.obj
 0001:00000038       ??_ECAdapterCommon@@UAEPAXI@Z 00010318 f i common.obj
 0001:00000038       ??_GCAdapterCommon@@UAEPAXI@Z 00010318 f i common.obj
 0001:00000058       ?hda_send_verb@CAdapterCommon@@QAGKKKKK@Z 00010338 f   common.obj
 0001:00000128       ?ReadController@CAdapterCommon@@UAGEXZ 00010408 f   common.obj
 0001:0000012e       ?WriteController@CAdapterCommon@@UAGEE@Z 0001040e f   common.obj
 0001:00000134       ?MixerRegWrite@CAdapterCommon@@UAGXEE@Z 00010414 f   common.obj
 0001:00000138       ?MixerRegRead@CAdapterCommon@@UAGEE@Z 00010418 f   common.obj
 0001:00000156       ?MixerReset@CAdapterCommon@@UAGXXZ 00010436 f   common.obj
 0001:0000018e       ?ResetController@CAdapterCommon@@UAGJXZ 0001046e f   common.obj
 0001:000001f2       ?RestoreMixerSettingsFromRegistry@CAdapterCommon@@UAGJXZ 000104d2 f   common.obj
 0001:00000350       ?SaveMixerSettingsToRegistry@CAdapterCommon@@UAGJXZ 00010630 f   common.obj
 0001:00000414       ?ProgramSampleRate@CAdapterCommon@@QAGJK@Z 000106f4 f   common.obj
 0001:000004aa       ?PowerChangeState@CAdapterCommon@@UAGXT_POWER_STATE@@@Z 0001078a f   common.obj
 0001:00000500       ?QueryPowerChangeState@CAdapterCommon@@UAGJT_POWER_STATE@@@Z 000107e0 f   common.obj
 0001:00000500       ?QueryDeviceCapabilities@CAdapterCommon@@UAGJPAU_DEVICE_CAPABILITIES@@@Z 000107e0 f   common.obj
 0001:00000506       ?hda_stop_stream@CAdapterCommon@@QAGJXZ 000107e6 f   common.obj
 0001:000005ea       ?readUCHAR@CAdapterCommon@@QAGEG@Z 000108ca f   common.obj
 0001:00000602       ?writeUCHAR@CAdapterCommon@@QAGXGE@Z 000108e2 f   common.obj
 0001:0000061e       ?readUSHORT@CAdapterCommon@@QAGGG@Z 000108fe f   common.obj
 0001:00000636       ?writeUSHORT@CAdapterCommon@@QAGXGG@Z 00010916 f   common.obj
 0001:00000652       ?writeULONG@CAdapterCommon@@QAGXGK@Z 00010932 f   common.obj
 0001:0000066e       ?hda_return_sound_data_format@CAdapterCommon@@QAGGKKK@Z 0001094e f   common.obj
 0001:0000072c       ?QueryInterface@CAdapterCommon@@W3AGJABU_GUID@@PAPAX@Z 00010a0c f i common.obj
 0001:00000736       ?AddRef@CAdapterCommon@@W3AGKXZ 00010a16 f i common.obj
 0001:00000740       ?Release@CAdapterCommon@@W3AGKXZ 00010a20 f i common.obj
 0001:0000074a       ?AddRef@CMiniportWaveCyclicStreamHDA@@UAGKXZ 00010a2a f i mintopo.obj
 0001:0000074a       ?AddRef@CMiniportWaveCyclicHDA@@UAGKXZ 00010a2a f i mintopo.obj
 0001:0000074a       ?AddRef@CMiniportTopologyHDA@@UAGKXZ 00010a2a f i mintopo.obj
 0001:0000075a       ?DataRangeIntersection@CMiniportTopologyHDA@@UAGJKPATKSDATAFORMAT@@0KPAXPAK@Z 00010a3a f i mintopo.obj
 0001:00000762       ??_GCMiniportTopologyHDA@@UAEPAXI@Z 00010a42 f i mintopo.obj
 0001:00000762       ??_ECMiniportTopologyHDA@@UAEPAXI@Z 00010a42 f i mintopo.obj
 0001:00000782       ?Release@CMiniportTopologyHDA@@UAGKXZ 00010a62 f i minwave.obj
 0001:00000782       ?Release@CMiniportWaveCyclicHDA@@UAGKXZ 00010a62 f i minwave.obj
 0001:00000782       ?Release@CMiniportWaveCyclicStreamHDA@@UAGKXZ 00010a62 f i minwave.obj
 0001:00000792       ??_ECMiniportWaveCyclicHDA@@UAEPAXI@Z 00010a72 f i minwave.obj
 0001:00000792       ??_GCMiniportWaveCyclicHDA@@UAEPAXI@Z 00010a72 f i minwave.obj
 0001:000007b2       ?QueryInterface@CMiniportTopologyHDA@@UAGJABU_GUID@@PAPAX@Z 00010a92 f i minwave.obj
 0001:000007b2       ?QueryInterface@CMiniportWaveCyclicHDA@@UAGJABU_GUID@@PAPAX@Z 00010a92 f i minwave.obj
 0001:000007b2       ?QueryInterface@CMiniportWaveCyclicStreamHDA@@UAGJABU_GUID@@PAPAX@Z 00010a92 f i minwave.obj
 0001:000007ca       ??_GCMiniportWaveCyclicStreamHDA@@UAEPAXI@Z 00010aaa f i minwave.obj
 0001:000007ca       ??_ECMiniportWaveCyclicStreamHDA@@UAEPAXI@Z 00010aaa f i minwave.obj
 0001:000007ea       ?GetPosition@CMiniportWaveCyclicStreamHDA@@UAGJPAK@Z 00010aca f   minwave.obj
 0001:0000082a       ?NormalizePhysicalPosition@CMiniportWaveCyclicStreamHDA@@UAGJPA_J@Z 00010b0a f   minwave.obj
 0001:00000872       ?Silence@CMiniportWaveCyclicStreamHDA@@UAGXPAXK@Z 00010b52 f   minwave.obj
 0001:000008ac       _DbgPrint                  00010b8c f   ntoskrnl:ntoskrnl.exe
 0001:000008b2       __alldiv                   00010b92 f   ntoskrnl:ntoskrnl.exe
 0001:000008b8       __allmul                   00010b98 f   ntoskrnl:ntoskrnl.exe
 0001:000008be       _PcInitializeAdapterDriver@12 00010b9e f   portcls:portcls.sys
 0001:000008c4       _PcAddAdapterDevice@20     00010ba4 f   portcls:portcls.sys
 0001:000008ca       _PcRegisterSubdevice@12    00010baa f   portcls:portcls.sys
 0001:000008d0       _PcNewMiniport@8           00010bb0 f   portcls:portcls.sys
 0001:000008d6       _PcNewPort@8               00010bb6 f   portcls:portcls.sys
 0001:000008dc       _PcRegisterPhysicalConnection@20 00010bbc f   portcls:portcls.sys
 0001:000008e2       _PcRegisterAdapterPowerManagement@8 00010bc2 f   portcls:portcls.sys
 0001:000008e8       _PcNewResourceSublist@20   00010bc8 f   portcls:portcls.sys
 0001:000008ee       _PcNewRegistryKey@36       00010bce f   portcls:portcls.sys
 0001:000008f4       _PcNewServiceGroup@8       00010bd4 f   portcls:portcls.sys
 0001:000008fa       ??0CUnknown@@QAE@PAUIUnknown@@@Z 00010bda f   stdunk:stdunk.obj
 0001:00000919       ??_ECUnknown@@UAEPAXI@Z    00010bf9 f i stdunk:stdunk.obj
 0001:00000919       ??_GCUnknown@@UAEPAXI@Z    00010bf9 f i stdunk:stdunk.obj
 0001:00000935       ??1CUnknown@@UAE@XZ        00010c15 f   stdunk:stdunk.obj
 0001:0000093c       ?NonDelegatingAddRef@CUnknown@@UAGKXZ 00010c1c f   stdunk:stdunk.obj
 0001:00000952       ?NonDelegatingRelease@CUnknown@@UAGKXZ 00010c32 f   stdunk:stdunk.obj
 0001:00000981       ?NonDelegatingQueryInterface@CUnknown@@UAGJABU_GUID@@PAPAX@Z 00010c61 f   stdunk:stdunk.obj
 0002:00000000       __imp__WRITE_PORT_UCHAR@8  00010cc0     hal:HAL.dll
 0002:00000004       __imp_@KfAcquireSpinLock@4 00010cc4     hal:HAL.dll
 0002:00000008       __imp_@KfReleaseSpinLock@8 00010cc8     hal:HAL.dll
 0002:0000000c       __imp__KeStallExecutionProcessor@4 00010ccc     hal:HAL.dll
 0002:00000010       \177HAL_NULL_THUNK_DATA    00010cd0     hal:HAL.dll
 0002:00000014       __imp__KeInitializeSpinLock@4 00010cd4     ntoskrnl:ntoskrnl.exe
 0002:00000018       __imp__READ_REGISTER_ULONG@4 00010cd8     ntoskrnl:ntoskrnl.exe
 0002:0000001c       __imp__WRITE_REGISTER_ULONG@8 00010cdc     ntoskrnl:ntoskrnl.exe
 0002:00000020       __imp__RtlInitUnicodeString@8 00010ce0     ntoskrnl:ntoskrnl.exe
 0002:00000024       __imp__READ_REGISTER_UCHAR@4 00010ce4     ntoskrnl:ntoskrnl.exe
 0002:00000028       __imp__WRITE_REGISTER_UCHAR@8 00010ce8     ntoskrnl:ntoskrnl.exe
 0002:0000002c       __imp__MmUnmapIoSpace@8    00010cec     ntoskrnl:ntoskrnl.exe
 0002:00000030       __imp__DbgPrint            00010cf0     ntoskrnl:ntoskrnl.exe
 0002:00000034       __imp__KeInitializeMutex@8 00010cf4     ntoskrnl:ntoskrnl.exe
 0002:00000038       __imp__KeReleaseMutex@8    00010cf8     ntoskrnl:ntoskrnl.exe
 0002:0000003c       __imp__KeWaitForSingleObject@20 00010cfc     ntoskrnl:ntoskrnl.exe
 0002:00000040       __imp___alldiv             00010d00     ntoskrnl:ntoskrnl.exe
 0002:00000044       __imp___allmul             00010d04     ntoskrnl:ntoskrnl.exe
 0002:00000048       __imp__ExFreePool@4        00010d08     ntoskrnl:ntoskrnl.exe
 0002:0000004c       __imp__MmMapIoSpace@16     00010d0c     ntoskrnl:ntoskrnl.exe
 0002:00000050       __imp__IoGetDmaAdapter@12  00010d10     ntoskrnl:ntoskrnl.exe
 0002:00000054       __imp__ExAllocatePoolWithTag@12 00010d14     ntoskrnl:ntoskrnl.exe
 0002:00000058       __imp__WRITE_REGISTER_USHORT@8 00010d18     ntoskrnl:ntoskrnl.exe
 0002:0000005c       __imp__READ_REGISTER_USHORT@4 00010d1c     ntoskrnl:ntoskrnl.exe
 0002:00000060       __imp_@InterlockedIncrement@4 00010d20     ntoskrnl:ntoskrnl.exe
 0002:00000064       __imp_@InterlockedDecrement@4 00010d24     ntoskrnl:ntoskrnl.exe
 0002:00000068       \177ntoskrnl_NULL_THUNK_DATA 00010d28     ntoskrnl:ntoskrnl.exe
 0002:0000006c       __imp__PcNewMiniport@8     00010d2c     portcls:portcls.sys
 0002:00000070       __imp__PcNewPort@8         00010d30     portcls:portcls.sys
 0002:00000074       __imp__PcRegisterSubdevice@12 00010d34     portcls:portcls.sys
 0002:00000078       __imp__PcAddAdapterDevice@20 00010d38     portcls:portcls.sys
 0002:0000007c       __imp__PcRegisterPhysicalConnection@20 00010d3c     portcls:portcls.sys
 0002:00000080       __imp__PcNewResourceSublist@20 00010d40     portcls:portcls.sys
 0002:00000084       __imp__PcNewRegistryKey@36 00010d44     portcls:portcls.sys
 0002:00000088       __imp__PcNewServiceGroup@8 00010d48     portcls:portcls.sys
 0002:0000008c       __imp__PcInitializeAdapterDriver@12 00010d4c     portcls:portcls.sys
 0002:00000090       __imp__PcRegisterAdapterPowerManagement@8 00010d50     portcls:portcls.sys
 0002:00000094       \177portcls_NULL_THUNK_DATA 00010d54     portcls:portcls.sys
 0002:000000f8       _IID_IAdapterCommon        00010db8     adapter.obj
 0002:00000108       _CLSID_MiniportDriverFmSynth 00010dc8     adapter.obj
 0002:00000118       _CLSID_PortWaveCyclic      00010dd8     adapter.obj
 0002:00000128       _CLSID_PortTopology        00010de8     adapter.obj
 0002:00000138       _CLSID_PortMidi            00010df8     adapter.obj
 0002:00000148       _IID_IAdapterPowerManagment 00010e08     adapter.obj
 0002:00000158       _IID_IMiniportWaveCyclicStream 00010e18     adapter.obj
 0002:00000168       _IID_IMiniportWaveCyclic   00010e28     adapter.obj
 0002:00000178       _IID_IPortWaveCyclic       00010e38     adapter.obj
 0002:00000188       _IID_IMiniportTopology     00010e48     adapter.obj
 0002:00000198       _IID_IMiniport             00010e58     adapter.obj
 0002:000001a8       _IID_IUnknown              00010e68     adapter.obj
 0002:000001b8       ??_C@_1BE@ENEK@?$AAR?$AAi?$AAg?$AAh?$AAt?$AAB?$AAa?$AAs?$AAs?$AA?$AA@ 00010e78     common.obj
 0002:000001cc       ??_C@_1BC@JMJO@?$AAL?$AAe?$AAf?$AAt?$AAB?$AAa?$AAs?$AAs?$AA?$AA@ 00010e8c     common.obj
 0002:000001e0       ??_C@_1BI@KGAJ@?$AAR?$AAi?$AAg?$AAh?$AAt?$AAT?$AAr?$AAe?$AAb?$AAl?$AAe?$AA?$AA@ 00010ea0     common.obj
 0002:000001f8       ??_C@_1BG@BGGD@?$AAL?$AAe?$AAf?$AAt?$AAT?$AAr?$AAe?$AAb?$AAl?$AAe?$AA?$AA@ 00010eb8     common.obj
 0002:00000210       ??_C@_1O@IECC@?$AAM?$AAi?$AAc?$AAA?$AAG?$AAC?$AA?$AA@ 00010ed0     common.obj
 0002:00000220       ??_C@_1CA@EJHI@?$AAR?$AAi?$AAg?$AAh?$AAt?$AAO?$AAu?$AAt?$AAp?$AAu?$AAt?$AAG?$AAa?$AAi?$AAn?$AA?$AA@ 00010ee0     common.obj
 0002:00000240       ??_C@_1BO@PPLI@?$AAL?$AAe?$AAf?$AAt?$AAO?$AAu?$AAt?$AAp?$AAu?$AAt?$AAG?$AAa?$AAi?$AAn?$AA?$AA@ 00010f00     common.obj
 0002:00000260       ??_C@_1BO@PMCJ@?$AAR?$AAi?$AAg?$AAh?$AAt?$AAI?$AAn?$AAp?$AAu?$AAt?$AAG?$AAa?$AAi?$AAn?$AA?$AA@ 00010f20     common.obj
 0002:00000280       ??_C@_1BM@CFEM@?$AAL?$AAe?$AAf?$AAt?$AAI?$AAn?$AAp?$AAu?$AAt?$AAG?$AAa?$AAi?$AAn?$AA?$AA@ 00010f40     common.obj
 0002:0000029c       ??_C@_1CA@CIKM@?$AAR?$AAi?$AAg?$AAh?$AAt?$AAI?$AAn?$AAp?$AAu?$AAt?$AAM?$AAi?$AAx?$AAe?$AAr?$AA?$AA@ 00010f5c     common.obj
 0002:000002bc       ??_C@_1BO@JOGM@?$AAL?$AAe?$AAf?$AAt?$AAI?$AAn?$AAp?$AAu?$AAt?$AAM?$AAi?$AAx?$AAe?$AAr?$AA?$AA@ 00010f7c     common.obj
 0002:000002dc       ??_C@_1BI@BMOJ@?$AAO?$AAu?$AAt?$AAp?$AAu?$AAt?$AAM?$AAi?$AAx?$AAe?$AAr?$AA?$AA@ 00010f9c     common.obj
 0002:000002f4       ??_C@_1BE@GLOL@?$AAP?$AAc?$AAS?$AAp?$AAk?$AAr?$AAV?$AAo?$AAl?$AA?$AA@ 00010fb4     common.obj
 0002:00000308       ??_C@_1O@MNBB@?$AAM?$AAi?$AAc?$AAV?$AAo?$AAl?$AA?$AA@ 00010fc8     common.obj
 0002:00000318       ??_C@_1BO@HCKE@?$AAR?$AAi?$AAg?$AAh?$AAt?$AAL?$AAi?$AAn?$AAe?$AAI?$AAn?$AAV?$AAo?$AAl?$AA?$AA@ 00010fd8     common.obj
 0002:00000338       ??_C@_1BM@KLMB@?$AAL?$AAe?$AAf?$AAt?$AAL?$AAi?$AAn?$AAe?$AAI?$AAn?$AAV?$AAo?$AAl?$AA?$AA@ 00010ff8     common.obj
 0002:00000354       ??_C@_1BG@COJL@?$AAR?$AAi?$AAg?$AAh?$AAt?$AAC?$AAD?$AAV?$AAo?$AAl?$AA?$AA@ 00011014     common.obj
 0002:0000036c       ??_C@_1BE@KMKA@?$AAL?$AAe?$AAf?$AAt?$AAC?$AAD?$AAV?$AAo?$AAl?$AA?$AA@ 0001102c     common.obj
 0002:00000380       ??_C@_1BK@JCIM@?$AAR?$AAi?$AAg?$AAh?$AAt?$AAM?$AAi?$AAd?$AAi?$AAV?$AAo?$AAl?$AA?$AA@ 00011040     common.obj
 0002:0000039c       ??_C@_1BI@KBIJ@?$AAL?$AAe?$AAf?$AAt?$AAM?$AAi?$AAd?$AAi?$AAV?$AAo?$AAl?$AA?$AA@ 0001105c     common.obj
 0002:000003b4       ??_C@_1BK@MFCG@?$AAR?$AAi?$AAg?$AAh?$AAt?$AAW?$AAa?$AAv?$AAe?$AAV?$AAo?$AAl?$AA?$AA@ 00011074     common.obj
 0002:000003d0       ??_C@_1BI@PGCD@?$AAL?$AAe?$AAf?$AAt?$AAW?$AAa?$AAv?$AAe?$AAV?$AAo?$AAl?$AA?$AA@ 00011090     common.obj
 0002:000003e8       ??_C@_1BO@NHA@?$AAR?$AAi?$AAg?$AAh?$AAt?$AAM?$AAa?$AAs?$AAt?$AAe?$AAr?$AAV?$AAo?$AAl?$AA?$AA@ 000110a8     common.obj
 0002:00000408       ??_C@_1BM@NEBF@?$AAL?$AAe?$AAf?$AAt?$AAM?$AAa?$AAs?$AAt?$AAe?$AAr?$AAV?$AAo?$AAl?$AA?$AA@ 000110c8     common.obj
 0002:00000424       ??_7CAdapterCommon@@6BIAdapterPowerManagement@@@ 000110e4     common.obj
 0002:0000043c       ??_7CAdapterCommon@@6BIAdapterCommon@@@ 000110fc     common.obj
 0002:0000047c       ??_7CAdapterCommon@@6BCUnknown@@@ 0001113c     common.obj
 0002:00000558       ??_7CMiniportTopologyHDA@@6BIMiniportTopology@@@ 00011218     mintopo.obj
 0002:00000570       ??_7CMiniportTopologyHDA@@6BCUnknown@@@ 00011230     mintopo.obj
 0002:00000580       ??_7CMiniportWaveCyclicHDA@@6BIMiniportWaveCyclic@@@ 00011240     minwave.obj
 0002:0000059c       ??_7CMiniportWaveCyclicHDA@@6BCUnknown@@@ 0001125c     minwave.obj
 0002:000005ac       ??_7CMiniportWaveCyclicStreamHDA@@6BIMiniportWaveCyclicStream@@@ 0001126c     minwave.obj
 0002:000005d0       ??_7CMiniportWaveCyclicStreamHDA@@6BCUnknown@@@ 00011290     minwave.obj
 0002:000005e0       ??_7CUnknown@@6B@          000112a0     stdunk:stdunk.obj
 0003:00000000       __GUID_b7902fe9_fb0a_11d1_81b0_0060083316c1 000112c0     adapter.obj
 0003:00000010       __GUID_d3f0ce1c_fffc_11d1_81b0_0060083316c1 000112d0     adapter.obj
 0003:00000020       __GUID_c096df9c_fb09_11d1_81b0_0060083316c1 000112e0     adapter.obj
 0003:000000f0       ?audBufSize@@3KA           000113b0     common.obj
 0003:000000f4       ?BdlSize@@3KA              000113b4     common.obj
 0003:000007f0       __GUID_185fedf6_9905_11d1_95a9_00c04fb925d3 00011ab0     mintopo.obj
 0003:00000800       __GUID_185fedef_9905_11d1_95a9_00c04fb925d3 00011ac0     mintopo.obj
 0003:00000810       __GUID_185fede1_9905_11d1_95a9_00c04fb925d3 00011ad0     mintopo.obj
 0003:00000820       __GUID_185fede0_9905_11d1_95a9_00c04fb925d3 00011ae0     mintopo.obj
 0003:00000830       __GUID_7607e580_c557_11d0_8a2b_00a0c9255ac1 00011af0     mintopo.obj
 0003:00000840       __GUID_185fede3_9905_11d1_95a9_00c04fb925d3 00011b00     mintopo.obj
 0003:00000850       __GUID_da441a60_c556_11d0_8a2b_00a0c9255ac1 00011b10     mintopo.obj
 0003:00000860       __GUID_185fedee_9905_11d1_95a9_00c04fb925d3 00011b20     mintopo.obj
 0003:00000870       __GUID_02b223c0_c557_11d0_8a2b_00a0c9255ac1 00011b30     mintopo.obj
 0003:00000880       __GUID_185feded_9905_11d1_95a9_00c04fb925d3 00011b40     mintopo.obj
 0003:00000890       __GUID_e88c9ba0_c557_11d0_8a2b_00a0c9255ac1 00011b50     mintopo.obj
 0003:000008a0       __GUID_185fedec_9905_11d1_95a9_00c04fb925d3 00011b60     mintopo.obj
 0003:000008b0       __GUID_185fedeb_9905_11d1_95a9_00c04fb925d3 00011b70     mintopo.obj
 0003:000008c0       __GUID_185fedea_9905_11d1_95a9_00c04fb925d3 00011b80     mintopo.obj
 0003:000008d0       __GUID_185fede9_9905_11d1_95a9_00c04fb925d3 00011b90     mintopo.obj
 0003:000008e0       __GUID_185fede8_9905_11d1_95a9_00c04fb925d3 00011ba0     mintopo.obj
 0003:000008f0       __GUID_e573adc0_c555_11d0_8a2b_00a0c9255ac1 00011bb0     mintopo.obj
 0003:00000900       __GUID_185fede7_9905_11d1_95a9_00c04fb925d3 00011bc0     mintopo.obj
 0003:00000910       __GUID_185fede5_9905_11d1_95a9_00c04fb925d3 00011bd0     mintopo.obj
 0003:00000920       __GUID_3a5acc00_c557_11d0_8a2b_00a0c9255ac1 00011be0     mintopo.obj
 0003:00000930       __GUID_45ffaaa0_6e1b_11d0_bcf2_444553540000 00011bf0     mintopo.obj
 0003:00000940       __GUID_6994ad04_93ef_11d0_a3cc_00a0c9223196 00011c00     mintopo.obj
 0003:00000950       __GUID_185fedf7_9905_11d1_95a9_00c04fb925d3 00011c10     mintopo.obj
 0003:00000960       __GUID_dff21ce1_f70f_11d0_b917_00a0c9223196 00011c20     mintopo.obj
 0003:00000970       __GUID_dff21be1_f70f_11d0_b917_00a0c9223196 00011c30     mintopo.obj
 0003:00000980       __GUID_185fedf9_9905_11d1_95a9_00c04fb925d3 00011c40     mintopo.obj
 0003:00000990       __GUID_dff21fe3_f70f_11d0_b917_00a0c9223196 00011c50     mintopo.obj
 0003:000009a0       __GUID_185fedfb_9905_11d1_95a9_00c04fb925d3 00011c60     mintopo.obj
 0003:000009b0       __GUID_dff220e3_f70f_11d0_b917_00a0c9223196 00011c70     mintopo.obj
 0003:000009c0       __GUID_185fedf8_9905_11d1_95a9_00c04fb925d3 00011c80     mintopo.obj
 0003:000009d0       __GUID_dff220f3_f70f_11d0_b917_00a0c9223196 00011c90     mintopo.obj
 0003:000009e0       __GUID_dff21fe4_f70f_11d0_b917_00a0c9223196 00011ca0     mintopo.obj
 0003:000009f0       __GUID_97e99ba0_bdea_11cf_a5d6_28db04c10000 00011cb0     mintopo.obj
 0003:00000c68       __GUID_507ae360_c554_11d0_8a2b_00a0c9255ac1 00011f28     minwave.obj
 0003:00000c78       __GUID_4d837fe0_c555_11d0_8a2b_00a0c9255ac1 00011f38     minwave.obj
 0003:00000c88       __GUID_185fedfa_9905_11d1_95a9_00c04fb925d3 00011f48     minwave.obj
 0003:00000c98       __GUID_fb6c4281_0353_11d1_905f_0000c0cc16ba 00011f58     minwave.obj
 0003:00000ca8       __GUID_05589f81_c356_11ce_bf01_00aa0055595a 00011f68     minwave.obj
 0003:00000cb8       __GUID_00000001_0000_0010_8000_00aa00389b71 00011f78     minwave.obj
 0003:00000cc8       __GUID_73647561_0000_0010_8000_00aa00389b71 00011f88     minwave.obj
 0003:00000cd8       __GUID_0f6417d6_c318_11d0_a43f_00a0c9223196 00011f98     minwave.obj
 0003:00000ce8       __GUID_518590a2_a184_11d0_8522_00c04fd9baf3 00011fa8     minwave.obj
 0003:00000cf8       __GUID_00000000_0000_0000_0000_000000000000 00011fb8     adapter.obj
 0004:00000000       _AddDevice@8               00011fe0 f   adapter.obj
 0004:0000001a       ?InstallSubdevice@@YGJPAU_DEVICE_OBJECT@@PAU_IRP@@PAGABU_GUID@@3P6GJPAPAUIUnknown@@3PAU4@W4_POOL_TYPE@@@Z5PAUIResourceList@@344@Z 00011ffa f   adapter.obj
 0004:00000120       ?StartDevice@@YGJPAU_DEVICE_OBJECT@@PAU_IRP@@PAUIResourceList@@@Z 00012100 f   adapter.obj
 0004:0000036e       ?AssignResources@@YGJPAUIResourceList@@PAPAU1@11111@Z 0001234e f   adapter.obj
 0004:00000624       ?NewAdapterCommon@@YGJPAPAUIUnknown@@ABU_GUID@@PAU1@W4_POOL_TYPE@@@Z 00012604 f   common.obj
 0004:0000068c       ?Init@CAdapterCommon@@UAGJPAUIResourceList@@PAU_DEVICE_OBJECT@@@Z 0001266c f   common.obj
 0004:00000a9c       ??1CAdapterCommon@@UAE@XZ  00012a7c f   common.obj
 0004:00000bf2       ?NonDelegatingQueryInterface@CAdapterCommon@@UAGJABU_GUID@@PAPAX@Z 00012bd2 f   common.obj
 0004:00000cb2       ?WavePortDriverDest@CAdapterCommon@@UAGPAPAUIUnknown@@XZ 00012c92 f   common.obj
 0004:00000cbe       ?GetInterruptSync@CAdapterCommon@@UAGPAUIInterruptSync@@XZ 00012c9e f   common.obj
 0004:00000ccc       ?MidiPortDriverDest@CAdapterCommon@@UAGPAPAUIUnknown@@XZ 00012cac f   common.obj
 0004:00000cd8       ?SetWaveServiceGroup@CAdapterCommon@@UAGXPAUIServiceGroup@@@Z 00012cb8 f   common.obj
 0004:00000d08       ?InitHDA@CAdapterCommon@@QAGJXZ 00012ce8 f   common.obj
 0004:00000fc8       ?InitializeCodec@CAdapterCommon@@QAGJE@Z 00012fa8 f   common.obj
 0004:000012b9       ?hda_initialize_audio_function_group@CAdapterCommon@@QAGXKK@Z 00013299 f   common.obj
 0004:00001792       ?hda_get_node_type@CAdapterCommon@@QAGEKK@Z 00013772 f   common.obj
 0004:000017b4       ?hda_get_node_connection_entry@CAdapterCommon@@QAGKKKK@Z 00013794 f   common.obj
 0004:0000183a       ?hda_set_node_gain@CAdapterCommon@@QAGXKKKKK@Z 0001381a f   common.obj
 0004:000018a8       ?hda_disable_pin_output@CAdapterCommon@@QAGXKK@Z 00013888 f   common.obj
 0004:000018da       ?hda_is_headphone_connected@CAdapterCommon@@QAGHXZ 000138ba f   common.obj
 0004:00001916       ?hda_initialize_output_pin@CAdapterCommon@@QAGXK@Z 000138f6 f   common.obj
 0004:00001a70       ?hda_initalize_audio_output@CAdapterCommon@@QAGXK@Z 00013a50 f   common.obj
 0004:00001b7c       ?hda_initalize_audio_mixer@CAdapterCommon@@QAGXK@Z 00013b5c f   common.obj
 0004:00001c5a       ?hda_initalize_audio_selector@CAdapterCommon@@QAGXK@Z 00013c3a f   common.obj
 0004:00001d64       ?hda_is_supported_sample_rate@CAdapterCommon@@QAGEK@Z 00013d44 f   common.obj
 0004:00001dea       ?CreateMiniportTopologyHDA@@YGJPAPAUIUnknown@@ABU_GUID@@PAU1@W4_POOL_TYPE@@@Z 00013dca f   mintopo.obj
 0004:00001e4a       ?ProcessResources@CMiniportTopologyHDA@@AAEJPAUIResourceList@@@Z 00013e2a f   mintopo.obj
 0004:00001e4a       ?ProcessResources@CMiniportWaveCyclicHDA@@AAEJPAUIResourceList@@@Z 00013e2a f   mintopo.obj
 0004:00001e6e       ?NonDelegatingQueryInterface@CMiniportTopologyHDA@@UAGJABU_GUID@@PAPAX@Z 00013e4e f   mintopo.obj
 0004:00001f1c       ??1CMiniportTopologyHDA@@UAE@XZ 00013efc f   mintopo.obj
 0004:00001f60       ?Init@CMiniportTopologyHDA@@UAGJPAUIUnknown@@PAUIResourceList@@PAUIPortTopology@@@Z 00013f40 f   mintopo.obj
 0004:00001fc2       ?GetDescription@CMiniportTopologyHDA@@UAGJPAPAUPCFILTER_DESCRIPTOR@@@Z 00013fa2 f   mintopo.obj
 0004:00002bc4       ?ReadBitsFromMixer@CMiniportTopologyHDA@@AAEEEEE@Z 00014ba4 f   mintopo.obj
 0004:00002bec       ?WriteBitsToMixer@CMiniportTopologyHDA@@AAEXEEEE@Z 00014bcc f   mintopo.obj
 0004:00002c42       ?CreateMiniportWaveCyclicHDA@@YGJPAPAUIUnknown@@ABU_GUID@@PAU1@W4_POOL_TYPE@@@Z 00014c22 f   minwave.obj
 0004:00002ca2       ?ValidateFormat@CMiniportWaveCyclicHDA@@AAEJPATKSDATAFORMAT@@@Z 00014c82 f   minwave.obj
 0004:00002d8c       ?NonDelegatingQueryInterface@CMiniportWaveCyclicHDA@@UAGJABU_GUID@@PAPAX@Z 00014d6c f   minwave.obj
 0004:00002e3a       ??1CMiniportWaveCyclicHDA@@UAE@XZ 00014e1a f   minwave.obj
 0004:00002e9c       ?Init@CMiniportWaveCyclicHDA@@UAGJPAUIUnknown@@PAUIResourceList@@PAUIPortWaveCyclic@@@Z 00014e7c f   minwave.obj
 0004:00002f44       ?GetDescription@CMiniportWaveCyclicHDA@@UAGJPAPAUPCFILTER_DESCRIPTOR@@@Z 00014f24 f   minwave.obj
 0004:00002f54       ?DataRangeIntersection@CMiniportWaveCyclicHDA@@UAGJKPATKSDATAFORMAT@@0KPAXPAK@Z 00014f34 f   minwave.obj
 0004:000031aa       ?NewStream@CMiniportWaveCyclicHDA@@UAGJPAPAUIMiniportWaveCyclicStream@@PAUIUnknown@@W4_POOL_TYPE@@KEPATKSDATAFORMAT@@PAPAUIDmaChannel@@PAPAUIServiceGroup@@@Z 0001518a f   minwave.obj
 0004:000032f0       ?NonDelegatingQueryInterface@CMiniportWaveCyclicStreamHDA@@UAGJABU_GUID@@PAPAX@Z 000152d0 f   minwave.obj
 0004:00003378       ??1CMiniportWaveCyclicStreamHDA@@UAE@XZ 00015358 f   minwave.obj
 0004:000033e2       ?Init@CMiniportWaveCyclicStreamHDA@@QAEJPAVCMiniportWaveCyclicHDA@@KEPATKSDATAFORMAT@@PAUIDmaChannelSlave@@@Z 000153c2 f   minwave.obj
 0004:00003468       ?SetNotificationFreq@CMiniportWaveCyclicStreamHDA@@UAGKKPAK@Z 00015448 f   minwave.obj
 0004:000034a8       ?SetFormat@CMiniportWaveCyclicStreamHDA@@UAGJPATKSDATAFORMAT@@@Z 00015488 f   minwave.obj
 0004:00003562       ?SetState@CMiniportWaveCyclicStreamHDA@@UAGJW4KSSTATE@@@Z 00015542 f   minwave.obj
 0005:00000000       _DriverEntry@8             00015760 f   adapter.obj
 0005:00000018       __IMPORT_DESCRIPTOR_ntoskrnl 00015778     ntoskrnl:ntoskrnl.exe
 0005:0000002c       __IMPORT_DESCRIPTOR_HAL    0001578c     hal:HAL.dll
 0005:00000040       __IMPORT_DESCRIPTOR_portcls 000157a0     portcls:portcls.sys
 0005:00000054       __NULL_IMPORT_DESCRIPTOR   000157b4     ntoskrnl:ntoskrnl.exe

 entry point at        0005:00000000

 Static symbols

 0004:00001fd2       ?PropertyHandler_OnOff@@YGJPAU_PCPROPERTY_REQUEST@@@Z 00013fb2 f   mintopo.obj
 0004:00002170       ?PropertyHandler_Level@@YGJPAU_PCPROPERTY_REQUEST@@@Z 00014150 f   mintopo.obj
 0004:0000254e       ?BasicSupportHandler@@YGJPAU_PCPROPERTY_REQUEST@@@Z 0001452e f   mintopo.obj
 0004:00002642       ?PropertyHandler_SuperMixCaps@@YGJPAU_PCPROPERTY_REQUEST@@@Z 00014622 f   mintopo.obj
 0004:0000281c       ?PropertyHandler_SuperMixTable@@YGJPAU_PCPROPERTY_REQUEST@@@Z 000147fc f   mintopo.obj
 0004:00002b38       ?PropertyHandler_CpuResources@@YGJPAU_PCPROPERTY_REQUEST@@@Z 00014b18 f   mintopo.obj

 150 bytes saved through ICF

