 HDA

 Timestamp is 6a2ef5a4 (Sun Jun 14 11:40:36 2026)

 Preferred load address is 00010000

 Start         Length     Name                   Class
 0001:00000000 000031e1H .text                   CODE
 0002:00000000 000000e0H .idata$5                DATA
 0002:000000e0 000006e3H .rdata                  DATA
 0003:00000000 00000d10H .data                   DATA
 0003:00000d10 0000001eH .bss                    DATA
 0004:00000000 00002fc7H PAGE                    CODE
 0005:00000000 00000015H INIT                    CODE
 0005:00000018 0000003cH .idata$2                CODE
 0005:00000054 00000014H .idata$3                CODE
 0005:00000068 000000e0H .idata$4                CODE
 0005:00000148 0000047aH .idata$6                CODE
 0006:00000000 00000058H .rsrc$01                DATA
 0006:00000060 000003d0H .rsrc$02                DATA

  Address         Publics by Value              Rva+Base     Lib:Object

 0001:00000000       ??3@YAXPAX@Z               000102e0 f i common.obj
 0001:0000000c       ?QueryInterface@CAdapterCommon@@UAGJABU_GUID@@PAPAX@Z 000102ec f i common.obj
 0001:00000024       ?AddRef@CAdapterCommon@@UAGKXZ 00010304 f i common.obj
 0001:00000034       ?Release@CAdapterCommon@@UAGKXZ 00010314 f i common.obj
 0001:00000044       ??_ECAdapterCommon@@UAEPAXI@Z 00010324 f i common.obj
 0001:00000044       ??_GCAdapterCommon@@UAEPAXI@Z 00010324 f i common.obj
 0001:0000019e       ?hda_check_headphone_connection_change@CAdapterCommon@@QAGXXZ 0001047e f   common.obj
 0001:000001d6       ?hda_is_supported_sample_rate@CAdapterCommon@@UAGEK@Z 000104b6 f   common.obj
 0001:00000222       ?hda_send_verb@CAdapterCommon@@UAGKKKKK@Z 00010502 f   common.obj
 0001:000003ba       ?ReadController@CAdapterCommon@@UAGEXZ 0001069a f   common.obj
 0001:000003c0       ?WriteController@CAdapterCommon@@UAGEE@Z 000106a0 f   common.obj
 0001:000003c6       ?MixerRegWrite@CAdapterCommon@@UAGXEE@Z 000106a6 f   common.obj
 0001:00000412       ?MixerRegRead@CAdapterCommon@@UAGEE@Z 000106f2 f   common.obj
 0001:00000430       ?MixerReset@CAdapterCommon@@UAGXXZ 00010710 f   common.obj
 0001:0000043e       ?AcknowledgeIRQ@CAdapterCommon@@AAE?AW4_HDA_INTERRUPT_TYPE@@XZ 0001071e f   common.obj
 0001:00000552       ?ResetController@CAdapterCommon@@UAGJXZ 00010832 f   common.obj
 0001:0000057a       ?RestoreMixerSettingsFromRegistry@CAdapterCommon@@UAGJXZ 0001085a f   common.obj
 0001:000006d8       ?SaveMixerSettingsToRegistry@CAdapterCommon@@UAGJXZ 000109b8 f   common.obj
 0001:000007d4       ?ProgramSampleRate@CAdapterCommon@@UAGJK@Z 00010ab4 f   common.obj
 0001:00000834       ?PowerChangeState@CAdapterCommon@@UAGXT_POWER_STATE@@@Z 00010b14 f   common.obj
 0001:00000892       ?QueryPowerChangeState@CAdapterCommon@@UAGJT_POWER_STATE@@@Z 00010b72 f   common.obj
 0001:00000892       ?QueryDeviceCapabilities@CAdapterCommon@@UAGJPAU_DEVICE_CAPABILITIES@@@Z 00010b72 f   common.obj
 0001:00000898       ?InterruptServiceRoutine@@YGJPAUIInterruptSync@@PAX@Z 00010b78 f   common.obj
 0001:000008d0       ?hda_stop_stream@CAdapterCommon@@UAGJXZ 00010bb0 f   common.obj
 0001:000009c6       ?hda_start_sound@CAdapterCommon@@UAGXXZ 00010ca6 f   common.obj
 0001:00000a04       ?hda_stop_sound@CAdapterCommon@@UAGXXZ 00010ce4 f   common.obj
 0001:00000a4a       ?hda_get_actual_stream_position@CAdapterCommon@@UAGKXZ 00010d2a f   common.obj
 0001:00000ac6       ?hda_set_volume@CAdapterCommon@@QAGXKE@Z 00010da6 f   common.obj
 0001:00000b06       ?readUCHAR@CAdapterCommon@@QAGEG@Z 00010de6 f   common.obj
 0001:00000b1e       ?writeUCHAR@CAdapterCommon@@QAGXGE@Z 00010dfe f   common.obj
 0001:00000b3a       ?readUSHORT@CAdapterCommon@@QAGGG@Z 00010e1a f   common.obj
 0001:00000b52       ?writeUSHORT@CAdapterCommon@@QAGXGG@Z 00010e32 f   common.obj
 0001:00000b6e       ?readULONG@CAdapterCommon@@QAGKG@Z 00010e4e f   common.obj
 0001:00000b86       ?writeULONG@CAdapterCommon@@QAGXGK@Z 00010e66 f   common.obj
 0001:00000ba2       ?hda_setup_stream_descriptor@CAdapterCommon@@UAGJPAUIDmaChannel@@@Z 00010e82 f   common.obj
 0001:00000d2a       ?ReadWriteConfigSpace@CAdapterCommon@@AAGJPAU_DEVICE_OBJECT@@KPAXKK@Z 0001100a f   common.obj
 0001:00000dd2       ?WriteConfigSpaceByte@CAdapterCommon@@AAGJEEE@Z 000110b2 f   common.obj
 0001:00000e08       ?WriteConfigSpaceWord@CAdapterCommon@@AAGJEGG@Z 000110e8 f   common.obj
 0001:00000e3e       ?CacheLineFlush@CAdapterCommon@@UAGXPAXK@Z 0001111e f   common.obj
 0001:00000e7a       ?JackPollDpcRoutine@CAdapterCommon@@CGXPAU_KDPC@@PAX11@Z 0001115a f   common.obj
 0001:00000eca       ?JackPollWorker@CAdapterCommon@@CGXPAX@Z 000111aa f   common.obj
 0001:00000f1c       ?StartJackPolling@CAdapterCommon@@AAGJXZ 000111fc f   common.obj
 0001:00000ff1       ?StopJackPolling@CAdapterCommon@@AAGXXZ 000112d1 f   common.obj
 0001:00001076       ?QueryInterface@CAdapterCommon@@W3AGJABU_GUID@@PAPAX@Z 00011356 f i common.obj
 0001:00001080       ?AddRef@CAdapterCommon@@W3AGKXZ 00011360 f i common.obj
 0001:0000108a       ?Release@CAdapterCommon@@W3AGKXZ 0001136a f i common.obj
 0001:00001094       ??0HDA_Codec@@QAE@EEEPAUIAdapterCommon@@@Z 00011374 f   codec.obj
 0001:000010da       ??1HDA_Codec@@QAE@XZ       000113ba f   codec.obj
 0001:000010fe       ?InitializeCodec@HDA_Codec@@QAGJXZ 000113de f   codec.obj
 0001:000015f3       ?hda_initialize_audio_function_group@HDA_Codec@@QAGJK@Z 000118d3 f   codec.obj
 0001:00001d1a       ?hda_get_node_type@HDA_Codec@@QAGEK@Z 00011ffa f   codec.obj
 0001:00001d38       ?hda_get_node_connection_entries@HDA_Codec@@QAGKKK@Z 00012018 f   codec.obj
 0001:00001db6       ?hda_initialize_output_pin@HDA_Codec@@QAGJKAAUHDA_NODE_PATH@@@Z 00012096 f   codec.obj
 0001:00001ef2       ?hda_initialize_audio_output@HDA_Codec@@QAGXKAAUHDA_NODE_PATH@@@Z 000121d2 f   codec.obj
 0001:00002004       ?hda_initialize_audio_mixer@HDA_Codec@@QAGXKAAUHDA_NODE_PATH@@@Z 000122e4 f   codec.obj
 0001:000020e2       ?hda_initialize_audio_selector@HDA_Codec@@QAGXKAAUHDA_NODE_PATH@@@Z 000123c2 f   codec.obj
 0001:000021f0       ?ProgramSampleRate@HDA_Codec@@QAGJK@Z 000124d0 f   codec.obj
 0001:000022d6       ?hda_check_headphone_connection_change@HDA_Codec@@QAGXXZ 000125b6 f   codec.obj
 0001:00002354       ?hda_is_supported_sample_rate@HDA_Codec@@QAGEK@Z 00012634 f   codec.obj
 0001:000023f2       ?hda_set_volume@HDA_Codec@@QAGXKE@Z 000126d2 f   codec.obj
 0001:00002428       ?hda_set_node_gain@HDA_Codec@@QAGXKKKKE@Z 00012708 f   codec.obj
 0001:00002490       ?hda_send_verb@HDA_Codec@@QAGKKKK@Z 00012770 f   codec.obj
 0001:000024b0       ?hda_enable_pin_output@HDA_Codec@@QAGXK@Z 00012790 f   codec.obj
 0001:000024dc       ?hda_disable_pin_output@HDA_Codec@@QAGXK@Z 000127bc f   codec.obj
 0001:00002508       ?hda_is_headphone_connected@HDA_Codec@@QAGEXZ 000127e8 f   codec.obj
 0001:0000253a       ?hda_return_sound_data_format@CAdapterCommon@@QAGGKKK@Z 0001281a f   codec.obj
 0001:0000253a       ?hda_return_sound_data_format@HDA_Codec@@QAGGKKK@Z 0001281a f   codec.obj
 0001:000025fc       ?QueryInterface@CMiniportWaveCyclicStreamHDA@@UAGJABU_GUID@@PAPAX@Z 000128dc f i mintopo.obj
 0001:000025fc       ?QueryInterface@CMiniportTopologyHDA@@UAGJABU_GUID@@PAPAX@Z 000128dc f i mintopo.obj
 0001:000025fc       ?QueryInterface@CMiniportWaveCyclicHDA@@UAGJABU_GUID@@PAPAX@Z 000128dc f i mintopo.obj
 0001:00002614       ?DataRangeIntersection@CMiniportTopologyHDA@@UAGJKPATKSDATAFORMAT@@0KPAXPAK@Z 000128f4 f i mintopo.obj
 0001:0000261c       ??_GCMiniportTopologyHDA@@UAEPAXI@Z 000128fc f i mintopo.obj
 0001:0000261c       ??_ECMiniportTopologyHDA@@UAEPAXI@Z 000128fc f i mintopo.obj
 0001:00002a1a       ?ReadBitsFromMixer@CMiniportTopologyHDA@@AAEEEEE@Z 00012cfa f   mintopo.obj
 0001:00002a42       ?WriteBitsToMixer@CMiniportTopologyHDA@@AAEXEEEE@Z 00012d22 f   mintopo.obj
 0001:00002a98       ?AddRef@CMiniportTopologyHDA@@UAGKXZ 00012d78 f i minwave.obj
 0001:00002a98       ?AddRef@CMiniportWaveCyclicStreamHDA@@UAGKXZ 00012d78 f i minwave.obj
 0001:00002a98       ?AddRef@CMiniportWaveCyclicHDA@@UAGKXZ 00012d78 f i minwave.obj
 0001:00002aa8       ?Release@CMiniportWaveCyclicHDA@@UAGKXZ 00012d88 f i minwave.obj
 0001:00002aa8       ?Release@CMiniportWaveCyclicStreamHDA@@UAGKXZ 00012d88 f i minwave.obj
 0001:00002aa8       ?Release@CMiniportTopologyHDA@@UAGKXZ 00012d88 f i minwave.obj
 0001:00002ab8       ??_ECMiniportWaveCyclicHDA@@UAEPAXI@Z 00012d98 f i minwave.obj
 0001:00002ab8       ??_GCMiniportWaveCyclicHDA@@UAEPAXI@Z 00012d98 f i minwave.obj
 0001:00002ad8       ??0CMyDmaChannel@@QAE@PAUIDmaChannel@@@Z 00012db8 f i minwave.obj
 0001:00002b44       ?QueryInterface@CMyDmaChannel@@UAGJABU_GUID@@PAPAX@Z 00012e24 f i minwave.obj
 0001:00002b94       ?AddRef@CMyDmaChannel@@UAGKXZ 00012e74 f i minwave.obj
 0001:00002ba4       ?Release@CMyDmaChannel@@UAGKXZ 00012e84 f i minwave.obj
 0001:00002bd0       ?AllocateBuffer@CMyDmaChannel@@UAGJKPAT_LARGE_INTEGER@@@Z 00012eb0 f i minwave.obj
 0001:00002cba       ?FreeBuffer@CMyDmaChannel@@UAGXXZ 00012f9a f i minwave.obj
 0001:00002cdc       ?SystemAddress@CMyDmaChannel@@UAGPAXXZ 00012fbc f i minwave.obj
 0001:00002cf8       ?CopyTo@CMyDmaChannel@@UAGXPAX0K@Z 00012fd8 f i minwave.obj
 0001:00002d42       ?CopyFrom@CMyDmaChannel@@UAGXPAX0K@Z 00013022 f i minwave.obj
 0001:00002d5e       ?AllocatedBufferSize@CMyDmaChannel@@UAGKXZ 0001303e f i minwave.obj
 0001:00002d7a       ?BufferSize@CMyDmaChannel@@UAGKXZ 0001305a f i minwave.obj
 0001:00002d96       ?SetBufferSize@CMyDmaChannel@@UAGXK@Z 00013076 f i minwave.obj
 0001:00002dae       ?PhysicalAddress@CMyDmaChannel@@UAG?AT_LARGE_INTEGER@@XZ 0001308e f i minwave.obj
 0001:00002dea       ?MaximumBufferSize@CMyDmaChannel@@UAGKXZ 000130ca f i minwave.obj
 0001:00002e06       ?TransferCount@CMyDmaChannel@@UAGKXZ 000130e6 f i minwave.obj
 0001:00002e16       ?GetAdapterObject@CMyDmaChannel@@UAGPAU_DMA_ADAPTER@@XZ 000130f6 f i minwave.obj
 0001:00002e26       ??_GCMiniportWaveCyclicStreamHDA@@UAEPAXI@Z 00013106 f i minwave.obj
 0001:00002e26       ??_ECMiniportWaveCyclicStreamHDA@@UAEPAXI@Z 00013106 f i minwave.obj
 0001:00002e46       ?GetPosition@CMiniportWaveCyclicStreamHDA@@UAGJPAK@Z 00013126 f   minwave.obj
 0001:00002eae       ?NormalizePhysicalPosition@CMiniportWaveCyclicStreamHDA@@UAGJPA_J@Z 0001318e f   minwave.obj
 0001:00002ef6       ?Silence@CMiniportWaveCyclicStreamHDA@@UAGXPAXK@Z 000131d6 f   minwave.obj
 0001:00002f30       _DbgPrint                  00013210 f   ntoskrnl:ntoskrnl.exe
 0001:00002f36       __alldiv                   00013216 f   ntoskrnl:ntoskrnl.exe
 0001:00002f3c       __allmul                   0001321c f   ntoskrnl:ntoskrnl.exe
 0001:00002f42       _PcInitializeAdapterDriver@12 00013222 f   portcls:portcls.sys
 0001:00002f48       _PcAddAdapterDevice@20     00013228 f   portcls:portcls.sys
 0001:00002f4e       _PcRegisterSubdevice@12    0001322e f   portcls:portcls.sys
 0001:00002f54       _PcNewMiniport@8           00013234 f   portcls:portcls.sys
 0001:00002f5a       _PcNewPort@8               0001323a f   portcls:portcls.sys
 0001:00002f60       _PcRegisterPhysicalConnection@20 00013240 f   portcls:portcls.sys
 0001:00002f66       _PcRegisterAdapterPowerManagement@8 00013246 f   portcls:portcls.sys
 0001:00002f6c       _PcNewResourceSublist@20   0001324c f   portcls:portcls.sys
 0001:00002f72       _PcNewInterruptSync@20     00013252 f   portcls:portcls.sys
 0001:00002f78       _PcNewRegistryKey@36       00013258 f   portcls:portcls.sys
 0001:00002f7e       _PcNewServiceGroup@8       0001325e f   portcls:portcls.sys
 0001:00002f90       ??0CUnknown@@QAE@PAUIUnknown@@@Z 00013270 f   stdunk:stdunk.obj
 0001:00002fe0       ??_ECUnknown@@UAEPAXI@Z    000132c0 f i stdunk:stdunk.obj
 0001:00002fe0       ??_GCUnknown@@UAEPAXI@Z    000132c0 f i stdunk:stdunk.obj
 0001:00003010       ??0INonDelegatingUnknown@@QAE@XZ 000132f0 f i stdunk:stdunk.obj
 0001:00003020       ??1CUnknown@@UAE@XZ        00013300 f   stdunk:stdunk.obj
 0001:00003040       ?NonDelegatingAddRef@CUnknown@@UAGKXZ 00013320 f   stdunk:stdunk.obj
 0001:00003080       ?NonDelegatingRelease@CUnknown@@UAGKXZ 00013360 f   stdunk:stdunk.obj
 0001:00003100       ?NonDelegatingQueryInterface@CUnknown@@UAGJABU_GUID@@PAPAX@Z 000133e0 f   stdunk:stdunk.obj
 0001:00003170       _IsEqualGUIDAligned@8      00013450 f i stdunk:stdunk.obj
 0002:00000000       __imp_@ExAcquireFastMutex@4 000134e0     hal:HAL.dll
 0002:00000004       __imp_@KfAcquireSpinLock@4 000134e4     hal:HAL.dll
 0002:00000008       __imp_@ExReleaseFastMutex@4 000134e8     hal:HAL.dll
 0002:0000000c       __imp__KeStallExecutionProcessor@4 000134ec     hal:HAL.dll
 0002:00000010       __imp_@KfReleaseSpinLock@8 000134f0     hal:HAL.dll
 0002:00000014       \177HAL_NULL_THUNK_DATA    000134f4     hal:HAL.dll
 0002:00000018       __imp__KeInitializeSpinLock@4 000134f8     ntoskrnl:ntoskrnl.exe
 0002:0000001c       __imp__MmUnmapIoSpace@8    000134fc     ntoskrnl:ntoskrnl.exe
 0002:00000020       __imp__RtlInitUnicodeString@8 00013500     ntoskrnl:ntoskrnl.exe
 0002:00000024       __imp__READ_REGISTER_ULONG@4 00013504     ntoskrnl:ntoskrnl.exe
 0002:00000028       __imp__WRITE_REGISTER_ULONG@8 00013508     ntoskrnl:ntoskrnl.exe
 0002:0000002c       __imp__READ_REGISTER_UCHAR@4 0001350c     ntoskrnl:ntoskrnl.exe
 0002:00000030       __imp__WRITE_REGISTER_UCHAR@8 00013510     ntoskrnl:ntoskrnl.exe
 0002:00000034       __imp__READ_REGISTER_USHORT@4 00013514     ntoskrnl:ntoskrnl.exe
 0002:00000038       __imp__WRITE_REGISTER_USHORT@8 00013518     ntoskrnl:ntoskrnl.exe
 0002:0000003c       __imp_@ObfDereferenceObject@4 0001351c     ntoskrnl:ntoskrnl.exe
 0002:00000040       __imp__KeWaitForSingleObject@20 00013520     ntoskrnl:ntoskrnl.exe
 0002:00000044       __imp_@IofCallDriver@8     00013524     ntoskrnl:ntoskrnl.exe
 0002:00000048       __imp__IoBuildSynchronousFsdRequest@28 00013528     ntoskrnl:ntoskrnl.exe
 0002:0000004c       __imp__IoGetAttachedDeviceReference@4 0001352c     ntoskrnl:ntoskrnl.exe
 0002:00000050       __imp__DbgPrint            00013530     ntoskrnl:ntoskrnl.exe
 0002:00000054       __imp__KeInitializeEvent@12 00013534     ntoskrnl:ntoskrnl.exe
 0002:00000058       __imp_@InterlockedCompareExchange@12 00013538     ntoskrnl:ntoskrnl.exe
 0002:0000005c       __imp__KeSetEvent@12       0001353c     ntoskrnl:ntoskrnl.exe
 0002:00000060       __imp_@InterlockedExchange@8 00013540     ntoskrnl:ntoskrnl.exe
 0002:00000064       __imp__KeSetTimerEx@20     00013544     ntoskrnl:ntoskrnl.exe
 0002:00000068       __imp__KeInitializeDpc@12  00013548     ntoskrnl:ntoskrnl.exe
 0002:0000006c       __imp__KeInitializeTimer@4 0001354c     ntoskrnl:ntoskrnl.exe
 0002:00000070       __imp__ExFreePool@4        00013550     ntoskrnl:ntoskrnl.exe
 0002:00000074       __imp__KeCancelTimer@4     00013554     ntoskrnl:ntoskrnl.exe
 0002:00000078       __imp_@InterlockedIncrement@4 00013558     ntoskrnl:ntoskrnl.exe
 0002:0000007c       __imp_@InterlockedDecrement@4 0001355c     ntoskrnl:ntoskrnl.exe
 0002:00000080       __imp__KeInitializeMutex@8 00013560     ntoskrnl:ntoskrnl.exe
 0002:00000084       __imp__KeReleaseMutex@8    00013564     ntoskrnl:ntoskrnl.exe
 0002:00000088       __imp___alldiv             00013568     ntoskrnl:ntoskrnl.exe
 0002:0000008c       __imp___allmul             0001356c     ntoskrnl:ntoskrnl.exe
 0002:00000090       __imp__ExAllocatePoolWithTag@12 00013570     ntoskrnl:ntoskrnl.exe
 0002:00000094       __imp__MmMapIoSpace@16     00013574     ntoskrnl:ntoskrnl.exe
 0002:00000098       __imp__IoGetDmaAdapter@12  00013578     ntoskrnl:ntoskrnl.exe
 0002:0000009c       __imp__ExQueueWorkItem@8   0001357c     ntoskrnl:ntoskrnl.exe
 0002:000000a0       __imp__KeClearEvent@4      00013580     ntoskrnl:ntoskrnl.exe
 0002:000000a4       __imp__KeRemoveQueueDpc@4  00013584     ntoskrnl:ntoskrnl.exe
 0002:000000a8       __imp__RtlAssert@16        00013588     ntoskrnl:ntoskrnl.exe
 0002:000000ac       \177ntoskrnl_NULL_THUNK_DATA 0001358c     ntoskrnl:ntoskrnl.exe
 0002:000000b0       __imp__PcRegisterSubdevice@12 00013590     portcls:portcls.sys
 0002:000000b4       __imp__PcNewMiniport@8     00013594     portcls:portcls.sys
 0002:000000b8       __imp__PcNewPort@8         00013598     portcls:portcls.sys
 0002:000000bc       __imp__PcRegisterPhysicalConnection@20 0001359c     portcls:portcls.sys
 0002:000000c0       __imp__PcAddAdapterDevice@20 000135a0     portcls:portcls.sys
 0002:000000c4       __imp__PcInitializeAdapterDriver@12 000135a4     portcls:portcls.sys
 0002:000000c8       __imp__PcNewResourceSublist@20 000135a8     portcls:portcls.sys
 0002:000000cc       __imp__PcNewInterruptSync@20 000135ac     portcls:portcls.sys
 0002:000000d0       __imp__PcNewRegistryKey@36 000135b0     portcls:portcls.sys
 0002:000000d4       __imp__PcNewServiceGroup@8 000135b4     portcls:portcls.sys
 0002:000000d8       __imp__PcRegisterAdapterPowerManagement@8 000135b8     portcls:portcls.sys
 0002:000000dc       \177portcls_NULL_THUNK_DATA 000135bc     portcls:portcls.sys
 0002:00000138       _IID_IAdapterCommon        00013618     adapter.obj
 0002:00000148       _CLSID_MiniportDriverFmSynth 00013628     adapter.obj
 0002:00000158       _CLSID_PortWaveCyclic      00013638     adapter.obj
 0002:00000168       _CLSID_PortTopology        00013648     adapter.obj
 0002:00000178       _CLSID_PortMidi            00013658     adapter.obj
 0002:00000188       _IID_IAdapterPowerManagment 00013668     adapter.obj
 0002:00000198       _IID_IMiniportWaveCyclicStream 00013678     adapter.obj
 0002:000001a8       _IID_IMiniportWaveCyclic   00013688     adapter.obj
 0002:000001b8       _IID_IPortWaveCyclic       00013698     adapter.obj
 0002:000001c8       _IID_IMiniportTopology     000136a8     adapter.obj
 0002:000001d8       _IID_IDmaChannel           000136b8     adapter.obj
 0002:000001e8       _IID_IMiniport             000136c8     adapter.obj
 0002:000001f8       _IID_IUnknown              000136d8     adapter.obj
 0002:00000208       ??_C@_1BE@FFBG@?$AAU?$AAs?$AAe?$AAD?$AAm?$AAa?$AAP?$AAo?$AAs?$AA?$AA@ 000136e8     common.obj
 0002:0000021c       ??_C@_1CA@DADJ@?$AAU?$AAs?$AAe?$AAD?$AAi?$AAs?$AAa?$AAb?$AAl?$AAe?$AAd?$AAP?$AAi?$AAn?$AAs?$AA?$AA@ 000136fc     common.obj
 0002:0000023c       ??_C@_1BC@MBIB@?$AAU?$AAs?$AAe?$AAS?$AAP?$AAD?$AAI?$AAF?$AA?$AA@ 0001371c     common.obj
 0002:00000250       ??_C@_1BE@ONOC@?$AAU?$AAs?$AAe?$AAA?$AAl?$AAt?$AAO?$AAu?$AAt?$AA?$AA@ 00013730     common.obj
 0002:00000264       ??_C@_1BO@LMMA@?$AAS?$AAk?$AAi?$AAp?$AAC?$AAo?$AAd?$AAe?$AAc?$AAR?$AAe?$AAs?$AAe?$AAt?$AA?$AA@ 00013744     common.obj
 0002:00000284       ??_C@_1CI@JKGI@?$AAS?$AAk?$AAi?$AAp?$AAC?$AAo?$AAn?$AAt?$AAr?$AAo?$AAl?$AAl?$AAe?$AAr?$AAR?$AAe?$AAs?$AAe?$AAt?$AA?$AA@ 00013764     common.obj
 0002:000002ac       ??_C@_1BE@ENEK@?$AAR?$AAi?$AAg?$AAh?$AAt?$AAB?$AAa?$AAs?$AAs?$AA?$AA@ 0001378c     common.obj
 0002:000002c0       ??_C@_1BC@JMJO@?$AAL?$AAe?$AAf?$AAt?$AAB?$AAa?$AAs?$AAs?$AA?$AA@ 000137a0     common.obj
 0002:000002d4       ??_C@_1BI@KGAJ@?$AAR?$AAi?$AAg?$AAh?$AAt?$AAT?$AAr?$AAe?$AAb?$AAl?$AAe?$AA?$AA@ 000137b4     common.obj
 0002:000002ec       ??_C@_1BG@BGGD@?$AAL?$AAe?$AAf?$AAt?$AAT?$AAr?$AAe?$AAb?$AAl?$AAe?$AA?$AA@ 000137cc     common.obj
 0002:00000304       ??_C@_1O@IECC@?$AAM?$AAi?$AAc?$AAA?$AAG?$AAC?$AA?$AA@ 000137e4     common.obj
 0002:00000314       ??_C@_1CA@EJHI@?$AAR?$AAi?$AAg?$AAh?$AAt?$AAO?$AAu?$AAt?$AAp?$AAu?$AAt?$AAG?$AAa?$AAi?$AAn?$AA?$AA@ 000137f4     common.obj
 0002:00000334       ??_C@_1BO@PPLI@?$AAL?$AAe?$AAf?$AAt?$AAO?$AAu?$AAt?$AAp?$AAu?$AAt?$AAG?$AAa?$AAi?$AAn?$AA?$AA@ 00013814     common.obj
 0002:00000354       ??_C@_1BO@PMCJ@?$AAR?$AAi?$AAg?$AAh?$AAt?$AAI?$AAn?$AAp?$AAu?$AAt?$AAG?$AAa?$AAi?$AAn?$AA?$AA@ 00013834     common.obj
 0002:00000374       ??_C@_1BM@CFEM@?$AAL?$AAe?$AAf?$AAt?$AAI?$AAn?$AAp?$AAu?$AAt?$AAG?$AAa?$AAi?$AAn?$AA?$AA@ 00013854     common.obj
 0002:00000390       ??_C@_1CA@CIKM@?$AAR?$AAi?$AAg?$AAh?$AAt?$AAI?$AAn?$AAp?$AAu?$AAt?$AAM?$AAi?$AAx?$AAe?$AAr?$AA?$AA@ 00013870     common.obj
 0002:000003b0       ??_C@_1BO@JOGM@?$AAL?$AAe?$AAf?$AAt?$AAI?$AAn?$AAp?$AAu?$AAt?$AAM?$AAi?$AAx?$AAe?$AAr?$AA?$AA@ 00013890     common.obj
 0002:000003d0       ??_C@_1BI@BMOJ@?$AAO?$AAu?$AAt?$AAp?$AAu?$AAt?$AAM?$AAi?$AAx?$AAe?$AAr?$AA?$AA@ 000138b0     common.obj
 0002:000003e8       ??_C@_1BE@GLOL@?$AAP?$AAc?$AAS?$AAp?$AAk?$AAr?$AAV?$AAo?$AAl?$AA?$AA@ 000138c8     common.obj
 0002:000003fc       ??_C@_1O@MNBB@?$AAM?$AAi?$AAc?$AAV?$AAo?$AAl?$AA?$AA@ 000138dc     common.obj
 0002:0000040c       ??_C@_1BO@HCKE@?$AAR?$AAi?$AAg?$AAh?$AAt?$AAL?$AAi?$AAn?$AAe?$AAI?$AAn?$AAV?$AAo?$AAl?$AA?$AA@ 000138ec     common.obj
 0002:0000042c       ??_C@_1BM@KLMB@?$AAL?$AAe?$AAf?$AAt?$AAL?$AAi?$AAn?$AAe?$AAI?$AAn?$AAV?$AAo?$AAl?$AA?$AA@ 0001390c     common.obj
 0002:00000448       ??_C@_1BG@COJL@?$AAR?$AAi?$AAg?$AAh?$AAt?$AAC?$AAD?$AAV?$AAo?$AAl?$AA?$AA@ 00013928     common.obj
 0002:00000460       ??_C@_1BE@KMKA@?$AAL?$AAe?$AAf?$AAt?$AAC?$AAD?$AAV?$AAo?$AAl?$AA?$AA@ 00013940     common.obj
 0002:00000474       ??_C@_1BK@JCIM@?$AAR?$AAi?$AAg?$AAh?$AAt?$AAM?$AAi?$AAd?$AAi?$AAV?$AAo?$AAl?$AA?$AA@ 00013954     common.obj
 0002:00000490       ??_C@_1BI@KBIJ@?$AAL?$AAe?$AAf?$AAt?$AAM?$AAi?$AAd?$AAi?$AAV?$AAo?$AAl?$AA?$AA@ 00013970     common.obj
 0002:000004a8       ??_C@_1BK@MFCG@?$AAR?$AAi?$AAg?$AAh?$AAt?$AAW?$AAa?$AAv?$AAe?$AAV?$AAo?$AAl?$AA?$AA@ 00013988     common.obj
 0002:000004c4       ??_C@_1BI@PGCD@?$AAL?$AAe?$AAf?$AAt?$AAW?$AAa?$AAv?$AAe?$AAV?$AAo?$AAl?$AA?$AA@ 000139a4     common.obj
 0002:000004dc       ??_C@_1BO@NHA@?$AAR?$AAi?$AAg?$AAh?$AAt?$AAM?$AAa?$AAs?$AAt?$AAe?$AAr?$AAV?$AAo?$AAl?$AA?$AA@ 000139bc     common.obj
 0002:000004fc       ??_C@_1BM@NEBF@?$AAL?$AAe?$AAf?$AAt?$AAM?$AAa?$AAs?$AAt?$AAe?$AAr?$AAV?$AAo?$AAl?$AA?$AA@ 000139dc     common.obj
 0002:00000518       ??_7CAdapterCommon@@6BIAdapterPowerManagement@@@ 000139f8     common.obj
 0002:00000530       ??_7CAdapterCommon@@6BIAdapterCommon@@@ 00013a10     common.obj
 0002:00000598       ??_7CAdapterCommon@@6BCUnknown@@@ 00013a78     common.obj
 0002:00000670       ??_7CMiniportTopologyHDA@@6BIMiniportTopology@@@ 00013b50     mintopo.obj
 0002:00000688       ??_7CMiniportTopologyHDA@@6BCUnknown@@@ 00013b68     mintopo.obj
 0002:00000698       ??_7CMiniportWaveCyclicHDA@@6BIMiniportWaveCyclic@@@ 00013b78     minwave.obj
 0002:000006b4       ??_7CMiniportWaveCyclicHDA@@6BCUnknown@@@ 00013b94     minwave.obj
 0002:000006c4       ??_C@_09BAJA@SSE2?5?$CFd?5?6?$AA@ 00013ba4     minwave.obj
 0002:000006d0       ??_7CMyDmaChannel@@6B@     00013bb0     minwave.obj
 0002:0000070c       ??_C@_0DG@LDEH@Aligned?5DMA?5view?5invalid?5?$CIoff?$DN?$CFl@ 00013bec     minwave.obj
 0002:00000744       ??_7CMiniportWaveCyclicStreamHDA@@6BIMiniportWaveCyclicStream@@@ 00013c24     minwave.obj
 0002:00000768       ??_7CMiniportWaveCyclicStreamHDA@@6BCUnknown@@@ 00013c48     minwave.obj
 0002:00000778       ??_7CUnknown@@6B@          00013c58     stdunk:stdunk.obj
 0002:00000788       ??_C@_0BB@CHNF@m_lRefCount?5?$DO?$DN?50?$AA@ 00013c68     stdunk:stdunk.obj
 0002:0000079c       ??_C@_0N@DIKJ@?4?2stdunk?4cpp?$AA@ 00013c7c     stdunk:stdunk.obj
 0002:000007ac       ??_C@_0BA@HPDB@m_lRefCount?5?$DO?50?$AA@ 00013c8c     stdunk:stdunk.obj
 0002:000007bc       ??_C@_06DPDC@ppVoid?$AA@   00013c9c     stdunk:stdunk.obj
 0003:00000000       __GUID_b7902fe9_fb0a_11d1_81b0_0060083316c1 00013cc0     adapter.obj
 0003:00000010       __GUID_d3f0ce1c_fffc_11d1_81b0_0060083316c1 00013cd0     adapter.obj
 0003:00000020       __GUID_c096df9c_fb09_11d1_81b0_0060083316c1 00013ce0     adapter.obj
 0003:00000138       ?audBufSize@@3KA           00013df8     common.obj
 0003:0000013c       ?BdlSize@@3KA              00013dfc     common.obj
 0003:00000838       __GUID_185fedf6_9905_11d1_95a9_00c04fb925d3 000144f8     mintopo.obj
 0003:00000848       __GUID_185fedef_9905_11d1_95a9_00c04fb925d3 00014508     mintopo.obj
 0003:00000858       __GUID_185fede1_9905_11d1_95a9_00c04fb925d3 00014518     mintopo.obj
 0003:00000868       __GUID_185fede0_9905_11d1_95a9_00c04fb925d3 00014528     mintopo.obj
 0003:00000878       __GUID_7607e580_c557_11d0_8a2b_00a0c9255ac1 00014538     mintopo.obj
 0003:00000888       __GUID_185fede3_9905_11d1_95a9_00c04fb925d3 00014548     mintopo.obj
 0003:00000898       __GUID_da441a60_c556_11d0_8a2b_00a0c9255ac1 00014558     mintopo.obj
 0003:000008a8       __GUID_185fedee_9905_11d1_95a9_00c04fb925d3 00014568     mintopo.obj
 0003:000008b8       __GUID_02b223c0_c557_11d0_8a2b_00a0c9255ac1 00014578     mintopo.obj
 0003:000008c8       __GUID_185feded_9905_11d1_95a9_00c04fb925d3 00014588     mintopo.obj
 0003:000008d8       __GUID_e88c9ba0_c557_11d0_8a2b_00a0c9255ac1 00014598     mintopo.obj
 0003:000008e8       __GUID_185fedec_9905_11d1_95a9_00c04fb925d3 000145a8     mintopo.obj
 0003:000008f8       __GUID_185fedeb_9905_11d1_95a9_00c04fb925d3 000145b8     mintopo.obj
 0003:00000908       __GUID_185fedea_9905_11d1_95a9_00c04fb925d3 000145c8     mintopo.obj
 0003:00000918       __GUID_185fede9_9905_11d1_95a9_00c04fb925d3 000145d8     mintopo.obj
 0003:00000928       __GUID_185fede8_9905_11d1_95a9_00c04fb925d3 000145e8     mintopo.obj
 0003:00000938       __GUID_e573adc0_c555_11d0_8a2b_00a0c9255ac1 000145f8     mintopo.obj
 0003:00000948       __GUID_185fede7_9905_11d1_95a9_00c04fb925d3 00014608     mintopo.obj
 0003:00000958       __GUID_185fede5_9905_11d1_95a9_00c04fb925d3 00014618     mintopo.obj
 0003:00000968       __GUID_3a5acc00_c557_11d0_8a2b_00a0c9255ac1 00014628     mintopo.obj
 0003:00000978       __GUID_45ffaaa0_6e1b_11d0_bcf2_444553540000 00014638     mintopo.obj
 0003:00000988       __GUID_6994ad04_93ef_11d0_a3cc_00a0c9223196 00014648     mintopo.obj
 0003:00000998       __GUID_185fedf7_9905_11d1_95a9_00c04fb925d3 00014658     mintopo.obj
 0003:000009a8       __GUID_dff21ce1_f70f_11d0_b917_00a0c9223196 00014668     mintopo.obj
 0003:000009b8       __GUID_dff21be1_f70f_11d0_b917_00a0c9223196 00014678     mintopo.obj
 0003:000009c8       __GUID_185fedf9_9905_11d1_95a9_00c04fb925d3 00014688     mintopo.obj
 0003:000009d8       __GUID_dff21fe3_f70f_11d0_b917_00a0c9223196 00014698     mintopo.obj
 0003:000009e8       __GUID_185fedfb_9905_11d1_95a9_00c04fb925d3 000146a8     mintopo.obj
 0003:000009f8       __GUID_dff220e3_f70f_11d0_b917_00a0c9223196 000146b8     mintopo.obj
 0003:00000a08       __GUID_185fedf8_9905_11d1_95a9_00c04fb925d3 000146c8     mintopo.obj
 0003:00000a18       __GUID_dff220f3_f70f_11d0_b917_00a0c9223196 000146d8     mintopo.obj
 0003:00000a28       __GUID_dff21fe4_f70f_11d0_b917_00a0c9223196 000146e8     mintopo.obj
 0003:00000a38       __GUID_97e99ba0_bdea_11cf_a5d6_28db04c10000 000146f8     mintopo.obj
 0003:00000c80       __GUID_507ae360_c554_11d0_8a2b_00a0c9255ac1 00014940     minwave.obj
 0003:00000c90       __GUID_4d837fe0_c555_11d0_8a2b_00a0c9255ac1 00014950     minwave.obj
 0003:00000ca0       __GUID_185fedfa_9905_11d1_95a9_00c04fb925d3 00014960     minwave.obj
 0003:00000cb0       __GUID_fb6c4281_0353_11d1_905f_0000c0cc16ba 00014970     minwave.obj
 0003:00000cc0       __GUID_05589f81_c356_11ce_bf01_00aa0055595a 00014980     minwave.obj
 0003:00000cd0       __GUID_00000001_0000_0010_8000_00aa00389b71 00014990     minwave.obj
 0003:00000ce0       __GUID_73647561_0000_0010_8000_00aa00389b71 000149a0     minwave.obj
 0003:00000cf0       __GUID_0f6417d6_c318_11d0_a43f_00a0c9223196 000149b0     minwave.obj
 0003:00000d00       __GUID_518590a2_a184_11d0_8522_00c04fd9baf3 000149c0     minwave.obj
 0003:00000d10       ?PDO@@3PAU_DEVICE_OBJECT@@A 000149d0     adapter.obj
 0003:00000d18       __GUID_00000000_0000_0000_0000_000000000000 000149d8     adapter.obj
 0004:00000000       _AddDevice@8               00014a00 f   adapter.obj
 0004:00000020       ?InstallSubdevice@@YGJPAU_DEVICE_OBJECT@@PAU_IRP@@PAGABU_GUID@@3P6GJPAPAUIUnknown@@3PAU4@W4_POOL_TYPE@@@Z5PAUIResourceList@@344@Z 00014a20 f   adapter.obj
 0004:00000126       ?StartDevice@@YGJPAU_DEVICE_OBJECT@@PAU_IRP@@PAUIResourceList@@@Z 00014b26 f   adapter.obj
 0004:0000037a       ?AssignResources@@YGJPAUIResourceList@@PAPAU1@11111@Z 00014d7a f   adapter.obj
 0004:00000528       ?NewAdapterCommon@@YGJPAPAUIUnknown@@ABU_GUID@@PAU1@W4_POOL_TYPE@@@Z 00014f28 f   common.obj
 0004:00000843       ?Init@CAdapterCommon@@UAGJPAUIResourceList@@PAU_DEVICE_OBJECT@@1@Z 00015243 f   common.obj
 0004:000011ee       ??1CAdapterCommon@@UAE@XZ  00015bee f   common.obj
 0004:00001372       ?NonDelegatingQueryInterface@CAdapterCommon@@UAGJABU_GUID@@PAPAX@Z 00015d72 f   common.obj
 0004:00001432       ?WavePortDriverDest@CAdapterCommon@@UAGPAPAUIUnknown@@XZ 00015e32 f   common.obj
 0004:0000143e       ?GetInterruptSync@CAdapterCommon@@UAGPAUIInterruptSync@@XZ 00015e3e f   common.obj
 0004:0000144c       ?GetDeviceDescription@CAdapterCommon@@UAGPAU_DEVICE_DESCRIPTION@@XZ 00015e4c f   common.obj
 0004:00001456       ?MidiPortDriverDest@CAdapterCommon@@UAGPAPAUIUnknown@@XZ 00015e56 f   common.obj
 0004:00001462       ?SetWaveServiceGroup@CAdapterCommon@@UAGXPAUIServiceGroup@@@Z 00015e62 f   common.obj
 0004:000014b2       ?InitHDAController@CAdapterCommon@@QAGJXZ 00015eb2 f   common.obj
 0004:000019b8       ?TryInitializeCodecSlot@CAdapterCommon@@AAGJEPBD@Z 000163b8 f   common.obj
 0004:00001a9c       ?ReadRegistryBoolean@CAdapterCommon@@AAGEPBGE@Z 0001649c f   common.obj
 0004:00001b78       ?CreateMiniportTopologyHDA@@YGJPAPAUIUnknown@@ABU_GUID@@PAU1@W4_POOL_TYPE@@@Z 00016578 f   mintopo.obj
 0004:00001bd8       ?ProcessResources@CMiniportTopologyHDA@@AAEJPAUIResourceList@@@Z 000165d8 f   mintopo.obj
 0004:00001bfc       ?NonDelegatingQueryInterface@CMiniportTopologyHDA@@UAGJABU_GUID@@PAPAX@Z 000165fc f   mintopo.obj
 0004:00001caa       ??1CMiniportTopologyHDA@@UAE@XZ 000166aa f   mintopo.obj
 0004:00001cee       ?Init@CMiniportTopologyHDA@@UAGJPAUIUnknown@@PAUIResourceList@@PAUIPortTopology@@@Z 000166ee f   mintopo.obj
 0004:00001d50       ?GetDescription@CMiniportTopologyHDA@@UAGJPAPAUPCFILTER_DESCRIPTOR@@@Z 00016750 f   mintopo.obj
 0004:00002574       ?CreateMiniportWaveCyclicHDA@@YGJPAPAUIUnknown@@ABU_GUID@@PAU1@W4_POOL_TYPE@@@Z 00016f74 f   minwave.obj
 0004:000025d4       ?ProcessResources@CMiniportWaveCyclicHDA@@AAEJPAUIResourceList@@@Z 00016fd4 f   minwave.obj
 0004:000026e2       ?ValidateFormat@CMiniportWaveCyclicHDA@@AAEJPATKSDATAFORMAT@@@Z 000170e2 f   minwave.obj
 0004:000027cc       ?NonDelegatingQueryInterface@CMiniportWaveCyclicHDA@@UAGJABU_GUID@@PAPAX@Z 000171cc f   minwave.obj
 0004:0000287a       ??1CMiniportWaveCyclicHDA@@UAE@XZ 0001727a f   minwave.obj
 0004:000028ce       ?Init@CMiniportWaveCyclicHDA@@UAGJPAUIUnknown@@PAUIResourceList@@PAUIPortWaveCyclic@@@Z 000172ce f   minwave.obj
 0004:00002976       ?GetDescription@CMiniportWaveCyclicHDA@@UAGJPAPAUPCFILTER_DESCRIPTOR@@@Z 00017376 f   minwave.obj
 0004:00002986       ?DataRangeIntersection@CMiniportWaveCyclicHDA@@UAGJKPATKSDATAFORMAT@@0KPAXPAK@Z 00017386 f   minwave.obj
 0004:00002bdc       ?NewStream@CMiniportWaveCyclicHDA@@UAGJPAPAUIMiniportWaveCyclicStream@@PAUIUnknown@@W4_POOL_TYPE@@KEPATKSDATAFORMAT@@PAPAUIDmaChannel@@PAPAUIServiceGroup@@@Z 000175dc f   minwave.obj
 0004:00002d1c       ?NonDelegatingQueryInterface@CMiniportWaveCyclicStreamHDA@@UAGJABU_GUID@@PAPAX@Z 0001771c f   minwave.obj
 0004:00002da4       ??1CMiniportWaveCyclicStreamHDA@@UAE@XZ 000177a4 f   minwave.obj
 0004:00002e1a       ?Init@CMiniportWaveCyclicStreamHDA@@QAEJPAVCMiniportWaveCyclicHDA@@KEPATKSDATAFORMAT@@PAUIDmaChannel@@@Z 0001781a f   minwave.obj
 0004:00002eb0       ?SetNotificationFreq@CMiniportWaveCyclicStreamHDA@@UAGKKPAK@Z 000178b0 f   minwave.obj
 0004:00002ef0       ?SetFormat@CMiniportWaveCyclicStreamHDA@@UAGJPATKSDATAFORMAT@@@Z 000178f0 f   minwave.obj
 0004:00002f7c       ?SetState@CMiniportWaveCyclicStreamHDA@@UAGJW4KSSTATE@@@Z 0001797c f   minwave.obj
 0005:00000000       _DriverEntry@8             000179e0 f   adapter.obj
 0005:00000018       __IMPORT_DESCRIPTOR_ntoskrnl 000179f8     ntoskrnl:ntoskrnl.exe
 0005:0000002c       __IMPORT_DESCRIPTOR_HAL    00017a0c     hal:HAL.dll
 0005:00000040       __IMPORT_DESCRIPTOR_portcls 00017a20     portcls:portcls.sys
 0005:00000054       __NULL_IMPORT_DESCRIPTOR   00017a34     ntoskrnl:ntoskrnl.exe

 entry point at        0005:00000000

 Static symbols

 0004:00001d60       ?PropertyHandler_OnOff@@YGJPAU_PCPROPERTY_REQUEST@@@Z 00016760 f   mintopo.obj
 0004:00001efe       ?PropertyHandler_SuperMixCaps@@YGJPAU_PCPROPERTY_REQUEST@@@Z 000168fe f   mintopo.obj
 0004:000020d8       ?PropertyHandler_SuperMixTable@@YGJPAU_PCPROPERTY_REQUEST@@@Z 00016ad8 f   mintopo.obj
 0004:000023f4       ?PropertyHandler_CpuResources@@YGJPAU_PCPROPERTY_REQUEST@@@Z 00016df4 f   mintopo.obj
 0001:0000263c       ?PropertyHandler_Level@@YGJPAU_PCPROPERTY_REQUEST@@@Z 0001291c f   mintopo.obj
 0004:00002480       ?BasicSupportHandler@@YGJPAU_PCPROPERTY_REQUEST@@@Z 00016e80 f   mintopo.obj
 0001:00000064       ?AllocateAlignedCommonBuffer@@YGJPAU_DMA_ADAPTER@@KKPAU_HDA_DMA_COMMON_BUFFER@@@Z 00010344 f   common.obj
 0001:00000158       ?ResetCommonBufferDescriptor@@YGXPAU_HDA_DMA_COMMON_BUFFER@@@Z 00010438 f   common.obj
 0001:00000168       ?FreeAlignedCommonBuffer@@YGXPAU_DMA_ADAPTER@@PAU_HDA_DMA_COMMON_BUFFER@@@Z 00010448 f   common.obj

 309 bytes saved through ICF

