 HDA

 Timestamp is 6a402968 (Sat Jun 27 12:50:00 2026)

 Preferred load address is 00010000

 Start         Length     Name                   Class
 0001:00000000 00003251H .text                   CODE
 0002:00000000 000000e0H .idata$5                DATA
 0002:000000e0 000006dbH .rdata                  DATA
 0003:00000000 00000d10H .data                   DATA
 0003:00000d10 0000001eH .bss                    DATA
 0004:00000000 000030c1H PAGE                    CODE
 0005:00000000 00000015H INIT                    CODE
 0005:00000018 0000003cH .idata$2                CODE
 0005:00000054 00000014H .idata$3                CODE
 0005:00000068 000000e0H .idata$4                CODE
 0005:00000148 0000047aH .idata$6                CODE
 0006:00000000 00000058H .rsrc$01                DATA
 0006:00000060 000003e0H .rsrc$02                DATA

  Address         Publics by Value              Rva+Base     Lib:Object

 0001:00000000       ??3@YAXPAX@Z               000102e0 f i common.obj
 0001:0000000c       ?QueryInterface@CAdapterCommon@@UAGJABU_GUID@@PAPAX@Z 000102ec f i common.obj
 0001:00000024       ?AddRef@CAdapterCommon@@UAGKXZ 00010304 f i common.obj
 0001:00000034       ?Release@CAdapterCommon@@UAGKXZ 00010314 f i common.obj
 0001:00000044       ??_GCAdapterCommon@@UAEPAXI@Z 00010324 f i common.obj
 0001:00000044       ??_ECAdapterCommon@@UAEPAXI@Z 00010324 f i common.obj
 0001:0000019e       ?hda_check_headphone_connection_change@CAdapterCommon@@QAGXXZ 0001047e f   common.obj
 0001:000001d6       ?hda_is_supported_sample_rate@CAdapterCommon@@UAGEK@Z 000104b6 f   common.obj
 0001:00000222       ?hda_send_verb@CAdapterCommon@@UAGKKKKK@Z 00010502 f   common.obj
 0001:000003ba       ?MixerRegWrite@CAdapterCommon@@UAGXEE@Z 0001069a f   common.obj
 0001:00000406       ?MixerRegRead@CAdapterCommon@@UAGEE@Z 000106e6 f   common.obj
 0001:00000424       ?MixerReset@CAdapterCommon@@UAGXXZ 00010704 f   common.obj
 0001:00000432       ?AcknowledgeIRQ@CAdapterCommon@@AAE?AW4_HDA_INTERRUPT_TYPE@@XZ 00010712 f   common.obj
 0001:00000546       ?ResetController@CAdapterCommon@@UAGJXZ 00010826 f   common.obj
 0001:0000056e       ?RestoreMixerSettingsFromRegistry@CAdapterCommon@@UAGJXZ 0001084e f   common.obj
 0001:000006cc       ?SaveMixerSettingsToRegistry@CAdapterCommon@@UAGJXZ 000109ac f   common.obj
 0001:000007c8       ?ProgramSampleRate@CAdapterCommon@@UAGJK@Z 00010aa8 f   common.obj
 0001:00000828       ?PowerChangeState@CAdapterCommon@@UAGXT_POWER_STATE@@@Z 00010b08 f   common.obj
 0001:00000886       ?QueryPowerChangeState@CAdapterCommon@@UAGJT_POWER_STATE@@@Z 00010b66 f   common.obj
 0001:00000886       ?QueryDeviceCapabilities@CAdapterCommon@@UAGJPAU_DEVICE_CAPABILITIES@@@Z 00010b66 f   common.obj
 0001:0000088c       ?InterruptServiceRoutine@@YGJPAUIInterruptSync@@PAX@Z 00010b6c f   common.obj
 0001:000008c4       ?hda_stop_stream@CAdapterCommon@@UAGJXZ 00010ba4 f   common.obj
 0001:000009ba       ?hda_start_sound@CAdapterCommon@@UAGXXZ 00010c9a f   common.obj
 0001:000009f8       ?hda_stop_sound@CAdapterCommon@@UAGXXZ 00010cd8 f   common.obj
 0001:00000a3e       ?hda_get_actual_stream_position@CAdapterCommon@@UAGKXZ 00010d1e f   common.obj
 0001:00000aba       ?hda_set_volume@CAdapterCommon@@QAGXKE@Z 00010d9a f   common.obj
 0001:00000afa       ?readUCHAR@CAdapterCommon@@QAGEG@Z 00010dda f   common.obj
 0001:00000b12       ?writeUCHAR@CAdapterCommon@@QAGXGE@Z 00010df2 f   common.obj
 0001:00000b2e       ?readUSHORT@CAdapterCommon@@QAGGG@Z 00010e0e f   common.obj
 0001:00000b46       ?writeUSHORT@CAdapterCommon@@QAGXGG@Z 00010e26 f   common.obj
 0001:00000b62       ?readULONG@CAdapterCommon@@QAGKG@Z 00010e42 f   common.obj
 0001:00000b7a       ?writeULONG@CAdapterCommon@@QAGXGK@Z 00010e5a f   common.obj
 0001:00000b96       ?hda_setup_stream_descriptor@CAdapterCommon@@UAGJPAUIDmaChannel@@@Z 00010e76 f   common.obj
 0001:00000cf6       ?hda_return_sound_data_format@CAdapterCommon@@QAGGKKK@Z 00010fd6 f   common.obj
 0001:00000db8       ?ReadWriteConfigSpace@CAdapterCommon@@AAGJPAU_DEVICE_OBJECT@@KPAXKK@Z 00011098 f   common.obj
 0001:00000e60       ?WriteConfigSpaceByte@CAdapterCommon@@AAGJEEE@Z 00011140 f   common.obj
 0001:00000e96       ?WriteConfigSpaceWord@CAdapterCommon@@AAGJEGG@Z 00011176 f   common.obj
 0001:00000ecc       ?CacheLineFlush@CAdapterCommon@@UAGXPAXK@Z 000111ac f   common.obj
 0001:00000f08       ?JackPollDpcRoutine@CAdapterCommon@@CGXPAU_KDPC@@PAX11@Z 000111e8 f   common.obj
 0001:00000f58       ?JackPollWorker@CAdapterCommon@@CGXPAX@Z 00011238 f   common.obj
 0001:00000faa       ?StartJackPolling@CAdapterCommon@@AAGJXZ 0001128a f   common.obj
 0001:0000107f       ?StopJackPolling@CAdapterCommon@@AAGXXZ 0001135f f   common.obj
 0001:00001104       ?QueryInterface@CAdapterCommon@@W3AGJABU_GUID@@PAPAX@Z 000113e4 f i common.obj
 0001:0000110e       ?AddRef@CAdapterCommon@@W3AGKXZ 000113ee f i common.obj
 0001:00001118       ?Release@CAdapterCommon@@W3AGKXZ 000113f8 f i common.obj
 0001:00001122       ??0HDA_Codec@@QAE@EEEPAUIAdapterCommon@@@Z 00011402 f   codec.obj
 0001:00001168       ??1HDA_Codec@@QAE@XZ       00011448 f   codec.obj
 0001:0000118c       ?InitializeCodec@HDA_Codec@@QAGJXZ 0001146c f   codec.obj
 0001:00001681       ?hda_initialize_audio_function_group@HDA_Codec@@QAGJK@Z 00011961 f   codec.obj
 0001:00001dbe       ?hda_get_node_type@HDA_Codec@@QAGEK@Z 0001209e f   codec.obj
 0001:00001ddc       ?hda_get_node_connection_entries@HDA_Codec@@QAGKKK@Z 000120bc f   codec.obj
 0001:00001e5a       ?hda_initialize_output_pin@HDA_Codec@@QAGJKAAUHDA_NODE_PATH@@@Z 0001213a f   codec.obj
 0001:00001f9c       ?hda_initialize_audio_output@HDA_Codec@@QAGXKAAUHDA_NODE_PATH@@@Z 0001227c f   codec.obj
 0001:000020ae       ?hda_initialize_audio_mixer@HDA_Codec@@QAGXKAAUHDA_NODE_PATH@@@Z 0001238e f   codec.obj
 0001:0000218c       ?hda_initialize_audio_selector@HDA_Codec@@QAGXKAAUHDA_NODE_PATH@@@Z 0001246c f   codec.obj
 0001:0000229a       ?ProgramSampleRate@HDA_Codec@@QAGJK@Z 0001257a f   codec.obj
 0001:00002383       ?hda_check_headphone_connection_change@HDA_Codec@@QAGXXZ 00012663 f   codec.obj
 0001:000023f6       ?hda_is_supported_sample_rate@HDA_Codec@@QAGEK@Z 000126d6 f   codec.obj
 0001:00002494       ?hda_set_volume@HDA_Codec@@QAGXKE@Z 00012774 f   codec.obj
 0001:000024ca       ?hda_set_node_gain@HDA_Codec@@QAGXKKKKE@Z 000127aa f   codec.obj
 0001:00002532       ?hda_send_verb@HDA_Codec@@QAGKKKK@Z 00012812 f   codec.obj
 0001:00002552       ?hda_enable_pin_output@HDA_Codec@@QAGXK@Z 00012832 f   codec.obj
 0001:0000257e       ?hda_disable_pin_output@HDA_Codec@@QAGXK@Z 0001285e f   codec.obj
 0001:000025aa       ?hda_is_headphone_connected@HDA_Codec@@QAGEXZ 0001288a f   codec.obj
 0001:000025dc       ?hda_return_sound_data_format@HDA_Codec@@QAGGKKK@Z 000128bc f i codec.obj
 0001:0000269e       ?AddRef@CMiniportWaveCyclicHDA@@UAGKXZ 0001297e f i mintopo.obj
 0001:0000269e       ?AddRef@CMiniportWaveCyclicStreamHDA@@UAGKXZ 0001297e f i mintopo.obj
 0001:0000269e       ?AddRef@CMiniportTopologyHDA@@UAGKXZ 0001297e f i mintopo.obj
 0001:000026ae       ?Release@CMiniportWaveCyclicStreamHDA@@UAGKXZ 0001298e f i mintopo.obj
 0001:000026ae       ?Release@CMiniportTopologyHDA@@UAGKXZ 0001298e f i mintopo.obj
 0001:000026ae       ?Release@CMiniportWaveCyclicHDA@@UAGKXZ 0001298e f i mintopo.obj
 0001:000026be       ?DataRangeIntersection@CMiniportTopologyHDA@@UAGJKPATKSDATAFORMAT@@0KPAXPAK@Z 0001299e f i mintopo.obj
 0001:000026c6       ??_ECMiniportTopologyHDA@@UAEPAXI@Z 000129a6 f i mintopo.obj
 0001:000026c6       ??_GCMiniportTopologyHDA@@UAEPAXI@Z 000129a6 f i mintopo.obj
 0001:00002ac4       ?ReadBitsFromMixer@CMiniportTopologyHDA@@AAEEEEE@Z 00012da4 f   mintopo.obj
 0001:00002aec       ?WriteBitsToMixer@CMiniportTopologyHDA@@AAEXEEEE@Z 00012dcc f   mintopo.obj
 0001:00002b42       ?QueryInterface@CMiniportWaveCyclicStreamHDA@@UAGJABU_GUID@@PAPAX@Z 00012e22 f i minwave.obj
 0001:00002b42       ?QueryInterface@CMiniportWaveCyclicHDA@@UAGJABU_GUID@@PAPAX@Z 00012e22 f i minwave.obj
 0001:00002b42       ?QueryInterface@CMiniportTopologyHDA@@UAGJABU_GUID@@PAPAX@Z 00012e22 f i minwave.obj
 0001:00002b5a       ??_ECMiniportWaveCyclicHDA@@UAEPAXI@Z 00012e3a f i minwave.obj
 0001:00002b5a       ??_GCMiniportWaveCyclicHDA@@UAEPAXI@Z 00012e3a f i minwave.obj
 0001:00002b7a       ??0CMyDmaChannel@@QAE@PAUIDmaChannel@@@Z 00012e5a f i minwave.obj
 0001:00002be6       ?QueryInterface@CMyDmaChannel@@UAGJABU_GUID@@PAPAX@Z 00012ec6 f i minwave.obj
 0001:00002c36       ?AddRef@CMyDmaChannel@@UAGKXZ 00012f16 f i minwave.obj
 0001:00002c46       ?Release@CMyDmaChannel@@UAGKXZ 00012f26 f i minwave.obj
 0001:00002c72       ?AllocateBuffer@CMyDmaChannel@@UAGJKPAT_LARGE_INTEGER@@@Z 00012f52 f i minwave.obj
 0001:00002d5c       ?FreeBuffer@CMyDmaChannel@@UAGXXZ 0001303c f i minwave.obj
 0001:00002d7e       ?SystemAddress@CMyDmaChannel@@UAGPAXXZ 0001305e f i minwave.obj
 0001:00002d9a       ?CopyTo@CMyDmaChannel@@UAGXPAX0K@Z 0001307a f i minwave.obj
 0001:00002de4       ?CopyFrom@CMyDmaChannel@@UAGXPAX0K@Z 000130c4 f i minwave.obj
 0001:00002e00       ?AllocatedBufferSize@CMyDmaChannel@@UAGKXZ 000130e0 f i minwave.obj
 0001:00002e1c       ?BufferSize@CMyDmaChannel@@UAGKXZ 000130fc f i minwave.obj
 0001:00002e38       ?SetBufferSize@CMyDmaChannel@@UAGXK@Z 00013118 f i minwave.obj
 0001:00002e50       ?PhysicalAddress@CMyDmaChannel@@UAG?AT_LARGE_INTEGER@@XZ 00013130 f i minwave.obj
 0001:00002e8c       ?MaximumBufferSize@CMyDmaChannel@@UAGKXZ 0001316c f i minwave.obj
 0001:00002ea8       ?TransferCount@CMyDmaChannel@@UAGKXZ 00013188 f i minwave.obj
 0001:00002eb8       ?GetAdapterObject@CMyDmaChannel@@UAGPAU_DMA_ADAPTER@@XZ 00013198 f i minwave.obj
 0001:00002ec8       ??_GCMiniportWaveCyclicStreamHDA@@UAEPAXI@Z 000131a8 f i minwave.obj
 0001:00002ec8       ??_ECMiniportWaveCyclicStreamHDA@@UAEPAXI@Z 000131a8 f i minwave.obj
 0001:00002ee8       ?GetPosition@CMiniportWaveCyclicStreamHDA@@UAGJPAK@Z 000131c8 f   minwave.obj
 0001:00002f2a       ?NormalizePhysicalPosition@CMiniportWaveCyclicStreamHDA@@UAGJPA_J@Z 0001320a f   minwave.obj
 0001:00002f72       ?Silence@CMiniportWaveCyclicStreamHDA@@UAGXPAXK@Z 00013252 f   minwave.obj
 0001:00002fac       _DbgPrint                  0001328c f   ntoskrnl:ntoskrnl.exe
 0001:00002fb2       __alldiv                   00013292 f   ntoskrnl:ntoskrnl.exe
 0001:00002fb8       __allmul                   00013298 f   ntoskrnl:ntoskrnl.exe
 0001:00002fbe       _PcInitializeAdapterDriver@12 0001329e f   portcls:portcls.sys
 0001:00002fc4       _PcAddAdapterDevice@20     000132a4 f   portcls:portcls.sys
 0001:00002fca       _PcRegisterSubdevice@12    000132aa f   portcls:portcls.sys
 0001:00002fd0       _PcNewMiniport@8           000132b0 f   portcls:portcls.sys
 0001:00002fd6       _PcNewPort@8               000132b6 f   portcls:portcls.sys
 0001:00002fdc       _PcRegisterPhysicalConnection@20 000132bc f   portcls:portcls.sys
 0001:00002fe2       _PcRegisterAdapterPowerManagement@8 000132c2 f   portcls:portcls.sys
 0001:00002fe8       _PcNewResourceSublist@20   000132c8 f   portcls:portcls.sys
 0001:00002fee       _PcNewInterruptSync@20     000132ce f   portcls:portcls.sys
 0001:00002ff4       _PcNewRegistryKey@36       000132d4 f   portcls:portcls.sys
 0001:00002ffa       _PcNewServiceGroup@8       000132da f   portcls:portcls.sys
 0001:00003000       ??0CUnknown@@QAE@PAUIUnknown@@@Z 000132e0 f   stdunk:stdunk.obj
 0001:00003050       ??_GCUnknown@@UAEPAXI@Z    00013330 f i stdunk:stdunk.obj
 0001:00003050       ??_ECUnknown@@UAEPAXI@Z    00013330 f i stdunk:stdunk.obj
 0001:00003080       ??0INonDelegatingUnknown@@QAE@XZ 00013360 f i stdunk:stdunk.obj
 0001:00003090       ??1CUnknown@@UAE@XZ        00013370 f   stdunk:stdunk.obj
 0001:000030b0       ?NonDelegatingAddRef@CUnknown@@UAGKXZ 00013390 f   stdunk:stdunk.obj
 0001:000030f0       ?NonDelegatingRelease@CUnknown@@UAGKXZ 000133d0 f   stdunk:stdunk.obj
 0001:00003170       ?NonDelegatingQueryInterface@CUnknown@@UAGJABU_GUID@@PAPAX@Z 00013450 f   stdunk:stdunk.obj
 0001:000031e0       _IsEqualGUIDAligned@8      000134c0 f i stdunk:stdunk.obj
 0002:00000000       __imp_@ExAcquireFastMutex@4 00013540     hal:HAL.dll
 0002:00000004       __imp_@KfAcquireSpinLock@4 00013544     hal:HAL.dll
 0002:00000008       __imp_@ExReleaseFastMutex@4 00013548     hal:HAL.dll
 0002:0000000c       __imp__KeStallExecutionProcessor@4 0001354c     hal:HAL.dll
 0002:00000010       __imp_@KfReleaseSpinLock@8 00013550     hal:HAL.dll
 0002:00000014       \177HAL_NULL_THUNK_DATA    00013554     hal:HAL.dll
 0002:00000018       __imp__KeInitializeSpinLock@4 00013558     ntoskrnl:ntoskrnl.exe
 0002:0000001c       __imp__MmUnmapIoSpace@8    0001355c     ntoskrnl:ntoskrnl.exe
 0002:00000020       __imp__RtlInitUnicodeString@8 00013560     ntoskrnl:ntoskrnl.exe
 0002:00000024       __imp__READ_REGISTER_ULONG@4 00013564     ntoskrnl:ntoskrnl.exe
 0002:00000028       __imp__WRITE_REGISTER_ULONG@8 00013568     ntoskrnl:ntoskrnl.exe
 0002:0000002c       __imp__READ_REGISTER_UCHAR@4 0001356c     ntoskrnl:ntoskrnl.exe
 0002:00000030       __imp__WRITE_REGISTER_UCHAR@8 00013570     ntoskrnl:ntoskrnl.exe
 0002:00000034       __imp__READ_REGISTER_USHORT@4 00013574     ntoskrnl:ntoskrnl.exe
 0002:00000038       __imp__WRITE_REGISTER_USHORT@8 00013578     ntoskrnl:ntoskrnl.exe
 0002:0000003c       __imp_@ObfDereferenceObject@4 0001357c     ntoskrnl:ntoskrnl.exe
 0002:00000040       __imp__KeWaitForSingleObject@20 00013580     ntoskrnl:ntoskrnl.exe
 0002:00000044       __imp_@IofCallDriver@8     00013584     ntoskrnl:ntoskrnl.exe
 0002:00000048       __imp__IoBuildSynchronousFsdRequest@28 00013588     ntoskrnl:ntoskrnl.exe
 0002:0000004c       __imp__IoGetAttachedDeviceReference@4 0001358c     ntoskrnl:ntoskrnl.exe
 0002:00000050       __imp__DbgPrint            00013590     ntoskrnl:ntoskrnl.exe
 0002:00000054       __imp__KeInitializeEvent@12 00013594     ntoskrnl:ntoskrnl.exe
 0002:00000058       __imp_@InterlockedCompareExchange@12 00013598     ntoskrnl:ntoskrnl.exe
 0002:0000005c       __imp__KeSetEvent@12       0001359c     ntoskrnl:ntoskrnl.exe
 0002:00000060       __imp_@InterlockedExchange@8 000135a0     ntoskrnl:ntoskrnl.exe
 0002:00000064       __imp__KeSetTimerEx@20     000135a4     ntoskrnl:ntoskrnl.exe
 0002:00000068       __imp__KeInitializeDpc@12  000135a8     ntoskrnl:ntoskrnl.exe
 0002:0000006c       __imp__KeInitializeTimer@4 000135ac     ntoskrnl:ntoskrnl.exe
 0002:00000070       __imp__ExFreePool@4        000135b0     ntoskrnl:ntoskrnl.exe
 0002:00000074       __imp__KeCancelTimer@4     000135b4     ntoskrnl:ntoskrnl.exe
 0002:00000078       __imp_@InterlockedIncrement@4 000135b8     ntoskrnl:ntoskrnl.exe
 0002:0000007c       __imp_@InterlockedDecrement@4 000135bc     ntoskrnl:ntoskrnl.exe
 0002:00000080       __imp__KeInitializeMutex@8 000135c0     ntoskrnl:ntoskrnl.exe
 0002:00000084       __imp__KeReleaseMutex@8    000135c4     ntoskrnl:ntoskrnl.exe
 0002:00000088       __imp___alldiv             000135c8     ntoskrnl:ntoskrnl.exe
 0002:0000008c       __imp___allmul             000135cc     ntoskrnl:ntoskrnl.exe
 0002:00000090       __imp__ExAllocatePoolWithTag@12 000135d0     ntoskrnl:ntoskrnl.exe
 0002:00000094       __imp__MmMapIoSpace@16     000135d4     ntoskrnl:ntoskrnl.exe
 0002:00000098       __imp__IoGetDmaAdapter@12  000135d8     ntoskrnl:ntoskrnl.exe
 0002:0000009c       __imp__ExQueueWorkItem@8   000135dc     ntoskrnl:ntoskrnl.exe
 0002:000000a0       __imp__KeClearEvent@4      000135e0     ntoskrnl:ntoskrnl.exe
 0002:000000a4       __imp__KeRemoveQueueDpc@4  000135e4     ntoskrnl:ntoskrnl.exe
 0002:000000a8       __imp__RtlAssert@16        000135e8     ntoskrnl:ntoskrnl.exe
 0002:000000ac       \177ntoskrnl_NULL_THUNK_DATA 000135ec     ntoskrnl:ntoskrnl.exe
 0002:000000b0       __imp__PcRegisterSubdevice@12 000135f0     portcls:portcls.sys
 0002:000000b4       __imp__PcNewMiniport@8     000135f4     portcls:portcls.sys
 0002:000000b8       __imp__PcNewPort@8         000135f8     portcls:portcls.sys
 0002:000000bc       __imp__PcRegisterPhysicalConnection@20 000135fc     portcls:portcls.sys
 0002:000000c0       __imp__PcAddAdapterDevice@20 00013600     portcls:portcls.sys
 0002:000000c4       __imp__PcInitializeAdapterDriver@12 00013604     portcls:portcls.sys
 0002:000000c8       __imp__PcNewResourceSublist@20 00013608     portcls:portcls.sys
 0002:000000cc       __imp__PcNewInterruptSync@20 0001360c     portcls:portcls.sys
 0002:000000d0       __imp__PcNewRegistryKey@36 00013610     portcls:portcls.sys
 0002:000000d4       __imp__PcNewServiceGroup@8 00013614     portcls:portcls.sys
 0002:000000d8       __imp__PcRegisterAdapterPowerManagement@8 00013618     portcls:portcls.sys
 0002:000000dc       \177portcls_NULL_THUNK_DATA 0001361c     portcls:portcls.sys
 0002:00000138       _IID_IAdapterCommon        00013678     adapter.obj
 0002:00000148       _CLSID_MiniportDriverFmSynth 00013688     adapter.obj
 0002:00000158       _CLSID_PortWaveCyclic      00013698     adapter.obj
 0002:00000168       _CLSID_PortTopology        000136a8     adapter.obj
 0002:00000178       _CLSID_PortMidi            000136b8     adapter.obj
 0002:00000188       _IID_IAdapterPowerManagment 000136c8     adapter.obj
 0002:00000198       _IID_IMiniportWaveCyclicStream 000136d8     adapter.obj
 0002:000001a8       _IID_IMiniportWaveCyclic   000136e8     adapter.obj
 0002:000001b8       _IID_IPortWaveCyclic       000136f8     adapter.obj
 0002:000001c8       _IID_IMiniportTopology     00013708     adapter.obj
 0002:000001d8       _IID_IDmaChannel           00013718     adapter.obj
 0002:000001e8       _IID_IMiniport             00013728     adapter.obj
 0002:000001f8       _IID_IUnknown              00013738     adapter.obj
 0002:00000208       ??_C@_1BE@FFBG@?$AAU?$AAs?$AAe?$AAD?$AAm?$AAa?$AAP?$AAo?$AAs?$AA?$AA@ 00013748     common.obj
 0002:0000021c       ??_C@_1CA@DADJ@?$AAU?$AAs?$AAe?$AAD?$AAi?$AAs?$AAa?$AAb?$AAl?$AAe?$AAd?$AAP?$AAi?$AAn?$AAs?$AA?$AA@ 0001375c     common.obj
 0002:0000023c       ??_C@_1BC@MBIB@?$AAU?$AAs?$AAe?$AAS?$AAP?$AAD?$AAI?$AAF?$AA?$AA@ 0001377c     common.obj
 0002:00000250       ??_C@_1BE@ONOC@?$AAU?$AAs?$AAe?$AAA?$AAl?$AAt?$AAO?$AAu?$AAt?$AA?$AA@ 00013790     common.obj
 0002:00000264       ??_C@_1BO@LMMA@?$AAS?$AAk?$AAi?$AAp?$AAC?$AAo?$AAd?$AAe?$AAc?$AAR?$AAe?$AAs?$AAe?$AAt?$AA?$AA@ 000137a4     common.obj
 0002:00000284       ??_C@_1CI@JKGI@?$AAS?$AAk?$AAi?$AAp?$AAC?$AAo?$AAn?$AAt?$AAr?$AAo?$AAl?$AAl?$AAe?$AAr?$AAR?$AAe?$AAs?$AAe?$AAt?$AA?$AA@ 000137c4     common.obj
 0002:000002ac       ??_C@_1BE@ENEK@?$AAR?$AAi?$AAg?$AAh?$AAt?$AAB?$AAa?$AAs?$AAs?$AA?$AA@ 000137ec     common.obj
 0002:000002c0       ??_C@_1BC@JMJO@?$AAL?$AAe?$AAf?$AAt?$AAB?$AAa?$AAs?$AAs?$AA?$AA@ 00013800     common.obj
 0002:000002d4       ??_C@_1BI@KGAJ@?$AAR?$AAi?$AAg?$AAh?$AAt?$AAT?$AAr?$AAe?$AAb?$AAl?$AAe?$AA?$AA@ 00013814     common.obj
 0002:000002ec       ??_C@_1BG@BGGD@?$AAL?$AAe?$AAf?$AAt?$AAT?$AAr?$AAe?$AAb?$AAl?$AAe?$AA?$AA@ 0001382c     common.obj
 0002:00000304       ??_C@_1O@IECC@?$AAM?$AAi?$AAc?$AAA?$AAG?$AAC?$AA?$AA@ 00013844     common.obj
 0002:00000314       ??_C@_1CA@EJHI@?$AAR?$AAi?$AAg?$AAh?$AAt?$AAO?$AAu?$AAt?$AAp?$AAu?$AAt?$AAG?$AAa?$AAi?$AAn?$AA?$AA@ 00013854     common.obj
 0002:00000334       ??_C@_1BO@PPLI@?$AAL?$AAe?$AAf?$AAt?$AAO?$AAu?$AAt?$AAp?$AAu?$AAt?$AAG?$AAa?$AAi?$AAn?$AA?$AA@ 00013874     common.obj
 0002:00000354       ??_C@_1BO@PMCJ@?$AAR?$AAi?$AAg?$AAh?$AAt?$AAI?$AAn?$AAp?$AAu?$AAt?$AAG?$AAa?$AAi?$AAn?$AA?$AA@ 00013894     common.obj
 0002:00000374       ??_C@_1BM@CFEM@?$AAL?$AAe?$AAf?$AAt?$AAI?$AAn?$AAp?$AAu?$AAt?$AAG?$AAa?$AAi?$AAn?$AA?$AA@ 000138b4     common.obj
 0002:00000390       ??_C@_1CA@CIKM@?$AAR?$AAi?$AAg?$AAh?$AAt?$AAI?$AAn?$AAp?$AAu?$AAt?$AAM?$AAi?$AAx?$AAe?$AAr?$AA?$AA@ 000138d0     common.obj
 0002:000003b0       ??_C@_1BO@JOGM@?$AAL?$AAe?$AAf?$AAt?$AAI?$AAn?$AAp?$AAu?$AAt?$AAM?$AAi?$AAx?$AAe?$AAr?$AA?$AA@ 000138f0     common.obj
 0002:000003d0       ??_C@_1BI@BMOJ@?$AAO?$AAu?$AAt?$AAp?$AAu?$AAt?$AAM?$AAi?$AAx?$AAe?$AAr?$AA?$AA@ 00013910     common.obj
 0002:000003e8       ??_C@_1BE@GLOL@?$AAP?$AAc?$AAS?$AAp?$AAk?$AAr?$AAV?$AAo?$AAl?$AA?$AA@ 00013928     common.obj
 0002:000003fc       ??_C@_1O@MNBB@?$AAM?$AAi?$AAc?$AAV?$AAo?$AAl?$AA?$AA@ 0001393c     common.obj
 0002:0000040c       ??_C@_1BO@HCKE@?$AAR?$AAi?$AAg?$AAh?$AAt?$AAL?$AAi?$AAn?$AAe?$AAI?$AAn?$AAV?$AAo?$AAl?$AA?$AA@ 0001394c     common.obj
 0002:0000042c       ??_C@_1BM@KLMB@?$AAL?$AAe?$AAf?$AAt?$AAL?$AAi?$AAn?$AAe?$AAI?$AAn?$AAV?$AAo?$AAl?$AA?$AA@ 0001396c     common.obj
 0002:00000448       ??_C@_1BG@COJL@?$AAR?$AAi?$AAg?$AAh?$AAt?$AAC?$AAD?$AAV?$AAo?$AAl?$AA?$AA@ 00013988     common.obj
 0002:00000460       ??_C@_1BE@KMKA@?$AAL?$AAe?$AAf?$AAt?$AAC?$AAD?$AAV?$AAo?$AAl?$AA?$AA@ 000139a0     common.obj
 0002:00000474       ??_C@_1BK@JCIM@?$AAR?$AAi?$AAg?$AAh?$AAt?$AAM?$AAi?$AAd?$AAi?$AAV?$AAo?$AAl?$AA?$AA@ 000139b4     common.obj
 0002:00000490       ??_C@_1BI@KBIJ@?$AAL?$AAe?$AAf?$AAt?$AAM?$AAi?$AAd?$AAi?$AAV?$AAo?$AAl?$AA?$AA@ 000139d0     common.obj
 0002:000004a8       ??_C@_1BK@MFCG@?$AAR?$AAi?$AAg?$AAh?$AAt?$AAW?$AAa?$AAv?$AAe?$AAV?$AAo?$AAl?$AA?$AA@ 000139e8     common.obj
 0002:000004c4       ??_C@_1BI@PGCD@?$AAL?$AAe?$AAf?$AAt?$AAW?$AAa?$AAv?$AAe?$AAV?$AAo?$AAl?$AA?$AA@ 00013a04     common.obj
 0002:000004dc       ??_C@_1BO@NHA@?$AAR?$AAi?$AAg?$AAh?$AAt?$AAM?$AAa?$AAs?$AAt?$AAe?$AAr?$AAV?$AAo?$AAl?$AA?$AA@ 00013a1c     common.obj
 0002:000004fc       ??_C@_1BM@NEBF@?$AAL?$AAe?$AAf?$AAt?$AAM?$AAa?$AAs?$AAt?$AAe?$AAr?$AAV?$AAo?$AAl?$AA?$AA@ 00013a3c     common.obj
 0002:00000518       ??_7CAdapterCommon@@6BIAdapterPowerManagement@@@ 00013a58     common.obj
 0002:00000530       ??_7CAdapterCommon@@6BIAdapterCommon@@@ 00013a70     common.obj
 0002:00000590       ??_7CAdapterCommon@@6BCUnknown@@@ 00013ad0     common.obj
 0002:00000668       ??_7CMiniportTopologyHDA@@6BIMiniportTopology@@@ 00013ba8     mintopo.obj
 0002:00000680       ??_7CMiniportTopologyHDA@@6BCUnknown@@@ 00013bc0     mintopo.obj
 0002:00000690       ??_7CMiniportWaveCyclicHDA@@6BIMiniportWaveCyclic@@@ 00013bd0     minwave.obj
 0002:000006ac       ??_7CMiniportWaveCyclicHDA@@6BCUnknown@@@ 00013bec     minwave.obj
 0002:000006bc       ??_C@_09BAJA@SSE2?5?$CFd?5?6?$AA@ 00013bfc     minwave.obj
 0002:000006c8       ??_7CMyDmaChannel@@6B@     00013c08     minwave.obj
 0002:00000704       ??_C@_0DG@LDEH@Aligned?5DMA?5view?5invalid?5?$CIoff?$DN?$CFl@ 00013c44     minwave.obj
 0002:0000073c       ??_7CMiniportWaveCyclicStreamHDA@@6BIMiniportWaveCyclicStream@@@ 00013c7c     minwave.obj
 0002:00000760       ??_7CMiniportWaveCyclicStreamHDA@@6BCUnknown@@@ 00013ca0     minwave.obj
 0002:00000770       ??_7CUnknown@@6B@          00013cb0     stdunk:stdunk.obj
 0002:00000780       ??_C@_0BB@CHNF@m_lRefCount?5?$DO?$DN?50?$AA@ 00013cc0     stdunk:stdunk.obj
 0002:00000794       ??_C@_0N@DIKJ@?4?2stdunk?4cpp?$AA@ 00013cd4     stdunk:stdunk.obj
 0002:000007a4       ??_C@_0BA@HPDB@m_lRefCount?5?$DO?50?$AA@ 00013ce4     stdunk:stdunk.obj
 0002:000007b4       ??_C@_06DPDC@ppVoid?$AA@   00013cf4     stdunk:stdunk.obj
 0003:00000000       __GUID_b7902fe9_fb0a_11d1_81b0_0060083316c1 00013d00     adapter.obj
 0003:00000010       __GUID_d3f0ce1c_fffc_11d1_81b0_0060083316c1 00013d10     adapter.obj
 0003:00000020       __GUID_c096df9c_fb09_11d1_81b0_0060083316c1 00013d20     adapter.obj
 0003:00000138       ?BdlSize@@3KA              00013e38     common.obj
 0003:00000838       __GUID_185fedf6_9905_11d1_95a9_00c04fb925d3 00014538     mintopo.obj
 0003:00000848       __GUID_185fedef_9905_11d1_95a9_00c04fb925d3 00014548     mintopo.obj
 0003:00000858       __GUID_185fede1_9905_11d1_95a9_00c04fb925d3 00014558     mintopo.obj
 0003:00000868       __GUID_185fede0_9905_11d1_95a9_00c04fb925d3 00014568     mintopo.obj
 0003:00000878       __GUID_7607e580_c557_11d0_8a2b_00a0c9255ac1 00014578     mintopo.obj
 0003:00000888       __GUID_185fede3_9905_11d1_95a9_00c04fb925d3 00014588     mintopo.obj
 0003:00000898       __GUID_da441a60_c556_11d0_8a2b_00a0c9255ac1 00014598     mintopo.obj
 0003:000008a8       __GUID_185fedee_9905_11d1_95a9_00c04fb925d3 000145a8     mintopo.obj
 0003:000008b8       __GUID_02b223c0_c557_11d0_8a2b_00a0c9255ac1 000145b8     mintopo.obj
 0003:000008c8       __GUID_185feded_9905_11d1_95a9_00c04fb925d3 000145c8     mintopo.obj
 0003:000008d8       __GUID_e88c9ba0_c557_11d0_8a2b_00a0c9255ac1 000145d8     mintopo.obj
 0003:000008e8       __GUID_185fedec_9905_11d1_95a9_00c04fb925d3 000145e8     mintopo.obj
 0003:000008f8       __GUID_185fedeb_9905_11d1_95a9_00c04fb925d3 000145f8     mintopo.obj
 0003:00000908       __GUID_185fedea_9905_11d1_95a9_00c04fb925d3 00014608     mintopo.obj
 0003:00000918       __GUID_185fede9_9905_11d1_95a9_00c04fb925d3 00014618     mintopo.obj
 0003:00000928       __GUID_185fede8_9905_11d1_95a9_00c04fb925d3 00014628     mintopo.obj
 0003:00000938       __GUID_e573adc0_c555_11d0_8a2b_00a0c9255ac1 00014638     mintopo.obj
 0003:00000948       __GUID_185fede7_9905_11d1_95a9_00c04fb925d3 00014648     mintopo.obj
 0003:00000958       __GUID_185fede5_9905_11d1_95a9_00c04fb925d3 00014658     mintopo.obj
 0003:00000968       __GUID_3a5acc00_c557_11d0_8a2b_00a0c9255ac1 00014668     mintopo.obj
 0003:00000978       __GUID_45ffaaa0_6e1b_11d0_bcf2_444553540000 00014678     mintopo.obj
 0003:00000988       __GUID_6994ad04_93ef_11d0_a3cc_00a0c9223196 00014688     mintopo.obj
 0003:00000998       __GUID_185fedf7_9905_11d1_95a9_00c04fb925d3 00014698     mintopo.obj
 0003:000009a8       __GUID_dff21ce1_f70f_11d0_b917_00a0c9223196 000146a8     mintopo.obj
 0003:000009b8       __GUID_dff21be1_f70f_11d0_b917_00a0c9223196 000146b8     mintopo.obj
 0003:000009c8       __GUID_185fedf9_9905_11d1_95a9_00c04fb925d3 000146c8     mintopo.obj
 0003:000009d8       __GUID_dff21fe3_f70f_11d0_b917_00a0c9223196 000146d8     mintopo.obj
 0003:000009e8       __GUID_185fedfb_9905_11d1_95a9_00c04fb925d3 000146e8     mintopo.obj
 0003:000009f8       __GUID_dff220e3_f70f_11d0_b917_00a0c9223196 000146f8     mintopo.obj
 0003:00000a08       __GUID_185fedf8_9905_11d1_95a9_00c04fb925d3 00014708     mintopo.obj
 0003:00000a18       __GUID_dff220f3_f70f_11d0_b917_00a0c9223196 00014718     mintopo.obj
 0003:00000a28       __GUID_dff21fe4_f70f_11d0_b917_00a0c9223196 00014728     mintopo.obj
 0003:00000a38       __GUID_97e99ba0_bdea_11cf_a5d6_28db04c10000 00014738     mintopo.obj
 0003:00000c80       __GUID_507ae360_c554_11d0_8a2b_00a0c9255ac1 00014980     minwave.obj
 0003:00000c90       __GUID_4d837fe0_c555_11d0_8a2b_00a0c9255ac1 00014990     minwave.obj
 0003:00000ca0       __GUID_185fedfa_9905_11d1_95a9_00c04fb925d3 000149a0     minwave.obj
 0003:00000cb0       __GUID_fb6c4281_0353_11d1_905f_0000c0cc16ba 000149b0     minwave.obj
 0003:00000cc0       __GUID_05589f81_c356_11ce_bf01_00aa0055595a 000149c0     minwave.obj
 0003:00000cd0       __GUID_00000001_0000_0010_8000_00aa00389b71 000149d0     minwave.obj
 0003:00000ce0       __GUID_73647561_0000_0010_8000_00aa00389b71 000149e0     minwave.obj
 0003:00000cf0       __GUID_0f6417d6_c318_11d0_a43f_00a0c9223196 000149f0     minwave.obj
 0003:00000d00       __GUID_518590a2_a184_11d0_8522_00c04fd9baf3 00014a00     minwave.obj
 0003:00000d10       ?PDO@@3PAU_DEVICE_OBJECT@@A 00014a10     adapter.obj
 0003:00000d18       __GUID_00000000_0000_0000_0000_000000000000 00014a18     adapter.obj
 0004:00000000       _AddDevice@8               00014a40 f   adapter.obj
 0004:00000020       ?InstallSubdevice@@YGJPAU_DEVICE_OBJECT@@PAU_IRP@@PAGABU_GUID@@3P6GJPAPAUIUnknown@@3PAU4@W4_POOL_TYPE@@@Z5PAUIResourceList@@344@Z 00014a60 f   adapter.obj
 0004:00000126       ?StartDevice@@YGJPAU_DEVICE_OBJECT@@PAU_IRP@@PAUIResourceList@@@Z 00014b66 f   adapter.obj
 0004:0000037a       ?AssignResources@@YGJPAUIResourceList@@PAPAU1@11111@Z 00014dba f   adapter.obj
 0004:00000528       ?NewAdapterCommon@@YGJPAPAUIUnknown@@ABU_GUID@@PAU1@W4_POOL_TYPE@@@Z 00014f68 f   common.obj
 0004:00000843       ?Init@CAdapterCommon@@UAGJPAUIResourceList@@PAU_DEVICE_OBJECT@@1@Z 00015283 f   common.obj
 0004:00001208       ??1CAdapterCommon@@UAE@XZ  00015c48 f   common.obj
 0004:0000138c       ?NonDelegatingQueryInterface@CAdapterCommon@@UAGJABU_GUID@@PAPAX@Z 00015dcc f   common.obj
 0004:0000144c       ?WavePortDriverDest@CAdapterCommon@@UAGPAPAUIUnknown@@XZ 00015e8c f   common.obj
 0004:00001458       ?GetInterruptSync@CAdapterCommon@@UAGPAUIInterruptSync@@XZ 00015e98 f   common.obj
 0004:00001466       ?GetDeviceDescription@CAdapterCommon@@UAGPAU_DEVICE_DESCRIPTION@@XZ 00015ea6 f   common.obj
 0004:00001470       ?MidiPortDriverDest@CAdapterCommon@@UAGPAPAUIUnknown@@XZ 00015eb0 f   common.obj
 0004:0000147c       ?SetWaveServiceGroup@CAdapterCommon@@UAGXPAUIServiceGroup@@@Z 00015ebc f   common.obj
 0004:000014cc       ?InitHDAController@CAdapterCommon@@QAGJXZ 00015f0c f   common.obj
 0004:000019da       ?TryInitializeCodecSlot@CAdapterCommon@@AAGJEPBD@Z 0001641a f   common.obj
 0004:00001abe       ?ReadRegistryBoolean@CAdapterCommon@@AAGEPBGE@Z 000164fe f   common.obj
 0004:00001b9a       ?CreateMiniportTopologyHDA@@YGJPAPAUIUnknown@@ABU_GUID@@PAU1@W4_POOL_TYPE@@@Z 000165da f   mintopo.obj
 0004:00001bfa       ?ProcessResources@CMiniportTopologyHDA@@AAEJPAUIResourceList@@@Z 0001663a f   mintopo.obj
 0004:00001c1e       ?NonDelegatingQueryInterface@CMiniportTopologyHDA@@UAGJABU_GUID@@PAPAX@Z 0001665e f   mintopo.obj
 0004:00001ccc       ??1CMiniportTopologyHDA@@UAE@XZ 0001670c f   mintopo.obj
 0004:00001d10       ?Init@CMiniportTopologyHDA@@UAGJPAUIUnknown@@PAUIResourceList@@PAUIPortTopology@@@Z 00016750 f   mintopo.obj
 0004:00001d72       ?GetDescription@CMiniportTopologyHDA@@UAGJPAPAUPCFILTER_DESCRIPTOR@@@Z 000167b2 f   mintopo.obj
 0004:00002596       ?CreateMiniportWaveCyclicHDA@@YGJPAPAUIUnknown@@ABU_GUID@@PAU1@W4_POOL_TYPE@@@Z 00016fd6 f   minwave.obj
 0004:000025f6       ?ProcessResources@CMiniportWaveCyclicHDA@@AAEJPAUIResourceList@@@Z 00017036 f   minwave.obj
 0004:00002704       ?ValidateFormat@CMiniportWaveCyclicHDA@@AAEJPATKSDATAFORMAT@@@Z 00017144 f   minwave.obj
 0004:000027ee       ?NonDelegatingQueryInterface@CMiniportWaveCyclicHDA@@UAGJABU_GUID@@PAPAX@Z 0001722e f   minwave.obj
 0004:0000289c       ??1CMiniportWaveCyclicHDA@@UAE@XZ 000172dc f   minwave.obj
 0004:000028f0       ?Init@CMiniportWaveCyclicHDA@@UAGJPAUIUnknown@@PAUIResourceList@@PAUIPortWaveCyclic@@@Z 00017330 f   minwave.obj
 0004:00002998       ?GetDescription@CMiniportWaveCyclicHDA@@UAGJPAPAUPCFILTER_DESCRIPTOR@@@Z 000173d8 f   minwave.obj
 0004:000029a8       ?DataRangeIntersection@CMiniportWaveCyclicHDA@@UAGJKPATKSDATAFORMAT@@0KPAXPAK@Z 000173e8 f   minwave.obj
 0004:00002bfe       ?NewStream@CMiniportWaveCyclicHDA@@UAGJPAPAUIMiniportWaveCyclicStream@@PAUIUnknown@@W4_POOL_TYPE@@KEPATKSDATAFORMAT@@PAPAUIDmaChannel@@PAPAUIServiceGroup@@@Z 0001763e f   minwave.obj
 0004:00002d3e       ?NonDelegatingQueryInterface@CMiniportWaveCyclicStreamHDA@@UAGJABU_GUID@@PAPAX@Z 0001777e f   minwave.obj
 0004:00002dc6       ??1CMiniportWaveCyclicStreamHDA@@UAE@XZ 00017806 f   minwave.obj
 0004:00002e3c       ?Init@CMiniportWaveCyclicStreamHDA@@QAEJPAVCMiniportWaveCyclicHDA@@KEPATKSDATAFORMAT@@PAUIDmaChannel@@@Z 0001787c f   minwave.obj
 0004:00002ee0       ?SetNotificationFreq@CMiniportWaveCyclicStreamHDA@@UAGKKPAK@Z 00017920 f   minwave.obj
 0004:00002f20       ?SetFormat@CMiniportWaveCyclicStreamHDA@@UAGJPATKSDATAFORMAT@@@Z 00017960 f   minwave.obj
 0004:00002f9e       ?SetState@CMiniportWaveCyclicStreamHDA@@UAGJW4KSSTATE@@@Z 000179de f   minwave.obj
 0005:00000000       _DriverEntry@8             00017b20 f   adapter.obj
 0005:00000018       __IMPORT_DESCRIPTOR_ntoskrnl 00017b38     ntoskrnl:ntoskrnl.exe
 0005:0000002c       __IMPORT_DESCRIPTOR_HAL    00017b4c     hal:HAL.dll
 0005:00000040       __IMPORT_DESCRIPTOR_portcls 00017b60     portcls:portcls.sys
 0005:00000054       __NULL_IMPORT_DESCRIPTOR   00017b74     ntoskrnl:ntoskrnl.exe

 entry point at        0005:00000000

 Static symbols

 0004:00001d82       ?PropertyHandler_OnOff@@YGJPAU_PCPROPERTY_REQUEST@@@Z 000167c2 f   mintopo.obj
 0004:00001f20       ?PropertyHandler_SuperMixCaps@@YGJPAU_PCPROPERTY_REQUEST@@@Z 00016960 f   mintopo.obj
 0004:000020fa       ?PropertyHandler_SuperMixTable@@YGJPAU_PCPROPERTY_REQUEST@@@Z 00016b3a f   mintopo.obj
 0004:00002416       ?PropertyHandler_CpuResources@@YGJPAU_PCPROPERTY_REQUEST@@@Z 00016e56 f   mintopo.obj
 0001:000026e6       ?PropertyHandler_Level@@YGJPAU_PCPROPERTY_REQUEST@@@Z 000129c6 f   mintopo.obj
 0004:000024a2       ?BasicSupportHandler@@YGJPAU_PCPROPERTY_REQUEST@@@Z 00016ee2 f   mintopo.obj
 0001:00000064       ?AllocateAlignedCommonBuffer@@YGJPAU_DMA_ADAPTER@@KKPAU_HDA_DMA_COMMON_BUFFER@@@Z 00010344 f   common.obj
 0001:00000158       ?ResetCommonBufferDescriptor@@YGXPAU_HDA_DMA_COMMON_BUFFER@@@Z 00010438 f   common.obj
 0001:00000168       ?FreeAlignedCommonBuffer@@YGXPAU_DMA_ADAPTER@@PAU_HDA_DMA_COMMON_BUFFER@@@Z 00010448 f   common.obj

 115 bytes saved through ICF

