 HDA

 Timestamp is 6a301480 (Mon Jun 15 08:04:32 2026)

 Preferred load address is 00010000

 Start         Length     Name                   Class
 0001:00000000 000031a1H .text                   CODE
 0002:00000000 000000e0H .idata$5                DATA
 0002:000000e0 000006e3H .rdata                  DATA
 0003:00000000 00000d10H .data                   DATA
 0003:00000d10 0000001eH .bss                    DATA
 0004:00000000 00002fc7H PAGE                    CODE
 0005:00000000 00000015H INIT                    CODE
 0005:00000018 0000003cH .idata$2                CODE
 0005:00000054 00000014H .idata$3                CODE
 0005:00000068 000000e0H .idata$4                CODE
 0005:00000148 0000047aH .idata$6                CODE
 0006:00000000 00000058H .rsrc$01                DATA
 0006:00000060 000003d0H .rsrc$02                DATA

  Address         Publics by Value              Rva+Base     Lib:Object

 0001:00000000       ??3@YAXPAX@Z               000102e0 f i common.obj
 0001:0000000c       ?QueryInterface@CAdapterCommon@@UAGJABU_GUID@@PAPAX@Z 000102ec f i common.obj
 0001:00000024       ?AddRef@CAdapterCommon@@UAGKXZ 00010304 f i common.obj
 0001:00000034       ?Release@CAdapterCommon@@UAGKXZ 00010314 f i common.obj
 0001:00000044       ??_GCAdapterCommon@@UAEPAXI@Z 00010324 f i common.obj
 0001:00000044       ??_ECAdapterCommon@@UAEPAXI@Z 00010324 f i common.obj
 0001:0000019e       ?hda_check_headphone_connection_change@CAdapterCommon@@QAGXXZ 0001047e f   common.obj
 0001:000001d6       ?hda_is_supported_sample_rate@CAdapterCommon@@UAGEK@Z 000104b6 f   common.obj
 0001:00000222       ?hda_send_verb@CAdapterCommon@@UAGKKKKK@Z 00010502 f   common.obj
 0001:000003ba       ?ReadController@CAdapterCommon@@UAGEXZ 0001069a f   common.obj
 0001:000003c0       ?WriteController@CAdapterCommon@@UAGEE@Z 000106a0 f   common.obj
 0001:000003c6       ?MixerRegWrite@CAdapterCommon@@UAGXEE@Z 000106a6 f   common.obj
 0001:00000412       ?MixerRegRead@CAdapterCommon@@UAGEE@Z 000106f2 f   common.obj
 0001:00000430       ?MixerReset@CAdapterCommon@@UAGXXZ 00010710 f   common.obj
 0001:0000043e       ?AcknowledgeIRQ@CAdapterCommon@@AAE?AW4_HDA_INTERRUPT_TYPE@@XZ 0001071e f   common.obj
 0001:00000552       ?ResetController@CAdapterCommon@@UAGJXZ 00010832 f   common.obj
 0001:0000057a       ?RestoreMixerSettingsFromRegistry@CAdapterCommon@@UAGJXZ 0001085a f   common.obj
 0001:000006d8       ?SaveMixerSettingsToRegistry@CAdapterCommon@@UAGJXZ 000109b8 f   common.obj
 0001:000007d4       ?ProgramSampleRate@CAdapterCommon@@UAGJK@Z 00010ab4 f   common.obj
 0001:00000834       ?PowerChangeState@CAdapterCommon@@UAGXT_POWER_STATE@@@Z 00010b14 f   common.obj
 0001:00000892       ?QueryDeviceCapabilities@CAdapterCommon@@UAGJPAU_DEVICE_CAPABILITIES@@@Z 00010b72 f   common.obj
 0001:00000892       ?QueryPowerChangeState@CAdapterCommon@@UAGJT_POWER_STATE@@@Z 00010b72 f   common.obj
 0001:00000898       ?InterruptServiceRoutine@@YGJPAUIInterruptSync@@PAX@Z 00010b78 f   common.obj
 0001:000008d0       ?hda_stop_stream@CAdapterCommon@@UAGJXZ 00010bb0 f   common.obj
 0001:000009c6       ?hda_start_sound@CAdapterCommon@@UAGXXZ 00010ca6 f   common.obj
 0001:00000a04       ?hda_stop_sound@CAdapterCommon@@UAGXXZ 00010ce4 f   common.obj
 0001:00000a4a       ?hda_get_actual_stream_position@CAdapterCommon@@UAGKXZ 00010d2a f   common.obj
 0001:00000ac6       ?hda_set_volume@CAdapterCommon@@QAGXKE@Z 00010da6 f   common.obj
 0001:00000b06       ?readUCHAR@CAdapterCommon@@QAGEG@Z 00010de6 f   common.obj
 0001:00000b1e       ?writeUCHAR@CAdapterCommon@@QAGXGE@Z 00010dfe f   common.obj
 0001:00000b3a       ?readUSHORT@CAdapterCommon@@QAGGG@Z 00010e1a f   common.obj
 0001:00000b52       ?writeUSHORT@CAdapterCommon@@QAGXGG@Z 00010e32 f   common.obj
 0001:00000b6e       ?readULONG@CAdapterCommon@@QAGKG@Z 00010e4e f   common.obj
 0001:00000b86       ?writeULONG@CAdapterCommon@@QAGXGK@Z 00010e66 f   common.obj
 0001:00000ba2       ?hda_setup_stream_descriptor@CAdapterCommon@@UAGJPAUIDmaChannel@@@Z 00010e82 f   common.obj
 0001:00000d1a       ?ReadWriteConfigSpace@CAdapterCommon@@AAGJPAU_DEVICE_OBJECT@@KPAXKK@Z 00010ffa f   common.obj
 0001:00000dc2       ?WriteConfigSpaceByte@CAdapterCommon@@AAGJEEE@Z 000110a2 f   common.obj
 0001:00000df8       ?WriteConfigSpaceWord@CAdapterCommon@@AAGJEGG@Z 000110d8 f   common.obj
 0001:00000e2e       ?CacheLineFlush@CAdapterCommon@@UAGXPAXK@Z 0001110e f   common.obj
 0001:00000e6a       ?JackPollDpcRoutine@CAdapterCommon@@CGXPAU_KDPC@@PAX11@Z 0001114a f   common.obj
 0001:00000eba       ?JackPollWorker@CAdapterCommon@@CGXPAX@Z 0001119a f   common.obj
 0001:00000f0c       ?StartJackPolling@CAdapterCommon@@AAGJXZ 000111ec f   common.obj
 0001:00000fe1       ?StopJackPolling@CAdapterCommon@@AAGXXZ 000112c1 f   common.obj
 0001:00001066       ?QueryInterface@CAdapterCommon@@W3AGJABU_GUID@@PAPAX@Z 00011346 f i common.obj
 0001:00001070       ?AddRef@CAdapterCommon@@W3AGKXZ 00011350 f i common.obj
 0001:0000107a       ?Release@CAdapterCommon@@W3AGKXZ 0001135a f i common.obj
 0001:00001084       ??0HDA_Codec@@QAE@EEEPAUIAdapterCommon@@@Z 00011364 f   codec.obj
 0001:000010ca       ??1HDA_Codec@@QAE@XZ       000113aa f   codec.obj
 0001:000010ee       ?InitializeCodec@HDA_Codec@@QAGJXZ 000113ce f   codec.obj
 0001:000015e3       ?hda_initialize_audio_function_group@HDA_Codec@@QAGJK@Z 000118c3 f   codec.obj
 0001:00001d0a       ?hda_get_node_type@HDA_Codec@@QAGEK@Z 00011fea f   codec.obj
 0001:00001d28       ?hda_get_node_connection_entries@HDA_Codec@@QAGKKK@Z 00012008 f   codec.obj
 0001:00001da6       ?hda_initialize_output_pin@HDA_Codec@@QAGJKAAUHDA_NODE_PATH@@@Z 00012086 f   codec.obj
 0001:00001ee2       ?hda_initialize_audio_output@HDA_Codec@@QAGXKAAUHDA_NODE_PATH@@@Z 000121c2 f   codec.obj
 0001:00001ff4       ?hda_initialize_audio_mixer@HDA_Codec@@QAGXKAAUHDA_NODE_PATH@@@Z 000122d4 f   codec.obj
 0001:000020d2       ?hda_initialize_audio_selector@HDA_Codec@@QAGXKAAUHDA_NODE_PATH@@@Z 000123b2 f   codec.obj
 0001:000021e0       ?ProgramSampleRate@HDA_Codec@@QAGJK@Z 000124c0 f   codec.obj
 0001:000022c9       ?hda_check_headphone_connection_change@HDA_Codec@@QAGXXZ 000125a9 f   codec.obj
 0001:0000233c       ?hda_is_supported_sample_rate@HDA_Codec@@QAGEK@Z 0001261c f   codec.obj
 0001:000023da       ?hda_set_volume@HDA_Codec@@QAGXKE@Z 000126ba f   codec.obj
 0001:00002410       ?hda_set_node_gain@HDA_Codec@@QAGXKKKKE@Z 000126f0 f   codec.obj
 0001:00002478       ?hda_send_verb@HDA_Codec@@QAGKKKK@Z 00012758 f   codec.obj
 0001:00002498       ?hda_enable_pin_output@HDA_Codec@@QAGXK@Z 00012778 f   codec.obj
 0001:000024c4       ?hda_disable_pin_output@HDA_Codec@@QAGXK@Z 000127a4 f   codec.obj
 0001:000024f0       ?hda_is_headphone_connected@HDA_Codec@@QAGEXZ 000127d0 f   codec.obj
 0001:00002522       ?hda_return_sound_data_format@CAdapterCommon@@QAGGKKK@Z 00012802 f   codec.obj
 0001:00002522       ?hda_return_sound_data_format@HDA_Codec@@QAGGKKK@Z 00012802 f   codec.obj
 0001:000025e4       ?QueryInterface@CMiniportTopologyHDA@@UAGJABU_GUID@@PAPAX@Z 000128c4 f i mintopo.obj
 0001:000025e4       ?QueryInterface@CMiniportWaveCyclicHDA@@UAGJABU_GUID@@PAPAX@Z 000128c4 f i mintopo.obj
 0001:000025e4       ?QueryInterface@CMiniportWaveCyclicStreamHDA@@UAGJABU_GUID@@PAPAX@Z 000128c4 f i mintopo.obj
 0001:000025fc       ?DataRangeIntersection@CMiniportTopologyHDA@@UAGJKPATKSDATAFORMAT@@0KPAXPAK@Z 000128dc f i mintopo.obj
 0001:00002604       ??_GCMiniportTopologyHDA@@UAEPAXI@Z 000128e4 f i mintopo.obj
 0001:00002604       ??_ECMiniportTopologyHDA@@UAEPAXI@Z 000128e4 f i mintopo.obj
 0001:00002a02       ?ReadBitsFromMixer@CMiniportTopologyHDA@@AAEEEEE@Z 00012ce2 f   mintopo.obj
 0001:00002a2a       ?WriteBitsToMixer@CMiniportTopologyHDA@@AAEXEEEE@Z 00012d0a f   mintopo.obj
 0001:00002a80       ?AddRef@CMiniportTopologyHDA@@UAGKXZ 00012d60 f i minwave.obj
 0001:00002a80       ?AddRef@CMiniportWaveCyclicStreamHDA@@UAGKXZ 00012d60 f i minwave.obj
 0001:00002a80       ?AddRef@CMiniportWaveCyclicHDA@@UAGKXZ 00012d60 f i minwave.obj
 0001:00002a90       ?Release@CMiniportWaveCyclicHDA@@UAGKXZ 00012d70 f i minwave.obj
 0001:00002a90       ?Release@CMiniportWaveCyclicStreamHDA@@UAGKXZ 00012d70 f i minwave.obj
 0001:00002a90       ?Release@CMiniportTopologyHDA@@UAGKXZ 00012d70 f i minwave.obj
 0001:00002aa0       ??_GCMiniportWaveCyclicHDA@@UAEPAXI@Z 00012d80 f i minwave.obj
 0001:00002aa0       ??_ECMiniportWaveCyclicHDA@@UAEPAXI@Z 00012d80 f i minwave.obj
 0001:00002ac0       ??0CMyDmaChannel@@QAE@PAUIDmaChannel@@@Z 00012da0 f i minwave.obj
 0001:00002b2c       ?QueryInterface@CMyDmaChannel@@UAGJABU_GUID@@PAPAX@Z 00012e0c f i minwave.obj
 0001:00002b7c       ?AddRef@CMyDmaChannel@@UAGKXZ 00012e5c f i minwave.obj
 0001:00002b8c       ?Release@CMyDmaChannel@@UAGKXZ 00012e6c f i minwave.obj
 0001:00002bb8       ?AllocateBuffer@CMyDmaChannel@@UAGJKPAT_LARGE_INTEGER@@@Z 00012e98 f i minwave.obj
 0001:00002ca2       ?FreeBuffer@CMyDmaChannel@@UAGXXZ 00012f82 f i minwave.obj
 0001:00002cc4       ?SystemAddress@CMyDmaChannel@@UAGPAXXZ 00012fa4 f i minwave.obj
 0001:00002ce0       ?CopyTo@CMyDmaChannel@@UAGXPAX0K@Z 00012fc0 f i minwave.obj
 0001:00002d2a       ?CopyFrom@CMyDmaChannel@@UAGXPAX0K@Z 0001300a f i minwave.obj
 0001:00002d46       ?AllocatedBufferSize@CMyDmaChannel@@UAGKXZ 00013026 f i minwave.obj
 0001:00002d62       ?BufferSize@CMyDmaChannel@@UAGKXZ 00013042 f i minwave.obj
 0001:00002d7e       ?SetBufferSize@CMyDmaChannel@@UAGXK@Z 0001305e f i minwave.obj
 0001:00002d96       ?PhysicalAddress@CMyDmaChannel@@UAG?AT_LARGE_INTEGER@@XZ 00013076 f i minwave.obj
 0001:00002dd2       ?MaximumBufferSize@CMyDmaChannel@@UAGKXZ 000130b2 f i minwave.obj
 0001:00002dee       ?TransferCount@CMyDmaChannel@@UAGKXZ 000130ce f i minwave.obj
 0001:00002dfe       ?GetAdapterObject@CMyDmaChannel@@UAGPAU_DMA_ADAPTER@@XZ 000130de f i minwave.obj
 0001:00002e0e       ??_GCMiniportWaveCyclicStreamHDA@@UAEPAXI@Z 000130ee f i minwave.obj
 0001:00002e0e       ??_ECMiniportWaveCyclicStreamHDA@@UAEPAXI@Z 000130ee f i minwave.obj
 0001:00002e2e       ?GetPosition@CMiniportWaveCyclicStreamHDA@@UAGJPAK@Z 0001310e f   minwave.obj
 0001:00002e70       ?NormalizePhysicalPosition@CMiniportWaveCyclicStreamHDA@@UAGJPA_J@Z 00013150 f   minwave.obj
 0001:00002eb8       ?Silence@CMiniportWaveCyclicStreamHDA@@UAGXPAXK@Z 00013198 f   minwave.obj
 0001:00002ef2       _DbgPrint                  000131d2 f   ntoskrnl:ntoskrnl.exe
 0001:00002ef8       __alldiv                   000131d8 f   ntoskrnl:ntoskrnl.exe
 0001:00002efe       __allmul                   000131de f   ntoskrnl:ntoskrnl.exe
 0001:00002f04       _PcInitializeAdapterDriver@12 000131e4 f   portcls:portcls.sys
 0001:00002f0a       _PcAddAdapterDevice@20     000131ea f   portcls:portcls.sys
 0001:00002f10       _PcRegisterSubdevice@12    000131f0 f   portcls:portcls.sys
 0001:00002f16       _PcNewMiniport@8           000131f6 f   portcls:portcls.sys
 0001:00002f1c       _PcNewPort@8               000131fc f   portcls:portcls.sys
 0001:00002f22       _PcRegisterPhysicalConnection@20 00013202 f   portcls:portcls.sys
 0001:00002f28       _PcRegisterAdapterPowerManagement@8 00013208 f   portcls:portcls.sys
 0001:00002f2e       _PcNewResourceSublist@20   0001320e f   portcls:portcls.sys
 0001:00002f34       _PcNewInterruptSync@20     00013214 f   portcls:portcls.sys
 0001:00002f3a       _PcNewRegistryKey@36       0001321a f   portcls:portcls.sys
 0001:00002f40       _PcNewServiceGroup@8       00013220 f   portcls:portcls.sys
 0001:00002f50       ??0CUnknown@@QAE@PAUIUnknown@@@Z 00013230 f   stdunk:stdunk.obj
 0001:00002fa0       ??_ECUnknown@@UAEPAXI@Z    00013280 f i stdunk:stdunk.obj
 0001:00002fa0       ??_GCUnknown@@UAEPAXI@Z    00013280 f i stdunk:stdunk.obj
 0001:00002fd0       ??0INonDelegatingUnknown@@QAE@XZ 000132b0 f i stdunk:stdunk.obj
 0001:00002fe0       ??1CUnknown@@UAE@XZ        000132c0 f   stdunk:stdunk.obj
 0001:00003000       ?NonDelegatingAddRef@CUnknown@@UAGKXZ 000132e0 f   stdunk:stdunk.obj
 0001:00003040       ?NonDelegatingRelease@CUnknown@@UAGKXZ 00013320 f   stdunk:stdunk.obj
 0001:000030c0       ?NonDelegatingQueryInterface@CUnknown@@UAGJABU_GUID@@PAPAX@Z 000133a0 f   stdunk:stdunk.obj
 0001:00003130       _IsEqualGUIDAligned@8      00013410 f i stdunk:stdunk.obj
 0002:00000000       __imp_@ExAcquireFastMutex@4 000134a0     hal:HAL.dll
 0002:00000004       __imp_@KfAcquireSpinLock@4 000134a4     hal:HAL.dll
 0002:00000008       __imp_@ExReleaseFastMutex@4 000134a8     hal:HAL.dll
 0002:0000000c       __imp__KeStallExecutionProcessor@4 000134ac     hal:HAL.dll
 0002:00000010       __imp_@KfReleaseSpinLock@8 000134b0     hal:HAL.dll
 0002:00000014       \177HAL_NULL_THUNK_DATA    000134b4     hal:HAL.dll
 0002:00000018       __imp__KeInitializeSpinLock@4 000134b8     ntoskrnl:ntoskrnl.exe
 0002:0000001c       __imp__MmUnmapIoSpace@8    000134bc     ntoskrnl:ntoskrnl.exe
 0002:00000020       __imp__RtlInitUnicodeString@8 000134c0     ntoskrnl:ntoskrnl.exe
 0002:00000024       __imp__READ_REGISTER_ULONG@4 000134c4     ntoskrnl:ntoskrnl.exe
 0002:00000028       __imp__WRITE_REGISTER_ULONG@8 000134c8     ntoskrnl:ntoskrnl.exe
 0002:0000002c       __imp__READ_REGISTER_UCHAR@4 000134cc     ntoskrnl:ntoskrnl.exe
 0002:00000030       __imp__WRITE_REGISTER_UCHAR@8 000134d0     ntoskrnl:ntoskrnl.exe
 0002:00000034       __imp__READ_REGISTER_USHORT@4 000134d4     ntoskrnl:ntoskrnl.exe
 0002:00000038       __imp__WRITE_REGISTER_USHORT@8 000134d8     ntoskrnl:ntoskrnl.exe
 0002:0000003c       __imp_@ObfDereferenceObject@4 000134dc     ntoskrnl:ntoskrnl.exe
 0002:00000040       __imp__KeWaitForSingleObject@20 000134e0     ntoskrnl:ntoskrnl.exe
 0002:00000044       __imp_@IofCallDriver@8     000134e4     ntoskrnl:ntoskrnl.exe
 0002:00000048       __imp__IoBuildSynchronousFsdRequest@28 000134e8     ntoskrnl:ntoskrnl.exe
 0002:0000004c       __imp__IoGetAttachedDeviceReference@4 000134ec     ntoskrnl:ntoskrnl.exe
 0002:00000050       __imp__DbgPrint            000134f0     ntoskrnl:ntoskrnl.exe
 0002:00000054       __imp__KeInitializeEvent@12 000134f4     ntoskrnl:ntoskrnl.exe
 0002:00000058       __imp_@InterlockedCompareExchange@12 000134f8     ntoskrnl:ntoskrnl.exe
 0002:0000005c       __imp__KeSetEvent@12       000134fc     ntoskrnl:ntoskrnl.exe
 0002:00000060       __imp_@InterlockedExchange@8 00013500     ntoskrnl:ntoskrnl.exe
 0002:00000064       __imp__KeSetTimerEx@20     00013504     ntoskrnl:ntoskrnl.exe
 0002:00000068       __imp__KeInitializeDpc@12  00013508     ntoskrnl:ntoskrnl.exe
 0002:0000006c       __imp__KeInitializeTimer@4 0001350c     ntoskrnl:ntoskrnl.exe
 0002:00000070       __imp__ExFreePool@4        00013510     ntoskrnl:ntoskrnl.exe
 0002:00000074       __imp__KeCancelTimer@4     00013514     ntoskrnl:ntoskrnl.exe
 0002:00000078       __imp_@InterlockedIncrement@4 00013518     ntoskrnl:ntoskrnl.exe
 0002:0000007c       __imp_@InterlockedDecrement@4 0001351c     ntoskrnl:ntoskrnl.exe
 0002:00000080       __imp__KeInitializeMutex@8 00013520     ntoskrnl:ntoskrnl.exe
 0002:00000084       __imp__KeReleaseMutex@8    00013524     ntoskrnl:ntoskrnl.exe
 0002:00000088       __imp___alldiv             00013528     ntoskrnl:ntoskrnl.exe
 0002:0000008c       __imp___allmul             0001352c     ntoskrnl:ntoskrnl.exe
 0002:00000090       __imp__ExAllocatePoolWithTag@12 00013530     ntoskrnl:ntoskrnl.exe
 0002:00000094       __imp__MmMapIoSpace@16     00013534     ntoskrnl:ntoskrnl.exe
 0002:00000098       __imp__IoGetDmaAdapter@12  00013538     ntoskrnl:ntoskrnl.exe
 0002:0000009c       __imp__ExQueueWorkItem@8   0001353c     ntoskrnl:ntoskrnl.exe
 0002:000000a0       __imp__KeClearEvent@4      00013540     ntoskrnl:ntoskrnl.exe
 0002:000000a4       __imp__KeRemoveQueueDpc@4  00013544     ntoskrnl:ntoskrnl.exe
 0002:000000a8       __imp__RtlAssert@16        00013548     ntoskrnl:ntoskrnl.exe
 0002:000000ac       \177ntoskrnl_NULL_THUNK_DATA 0001354c     ntoskrnl:ntoskrnl.exe
 0002:000000b0       __imp__PcRegisterSubdevice@12 00013550     portcls:portcls.sys
 0002:000000b4       __imp__PcNewMiniport@8     00013554     portcls:portcls.sys
 0002:000000b8       __imp__PcNewPort@8         00013558     portcls:portcls.sys
 0002:000000bc       __imp__PcRegisterPhysicalConnection@20 0001355c     portcls:portcls.sys
 0002:000000c0       __imp__PcAddAdapterDevice@20 00013560     portcls:portcls.sys
 0002:000000c4       __imp__PcInitializeAdapterDriver@12 00013564     portcls:portcls.sys
 0002:000000c8       __imp__PcNewResourceSublist@20 00013568     portcls:portcls.sys
 0002:000000cc       __imp__PcNewInterruptSync@20 0001356c     portcls:portcls.sys
 0002:000000d0       __imp__PcNewRegistryKey@36 00013570     portcls:portcls.sys
 0002:000000d4       __imp__PcNewServiceGroup@8 00013574     portcls:portcls.sys
 0002:000000d8       __imp__PcRegisterAdapterPowerManagement@8 00013578     portcls:portcls.sys
 0002:000000dc       \177portcls_NULL_THUNK_DATA 0001357c     portcls:portcls.sys
 0002:00000138       _IID_IAdapterCommon        000135d8     adapter.obj
 0002:00000148       _CLSID_MiniportDriverFmSynth 000135e8     adapter.obj
 0002:00000158       _CLSID_PortWaveCyclic      000135f8     adapter.obj
 0002:00000168       _CLSID_PortTopology        00013608     adapter.obj
 0002:00000178       _CLSID_PortMidi            00013618     adapter.obj
 0002:00000188       _IID_IAdapterPowerManagment 00013628     adapter.obj
 0002:00000198       _IID_IMiniportWaveCyclicStream 00013638     adapter.obj
 0002:000001a8       _IID_IMiniportWaveCyclic   00013648     adapter.obj
 0002:000001b8       _IID_IPortWaveCyclic       00013658     adapter.obj
 0002:000001c8       _IID_IMiniportTopology     00013668     adapter.obj
 0002:000001d8       _IID_IDmaChannel           00013678     adapter.obj
 0002:000001e8       _IID_IMiniport             00013688     adapter.obj
 0002:000001f8       _IID_IUnknown              00013698     adapter.obj
 0002:00000208       ??_C@_1BE@FFBG@?$AAU?$AAs?$AAe?$AAD?$AAm?$AAa?$AAP?$AAo?$AAs?$AA?$AA@ 000136a8     common.obj
 0002:0000021c       ??_C@_1CA@DADJ@?$AAU?$AAs?$AAe?$AAD?$AAi?$AAs?$AAa?$AAb?$AAl?$AAe?$AAd?$AAP?$AAi?$AAn?$AAs?$AA?$AA@ 000136bc     common.obj
 0002:0000023c       ??_C@_1BC@MBIB@?$AAU?$AAs?$AAe?$AAS?$AAP?$AAD?$AAI?$AAF?$AA?$AA@ 000136dc     common.obj
 0002:00000250       ??_C@_1BE@ONOC@?$AAU?$AAs?$AAe?$AAA?$AAl?$AAt?$AAO?$AAu?$AAt?$AA?$AA@ 000136f0     common.obj
 0002:00000264       ??_C@_1BO@LMMA@?$AAS?$AAk?$AAi?$AAp?$AAC?$AAo?$AAd?$AAe?$AAc?$AAR?$AAe?$AAs?$AAe?$AAt?$AA?$AA@ 00013704     common.obj
 0002:00000284       ??_C@_1CI@JKGI@?$AAS?$AAk?$AAi?$AAp?$AAC?$AAo?$AAn?$AAt?$AAr?$AAo?$AAl?$AAl?$AAe?$AAr?$AAR?$AAe?$AAs?$AAe?$AAt?$AA?$AA@ 00013724     common.obj
 0002:000002ac       ??_C@_1BE@ENEK@?$AAR?$AAi?$AAg?$AAh?$AAt?$AAB?$AAa?$AAs?$AAs?$AA?$AA@ 0001374c     common.obj
 0002:000002c0       ??_C@_1BC@JMJO@?$AAL?$AAe?$AAf?$AAt?$AAB?$AAa?$AAs?$AAs?$AA?$AA@ 00013760     common.obj
 0002:000002d4       ??_C@_1BI@KGAJ@?$AAR?$AAi?$AAg?$AAh?$AAt?$AAT?$AAr?$AAe?$AAb?$AAl?$AAe?$AA?$AA@ 00013774     common.obj
 0002:000002ec       ??_C@_1BG@BGGD@?$AAL?$AAe?$AAf?$AAt?$AAT?$AAr?$AAe?$AAb?$AAl?$AAe?$AA?$AA@ 0001378c     common.obj
 0002:00000304       ??_C@_1O@IECC@?$AAM?$AAi?$AAc?$AAA?$AAG?$AAC?$AA?$AA@ 000137a4     common.obj
 0002:00000314       ??_C@_1CA@EJHI@?$AAR?$AAi?$AAg?$AAh?$AAt?$AAO?$AAu?$AAt?$AAp?$AAu?$AAt?$AAG?$AAa?$AAi?$AAn?$AA?$AA@ 000137b4     common.obj
 0002:00000334       ??_C@_1BO@PPLI@?$AAL?$AAe?$AAf?$AAt?$AAO?$AAu?$AAt?$AAp?$AAu?$AAt?$AAG?$AAa?$AAi?$AAn?$AA?$AA@ 000137d4     common.obj
 0002:00000354       ??_C@_1BO@PMCJ@?$AAR?$AAi?$AAg?$AAh?$AAt?$AAI?$AAn?$AAp?$AAu?$AAt?$AAG?$AAa?$AAi?$AAn?$AA?$AA@ 000137f4     common.obj
 0002:00000374       ??_C@_1BM@CFEM@?$AAL?$AAe?$AAf?$AAt?$AAI?$AAn?$AAp?$AAu?$AAt?$AAG?$AAa?$AAi?$AAn?$AA?$AA@ 00013814     common.obj
 0002:00000390       ??_C@_1CA@CIKM@?$AAR?$AAi?$AAg?$AAh?$AAt?$AAI?$AAn?$AAp?$AAu?$AAt?$AAM?$AAi?$AAx?$AAe?$AAr?$AA?$AA@ 00013830     common.obj
 0002:000003b0       ??_C@_1BO@JOGM@?$AAL?$AAe?$AAf?$AAt?$AAI?$AAn?$AAp?$AAu?$AAt?$AAM?$AAi?$AAx?$AAe?$AAr?$AA?$AA@ 00013850     common.obj
 0002:000003d0       ??_C@_1BI@BMOJ@?$AAO?$AAu?$AAt?$AAp?$AAu?$AAt?$AAM?$AAi?$AAx?$AAe?$AAr?$AA?$AA@ 00013870     common.obj
 0002:000003e8       ??_C@_1BE@GLOL@?$AAP?$AAc?$AAS?$AAp?$AAk?$AAr?$AAV?$AAo?$AAl?$AA?$AA@ 00013888     common.obj
 0002:000003fc       ??_C@_1O@MNBB@?$AAM?$AAi?$AAc?$AAV?$AAo?$AAl?$AA?$AA@ 0001389c     common.obj
 0002:0000040c       ??_C@_1BO@HCKE@?$AAR?$AAi?$AAg?$AAh?$AAt?$AAL?$AAi?$AAn?$AAe?$AAI?$AAn?$AAV?$AAo?$AAl?$AA?$AA@ 000138ac     common.obj
 0002:0000042c       ??_C@_1BM@KLMB@?$AAL?$AAe?$AAf?$AAt?$AAL?$AAi?$AAn?$AAe?$AAI?$AAn?$AAV?$AAo?$AAl?$AA?$AA@ 000138cc     common.obj
 0002:00000448       ??_C@_1BG@COJL@?$AAR?$AAi?$AAg?$AAh?$AAt?$AAC?$AAD?$AAV?$AAo?$AAl?$AA?$AA@ 000138e8     common.obj
 0002:00000460       ??_C@_1BE@KMKA@?$AAL?$AAe?$AAf?$AAt?$AAC?$AAD?$AAV?$AAo?$AAl?$AA?$AA@ 00013900     common.obj
 0002:00000474       ??_C@_1BK@JCIM@?$AAR?$AAi?$AAg?$AAh?$AAt?$AAM?$AAi?$AAd?$AAi?$AAV?$AAo?$AAl?$AA?$AA@ 00013914     common.obj
 0002:00000490       ??_C@_1BI@KBIJ@?$AAL?$AAe?$AAf?$AAt?$AAM?$AAi?$AAd?$AAi?$AAV?$AAo?$AAl?$AA?$AA@ 00013930     common.obj
 0002:000004a8       ??_C@_1BK@MFCG@?$AAR?$AAi?$AAg?$AAh?$AAt?$AAW?$AAa?$AAv?$AAe?$AAV?$AAo?$AAl?$AA?$AA@ 00013948     common.obj
 0002:000004c4       ??_C@_1BI@PGCD@?$AAL?$AAe?$AAf?$AAt?$AAW?$AAa?$AAv?$AAe?$AAV?$AAo?$AAl?$AA?$AA@ 00013964     common.obj
 0002:000004dc       ??_C@_1BO@NHA@?$AAR?$AAi?$AAg?$AAh?$AAt?$AAM?$AAa?$AAs?$AAt?$AAe?$AAr?$AAV?$AAo?$AAl?$AA?$AA@ 0001397c     common.obj
 0002:000004fc       ??_C@_1BM@NEBF@?$AAL?$AAe?$AAf?$AAt?$AAM?$AAa?$AAs?$AAt?$AAe?$AAr?$AAV?$AAo?$AAl?$AA?$AA@ 0001399c     common.obj
 0002:00000518       ??_7CAdapterCommon@@6BIAdapterPowerManagement@@@ 000139b8     common.obj
 0002:00000530       ??_7CAdapterCommon@@6BIAdapterCommon@@@ 000139d0     common.obj
 0002:00000598       ??_7CAdapterCommon@@6BCUnknown@@@ 00013a38     common.obj
 0002:00000670       ??_7CMiniportTopologyHDA@@6BIMiniportTopology@@@ 00013b10     mintopo.obj
 0002:00000688       ??_7CMiniportTopologyHDA@@6BCUnknown@@@ 00013b28     mintopo.obj
 0002:00000698       ??_7CMiniportWaveCyclicHDA@@6BIMiniportWaveCyclic@@@ 00013b38     minwave.obj
 0002:000006b4       ??_7CMiniportWaveCyclicHDA@@6BCUnknown@@@ 00013b54     minwave.obj
 0002:000006c4       ??_C@_09BAJA@SSE2?5?$CFd?5?6?$AA@ 00013b64     minwave.obj
 0002:000006d0       ??_7CMyDmaChannel@@6B@     00013b70     minwave.obj
 0002:0000070c       ??_C@_0DG@LDEH@Aligned?5DMA?5view?5invalid?5?$CIoff?$DN?$CFl@ 00013bac     minwave.obj
 0002:00000744       ??_7CMiniportWaveCyclicStreamHDA@@6BIMiniportWaveCyclicStream@@@ 00013be4     minwave.obj
 0002:00000768       ??_7CMiniportWaveCyclicStreamHDA@@6BCUnknown@@@ 00013c08     minwave.obj
 0002:00000778       ??_7CUnknown@@6B@          00013c18     stdunk:stdunk.obj
 0002:00000788       ??_C@_0BB@CHNF@m_lRefCount?5?$DO?$DN?50?$AA@ 00013c28     stdunk:stdunk.obj
 0002:0000079c       ??_C@_0N@DIKJ@?4?2stdunk?4cpp?$AA@ 00013c3c     stdunk:stdunk.obj
 0002:000007ac       ??_C@_0BA@HPDB@m_lRefCount?5?$DO?50?$AA@ 00013c4c     stdunk:stdunk.obj
 0002:000007bc       ??_C@_06DPDC@ppVoid?$AA@   00013c5c     stdunk:stdunk.obj
 0003:00000000       __GUID_b7902fe9_fb0a_11d1_81b0_0060083316c1 00013c80     adapter.obj
 0003:00000010       __GUID_d3f0ce1c_fffc_11d1_81b0_0060083316c1 00013c90     adapter.obj
 0003:00000020       __GUID_c096df9c_fb09_11d1_81b0_0060083316c1 00013ca0     adapter.obj
 0003:00000138       ?BdlSize@@3KA              00013db8     common.obj
 0003:00000838       __GUID_185fedf6_9905_11d1_95a9_00c04fb925d3 000144b8     mintopo.obj
 0003:00000848       __GUID_185fedef_9905_11d1_95a9_00c04fb925d3 000144c8     mintopo.obj
 0003:00000858       __GUID_185fede1_9905_11d1_95a9_00c04fb925d3 000144d8     mintopo.obj
 0003:00000868       __GUID_185fede0_9905_11d1_95a9_00c04fb925d3 000144e8     mintopo.obj
 0003:00000878       __GUID_7607e580_c557_11d0_8a2b_00a0c9255ac1 000144f8     mintopo.obj
 0003:00000888       __GUID_185fede3_9905_11d1_95a9_00c04fb925d3 00014508     mintopo.obj
 0003:00000898       __GUID_da441a60_c556_11d0_8a2b_00a0c9255ac1 00014518     mintopo.obj
 0003:000008a8       __GUID_185fedee_9905_11d1_95a9_00c04fb925d3 00014528     mintopo.obj
 0003:000008b8       __GUID_02b223c0_c557_11d0_8a2b_00a0c9255ac1 00014538     mintopo.obj
 0003:000008c8       __GUID_185feded_9905_11d1_95a9_00c04fb925d3 00014548     mintopo.obj
 0003:000008d8       __GUID_e88c9ba0_c557_11d0_8a2b_00a0c9255ac1 00014558     mintopo.obj
 0003:000008e8       __GUID_185fedec_9905_11d1_95a9_00c04fb925d3 00014568     mintopo.obj
 0003:000008f8       __GUID_185fedeb_9905_11d1_95a9_00c04fb925d3 00014578     mintopo.obj
 0003:00000908       __GUID_185fedea_9905_11d1_95a9_00c04fb925d3 00014588     mintopo.obj
 0003:00000918       __GUID_185fede9_9905_11d1_95a9_00c04fb925d3 00014598     mintopo.obj
 0003:00000928       __GUID_185fede8_9905_11d1_95a9_00c04fb925d3 000145a8     mintopo.obj
 0003:00000938       __GUID_e573adc0_c555_11d0_8a2b_00a0c9255ac1 000145b8     mintopo.obj
 0003:00000948       __GUID_185fede7_9905_11d1_95a9_00c04fb925d3 000145c8     mintopo.obj
 0003:00000958       __GUID_185fede5_9905_11d1_95a9_00c04fb925d3 000145d8     mintopo.obj
 0003:00000968       __GUID_3a5acc00_c557_11d0_8a2b_00a0c9255ac1 000145e8     mintopo.obj
 0003:00000978       __GUID_45ffaaa0_6e1b_11d0_bcf2_444553540000 000145f8     mintopo.obj
 0003:00000988       __GUID_6994ad04_93ef_11d0_a3cc_00a0c9223196 00014608     mintopo.obj
 0003:00000998       __GUID_185fedf7_9905_11d1_95a9_00c04fb925d3 00014618     mintopo.obj
 0003:000009a8       __GUID_dff21ce1_f70f_11d0_b917_00a0c9223196 00014628     mintopo.obj
 0003:000009b8       __GUID_dff21be1_f70f_11d0_b917_00a0c9223196 00014638     mintopo.obj
 0003:000009c8       __GUID_185fedf9_9905_11d1_95a9_00c04fb925d3 00014648     mintopo.obj
 0003:000009d8       __GUID_dff21fe3_f70f_11d0_b917_00a0c9223196 00014658     mintopo.obj
 0003:000009e8       __GUID_185fedfb_9905_11d1_95a9_00c04fb925d3 00014668     mintopo.obj
 0003:000009f8       __GUID_dff220e3_f70f_11d0_b917_00a0c9223196 00014678     mintopo.obj
 0003:00000a08       __GUID_185fedf8_9905_11d1_95a9_00c04fb925d3 00014688     mintopo.obj
 0003:00000a18       __GUID_dff220f3_f70f_11d0_b917_00a0c9223196 00014698     mintopo.obj
 0003:00000a28       __GUID_dff21fe4_f70f_11d0_b917_00a0c9223196 000146a8     mintopo.obj
 0003:00000a38       __GUID_97e99ba0_bdea_11cf_a5d6_28db04c10000 000146b8     mintopo.obj
 0003:00000c80       __GUID_507ae360_c554_11d0_8a2b_00a0c9255ac1 00014900     minwave.obj
 0003:00000c90       __GUID_4d837fe0_c555_11d0_8a2b_00a0c9255ac1 00014910     minwave.obj
 0003:00000ca0       __GUID_185fedfa_9905_11d1_95a9_00c04fb925d3 00014920     minwave.obj
 0003:00000cb0       __GUID_fb6c4281_0353_11d1_905f_0000c0cc16ba 00014930     minwave.obj
 0003:00000cc0       __GUID_05589f81_c356_11ce_bf01_00aa0055595a 00014940     minwave.obj
 0003:00000cd0       __GUID_00000001_0000_0010_8000_00aa00389b71 00014950     minwave.obj
 0003:00000ce0       __GUID_73647561_0000_0010_8000_00aa00389b71 00014960     minwave.obj
 0003:00000cf0       __GUID_0f6417d6_c318_11d0_a43f_00a0c9223196 00014970     minwave.obj
 0003:00000d00       __GUID_518590a2_a184_11d0_8522_00c04fd9baf3 00014980     minwave.obj
 0003:00000d10       ?PDO@@3PAU_DEVICE_OBJECT@@A 00014990     adapter.obj
 0003:00000d18       __GUID_00000000_0000_0000_0000_000000000000 00014998     adapter.obj
 0004:00000000       _AddDevice@8               000149c0 f   adapter.obj
 0004:00000020       ?InstallSubdevice@@YGJPAU_DEVICE_OBJECT@@PAU_IRP@@PAGABU_GUID@@3P6GJPAPAUIUnknown@@3PAU4@W4_POOL_TYPE@@@Z5PAUIResourceList@@344@Z 000149e0 f   adapter.obj
 0004:00000126       ?StartDevice@@YGJPAU_DEVICE_OBJECT@@PAU_IRP@@PAUIResourceList@@@Z 00014ae6 f   adapter.obj
 0004:0000037a       ?AssignResources@@YGJPAUIResourceList@@PAPAU1@11111@Z 00014d3a f   adapter.obj
 0004:00000528       ?NewAdapterCommon@@YGJPAPAUIUnknown@@ABU_GUID@@PAU1@W4_POOL_TYPE@@@Z 00014ee8 f   common.obj
 0004:00000843       ?Init@CAdapterCommon@@UAGJPAUIResourceList@@PAU_DEVICE_OBJECT@@1@Z 00015203 f   common.obj
 0004:000011ee       ??1CAdapterCommon@@UAE@XZ  00015bae f   common.obj
 0004:00001372       ?NonDelegatingQueryInterface@CAdapterCommon@@UAGJABU_GUID@@PAPAX@Z 00015d32 f   common.obj
 0004:00001432       ?WavePortDriverDest@CAdapterCommon@@UAGPAPAUIUnknown@@XZ 00015df2 f   common.obj
 0004:0000143e       ?GetInterruptSync@CAdapterCommon@@UAGPAUIInterruptSync@@XZ 00015dfe f   common.obj
 0004:0000144c       ?GetDeviceDescription@CAdapterCommon@@UAGPAU_DEVICE_DESCRIPTION@@XZ 00015e0c f   common.obj
 0004:00001456       ?MidiPortDriverDest@CAdapterCommon@@UAGPAPAUIUnknown@@XZ 00015e16 f   common.obj
 0004:00001462       ?SetWaveServiceGroup@CAdapterCommon@@UAGXPAUIServiceGroup@@@Z 00015e22 f   common.obj
 0004:000014b2       ?InitHDAController@CAdapterCommon@@QAGJXZ 00015e72 f   common.obj
 0004:000019b8       ?TryInitializeCodecSlot@CAdapterCommon@@AAGJEPBD@Z 00016378 f   common.obj
 0004:00001a9c       ?ReadRegistryBoolean@CAdapterCommon@@AAGEPBGE@Z 0001645c f   common.obj
 0004:00001b78       ?CreateMiniportTopologyHDA@@YGJPAPAUIUnknown@@ABU_GUID@@PAU1@W4_POOL_TYPE@@@Z 00016538 f   mintopo.obj
 0004:00001bd8       ?ProcessResources@CMiniportTopologyHDA@@AAEJPAUIResourceList@@@Z 00016598 f   mintopo.obj
 0004:00001bfc       ?NonDelegatingQueryInterface@CMiniportTopologyHDA@@UAGJABU_GUID@@PAPAX@Z 000165bc f   mintopo.obj
 0004:00001caa       ??1CMiniportTopologyHDA@@UAE@XZ 0001666a f   mintopo.obj
 0004:00001cee       ?Init@CMiniportTopologyHDA@@UAGJPAUIUnknown@@PAUIResourceList@@PAUIPortTopology@@@Z 000166ae f   mintopo.obj
 0004:00001d50       ?GetDescription@CMiniportTopologyHDA@@UAGJPAPAUPCFILTER_DESCRIPTOR@@@Z 00016710 f   mintopo.obj
 0004:00002574       ?CreateMiniportWaveCyclicHDA@@YGJPAPAUIUnknown@@ABU_GUID@@PAU1@W4_POOL_TYPE@@@Z 00016f34 f   minwave.obj
 0004:000025d4       ?ProcessResources@CMiniportWaveCyclicHDA@@AAEJPAUIResourceList@@@Z 00016f94 f   minwave.obj
 0004:000026e2       ?ValidateFormat@CMiniportWaveCyclicHDA@@AAEJPATKSDATAFORMAT@@@Z 000170a2 f   minwave.obj
 0004:000027cc       ?NonDelegatingQueryInterface@CMiniportWaveCyclicHDA@@UAGJABU_GUID@@PAPAX@Z 0001718c f   minwave.obj
 0004:0000287a       ??1CMiniportWaveCyclicHDA@@UAE@XZ 0001723a f   minwave.obj
 0004:000028ce       ?Init@CMiniportWaveCyclicHDA@@UAGJPAUIUnknown@@PAUIResourceList@@PAUIPortWaveCyclic@@@Z 0001728e f   minwave.obj
 0004:00002976       ?GetDescription@CMiniportWaveCyclicHDA@@UAGJPAPAUPCFILTER_DESCRIPTOR@@@Z 00017336 f   minwave.obj
 0004:00002986       ?DataRangeIntersection@CMiniportWaveCyclicHDA@@UAGJKPATKSDATAFORMAT@@0KPAXPAK@Z 00017346 f   minwave.obj
 0004:00002bdc       ?NewStream@CMiniportWaveCyclicHDA@@UAGJPAPAUIMiniportWaveCyclicStream@@PAUIUnknown@@W4_POOL_TYPE@@KEPATKSDATAFORMAT@@PAPAUIDmaChannel@@PAPAUIServiceGroup@@@Z 0001759c f   minwave.obj
 0004:00002d1c       ?NonDelegatingQueryInterface@CMiniportWaveCyclicStreamHDA@@UAGJABU_GUID@@PAPAX@Z 000176dc f   minwave.obj
 0004:00002da4       ??1CMiniportWaveCyclicStreamHDA@@UAE@XZ 00017764 f   minwave.obj
 0004:00002e1a       ?Init@CMiniportWaveCyclicStreamHDA@@QAEJPAVCMiniportWaveCyclicHDA@@KEPATKSDATAFORMAT@@PAUIDmaChannel@@@Z 000177da f   minwave.obj
 0004:00002eb0       ?SetNotificationFreq@CMiniportWaveCyclicStreamHDA@@UAGKKPAK@Z 00017870 f   minwave.obj
 0004:00002ef0       ?SetFormat@CMiniportWaveCyclicStreamHDA@@UAGJPATKSDATAFORMAT@@@Z 000178b0 f   minwave.obj
 0004:00002f7c       ?SetState@CMiniportWaveCyclicStreamHDA@@UAGJW4KSSTATE@@@Z 0001793c f   minwave.obj
 0005:00000000       _DriverEntry@8             000179a0 f   adapter.obj
 0005:00000018       __IMPORT_DESCRIPTOR_ntoskrnl 000179b8     ntoskrnl:ntoskrnl.exe
 0005:0000002c       __IMPORT_DESCRIPTOR_HAL    000179cc     hal:HAL.dll
 0005:00000040       __IMPORT_DESCRIPTOR_portcls 000179e0     portcls:portcls.sys
 0005:00000054       __NULL_IMPORT_DESCRIPTOR   000179f4     ntoskrnl:ntoskrnl.exe

 entry point at        0005:00000000

 Static symbols

 0004:00001d60       ?PropertyHandler_OnOff@@YGJPAU_PCPROPERTY_REQUEST@@@Z 00016720 f   mintopo.obj
 0004:00001efe       ?PropertyHandler_SuperMixCaps@@YGJPAU_PCPROPERTY_REQUEST@@@Z 000168be f   mintopo.obj
 0004:000020d8       ?PropertyHandler_SuperMixTable@@YGJPAU_PCPROPERTY_REQUEST@@@Z 00016a98 f   mintopo.obj
 0004:000023f4       ?PropertyHandler_CpuResources@@YGJPAU_PCPROPERTY_REQUEST@@@Z 00016db4 f   mintopo.obj
 0001:00002624       ?PropertyHandler_Level@@YGJPAU_PCPROPERTY_REQUEST@@@Z 00012904 f   mintopo.obj
 0004:00002480       ?BasicSupportHandler@@YGJPAU_PCPROPERTY_REQUEST@@@Z 00016e40 f   mintopo.obj
 0001:00000064       ?AllocateAlignedCommonBuffer@@YGJPAU_DMA_ADAPTER@@KKPAU_HDA_DMA_COMMON_BUFFER@@@Z 00010344 f   common.obj
 0001:00000158       ?ResetCommonBufferDescriptor@@YGXPAU_HDA_DMA_COMMON_BUFFER@@@Z 00010438 f   common.obj
 0001:00000168       ?FreeAlignedCommonBuffer@@YGXPAU_DMA_ADAPTER@@PAU_HDA_DMA_COMMON_BUFFER@@@Z 00010448 f   common.obj

 309 bytes saved through ICF

