 HDA

 Timestamp is 693b27af (Thu Dec 11 12:21:03 2025)

 Preferred load address is 00010000

 Start         Length     Name                   Class
 0001:00000000 00001591H .text                   CODE
 0002:00000000 000000b0H .idata$5                DATA
 0002:000000b0 000005a3H .rdata                  DATA
 0003:00000000 00000cc8H .data                   DATA
 0003:00000cc8 00000010H .bss                    DATA
 0004:00000000 000037e5H PAGE                    CODE
 0005:00000000 00000015H INIT                    CODE
 0005:00000018 0000003cH .idata$2                CODE
 0005:00000054 00000014H .idata$3                CODE
 0005:00000068 000000b0H .idata$4                CODE
 0005:00000118 00000390H .idata$6                CODE
 0006:00000000 00000058H .rsrc$01                DATA
 0006:00000060 00000338H .rsrc$02                DATA

  Address         Publics by Value              Rva+Base     Lib:Object

 0001:00000000       ??3@YAXPAX@Z               000102e0 f i common.obj
 0001:0000000c       ?QueryInterface@CAdapterCommon@@UAGJABU_GUID@@PAPAX@Z 000102ec f i common.obj
 0001:00000024       ?AddRef@CAdapterCommon@@UAGKXZ 00010304 f i common.obj
 0001:00000034       ?Release@CAdapterCommon@@UAGKXZ 00010314 f i common.obj
 0001:00000044       ??_ECAdapterCommon@@UAEPAXI@Z 00010324 f i common.obj
 0001:00000044       ??_GCAdapterCommon@@UAEPAXI@Z 00010324 f i common.obj
 0001:00000064       ?hda_check_headphone_connection_change@CAdapterCommon@@QAGXXZ 00010344 f   common.obj
 0001:000000da       ?hda_is_supported_sample_rate@CAdapterCommon@@QAGEK@Z 000103ba f   common.obj
 0001:00000160       ?hda_send_verb@CAdapterCommon@@QAGKKKKK@Z 00010440 f   common.obj
 0001:000002c4       ?ReadController@CAdapterCommon@@UAGEXZ 000105a4 f   common.obj
 0001:000002ca       ?WriteController@CAdapterCommon@@UAGEE@Z 000105aa f   common.obj
 0001:000002d0       ?MixerRegWrite@CAdapterCommon@@UAGXEE@Z 000105b0 f   common.obj
 0001:00000318       ?MixerRegRead@CAdapterCommon@@UAGEE@Z 000105f8 f   common.obj
 0001:00000336       ?MixerReset@CAdapterCommon@@UAGXXZ 00010616 f   common.obj
 0001:00000344       ?AcknowledgeIRQ@CAdapterCommon@@AAEEXZ 00010624 f   common.obj
 0001:000003be       ?ResetController@CAdapterCommon@@UAGJXZ 0001069e f   common.obj
 0001:000003de       ?RestoreMixerSettingsFromRegistry@CAdapterCommon@@UAGJXZ 000106be f   common.obj
 0001:0000053c       ?SaveMixerSettingsToRegistry@CAdapterCommon@@UAGJXZ 0001081c f   common.obj
 0001:00000638       ?ProgramSampleRate@CAdapterCommon@@UAGJK@Z 00010918 f   common.obj
 0001:000006ce       ?PowerChangeState@CAdapterCommon@@UAGXT_POWER_STATE@@@Z 000109ae f   common.obj
 0001:0000072c       ?QueryPowerChangeState@CAdapterCommon@@UAGJT_POWER_STATE@@@Z 00010a0c f   common.obj
 0001:0000072c       ?QueryDeviceCapabilities@CAdapterCommon@@UAGJPAU_DEVICE_CAPABILITIES@@@Z 00010a0c f   common.obj
 0001:00000732       ?InterruptServiceRoutine@@YGJPAUIInterruptSync@@PAX@Z 00010a12 f   common.obj
 0001:0000075e       ?hda_stop_stream@CAdapterCommon@@UAGJXZ 00010a3e f   common.obj
 0001:00000854       ?hda_start_sound@CAdapterCommon@@UAGXXZ 00010b34 f   common.obj
 0001:0000087c       ?hda_stop_sound@CAdapterCommon@@UAGXXZ 00010b5c f   common.obj
 0001:000008c2       ?hda_get_actual_stream_position@CAdapterCommon@@UAGKXZ 00010ba2 f   common.obj
 0001:000008d8       ?hda_set_volume@CAdapterCommon@@QAGXKE@Z 00010bb8 f   common.obj
 0001:0000092e       ?readUCHAR@CAdapterCommon@@QAGEG@Z 00010c0e f   common.obj
 0001:00000946       ?writeUCHAR@CAdapterCommon@@QAGXGE@Z 00010c26 f   common.obj
 0001:00000962       ?readUSHORT@CAdapterCommon@@QAGGG@Z 00010c42 f   common.obj
 0001:0000097a       ?writeUSHORT@CAdapterCommon@@QAGXGG@Z 00010c5a f   common.obj
 0001:00000996       ?readULONG@CAdapterCommon@@QAGKG@Z 00010c76 f   common.obj
 0001:000009ae       ?writeULONG@CAdapterCommon@@QAGXGK@Z 00010c8e f   common.obj
 0001:000009ca       ?hda_showtime@CAdapterCommon@@UAGJPAUIDmaChannel@@@Z 00010caa f   common.obj
 0001:00000b0a       ?hda_return_sound_data_format@CAdapterCommon@@QAGGKKK@Z 00010dea f   common.obj
 0001:00000bcc       ?ReadWriteConfigSpace@CAdapterCommon@@AAGJPAU_DEVICE_OBJECT@@KPAXKK@Z 00010eac f   common.obj
 0001:00000c74       ?WriteConfigSpaceByte@CAdapterCommon@@AAGJEEE@Z 00010f54 f   common.obj
 0001:00000caa       ?WriteConfigSpaceWord@CAdapterCommon@@AAGJEGG@Z 00010f8a f   common.obj
 0001:00000ce0       ?QueryInterface@CAdapterCommon@@W3AGJABU_GUID@@PAPAX@Z 00010fc0 f i common.obj
 0001:00000cea       ?AddRef@CAdapterCommon@@W3AGKXZ 00010fca f i common.obj
 0001:00000cf4       ?Release@CAdapterCommon@@W3AGKXZ 00010fd4 f i common.obj
 0001:00000cfe       ?QueryInterface@CMiniportTopologyHDA@@UAGJABU_GUID@@PAPAX@Z 00010fde f i mintopo.obj
 0001:00000cfe       ?QueryInterface@CMiniportWaveCyclicHDA@@UAGJABU_GUID@@PAPAX@Z 00010fde f i mintopo.obj
 0001:00000cfe       ?QueryInterface@CMiniportWaveCyclicStreamHDA@@UAGJABU_GUID@@PAPAX@Z 00010fde f i mintopo.obj
 0001:00000d16       ?DataRangeIntersection@CMiniportTopologyHDA@@UAGJKPATKSDATAFORMAT@@0KPAXPAK@Z 00010ff6 f i mintopo.obj
 0001:00000d1e       ??_GCMiniportTopologyHDA@@UAEPAXI@Z 00010ffe f i mintopo.obj
 0001:00000d1e       ??_ECMiniportTopologyHDA@@UAEPAXI@Z 00010ffe f i mintopo.obj
 0001:0000111c       ?ReadBitsFromMixer@CMiniportTopologyHDA@@AAEEEEE@Z 000113fc f   mintopo.obj
 0001:00001144       ?WriteBitsToMixer@CMiniportTopologyHDA@@AAEXEEEE@Z 00011424 f   mintopo.obj
 0001:0000119a       ?AddRef@CMiniportWaveCyclicHDA@@UAGKXZ 0001147a f i minwave.obj
 0001:0000119a       ?AddRef@CMiniportTopologyHDA@@UAGKXZ 0001147a f i minwave.obj
 0001:0000119a       ?AddRef@CMiniportWaveCyclicStreamHDA@@UAGKXZ 0001147a f i minwave.obj
 0001:000011aa       ??_GCMiniportWaveCyclicHDA@@UAEPAXI@Z 0001148a f i minwave.obj
 0001:000011aa       ??_ECMiniportWaveCyclicHDA@@UAEPAXI@Z 0001148a f i minwave.obj
 0001:000011ca       ?Release@CMiniportWaveCyclicHDA@@UAGKXZ 000114aa f i minwave.obj
 0001:000011ca       ?Release@CMiniportWaveCyclicStreamHDA@@UAGKXZ 000114aa f i minwave.obj
 0001:000011ca       ?Release@CMiniportTopologyHDA@@UAGKXZ 000114aa f i minwave.obj
 0001:000011da       ??_GCMiniportWaveCyclicStreamHDA@@UAEPAXI@Z 000114ba f i minwave.obj
 0001:000011da       ??_ECMiniportWaveCyclicStreamHDA@@UAEPAXI@Z 000114ba f i minwave.obj
 0001:000011fa       ?GetPosition@CMiniportWaveCyclicStreamHDA@@UAGJPAK@Z 000114da f   minwave.obj
 0001:0000125c       ?NormalizePhysicalPosition@CMiniportWaveCyclicStreamHDA@@UAGJPA_J@Z 0001153c f   minwave.obj
 0001:000012a4       ?Silence@CMiniportWaveCyclicStreamHDA@@UAGXPAXK@Z 00011584 f   minwave.obj
 0001:000012de       _DbgPrint                  000115be f   ntoskrnl:ntoskrnl.exe
 0001:000012e4       __alldiv                   000115c4 f   ntoskrnl:ntoskrnl.exe
 0001:000012ea       __allmul                   000115ca f   ntoskrnl:ntoskrnl.exe
 0001:000012f0       _PcInitializeAdapterDriver@12 000115d0 f   portcls:portcls.sys
 0001:000012f6       _PcAddAdapterDevice@20     000115d6 f   portcls:portcls.sys
 0001:000012fc       _PcRegisterSubdevice@12    000115dc f   portcls:portcls.sys
 0001:00001302       _PcNewMiniport@8           000115e2 f   portcls:portcls.sys
 0001:00001308       _PcNewPort@8               000115e8 f   portcls:portcls.sys
 0001:0000130e       _PcRegisterPhysicalConnection@20 000115ee f   portcls:portcls.sys
 0001:00001314       _PcRegisterAdapterPowerManagement@8 000115f4 f   portcls:portcls.sys
 0001:0000131a       _PcNewResourceSublist@20   000115fa f   portcls:portcls.sys
 0001:00001320       _PcNewInterruptSync@20     00011600 f   portcls:portcls.sys
 0001:00001326       _PcNewRegistryKey@36       00011606 f   portcls:portcls.sys
 0001:0000132c       _PcNewServiceGroup@8       0001160c f   portcls:portcls.sys
 0001:00001340       ??0CUnknown@@QAE@PAUIUnknown@@@Z 00011620 f   stdunk:stdunk.obj
 0001:00001390       ??_ECUnknown@@UAEPAXI@Z    00011670 f i stdunk:stdunk.obj
 0001:00001390       ??_GCUnknown@@UAEPAXI@Z    00011670 f i stdunk:stdunk.obj
 0001:000013c0       ??0INonDelegatingUnknown@@QAE@XZ 000116a0 f i stdunk:stdunk.obj
 0001:000013d0       ??1CUnknown@@UAE@XZ        000116b0 f   stdunk:stdunk.obj
 0001:000013f0       ?NonDelegatingAddRef@CUnknown@@UAGKXZ 000116d0 f   stdunk:stdunk.obj
 0001:00001430       ?NonDelegatingRelease@CUnknown@@UAGKXZ 00011710 f   stdunk:stdunk.obj
 0001:000014b0       ?NonDelegatingQueryInterface@CUnknown@@UAGJABU_GUID@@PAPAX@Z 00011790 f   stdunk:stdunk.obj
 0001:00001520       _IsEqualGUIDAligned@8      00011800 f i stdunk:stdunk.obj
 0002:00000000       __imp_@KfAcquireSpinLock@4 00011880     hal:HAL.dll
 0002:00000004       __imp_@KfReleaseSpinLock@8 00011884     hal:HAL.dll
 0002:00000008       __imp__KeStallExecutionProcessor@4 00011888     hal:HAL.dll
 0002:0000000c       \177HAL_NULL_THUNK_DATA    0001188c     hal:HAL.dll
 0002:00000010       __imp__KeInitializeSpinLock@4 00011890     ntoskrnl:ntoskrnl.exe
 0002:00000014       __imp__MmUnmapIoSpace@8    00011894     ntoskrnl:ntoskrnl.exe
 0002:00000018       __imp__READ_REGISTER_ULONG@4 00011898     ntoskrnl:ntoskrnl.exe
 0002:0000001c       __imp__DbgPrint            0001189c     ntoskrnl:ntoskrnl.exe
 0002:00000020       __imp__WRITE_REGISTER_ULONG@8 000118a0     ntoskrnl:ntoskrnl.exe
 0002:00000024       __imp__RtlInitUnicodeString@8 000118a4     ntoskrnl:ntoskrnl.exe
 0002:00000028       __imp__READ_REGISTER_UCHAR@4 000118a8     ntoskrnl:ntoskrnl.exe
 0002:0000002c       __imp__WRITE_REGISTER_UCHAR@8 000118ac     ntoskrnl:ntoskrnl.exe
 0002:00000030       __imp__READ_REGISTER_USHORT@4 000118b0     ntoskrnl:ntoskrnl.exe
 0002:00000034       __imp__ExAllocatePoolWithTag@12 000118b4     ntoskrnl:ntoskrnl.exe
 0002:00000038       __imp__MmMapIoSpace@16     000118b8     ntoskrnl:ntoskrnl.exe
 0002:0000003c       __imp__KeWaitForSingleObject@20 000118bc     ntoskrnl:ntoskrnl.exe
 0002:00000040       __imp_@IofCallDriver@8     000118c0     ntoskrnl:ntoskrnl.exe
 0002:00000044       __imp__IoBuildSynchronousFsdRequest@28 000118c4     ntoskrnl:ntoskrnl.exe
 0002:00000048       __imp__IoGetAttachedDeviceReference@4 000118c8     ntoskrnl:ntoskrnl.exe
 0002:0000004c       __imp__KeInitializeEvent@12 000118cc     ntoskrnl:ntoskrnl.exe
 0002:00000050       __imp__KeInitializeMutex@8 000118d0     ntoskrnl:ntoskrnl.exe
 0002:00000054       __imp__KeReleaseMutex@8    000118d4     ntoskrnl:ntoskrnl.exe
 0002:00000058       __imp__ExFreePool@4        000118d8     ntoskrnl:ntoskrnl.exe
 0002:0000005c       __imp___allmul             000118dc     ntoskrnl:ntoskrnl.exe
 0002:00000060       __imp__IoGetDmaAdapter@12  000118e0     ntoskrnl:ntoskrnl.exe
 0002:00000064       __imp__WRITE_REGISTER_USHORT@8 000118e4     ntoskrnl:ntoskrnl.exe
 0002:00000068       __imp_@ObfDereferenceObject@4 000118e8     ntoskrnl:ntoskrnl.exe
 0002:0000006c       __imp___alldiv             000118ec     ntoskrnl:ntoskrnl.exe
 0002:00000070       __imp__RtlAssert@16        000118f0     ntoskrnl:ntoskrnl.exe
 0002:00000074       __imp_@InterlockedIncrement@4 000118f4     ntoskrnl:ntoskrnl.exe
 0002:00000078       __imp_@InterlockedDecrement@4 000118f8     ntoskrnl:ntoskrnl.exe
 0002:0000007c       \177ntoskrnl_NULL_THUNK_DATA 000118fc     ntoskrnl:ntoskrnl.exe
 0002:00000080       __imp__PcRegisterSubdevice@12 00011900     portcls:portcls.sys
 0002:00000084       __imp__PcNewPort@8         00011904     portcls:portcls.sys
 0002:00000088       __imp__PcRegisterPhysicalConnection@20 00011908     portcls:portcls.sys
 0002:0000008c       __imp__PcAddAdapterDevice@20 0001190c     portcls:portcls.sys
 0002:00000090       __imp__PcNewMiniport@8     00011910     portcls:portcls.sys
 0002:00000094       __imp__PcNewInterruptSync@20 00011914     portcls:portcls.sys
 0002:00000098       __imp__PcNewRegistryKey@36 00011918     portcls:portcls.sys
 0002:0000009c       __imp__PcNewServiceGroup@8 0001191c     portcls:portcls.sys
 0002:000000a0       __imp__PcRegisterAdapterPowerManagement@8 00011920     portcls:portcls.sys
 0002:000000a4       __imp__PcInitializeAdapterDriver@12 00011924     portcls:portcls.sys
 0002:000000a8       __imp__PcNewResourceSublist@20 00011928     portcls:portcls.sys
 0002:000000ac       \177portcls_NULL_THUNK_DATA 0001192c     portcls:portcls.sys
 0002:00000108       _IID_IAdapterCommon        00011988     adapter.obj
 0002:00000118       _CLSID_MiniportDriverFmSynth 00011998     adapter.obj
 0002:00000128       _CLSID_PortWaveCyclic      000119a8     adapter.obj
 0002:00000138       _CLSID_PortTopology        000119b8     adapter.obj
 0002:00000148       _CLSID_PortMidi            000119c8     adapter.obj
 0002:00000158       _IID_IAdapterPowerManagment 000119d8     adapter.obj
 0002:00000168       _IID_IMiniportWaveCyclicStream 000119e8     adapter.obj
 0002:00000178       _IID_IMiniportWaveCyclic   000119f8     adapter.obj
 0002:00000188       _IID_IPortWaveCyclic       00011a08     adapter.obj
 0002:00000198       _IID_IMiniportTopology     00011a18     adapter.obj
 0002:000001a8       _IID_IMiniport             00011a28     adapter.obj
 0002:000001b8       _IID_IUnknown              00011a38     adapter.obj
 0002:000001c8       ??_C@_1BE@ENEK@?$AAR?$AAi?$AAg?$AAh?$AAt?$AAB?$AAa?$AAs?$AAs?$AA?$AA@ 00011a48     common.obj
 0002:000001dc       ??_C@_1BC@JMJO@?$AAL?$AAe?$AAf?$AAt?$AAB?$AAa?$AAs?$AAs?$AA?$AA@ 00011a5c     common.obj
 0002:000001f0       ??_C@_1BI@KGAJ@?$AAR?$AAi?$AAg?$AAh?$AAt?$AAT?$AAr?$AAe?$AAb?$AAl?$AAe?$AA?$AA@ 00011a70     common.obj
 0002:00000208       ??_C@_1BG@BGGD@?$AAL?$AAe?$AAf?$AAt?$AAT?$AAr?$AAe?$AAb?$AAl?$AAe?$AA?$AA@ 00011a88     common.obj
 0002:00000220       ??_C@_1O@IECC@?$AAM?$AAi?$AAc?$AAA?$AAG?$AAC?$AA?$AA@ 00011aa0     common.obj
 0002:00000230       ??_C@_1CA@EJHI@?$AAR?$AAi?$AAg?$AAh?$AAt?$AAO?$AAu?$AAt?$AAp?$AAu?$AAt?$AAG?$AAa?$AAi?$AAn?$AA?$AA@ 00011ab0     common.obj
 0002:00000250       ??_C@_1BO@PPLI@?$AAL?$AAe?$AAf?$AAt?$AAO?$AAu?$AAt?$AAp?$AAu?$AAt?$AAG?$AAa?$AAi?$AAn?$AA?$AA@ 00011ad0     common.obj
 0002:00000270       ??_C@_1BO@PMCJ@?$AAR?$AAi?$AAg?$AAh?$AAt?$AAI?$AAn?$AAp?$AAu?$AAt?$AAG?$AAa?$AAi?$AAn?$AA?$AA@ 00011af0     common.obj
 0002:00000290       ??_C@_1BM@CFEM@?$AAL?$AAe?$AAf?$AAt?$AAI?$AAn?$AAp?$AAu?$AAt?$AAG?$AAa?$AAi?$AAn?$AA?$AA@ 00011b10     common.obj
 0002:000002ac       ??_C@_1CA@CIKM@?$AAR?$AAi?$AAg?$AAh?$AAt?$AAI?$AAn?$AAp?$AAu?$AAt?$AAM?$AAi?$AAx?$AAe?$AAr?$AA?$AA@ 00011b2c     common.obj
 0002:000002cc       ??_C@_1BO@JOGM@?$AAL?$AAe?$AAf?$AAt?$AAI?$AAn?$AAp?$AAu?$AAt?$AAM?$AAi?$AAx?$AAe?$AAr?$AA?$AA@ 00011b4c     common.obj
 0002:000002ec       ??_C@_1BI@BMOJ@?$AAO?$AAu?$AAt?$AAp?$AAu?$AAt?$AAM?$AAi?$AAx?$AAe?$AAr?$AA?$AA@ 00011b6c     common.obj
 0002:00000304       ??_C@_1BE@GLOL@?$AAP?$AAc?$AAS?$AAp?$AAk?$AAr?$AAV?$AAo?$AAl?$AA?$AA@ 00011b84     common.obj
 0002:00000318       ??_C@_1O@MNBB@?$AAM?$AAi?$AAc?$AAV?$AAo?$AAl?$AA?$AA@ 00011b98     common.obj
 0002:00000328       ??_C@_1BO@HCKE@?$AAR?$AAi?$AAg?$AAh?$AAt?$AAL?$AAi?$AAn?$AAe?$AAI?$AAn?$AAV?$AAo?$AAl?$AA?$AA@ 00011ba8     common.obj
 0002:00000348       ??_C@_1BM@KLMB@?$AAL?$AAe?$AAf?$AAt?$AAL?$AAi?$AAn?$AAe?$AAI?$AAn?$AAV?$AAo?$AAl?$AA?$AA@ 00011bc8     common.obj
 0002:00000364       ??_C@_1BG@COJL@?$AAR?$AAi?$AAg?$AAh?$AAt?$AAC?$AAD?$AAV?$AAo?$AAl?$AA?$AA@ 00011be4     common.obj
 0002:0000037c       ??_C@_1BE@KMKA@?$AAL?$AAe?$AAf?$AAt?$AAC?$AAD?$AAV?$AAo?$AAl?$AA?$AA@ 00011bfc     common.obj
 0002:00000390       ??_C@_1BK@JCIM@?$AAR?$AAi?$AAg?$AAh?$AAt?$AAM?$AAi?$AAd?$AAi?$AAV?$AAo?$AAl?$AA?$AA@ 00011c10     common.obj
 0002:000003ac       ??_C@_1BI@KBIJ@?$AAL?$AAe?$AAf?$AAt?$AAM?$AAi?$AAd?$AAi?$AAV?$AAo?$AAl?$AA?$AA@ 00011c2c     common.obj
 0002:000003c4       ??_C@_1BK@MFCG@?$AAR?$AAi?$AAg?$AAh?$AAt?$AAW?$AAa?$AAv?$AAe?$AAV?$AAo?$AAl?$AA?$AA@ 00011c44     common.obj
 0002:000003e0       ??_C@_1BI@PGCD@?$AAL?$AAe?$AAf?$AAt?$AAW?$AAa?$AAv?$AAe?$AAV?$AAo?$AAl?$AA?$AA@ 00011c60     common.obj
 0002:000003f8       ??_C@_1BO@NHA@?$AAR?$AAi?$AAg?$AAh?$AAt?$AAM?$AAa?$AAs?$AAt?$AAe?$AAr?$AAV?$AAo?$AAl?$AA?$AA@ 00011c78     common.obj
 0002:00000418       ??_C@_1BM@NEBF@?$AAL?$AAe?$AAf?$AAt?$AAM?$AAa?$AAs?$AAt?$AAe?$AAr?$AAV?$AAo?$AAl?$AA?$AA@ 00011c98     common.obj
 0002:00000434       ??_7CAdapterCommon@@6BIAdapterPowerManagement@@@ 00011cb4     common.obj
 0002:0000044c       ??_7CAdapterCommon@@6BIAdapterCommon@@@ 00011ccc     common.obj
 0002:000004a4       ??_7CAdapterCommon@@6BCUnknown@@@ 00011d24     common.obj
 0002:00000580       ??_7CMiniportTopologyHDA@@6BIMiniportTopology@@@ 00011e00     mintopo.obj
 0002:00000598       ??_7CMiniportTopologyHDA@@6BCUnknown@@@ 00011e18     mintopo.obj
 0002:000005a8       ??_7CMiniportWaveCyclicHDA@@6BIMiniportWaveCyclic@@@ 00011e28     minwave.obj
 0002:000005c4       ??_7CMiniportWaveCyclicHDA@@6BCUnknown@@@ 00011e44     minwave.obj
 0002:000005d4       ??_7CMiniportWaveCyclicStreamHDA@@6BIMiniportWaveCyclicStream@@@ 00011e54     minwave.obj
 0002:000005f8       ??_7CMiniportWaveCyclicStreamHDA@@6BCUnknown@@@ 00011e78     minwave.obj
 0002:00000608       ??_7CUnknown@@6B@          00011e88     stdunk:stdunk.obj
 0002:00000618       ??_C@_0BB@CHNF@m_lRefCount?5?$DO?$DN?50?$AA@ 00011e98     stdunk:stdunk.obj
 0002:0000062c       ??_C@_0N@DIKJ@?4?2stdunk?4cpp?$AA@ 00011eac     stdunk:stdunk.obj
 0002:0000063c       ??_C@_0BA@HPDB@m_lRefCount?5?$DO?50?$AA@ 00011ebc     stdunk:stdunk.obj
 0002:0000064c       ??_C@_06DPDC@ppVoid?$AA@   00011ecc     stdunk:stdunk.obj
 0003:00000000       __GUID_b7902fe9_fb0a_11d1_81b0_0060083316c1 00011ee0     adapter.obj
 0003:00000010       __GUID_d3f0ce1c_fffc_11d1_81b0_0060083316c1 00011ef0     adapter.obj
 0003:00000020       __GUID_c096df9c_fb09_11d1_81b0_0060083316c1 00011f00     adapter.obj
 0003:000000f0       ?audBufSize@@3KA           00011fd0     common.obj
 0003:000000f4       ?BdlSize@@3KA              00011fd4     common.obj
 0003:000007f0       __GUID_185fedf6_9905_11d1_95a9_00c04fb925d3 000126d0     mintopo.obj
 0003:00000800       __GUID_185fedef_9905_11d1_95a9_00c04fb925d3 000126e0     mintopo.obj
 0003:00000810       __GUID_185fede1_9905_11d1_95a9_00c04fb925d3 000126f0     mintopo.obj
 0003:00000820       __GUID_185fede0_9905_11d1_95a9_00c04fb925d3 00012700     mintopo.obj
 0003:00000830       __GUID_7607e580_c557_11d0_8a2b_00a0c9255ac1 00012710     mintopo.obj
 0003:00000840       __GUID_185fede3_9905_11d1_95a9_00c04fb925d3 00012720     mintopo.obj
 0003:00000850       __GUID_da441a60_c556_11d0_8a2b_00a0c9255ac1 00012730     mintopo.obj
 0003:00000860       __GUID_185fedee_9905_11d1_95a9_00c04fb925d3 00012740     mintopo.obj
 0003:00000870       __GUID_02b223c0_c557_11d0_8a2b_00a0c9255ac1 00012750     mintopo.obj
 0003:00000880       __GUID_185feded_9905_11d1_95a9_00c04fb925d3 00012760     mintopo.obj
 0003:00000890       __GUID_e88c9ba0_c557_11d0_8a2b_00a0c9255ac1 00012770     mintopo.obj
 0003:000008a0       __GUID_185fedec_9905_11d1_95a9_00c04fb925d3 00012780     mintopo.obj
 0003:000008b0       __GUID_185fedeb_9905_11d1_95a9_00c04fb925d3 00012790     mintopo.obj
 0003:000008c0       __GUID_185fedea_9905_11d1_95a9_00c04fb925d3 000127a0     mintopo.obj
 0003:000008d0       __GUID_185fede9_9905_11d1_95a9_00c04fb925d3 000127b0     mintopo.obj
 0003:000008e0       __GUID_185fede8_9905_11d1_95a9_00c04fb925d3 000127c0     mintopo.obj
 0003:000008f0       __GUID_e573adc0_c555_11d0_8a2b_00a0c9255ac1 000127d0     mintopo.obj
 0003:00000900       __GUID_185fede7_9905_11d1_95a9_00c04fb925d3 000127e0     mintopo.obj
 0003:00000910       __GUID_185fede5_9905_11d1_95a9_00c04fb925d3 000127f0     mintopo.obj
 0003:00000920       __GUID_3a5acc00_c557_11d0_8a2b_00a0c9255ac1 00012800     mintopo.obj
 0003:00000930       __GUID_45ffaaa0_6e1b_11d0_bcf2_444553540000 00012810     mintopo.obj
 0003:00000940       __GUID_6994ad04_93ef_11d0_a3cc_00a0c9223196 00012820     mintopo.obj
 0003:00000950       __GUID_185fedf7_9905_11d1_95a9_00c04fb925d3 00012830     mintopo.obj
 0003:00000960       __GUID_dff21ce1_f70f_11d0_b917_00a0c9223196 00012840     mintopo.obj
 0003:00000970       __GUID_dff21be1_f70f_11d0_b917_00a0c9223196 00012850     mintopo.obj
 0003:00000980       __GUID_185fedf9_9905_11d1_95a9_00c04fb925d3 00012860     mintopo.obj
 0003:00000990       __GUID_dff21fe3_f70f_11d0_b917_00a0c9223196 00012870     mintopo.obj
 0003:000009a0       __GUID_185fedfb_9905_11d1_95a9_00c04fb925d3 00012880     mintopo.obj
 0003:000009b0       __GUID_dff220e3_f70f_11d0_b917_00a0c9223196 00012890     mintopo.obj
 0003:000009c0       __GUID_185fedf8_9905_11d1_95a9_00c04fb925d3 000128a0     mintopo.obj
 0003:000009d0       __GUID_dff220f3_f70f_11d0_b917_00a0c9223196 000128b0     mintopo.obj
 0003:000009e0       __GUID_dff21fe4_f70f_11d0_b917_00a0c9223196 000128c0     mintopo.obj
 0003:000009f0       __GUID_97e99ba0_bdea_11cf_a5d6_28db04c10000 000128d0     mintopo.obj
 0003:00000c38       __GUID_507ae360_c554_11d0_8a2b_00a0c9255ac1 00012b18     minwave.obj
 0003:00000c48       __GUID_4d837fe0_c555_11d0_8a2b_00a0c9255ac1 00012b28     minwave.obj
 0003:00000c58       __GUID_185fedfa_9905_11d1_95a9_00c04fb925d3 00012b38     minwave.obj
 0003:00000c68       __GUID_fb6c4281_0353_11d1_905f_0000c0cc16ba 00012b48     minwave.obj
 0003:00000c78       __GUID_05589f81_c356_11ce_bf01_00aa0055595a 00012b58     minwave.obj
 0003:00000c88       __GUID_00000001_0000_0010_8000_00aa00389b71 00012b68     minwave.obj
 0003:00000c98       __GUID_73647561_0000_0010_8000_00aa00389b71 00012b78     minwave.obj
 0003:00000ca8       __GUID_0f6417d6_c318_11d0_a43f_00a0c9223196 00012b88     minwave.obj
 0003:00000cb8       __GUID_518590a2_a184_11d0_8522_00c04fd9baf3 00012b98     minwave.obj
 0003:00000cc8       __GUID_00000000_0000_0000_0000_000000000000 00012ba8     adapter.obj
 0004:00000000       _AddDevice@8               00012bc0 f   adapter.obj
 0004:0000001a       ?InstallSubdevice@@YGJPAU_DEVICE_OBJECT@@PAU_IRP@@PAGABU_GUID@@3P6GJPAPAUIUnknown@@3PAU4@W4_POOL_TYPE@@@Z5PAUIResourceList@@344@Z 00012bda f   adapter.obj
 0004:00000120       ?StartDevice@@YGJPAU_DEVICE_OBJECT@@PAU_IRP@@PAUIResourceList@@@Z 00012ce0 f   adapter.obj
 0004:0000036e       ?AssignResources@@YGJPAUIResourceList@@PAPAU1@11111@Z 00012f2e f   adapter.obj
 0004:00000624       ?NewAdapterCommon@@YGJPAPAUIUnknown@@ABU_GUID@@PAU1@W4_POOL_TYPE@@@Z 000131e4 f   common.obj
 0004:00000895       ?Init@CAdapterCommon@@UAGJPAUIResourceList@@PAU_DEVICE_OBJECT@@@Z 00013455 f   common.obj
 0004:00000fb8       ??1CAdapterCommon@@UAE@XZ  00013b78 f   common.obj
 0004:0000110c       ?NonDelegatingQueryInterface@CAdapterCommon@@UAGJABU_GUID@@PAPAX@Z 00013ccc f   common.obj
 0004:000011cc       ?WavePortDriverDest@CAdapterCommon@@UAGPAPAUIUnknown@@XZ 00013d8c f   common.obj
 0004:000011d8       ?GetInterruptSync@CAdapterCommon@@UAGPAUIInterruptSync@@XZ 00013d98 f   common.obj
 0004:000011e6       ?MidiPortDriverDest@CAdapterCommon@@UAGPAPAUIUnknown@@XZ 00013da6 f   common.obj
 0004:000011f2       ?SetWaveServiceGroup@CAdapterCommon@@UAGXPAUIServiceGroup@@@Z 00013db2 f   common.obj
 0004:00001222       ?InitHDA@CAdapterCommon@@QAGJXZ 00013de2 f   common.obj
 0004:000015dc       ?InitializeCodec@CAdapterCommon@@QAGJE@Z 0001419c f   common.obj
 0004:000018db       ?hda_initialize_audio_function_group@CAdapterCommon@@QAGXKK@Z 0001449b f   common.obj
 0004:00001dba       ?hda_get_node_type@CAdapterCommon@@QAGEKK@Z 0001497a f   common.obj
 0004:00001ddc       ?hda_get_node_connection_entries@CAdapterCommon@@QAGKKKK@Z 0001499c f   common.obj
 0004:00001e62       ?hda_set_node_gain@CAdapterCommon@@QAGXKKKKKE@Z 00014a22 f   common.obj
 0004:00001ecc       ?hda_enable_pin_output@CAdapterCommon@@QAGXKK@Z 00014a8c f   common.obj
 0004:00001efe       ?hda_disable_pin_output@CAdapterCommon@@QAGXKK@Z 00014abe f   common.obj
 0004:00001f30       ?hda_is_headphone_connected@CAdapterCommon@@QAGHXZ 00014af0 f   common.obj
 0004:00001f6c       ?hda_initialize_output_pin@CAdapterCommon@@QAGXK@Z 00014b2c f   common.obj
 0004:000020e2       ?hda_initalize_audio_output@CAdapterCommon@@QAGXK@Z 00014ca2 f   common.obj
 0004:0000220a       ?hda_initalize_audio_mixer@CAdapterCommon@@QAGXK@Z 00014dca f   common.obj
 0004:00002304       ?hda_initalize_audio_selector@CAdapterCommon@@QAGXK@Z 00014ec4 f   common.obj
 0004:00002428       ?CreateMiniportTopologyHDA@@YGJPAPAUIUnknown@@ABU_GUID@@PAU1@W4_POOL_TYPE@@@Z 00014fe8 f   mintopo.obj
 0004:00002488       ?ProcessResources@CMiniportTopologyHDA@@AAEJPAUIResourceList@@@Z 00015048 f   mintopo.obj
 0004:000024ac       ?NonDelegatingQueryInterface@CMiniportTopologyHDA@@UAGJABU_GUID@@PAPAX@Z 0001506c f   mintopo.obj
 0004:0000255a       ??1CMiniportTopologyHDA@@UAE@XZ 0001511a f   mintopo.obj
 0004:0000259e       ?Init@CMiniportTopologyHDA@@UAGJPAUIUnknown@@PAUIResourceList@@PAUIPortTopology@@@Z 0001515e f   mintopo.obj
 0004:00002600       ?GetDescription@CMiniportTopologyHDA@@UAGJPAPAUPCFILTER_DESCRIPTOR@@@Z 000151c0 f   mintopo.obj
 0004:00002e24       ?CreateMiniportWaveCyclicHDA@@YGJPAPAUIUnknown@@ABU_GUID@@PAU1@W4_POOL_TYPE@@@Z 000159e4 f   minwave.obj
 0004:00002e84       ?ProcessResources@CMiniportWaveCyclicHDA@@AAEJPAUIResourceList@@@Z 00015a44 f   minwave.obj
 0004:00002f2a       ?ValidateFormat@CMiniportWaveCyclicHDA@@AAEJPATKSDATAFORMAT@@@Z 00015aea f   minwave.obj
 0004:00003006       ?NonDelegatingQueryInterface@CMiniportWaveCyclicHDA@@UAGJABU_GUID@@PAPAX@Z 00015bc6 f   minwave.obj
 0004:000030b4       ??1CMiniportWaveCyclicHDA@@UAE@XZ 00015c74 f   minwave.obj
 0004:00003108       ?Init@CMiniportWaveCyclicHDA@@UAGJPAUIUnknown@@PAUIResourceList@@PAUIPortWaveCyclic@@@Z 00015cc8 f   minwave.obj
 0004:000031b0       ?GetDescription@CMiniportWaveCyclicHDA@@UAGJPAPAUPCFILTER_DESCRIPTOR@@@Z 00015d70 f   minwave.obj
 0004:000031c0       ?DataRangeIntersection@CMiniportWaveCyclicHDA@@UAGJKPATKSDATAFORMAT@@0KPAXPAK@Z 00015d80 f   minwave.obj
 0004:00003416       ?NewStream@CMiniportWaveCyclicHDA@@UAGJPAPAUIMiniportWaveCyclicStream@@PAUIUnknown@@W4_POOL_TYPE@@KEPATKSDATAFORMAT@@PAPAUIDmaChannel@@PAPAUIServiceGroup@@@Z 00015fd6 f   minwave.obj
 0004:00003556       ?NonDelegatingQueryInterface@CMiniportWaveCyclicStreamHDA@@UAGJABU_GUID@@PAPAX@Z 00016116 f   minwave.obj
 0004:000035de       ??1CMiniportWaveCyclicStreamHDA@@UAE@XZ 0001619e f   minwave.obj
 0004:00003648       ?Init@CMiniportWaveCyclicStreamHDA@@QAEJPAVCMiniportWaveCyclicHDA@@KEPATKSDATAFORMAT@@PAUIDmaChannel@@@Z 00016208 f   minwave.obj
 0004:000036ce       ?SetNotificationFreq@CMiniportWaveCyclicStreamHDA@@UAGKKPAK@Z 0001628e f   minwave.obj
 0004:0000370e       ?SetFormat@CMiniportWaveCyclicStreamHDA@@UAGJPATKSDATAFORMAT@@@Z 000162ce f   minwave.obj
 0004:0000379a       ?SetState@CMiniportWaveCyclicStreamHDA@@UAGJW4KSSTATE@@@Z 0001635a f   minwave.obj
 0005:00000000       _DriverEntry@8             000163c0 f   adapter.obj
 0005:00000018       __IMPORT_DESCRIPTOR_ntoskrnl 000163d8     ntoskrnl:ntoskrnl.exe
 0005:0000002c       __IMPORT_DESCRIPTOR_HAL    000163ec     hal:HAL.dll
 0005:00000040       __IMPORT_DESCRIPTOR_portcls 00016400     portcls:portcls.sys
 0005:00000054       __NULL_IMPORT_DESCRIPTOR   00016414     ntoskrnl:ntoskrnl.exe

 entry point at        0005:00000000

 Static symbols

 0004:00002610       ?PropertyHandler_OnOff@@YGJPAU_PCPROPERTY_REQUEST@@@Z 000151d0 f   mintopo.obj
 0004:000027ae       ?PropertyHandler_SuperMixCaps@@YGJPAU_PCPROPERTY_REQUEST@@@Z 0001536e f   mintopo.obj
 0004:00002988       ?PropertyHandler_SuperMixTable@@YGJPAU_PCPROPERTY_REQUEST@@@Z 00015548 f   mintopo.obj
 0004:00002ca4       ?PropertyHandler_CpuResources@@YGJPAU_PCPROPERTY_REQUEST@@@Z 00015864 f   mintopo.obj
 0001:00000d3e       ?PropertyHandler_Level@@YGJPAU_PCPROPERTY_REQUEST@@@Z 0001101e f   mintopo.obj
 0004:00002d30       ?BasicSupportHandler@@YGJPAU_PCPROPERTY_REQUEST@@@Z 000158f0 f   mintopo.obj

 115 bytes saved through ICF

