 HDA

 Timestamp is 68f6c990 (Mon Oct 20 16:45:20 2025)

 Preferred load address is 00010000

 Start         Length     Name                   Class
 0001:00000000 000010a4H .text                   CODE
 0002:00000000 00000098H .idata$5                DATA
 0002:00000098 00000568H .rdata                  DATA
 0003:00000000 00000cc8H .data                   DATA
 0003:00000cc8 00000010H .bss                    DATA
 0004:00000000 00003065H PAGE                    CODE
 0005:00000000 00000015H INIT                    CODE
 0005:00000018 0000003cH .idata$2                CODE
 0005:00000054 00000014H .idata$3                CODE
 0005:00000068 00000098H .idata$4                CODE
 0005:00000100 00000308H .idata$6                CODE
 0006:00000000 00000058H .rsrc$01                DATA
 0006:00000060 00000338H .rsrc$02                DATA

  Address         Publics by Value              Rva+Base     Lib:Object

 0001:00000000       ?QueryInterface@CAdapterCommon@@UAGJABU_GUID@@PAPAX@Z 000102e0 f i common.obj
 0001:00000018       ?AddRef@CAdapterCommon@@UAGKXZ 000102f8 f i common.obj
 0001:00000028       ?Release@CAdapterCommon@@UAGKXZ 00010308 f i common.obj
 0001:00000038       ??_GCAdapterCommon@@UAEPAXI@Z 00010318 f i common.obj
 0001:00000038       ??_ECAdapterCommon@@UAEPAXI@Z 00010318 f i common.obj
 0001:00000058       ?hda_send_verb@CAdapterCommon@@QAGKKKKK@Z 00010338 f   common.obj
 0001:00000128       ?ReadController@CAdapterCommon@@UAGEXZ 00010408 f   common.obj
 0001:0000012e       ?WriteController@CAdapterCommon@@UAGEE@Z 0001040e f   common.obj
 0001:00000134       ?MixerRegWrite@CAdapterCommon@@UAGXEE@Z 00010414 f   common.obj
 0001:00000150       ?MixerRegRead@CAdapterCommon@@UAGEE@Z 00010430 f   common.obj
 0001:0000016e       ?MixerReset@CAdapterCommon@@UAGXXZ 0001044e f   common.obj
 0001:00000176       ?AcknowledgeIRQ@CAdapterCommon@@AAEXXZ 00010456 f   common.obj
 0001:000001ba       ?ResetController@CAdapterCommon@@UAGJXZ 0001049a f   common.obj
 0001:000001da       ?RestoreMixerSettingsFromRegistry@CAdapterCommon@@UAGJXZ 000104ba f   common.obj
 0001:00000338       ?SaveMixerSettingsToRegistry@CAdapterCommon@@UAGJXZ 00010618 f   common.obj
 0001:000003fc       ?ProgramSampleRate@CAdapterCommon@@QAGJK@Z 000106dc f   common.obj
 0001:00000492       ?PowerChangeState@CAdapterCommon@@UAGXT_POWER_STATE@@@Z 00010772 f   common.obj
 0001:000004e8       ?QueryDeviceCapabilities@CAdapterCommon@@UAGJPAU_DEVICE_CAPABILITIES@@@Z 000107c8 f   common.obj
 0001:000004e8       ?QueryPowerChangeState@CAdapterCommon@@UAGJT_POWER_STATE@@@Z 000107c8 f   common.obj
 0001:000004ee       ?InterruptServiceRoutine@@YGJPAUIInterruptSync@@PAX@Z 000107ce f   common.obj
 0001:00000516       ?hda_stop_stream@CAdapterCommon@@UAGJXZ 000107f6 f   common.obj
 0001:000005fa       ?hda_start_sound@CAdapterCommon@@UAGXXZ 000108da f   common.obj
 0001:00000622       ?hda_stop_sound@CAdapterCommon@@UAGXXZ 00010902 f   common.obj
 0001:00000636       ?hda_get_actual_stream_position@CAdapterCommon@@UAGKXZ 00010916 f   common.obj
 0001:0000064c       ?hda_set_volume@CAdapterCommon@@QAGXK@Z 0001092c f   common.obj
 0001:0000069a       ?readUCHAR@CAdapterCommon@@QAGEG@Z 0001097a f   common.obj
 0001:000006b2       ?writeUCHAR@CAdapterCommon@@QAGXGE@Z 00010992 f   common.obj
 0001:000006ce       ?setUCHARBit@CAdapterCommon@@QAGXGE@Z 000109ae f   common.obj
 0001:000006f0       ?readUSHORT@CAdapterCommon@@QAGGG@Z 000109d0 f   common.obj
 0001:00000708       ?writeUSHORT@CAdapterCommon@@QAGXGG@Z 000109e8 f   common.obj
 0001:00000724       ?readULONG@CAdapterCommon@@QAGKG@Z 00010a04 f   common.obj
 0001:0000073c       ?writeULONG@CAdapterCommon@@QAGXGK@Z 00010a1c f   common.obj
 0001:00000758       ?hda_showtime@CAdapterCommon@@UAGJPAUIDmaChannel@@@Z 00010a38 f   common.obj
 0001:000008e8       ?hda_return_sound_data_format@CAdapterCommon@@QAGGKKK@Z 00010bc8 f   common.obj
 0001:000009a6       ?QueryInterface@CAdapterCommon@@W3AGJABU_GUID@@PAPAX@Z 00010c86 f i common.obj
 0001:000009b0       ?AddRef@CAdapterCommon@@W3AGKXZ 00010c90 f i common.obj
 0001:000009ba       ?Release@CAdapterCommon@@W3AGKXZ 00010c9a f i common.obj
 0001:000009c4       ?AddRef@CMiniportTopologyHDA@@UAGKXZ 00010ca4 f i mintopo.obj
 0001:000009c4       ?AddRef@CMiniportWaveCyclicHDA@@UAGKXZ 00010ca4 f i mintopo.obj
 0001:000009c4       ?AddRef@CMiniportWaveCyclicStreamHDA@@UAGKXZ 00010ca4 f i mintopo.obj
 0001:000009d4       ?DataRangeIntersection@CMiniportTopologyHDA@@UAGJKPATKSDATAFORMAT@@0KPAXPAK@Z 00010cb4 f i mintopo.obj
 0001:000009dc       ??_ECMiniportTopologyHDA@@UAEPAXI@Z 00010cbc f i mintopo.obj
 0001:000009dc       ??_GCMiniportTopologyHDA@@UAEPAXI@Z 00010cbc f i mintopo.obj
 0001:00000dda       ?ReadBitsFromMixer@CMiniportTopologyHDA@@AAEEEEE@Z 000110ba f   mintopo.obj
 0001:00000e02       ?WriteBitsToMixer@CMiniportTopologyHDA@@AAEXEEEE@Z 000110e2 f   mintopo.obj
 0001:00000e58       ?QueryInterface@CMiniportWaveCyclicHDA@@UAGJABU_GUID@@PAPAX@Z 00011138 f i minwave.obj
 0001:00000e58       ?QueryInterface@CMiniportTopologyHDA@@UAGJABU_GUID@@PAPAX@Z 00011138 f i minwave.obj
 0001:00000e58       ?QueryInterface@CMiniportWaveCyclicStreamHDA@@UAGJABU_GUID@@PAPAX@Z 00011138 f i minwave.obj
 0001:00000e70       ?Release@CMiniportTopologyHDA@@UAGKXZ 00011150 f i minwave.obj
 0001:00000e70       ?Release@CMiniportWaveCyclicStreamHDA@@UAGKXZ 00011150 f i minwave.obj
 0001:00000e70       ?Release@CMiniportWaveCyclicHDA@@UAGKXZ 00011150 f i minwave.obj
 0001:00000e80       ??_GCMiniportWaveCyclicHDA@@UAEPAXI@Z 00011160 f i minwave.obj
 0001:00000e80       ??_ECMiniportWaveCyclicHDA@@UAEPAXI@Z 00011160 f i minwave.obj
 0001:00000ea0       ??_GCMiniportWaveCyclicStreamHDA@@UAEPAXI@Z 00011180 f i minwave.obj
 0001:00000ea0       ??_ECMiniportWaveCyclicStreamHDA@@UAEPAXI@Z 00011180 f i minwave.obj
 0001:00000ec0       ?GetPosition@CMiniportWaveCyclicStreamHDA@@UAGJPAK@Z 000111a0 f   minwave.obj
 0001:00000eea       ?NormalizePhysicalPosition@CMiniportWaveCyclicStreamHDA@@UAGJPA_J@Z 000111ca f   minwave.obj
 0001:00000f32       ?Silence@CMiniportWaveCyclicStreamHDA@@UAGXPAXK@Z 00011212 f   minwave.obj
 0001:00000f6c       _DbgPrint                  0001124c f   ntoskrnl:ntoskrnl.exe
 0001:00000f72       __alldiv                   00011252 f   ntoskrnl:ntoskrnl.exe
 0001:00000f78       __allmul                   00011258 f   ntoskrnl:ntoskrnl.exe
 0001:00000f7e       _PcInitializeAdapterDriver@12 0001125e f   portcls:portcls.sys
 0001:00000f84       _PcAddAdapterDevice@20     00011264 f   portcls:portcls.sys
 0001:00000f8a       _PcRegisterSubdevice@12    0001126a f   portcls:portcls.sys
 0001:00000f90       _PcNewMiniport@8           00011270 f   portcls:portcls.sys
 0001:00000f96       _PcNewPort@8               00011276 f   portcls:portcls.sys
 0001:00000f9c       _PcRegisterPhysicalConnection@20 0001127c f   portcls:portcls.sys
 0001:00000fa2       _PcRegisterAdapterPowerManagement@8 00011282 f   portcls:portcls.sys
 0001:00000fa8       _PcNewResourceSublist@20   00011288 f   portcls:portcls.sys
 0001:00000fae       _PcNewInterruptSync@20     0001128e f   portcls:portcls.sys
 0001:00000fb4       _PcNewRegistryKey@36       00011294 f   portcls:portcls.sys
 0001:00000fba       _PcNewServiceGroup@8       0001129a f   portcls:portcls.sys
 0001:00000fc0       ??0CUnknown@@QAE@PAUIUnknown@@@Z 000112a0 f   stdunk:stdunk.obj
 0001:00000fdf       ??_ECUnknown@@UAEPAXI@Z    000112bf f i stdunk:stdunk.obj
 0001:00000fdf       ??_GCUnknown@@UAEPAXI@Z    000112bf f i stdunk:stdunk.obj
 0001:00000ffb       ??1CUnknown@@UAE@XZ        000112db f   stdunk:stdunk.obj
 0001:00001002       ?NonDelegatingAddRef@CUnknown@@UAGKXZ 000112e2 f   stdunk:stdunk.obj
 0001:00001018       ?NonDelegatingRelease@CUnknown@@UAGKXZ 000112f8 f   stdunk:stdunk.obj
 0001:00001047       ?NonDelegatingQueryInterface@CUnknown@@UAGJABU_GUID@@PAPAX@Z 00011327 f   stdunk:stdunk.obj
 0002:00000000       __imp_@KfAcquireSpinLock@4 000113a0     hal:HAL.dll
 0002:00000004       __imp_@KfReleaseSpinLock@8 000113a4     hal:HAL.dll
 0002:00000008       __imp__KeStallExecutionProcessor@4 000113a8     hal:HAL.dll
 0002:0000000c       \177HAL_NULL_THUNK_DATA    000113ac     hal:HAL.dll
 0002:00000010       __imp__IoGetDmaAdapter@12  000113b0     ntoskrnl:ntoskrnl.exe
 0002:00000014       __imp__MmUnmapIoSpace@8    000113b4     ntoskrnl:ntoskrnl.exe
 0002:00000018       __imp__DbgPrint            000113b8     ntoskrnl:ntoskrnl.exe
 0002:0000001c       __imp__READ_REGISTER_ULONG@4 000113bc     ntoskrnl:ntoskrnl.exe
 0002:00000020       __imp__WRITE_REGISTER_ULONG@8 000113c0     ntoskrnl:ntoskrnl.exe
 0002:00000024       __imp__RtlInitUnicodeString@8 000113c4     ntoskrnl:ntoskrnl.exe
 0002:00000028       __imp__READ_REGISTER_UCHAR@4 000113c8     ntoskrnl:ntoskrnl.exe
 0002:0000002c       __imp__MmMapIoSpace@16     000113cc     ntoskrnl:ntoskrnl.exe
 0002:00000030       __imp__KeInitializeSpinLock@4 000113d0     ntoskrnl:ntoskrnl.exe
 0002:00000034       __imp__WRITE_REGISTER_USHORT@8 000113d4     ntoskrnl:ntoskrnl.exe
 0002:00000038       __imp__KeInitializeMutex@8 000113d8     ntoskrnl:ntoskrnl.exe
 0002:0000003c       __imp__KeReleaseMutex@8    000113dc     ntoskrnl:ntoskrnl.exe
 0002:00000040       __imp__KeWaitForSingleObject@20 000113e0     ntoskrnl:ntoskrnl.exe
 0002:00000044       __imp___alldiv             000113e4     ntoskrnl:ntoskrnl.exe
 0002:00000048       __imp___allmul             000113e8     ntoskrnl:ntoskrnl.exe
 0002:0000004c       __imp__ExFreePool@4        000113ec     ntoskrnl:ntoskrnl.exe
 0002:00000050       __imp__ExAllocatePoolWithTag@12 000113f0     ntoskrnl:ntoskrnl.exe
 0002:00000054       __imp__READ_REGISTER_USHORT@4 000113f4     ntoskrnl:ntoskrnl.exe
 0002:00000058       __imp__WRITE_REGISTER_UCHAR@8 000113f8     ntoskrnl:ntoskrnl.exe
 0002:0000005c       __imp_@InterlockedDecrement@4 000113fc     ntoskrnl:ntoskrnl.exe
 0002:00000060       __imp_@InterlockedIncrement@4 00011400     ntoskrnl:ntoskrnl.exe
 0002:00000064       \177ntoskrnl_NULL_THUNK_DATA 00011404     ntoskrnl:ntoskrnl.exe
 0002:00000068       __imp__PcInitializeAdapterDriver@12 00011408     portcls:portcls.sys
 0002:0000006c       __imp__PcNewMiniport@8     0001140c     portcls:portcls.sys
 0002:00000070       __imp__PcNewPort@8         00011410     portcls:portcls.sys
 0002:00000074       __imp__PcRegisterPhysicalConnection@20 00011414     portcls:portcls.sys
 0002:00000078       __imp__PcAddAdapterDevice@20 00011418     portcls:portcls.sys
 0002:0000007c       __imp__PcRegisterSubdevice@12 0001141c     portcls:portcls.sys
 0002:00000080       __imp__PcNewInterruptSync@20 00011420     portcls:portcls.sys
 0002:00000084       __imp__PcNewRegistryKey@36 00011424     portcls:portcls.sys
 0002:00000088       __imp__PcNewServiceGroup@8 00011428     portcls:portcls.sys
 0002:0000008c       __imp__PcRegisterAdapterPowerManagement@8 0001142c     portcls:portcls.sys
 0002:00000090       __imp__PcNewResourceSublist@20 00011430     portcls:portcls.sys
 0002:00000094       \177portcls_NULL_THUNK_DATA 00011434     portcls:portcls.sys
 0002:000000f8       _IID_IAdapterCommon        00011498     adapter.obj
 0002:00000108       _CLSID_MiniportDriverFmSynth 000114a8     adapter.obj
 0002:00000118       _CLSID_PortWaveCyclic      000114b8     adapter.obj
 0002:00000128       _CLSID_PortTopology        000114c8     adapter.obj
 0002:00000138       _CLSID_PortMidi            000114d8     adapter.obj
 0002:00000148       _IID_IAdapterPowerManagment 000114e8     adapter.obj
 0002:00000158       _IID_IMiniportWaveCyclicStream 000114f8     adapter.obj
 0002:00000168       _IID_IMiniportWaveCyclic   00011508     adapter.obj
 0002:00000178       _IID_IPortWaveCyclic       00011518     adapter.obj
 0002:00000188       _IID_IMiniportTopology     00011528     adapter.obj
 0002:00000198       _IID_IMiniport             00011538     adapter.obj
 0002:000001a8       _IID_IUnknown              00011548     adapter.obj
 0002:000001b8       ??_C@_1BE@ENEK@?$AAR?$AAi?$AAg?$AAh?$AAt?$AAB?$AAa?$AAs?$AAs?$AA?$AA@ 00011558     common.obj
 0002:000001cc       ??_C@_1BC@JMJO@?$AAL?$AAe?$AAf?$AAt?$AAB?$AAa?$AAs?$AAs?$AA?$AA@ 0001156c     common.obj
 0002:000001e0       ??_C@_1BI@KGAJ@?$AAR?$AAi?$AAg?$AAh?$AAt?$AAT?$AAr?$AAe?$AAb?$AAl?$AAe?$AA?$AA@ 00011580     common.obj
 0002:000001f8       ??_C@_1BG@BGGD@?$AAL?$AAe?$AAf?$AAt?$AAT?$AAr?$AAe?$AAb?$AAl?$AAe?$AA?$AA@ 00011598     common.obj
 0002:00000210       ??_C@_1O@IECC@?$AAM?$AAi?$AAc?$AAA?$AAG?$AAC?$AA?$AA@ 000115b0     common.obj
 0002:00000220       ??_C@_1CA@EJHI@?$AAR?$AAi?$AAg?$AAh?$AAt?$AAO?$AAu?$AAt?$AAp?$AAu?$AAt?$AAG?$AAa?$AAi?$AAn?$AA?$AA@ 000115c0     common.obj
 0002:00000240       ??_C@_1BO@PPLI@?$AAL?$AAe?$AAf?$AAt?$AAO?$AAu?$AAt?$AAp?$AAu?$AAt?$AAG?$AAa?$AAi?$AAn?$AA?$AA@ 000115e0     common.obj
 0002:00000260       ??_C@_1BO@PMCJ@?$AAR?$AAi?$AAg?$AAh?$AAt?$AAI?$AAn?$AAp?$AAu?$AAt?$AAG?$AAa?$AAi?$AAn?$AA?$AA@ 00011600     common.obj
 0002:00000280       ??_C@_1BM@CFEM@?$AAL?$AAe?$AAf?$AAt?$AAI?$AAn?$AAp?$AAu?$AAt?$AAG?$AAa?$AAi?$AAn?$AA?$AA@ 00011620     common.obj
 0002:0000029c       ??_C@_1CA@CIKM@?$AAR?$AAi?$AAg?$AAh?$AAt?$AAI?$AAn?$AAp?$AAu?$AAt?$AAM?$AAi?$AAx?$AAe?$AAr?$AA?$AA@ 0001163c     common.obj
 0002:000002bc       ??_C@_1BO@JOGM@?$AAL?$AAe?$AAf?$AAt?$AAI?$AAn?$AAp?$AAu?$AAt?$AAM?$AAi?$AAx?$AAe?$AAr?$AA?$AA@ 0001165c     common.obj
 0002:000002dc       ??_C@_1BI@BMOJ@?$AAO?$AAu?$AAt?$AAp?$AAu?$AAt?$AAM?$AAi?$AAx?$AAe?$AAr?$AA?$AA@ 0001167c     common.obj
 0002:000002f4       ??_C@_1BE@GLOL@?$AAP?$AAc?$AAS?$AAp?$AAk?$AAr?$AAV?$AAo?$AAl?$AA?$AA@ 00011694     common.obj
 0002:00000308       ??_C@_1O@MNBB@?$AAM?$AAi?$AAc?$AAV?$AAo?$AAl?$AA?$AA@ 000116a8     common.obj
 0002:00000318       ??_C@_1BO@HCKE@?$AAR?$AAi?$AAg?$AAh?$AAt?$AAL?$AAi?$AAn?$AAe?$AAI?$AAn?$AAV?$AAo?$AAl?$AA?$AA@ 000116b8     common.obj
 0002:00000338       ??_C@_1BM@KLMB@?$AAL?$AAe?$AAf?$AAt?$AAL?$AAi?$AAn?$AAe?$AAI?$AAn?$AAV?$AAo?$AAl?$AA?$AA@ 000116d8     common.obj
 0002:00000354       ??_C@_1BG@COJL@?$AAR?$AAi?$AAg?$AAh?$AAt?$AAC?$AAD?$AAV?$AAo?$AAl?$AA?$AA@ 000116f4     common.obj
 0002:0000036c       ??_C@_1BE@KMKA@?$AAL?$AAe?$AAf?$AAt?$AAC?$AAD?$AAV?$AAo?$AAl?$AA?$AA@ 0001170c     common.obj
 0002:00000380       ??_C@_1BK@JCIM@?$AAR?$AAi?$AAg?$AAh?$AAt?$AAM?$AAi?$AAd?$AAi?$AAV?$AAo?$AAl?$AA?$AA@ 00011720     common.obj
 0002:0000039c       ??_C@_1BI@KBIJ@?$AAL?$AAe?$AAf?$AAt?$AAM?$AAi?$AAd?$AAi?$AAV?$AAo?$AAl?$AA?$AA@ 0001173c     common.obj
 0002:000003b4       ??_C@_1BK@MFCG@?$AAR?$AAi?$AAg?$AAh?$AAt?$AAW?$AAa?$AAv?$AAe?$AAV?$AAo?$AAl?$AA?$AA@ 00011754     common.obj
 0002:000003d0       ??_C@_1BI@PGCD@?$AAL?$AAe?$AAf?$AAt?$AAW?$AAa?$AAv?$AAe?$AAV?$AAo?$AAl?$AA?$AA@ 00011770     common.obj
 0002:000003e8       ??_C@_1BO@NHA@?$AAR?$AAi?$AAg?$AAh?$AAt?$AAM?$AAa?$AAs?$AAt?$AAe?$AAr?$AAV?$AAo?$AAl?$AA?$AA@ 00011788     common.obj
 0002:00000408       ??_C@_1BM@NEBF@?$AAL?$AAe?$AAf?$AAt?$AAM?$AAa?$AAs?$AAt?$AAe?$AAr?$AAV?$AAo?$AAl?$AA?$AA@ 000117a8     common.obj
 0002:00000424       ??_7CAdapterCommon@@6BIAdapterPowerManagement@@@ 000117c4     common.obj
 0002:0000043c       ??_7CAdapterCommon@@6BIAdapterCommon@@@ 000117dc     common.obj
 0002:00000490       ??_7CAdapterCommon@@6BCUnknown@@@ 00011830     common.obj
 0002:00000568       ??_7CMiniportTopologyHDA@@6BIMiniportTopology@@@ 00011908     mintopo.obj
 0002:00000580       ??_7CMiniportTopologyHDA@@6BCUnknown@@@ 00011920     mintopo.obj
 0002:00000590       ??_7CMiniportWaveCyclicHDA@@6BIMiniportWaveCyclic@@@ 00011930     minwave.obj
 0002:000005ac       ??_7CMiniportWaveCyclicHDA@@6BCUnknown@@@ 0001194c     minwave.obj
 0002:000005bc       ??_7CMiniportWaveCyclicStreamHDA@@6BIMiniportWaveCyclicStream@@@ 0001195c     minwave.obj
 0002:000005e0       ??_7CMiniportWaveCyclicStreamHDA@@6BCUnknown@@@ 00011980     minwave.obj
 0002:000005f0       ??_7CUnknown@@6B@          00011990     stdunk:stdunk.obj
 0003:00000000       __GUID_b7902fe9_fb0a_11d1_81b0_0060083316c1 000119a0     adapter.obj
 0003:00000010       __GUID_d3f0ce1c_fffc_11d1_81b0_0060083316c1 000119b0     adapter.obj
 0003:00000020       __GUID_c096df9c_fb09_11d1_81b0_0060083316c1 000119c0     adapter.obj
 0003:000000f0       ?audBufSize@@3KA           00011a90     common.obj
 0003:000000f4       ?BdlSize@@3KA              00011a94     common.obj
 0003:000007f0       __GUID_185fedf6_9905_11d1_95a9_00c04fb925d3 00012190     mintopo.obj
 0003:00000800       __GUID_185fedef_9905_11d1_95a9_00c04fb925d3 000121a0     mintopo.obj
 0003:00000810       __GUID_185fede1_9905_11d1_95a9_00c04fb925d3 000121b0     mintopo.obj
 0003:00000820       __GUID_185fede0_9905_11d1_95a9_00c04fb925d3 000121c0     mintopo.obj
 0003:00000830       __GUID_7607e580_c557_11d0_8a2b_00a0c9255ac1 000121d0     mintopo.obj
 0003:00000840       __GUID_185fede3_9905_11d1_95a9_00c04fb925d3 000121e0     mintopo.obj
 0003:00000850       __GUID_da441a60_c556_11d0_8a2b_00a0c9255ac1 000121f0     mintopo.obj
 0003:00000860       __GUID_185fedee_9905_11d1_95a9_00c04fb925d3 00012200     mintopo.obj
 0003:00000870       __GUID_02b223c0_c557_11d0_8a2b_00a0c9255ac1 00012210     mintopo.obj
 0003:00000880       __GUID_185feded_9905_11d1_95a9_00c04fb925d3 00012220     mintopo.obj
 0003:00000890       __GUID_e88c9ba0_c557_11d0_8a2b_00a0c9255ac1 00012230     mintopo.obj
 0003:000008a0       __GUID_185fedec_9905_11d1_95a9_00c04fb925d3 00012240     mintopo.obj
 0003:000008b0       __GUID_185fedeb_9905_11d1_95a9_00c04fb925d3 00012250     mintopo.obj
 0003:000008c0       __GUID_185fedea_9905_11d1_95a9_00c04fb925d3 00012260     mintopo.obj
 0003:000008d0       __GUID_185fede9_9905_11d1_95a9_00c04fb925d3 00012270     mintopo.obj
 0003:000008e0       __GUID_185fede8_9905_11d1_95a9_00c04fb925d3 00012280     mintopo.obj
 0003:000008f0       __GUID_e573adc0_c555_11d0_8a2b_00a0c9255ac1 00012290     mintopo.obj
 0003:00000900       __GUID_185fede7_9905_11d1_95a9_00c04fb925d3 000122a0     mintopo.obj
 0003:00000910       __GUID_185fede5_9905_11d1_95a9_00c04fb925d3 000122b0     mintopo.obj
 0003:00000920       __GUID_3a5acc00_c557_11d0_8a2b_00a0c9255ac1 000122c0     mintopo.obj
 0003:00000930       __GUID_45ffaaa0_6e1b_11d0_bcf2_444553540000 000122d0     mintopo.obj
 0003:00000940       __GUID_6994ad04_93ef_11d0_a3cc_00a0c9223196 000122e0     mintopo.obj
 0003:00000950       __GUID_185fedf7_9905_11d1_95a9_00c04fb925d3 000122f0     mintopo.obj
 0003:00000960       __GUID_dff21ce1_f70f_11d0_b917_00a0c9223196 00012300     mintopo.obj
 0003:00000970       __GUID_dff21be1_f70f_11d0_b917_00a0c9223196 00012310     mintopo.obj
 0003:00000980       __GUID_185fedf9_9905_11d1_95a9_00c04fb925d3 00012320     mintopo.obj
 0003:00000990       __GUID_dff21fe3_f70f_11d0_b917_00a0c9223196 00012330     mintopo.obj
 0003:000009a0       __GUID_185fedfb_9905_11d1_95a9_00c04fb925d3 00012340     mintopo.obj
 0003:000009b0       __GUID_dff220e3_f70f_11d0_b917_00a0c9223196 00012350     mintopo.obj
 0003:000009c0       __GUID_185fedf8_9905_11d1_95a9_00c04fb925d3 00012360     mintopo.obj
 0003:000009d0       __GUID_dff220f3_f70f_11d0_b917_00a0c9223196 00012370     mintopo.obj
 0003:000009e0       __GUID_dff21fe4_f70f_11d0_b917_00a0c9223196 00012380     mintopo.obj
 0003:000009f0       __GUID_97e99ba0_bdea_11cf_a5d6_28db04c10000 00012390     mintopo.obj
 0003:00000c38       __GUID_507ae360_c554_11d0_8a2b_00a0c9255ac1 000125d8     minwave.obj
 0003:00000c48       __GUID_4d837fe0_c555_11d0_8a2b_00a0c9255ac1 000125e8     minwave.obj
 0003:00000c58       __GUID_185fedfa_9905_11d1_95a9_00c04fb925d3 000125f8     minwave.obj
 0003:00000c68       __GUID_fb6c4281_0353_11d1_905f_0000c0cc16ba 00012608     minwave.obj
 0003:00000c78       __GUID_05589f81_c356_11ce_bf01_00aa0055595a 00012618     minwave.obj
 0003:00000c88       __GUID_00000001_0000_0010_8000_00aa00389b71 00012628     minwave.obj
 0003:00000c98       __GUID_73647561_0000_0010_8000_00aa00389b71 00012638     minwave.obj
 0003:00000ca8       __GUID_0f6417d6_c318_11d0_a43f_00a0c9223196 00012648     minwave.obj
 0003:00000cb8       __GUID_518590a2_a184_11d0_8522_00c04fd9baf3 00012658     minwave.obj
 0003:00000cc8       __GUID_00000000_0000_0000_0000_000000000000 00012668     adapter.obj
 0004:00000000       _AddDevice@8               00012680 f   adapter.obj
 0004:0000001a       ?InstallSubdevice@@YGJPAU_DEVICE_OBJECT@@PAU_IRP@@PAGABU_GUID@@3P6GJPAPAUIUnknown@@3PAU4@W4_POOL_TYPE@@@Z5PAUIResourceList@@344@Z 0001269a f   adapter.obj
 0004:00000120       ?StartDevice@@YGJPAU_DEVICE_OBJECT@@PAU_IRP@@PAUIResourceList@@@Z 000127a0 f   adapter.obj
 0004:0000036e       ?AssignResources@@YGJPAUIResourceList@@PAPAU1@11111@Z 000129ee f   adapter.obj
 0004:00000624       ?NewAdapterCommon@@YGJPAPAUIUnknown@@ABU_GUID@@PAU1@W4_POOL_TYPE@@@Z 00012ca4 f   common.obj
 0004:0000068c       ?Init@CAdapterCommon@@UAGJPAUIResourceList@@PAU_DEVICE_OBJECT@@@Z 00012d0c f   common.obj
 0004:0000092e       ??1CAdapterCommon@@UAE@XZ  00012fae f   common.obj
 0004:00000a84       ?NonDelegatingQueryInterface@CAdapterCommon@@UAGJABU_GUID@@PAPAX@Z 00013104 f   common.obj
 0004:00000b44       ?WavePortDriverDest@CAdapterCommon@@UAGPAPAUIUnknown@@XZ 000131c4 f   common.obj
 0004:00000b50       ?GetInterruptSync@CAdapterCommon@@UAGPAUIInterruptSync@@XZ 000131d0 f   common.obj
 0004:00000b5e       ?MidiPortDriverDest@CAdapterCommon@@UAGPAPAUIUnknown@@XZ 000131de f   common.obj
 0004:00000b6a       ?SetWaveServiceGroup@CAdapterCommon@@UAGXPAUIServiceGroup@@@Z 000131ea f   common.obj
 0004:00000b9a       ?InitHDA@CAdapterCommon@@QAGJXZ 0001321a f   common.obj
 0004:00000e5a       ?InitializeCodec@CAdapterCommon@@QAGJE@Z 000134da f   common.obj
 0004:0000114b       ?hda_initialize_audio_function_group@CAdapterCommon@@QAGXKK@Z 000137cb f   common.obj
 0004:00001624       ?hda_get_node_type@CAdapterCommon@@QAGEKK@Z 00013ca4 f   common.obj
 0004:00001646       ?hda_get_node_connection_entries@CAdapterCommon@@QAGKKKK@Z 00013cc6 f   common.obj
 0004:000016cc       ?hda_set_node_gain@CAdapterCommon@@QAGXKKKKK@Z 00013d4c f   common.obj
 0004:0000173a       ?hda_disable_pin_output@CAdapterCommon@@QAGXKK@Z 00013dba f   common.obj
 0004:0000176c       ?hda_is_headphone_connected@CAdapterCommon@@QAGHXZ 00013dec f   common.obj
 0004:000017a8       ?hda_initialize_output_pin@CAdapterCommon@@QAGXK@Z 00013e28 f   common.obj
 0004:00001902       ?hda_initalize_audio_output@CAdapterCommon@@QAGXK@Z 00013f82 f   common.obj
 0004:00001a0e       ?hda_initalize_audio_mixer@CAdapterCommon@@QAGXK@Z 0001408e f   common.obj
 0004:00001aec       ?hda_initalize_audio_selector@CAdapterCommon@@QAGXK@Z 0001416c f   common.obj
 0004:00001bf6       ?hda_is_supported_sample_rate@CAdapterCommon@@QAGEK@Z 00014276 f   common.obj
 0004:00001c7c       ?CreateMiniportTopologyHDA@@YGJPAPAUIUnknown@@ABU_GUID@@PAU1@W4_POOL_TYPE@@@Z 000142fc f   mintopo.obj
 0004:00001cdc       ?ProcessResources@CMiniportTopologyHDA@@AAEJPAUIResourceList@@@Z 0001435c f   mintopo.obj
 0004:00001d00       ?NonDelegatingQueryInterface@CMiniportTopologyHDA@@UAGJABU_GUID@@PAPAX@Z 00014380 f   mintopo.obj
 0004:00001dae       ??1CMiniportTopologyHDA@@UAE@XZ 0001442e f   mintopo.obj
 0004:00001df2       ?Init@CMiniportTopologyHDA@@UAGJPAUIUnknown@@PAUIResourceList@@PAUIPortTopology@@@Z 00014472 f   mintopo.obj
 0004:00001e54       ?GetDescription@CMiniportTopologyHDA@@UAGJPAPAUPCFILTER_DESCRIPTOR@@@Z 000144d4 f   mintopo.obj
 0004:00002678       ?CreateMiniportWaveCyclicHDA@@YGJPAPAUIUnknown@@ABU_GUID@@PAU1@W4_POOL_TYPE@@@Z 00014cf8 f   minwave.obj
 0004:000026d8       ?ProcessResources@CMiniportWaveCyclicHDA@@AAEJPAUIResourceList@@@Z 00014d58 f   minwave.obj
 0004:0000277e       ?ValidateFormat@CMiniportWaveCyclicHDA@@AAEJPATKSDATAFORMAT@@@Z 00014dfe f   minwave.obj
 0004:00002858       ?NonDelegatingQueryInterface@CMiniportWaveCyclicHDA@@UAGJABU_GUID@@PAPAX@Z 00014ed8 f   minwave.obj
 0004:00002906       ??1CMiniportWaveCyclicHDA@@UAE@XZ 00014f86 f   minwave.obj
 0004:0000295a       ?Init@CMiniportWaveCyclicHDA@@UAGJPAUIUnknown@@PAUIResourceList@@PAUIPortWaveCyclic@@@Z 00014fda f   minwave.obj
 0004:00002a02       ?GetDescription@CMiniportWaveCyclicHDA@@UAGJPAPAUPCFILTER_DESCRIPTOR@@@Z 00015082 f   minwave.obj
 0004:00002a12       ?DataRangeIntersection@CMiniportWaveCyclicHDA@@UAGJKPATKSDATAFORMAT@@0KPAXPAK@Z 00015092 f   minwave.obj
 0004:00002c68       ?NewStream@CMiniportWaveCyclicHDA@@UAGJPAPAUIMiniportWaveCyclicStream@@PAUIUnknown@@W4_POOL_TYPE@@KEPATKSDATAFORMAT@@PAPAUIDmaChannel@@PAPAUIServiceGroup@@@Z 000152e8 f   minwave.obj
 0004:00002da8       ?NonDelegatingQueryInterface@CMiniportWaveCyclicStreamHDA@@UAGJABU_GUID@@PAPAX@Z 00015428 f   minwave.obj
 0004:00002e30       ??1CMiniportWaveCyclicStreamHDA@@UAE@XZ 000154b0 f   minwave.obj
 0004:00002e9a       ?Init@CMiniportWaveCyclicStreamHDA@@QAEJPAVCMiniportWaveCyclicHDA@@KEPATKSDATAFORMAT@@PAUIDmaChannel@@@Z 0001551a f   minwave.obj
 0004:00002f20       ?SetNotificationFreq@CMiniportWaveCyclicStreamHDA@@UAGKKPAK@Z 000155a0 f   minwave.obj
 0004:00002f60       ?SetFormat@CMiniportWaveCyclicStreamHDA@@UAGJPATKSDATAFORMAT@@@Z 000155e0 f   minwave.obj
 0004:0000301a       ?SetState@CMiniportWaveCyclicStreamHDA@@UAGJW4KSSTATE@@@Z 0001569a f   minwave.obj
 0005:00000000       _DriverEntry@8             00015700 f   adapter.obj
 0005:00000018       __IMPORT_DESCRIPTOR_ntoskrnl 00015718     ntoskrnl:ntoskrnl.exe
 0005:0000002c       __IMPORT_DESCRIPTOR_HAL    0001572c     hal:HAL.dll
 0005:00000040       __IMPORT_DESCRIPTOR_portcls 00015740     portcls:portcls.sys
 0005:00000054       __NULL_IMPORT_DESCRIPTOR   00015754     ntoskrnl:ntoskrnl.exe

 entry point at        0005:00000000

 Static symbols

 0004:00001e64       ?PropertyHandler_OnOff@@YGJPAU_PCPROPERTY_REQUEST@@@Z 000144e4 f   mintopo.obj
 0004:00002002       ?PropertyHandler_SuperMixCaps@@YGJPAU_PCPROPERTY_REQUEST@@@Z 00014682 f   mintopo.obj
 0004:000021dc       ?PropertyHandler_SuperMixTable@@YGJPAU_PCPROPERTY_REQUEST@@@Z 0001485c f   mintopo.obj
 0004:000024f8       ?PropertyHandler_CpuResources@@YGJPAU_PCPROPERTY_REQUEST@@@Z 00014b78 f   mintopo.obj
 0001:000009fc       ?PropertyHandler_Level@@YGJPAU_PCPROPERTY_REQUEST@@@Z 00010cdc f   mintopo.obj
 0004:00002584       ?BasicSupportHandler@@YGJPAU_PCPROPERTY_REQUEST@@@Z 00014c04 f   mintopo.obj

 115 bytes saved through ICF

