 HDA

 Timestamp is 6939d560 (Wed Dec 10 12:17:36 2025)

 Preferred load address is 00010000

 Start         Length     Name                   Class
 0001:00000000 00001541H .text                   CODE
 0002:00000000 000000b0H .idata$5                DATA
 0002:000000b0 000005a3H .rdata                  DATA
 0003:00000000 00000cc8H .data                   DATA
 0003:00000cc8 00000010H .bss                    DATA
 0004:00000000 000037e5H PAGE                    CODE
 0005:00000000 00000015H INIT                    CODE
 0005:00000018 0000003cH .idata$2                CODE
 0005:00000054 00000014H .idata$3                CODE
 0005:00000068 000000b0H .idata$4                CODE
 0005:00000118 00000390H .idata$6                CODE
 0006:00000000 00000058H .rsrc$01                DATA
 0006:00000060 00000338H .rsrc$02                DATA

  Address         Publics by Value              Rva+Base     Lib:Object

 0001:00000000       ??3@YAXPAX@Z               000102e0 f i common.obj
 0001:0000000c       ?QueryInterface@CAdapterCommon@@UAGJABU_GUID@@PAPAX@Z 000102ec f i common.obj
 0001:00000024       ?AddRef@CAdapterCommon@@UAGKXZ 00010304 f i common.obj
 0001:00000034       ?Release@CAdapterCommon@@UAGKXZ 00010314 f i common.obj
 0001:00000044       ??_ECAdapterCommon@@UAEPAXI@Z 00010324 f i common.obj
 0001:00000044       ??_GCAdapterCommon@@UAEPAXI@Z 00010324 f i common.obj
 0001:00000064       ?hda_check_headphone_connection_change@CAdapterCommon@@QAGXXZ 00010344 f   common.obj
 0001:000000da       ?hda_is_supported_sample_rate@CAdapterCommon@@QAGEK@Z 000103ba f   common.obj
 0001:00000160       ?hda_send_verb@CAdapterCommon@@QAGKKKKK@Z 00010440 f   common.obj
 0001:000002c4       ?ReadController@CAdapterCommon@@UAGEXZ 000105a4 f   common.obj
 0001:000002ca       ?WriteController@CAdapterCommon@@UAGEE@Z 000105aa f   common.obj
 0001:000002d0       ?MixerRegWrite@CAdapterCommon@@UAGXEE@Z 000105b0 f   common.obj
 0001:0000030a       ?MixerRegRead@CAdapterCommon@@UAGEE@Z 000105ea f   common.obj
 0001:00000328       ?MixerReset@CAdapterCommon@@UAGXXZ 00010608 f   common.obj
 0001:0000032c       ?AcknowledgeIRQ@CAdapterCommon@@AAEEXZ 0001060c f   common.obj
 0001:000003a6       ?ResetController@CAdapterCommon@@UAGJXZ 00010686 f   common.obj
 0001:000003c6       ?RestoreMixerSettingsFromRegistry@CAdapterCommon@@UAGJXZ 000106a6 f   common.obj
 0001:00000524       ?SaveMixerSettingsToRegistry@CAdapterCommon@@UAGJXZ 00010804 f   common.obj
 0001:000005e8       ?ProgramSampleRate@CAdapterCommon@@UAGJK@Z 000108c8 f   common.obj
 0001:0000067e       ?PowerChangeState@CAdapterCommon@@UAGXT_POWER_STATE@@@Z 0001095e f   common.obj
 0001:000006dc       ?QueryPowerChangeState@CAdapterCommon@@UAGJT_POWER_STATE@@@Z 000109bc f   common.obj
 0001:000006dc       ?QueryDeviceCapabilities@CAdapterCommon@@UAGJPAU_DEVICE_CAPABILITIES@@@Z 000109bc f   common.obj
 0001:000006e2       ?InterruptServiceRoutine@@YGJPAUIInterruptSync@@PAX@Z 000109c2 f   common.obj
 0001:0000070e       ?hda_stop_stream@CAdapterCommon@@UAGJXZ 000109ee f   common.obj
 0001:00000804       ?hda_start_sound@CAdapterCommon@@UAGXXZ 00010ae4 f   common.obj
 0001:0000082c       ?hda_stop_sound@CAdapterCommon@@UAGXXZ 00010b0c f   common.obj
 0001:00000872       ?hda_get_actual_stream_position@CAdapterCommon@@UAGKXZ 00010b52 f   common.obj
 0001:00000888       ?hda_set_volume@CAdapterCommon@@QAGXKE@Z 00010b68 f   common.obj
 0001:000008de       ?readUCHAR@CAdapterCommon@@QAGEG@Z 00010bbe f   common.obj
 0001:000008f6       ?writeUCHAR@CAdapterCommon@@QAGXGE@Z 00010bd6 f   common.obj
 0001:00000912       ?readUSHORT@CAdapterCommon@@QAGGG@Z 00010bf2 f   common.obj
 0001:0000092a       ?writeUSHORT@CAdapterCommon@@QAGXGG@Z 00010c0a f   common.obj
 0001:00000946       ?readULONG@CAdapterCommon@@QAGKG@Z 00010c26 f   common.obj
 0001:0000095e       ?writeULONG@CAdapterCommon@@QAGXGK@Z 00010c3e f   common.obj
 0001:0000097a       ?hda_showtime@CAdapterCommon@@UAGJPAUIDmaChannel@@@Z 00010c5a f   common.obj
 0001:00000aba       ?hda_return_sound_data_format@CAdapterCommon@@QAGGKKK@Z 00010d9a f   common.obj
 0001:00000b7c       ?ReadWriteConfigSpace@CAdapterCommon@@AAGJPAU_DEVICE_OBJECT@@KPAXKK@Z 00010e5c f   common.obj
 0001:00000c24       ?WriteConfigSpaceByte@CAdapterCommon@@AAGJEEE@Z 00010f04 f   common.obj
 0001:00000c5a       ?WriteConfigSpaceWord@CAdapterCommon@@AAGJEGG@Z 00010f3a f   common.obj
 0001:00000c90       ?QueryInterface@CAdapterCommon@@W3AGJABU_GUID@@PAPAX@Z 00010f70 f i common.obj
 0001:00000c9a       ?AddRef@CAdapterCommon@@W3AGKXZ 00010f7a f i common.obj
 0001:00000ca4       ?Release@CAdapterCommon@@W3AGKXZ 00010f84 f i common.obj
 0001:00000cae       ?QueryInterface@CMiniportTopologyHDA@@UAGJABU_GUID@@PAPAX@Z 00010f8e f i mintopo.obj
 0001:00000cae       ?QueryInterface@CMiniportWaveCyclicHDA@@UAGJABU_GUID@@PAPAX@Z 00010f8e f i mintopo.obj
 0001:00000cae       ?QueryInterface@CMiniportWaveCyclicStreamHDA@@UAGJABU_GUID@@PAPAX@Z 00010f8e f i mintopo.obj
 0001:00000cc6       ?DataRangeIntersection@CMiniportTopologyHDA@@UAGJKPATKSDATAFORMAT@@0KPAXPAK@Z 00010fa6 f i mintopo.obj
 0001:00000cce       ??_GCMiniportTopologyHDA@@UAEPAXI@Z 00010fae f i mintopo.obj
 0001:00000cce       ??_ECMiniportTopologyHDA@@UAEPAXI@Z 00010fae f i mintopo.obj
 0001:000010cc       ?ReadBitsFromMixer@CMiniportTopologyHDA@@AAEEEEE@Z 000113ac f   mintopo.obj
 0001:000010f4       ?WriteBitsToMixer@CMiniportTopologyHDA@@AAEXEEEE@Z 000113d4 f   mintopo.obj
 0001:0000114a       ?AddRef@CMiniportWaveCyclicHDA@@UAGKXZ 0001142a f i minwave.obj
 0001:0000114a       ?AddRef@CMiniportTopologyHDA@@UAGKXZ 0001142a f i minwave.obj
 0001:0000114a       ?AddRef@CMiniportWaveCyclicStreamHDA@@UAGKXZ 0001142a f i minwave.obj
 0001:0000115a       ??_GCMiniportWaveCyclicHDA@@UAEPAXI@Z 0001143a f i minwave.obj
 0001:0000115a       ??_ECMiniportWaveCyclicHDA@@UAEPAXI@Z 0001143a f i minwave.obj
 0001:0000117a       ?Release@CMiniportWaveCyclicHDA@@UAGKXZ 0001145a f i minwave.obj
 0001:0000117a       ?Release@CMiniportWaveCyclicStreamHDA@@UAGKXZ 0001145a f i minwave.obj
 0001:0000117a       ?Release@CMiniportTopologyHDA@@UAGKXZ 0001145a f i minwave.obj
 0001:0000118a       ??_GCMiniportWaveCyclicStreamHDA@@UAEPAXI@Z 0001146a f i minwave.obj
 0001:0000118a       ??_ECMiniportWaveCyclicStreamHDA@@UAEPAXI@Z 0001146a f i minwave.obj
 0001:000011aa       ?GetPosition@CMiniportWaveCyclicStreamHDA@@UAGJPAK@Z 0001148a f   minwave.obj
 0001:0000120c       ?NormalizePhysicalPosition@CMiniportWaveCyclicStreamHDA@@UAGJPA_J@Z 000114ec f   minwave.obj
 0001:00001254       ?Silence@CMiniportWaveCyclicStreamHDA@@UAGXPAXK@Z 00011534 f   minwave.obj
 0001:0000128e       _DbgPrint                  0001156e f   ntoskrnl:ntoskrnl.exe
 0001:00001294       __alldiv                   00011574 f   ntoskrnl:ntoskrnl.exe
 0001:0000129a       __allmul                   0001157a f   ntoskrnl:ntoskrnl.exe
 0001:000012a0       _PcInitializeAdapterDriver@12 00011580 f   portcls:portcls.sys
 0001:000012a6       _PcAddAdapterDevice@20     00011586 f   portcls:portcls.sys
 0001:000012ac       _PcRegisterSubdevice@12    0001158c f   portcls:portcls.sys
 0001:000012b2       _PcNewMiniport@8           00011592 f   portcls:portcls.sys
 0001:000012b8       _PcNewPort@8               00011598 f   portcls:portcls.sys
 0001:000012be       _PcRegisterPhysicalConnection@20 0001159e f   portcls:portcls.sys
 0001:000012c4       _PcRegisterAdapterPowerManagement@8 000115a4 f   portcls:portcls.sys
 0001:000012ca       _PcNewResourceSublist@20   000115aa f   portcls:portcls.sys
 0001:000012d0       _PcNewInterruptSync@20     000115b0 f   portcls:portcls.sys
 0001:000012d6       _PcNewRegistryKey@36       000115b6 f   portcls:portcls.sys
 0001:000012dc       _PcNewServiceGroup@8       000115bc f   portcls:portcls.sys
 0001:000012f0       ??0CUnknown@@QAE@PAUIUnknown@@@Z 000115d0 f   stdunk:stdunk.obj
 0001:00001340       ??_ECUnknown@@UAEPAXI@Z    00011620 f i stdunk:stdunk.obj
 0001:00001340       ??_GCUnknown@@UAEPAXI@Z    00011620 f i stdunk:stdunk.obj
 0001:00001370       ??0INonDelegatingUnknown@@QAE@XZ 00011650 f i stdunk:stdunk.obj
 0001:00001380       ??1CUnknown@@UAE@XZ        00011660 f   stdunk:stdunk.obj
 0001:000013a0       ?NonDelegatingAddRef@CUnknown@@UAGKXZ 00011680 f   stdunk:stdunk.obj
 0001:000013e0       ?NonDelegatingRelease@CUnknown@@UAGKXZ 000116c0 f   stdunk:stdunk.obj
 0001:00001460       ?NonDelegatingQueryInterface@CUnknown@@UAGJABU_GUID@@PAPAX@Z 00011740 f   stdunk:stdunk.obj
 0001:000014d0       _IsEqualGUIDAligned@8      000117b0 f i stdunk:stdunk.obj
 0002:00000000       __imp_@KfAcquireSpinLock@4 00011840     hal:HAL.dll
 0002:00000004       __imp_@KfReleaseSpinLock@8 00011844     hal:HAL.dll
 0002:00000008       __imp__KeStallExecutionProcessor@4 00011848     hal:HAL.dll
 0002:0000000c       \177HAL_NULL_THUNK_DATA    0001184c     hal:HAL.dll
 0002:00000010       __imp__KeInitializeSpinLock@4 00011850     ntoskrnl:ntoskrnl.exe
 0002:00000014       __imp__MmUnmapIoSpace@8    00011854     ntoskrnl:ntoskrnl.exe
 0002:00000018       __imp__READ_REGISTER_ULONG@4 00011858     ntoskrnl:ntoskrnl.exe
 0002:0000001c       __imp__DbgPrint            0001185c     ntoskrnl:ntoskrnl.exe
 0002:00000020       __imp__WRITE_REGISTER_ULONG@8 00011860     ntoskrnl:ntoskrnl.exe
 0002:00000024       __imp__RtlInitUnicodeString@8 00011864     ntoskrnl:ntoskrnl.exe
 0002:00000028       __imp__READ_REGISTER_UCHAR@4 00011868     ntoskrnl:ntoskrnl.exe
 0002:0000002c       __imp__WRITE_REGISTER_UCHAR@8 0001186c     ntoskrnl:ntoskrnl.exe
 0002:00000030       __imp__READ_REGISTER_USHORT@4 00011870     ntoskrnl:ntoskrnl.exe
 0002:00000034       __imp__ExAllocatePoolWithTag@12 00011874     ntoskrnl:ntoskrnl.exe
 0002:00000038       __imp__MmMapIoSpace@16     00011878     ntoskrnl:ntoskrnl.exe
 0002:0000003c       __imp__KeWaitForSingleObject@20 0001187c     ntoskrnl:ntoskrnl.exe
 0002:00000040       __imp_@IofCallDriver@8     00011880     ntoskrnl:ntoskrnl.exe
 0002:00000044       __imp__IoBuildSynchronousFsdRequest@28 00011884     ntoskrnl:ntoskrnl.exe
 0002:00000048       __imp__IoGetAttachedDeviceReference@4 00011888     ntoskrnl:ntoskrnl.exe
 0002:0000004c       __imp__KeInitializeEvent@12 0001188c     ntoskrnl:ntoskrnl.exe
 0002:00000050       __imp__KeInitializeMutex@8 00011890     ntoskrnl:ntoskrnl.exe
 0002:00000054       __imp__KeReleaseMutex@8    00011894     ntoskrnl:ntoskrnl.exe
 0002:00000058       __imp__ExFreePool@4        00011898     ntoskrnl:ntoskrnl.exe
 0002:0000005c       __imp___allmul             0001189c     ntoskrnl:ntoskrnl.exe
 0002:00000060       __imp__IoGetDmaAdapter@12  000118a0     ntoskrnl:ntoskrnl.exe
 0002:00000064       __imp__WRITE_REGISTER_USHORT@8 000118a4     ntoskrnl:ntoskrnl.exe
 0002:00000068       __imp_@ObfDereferenceObject@4 000118a8     ntoskrnl:ntoskrnl.exe
 0002:0000006c       __imp___alldiv             000118ac     ntoskrnl:ntoskrnl.exe
 0002:00000070       __imp__RtlAssert@16        000118b0     ntoskrnl:ntoskrnl.exe
 0002:00000074       __imp_@InterlockedIncrement@4 000118b4     ntoskrnl:ntoskrnl.exe
 0002:00000078       __imp_@InterlockedDecrement@4 000118b8     ntoskrnl:ntoskrnl.exe
 0002:0000007c       \177ntoskrnl_NULL_THUNK_DATA 000118bc     ntoskrnl:ntoskrnl.exe
 0002:00000080       __imp__PcRegisterSubdevice@12 000118c0     portcls:portcls.sys
 0002:00000084       __imp__PcNewPort@8         000118c4     portcls:portcls.sys
 0002:00000088       __imp__PcRegisterPhysicalConnection@20 000118c8     portcls:portcls.sys
 0002:0000008c       __imp__PcAddAdapterDevice@20 000118cc     portcls:portcls.sys
 0002:00000090       __imp__PcNewMiniport@8     000118d0     portcls:portcls.sys
 0002:00000094       __imp__PcNewInterruptSync@20 000118d4     portcls:portcls.sys
 0002:00000098       __imp__PcNewRegistryKey@36 000118d8     portcls:portcls.sys
 0002:0000009c       __imp__PcNewServiceGroup@8 000118dc     portcls:portcls.sys
 0002:000000a0       __imp__PcRegisterAdapterPowerManagement@8 000118e0     portcls:portcls.sys
 0002:000000a4       __imp__PcInitializeAdapterDriver@12 000118e4     portcls:portcls.sys
 0002:000000a8       __imp__PcNewResourceSublist@20 000118e8     portcls:portcls.sys
 0002:000000ac       \177portcls_NULL_THUNK_DATA 000118ec     portcls:portcls.sys
 0002:00000108       _IID_IAdapterCommon        00011948     adapter.obj
 0002:00000118       _CLSID_MiniportDriverFmSynth 00011958     adapter.obj
 0002:00000128       _CLSID_PortWaveCyclic      00011968     adapter.obj
 0002:00000138       _CLSID_PortTopology        00011978     adapter.obj
 0002:00000148       _CLSID_PortMidi            00011988     adapter.obj
 0002:00000158       _IID_IAdapterPowerManagment 00011998     adapter.obj
 0002:00000168       _IID_IMiniportWaveCyclicStream 000119a8     adapter.obj
 0002:00000178       _IID_IMiniportWaveCyclic   000119b8     adapter.obj
 0002:00000188       _IID_IPortWaveCyclic       000119c8     adapter.obj
 0002:00000198       _IID_IMiniportTopology     000119d8     adapter.obj
 0002:000001a8       _IID_IMiniport             000119e8     adapter.obj
 0002:000001b8       _IID_IUnknown              000119f8     adapter.obj
 0002:000001c8       ??_C@_1BE@ENEK@?$AAR?$AAi?$AAg?$AAh?$AAt?$AAB?$AAa?$AAs?$AAs?$AA?$AA@ 00011a08     common.obj
 0002:000001dc       ??_C@_1BC@JMJO@?$AAL?$AAe?$AAf?$AAt?$AAB?$AAa?$AAs?$AAs?$AA?$AA@ 00011a1c     common.obj
 0002:000001f0       ??_C@_1BI@KGAJ@?$AAR?$AAi?$AAg?$AAh?$AAt?$AAT?$AAr?$AAe?$AAb?$AAl?$AAe?$AA?$AA@ 00011a30     common.obj
 0002:00000208       ??_C@_1BG@BGGD@?$AAL?$AAe?$AAf?$AAt?$AAT?$AAr?$AAe?$AAb?$AAl?$AAe?$AA?$AA@ 00011a48     common.obj
 0002:00000220       ??_C@_1O@IECC@?$AAM?$AAi?$AAc?$AAA?$AAG?$AAC?$AA?$AA@ 00011a60     common.obj
 0002:00000230       ??_C@_1CA@EJHI@?$AAR?$AAi?$AAg?$AAh?$AAt?$AAO?$AAu?$AAt?$AAp?$AAu?$AAt?$AAG?$AAa?$AAi?$AAn?$AA?$AA@ 00011a70     common.obj
 0002:00000250       ??_C@_1BO@PPLI@?$AAL?$AAe?$AAf?$AAt?$AAO?$AAu?$AAt?$AAp?$AAu?$AAt?$AAG?$AAa?$AAi?$AAn?$AA?$AA@ 00011a90     common.obj
 0002:00000270       ??_C@_1BO@PMCJ@?$AAR?$AAi?$AAg?$AAh?$AAt?$AAI?$AAn?$AAp?$AAu?$AAt?$AAG?$AAa?$AAi?$AAn?$AA?$AA@ 00011ab0     common.obj
 0002:00000290       ??_C@_1BM@CFEM@?$AAL?$AAe?$AAf?$AAt?$AAI?$AAn?$AAp?$AAu?$AAt?$AAG?$AAa?$AAi?$AAn?$AA?$AA@ 00011ad0     common.obj
 0002:000002ac       ??_C@_1CA@CIKM@?$AAR?$AAi?$AAg?$AAh?$AAt?$AAI?$AAn?$AAp?$AAu?$AAt?$AAM?$AAi?$AAx?$AAe?$AAr?$AA?$AA@ 00011aec     common.obj
 0002:000002cc       ??_C@_1BO@JOGM@?$AAL?$AAe?$AAf?$AAt?$AAI?$AAn?$AAp?$AAu?$AAt?$AAM?$AAi?$AAx?$AAe?$AAr?$AA?$AA@ 00011b0c     common.obj
 0002:000002ec       ??_C@_1BI@BMOJ@?$AAO?$AAu?$AAt?$AAp?$AAu?$AAt?$AAM?$AAi?$AAx?$AAe?$AAr?$AA?$AA@ 00011b2c     common.obj
 0002:00000304       ??_C@_1BE@GLOL@?$AAP?$AAc?$AAS?$AAp?$AAk?$AAr?$AAV?$AAo?$AAl?$AA?$AA@ 00011b44     common.obj
 0002:00000318       ??_C@_1O@MNBB@?$AAM?$AAi?$AAc?$AAV?$AAo?$AAl?$AA?$AA@ 00011b58     common.obj
 0002:00000328       ??_C@_1BO@HCKE@?$AAR?$AAi?$AAg?$AAh?$AAt?$AAL?$AAi?$AAn?$AAe?$AAI?$AAn?$AAV?$AAo?$AAl?$AA?$AA@ 00011b68     common.obj
 0002:00000348       ??_C@_1BM@KLMB@?$AAL?$AAe?$AAf?$AAt?$AAL?$AAi?$AAn?$AAe?$AAI?$AAn?$AAV?$AAo?$AAl?$AA?$AA@ 00011b88     common.obj
 0002:00000364       ??_C@_1BG@COJL@?$AAR?$AAi?$AAg?$AAh?$AAt?$AAC?$AAD?$AAV?$AAo?$AAl?$AA?$AA@ 00011ba4     common.obj
 0002:0000037c       ??_C@_1BE@KMKA@?$AAL?$AAe?$AAf?$AAt?$AAC?$AAD?$AAV?$AAo?$AAl?$AA?$AA@ 00011bbc     common.obj
 0002:00000390       ??_C@_1BK@JCIM@?$AAR?$AAi?$AAg?$AAh?$AAt?$AAM?$AAi?$AAd?$AAi?$AAV?$AAo?$AAl?$AA?$AA@ 00011bd0     common.obj
 0002:000003ac       ??_C@_1BI@KBIJ@?$AAL?$AAe?$AAf?$AAt?$AAM?$AAi?$AAd?$AAi?$AAV?$AAo?$AAl?$AA?$AA@ 00011bec     common.obj
 0002:000003c4       ??_C@_1BK@MFCG@?$AAR?$AAi?$AAg?$AAh?$AAt?$AAW?$AAa?$AAv?$AAe?$AAV?$AAo?$AAl?$AA?$AA@ 00011c04     common.obj
 0002:000003e0       ??_C@_1BI@PGCD@?$AAL?$AAe?$AAf?$AAt?$AAW?$AAa?$AAv?$AAe?$AAV?$AAo?$AAl?$AA?$AA@ 00011c20     common.obj
 0002:000003f8       ??_C@_1BO@NHA@?$AAR?$AAi?$AAg?$AAh?$AAt?$AAM?$AAa?$AAs?$AAt?$AAe?$AAr?$AAV?$AAo?$AAl?$AA?$AA@ 00011c38     common.obj
 0002:00000418       ??_C@_1BM@NEBF@?$AAL?$AAe?$AAf?$AAt?$AAM?$AAa?$AAs?$AAt?$AAe?$AAr?$AAV?$AAo?$AAl?$AA?$AA@ 00011c58     common.obj
 0002:00000434       ??_7CAdapterCommon@@6BIAdapterPowerManagement@@@ 00011c74     common.obj
 0002:0000044c       ??_7CAdapterCommon@@6BIAdapterCommon@@@ 00011c8c     common.obj
 0002:000004a4       ??_7CAdapterCommon@@6BCUnknown@@@ 00011ce4     common.obj
 0002:00000580       ??_7CMiniportTopologyHDA@@6BIMiniportTopology@@@ 00011dc0     mintopo.obj
 0002:00000598       ??_7CMiniportTopologyHDA@@6BCUnknown@@@ 00011dd8     mintopo.obj
 0002:000005a8       ??_7CMiniportWaveCyclicHDA@@6BIMiniportWaveCyclic@@@ 00011de8     minwave.obj
 0002:000005c4       ??_7CMiniportWaveCyclicHDA@@6BCUnknown@@@ 00011e04     minwave.obj
 0002:000005d4       ??_7CMiniportWaveCyclicStreamHDA@@6BIMiniportWaveCyclicStream@@@ 00011e14     minwave.obj
 0002:000005f8       ??_7CMiniportWaveCyclicStreamHDA@@6BCUnknown@@@ 00011e38     minwave.obj
 0002:00000608       ??_7CUnknown@@6B@          00011e48     stdunk:stdunk.obj
 0002:00000618       ??_C@_0BB@CHNF@m_lRefCount?5?$DO?$DN?50?$AA@ 00011e58     stdunk:stdunk.obj
 0002:0000062c       ??_C@_0N@DIKJ@?4?2stdunk?4cpp?$AA@ 00011e6c     stdunk:stdunk.obj
 0002:0000063c       ??_C@_0BA@HPDB@m_lRefCount?5?$DO?50?$AA@ 00011e7c     stdunk:stdunk.obj
 0002:0000064c       ??_C@_06DPDC@ppVoid?$AA@   00011e8c     stdunk:stdunk.obj
 0003:00000000       __GUID_b7902fe9_fb0a_11d1_81b0_0060083316c1 00011ea0     adapter.obj
 0003:00000010       __GUID_d3f0ce1c_fffc_11d1_81b0_0060083316c1 00011eb0     adapter.obj
 0003:00000020       __GUID_c096df9c_fb09_11d1_81b0_0060083316c1 00011ec0     adapter.obj
 0003:000000f0       ?audBufSize@@3KA           00011f90     common.obj
 0003:000000f4       ?BdlSize@@3KA              00011f94     common.obj
 0003:000007f0       __GUID_185fedf6_9905_11d1_95a9_00c04fb925d3 00012690     mintopo.obj
 0003:00000800       __GUID_185fedef_9905_11d1_95a9_00c04fb925d3 000126a0     mintopo.obj
 0003:00000810       __GUID_185fede1_9905_11d1_95a9_00c04fb925d3 000126b0     mintopo.obj
 0003:00000820       __GUID_185fede0_9905_11d1_95a9_00c04fb925d3 000126c0     mintopo.obj
 0003:00000830       __GUID_7607e580_c557_11d0_8a2b_00a0c9255ac1 000126d0     mintopo.obj
 0003:00000840       __GUID_185fede3_9905_11d1_95a9_00c04fb925d3 000126e0     mintopo.obj
 0003:00000850       __GUID_da441a60_c556_11d0_8a2b_00a0c9255ac1 000126f0     mintopo.obj
 0003:00000860       __GUID_185fedee_9905_11d1_95a9_00c04fb925d3 00012700     mintopo.obj
 0003:00000870       __GUID_02b223c0_c557_11d0_8a2b_00a0c9255ac1 00012710     mintopo.obj
 0003:00000880       __GUID_185feded_9905_11d1_95a9_00c04fb925d3 00012720     mintopo.obj
 0003:00000890       __GUID_e88c9ba0_c557_11d0_8a2b_00a0c9255ac1 00012730     mintopo.obj
 0003:000008a0       __GUID_185fedec_9905_11d1_95a9_00c04fb925d3 00012740     mintopo.obj
 0003:000008b0       __GUID_185fedeb_9905_11d1_95a9_00c04fb925d3 00012750     mintopo.obj
 0003:000008c0       __GUID_185fedea_9905_11d1_95a9_00c04fb925d3 00012760     mintopo.obj
 0003:000008d0       __GUID_185fede9_9905_11d1_95a9_00c04fb925d3 00012770     mintopo.obj
 0003:000008e0       __GUID_185fede8_9905_11d1_95a9_00c04fb925d3 00012780     mintopo.obj
 0003:000008f0       __GUID_e573adc0_c555_11d0_8a2b_00a0c9255ac1 00012790     mintopo.obj
 0003:00000900       __GUID_185fede7_9905_11d1_95a9_00c04fb925d3 000127a0     mintopo.obj
 0003:00000910       __GUID_185fede5_9905_11d1_95a9_00c04fb925d3 000127b0     mintopo.obj
 0003:00000920       __GUID_3a5acc00_c557_11d0_8a2b_00a0c9255ac1 000127c0     mintopo.obj
 0003:00000930       __GUID_45ffaaa0_6e1b_11d0_bcf2_444553540000 000127d0     mintopo.obj
 0003:00000940       __GUID_6994ad04_93ef_11d0_a3cc_00a0c9223196 000127e0     mintopo.obj
 0003:00000950       __GUID_185fedf7_9905_11d1_95a9_00c04fb925d3 000127f0     mintopo.obj
 0003:00000960       __GUID_dff21ce1_f70f_11d0_b917_00a0c9223196 00012800     mintopo.obj
 0003:00000970       __GUID_dff21be1_f70f_11d0_b917_00a0c9223196 00012810     mintopo.obj
 0003:00000980       __GUID_185fedf9_9905_11d1_95a9_00c04fb925d3 00012820     mintopo.obj
 0003:00000990       __GUID_dff21fe3_f70f_11d0_b917_00a0c9223196 00012830     mintopo.obj
 0003:000009a0       __GUID_185fedfb_9905_11d1_95a9_00c04fb925d3 00012840     mintopo.obj
 0003:000009b0       __GUID_dff220e3_f70f_11d0_b917_00a0c9223196 00012850     mintopo.obj
 0003:000009c0       __GUID_185fedf8_9905_11d1_95a9_00c04fb925d3 00012860     mintopo.obj
 0003:000009d0       __GUID_dff220f3_f70f_11d0_b917_00a0c9223196 00012870     mintopo.obj
 0003:000009e0       __GUID_dff21fe4_f70f_11d0_b917_00a0c9223196 00012880     mintopo.obj
 0003:000009f0       __GUID_97e99ba0_bdea_11cf_a5d6_28db04c10000 00012890     mintopo.obj
 0003:00000c38       __GUID_507ae360_c554_11d0_8a2b_00a0c9255ac1 00012ad8     minwave.obj
 0003:00000c48       __GUID_4d837fe0_c555_11d0_8a2b_00a0c9255ac1 00012ae8     minwave.obj
 0003:00000c58       __GUID_185fedfa_9905_11d1_95a9_00c04fb925d3 00012af8     minwave.obj
 0003:00000c68       __GUID_fb6c4281_0353_11d1_905f_0000c0cc16ba 00012b08     minwave.obj
 0003:00000c78       __GUID_05589f81_c356_11ce_bf01_00aa0055595a 00012b18     minwave.obj
 0003:00000c88       __GUID_00000001_0000_0010_8000_00aa00389b71 00012b28     minwave.obj
 0003:00000c98       __GUID_73647561_0000_0010_8000_00aa00389b71 00012b38     minwave.obj
 0003:00000ca8       __GUID_0f6417d6_c318_11d0_a43f_00a0c9223196 00012b48     minwave.obj
 0003:00000cb8       __GUID_518590a2_a184_11d0_8522_00c04fd9baf3 00012b58     minwave.obj
 0003:00000cc8       __GUID_00000000_0000_0000_0000_000000000000 00012b68     adapter.obj
 0004:00000000       _AddDevice@8               00012b80 f   adapter.obj
 0004:0000001a       ?InstallSubdevice@@YGJPAU_DEVICE_OBJECT@@PAU_IRP@@PAGABU_GUID@@3P6GJPAPAUIUnknown@@3PAU4@W4_POOL_TYPE@@@Z5PAUIResourceList@@344@Z 00012b9a f   adapter.obj
 0004:00000120       ?StartDevice@@YGJPAU_DEVICE_OBJECT@@PAU_IRP@@PAUIResourceList@@@Z 00012ca0 f   adapter.obj
 0004:0000036e       ?AssignResources@@YGJPAUIResourceList@@PAPAU1@11111@Z 00012eee f   adapter.obj
 0004:00000624       ?NewAdapterCommon@@YGJPAPAUIUnknown@@ABU_GUID@@PAU1@W4_POOL_TYPE@@@Z 000131a4 f   common.obj
 0004:00000895       ?Init@CAdapterCommon@@UAGJPAUIResourceList@@PAU_DEVICE_OBJECT@@@Z 00013415 f   common.obj
 0004:00000fb8       ??1CAdapterCommon@@UAE@XZ  00013b38 f   common.obj
 0004:0000110c       ?NonDelegatingQueryInterface@CAdapterCommon@@UAGJABU_GUID@@PAPAX@Z 00013c8c f   common.obj
 0004:000011cc       ?WavePortDriverDest@CAdapterCommon@@UAGPAPAUIUnknown@@XZ 00013d4c f   common.obj
 0004:000011d8       ?GetInterruptSync@CAdapterCommon@@UAGPAUIInterruptSync@@XZ 00013d58 f   common.obj
 0004:000011e6       ?MidiPortDriverDest@CAdapterCommon@@UAGPAPAUIUnknown@@XZ 00013d66 f   common.obj
 0004:000011f2       ?SetWaveServiceGroup@CAdapterCommon@@UAGXPAUIServiceGroup@@@Z 00013d72 f   common.obj
 0004:00001222       ?InitHDA@CAdapterCommon@@QAGJXZ 00013da2 f   common.obj
 0004:000015dc       ?InitializeCodec@CAdapterCommon@@QAGJE@Z 0001415c f   common.obj
 0004:000018db       ?hda_initialize_audio_function_group@CAdapterCommon@@QAGXKK@Z 0001445b f   common.obj
 0004:00001dba       ?hda_get_node_type@CAdapterCommon@@QAGEKK@Z 0001493a f   common.obj
 0004:00001ddc       ?hda_get_node_connection_entries@CAdapterCommon@@QAGKKKK@Z 0001495c f   common.obj
 0004:00001e62       ?hda_set_node_gain@CAdapterCommon@@QAGXKKKKKE@Z 000149e2 f   common.obj
 0004:00001ecc       ?hda_enable_pin_output@CAdapterCommon@@QAGXKK@Z 00014a4c f   common.obj
 0004:00001efe       ?hda_disable_pin_output@CAdapterCommon@@QAGXKK@Z 00014a7e f   common.obj
 0004:00001f30       ?hda_is_headphone_connected@CAdapterCommon@@QAGHXZ 00014ab0 f   common.obj
 0004:00001f6c       ?hda_initialize_output_pin@CAdapterCommon@@QAGXK@Z 00014aec f   common.obj
 0004:000020e2       ?hda_initalize_audio_output@CAdapterCommon@@QAGXK@Z 00014c62 f   common.obj
 0004:0000220a       ?hda_initalize_audio_mixer@CAdapterCommon@@QAGXK@Z 00014d8a f   common.obj
 0004:00002304       ?hda_initalize_audio_selector@CAdapterCommon@@QAGXK@Z 00014e84 f   common.obj
 0004:00002428       ?CreateMiniportTopologyHDA@@YGJPAPAUIUnknown@@ABU_GUID@@PAU1@W4_POOL_TYPE@@@Z 00014fa8 f   mintopo.obj
 0004:00002488       ?ProcessResources@CMiniportTopologyHDA@@AAEJPAUIResourceList@@@Z 00015008 f   mintopo.obj
 0004:000024ac       ?NonDelegatingQueryInterface@CMiniportTopologyHDA@@UAGJABU_GUID@@PAPAX@Z 0001502c f   mintopo.obj
 0004:0000255a       ??1CMiniportTopologyHDA@@UAE@XZ 000150da f   mintopo.obj
 0004:0000259e       ?Init@CMiniportTopologyHDA@@UAGJPAUIUnknown@@PAUIResourceList@@PAUIPortTopology@@@Z 0001511e f   mintopo.obj
 0004:00002600       ?GetDescription@CMiniportTopologyHDA@@UAGJPAPAUPCFILTER_DESCRIPTOR@@@Z 00015180 f   mintopo.obj
 0004:00002e24       ?CreateMiniportWaveCyclicHDA@@YGJPAPAUIUnknown@@ABU_GUID@@PAU1@W4_POOL_TYPE@@@Z 000159a4 f   minwave.obj
 0004:00002e84       ?ProcessResources@CMiniportWaveCyclicHDA@@AAEJPAUIResourceList@@@Z 00015a04 f   minwave.obj
 0004:00002f2a       ?ValidateFormat@CMiniportWaveCyclicHDA@@AAEJPATKSDATAFORMAT@@@Z 00015aaa f   minwave.obj
 0004:00003006       ?NonDelegatingQueryInterface@CMiniportWaveCyclicHDA@@UAGJABU_GUID@@PAPAX@Z 00015b86 f   minwave.obj
 0004:000030b4       ??1CMiniportWaveCyclicHDA@@UAE@XZ 00015c34 f   minwave.obj
 0004:00003108       ?Init@CMiniportWaveCyclicHDA@@UAGJPAUIUnknown@@PAUIResourceList@@PAUIPortWaveCyclic@@@Z 00015c88 f   minwave.obj
 0004:000031b0       ?GetDescription@CMiniportWaveCyclicHDA@@UAGJPAPAUPCFILTER_DESCRIPTOR@@@Z 00015d30 f   minwave.obj
 0004:000031c0       ?DataRangeIntersection@CMiniportWaveCyclicHDA@@UAGJKPATKSDATAFORMAT@@0KPAXPAK@Z 00015d40 f   minwave.obj
 0004:00003416       ?NewStream@CMiniportWaveCyclicHDA@@UAGJPAPAUIMiniportWaveCyclicStream@@PAUIUnknown@@W4_POOL_TYPE@@KEPATKSDATAFORMAT@@PAPAUIDmaChannel@@PAPAUIServiceGroup@@@Z 00015f96 f   minwave.obj
 0004:00003556       ?NonDelegatingQueryInterface@CMiniportWaveCyclicStreamHDA@@UAGJABU_GUID@@PAPAX@Z 000160d6 f   minwave.obj
 0004:000035de       ??1CMiniportWaveCyclicStreamHDA@@UAE@XZ 0001615e f   minwave.obj
 0004:00003648       ?Init@CMiniportWaveCyclicStreamHDA@@QAEJPAVCMiniportWaveCyclicHDA@@KEPATKSDATAFORMAT@@PAUIDmaChannel@@@Z 000161c8 f   minwave.obj
 0004:000036ce       ?SetNotificationFreq@CMiniportWaveCyclicStreamHDA@@UAGKKPAK@Z 0001624e f   minwave.obj
 0004:0000370e       ?SetFormat@CMiniportWaveCyclicStreamHDA@@UAGJPATKSDATAFORMAT@@@Z 0001628e f   minwave.obj
 0004:0000379a       ?SetState@CMiniportWaveCyclicStreamHDA@@UAGJW4KSSTATE@@@Z 0001631a f   minwave.obj
 0005:00000000       _DriverEntry@8             00016380 f   adapter.obj
 0005:00000018       __IMPORT_DESCRIPTOR_ntoskrnl 00016398     ntoskrnl:ntoskrnl.exe
 0005:0000002c       __IMPORT_DESCRIPTOR_HAL    000163ac     hal:HAL.dll
 0005:00000040       __IMPORT_DESCRIPTOR_portcls 000163c0     portcls:portcls.sys
 0005:00000054       __NULL_IMPORT_DESCRIPTOR   000163d4     ntoskrnl:ntoskrnl.exe

 entry point at        0005:00000000

 Static symbols

 0004:00002610       ?PropertyHandler_OnOff@@YGJPAU_PCPROPERTY_REQUEST@@@Z 00015190 f   mintopo.obj
 0004:000027ae       ?PropertyHandler_SuperMixCaps@@YGJPAU_PCPROPERTY_REQUEST@@@Z 0001532e f   mintopo.obj
 0004:00002988       ?PropertyHandler_SuperMixTable@@YGJPAU_PCPROPERTY_REQUEST@@@Z 00015508 f   mintopo.obj
 0004:00002ca4       ?PropertyHandler_CpuResources@@YGJPAU_PCPROPERTY_REQUEST@@@Z 00015824 f   mintopo.obj
 0001:00000cee       ?PropertyHandler_Level@@YGJPAU_PCPROPERTY_REQUEST@@@Z 00010fce f   mintopo.obj
 0004:00002d30       ?BasicSupportHandler@@YGJPAU_PCPROPERTY_REQUEST@@@Z 000158b0 f   mintopo.obj

 115 bytes saved through ICF

