 HDA

 Timestamp is 69a21ce1 (Fri Feb 27 14:38:25 2026)

 Preferred load address is 00010000

 Start         Length     Name                   Class
 0001:00000000 00002894H .text                   CODE
 0002:00000000 000000acH .idata$5                DATA
 0002:000000b0 00000664H .rdata                  DATA
 0003:00000000 00000d10H .data                   DATA
 0003:00000d10 00000016H .bss                    DATA
 0004:00000000 00002ef5H PAGE                    CODE
 0005:00000000 00000015H INIT                    CODE
 0005:00000018 0000003cH .idata$2                CODE
 0005:00000054 00000014H .idata$3                CODE
 0005:00000068 000000acH .idata$4                CODE
 0005:00000114 00000384H .idata$6                CODE
 0006:00000000 00000058H .rsrc$01                DATA
 0006:00000060 000003d8H .rsrc$02                DATA

  Address         Publics by Value              Rva+Base     Lib:Object

 0001:00000000       ?QueryInterface@CAdapterCommon@@UAGJABU_GUID@@PAPAX@Z 000102e0 f i common.obj
 0001:00000018       ?AddRef@CAdapterCommon@@UAGKXZ 000102f8 f i common.obj
 0001:00000028       ?Release@CAdapterCommon@@UAGKXZ 00010308 f i common.obj
 0001:00000038       ??_ECAdapterCommon@@UAEPAXI@Z 00010318 f i common.obj
 0001:00000038       ??_GCAdapterCommon@@UAEPAXI@Z 00010318 f i common.obj
 0001:00000058       ?hda_is_supported_sample_rate@CAdapterCommon@@UAGEK@Z 00010338 f   common.obj
 0001:000000a4       ?hda_send_verb@CAdapterCommon@@UAGKKKKK@Z 00010384 f   common.obj
 0001:00000208       ?ReadController@CAdapterCommon@@UAGEXZ 000104e8 f   common.obj
 0001:0000020e       ?WriteController@CAdapterCommon@@UAGEE@Z 000104ee f   common.obj
 0001:00000214       ?MixerRegWrite@CAdapterCommon@@UAGXEE@Z 000104f4 f   common.obj
 0001:00000260       ?MixerRegRead@CAdapterCommon@@UAGEE@Z 00010540 f   common.obj
 0001:0000027e       ?MixerReset@CAdapterCommon@@UAGXXZ 0001055e f   common.obj
 0001:0000028c       ?AcknowledgeIRQ@CAdapterCommon@@AAE?AW4_HDA_INTERRUPT_TYPE@@XZ 0001056c f   common.obj
 0001:000003a0       ?ResetController@CAdapterCommon@@UAGJXZ 00010680 f   common.obj
 0001:000003c8       ?RestoreMixerSettingsFromRegistry@CAdapterCommon@@UAGJXZ 000106a8 f   common.obj
 0001:00000526       ?SaveMixerSettingsToRegistry@CAdapterCommon@@UAGJXZ 00010806 f   common.obj
 0001:00000622       ?ProgramSampleRate@CAdapterCommon@@UAGJK@Z 00010902 f   common.obj
 0001:00000682       ?PowerChangeState@CAdapterCommon@@UAGXT_POWER_STATE@@@Z 00010962 f   common.obj
 0001:000006e0       ?QueryDeviceCapabilities@CAdapterCommon@@UAGJPAU_DEVICE_CAPABILITIES@@@Z 000109c0 f   common.obj
 0001:000006e0       ?QueryPowerChangeState@CAdapterCommon@@UAGJT_POWER_STATE@@@Z 000109c0 f   common.obj
 0001:000006e6       ?InterruptServiceRoutine@@YGJPAUIInterruptSync@@PAX@Z 000109c6 f   common.obj
 0001:0000071e       ?hda_stop_stream@CAdapterCommon@@UAGJXZ 000109fe f   common.obj
 0001:00000814       ?hda_start_sound@CAdapterCommon@@UAGXXZ 00010af4 f   common.obj
 0001:00000852       ?hda_stop_sound@CAdapterCommon@@UAGXXZ 00010b32 f   common.obj
 0001:00000898       ?hda_get_actual_stream_position@CAdapterCommon@@UAGKXZ 00010b78 f   common.obj
 0001:00000902       ?hda_set_volume@CAdapterCommon@@QAGXKE@Z 00010be2 f   common.obj
 0001:00000942       ?readUCHAR@CAdapterCommon@@QAGEG@Z 00010c22 f   common.obj
 0001:0000095a       ?writeUCHAR@CAdapterCommon@@QAGXGE@Z 00010c3a f   common.obj
 0001:00000976       ?readUSHORT@CAdapterCommon@@QAGGG@Z 00010c56 f   common.obj
 0001:0000098e       ?writeUSHORT@CAdapterCommon@@QAGXGG@Z 00010c6e f   common.obj
 0001:000009aa       ?readULONG@CAdapterCommon@@QAGKG@Z 00010c8a f   common.obj
 0001:000009c2       ?writeULONG@CAdapterCommon@@QAGXGK@Z 00010ca2 f   common.obj
 0001:000009de       ?hda_showtime@CAdapterCommon@@UAGJPAUIDmaChannel@@@Z 00010cbe f   common.obj
 0001:00000b1e       ?ReadWriteConfigSpace@CAdapterCommon@@AAGJPAU_DEVICE_OBJECT@@KPAXKK@Z 00010dfe f   common.obj
 0001:00000bc6       ?WriteConfigSpaceByte@CAdapterCommon@@AAGJEEE@Z 00010ea6 f   common.obj
 0001:00000bfc       ?WriteConfigSpaceWord@CAdapterCommon@@AAGJEGG@Z 00010edc f   common.obj
 0001:00000c32       ?QueryInterface@CAdapterCommon@@W3AGJABU_GUID@@PAPAX@Z 00010f12 f i common.obj
 0001:00000c3c       ?AddRef@CAdapterCommon@@W3AGKXZ 00010f1c f i common.obj
 0001:00000c46       ?Release@CAdapterCommon@@W3AGKXZ 00010f26 f i common.obj
 0001:00000c50       ??0HDA_Codec@@QAE@EEEPAUIAdapterCommon@@@Z 00010f30 f   codec.obj
 0001:00000c96       ??1HDA_Codec@@QAE@XZ       00010f76 f   codec.obj
 0001:00000cba       ?InitializeCodec@HDA_Codec@@QAGJXZ 00010f9a f   codec.obj
 0001:0000112c       ?hda_initialize_audio_function_group@HDA_Codec@@QAGJK@Z 0001140c f   codec.obj
 0001:000017e2       ?hda_get_node_type@HDA_Codec@@QAGEK@Z 00011ac2 f   codec.obj
 0001:00001800       ?hda_get_node_connection_entries@HDA_Codec@@QAGKKK@Z 00011ae0 f   codec.obj
 0001:0000187e       ?hda_enable_pin_output@HDA_Codec@@QAGXK@Z 00011b5e f   codec.obj
 0001:000018aa       ?hda_disable_pin_output@HDA_Codec@@QAGXK@Z 00011b8a f   codec.obj
 0001:000018d6       ?hda_is_headphone_connected@HDA_Codec@@QAGEXZ 00011bb6 f   codec.obj
 0001:00001908       ?hda_initialize_output_pin@HDA_Codec@@QAGXKAAUHDA_NODE_PATH@@@Z 00011be8 f   codec.obj
 0001:00001a10       ?hda_initialize_audio_output@HDA_Codec@@QAGXKAAUHDA_NODE_PATH@@@Z 00011cf0 f   codec.obj
 0001:00001adc       ?hda_initialize_audio_mixer@HDA_Codec@@QAGXKAAUHDA_NODE_PATH@@@Z 00011dbc f   codec.obj
 0001:00001b96       ?hda_initialize_audio_selector@HDA_Codec@@QAGXKAAUHDA_NODE_PATH@@@Z 00011e76 f   codec.obj
 0001:00001c6e       ?ProgramSampleRate@HDA_Codec@@QAGJK@Z 00011f4e f   codec.obj
 0001:00001cfe       ?hda_check_headphone_connection_change@HDA_Codec@@QAGXXZ 00011fde f   codec.obj
 0001:00001d5a       ?hda_is_supported_sample_rate@HDA_Codec@@QAGEK@Z 0001203a f   codec.obj
 0001:00001df8       ?hda_set_volume@HDA_Codec@@QAGXKE@Z 000120d8 f   codec.obj
 0001:00001e2e       ?hda_set_node_gain@HDA_Codec@@QAGXKKKKE@Z 0001210e f   codec.obj
 0001:00001e96       ?hda_send_verb@HDA_Codec@@QAGJKKK@Z 00012176 f   codec.obj
 0001:00001eb6       ?hda_return_sound_data_format@HDA_Codec@@QAGGKKK@Z 00012196 f   codec.obj
 0001:00001eb6       ?hda_return_sound_data_format@CAdapterCommon@@QAGGKKK@Z 00012196 f   codec.obj
 0001:00001f78       ?DataRangeIntersection@CMiniportTopologyHDA@@UAGJKPATKSDATAFORMAT@@0KPAXPAK@Z 00012258 f i mintopo.obj
 0001:00001f80       ??_ECMiniportTopologyHDA@@UAEPAXI@Z 00012260 f i mintopo.obj
 0001:00001f80       ??_GCMiniportTopologyHDA@@UAEPAXI@Z 00012260 f i mintopo.obj
 0001:0000237e       ?ReadBitsFromMixer@CMiniportTopologyHDA@@AAEEEEE@Z 0001265e f   mintopo.obj
 0001:000023a6       ?WriteBitsToMixer@CMiniportTopologyHDA@@AAEXEEEE@Z 00012686 f   mintopo.obj
 0001:000023fc       ?QueryInterface@CMiniportWaveCyclicStreamHDA@@UAGJABU_GUID@@PAPAX@Z 000126dc f i minwave.obj
 0001:000023fc       ?QueryInterface@CMiniportTopologyHDA@@UAGJABU_GUID@@PAPAX@Z 000126dc f i minwave.obj
 0001:000023fc       ?QueryInterface@CMiniportWaveCyclicHDA@@UAGJABU_GUID@@PAPAX@Z 000126dc f i minwave.obj
 0001:00002414       ?AddRef@CMiniportTopologyHDA@@UAGKXZ 000126f4 f i minwave.obj
 0001:00002414       ?AddRef@CMiniportWaveCyclicStreamHDA@@UAGKXZ 000126f4 f i minwave.obj
 0001:00002414       ?AddRef@CMiniportWaveCyclicHDA@@UAGKXZ 000126f4 f i minwave.obj
 0001:00002424       ?Release@CMiniportTopologyHDA@@UAGKXZ 00012704 f i minwave.obj
 0001:00002424       ?Release@CMiniportWaveCyclicStreamHDA@@UAGKXZ 00012704 f i minwave.obj
 0001:00002424       ?Release@CMiniportWaveCyclicHDA@@UAGKXZ 00012704 f i minwave.obj
 0001:00002434       ??_ECMiniportWaveCyclicHDA@@UAEPAXI@Z 00012714 f i minwave.obj
 0001:00002434       ??_GCMiniportWaveCyclicHDA@@UAEPAXI@Z 00012714 f i minwave.obj
 0001:00002454       ??0CMyDmaChannel@@QAE@PAUIDmaChannel@@@Z 00012734 f i minwave.obj
 0001:0000247c       ?QueryInterface@CMyDmaChannel@@UAGJABU_GUID@@PAPAX@Z 0001275c f i minwave.obj
 0001:000024cc       ?AddRef@CMyDmaChannel@@UAGKXZ 000127ac f i minwave.obj
 0001:000024dc       ?Release@CMyDmaChannel@@UAGKXZ 000127bc f i minwave.obj
 0001:00002508       ?AllocateBuffer@CMyDmaChannel@@UAGJKPAT_LARGE_INTEGER@@@Z 000127e8 f i minwave.obj
 0001:00002562       ?FreeBuffer@CMyDmaChannel@@UAGXXZ 00012842 f i minwave.obj
 0001:0000258e       ?SystemAddress@CMyDmaChannel@@UAGPAXXZ 0001286e f i minwave.obj
 0001:000025aa       ?CopyFrom@CMyDmaChannel@@UAGXPAX0K@Z 0001288a f i minwave.obj
 0001:000025aa       ?CopyTo@CMyDmaChannel@@UAGXPAX0K@Z 0001288a f i minwave.obj
 0001:000025cc       ?TransferCount@CMyDmaChannel@@UAGKXZ 000128ac f i minwave.obj
 0001:000025dc       ?MaximumBufferSize@CMyDmaChannel@@UAGKXZ 000128bc f i minwave.obj
 0001:000025ec       ?AllocatedBufferSize@CMyDmaChannel@@UAGKXZ 000128cc f i minwave.obj
 0001:000025fc       ?BufferSize@CMyDmaChannel@@UAGKXZ 000128dc f i minwave.obj
 0001:0000260c       ?SetBufferSize@CMyDmaChannel@@UAGXK@Z 000128ec f i minwave.obj
 0001:00002620       ?PhysicalAddress@CMyDmaChannel@@UAG?AT_LARGE_INTEGER@@XZ 00012900 f i minwave.obj
 0001:00002648       ?GetAdapterObject@CMyDmaChannel@@UAGPAU_DMA_ADAPTER@@XZ 00012928 f i minwave.obj
 0001:00002658       ??_GCMiniportWaveCyclicStreamHDA@@UAEPAXI@Z 00012938 f i minwave.obj
 0001:00002658       ??_ECMiniportWaveCyclicStreamHDA@@UAEPAXI@Z 00012938 f i minwave.obj
 0001:00002678       ?GetPosition@CMiniportWaveCyclicStreamHDA@@UAGJPAK@Z 00012958 f   minwave.obj
 0001:000026da       ?NormalizePhysicalPosition@CMiniportWaveCyclicStreamHDA@@UAGJPA_J@Z 000129ba f   minwave.obj
 0001:00002722       ?Silence@CMiniportWaveCyclicStreamHDA@@UAGXPAXK@Z 00012a02 f   minwave.obj
 0001:0000275c       _DbgPrint                  00012a3c f   ntoskrnl:ntoskrnl.exe
 0001:00002762       __alldiv                   00012a42 f   ntoskrnl:ntoskrnl.exe
 0001:00002768       __allmul                   00012a48 f   ntoskrnl:ntoskrnl.exe
 0001:0000276e       _PcInitializeAdapterDriver@12 00012a4e f   portcls:portcls.sys
 0001:00002774       _PcAddAdapterDevice@20     00012a54 f   portcls:portcls.sys
 0001:0000277a       _PcRegisterSubdevice@12    00012a5a f   portcls:portcls.sys
 0001:00002780       _PcNewMiniport@8           00012a60 f   portcls:portcls.sys
 0001:00002786       _PcNewPort@8               00012a66 f   portcls:portcls.sys
 0001:0000278c       _PcRegisterPhysicalConnection@20 00012a6c f   portcls:portcls.sys
 0001:00002792       _PcRegisterAdapterPowerManagement@8 00012a72 f   portcls:portcls.sys
 0001:00002798       _PcNewResourceSublist@20   00012a78 f   portcls:portcls.sys
 0001:0000279e       _PcNewInterruptSync@20     00012a7e f   portcls:portcls.sys
 0001:000027a4       _PcNewRegistryKey@36       00012a84 f   portcls:portcls.sys
 0001:000027aa       _PcNewServiceGroup@8       00012a8a f   portcls:portcls.sys
 0001:000027b0       ??0CUnknown@@QAE@PAUIUnknown@@@Z 00012a90 f   stdunk:stdunk.obj
 0001:000027cf       ??_GCUnknown@@UAEPAXI@Z    00012aaf f i stdunk:stdunk.obj
 0001:000027cf       ??_ECUnknown@@UAEPAXI@Z    00012aaf f i stdunk:stdunk.obj
 0001:000027eb       ??1CUnknown@@UAE@XZ        00012acb f   stdunk:stdunk.obj
 0001:000027f2       ?NonDelegatingAddRef@CUnknown@@UAGKXZ 00012ad2 f   stdunk:stdunk.obj
 0001:00002808       ?NonDelegatingRelease@CUnknown@@UAGKXZ 00012ae8 f   stdunk:stdunk.obj
 0001:00002837       ?NonDelegatingQueryInterface@CUnknown@@UAGJABU_GUID@@PAPAX@Z 00012b17 f   stdunk:stdunk.obj
 0002:00000000       __imp_@KfAcquireSpinLock@4 00012b80     hal:HAL.dll
 0002:00000004       __imp_@KfReleaseSpinLock@8 00012b84     hal:HAL.dll
 0002:00000008       __imp__KeStallExecutionProcessor@4 00012b88     hal:HAL.dll
 0002:0000000c       \177HAL_NULL_THUNK_DATA    00012b8c     hal:HAL.dll
 0002:00000010       __imp__KeInitializeSpinLock@4 00012b90     ntoskrnl:ntoskrnl.exe
 0002:00000014       __imp__MmUnmapIoSpace@8    00012b94     ntoskrnl:ntoskrnl.exe
 0002:00000018       __imp__RtlInitUnicodeString@8 00012b98     ntoskrnl:ntoskrnl.exe
 0002:0000001c       __imp__READ_REGISTER_ULONG@4 00012b9c     ntoskrnl:ntoskrnl.exe
 0002:00000020       __imp__DbgPrint            00012ba0     ntoskrnl:ntoskrnl.exe
 0002:00000024       __imp__WRITE_REGISTER_ULONG@8 00012ba4     ntoskrnl:ntoskrnl.exe
 0002:00000028       __imp__READ_REGISTER_UCHAR@4 00012ba8     ntoskrnl:ntoskrnl.exe
 0002:0000002c       __imp__WRITE_REGISTER_UCHAR@8 00012bac     ntoskrnl:ntoskrnl.exe
 0002:00000030       __imp__READ_REGISTER_USHORT@4 00012bb0     ntoskrnl:ntoskrnl.exe
 0002:00000034       __imp__WRITE_REGISTER_USHORT@8 00012bb4     ntoskrnl:ntoskrnl.exe
 0002:00000038       __imp__ExAllocatePoolWithTag@12 00012bb8     ntoskrnl:ntoskrnl.exe
 0002:0000003c       __imp__MmMapIoSpace@16     00012bbc     ntoskrnl:ntoskrnl.exe
 0002:00000040       __imp_@IofCallDriver@8     00012bc0     ntoskrnl:ntoskrnl.exe
 0002:00000044       __imp__IoBuildSynchronousFsdRequest@28 00012bc4     ntoskrnl:ntoskrnl.exe
 0002:00000048       __imp__IoGetAttachedDeviceReference@4 00012bc8     ntoskrnl:ntoskrnl.exe
 0002:0000004c       __imp__KeInitializeEvent@12 00012bcc     ntoskrnl:ntoskrnl.exe
 0002:00000050       __imp_@InterlockedIncrement@4 00012bd0     ntoskrnl:ntoskrnl.exe
 0002:00000054       __imp__ExFreePool@4        00012bd4     ntoskrnl:ntoskrnl.exe
 0002:00000058       __imp__KeInitializeMutex@8 00012bd8     ntoskrnl:ntoskrnl.exe
 0002:0000005c       __imp__KeReleaseMutex@8    00012bdc     ntoskrnl:ntoskrnl.exe
 0002:00000060       __imp___alldiv             00012be0     ntoskrnl:ntoskrnl.exe
 0002:00000064       __imp___allmul             00012be4     ntoskrnl:ntoskrnl.exe
 0002:00000068       __imp__IoGetDmaAdapter@12  00012be8     ntoskrnl:ntoskrnl.exe
 0002:0000006c       __imp_@ObfDereferenceObject@4 00012bec     ntoskrnl:ntoskrnl.exe
 0002:00000070       __imp__KeWaitForSingleObject@20 00012bf0     ntoskrnl:ntoskrnl.exe
 0002:00000074       __imp_@InterlockedDecrement@4 00012bf4     ntoskrnl:ntoskrnl.exe
 0002:00000078       \177ntoskrnl_NULL_THUNK_DATA 00012bf8     ntoskrnl:ntoskrnl.exe
 0002:0000007c       __imp__PcRegisterAdapterPowerManagement@8 00012bfc     portcls:portcls.sys
 0002:00000080       __imp__PcAddAdapterDevice@20 00012c00     portcls:portcls.sys
 0002:00000084       __imp__PcRegisterSubdevice@12 00012c04     portcls:portcls.sys
 0002:00000088       __imp__PcNewMiniport@8     00012c08     portcls:portcls.sys
 0002:0000008c       __imp__PcNewPort@8         00012c0c     portcls:portcls.sys
 0002:00000090       __imp__PcRegisterPhysicalConnection@20 00012c10     portcls:portcls.sys
 0002:00000094       __imp__PcInitializeAdapterDriver@12 00012c14     portcls:portcls.sys
 0002:00000098       __imp__PcNewResourceSublist@20 00012c18     portcls:portcls.sys
 0002:0000009c       __imp__PcNewInterruptSync@20 00012c1c     portcls:portcls.sys
 0002:000000a0       __imp__PcNewRegistryKey@36 00012c20     portcls:portcls.sys
 0002:000000a4       __imp__PcNewServiceGroup@8 00012c24     portcls:portcls.sys
 0002:000000a8       \177portcls_NULL_THUNK_DATA 00012c28     portcls:portcls.sys
 0002:00000108       _IID_IAdapterCommon        00012c88     adapter.obj
 0002:00000118       _CLSID_MiniportDriverFmSynth 00012c98     adapter.obj
 0002:00000128       _CLSID_PortWaveCyclic      00012ca8     adapter.obj
 0002:00000138       _CLSID_PortTopology        00012cb8     adapter.obj
 0002:00000148       _CLSID_PortMidi            00012cc8     adapter.obj
 0002:00000158       _IID_IAdapterPowerManagment 00012cd8     adapter.obj
 0002:00000168       _IID_IMiniportWaveCyclicStream 00012ce8     adapter.obj
 0002:00000178       _IID_IMiniportWaveCyclic   00012cf8     adapter.obj
 0002:00000188       _IID_IPortWaveCyclic       00012d08     adapter.obj
 0002:00000198       _IID_IMiniportTopology     00012d18     adapter.obj
 0002:000001a8       _IID_IDmaChannel           00012d28     adapter.obj
 0002:000001b8       _IID_IMiniport             00012d38     adapter.obj
 0002:000001c8       _IID_IUnknown              00012d48     adapter.obj
 0002:000001d8       ??_C@_1BE@FFBG@?$AAU?$AAs?$AAe?$AAD?$AAm?$AAa?$AAP?$AAo?$AAs?$AA?$AA@ 00012d58     common.obj
 0002:000001ec       ??_C@_1CA@DADJ@?$AAU?$AAs?$AAe?$AAD?$AAi?$AAs?$AAa?$AAb?$AAl?$AAe?$AAd?$AAP?$AAi?$AAn?$AAs?$AA?$AA@ 00012d6c     common.obj
 0002:0000020c       ??_C@_1BC@MBIB@?$AAU?$AAs?$AAe?$AAS?$AAP?$AAD?$AAI?$AAF?$AA?$AA@ 00012d8c     common.obj
 0002:00000220       ??_C@_1BE@ONOC@?$AAU?$AAs?$AAe?$AAA?$AAl?$AAt?$AAO?$AAu?$AAt?$AA?$AA@ 00012da0     common.obj
 0002:00000234       ??_C@_1BO@LMMA@?$AAS?$AAk?$AAi?$AAp?$AAC?$AAo?$AAd?$AAe?$AAc?$AAR?$AAe?$AAs?$AAe?$AAt?$AA?$AA@ 00012db4     common.obj
 0002:00000254       ??_C@_1CI@JKGI@?$AAS?$AAk?$AAi?$AAp?$AAC?$AAo?$AAn?$AAt?$AAr?$AAo?$AAl?$AAl?$AAe?$AAr?$AAR?$AAe?$AAs?$AAe?$AAt?$AA?$AA@ 00012dd4     common.obj
 0002:0000027c       ??_C@_1BE@ENEK@?$AAR?$AAi?$AAg?$AAh?$AAt?$AAB?$AAa?$AAs?$AAs?$AA?$AA@ 00012dfc     common.obj
 0002:00000290       ??_C@_1BC@JMJO@?$AAL?$AAe?$AAf?$AAt?$AAB?$AAa?$AAs?$AAs?$AA?$AA@ 00012e10     common.obj
 0002:000002a4       ??_C@_1BI@KGAJ@?$AAR?$AAi?$AAg?$AAh?$AAt?$AAT?$AAr?$AAe?$AAb?$AAl?$AAe?$AA?$AA@ 00012e24     common.obj
 0002:000002bc       ??_C@_1BG@BGGD@?$AAL?$AAe?$AAf?$AAt?$AAT?$AAr?$AAe?$AAb?$AAl?$AAe?$AA?$AA@ 00012e3c     common.obj
 0002:000002d4       ??_C@_1O@IECC@?$AAM?$AAi?$AAc?$AAA?$AAG?$AAC?$AA?$AA@ 00012e54     common.obj
 0002:000002e4       ??_C@_1CA@EJHI@?$AAR?$AAi?$AAg?$AAh?$AAt?$AAO?$AAu?$AAt?$AAp?$AAu?$AAt?$AAG?$AAa?$AAi?$AAn?$AA?$AA@ 00012e64     common.obj
 0002:00000304       ??_C@_1BO@PPLI@?$AAL?$AAe?$AAf?$AAt?$AAO?$AAu?$AAt?$AAp?$AAu?$AAt?$AAG?$AAa?$AAi?$AAn?$AA?$AA@ 00012e84     common.obj
 0002:00000324       ??_C@_1BO@PMCJ@?$AAR?$AAi?$AAg?$AAh?$AAt?$AAI?$AAn?$AAp?$AAu?$AAt?$AAG?$AAa?$AAi?$AAn?$AA?$AA@ 00012ea4     common.obj
 0002:00000344       ??_C@_1BM@CFEM@?$AAL?$AAe?$AAf?$AAt?$AAI?$AAn?$AAp?$AAu?$AAt?$AAG?$AAa?$AAi?$AAn?$AA?$AA@ 00012ec4     common.obj
 0002:00000360       ??_C@_1CA@CIKM@?$AAR?$AAi?$AAg?$AAh?$AAt?$AAI?$AAn?$AAp?$AAu?$AAt?$AAM?$AAi?$AAx?$AAe?$AAr?$AA?$AA@ 00012ee0     common.obj
 0002:00000380       ??_C@_1BO@JOGM@?$AAL?$AAe?$AAf?$AAt?$AAI?$AAn?$AAp?$AAu?$AAt?$AAM?$AAi?$AAx?$AAe?$AAr?$AA?$AA@ 00012f00     common.obj
 0002:000003a0       ??_C@_1BI@BMOJ@?$AAO?$AAu?$AAt?$AAp?$AAu?$AAt?$AAM?$AAi?$AAx?$AAe?$AAr?$AA?$AA@ 00012f20     common.obj
 0002:000003b8       ??_C@_1BE@GLOL@?$AAP?$AAc?$AAS?$AAp?$AAk?$AAr?$AAV?$AAo?$AAl?$AA?$AA@ 00012f38     common.obj
 0002:000003cc       ??_C@_1O@MNBB@?$AAM?$AAi?$AAc?$AAV?$AAo?$AAl?$AA?$AA@ 00012f4c     common.obj
 0002:000003dc       ??_C@_1BO@HCKE@?$AAR?$AAi?$AAg?$AAh?$AAt?$AAL?$AAi?$AAn?$AAe?$AAI?$AAn?$AAV?$AAo?$AAl?$AA?$AA@ 00012f5c     common.obj
 0002:000003fc       ??_C@_1BM@KLMB@?$AAL?$AAe?$AAf?$AAt?$AAL?$AAi?$AAn?$AAe?$AAI?$AAn?$AAV?$AAo?$AAl?$AA?$AA@ 00012f7c     common.obj
 0002:00000418       ??_C@_1BG@COJL@?$AAR?$AAi?$AAg?$AAh?$AAt?$AAC?$AAD?$AAV?$AAo?$AAl?$AA?$AA@ 00012f98     common.obj
 0002:00000430       ??_C@_1BE@KMKA@?$AAL?$AAe?$AAf?$AAt?$AAC?$AAD?$AAV?$AAo?$AAl?$AA?$AA@ 00012fb0     common.obj
 0002:00000444       ??_C@_1BK@JCIM@?$AAR?$AAi?$AAg?$AAh?$AAt?$AAM?$AAi?$AAd?$AAi?$AAV?$AAo?$AAl?$AA?$AA@ 00012fc4     common.obj
 0002:00000460       ??_C@_1BI@KBIJ@?$AAL?$AAe?$AAf?$AAt?$AAM?$AAi?$AAd?$AAi?$AAV?$AAo?$AAl?$AA?$AA@ 00012fe0     common.obj
 0002:00000478       ??_C@_1BK@MFCG@?$AAR?$AAi?$AAg?$AAh?$AAt?$AAW?$AAa?$AAv?$AAe?$AAV?$AAo?$AAl?$AA?$AA@ 00012ff8     common.obj
 0002:00000494       ??_C@_1BI@PGCD@?$AAL?$AAe?$AAf?$AAt?$AAW?$AAa?$AAv?$AAe?$AAV?$AAo?$AAl?$AA?$AA@ 00013014     common.obj
 0002:000004ac       ??_C@_1BO@NHA@?$AAR?$AAi?$AAg?$AAh?$AAt?$AAM?$AAa?$AAs?$AAt?$AAe?$AAr?$AAV?$AAo?$AAl?$AA?$AA@ 0001302c     common.obj
 0002:000004cc       ??_C@_1BM@NEBF@?$AAL?$AAe?$AAf?$AAt?$AAM?$AAa?$AAs?$AAt?$AAe?$AAr?$AAV?$AAo?$AAl?$AA?$AA@ 0001304c     common.obj
 0002:000004e8       ??_7CAdapterCommon@@6BIAdapterPowerManagement@@@ 00013068     common.obj
 0002:00000500       ??_7CAdapterCommon@@6BIAdapterCommon@@@ 00013080     common.obj
 0002:00000564       ??_7CAdapterCommon@@6BCUnknown@@@ 000130e4     common.obj
 0002:00000640       ??_7CMiniportTopologyHDA@@6BIMiniportTopology@@@ 000131c0     mintopo.obj
 0002:00000658       ??_7CMiniportTopologyHDA@@6BCUnknown@@@ 000131d8     mintopo.obj
 0002:00000668       ??_7CMiniportWaveCyclicHDA@@6BIMiniportWaveCyclic@@@ 000131e8     minwave.obj
 0002:00000684       ??_7CMiniportWaveCyclicHDA@@6BCUnknown@@@ 00013204     minwave.obj
 0002:00000694       ??_7CMyDmaChannel@@6B@     00013214     minwave.obj
 0002:000006d0       ??_7CMiniportWaveCyclicStreamHDA@@6BIMiniportWaveCyclicStream@@@ 00013250     minwave.obj
 0002:000006f4       ??_7CMiniportWaveCyclicStreamHDA@@6BCUnknown@@@ 00013274     minwave.obj
 0002:00000704       ??_7CUnknown@@6B@          00013284     stdunk:stdunk.obj
 0003:00000000       __GUID_b7902fe9_fb0a_11d1_81b0_0060083316c1 000132a0     adapter.obj
 0003:00000010       __GUID_d3f0ce1c_fffc_11d1_81b0_0060083316c1 000132b0     adapter.obj
 0003:00000020       __GUID_c096df9c_fb09_11d1_81b0_0060083316c1 000132c0     adapter.obj
 0003:00000138       ?audBufSize@@3KA           000133d8     common.obj
 0003:0000013c       ?BdlSize@@3KA              000133dc     common.obj
 0003:00000838       __GUID_185fedf6_9905_11d1_95a9_00c04fb925d3 00013ad8     mintopo.obj
 0003:00000848       __GUID_185fedef_9905_11d1_95a9_00c04fb925d3 00013ae8     mintopo.obj
 0003:00000858       __GUID_185fede1_9905_11d1_95a9_00c04fb925d3 00013af8     mintopo.obj
 0003:00000868       __GUID_185fede0_9905_11d1_95a9_00c04fb925d3 00013b08     mintopo.obj
 0003:00000878       __GUID_7607e580_c557_11d0_8a2b_00a0c9255ac1 00013b18     mintopo.obj
 0003:00000888       __GUID_185fede3_9905_11d1_95a9_00c04fb925d3 00013b28     mintopo.obj
 0003:00000898       __GUID_da441a60_c556_11d0_8a2b_00a0c9255ac1 00013b38     mintopo.obj
 0003:000008a8       __GUID_185fedee_9905_11d1_95a9_00c04fb925d3 00013b48     mintopo.obj
 0003:000008b8       __GUID_02b223c0_c557_11d0_8a2b_00a0c9255ac1 00013b58     mintopo.obj
 0003:000008c8       __GUID_185feded_9905_11d1_95a9_00c04fb925d3 00013b68     mintopo.obj
 0003:000008d8       __GUID_e88c9ba0_c557_11d0_8a2b_00a0c9255ac1 00013b78     mintopo.obj
 0003:000008e8       __GUID_185fedec_9905_11d1_95a9_00c04fb925d3 00013b88     mintopo.obj
 0003:000008f8       __GUID_185fedeb_9905_11d1_95a9_00c04fb925d3 00013b98     mintopo.obj
 0003:00000908       __GUID_185fedea_9905_11d1_95a9_00c04fb925d3 00013ba8     mintopo.obj
 0003:00000918       __GUID_185fede9_9905_11d1_95a9_00c04fb925d3 00013bb8     mintopo.obj
 0003:00000928       __GUID_185fede8_9905_11d1_95a9_00c04fb925d3 00013bc8     mintopo.obj
 0003:00000938       __GUID_e573adc0_c555_11d0_8a2b_00a0c9255ac1 00013bd8     mintopo.obj
 0003:00000948       __GUID_185fede7_9905_11d1_95a9_00c04fb925d3 00013be8     mintopo.obj
 0003:00000958       __GUID_185fede5_9905_11d1_95a9_00c04fb925d3 00013bf8     mintopo.obj
 0003:00000968       __GUID_3a5acc00_c557_11d0_8a2b_00a0c9255ac1 00013c08     mintopo.obj
 0003:00000978       __GUID_45ffaaa0_6e1b_11d0_bcf2_444553540000 00013c18     mintopo.obj
 0003:00000988       __GUID_6994ad04_93ef_11d0_a3cc_00a0c9223196 00013c28     mintopo.obj
 0003:00000998       __GUID_185fedf7_9905_11d1_95a9_00c04fb925d3 00013c38     mintopo.obj
 0003:000009a8       __GUID_dff21ce1_f70f_11d0_b917_00a0c9223196 00013c48     mintopo.obj
 0003:000009b8       __GUID_dff21be1_f70f_11d0_b917_00a0c9223196 00013c58     mintopo.obj
 0003:000009c8       __GUID_185fedf9_9905_11d1_95a9_00c04fb925d3 00013c68     mintopo.obj
 0003:000009d8       __GUID_dff21fe3_f70f_11d0_b917_00a0c9223196 00013c78     mintopo.obj
 0003:000009e8       __GUID_185fedfb_9905_11d1_95a9_00c04fb925d3 00013c88     mintopo.obj
 0003:000009f8       __GUID_dff220e3_f70f_11d0_b917_00a0c9223196 00013c98     mintopo.obj
 0003:00000a08       __GUID_185fedf8_9905_11d1_95a9_00c04fb925d3 00013ca8     mintopo.obj
 0003:00000a18       __GUID_dff220f3_f70f_11d0_b917_00a0c9223196 00013cb8     mintopo.obj
 0003:00000a28       __GUID_dff21fe4_f70f_11d0_b917_00a0c9223196 00013cc8     mintopo.obj
 0003:00000a38       __GUID_97e99ba0_bdea_11cf_a5d6_28db04c10000 00013cd8     mintopo.obj
 0003:00000c80       __GUID_507ae360_c554_11d0_8a2b_00a0c9255ac1 00013f20     minwave.obj
 0003:00000c90       __GUID_4d837fe0_c555_11d0_8a2b_00a0c9255ac1 00013f30     minwave.obj
 0003:00000ca0       __GUID_185fedfa_9905_11d1_95a9_00c04fb925d3 00013f40     minwave.obj
 0003:00000cb0       __GUID_fb6c4281_0353_11d1_905f_0000c0cc16ba 00013f50     minwave.obj
 0003:00000cc0       __GUID_05589f81_c356_11ce_bf01_00aa0055595a 00013f60     minwave.obj
 0003:00000cd0       __GUID_00000001_0000_0010_8000_00aa00389b71 00013f70     minwave.obj
 0003:00000ce0       __GUID_73647561_0000_0010_8000_00aa00389b71 00013f80     minwave.obj
 0003:00000cf0       __GUID_0f6417d6_c318_11d0_a43f_00a0c9223196 00013f90     minwave.obj
 0003:00000d00       __GUID_518590a2_a184_11d0_8522_00c04fd9baf3 00013fa0     minwave.obj
 0003:00000d10       __GUID_00000000_0000_0000_0000_000000000000 00013fb0     adapter.obj
 0004:00000000       _AddDevice@8               00013fe0 f   adapter.obj
 0004:0000001a       ?InstallSubdevice@@YGJPAU_DEVICE_OBJECT@@PAU_IRP@@PAGABU_GUID@@3P6GJPAPAUIUnknown@@3PAU4@W4_POOL_TYPE@@@Z5PAUIResourceList@@344@Z 00013ffa f   adapter.obj
 0004:00000120       ?StartDevice@@YGJPAU_DEVICE_OBJECT@@PAU_IRP@@PAUIResourceList@@@Z 00014100 f   adapter.obj
 0004:0000036e       ?AssignResources@@YGJPAUIResourceList@@PAPAU1@11111@Z 0001434e f   adapter.obj
 0004:0000051c       ?NewAdapterCommon@@YGJPAPAUIUnknown@@ABU_GUID@@PAU1@W4_POOL_TYPE@@@Z 000144fc f   common.obj
 0004:00000825       ?Init@CAdapterCommon@@UAGJPAUIResourceList@@PAU_DEVICE_OBJECT@@@Z 00014805 f   common.obj
 0004:00001112       ??1CAdapterCommon@@UAE@XZ  000150f2 f   common.obj
 0004:0000129a       ?NonDelegatingQueryInterface@CAdapterCommon@@UAGJABU_GUID@@PAPAX@Z 0001527a f   common.obj
 0004:0000135a       ?WavePortDriverDest@CAdapterCommon@@UAGPAPAUIUnknown@@XZ 0001533a f   common.obj
 0004:00001366       ?GetInterruptSync@CAdapterCommon@@UAGPAUIInterruptSync@@XZ 00015346 f   common.obj
 0004:00001374       ?GetDeviceDescription@CAdapterCommon@@UAGPAU_DEVICE_DESCRIPTION@@XZ 00015354 f   common.obj
 0004:0000137e       ?MidiPortDriverDest@CAdapterCommon@@UAGPAPAUIUnknown@@XZ 0001535e f   common.obj
 0004:0000138a       ?SetWaveServiceGroup@CAdapterCommon@@UAGXPAUIServiceGroup@@@Z 0001536a f   common.obj
 0004:000013ba       ?InitHDAController@CAdapterCommon@@QAGJXZ 0001539a f   common.obj
 0004:000019e0       ?ReadRegistryBoolean@CAdapterCommon@@AAGEPBGE@Z 000159c0 f   common.obj
 0004:00001abc       ?CreateMiniportTopologyHDA@@YGJPAPAUIUnknown@@ABU_GUID@@PAU1@W4_POOL_TYPE@@@Z 00015a9c f   mintopo.obj
 0004:00001b1c       ?ProcessResources@CMiniportTopologyHDA@@AAEJPAUIResourceList@@@Z 00015afc f   mintopo.obj
 0004:00001b40       ?NonDelegatingQueryInterface@CMiniportTopologyHDA@@UAGJABU_GUID@@PAPAX@Z 00015b20 f   mintopo.obj
 0004:00001bee       ??1CMiniportTopologyHDA@@UAE@XZ 00015bce f   mintopo.obj
 0004:00001c32       ?Init@CMiniportTopologyHDA@@UAGJPAUIUnknown@@PAUIResourceList@@PAUIPortTopology@@@Z 00015c12 f   mintopo.obj
 0004:00001c94       ?GetDescription@CMiniportTopologyHDA@@UAGJPAPAUPCFILTER_DESCRIPTOR@@@Z 00015c74 f   mintopo.obj
 0004:000024b8       ?CreateMiniportWaveCyclicHDA@@YGJPAPAUIUnknown@@ABU_GUID@@PAU1@W4_POOL_TYPE@@@Z 00016498 f   minwave.obj
 0004:00002518       ?ProcessResources@CMiniportWaveCyclicHDA@@AAEJPAUIResourceList@@@Z 000164f8 f   minwave.obj
 0004:0000262c       ?ValidateFormat@CMiniportWaveCyclicHDA@@AAEJPATKSDATAFORMAT@@@Z 0001660c f   minwave.obj
 0004:00002716       ?NonDelegatingQueryInterface@CMiniportWaveCyclicHDA@@UAGJABU_GUID@@PAPAX@Z 000166f6 f   minwave.obj
 0004:000027c4       ??1CMiniportWaveCyclicHDA@@UAE@XZ 000167a4 f   minwave.obj
 0004:00002818       ?Init@CMiniportWaveCyclicHDA@@UAGJPAUIUnknown@@PAUIResourceList@@PAUIPortWaveCyclic@@@Z 000167f8 f   minwave.obj
 0004:000028c0       ?GetDescription@CMiniportWaveCyclicHDA@@UAGJPAPAUPCFILTER_DESCRIPTOR@@@Z 000168a0 f   minwave.obj
 0004:000028d0       ?DataRangeIntersection@CMiniportWaveCyclicHDA@@UAGJKPATKSDATAFORMAT@@0KPAXPAK@Z 000168b0 f   minwave.obj
 0004:00002b26       ?NewStream@CMiniportWaveCyclicHDA@@UAGJPAPAUIMiniportWaveCyclicStream@@PAUIUnknown@@W4_POOL_TYPE@@KEPATKSDATAFORMAT@@PAPAUIDmaChannel@@PAPAUIServiceGroup@@@Z 00016b06 f   minwave.obj
 0004:00002c66       ?NonDelegatingQueryInterface@CMiniportWaveCyclicStreamHDA@@UAGJABU_GUID@@PAPAX@Z 00016c46 f   minwave.obj
 0004:00002cee       ??1CMiniportWaveCyclicStreamHDA@@UAE@XZ 00016cce f   minwave.obj
 0004:00002d58       ?Init@CMiniportWaveCyclicStreamHDA@@QAEJPAVCMiniportWaveCyclicHDA@@KEPATKSDATAFORMAT@@PAUIDmaChannel@@@Z 00016d38 f   minwave.obj
 0004:00002dde       ?SetNotificationFreq@CMiniportWaveCyclicStreamHDA@@UAGKKPAK@Z 00016dbe f   minwave.obj
 0004:00002e1e       ?SetFormat@CMiniportWaveCyclicStreamHDA@@UAGJPATKSDATAFORMAT@@@Z 00016dfe f   minwave.obj
 0004:00002eaa       ?SetState@CMiniportWaveCyclicStreamHDA@@UAGJW4KSSTATE@@@Z 00016e8a f   minwave.obj
 0005:00000000       _DriverEntry@8             00016ee0 f   adapter.obj
 0005:00000018       __IMPORT_DESCRIPTOR_ntoskrnl 00016ef8     ntoskrnl:ntoskrnl.exe
 0005:0000002c       __IMPORT_DESCRIPTOR_HAL    00016f0c     hal:HAL.dll
 0005:00000040       __IMPORT_DESCRIPTOR_portcls 00016f20     portcls:portcls.sys
 0005:00000054       __NULL_IMPORT_DESCRIPTOR   00016f34     ntoskrnl:ntoskrnl.exe

 entry point at        0005:00000000

 Static symbols

 0004:00001ca4       ?PropertyHandler_OnOff@@YGJPAU_PCPROPERTY_REQUEST@@@Z 00015c84 f   mintopo.obj
 0004:00001e42       ?PropertyHandler_SuperMixCaps@@YGJPAU_PCPROPERTY_REQUEST@@@Z 00015e22 f   mintopo.obj
 0004:0000201c       ?PropertyHandler_SuperMixTable@@YGJPAU_PCPROPERTY_REQUEST@@@Z 00015ffc f   mintopo.obj
 0004:00002338       ?PropertyHandler_CpuResources@@YGJPAU_PCPROPERTY_REQUEST@@@Z 00016318 f   mintopo.obj
 0001:00001fa0       ?PropertyHandler_Level@@YGJPAU_PCPROPERTY_REQUEST@@@Z 00012280 f   mintopo.obj
 0004:000023c4       ?BasicSupportHandler@@YGJPAU_PCPROPERTY_REQUEST@@@Z 000163a4 f   mintopo.obj

 342 bytes saved through ICF

