 HDA

 Timestamp is 6a1bbe80 (Sat May 30 21:52:16 2026)

 Preferred load address is 00010000

 Start         Length     Name                   Class
 0001:00000000 00002e11H .text                   CODE
 0002:00000000 000000b0H .idata$5                DATA
 0002:000000b0 000006e3H .rdata                  DATA
 0003:00000000 00000d10H .data                   DATA
 0003:00000d10 0000001eH .bss                    DATA
 0004:00000000 00002ec1H PAGE                    CODE
 0005:00000000 00000015H INIT                    CODE
 0005:00000018 0000003cH .idata$2                CODE
 0005:00000054 00000014H .idata$3                CODE
 0005:00000068 000000b0H .idata$4                CODE
 0005:00000118 00000390H .idata$6                CODE
 0006:00000000 00000058H .rsrc$01                DATA
 0006:00000060 000003d0H .rsrc$02                DATA

  Address         Publics by Value              Rva+Base     Lib:Object

 0001:00000000       ??3@YAXPAX@Z               000102e0 f i common.obj
 0001:0000000c       ?QueryInterface@CAdapterCommon@@UAGJABU_GUID@@PAPAX@Z 000102ec f i common.obj
 0001:00000024       ?AddRef@CAdapterCommon@@UAGKXZ 00010304 f i common.obj
 0001:00000034       ?Release@CAdapterCommon@@UAGKXZ 00010314 f i common.obj
 0001:00000044       ??_GCAdapterCommon@@UAEPAXI@Z 00010324 f i common.obj
 0001:00000044       ??_ECAdapterCommon@@UAEPAXI@Z 00010324 f i common.obj
 0001:0000019e       ?hda_is_supported_sample_rate@CAdapterCommon@@UAGEK@Z 0001047e f   common.obj
 0001:000001ea       ?hda_send_verb@CAdapterCommon@@UAGKKKKK@Z 000104ca f   common.obj
 0001:00000360       ?ReadController@CAdapterCommon@@UAGEXZ 00010640 f   common.obj
 0001:00000366       ?WriteController@CAdapterCommon@@UAGEE@Z 00010646 f   common.obj
 0001:0000036c       ?MixerRegWrite@CAdapterCommon@@UAGXEE@Z 0001064c f   common.obj
 0001:000003b8       ?MixerRegRead@CAdapterCommon@@UAGEE@Z 00010698 f   common.obj
 0001:000003d6       ?MixerReset@CAdapterCommon@@UAGXXZ 000106b6 f   common.obj
 0001:000003e4       ?AcknowledgeIRQ@CAdapterCommon@@AAE?AW4_HDA_INTERRUPT_TYPE@@XZ 000106c4 f   common.obj
 0001:000004f8       ?ResetController@CAdapterCommon@@UAGJXZ 000107d8 f   common.obj
 0001:00000520       ?RestoreMixerSettingsFromRegistry@CAdapterCommon@@UAGJXZ 00010800 f   common.obj
 0001:0000067e       ?SaveMixerSettingsToRegistry@CAdapterCommon@@UAGJXZ 0001095e f   common.obj
 0001:0000077a       ?ProgramSampleRate@CAdapterCommon@@UAGJK@Z 00010a5a f   common.obj
 0001:000007da       ?PowerChangeState@CAdapterCommon@@UAGXT_POWER_STATE@@@Z 00010aba f   common.obj
 0001:00000838       ?QueryDeviceCapabilities@CAdapterCommon@@UAGJPAU_DEVICE_CAPABILITIES@@@Z 00010b18 f   common.obj
 0001:00000838       ?QueryPowerChangeState@CAdapterCommon@@UAGJT_POWER_STATE@@@Z 00010b18 f   common.obj
 0001:0000083e       ?InterruptServiceRoutine@@YGJPAUIInterruptSync@@PAX@Z 00010b1e f   common.obj
 0001:00000876       ?hda_stop_stream@CAdapterCommon@@UAGJXZ 00010b56 f   common.obj
 0001:0000096c       ?hda_start_sound@CAdapterCommon@@UAGXXZ 00010c4c f   common.obj
 0001:000009aa       ?hda_stop_sound@CAdapterCommon@@UAGXXZ 00010c8a f   common.obj
 0001:000009f0       ?hda_get_actual_stream_position@CAdapterCommon@@UAGKXZ 00010cd0 f   common.obj
 0001:00000a6c       ?hda_set_volume@CAdapterCommon@@QAGXKE@Z 00010d4c f   common.obj
 0001:00000aac       ?readUCHAR@CAdapterCommon@@QAGEG@Z 00010d8c f   common.obj
 0001:00000ac4       ?writeUCHAR@CAdapterCommon@@QAGXGE@Z 00010da4 f   common.obj
 0001:00000ae0       ?readUSHORT@CAdapterCommon@@QAGGG@Z 00010dc0 f   common.obj
 0001:00000af8       ?writeUSHORT@CAdapterCommon@@QAGXGG@Z 00010dd8 f   common.obj
 0001:00000b14       ?readULONG@CAdapterCommon@@QAGKG@Z 00010df4 f   common.obj
 0001:00000b2c       ?writeULONG@CAdapterCommon@@QAGXGK@Z 00010e0c f   common.obj
 0001:00000b48       ?hda_setup_stream_descriptor@CAdapterCommon@@UAGJPAUIDmaChannel@@@Z 00010e28 f   common.obj
 0001:00000cd0       ?hda_return_sound_data_format@CAdapterCommon@@QAGGKKK@Z 00010fb0 f   common.obj
 0001:00000cd0       ?hda_return_sound_data_format@HDA_Codec@@QAGGKKK@Z 00010fb0 f   common.obj
 0001:00000d92       ?ReadWriteConfigSpace@CAdapterCommon@@AAGJPAU_DEVICE_OBJECT@@KPAXKK@Z 00011072 f   common.obj
 0001:00000e3a       ?WriteConfigSpaceByte@CAdapterCommon@@AAGJEEE@Z 0001111a f   common.obj
 0001:00000e70       ?WriteConfigSpaceWord@CAdapterCommon@@AAGJEGG@Z 00011150 f   common.obj
 0001:00000ea6       ?CacheLineFlush@CAdapterCommon@@UAGXPAXK@Z 00011186 f   common.obj
 0001:00000ee2       ?QueryInterface@CAdapterCommon@@W3AGJABU_GUID@@PAPAX@Z 000111c2 f i common.obj
 0001:00000eec       ?AddRef@CAdapterCommon@@W3AGKXZ 000111cc f i common.obj
 0001:00000ef6       ?Release@CAdapterCommon@@W3AGKXZ 000111d6 f i common.obj
 0001:00000f00       ??0HDA_Codec@@QAE@EEEPAUIAdapterCommon@@@Z 000111e0 f   codec.obj
 0001:00000f46       ??1HDA_Codec@@QAE@XZ       00011226 f   codec.obj
 0001:00000f6a       ?InitializeCodec@HDA_Codec@@QAGJXZ 0001124a f   codec.obj
 0001:000013ec       ?hda_initialize_audio_function_group@HDA_Codec@@QAGJK@Z 000116cc f   codec.obj
 0001:00001aae       ?hda_get_node_type@HDA_Codec@@QAGEK@Z 00011d8e f   codec.obj
 0001:00001acc       ?hda_get_node_connection_entries@HDA_Codec@@QAGKKK@Z 00011dac f   codec.obj
 0001:00001b4a       ?hda_enable_pin_output@HDA_Codec@@QAGXK@Z 00011e2a f   codec.obj
 0001:00001b76       ?hda_disable_pin_output@HDA_Codec@@QAGXK@Z 00011e56 f   codec.obj
 0001:00001ba2       ?hda_is_headphone_connected@HDA_Codec@@QAGEXZ 00011e82 f   codec.obj
 0001:00001bd4       ?hda_initialize_output_pin@HDA_Codec@@QAGXKAAUHDA_NODE_PATH@@@Z 00011eb4 f   codec.obj
 0001:00001cf6       ?hda_initialize_audio_output@HDA_Codec@@QAGXKAAUHDA_NODE_PATH@@@Z 00011fd6 f   codec.obj
 0001:00001e08       ?hda_initialize_audio_mixer@HDA_Codec@@QAGXKAAUHDA_NODE_PATH@@@Z 000120e8 f   codec.obj
 0001:00001ee6       ?hda_initialize_audio_selector@HDA_Codec@@QAGXKAAUHDA_NODE_PATH@@@Z 000121c6 f   codec.obj
 0001:00001ff4       ?ProgramSampleRate@HDA_Codec@@QAGJK@Z 000122d4 f   codec.obj
 0001:00002080       ?hda_check_headphone_connection_change@HDA_Codec@@QAGXXZ 00012360 f   codec.obj
 0001:000020dc       ?hda_is_supported_sample_rate@HDA_Codec@@QAGEK@Z 000123bc f   codec.obj
 0001:0000217a       ?hda_set_volume@HDA_Codec@@QAGXKE@Z 0001245a f   codec.obj
 0001:000021b0       ?hda_set_node_gain@HDA_Codec@@QAGXKKKKE@Z 00012490 f   codec.obj
 0001:00002218       ?hda_send_verb@HDA_Codec@@QAGKKKK@Z 000124f8 f   codec.obj
 0001:00002238       ?AddRef@CMiniportTopologyHDA@@UAGKXZ 00012518 f i mintopo.obj
 0001:00002238       ?AddRef@CMiniportWaveCyclicStreamHDA@@UAGKXZ 00012518 f i mintopo.obj
 0001:00002238       ?AddRef@CMiniportWaveCyclicHDA@@UAGKXZ 00012518 f i mintopo.obj
 0001:00002248       ?Release@CMiniportWaveCyclicStreamHDA@@UAGKXZ 00012528 f i mintopo.obj
 0001:00002248       ?Release@CMiniportTopologyHDA@@UAGKXZ 00012528 f i mintopo.obj
 0001:00002248       ?Release@CMiniportWaveCyclicHDA@@UAGKXZ 00012528 f i mintopo.obj
 0001:00002258       ?DataRangeIntersection@CMiniportTopologyHDA@@UAGJKPATKSDATAFORMAT@@0KPAXPAK@Z 00012538 f i mintopo.obj
 0001:00002260       ??_ECMiniportTopologyHDA@@UAEPAXI@Z 00012540 f i mintopo.obj
 0001:00002260       ??_GCMiniportTopologyHDA@@UAEPAXI@Z 00012540 f i mintopo.obj
 0001:0000265e       ?ReadBitsFromMixer@CMiniportTopologyHDA@@AAEEEEE@Z 0001293e f   mintopo.obj
 0001:00002686       ?WriteBitsToMixer@CMiniportTopologyHDA@@AAEXEEEE@Z 00012966 f   mintopo.obj
 0001:000026dc       ?QueryInterface@CMiniportTopologyHDA@@UAGJABU_GUID@@PAPAX@Z 000129bc f i minwave.obj
 0001:000026dc       ?QueryInterface@CMiniportWaveCyclicStreamHDA@@UAGJABU_GUID@@PAPAX@Z 000129bc f i minwave.obj
 0001:000026dc       ?QueryInterface@CMiniportWaveCyclicHDA@@UAGJABU_GUID@@PAPAX@Z 000129bc f i minwave.obj
 0001:000026f4       ??_ECMiniportWaveCyclicHDA@@UAEPAXI@Z 000129d4 f i minwave.obj
 0001:000026f4       ??_GCMiniportWaveCyclicHDA@@UAEPAXI@Z 000129d4 f i minwave.obj
 0001:00002714       ??0CMyDmaChannel@@QAE@PAUIDmaChannel@@@Z 000129f4 f i minwave.obj
 0001:00002780       ?QueryInterface@CMyDmaChannel@@UAGJABU_GUID@@PAPAX@Z 00012a60 f i minwave.obj
 0001:000027d0       ?AddRef@CMyDmaChannel@@UAGKXZ 00012ab0 f i minwave.obj
 0001:000027e0       ?Release@CMyDmaChannel@@UAGKXZ 00012ac0 f i minwave.obj
 0001:0000280c       ?AllocateBuffer@CMyDmaChannel@@UAGJKPAT_LARGE_INTEGER@@@Z 00012aec f i minwave.obj
 0001:000028f6       ?FreeBuffer@CMyDmaChannel@@UAGXXZ 00012bd6 f i minwave.obj
 0001:00002918       ?SystemAddress@CMyDmaChannel@@UAGPAXXZ 00012bf8 f i minwave.obj
 0001:00002934       ?CopyTo@CMyDmaChannel@@UAGXPAX0K@Z 00012c14 f i minwave.obj
 0001:0000297e       ?CopyFrom@CMyDmaChannel@@UAGXPAX0K@Z 00012c5e f i minwave.obj
 0001:0000299a       ?AllocatedBufferSize@CMyDmaChannel@@UAGKXZ 00012c7a f i minwave.obj
 0001:000029b6       ?BufferSize@CMyDmaChannel@@UAGKXZ 00012c96 f i minwave.obj
 0001:000029d2       ?SetBufferSize@CMyDmaChannel@@UAGXK@Z 00012cb2 f i minwave.obj
 0001:000029ea       ?PhysicalAddress@CMyDmaChannel@@UAG?AT_LARGE_INTEGER@@XZ 00012cca f i minwave.obj
 0001:00002a26       ?MaximumBufferSize@CMyDmaChannel@@UAGKXZ 00012d06 f i minwave.obj
 0001:00002a42       ?TransferCount@CMyDmaChannel@@UAGKXZ 00012d22 f i minwave.obj
 0001:00002a52       ?GetAdapterObject@CMyDmaChannel@@UAGPAU_DMA_ADAPTER@@XZ 00012d32 f i minwave.obj
 0001:00002a62       ??_GCMiniportWaveCyclicStreamHDA@@UAEPAXI@Z 00012d42 f i minwave.obj
 0001:00002a62       ??_ECMiniportWaveCyclicStreamHDA@@UAEPAXI@Z 00012d42 f i minwave.obj
 0001:00002a82       ?GetPosition@CMiniportWaveCyclicStreamHDA@@UAGJPAK@Z 00012d62 f   minwave.obj
 0001:00002aea       ?NormalizePhysicalPosition@CMiniportWaveCyclicStreamHDA@@UAGJPA_J@Z 00012dca f   minwave.obj
 0001:00002b32       ?Silence@CMiniportWaveCyclicStreamHDA@@UAGXPAXK@Z 00012e12 f   minwave.obj
 0001:00002b6c       _DbgPrint                  00012e4c f   ntoskrnl:ntoskrnl.exe
 0001:00002b72       __alldiv                   00012e52 f   ntoskrnl:ntoskrnl.exe
 0001:00002b78       __allmul                   00012e58 f   ntoskrnl:ntoskrnl.exe
 0001:00002b7e       _PcInitializeAdapterDriver@12 00012e5e f   portcls:portcls.sys
 0001:00002b84       _PcAddAdapterDevice@20     00012e64 f   portcls:portcls.sys
 0001:00002b8a       _PcRegisterSubdevice@12    00012e6a f   portcls:portcls.sys
 0001:00002b90       _PcNewMiniport@8           00012e70 f   portcls:portcls.sys
 0001:00002b96       _PcNewPort@8               00012e76 f   portcls:portcls.sys
 0001:00002b9c       _PcRegisterPhysicalConnection@20 00012e7c f   portcls:portcls.sys
 0001:00002ba2       _PcRegisterAdapterPowerManagement@8 00012e82 f   portcls:portcls.sys
 0001:00002ba8       _PcNewResourceSublist@20   00012e88 f   portcls:portcls.sys
 0001:00002bae       _PcNewInterruptSync@20     00012e8e f   portcls:portcls.sys
 0001:00002bb4       _PcNewRegistryKey@36       00012e94 f   portcls:portcls.sys
 0001:00002bba       _PcNewServiceGroup@8       00012e9a f   portcls:portcls.sys
 0001:00002bc0       ??0CUnknown@@QAE@PAUIUnknown@@@Z 00012ea0 f   stdunk:stdunk.obj
 0001:00002c10       ??_GCUnknown@@UAEPAXI@Z    00012ef0 f i stdunk:stdunk.obj
 0001:00002c10       ??_ECUnknown@@UAEPAXI@Z    00012ef0 f i stdunk:stdunk.obj
 0001:00002c40       ??0INonDelegatingUnknown@@QAE@XZ 00012f20 f i stdunk:stdunk.obj
 0001:00002c50       ??1CUnknown@@UAE@XZ        00012f30 f   stdunk:stdunk.obj
 0001:00002c70       ?NonDelegatingAddRef@CUnknown@@UAGKXZ 00012f50 f   stdunk:stdunk.obj
 0001:00002cb0       ?NonDelegatingRelease@CUnknown@@UAGKXZ 00012f90 f   stdunk:stdunk.obj
 0001:00002d30       ?NonDelegatingQueryInterface@CUnknown@@UAGJABU_GUID@@PAPAX@Z 00013010 f   stdunk:stdunk.obj
 0001:00002da0       _IsEqualGUIDAligned@8      00013080 f i stdunk:stdunk.obj
 0002:00000000       __imp_@KfAcquireSpinLock@4 00013100     hal:HAL.dll
 0002:00000004       __imp_@KfReleaseSpinLock@8 00013104     hal:HAL.dll
 0002:00000008       __imp__KeStallExecutionProcessor@4 00013108     hal:HAL.dll
 0002:0000000c       \177HAL_NULL_THUNK_DATA    0001310c     hal:HAL.dll
 0002:00000010       __imp__KeInitializeSpinLock@4 00013110     ntoskrnl:ntoskrnl.exe
 0002:00000014       __imp__MmUnmapIoSpace@8    00013114     ntoskrnl:ntoskrnl.exe
 0002:00000018       __imp__RtlInitUnicodeString@8 00013118     ntoskrnl:ntoskrnl.exe
 0002:0000001c       __imp__READ_REGISTER_ULONG@4 0001311c     ntoskrnl:ntoskrnl.exe
 0002:00000020       __imp__DbgPrint            00013120     ntoskrnl:ntoskrnl.exe
 0002:00000024       __imp__WRITE_REGISTER_ULONG@8 00013124     ntoskrnl:ntoskrnl.exe
 0002:00000028       __imp__READ_REGISTER_UCHAR@4 00013128     ntoskrnl:ntoskrnl.exe
 0002:0000002c       __imp__WRITE_REGISTER_UCHAR@8 0001312c     ntoskrnl:ntoskrnl.exe
 0002:00000030       __imp__READ_REGISTER_USHORT@4 00013130     ntoskrnl:ntoskrnl.exe
 0002:00000034       __imp__WRITE_REGISTER_USHORT@8 00013134     ntoskrnl:ntoskrnl.exe
 0002:00000038       __imp__ExAllocatePoolWithTag@12 00013138     ntoskrnl:ntoskrnl.exe
 0002:0000003c       __imp__MmMapIoSpace@16     0001313c     ntoskrnl:ntoskrnl.exe
 0002:00000040       __imp_@IofCallDriver@8     00013140     ntoskrnl:ntoskrnl.exe
 0002:00000044       __imp__IoBuildSynchronousFsdRequest@28 00013144     ntoskrnl:ntoskrnl.exe
 0002:00000048       __imp__IoGetAttachedDeviceReference@4 00013148     ntoskrnl:ntoskrnl.exe
 0002:0000004c       __imp__KeInitializeEvent@12 0001314c     ntoskrnl:ntoskrnl.exe
 0002:00000050       __imp_@InterlockedIncrement@4 00013150     ntoskrnl:ntoskrnl.exe
 0002:00000054       __imp_@InterlockedDecrement@4 00013154     ntoskrnl:ntoskrnl.exe
 0002:00000058       __imp__ExFreePool@4        00013158     ntoskrnl:ntoskrnl.exe
 0002:0000005c       __imp__KeReleaseMutex@8    0001315c     ntoskrnl:ntoskrnl.exe
 0002:00000060       __imp___alldiv             00013160     ntoskrnl:ntoskrnl.exe
 0002:00000064       __imp___allmul             00013164     ntoskrnl:ntoskrnl.exe
 0002:00000068       __imp__IoGetDmaAdapter@12  00013168     ntoskrnl:ntoskrnl.exe
 0002:0000006c       __imp_@ObfDereferenceObject@4 0001316c     ntoskrnl:ntoskrnl.exe
 0002:00000070       __imp__KeWaitForSingleObject@20 00013170     ntoskrnl:ntoskrnl.exe
 0002:00000074       __imp__KeInitializeMutex@8 00013174     ntoskrnl:ntoskrnl.exe
 0002:00000078       __imp__RtlAssert@16        00013178     ntoskrnl:ntoskrnl.exe
 0002:0000007c       \177ntoskrnl_NULL_THUNK_DATA 0001317c     ntoskrnl:ntoskrnl.exe
 0002:00000080       __imp__PcRegisterSubdevice@12 00013180     portcls:portcls.sys
 0002:00000084       __imp__PcNewMiniport@8     00013184     portcls:portcls.sys
 0002:00000088       __imp__PcNewPort@8         00013188     portcls:portcls.sys
 0002:0000008c       __imp__PcRegisterPhysicalConnection@20 0001318c     portcls:portcls.sys
 0002:00000090       __imp__PcAddAdapterDevice@20 00013190     portcls:portcls.sys
 0002:00000094       __imp__PcInitializeAdapterDriver@12 00013194     portcls:portcls.sys
 0002:00000098       __imp__PcNewResourceSublist@20 00013198     portcls:portcls.sys
 0002:0000009c       __imp__PcNewInterruptSync@20 0001319c     portcls:portcls.sys
 0002:000000a0       __imp__PcNewRegistryKey@36 000131a0     portcls:portcls.sys
 0002:000000a4       __imp__PcNewServiceGroup@8 000131a4     portcls:portcls.sys
 0002:000000a8       __imp__PcRegisterAdapterPowerManagement@8 000131a8     portcls:portcls.sys
 0002:000000ac       \177portcls_NULL_THUNK_DATA 000131ac     portcls:portcls.sys
 0002:00000108       _IID_IAdapterCommon        00013208     adapter.obj
 0002:00000118       _CLSID_MiniportDriverFmSynth 00013218     adapter.obj
 0002:00000128       _CLSID_PortWaveCyclic      00013228     adapter.obj
 0002:00000138       _CLSID_PortTopology        00013238     adapter.obj
 0002:00000148       _CLSID_PortMidi            00013248     adapter.obj
 0002:00000158       _IID_IAdapterPowerManagment 00013258     adapter.obj
 0002:00000168       _IID_IMiniportWaveCyclicStream 00013268     adapter.obj
 0002:00000178       _IID_IMiniportWaveCyclic   00013278     adapter.obj
 0002:00000188       _IID_IPortWaveCyclic       00013288     adapter.obj
 0002:00000198       _IID_IMiniportTopology     00013298     adapter.obj
 0002:000001a8       _IID_IDmaChannel           000132a8     adapter.obj
 0002:000001b8       _IID_IMiniport             000132b8     adapter.obj
 0002:000001c8       _IID_IUnknown              000132c8     adapter.obj
 0002:000001d8       ??_C@_1BE@FFBG@?$AAU?$AAs?$AAe?$AAD?$AAm?$AAa?$AAP?$AAo?$AAs?$AA?$AA@ 000132d8     common.obj
 0002:000001ec       ??_C@_1CA@DADJ@?$AAU?$AAs?$AAe?$AAD?$AAi?$AAs?$AAa?$AAb?$AAl?$AAe?$AAd?$AAP?$AAi?$AAn?$AAs?$AA?$AA@ 000132ec     common.obj
 0002:0000020c       ??_C@_1BC@MBIB@?$AAU?$AAs?$AAe?$AAS?$AAP?$AAD?$AAI?$AAF?$AA?$AA@ 0001330c     common.obj
 0002:00000220       ??_C@_1BE@ONOC@?$AAU?$AAs?$AAe?$AAA?$AAl?$AAt?$AAO?$AAu?$AAt?$AA?$AA@ 00013320     common.obj
 0002:00000234       ??_C@_1BO@LMMA@?$AAS?$AAk?$AAi?$AAp?$AAC?$AAo?$AAd?$AAe?$AAc?$AAR?$AAe?$AAs?$AAe?$AAt?$AA?$AA@ 00013334     common.obj
 0002:00000254       ??_C@_1CI@JKGI@?$AAS?$AAk?$AAi?$AAp?$AAC?$AAo?$AAn?$AAt?$AAr?$AAo?$AAl?$AAl?$AAe?$AAr?$AAR?$AAe?$AAs?$AAe?$AAt?$AA?$AA@ 00013354     common.obj
 0002:0000027c       ??_C@_1BE@ENEK@?$AAR?$AAi?$AAg?$AAh?$AAt?$AAB?$AAa?$AAs?$AAs?$AA?$AA@ 0001337c     common.obj
 0002:00000290       ??_C@_1BC@JMJO@?$AAL?$AAe?$AAf?$AAt?$AAB?$AAa?$AAs?$AAs?$AA?$AA@ 00013390     common.obj
 0002:000002a4       ??_C@_1BI@KGAJ@?$AAR?$AAi?$AAg?$AAh?$AAt?$AAT?$AAr?$AAe?$AAb?$AAl?$AAe?$AA?$AA@ 000133a4     common.obj
 0002:000002bc       ??_C@_1BG@BGGD@?$AAL?$AAe?$AAf?$AAt?$AAT?$AAr?$AAe?$AAb?$AAl?$AAe?$AA?$AA@ 000133bc     common.obj
 0002:000002d4       ??_C@_1O@IECC@?$AAM?$AAi?$AAc?$AAA?$AAG?$AAC?$AA?$AA@ 000133d4     common.obj
 0002:000002e4       ??_C@_1CA@EJHI@?$AAR?$AAi?$AAg?$AAh?$AAt?$AAO?$AAu?$AAt?$AAp?$AAu?$AAt?$AAG?$AAa?$AAi?$AAn?$AA?$AA@ 000133e4     common.obj
 0002:00000304       ??_C@_1BO@PPLI@?$AAL?$AAe?$AAf?$AAt?$AAO?$AAu?$AAt?$AAp?$AAu?$AAt?$AAG?$AAa?$AAi?$AAn?$AA?$AA@ 00013404     common.obj
 0002:00000324       ??_C@_1BO@PMCJ@?$AAR?$AAi?$AAg?$AAh?$AAt?$AAI?$AAn?$AAp?$AAu?$AAt?$AAG?$AAa?$AAi?$AAn?$AA?$AA@ 00013424     common.obj
 0002:00000344       ??_C@_1BM@CFEM@?$AAL?$AAe?$AAf?$AAt?$AAI?$AAn?$AAp?$AAu?$AAt?$AAG?$AAa?$AAi?$AAn?$AA?$AA@ 00013444     common.obj
 0002:00000360       ??_C@_1CA@CIKM@?$AAR?$AAi?$AAg?$AAh?$AAt?$AAI?$AAn?$AAp?$AAu?$AAt?$AAM?$AAi?$AAx?$AAe?$AAr?$AA?$AA@ 00013460     common.obj
 0002:00000380       ??_C@_1BO@JOGM@?$AAL?$AAe?$AAf?$AAt?$AAI?$AAn?$AAp?$AAu?$AAt?$AAM?$AAi?$AAx?$AAe?$AAr?$AA?$AA@ 00013480     common.obj
 0002:000003a0       ??_C@_1BI@BMOJ@?$AAO?$AAu?$AAt?$AAp?$AAu?$AAt?$AAM?$AAi?$AAx?$AAe?$AAr?$AA?$AA@ 000134a0     common.obj
 0002:000003b8       ??_C@_1BE@GLOL@?$AAP?$AAc?$AAS?$AAp?$AAk?$AAr?$AAV?$AAo?$AAl?$AA?$AA@ 000134b8     common.obj
 0002:000003cc       ??_C@_1O@MNBB@?$AAM?$AAi?$AAc?$AAV?$AAo?$AAl?$AA?$AA@ 000134cc     common.obj
 0002:000003dc       ??_C@_1BO@HCKE@?$AAR?$AAi?$AAg?$AAh?$AAt?$AAL?$AAi?$AAn?$AAe?$AAI?$AAn?$AAV?$AAo?$AAl?$AA?$AA@ 000134dc     common.obj
 0002:000003fc       ??_C@_1BM@KLMB@?$AAL?$AAe?$AAf?$AAt?$AAL?$AAi?$AAn?$AAe?$AAI?$AAn?$AAV?$AAo?$AAl?$AA?$AA@ 000134fc     common.obj
 0002:00000418       ??_C@_1BG@COJL@?$AAR?$AAi?$AAg?$AAh?$AAt?$AAC?$AAD?$AAV?$AAo?$AAl?$AA?$AA@ 00013518     common.obj
 0002:00000430       ??_C@_1BE@KMKA@?$AAL?$AAe?$AAf?$AAt?$AAC?$AAD?$AAV?$AAo?$AAl?$AA?$AA@ 00013530     common.obj
 0002:00000444       ??_C@_1BK@JCIM@?$AAR?$AAi?$AAg?$AAh?$AAt?$AAM?$AAi?$AAd?$AAi?$AAV?$AAo?$AAl?$AA?$AA@ 00013544     common.obj
 0002:00000460       ??_C@_1BI@KBIJ@?$AAL?$AAe?$AAf?$AAt?$AAM?$AAi?$AAd?$AAi?$AAV?$AAo?$AAl?$AA?$AA@ 00013560     common.obj
 0002:00000478       ??_C@_1BK@MFCG@?$AAR?$AAi?$AAg?$AAh?$AAt?$AAW?$AAa?$AAv?$AAe?$AAV?$AAo?$AAl?$AA?$AA@ 00013578     common.obj
 0002:00000494       ??_C@_1BI@PGCD@?$AAL?$AAe?$AAf?$AAt?$AAW?$AAa?$AAv?$AAe?$AAV?$AAo?$AAl?$AA?$AA@ 00013594     common.obj
 0002:000004ac       ??_C@_1BO@NHA@?$AAR?$AAi?$AAg?$AAh?$AAt?$AAM?$AAa?$AAs?$AAt?$AAe?$AAr?$AAV?$AAo?$AAl?$AA?$AA@ 000135ac     common.obj
 0002:000004cc       ??_C@_1BM@NEBF@?$AAL?$AAe?$AAf?$AAt?$AAM?$AAa?$AAs?$AAt?$AAe?$AAr?$AAV?$AAo?$AAl?$AA?$AA@ 000135cc     common.obj
 0002:000004e8       ??_7CAdapterCommon@@6BIAdapterPowerManagement@@@ 000135e8     common.obj
 0002:00000500       ??_7CAdapterCommon@@6BIAdapterCommon@@@ 00013600     common.obj
 0002:00000568       ??_7CAdapterCommon@@6BCUnknown@@@ 00013668     common.obj
 0002:00000640       ??_7CMiniportTopologyHDA@@6BIMiniportTopology@@@ 00013740     mintopo.obj
 0002:00000658       ??_7CMiniportTopologyHDA@@6BCUnknown@@@ 00013758     mintopo.obj
 0002:00000668       ??_7CMiniportWaveCyclicHDA@@6BIMiniportWaveCyclic@@@ 00013768     minwave.obj
 0002:00000684       ??_7CMiniportWaveCyclicHDA@@6BCUnknown@@@ 00013784     minwave.obj
 0002:00000694       ??_C@_09BAJA@SSE2?5?$CFd?5?6?$AA@ 00013794     minwave.obj
 0002:000006a0       ??_7CMyDmaChannel@@6B@     000137a0     minwave.obj
 0002:000006dc       ??_C@_0DG@LDEH@Aligned?5DMA?5view?5invalid?5?$CIoff?$DN?$CFl@ 000137dc     minwave.obj
 0002:00000714       ??_7CMiniportWaveCyclicStreamHDA@@6BIMiniportWaveCyclicStream@@@ 00013814     minwave.obj
 0002:00000738       ??_7CMiniportWaveCyclicStreamHDA@@6BCUnknown@@@ 00013838     minwave.obj
 0002:00000748       ??_7CUnknown@@6B@          00013848     stdunk:stdunk.obj
 0002:00000758       ??_C@_0BB@CHNF@m_lRefCount?5?$DO?$DN?50?$AA@ 00013858     stdunk:stdunk.obj
 0002:0000076c       ??_C@_0N@DIKJ@?4?2stdunk?4cpp?$AA@ 0001386c     stdunk:stdunk.obj
 0002:0000077c       ??_C@_0BA@HPDB@m_lRefCount?5?$DO?50?$AA@ 0001387c     stdunk:stdunk.obj
 0002:0000078c       ??_C@_06DPDC@ppVoid?$AA@   0001388c     stdunk:stdunk.obj
 0003:00000000       __GUID_b7902fe9_fb0a_11d1_81b0_0060083316c1 000138a0     adapter.obj
 0003:00000010       __GUID_d3f0ce1c_fffc_11d1_81b0_0060083316c1 000138b0     adapter.obj
 0003:00000020       __GUID_c096df9c_fb09_11d1_81b0_0060083316c1 000138c0     adapter.obj
 0003:00000138       ?audBufSize@@3KA           000139d8     common.obj
 0003:0000013c       ?BdlSize@@3KA              000139dc     common.obj
 0003:00000838       __GUID_185fedf6_9905_11d1_95a9_00c04fb925d3 000140d8     mintopo.obj
 0003:00000848       __GUID_185fedef_9905_11d1_95a9_00c04fb925d3 000140e8     mintopo.obj
 0003:00000858       __GUID_185fede1_9905_11d1_95a9_00c04fb925d3 000140f8     mintopo.obj
 0003:00000868       __GUID_185fede0_9905_11d1_95a9_00c04fb925d3 00014108     mintopo.obj
 0003:00000878       __GUID_7607e580_c557_11d0_8a2b_00a0c9255ac1 00014118     mintopo.obj
 0003:00000888       __GUID_185fede3_9905_11d1_95a9_00c04fb925d3 00014128     mintopo.obj
 0003:00000898       __GUID_da441a60_c556_11d0_8a2b_00a0c9255ac1 00014138     mintopo.obj
 0003:000008a8       __GUID_185fedee_9905_11d1_95a9_00c04fb925d3 00014148     mintopo.obj
 0003:000008b8       __GUID_02b223c0_c557_11d0_8a2b_00a0c9255ac1 00014158     mintopo.obj
 0003:000008c8       __GUID_185feded_9905_11d1_95a9_00c04fb925d3 00014168     mintopo.obj
 0003:000008d8       __GUID_e88c9ba0_c557_11d0_8a2b_00a0c9255ac1 00014178     mintopo.obj
 0003:000008e8       __GUID_185fedec_9905_11d1_95a9_00c04fb925d3 00014188     mintopo.obj
 0003:000008f8       __GUID_185fedeb_9905_11d1_95a9_00c04fb925d3 00014198     mintopo.obj
 0003:00000908       __GUID_185fedea_9905_11d1_95a9_00c04fb925d3 000141a8     mintopo.obj
 0003:00000918       __GUID_185fede9_9905_11d1_95a9_00c04fb925d3 000141b8     mintopo.obj
 0003:00000928       __GUID_185fede8_9905_11d1_95a9_00c04fb925d3 000141c8     mintopo.obj
 0003:00000938       __GUID_e573adc0_c555_11d0_8a2b_00a0c9255ac1 000141d8     mintopo.obj
 0003:00000948       __GUID_185fede7_9905_11d1_95a9_00c04fb925d3 000141e8     mintopo.obj
 0003:00000958       __GUID_185fede5_9905_11d1_95a9_00c04fb925d3 000141f8     mintopo.obj
 0003:00000968       __GUID_3a5acc00_c557_11d0_8a2b_00a0c9255ac1 00014208     mintopo.obj
 0003:00000978       __GUID_45ffaaa0_6e1b_11d0_bcf2_444553540000 00014218     mintopo.obj
 0003:00000988       __GUID_6994ad04_93ef_11d0_a3cc_00a0c9223196 00014228     mintopo.obj
 0003:00000998       __GUID_185fedf7_9905_11d1_95a9_00c04fb925d3 00014238     mintopo.obj
 0003:000009a8       __GUID_dff21ce1_f70f_11d0_b917_00a0c9223196 00014248     mintopo.obj
 0003:000009b8       __GUID_dff21be1_f70f_11d0_b917_00a0c9223196 00014258     mintopo.obj
 0003:000009c8       __GUID_185fedf9_9905_11d1_95a9_00c04fb925d3 00014268     mintopo.obj
 0003:000009d8       __GUID_dff21fe3_f70f_11d0_b917_00a0c9223196 00014278     mintopo.obj
 0003:000009e8       __GUID_185fedfb_9905_11d1_95a9_00c04fb925d3 00014288     mintopo.obj
 0003:000009f8       __GUID_dff220e3_f70f_11d0_b917_00a0c9223196 00014298     mintopo.obj
 0003:00000a08       __GUID_185fedf8_9905_11d1_95a9_00c04fb925d3 000142a8     mintopo.obj
 0003:00000a18       __GUID_dff220f3_f70f_11d0_b917_00a0c9223196 000142b8     mintopo.obj
 0003:00000a28       __GUID_dff21fe4_f70f_11d0_b917_00a0c9223196 000142c8     mintopo.obj
 0003:00000a38       __GUID_97e99ba0_bdea_11cf_a5d6_28db04c10000 000142d8     mintopo.obj
 0003:00000c80       __GUID_507ae360_c554_11d0_8a2b_00a0c9255ac1 00014520     minwave.obj
 0003:00000c90       __GUID_4d837fe0_c555_11d0_8a2b_00a0c9255ac1 00014530     minwave.obj
 0003:00000ca0       __GUID_185fedfa_9905_11d1_95a9_00c04fb925d3 00014540     minwave.obj
 0003:00000cb0       __GUID_fb6c4281_0353_11d1_905f_0000c0cc16ba 00014550     minwave.obj
 0003:00000cc0       __GUID_05589f81_c356_11ce_bf01_00aa0055595a 00014560     minwave.obj
 0003:00000cd0       __GUID_00000001_0000_0010_8000_00aa00389b71 00014570     minwave.obj
 0003:00000ce0       __GUID_73647561_0000_0010_8000_00aa00389b71 00014580     minwave.obj
 0003:00000cf0       __GUID_0f6417d6_c318_11d0_a43f_00a0c9223196 00014590     minwave.obj
 0003:00000d00       __GUID_518590a2_a184_11d0_8522_00c04fd9baf3 000145a0     minwave.obj
 0003:00000d10       ?PDO@@3PAU_DEVICE_OBJECT@@A 000145b0     adapter.obj
 0003:00000d18       __GUID_00000000_0000_0000_0000_000000000000 000145b8     adapter.obj
 0004:00000000       _AddDevice@8               000145e0 f   adapter.obj
 0004:00000020       ?InstallSubdevice@@YGJPAU_DEVICE_OBJECT@@PAU_IRP@@PAGABU_GUID@@3P6GJPAPAUIUnknown@@3PAU4@W4_POOL_TYPE@@@Z5PAUIResourceList@@344@Z 00014600 f   adapter.obj
 0004:00000126       ?StartDevice@@YGJPAU_DEVICE_OBJECT@@PAU_IRP@@PAUIResourceList@@@Z 00014706 f   adapter.obj
 0004:0000037a       ?AssignResources@@YGJPAUIResourceList@@PAPAU1@11111@Z 0001495a f   adapter.obj
 0004:00000528       ?NewAdapterCommon@@YGJPAPAUIUnknown@@ABU_GUID@@PAU1@W4_POOL_TYPE@@@Z 00014b08 f   common.obj
 0004:00000819       ?Init@CAdapterCommon@@UAGJPAUIResourceList@@PAU_DEVICE_OBJECT@@1@Z 00014df9 f   common.obj
 0004:0000115a       ??1CAdapterCommon@@UAE@XZ  0001573a f   common.obj
 0004:000012d2       ?NonDelegatingQueryInterface@CAdapterCommon@@UAGJABU_GUID@@PAPAX@Z 000158b2 f   common.obj
 0004:00001392       ?WavePortDriverDest@CAdapterCommon@@UAGPAPAUIUnknown@@XZ 00015972 f   common.obj
 0004:0000139e       ?GetInterruptSync@CAdapterCommon@@UAGPAUIInterruptSync@@XZ 0001597e f   common.obj
 0004:000013ac       ?GetDeviceDescription@CAdapterCommon@@UAGPAU_DEVICE_DESCRIPTION@@XZ 0001598c f   common.obj
 0004:000013b6       ?MidiPortDriverDest@CAdapterCommon@@UAGPAPAUIUnknown@@XZ 00015996 f   common.obj
 0004:000013c2       ?SetWaveServiceGroup@CAdapterCommon@@UAGXPAUIServiceGroup@@@Z 000159a2 f   common.obj
 0004:0000140e       ?InitHDAController@CAdapterCommon@@QAGJXZ 000159ee f   common.obj
 0004:000018a2       ?TryInitializeCodecSlot@CAdapterCommon@@AAGXEKPBDPAJ@Z 00015e82 f   common.obj
 0004:00001996       ?ReadRegistryBoolean@CAdapterCommon@@AAGEPBGE@Z 00015f76 f   common.obj
 0004:00001a72       ?CreateMiniportTopologyHDA@@YGJPAPAUIUnknown@@ABU_GUID@@PAU1@W4_POOL_TYPE@@@Z 00016052 f   mintopo.obj
 0004:00001ad2       ?ProcessResources@CMiniportTopologyHDA@@AAEJPAUIResourceList@@@Z 000160b2 f   mintopo.obj
 0004:00001af6       ?NonDelegatingQueryInterface@CMiniportTopologyHDA@@UAGJABU_GUID@@PAPAX@Z 000160d6 f   mintopo.obj
 0004:00001ba4       ??1CMiniportTopologyHDA@@UAE@XZ 00016184 f   mintopo.obj
 0004:00001be8       ?Init@CMiniportTopologyHDA@@UAGJPAUIUnknown@@PAUIResourceList@@PAUIPortTopology@@@Z 000161c8 f   mintopo.obj
 0004:00001c4a       ?GetDescription@CMiniportTopologyHDA@@UAGJPAPAUPCFILTER_DESCRIPTOR@@@Z 0001622a f   mintopo.obj
 0004:0000246e       ?CreateMiniportWaveCyclicHDA@@YGJPAPAUIUnknown@@ABU_GUID@@PAU1@W4_POOL_TYPE@@@Z 00016a4e f   minwave.obj
 0004:000024ce       ?ProcessResources@CMiniportWaveCyclicHDA@@AAEJPAUIResourceList@@@Z 00016aae f   minwave.obj
 0004:000025dc       ?ValidateFormat@CMiniportWaveCyclicHDA@@AAEJPATKSDATAFORMAT@@@Z 00016bbc f   minwave.obj
 0004:000026c6       ?NonDelegatingQueryInterface@CMiniportWaveCyclicHDA@@UAGJABU_GUID@@PAPAX@Z 00016ca6 f   minwave.obj
 0004:00002774       ??1CMiniportWaveCyclicHDA@@UAE@XZ 00016d54 f   minwave.obj
 0004:000027c8       ?Init@CMiniportWaveCyclicHDA@@UAGJPAUIUnknown@@PAUIResourceList@@PAUIPortWaveCyclic@@@Z 00016da8 f   minwave.obj
 0004:00002870       ?GetDescription@CMiniportWaveCyclicHDA@@UAGJPAPAUPCFILTER_DESCRIPTOR@@@Z 00016e50 f   minwave.obj
 0004:00002880       ?DataRangeIntersection@CMiniportWaveCyclicHDA@@UAGJKPATKSDATAFORMAT@@0KPAXPAK@Z 00016e60 f   minwave.obj
 0004:00002ad6       ?NewStream@CMiniportWaveCyclicHDA@@UAGJPAPAUIMiniportWaveCyclicStream@@PAUIUnknown@@W4_POOL_TYPE@@KEPATKSDATAFORMAT@@PAPAUIDmaChannel@@PAPAUIServiceGroup@@@Z 000170b6 f   minwave.obj
 0004:00002c16       ?NonDelegatingQueryInterface@CMiniportWaveCyclicStreamHDA@@UAGJABU_GUID@@PAPAX@Z 000171f6 f   minwave.obj
 0004:00002c9e       ??1CMiniportWaveCyclicStreamHDA@@UAE@XZ 0001727e f   minwave.obj
 0004:00002d14       ?Init@CMiniportWaveCyclicStreamHDA@@QAEJPAVCMiniportWaveCyclicHDA@@KEPATKSDATAFORMAT@@PAUIDmaChannel@@@Z 000172f4 f   minwave.obj
 0004:00002daa       ?SetNotificationFreq@CMiniportWaveCyclicStreamHDA@@UAGKKPAK@Z 0001738a f   minwave.obj
 0004:00002dea       ?SetFormat@CMiniportWaveCyclicStreamHDA@@UAGJPATKSDATAFORMAT@@@Z 000173ca f   minwave.obj
 0004:00002e76       ?SetState@CMiniportWaveCyclicStreamHDA@@UAGJW4KSSTATE@@@Z 00017456 f   minwave.obj
 0005:00000000       _DriverEntry@8             000174c0 f   adapter.obj
 0005:00000018       __IMPORT_DESCRIPTOR_ntoskrnl 000174d8     ntoskrnl:ntoskrnl.exe
 0005:0000002c       __IMPORT_DESCRIPTOR_HAL    000174ec     hal:HAL.dll
 0005:00000040       __IMPORT_DESCRIPTOR_portcls 00017500     portcls:portcls.sys
 0005:00000054       __NULL_IMPORT_DESCRIPTOR   00017514     ntoskrnl:ntoskrnl.exe

 entry point at        0005:00000000

 Static symbols

 0004:00001c5a       ?PropertyHandler_OnOff@@YGJPAU_PCPROPERTY_REQUEST@@@Z 0001623a f   mintopo.obj
 0004:00001df8       ?PropertyHandler_SuperMixCaps@@YGJPAU_PCPROPERTY_REQUEST@@@Z 000163d8 f   mintopo.obj
 0004:00001fd2       ?PropertyHandler_SuperMixTable@@YGJPAU_PCPROPERTY_REQUEST@@@Z 000165b2 f   mintopo.obj
 0004:000022ee       ?PropertyHandler_CpuResources@@YGJPAU_PCPROPERTY_REQUEST@@@Z 000168ce f   mintopo.obj
 0001:00002280       ?PropertyHandler_Level@@YGJPAU_PCPROPERTY_REQUEST@@@Z 00012560 f   mintopo.obj
 0004:0000237a       ?BasicSupportHandler@@YGJPAU_PCPROPERTY_REQUEST@@@Z 0001695a f   mintopo.obj
 0001:00000064       ?AllocateAlignedCommonBuffer@@YGJPAU_DMA_ADAPTER@@KKPAU_HDA_DMA_COMMON_BUFFER@@@Z 00010344 f   common.obj
 0001:00000158       ?ResetCommonBufferDescriptor@@YGXPAU_HDA_DMA_COMMON_BUFFER@@@Z 00010438 f   common.obj
 0001:00000168       ?FreeAlignedCommonBuffer@@YGXPAU_DMA_ADAPTER@@PAU_HDA_DMA_COMMON_BUFFER@@@Z 00010448 f   common.obj

 309 bytes saved through ICF

